[VMEM] WARNING: physical memory size is smaller than virtual memory size.

*** ChampSim Multicore Out-of-Order Simulator ***
Warmup Instructions: 10000000
Simulation Instructions: 50000000
Number of CPUs: 1
Page size: 4096
Core 0: traces/bc-12.trace.gz
Off-chip DRAM Size: 64 GiB Channels: 1 Width: 64-bit Data Rate: 800 MT/s
Heartbeat CPU 0 instructions: 500001 cycles: 508754 heartbeat IPC: 0.9828 cumulative IPC: 0.9828 (Simulation time: 00 hr 00 min 02 sec)
Heartbeat CPU 0 instructions: 1000001 cycles: 1015185 heartbeat IPC: 0.9873 cumulative IPC: 0.985 (Simulation time: 00 hr 00 min 04 sec)
Heartbeat CPU 0 instructions: 1500001 cycles: 1521375 heartbeat IPC: 0.9878 cumulative IPC: 0.986 (Simulation time: 00 hr 00 min 07 sec)
Heartbeat CPU 0 instructions: 2000002 cycles: 1874959 heartbeat IPC: 1.414 cumulative IPC: 1.067 (Simulation time: 00 hr 00 min 08 sec)
Heartbeat CPU 0 instructions: 2500008 cycles: 1984892 heartbeat IPC: 4.548 cumulative IPC: 1.26 (Simulation time: 00 hr 00 min 10 sec)
Heartbeat CPU 0 instructions: 3000013 cycles: 2088307 heartbeat IPC: 4.835 cumulative IPC: 1.437 (Simulation time: 00 hr 00 min 11 sec)
Heartbeat CPU 0 instructions: 3500019 cycles: 2199950 heartbeat IPC: 4.479 cumulative IPC: 1.591 (Simulation time: 00 hr 00 min 12 sec)
Heartbeat CPU 0 instructions: 4000023 cycles: 2304163 heartbeat IPC: 4.798 cumulative IPC: 1.736 (Simulation time: 00 hr 00 min 13 sec)
Heartbeat CPU 0 instructions: 4500027 cycles: 2415339 heartbeat IPC: 4.497 cumulative IPC: 1.863 (Simulation time: 00 hr 00 min 14 sec)
Heartbeat CPU 0 instructions: 5000027 cycles: 2519756 heartbeat IPC: 4.788 cumulative IPC: 1.984 (Simulation time: 00 hr 00 min 15 sec)
Heartbeat CPU 0 instructions: 5500033 cycles: 2629899 heartbeat IPC: 4.54 cumulative IPC: 2.091 (Simulation time: 00 hr 00 min 17 sec)
Heartbeat CPU 0 instructions: 6000034 cycles: 2736584 heartbeat IPC: 4.687 cumulative IPC: 2.193 (Simulation time: 00 hr 00 min 18 sec)
Heartbeat CPU 0 instructions: 6500039 cycles: 2847805 heartbeat IPC: 4.496 cumulative IPC: 2.282 (Simulation time: 00 hr 00 min 19 sec)
Heartbeat CPU 0 instructions: 7000042 cycles: 2954509 heartbeat IPC: 4.686 cumulative IPC: 2.369 (Simulation time: 00 hr 00 min 20 sec)
Heartbeat CPU 0 instructions: 7500045 cycles: 3060912 heartbeat IPC: 4.699 cumulative IPC: 2.45 (Simulation time: 00 hr 00 min 21 sec)
Heartbeat CPU 0 instructions: 8000048 cycles: 3171495 heartbeat IPC: 4.522 cumulative IPC: 2.522 (Simulation time: 00 hr 00 min 22 sec)
Heartbeat CPU 0 instructions: 8500054 cycles: 3277040 heartbeat IPC: 4.737 cumulative IPC: 2.594 (Simulation time: 00 hr 00 min 23 sec)
Heartbeat CPU 0 instructions: 9000055 cycles: 3384205 heartbeat IPC: 4.666 cumulative IPC: 2.659 (Simulation time: 00 hr 00 min 25 sec)
Heartbeat CPU 0 instructions: 9500058 cycles: 3494570 heartbeat IPC: 4.53 cumulative IPC: 2.719 (Simulation time: 00 hr 00 min 26 sec)
Warmup finished CPU 0 instructions: 10000007 cycles: 3599716 cumulative IPC: 2.778 (Simulation time: 00 hr 00 min 27 sec)
Warmup complete CPU 0 instructions: 10000007 cycles: 3599716 cumulative IPC: 2.778 (Simulation time: 00 hr 00 min 27 sec)
Heartbeat CPU 0 instructions: 10000059 cycles: 3599724 heartbeat IPC: 4.755 cumulative IPC: 6.5 (Simulation time: 00 hr 00 min 27 sec)
Heartbeat CPU 0 instructions: 10500062 cycles: 6728433 heartbeat IPC: 0.1598 cumulative IPC: 0.1598 (Simulation time: 00 hr 00 min 37 sec)
Heartbeat CPU 0 instructions: 11000062 cycles: 9789343 heartbeat IPC: 0.1634 cumulative IPC: 0.1616 (Simulation time: 00 hr 00 min 47 sec)
Heartbeat CPU 0 instructions: 11500065 cycles: 12866773 heartbeat IPC: 0.1625 cumulative IPC: 0.1619 (Simulation time: 00 hr 00 min 57 sec)
Heartbeat CPU 0 instructions: 12000065 cycles: 15916874 heartbeat IPC: 0.1639 cumulative IPC: 0.1624 (Simulation time: 00 hr 01 min 06 sec)
Heartbeat CPU 0 instructions: 12500072 cycles: 18935472 heartbeat IPC: 0.1656 cumulative IPC: 0.163 (Simulation time: 00 hr 01 min 16 sec)
Heartbeat CPU 0 instructions: 13000074 cycles: 22000952 heartbeat IPC: 0.1631 cumulative IPC: 0.163 (Simulation time: 00 hr 01 min 26 sec)
Heartbeat CPU 0 instructions: 13500074 cycles: 25140151 heartbeat IPC: 0.1593 cumulative IPC: 0.1625 (Simulation time: 00 hr 01 min 36 sec)
Heartbeat CPU 0 instructions: 14000074 cycles: 28266932 heartbeat IPC: 0.1599 cumulative IPC: 0.1622 (Simulation time: 00 hr 01 min 45 sec)
Heartbeat CPU 0 instructions: 14500077 cycles: 31403781 heartbeat IPC: 0.1594 cumulative IPC: 0.1618 (Simulation time: 00 hr 01 min 55 sec)
Heartbeat CPU 0 instructions: 15000080 cycles: 34587635 heartbeat IPC: 0.157 cumulative IPC: 0.1614 (Simulation time: 00 hr 02 min 05 sec)
Heartbeat CPU 0 instructions: 15500082 cycles: 37738464 heartbeat IPC: 0.1587 cumulative IPC: 0.1611 (Simulation time: 00 hr 02 min 15 sec)
Heartbeat CPU 0 instructions: 16000084 cycles: 40983093 heartbeat IPC: 0.1541 cumulative IPC: 0.1605 (Simulation time: 00 hr 02 min 26 sec)
Heartbeat CPU 0 instructions: 16500084 cycles: 44080319 heartbeat IPC: 0.1614 cumulative IPC: 0.1606 (Simulation time: 00 hr 02 min 35 sec)
Heartbeat CPU 0 instructions: 17000084 cycles: 47281698 heartbeat IPC: 0.1562 cumulative IPC: 0.1603 (Simulation time: 00 hr 02 min 45 sec)
Heartbeat CPU 0 instructions: 17500085 cycles: 50488959 heartbeat IPC: 0.1559 cumulative IPC: 0.16 (Simulation time: 00 hr 02 min 55 sec)
Heartbeat CPU 0 instructions: 18000089 cycles: 53649213 heartbeat IPC: 0.1582 cumulative IPC: 0.1598 (Simulation time: 00 hr 03 min 06 sec)
Heartbeat CPU 0 instructions: 18500094 cycles: 56843804 heartbeat IPC: 0.1565 cumulative IPC: 0.1596 (Simulation time: 00 hr 03 min 16 sec)
Heartbeat CPU 0 instructions: 19000099 cycles: 60094350 heartbeat IPC: 0.1538 cumulative IPC: 0.1593 (Simulation time: 00 hr 03 min 26 sec)
Heartbeat CPU 0 instructions: 19500099 cycles: 63183859 heartbeat IPC: 0.1618 cumulative IPC: 0.1594 (Simulation time: 00 hr 03 min 35 sec)
Heartbeat CPU 0 instructions: 20000100 cycles: 66261276 heartbeat IPC: 0.1625 cumulative IPC: 0.1596 (Simulation time: 00 hr 03 min 45 sec)
Heartbeat CPU 0 instructions: 20500101 cycles: 69353900 heartbeat IPC: 0.1617 cumulative IPC: 0.1597 (Simulation time: 00 hr 03 min 55 sec)
Heartbeat CPU 0 instructions: 21000105 cycles: 72485177 heartbeat IPC: 0.1597 cumulative IPC: 0.1597 (Simulation time: 00 hr 04 min 05 sec)
Heartbeat CPU 0 instructions: 21500106 cycles: 75724471 heartbeat IPC: 0.1544 cumulative IPC: 0.1594 (Simulation time: 00 hr 04 min 15 sec)
Heartbeat CPU 0 instructions: 22000107 cycles: 78871683 heartbeat IPC: 0.1589 cumulative IPC: 0.1594 (Simulation time: 00 hr 04 min 25 sec)
Heartbeat CPU 0 instructions: 22500107 cycles: 81997437 heartbeat IPC: 0.16 cumulative IPC: 0.1594 (Simulation time: 00 hr 04 min 35 sec)
Heartbeat CPU 0 instructions: 23000107 cycles: 85105510 heartbeat IPC: 0.1609 cumulative IPC: 0.1595 (Simulation time: 00 hr 04 min 44 sec)
Heartbeat CPU 0 instructions: 23500107 cycles: 88244024 heartbeat IPC: 0.1593 cumulative IPC: 0.1595 (Simulation time: 00 hr 04 min 54 sec)
Heartbeat CPU 0 instructions: 24000112 cycles: 91402071 heartbeat IPC: 0.1583 cumulative IPC: 0.1595 (Simulation time: 00 hr 05 min 04 sec)
Heartbeat CPU 0 instructions: 24500112 cycles: 94561686 heartbeat IPC: 0.1582 cumulative IPC: 0.1594 (Simulation time: 00 hr 05 min 14 sec)
Heartbeat CPU 0 instructions: 25000114 cycles: 97741696 heartbeat IPC: 0.1572 cumulative IPC: 0.1593 (Simulation time: 00 hr 05 min 24 sec)
Heartbeat CPU 0 instructions: 25500115 cycles: 100877511 heartbeat IPC: 0.1594 cumulative IPC: 0.1593 (Simulation time: 00 hr 05 min 34 sec)
Heartbeat CPU 0 instructions: 26000122 cycles: 104163803 heartbeat IPC: 0.1521 cumulative IPC: 0.1591 (Simulation time: 00 hr 05 min 44 sec)
Heartbeat CPU 0 instructions: 26500123 cycles: 107341369 heartbeat IPC: 0.1574 cumulative IPC: 0.1591 (Simulation time: 00 hr 05 min 54 sec)
Heartbeat CPU 0 instructions: 27000125 cycles: 110586358 heartbeat IPC: 0.1541 cumulative IPC: 0.1589 (Simulation time: 00 hr 06 min 04 sec)
Heartbeat CPU 0 instructions: 27500127 cycles: 113770472 heartbeat IPC: 0.157 cumulative IPC: 0.1588 (Simulation time: 00 hr 06 min 14 sec)
Heartbeat CPU 0 instructions: 28000131 cycles: 116933731 heartbeat IPC: 0.1581 cumulative IPC: 0.1588 (Simulation time: 00 hr 06 min 24 sec)
Heartbeat CPU 0 instructions: 28500136 cycles: 120064699 heartbeat IPC: 0.1597 cumulative IPC: 0.1588 (Simulation time: 00 hr 06 min 34 sec)
Heartbeat CPU 0 instructions: 29000139 cycles: 123171874 heartbeat IPC: 0.1609 cumulative IPC: 0.1589 (Simulation time: 00 hr 06 min 44 sec)
Heartbeat CPU 0 instructions: 29500141 cycles: 126305337 heartbeat IPC: 0.1596 cumulative IPC: 0.1589 (Simulation time: 00 hr 06 min 53 sec)
Heartbeat CPU 0 instructions: 30000144 cycles: 129435523 heartbeat IPC: 0.1597 cumulative IPC: 0.1589 (Simulation time: 00 hr 07 min 03 sec)
Heartbeat CPU 0 instructions: 30500149 cycles: 132537745 heartbeat IPC: 0.1612 cumulative IPC: 0.159 (Simulation time: 00 hr 07 min 13 sec)
Heartbeat CPU 0 instructions: 31000150 cycles: 135814924 heartbeat IPC: 0.1526 cumulative IPC: 0.1588 (Simulation time: 00 hr 07 min 23 sec)
Heartbeat CPU 0 instructions: 31500154 cycles: 138995950 heartbeat IPC: 0.1572 cumulative IPC: 0.1588 (Simulation time: 00 hr 07 min 33 sec)
Heartbeat CPU 0 instructions: 32000157 cycles: 142150257 heartbeat IPC: 0.1585 cumulative IPC: 0.1588 (Simulation time: 00 hr 07 min 43 sec)
Heartbeat CPU 0 instructions: 32500157 cycles: 145397193 heartbeat IPC: 0.154 cumulative IPC: 0.1587 (Simulation time: 00 hr 07 min 53 sec)
Heartbeat CPU 0 instructions: 33000160 cycles: 148613762 heartbeat IPC: 0.1554 cumulative IPC: 0.1586 (Simulation time: 00 hr 08 min 03 sec)
Heartbeat CPU 0 instructions: 33500162 cycles: 151752019 heartbeat IPC: 0.1593 cumulative IPC: 0.1586 (Simulation time: 00 hr 08 min 13 sec)
Heartbeat CPU 0 instructions: 34000165 cycles: 154888262 heartbeat IPC: 0.1594 cumulative IPC: 0.1586 (Simulation time: 00 hr 08 min 22 sec)
Heartbeat CPU 0 instructions: 34500172 cycles: 158055445 heartbeat IPC: 0.1579 cumulative IPC: 0.1586 (Simulation time: 00 hr 08 min 32 sec)
Heartbeat CPU 0 instructions: 35000172 cycles: 161260410 heartbeat IPC: 0.156 cumulative IPC: 0.1586 (Simulation time: 00 hr 08 min 42 sec)
Heartbeat CPU 0 instructions: 35500173 cycles: 164468826 heartbeat IPC: 0.1558 cumulative IPC: 0.1585 (Simulation time: 00 hr 08 min 52 sec)
Heartbeat CPU 0 instructions: 36000175 cycles: 167678567 heartbeat IPC: 0.1558 cumulative IPC: 0.1585 (Simulation time: 00 hr 09 min 02 sec)
Heartbeat CPU 0 instructions: 36500175 cycles: 170851044 heartbeat IPC: 0.1576 cumulative IPC: 0.1584 (Simulation time: 00 hr 09 min 12 sec)
Heartbeat CPU 0 instructions: 37000179 cycles: 173944955 heartbeat IPC: 0.1616 cumulative IPC: 0.1585 (Simulation time: 00 hr 09 min 22 sec)
Heartbeat CPU 0 instructions: 37500180 cycles: 177093510 heartbeat IPC: 0.1588 cumulative IPC: 0.1585 (Simulation time: 00 hr 09 min 32 sec)
Heartbeat CPU 0 instructions: 38000182 cycles: 180317915 heartbeat IPC: 0.1551 cumulative IPC: 0.1584 (Simulation time: 00 hr 09 min 42 sec)
Heartbeat CPU 0 instructions: 38500183 cycles: 183582186 heartbeat IPC: 0.1532 cumulative IPC: 0.1583 (Simulation time: 00 hr 09 min 52 sec)
Heartbeat CPU 0 instructions: 39000186 cycles: 186740956 heartbeat IPC: 0.1583 cumulative IPC: 0.1583 (Simulation time: 00 hr 10 min 02 sec)
Heartbeat CPU 0 instructions: 39500189 cycles: 189925230 heartbeat IPC: 0.157 cumulative IPC: 0.1583 (Simulation time: 00 hr 10 min 12 sec)
Heartbeat CPU 0 instructions: 40000194 cycles: 193079609 heartbeat IPC: 0.1585 cumulative IPC: 0.1583 (Simulation time: 00 hr 10 min 22 sec)
Heartbeat CPU 0 instructions: 40500195 cycles: 196623037 heartbeat IPC: 0.1411 cumulative IPC: 0.158 (Simulation time: 00 hr 10 min 33 sec)
Heartbeat CPU 0 instructions: 41000196 cycles: 199801870 heartbeat IPC: 0.1573 cumulative IPC: 0.158 (Simulation time: 00 hr 10 min 43 sec)
Heartbeat CPU 0 instructions: 41500201 cycles: 202931380 heartbeat IPC: 0.1598 cumulative IPC: 0.158 (Simulation time: 00 hr 10 min 53 sec)
Heartbeat CPU 0 instructions: 42000205 cycles: 206348485 heartbeat IPC: 0.1463 cumulative IPC: 0.1578 (Simulation time: 00 hr 11 min 03 sec)
Heartbeat CPU 0 instructions: 42500205 cycles: 209499692 heartbeat IPC: 0.1587 cumulative IPC: 0.1578 (Simulation time: 00 hr 11 min 13 sec)
Heartbeat CPU 0 instructions: 43000205 cycles: 212709030 heartbeat IPC: 0.1558 cumulative IPC: 0.1578 (Simulation time: 00 hr 11 min 23 sec)
Heartbeat CPU 0 instructions: 43500207 cycles: 215896408 heartbeat IPC: 0.1569 cumulative IPC: 0.1578 (Simulation time: 00 hr 11 min 33 sec)
Heartbeat CPU 0 instructions: 44000208 cycles: 219062322 heartbeat IPC: 0.1579 cumulative IPC: 0.1578 (Simulation time: 00 hr 11 min 43 sec)
Heartbeat CPU 0 instructions: 44500215 cycles: 222273515 heartbeat IPC: 0.1557 cumulative IPC: 0.1578 (Simulation time: 00 hr 11 min 53 sec)
Heartbeat CPU 0 instructions: 45000215 cycles: 225433276 heartbeat IPC: 0.1582 cumulative IPC: 0.1578 (Simulation time: 00 hr 12 min 03 sec)
Heartbeat CPU 0 instructions: 45500218 cycles: 228604219 heartbeat IPC: 0.1577 cumulative IPC: 0.1578 (Simulation time: 00 hr 12 min 13 sec)
Heartbeat CPU 0 instructions: 46000219 cycles: 231803973 heartbeat IPC: 0.1563 cumulative IPC: 0.1578 (Simulation time: 00 hr 12 min 22 sec)
Heartbeat CPU 0 instructions: 46500220 cycles: 235007535 heartbeat IPC: 0.1561 cumulative IPC: 0.1577 (Simulation time: 00 hr 12 min 32 sec)
Heartbeat CPU 0 instructions: 47000221 cycles: 238150157 heartbeat IPC: 0.1591 cumulative IPC: 0.1577 (Simulation time: 00 hr 12 min 42 sec)
Heartbeat CPU 0 instructions: 47500227 cycles: 241565641 heartbeat IPC: 0.1464 cumulative IPC: 0.1576 (Simulation time: 00 hr 12 min 53 sec)
Heartbeat CPU 0 instructions: 48000228 cycles: 244782585 heartbeat IPC: 0.1554 cumulative IPC: 0.1576 (Simulation time: 00 hr 13 min 03 sec)
Heartbeat CPU 0 instructions: 48500233 cycles: 247974452 heartbeat IPC: 0.1566 cumulative IPC: 0.1575 (Simulation time: 00 hr 13 min 13 sec)
Heartbeat CPU 0 instructions: 49000234 cycles: 251217048 heartbeat IPC: 0.1542 cumulative IPC: 0.1575 (Simulation time: 00 hr 13 min 23 sec)
Heartbeat CPU 0 instructions: 49500238 cycles: 254463402 heartbeat IPC: 0.154 cumulative IPC: 0.1575 (Simulation time: 00 hr 13 min 33 sec)
Heartbeat CPU 0 instructions: 50000238 cycles: 257694581 heartbeat IPC: 0.1547 cumulative IPC: 0.1574 (Simulation time: 00 hr 13 min 43 sec)
Heartbeat CPU 0 instructions: 50500245 cycles: 260914631 heartbeat IPC: 0.1553 cumulative IPC: 0.1574 (Simulation time: 00 hr 13 min 53 sec)
Heartbeat CPU 0 instructions: 51000248 cycles: 264046312 heartbeat IPC: 0.1597 cumulative IPC: 0.1574 (Simulation time: 00 hr 14 min 03 sec)
Heartbeat CPU 0 instructions: 51500254 cycles: 267506269 heartbeat IPC: 0.1445 cumulative IPC: 0.1573 (Simulation time: 00 hr 14 min 14 sec)
Heartbeat CPU 0 instructions: 52000255 cycles: 270737072 heartbeat IPC: 0.1548 cumulative IPC: 0.1572 (Simulation time: 00 hr 14 min 24 sec)
Heartbeat CPU 0 instructions: 52500255 cycles: 273836288 heartbeat IPC: 0.1613 cumulative IPC: 0.1573 (Simulation time: 00 hr 14 min 34 sec)
Heartbeat CPU 0 instructions: 53000255 cycles: 277247384 heartbeat IPC: 0.1466 cumulative IPC: 0.1571 (Simulation time: 00 hr 14 min 44 sec)
Heartbeat CPU 0 instructions: 53500257 cycles: 280384142 heartbeat IPC: 0.1594 cumulative IPC: 0.1572 (Simulation time: 00 hr 14 min 54 sec)
Heartbeat CPU 0 instructions: 54000263 cycles: 283514464 heartbeat IPC: 0.1597 cumulative IPC: 0.1572 (Simulation time: 00 hr 15 min 04 sec)
Heartbeat CPU 0 instructions: 54500263 cycles: 286646095 heartbeat IPC: 0.1597 cumulative IPC: 0.1572 (Simulation time: 00 hr 15 min 13 sec)
Heartbeat CPU 0 instructions: 55000265 cycles: 289837237 heartbeat IPC: 0.1567 cumulative IPC: 0.1572 (Simulation time: 00 hr 15 min 23 sec)
Heartbeat CPU 0 instructions: 55500266 cycles: 293081368 heartbeat IPC: 0.1541 cumulative IPC: 0.1572 (Simulation time: 00 hr 15 min 34 sec)
Heartbeat CPU 0 instructions: 56000271 cycles: 296294826 heartbeat IPC: 0.1556 cumulative IPC: 0.1572 (Simulation time: 00 hr 15 min 44 sec)
Heartbeat CPU 0 instructions: 56500272 cycles: 299440864 heartbeat IPC: 0.1589 cumulative IPC: 0.1572 (Simulation time: 00 hr 15 min 53 sec)
Heartbeat CPU 0 instructions: 57000273 cycles: 302655007 heartbeat IPC: 0.1556 cumulative IPC: 0.1572 (Simulation time: 00 hr 16 min 03 sec)
Heartbeat CPU 0 instructions: 57500280 cycles: 305850491 heartbeat IPC: 0.1565 cumulative IPC: 0.1572 (Simulation time: 00 hr 16 min 13 sec)
Heartbeat CPU 0 instructions: 58000281 cycles: 309245394 heartbeat IPC: 0.1473 cumulative IPC: 0.157 (Simulation time: 00 hr 16 min 24 sec)
Heartbeat CPU 0 instructions: 58500284 cycles: 312506368 heartbeat IPC: 0.1533 cumulative IPC: 0.157 (Simulation time: 00 hr 16 min 34 sec)
Heartbeat CPU 0 instructions: 59000287 cycles: 315633553 heartbeat IPC: 0.1599 cumulative IPC: 0.157 (Simulation time: 00 hr 16 min 44 sec)
Heartbeat CPU 0 instructions: 59500287 cycles: 318769533 heartbeat IPC: 0.1594 cumulative IPC: 0.1571 (Simulation time: 00 hr 16 min 53 sec)
Simulation finished CPU 0 instructions: 50000001 cycles: 318316754 cumulative IPC: 0.1571 (Simulation time: 00 hr 17 min 03 sec)
Simulation complete CPU 0 instructions: 50000001 cycles: 318316754 cumulative IPC: 0.1571 (Simulation time: 00 hr 17 min 03 sec)

ChampSim completed all CPUs

=== Simulation ===
CPU 0 runs traces/bc-12.trace.gz

Region of Interest Statistics

CPU 0 cumulative IPC: 0.1571 instructions: 50000001 cycles: 318316754
CPU 0 Branch Prediction Accuracy: 84.24% MPKI: 27.38 Average ROB Occupancy at Mispredict: 31.34
Branch type MPKI
BRANCH_DIRECT_JUMP: 0
BRANCH_INDIRECT: 0
BRANCH_CONDITIONAL: 27.38
BRANCH_DIRECT_CALL: 0
BRANCH_INDIRECT_CALL: 0
BRANCH_RETURN: 0

cpu0->cpu0_STLB TOTAL        ACCESS:    1668288 HIT:     899348 MISS:     768940 MSHR_MERGE:          0
cpu0->cpu0_STLB LOAD         ACCESS:    1668288 HIT:     899348 MISS:     768940 MSHR_MERGE:          0
cpu0->cpu0_STLB RFO          ACCESS:          0 HIT:          0 MISS:          0 MSHR_MERGE:          0
cpu0->cpu0_STLB PREFETCH     ACCESS:          0 HIT:          0 MISS:          0 MSHR_MERGE:          0
cpu0->cpu0_STLB WRITE        ACCESS:          0 HIT:          0 MISS:          0 MSHR_MERGE:          0
cpu0->cpu0_STLB TRANSLATION  ACCESS:          0 HIT:          0 MISS:          0 MSHR_MERGE:          0
cpu0->cpu0_STLB PREFETCH REQUESTED:          0 ISSUED:          0 USEFUL:          0 USELESS:          0
cpu0->cpu0_STLB AVERAGE MISS LATENCY: 15.9 cycles
cpu0->cpu0_L2C TOTAL        ACCESS:    5923042 HIT:    3520325 MISS:    2402717 MSHR_MERGE:          0
cpu0->cpu0_L2C LOAD         ACCESS:    4106868 HIT:    1731348 MISS:    2375520 MSHR_MERGE:          0
cpu0->cpu0_L2C RFO          ACCESS:      27612 HIT:       2699 MISS:      24913 MSHR_MERGE:          0
cpu0->cpu0_L2C PREFETCH     ACCESS:          0 HIT:          0 MISS:          0 MSHR_MERGE:          0
cpu0->cpu0_L2C WRITE        ACCESS:    1528903 HIT:    1528889 MISS:         14 MSHR_MERGE:          0
cpu0->cpu0_L2C TRANSLATION  ACCESS:     259659 HIT:     257389 MISS:       2270 MSHR_MERGE:          0
cpu0->cpu0_L2C PREFETCH REQUESTED:          0 ISSUED:          0 USEFUL:          0 USELESS:          0
cpu0->cpu0_L2C AVERAGE MISS LATENCY: 212 cycles
cpu0->cpu0_L1I TOTAL        ACCESS:     116820 HIT:     116820 MISS:          0 MSHR_MERGE:          0
cpu0->cpu0_L1I LOAD         ACCESS:     116820 HIT:     116820 MISS:          0 MSHR_MERGE:          0
cpu0->cpu0_L1I RFO          ACCESS:          0 HIT:          0 MISS:          0 MSHR_MERGE:          0
cpu0->cpu0_L1I PREFETCH     ACCESS:          0 HIT:          0 MISS:          0 MSHR_MERGE:          0
cpu0->cpu0_L1I WRITE        ACCESS:          0 HIT:          0 MISS:          0 MSHR_MERGE:          0
cpu0->cpu0_L1I TRANSLATION  ACCESS:          0 HIT:          0 MISS:          0 MSHR_MERGE:          0
cpu0->cpu0_L1I PREFETCH REQUESTED:          0 ISSUED:          0 USEFUL:          0 USELESS:          0
cpu0->cpu0_L1I AVERAGE MISS LATENCY: - cycles
cpu0->cpu0_L1D TOTAL        ACCESS:   18117722 HIT:   13457279 MISS:    4660443 MSHR_MERGE:     266305
cpu0->cpu0_L1D LOAD         ACCESS:   13497298 HIT:    9178159 MISS:    4319139 MSHR_MERGE:     212272
cpu0->cpu0_L1D RFO          ACCESS:          0 HIT:          0 MISS:          0 MSHR_MERGE:          0
cpu0->cpu0_L1D PREFETCH     ACCESS:          0 HIT:          0 MISS:          0 MSHR_MERGE:          0
cpu0->cpu0_L1D WRITE        ACCESS:    3108245 HIT:    3039788 MISS:      68457 MSHR_MERGE:      40844
cpu0->cpu0_L1D TRANSLATION  ACCESS:    1512179 HIT:    1239332 MISS:     272847 MSHR_MERGE:      13189
cpu0->cpu0_L1D PREFETCH REQUESTED:          0 ISSUED:          0 USEFUL:          0 USELESS:          0
cpu0->cpu0_L1D AVERAGE MISS LATENCY: 124.6 cycles
cpu0->cpu0_ITLB TOTAL        ACCESS:     103486 HIT:     103486 MISS:          0 MSHR_MERGE:          0
cpu0->cpu0_ITLB LOAD         ACCESS:     103486 HIT:     103486 MISS:          0 MSHR_MERGE:          0
cpu0->cpu0_ITLB RFO          ACCESS:          0 HIT:          0 MISS:          0 MSHR_MERGE:          0
cpu0->cpu0_ITLB PREFETCH     ACCESS:          0 HIT:          0 MISS:          0 MSHR_MERGE:          0
cpu0->cpu0_ITLB WRITE        ACCESS:          0 HIT:          0 MISS:          0 MSHR_MERGE:          0
cpu0->cpu0_ITLB TRANSLATION  ACCESS:          0 HIT:          0 MISS:          0 MSHR_MERGE:          0
cpu0->cpu0_ITLB PREFETCH REQUESTED:          0 ISSUED:          0 USEFUL:          0 USELESS:          0
cpu0->cpu0_ITLB AVERAGE MISS LATENCY: - cycles
cpu0->cpu0_DTLB TOTAL        ACCESS:   16417960 HIT:   14392961 MISS:    2024999 MSHR_MERGE:     356711
cpu0->cpu0_DTLB LOAD         ACCESS:   16417960 HIT:   14392961 MISS:    2024999 MSHR_MERGE:     356711
cpu0->cpu0_DTLB RFO          ACCESS:          0 HIT:          0 MISS:          0 MSHR_MERGE:          0
cpu0->cpu0_DTLB PREFETCH     ACCESS:          0 HIT:          0 MISS:          0 MSHR_MERGE:          0
cpu0->cpu0_DTLB WRITE        ACCESS:          0 HIT:          0 MISS:          0 MSHR_MERGE:          0
cpu0->cpu0_DTLB TRANSLATION  ACCESS:          0 HIT:          0 MISS:          0 MSHR_MERGE:          0
cpu0->cpu0_DTLB PREFETCH REQUESTED:          0 ISSUED:          0 USEFUL:          0 USELESS:          0
cpu0->cpu0_DTLB AVERAGE MISS LATENCY: 12.79 cycles
cpu0->LLC TOTAL        ACCESS:    3591899 HIT:    1539881 MISS:    2052018 MSHR_MERGE:          0
cpu0->LLC LOAD         ACCESS:    2375520 HIT:     955270 MISS:    1420250 MSHR_MERGE:          0
cpu0->LLC RFO          ACCESS:      24913 HIT:       5348 MISS:      19565 MSHR_MERGE:          0
cpu0->LLC PREFETCH     ACCESS:          0 HIT:          0 MISS:          0 MSHR_MERGE:          0
cpu0->LLC WRITE        ACCESS:    1189196 HIT:     579254 MISS:     609942 MSHR_MERGE:          0
cpu0->LLC TRANSLATION  ACCESS:       2270 HIT:          9 MISS:       2261 MSHR_MERGE:          0
cpu0->LLC PREFETCH REQUESTED:          0 ISSUED:          0 USEFUL:          0 USELESS:          0
cpu0->LLC AVERAGE MISS LATENCY: 226.8 cycles

DRAM Statistics

Channel 0 RQ ROW_BUFFER_HIT:       6030
  ROW_BUFFER_MISS:    1435039
  AVG DBUS CONGESTED CYCLE: 3.935
Channel 0 WQ ROW_BUFFER_HIT:     127424
  ROW_BUFFER_MISS:     572844
  FULL:          0
Channel 0 REFRESHES ISSUED:      26527
