[VMEM] WARNING: physical memory size is smaller than virtual memory size.

*** ChampSim Multicore Out-of-Order Simulator ***
Warmup Instructions: 10000000
Simulation Instructions: 50000000
Number of CPUs: 1
Page size: 4096
Core 0: traces/charlie_0003.champsim.gz
Off-chip DRAM Size: 64 GiB Channels: 1 Width: 64-bit Data Rate: 800 MT/s
[BTB] WARNING: target of return is a lower address than the corresponding call. This is usually a problem with your trace.
Heartbeat CPU 0 instructions: 500002 cycles: 253156 heartbeat IPC: 1.975 cumulative IPC: 1.975 (Simulation time: 00 hr 00 min 02 sec)
Heartbeat CPU 0 instructions: 1000006 cycles: 512176 heartbeat IPC: 1.93 cumulative IPC: 1.952 (Simulation time: 00 hr 00 min 04 sec)
[BTB] WARNING: target of return is a lower address than the corresponding call. This is usually a problem with your trace.
Heartbeat CPU 0 instructions: 1500013 cycles: 693247 heartbeat IPC: 2.761 cumulative IPC: 2.164 (Simulation time: 00 hr 00 min 06 sec)
[BTB] WARNING: target of return is a lower address than the corresponding call. This is usually a problem with your trace.
Heartbeat CPU 0 instructions: 2000018 cycles: 839748 heartbeat IPC: 3.413 cumulative IPC: 2.382 (Simulation time: 00 hr 00 min 07 sec)
[BTB] WARNING: target of return is a lower address than the corresponding call. This is usually a problem with your trace.
Heartbeat CPU 0 instructions: 2500018 cycles: 987911 heartbeat IPC: 3.375 cumulative IPC: 2.531 (Simulation time: 00 hr 00 min 08 sec)
[BTB] WARNING: target of return is a lower address than the corresponding call. This is usually a problem with your trace.
Heartbeat CPU 0 instructions: 3000024 cycles: 1101327 heartbeat IPC: 4.409 cumulative IPC: 2.724 (Simulation time: 00 hr 00 min 09 sec)
[BTB] WARNING: target of return is a lower address than the corresponding call. This is usually a problem with your trace.
[BTB] WARNING: target of return is a lower address than the corresponding call. This is usually a problem with your trace.
[BTB] WARNING: target of return is a lower address than the corresponding call. This is usually a problem with your trace.
[BTB] WARNING: target of return is a lower address than the corresponding call. This is usually a problem with your trace.
[BTB] WARNING: target of return is a lower address than the corresponding call. This is usually a problem with your trace.
Heartbeat CPU 0 instructions: 3500024 cycles: 1220232 heartbeat IPC: 4.205 cumulative IPC: 2.868 (Simulation time: 00 hr 00 min 10 sec)
Heartbeat CPU 0 instructions: 4000027 cycles: 1326998 heartbeat IPC: 4.683 cumulative IPC: 3.014 (Simulation time: 00 hr 00 min 11 sec)
Heartbeat CPU 0 instructions: 4500027 cycles: 1464073 heartbeat IPC: 3.648 cumulative IPC: 3.074 (Simulation time: 00 hr 00 min 13 sec)
Heartbeat CPU 0 instructions: 5000032 cycles: 1668238 heartbeat IPC: 2.449 cumulative IPC: 2.997 (Simulation time: 00 hr 00 min 14 sec)
Heartbeat CPU 0 instructions: 5500034 cycles: 1814478 heartbeat IPC: 3.419 cumulative IPC: 3.031 (Simulation time: 00 hr 00 min 16 sec)
Heartbeat CPU 0 instructions: 6000035 cycles: 1920760 heartbeat IPC: 4.704 cumulative IPC: 3.124 (Simulation time: 00 hr 00 min 17 sec)
Heartbeat CPU 0 instructions: 6500038 cycles: 2025164 heartbeat IPC: 4.789 cumulative IPC: 3.21 (Simulation time: 00 hr 00 min 17 sec)
Heartbeat CPU 0 instructions: 7000044 cycles: 2130849 heartbeat IPC: 4.731 cumulative IPC: 3.285 (Simulation time: 00 hr 00 min 18 sec)
Heartbeat CPU 0 instructions: 7500045 cycles: 2236015 heartbeat IPC: 4.754 cumulative IPC: 3.354 (Simulation time: 00 hr 00 min 19 sec)
Heartbeat CPU 0 instructions: 8000052 cycles: 2341112 heartbeat IPC: 4.758 cumulative IPC: 3.417 (Simulation time: 00 hr 00 min 20 sec)
Heartbeat CPU 0 instructions: 8500055 cycles: 2445538 heartbeat IPC: 4.788 cumulative IPC: 3.476 (Simulation time: 00 hr 00 min 21 sec)
Heartbeat CPU 0 instructions: 9000058 cycles: 2549516 heartbeat IPC: 4.809 cumulative IPC: 3.53 (Simulation time: 00 hr 00 min 21 sec)
Heartbeat CPU 0 instructions: 9500060 cycles: 2654136 heartbeat IPC: 4.779 cumulative IPC: 3.579 (Simulation time: 00 hr 00 min 22 sec)
Warmup finished CPU 0 instructions: 10000000 cycles: 2758508 cumulative IPC: 3.625 (Simulation time: 00 hr 00 min 23 sec)
Warmup complete CPU 0 instructions: 10000000 cycles: 2758508 cumulative IPC: 3.625 (Simulation time: 00 hr 00 min 23 sec)
Heartbeat CPU 0 instructions: 10000067 cycles: 2758529 heartbeat IPC: 4.79 cumulative IPC: 3.19 (Simulation time: 00 hr 00 min 23 sec)
Heartbeat CPU 0 instructions: 10500067 cycles: 3113164 heartbeat IPC: 1.41 cumulative IPC: 1.41 (Simulation time: 00 hr 00 min 25 sec)
Heartbeat CPU 0 instructions: 11000073 cycles: 3486622 heartbeat IPC: 1.339 cumulative IPC: 1.374 (Simulation time: 00 hr 00 min 26 sec)
Heartbeat CPU 0 instructions: 11500074 cycles: 3862193 heartbeat IPC: 1.331 cumulative IPC: 1.359 (Simulation time: 00 hr 00 min 28 sec)
Heartbeat CPU 0 instructions: 12000075 cycles: 4227900 heartbeat IPC: 1.367 cumulative IPC: 1.361 (Simulation time: 00 hr 00 min 30 sec)
Heartbeat CPU 0 instructions: 12500075 cycles: 4603277 heartbeat IPC: 1.332 cumulative IPC: 1.355 (Simulation time: 00 hr 00 min 31 sec)
Heartbeat CPU 0 instructions: 13000075 cycles: 5047185 heartbeat IPC: 1.126 cumulative IPC: 1.311 (Simulation time: 00 hr 00 min 33 sec)
Heartbeat CPU 0 instructions: 13500079 cycles: 5500173 heartbeat IPC: 1.104 cumulative IPC: 1.277 (Simulation time: 00 hr 00 min 35 sec)
Heartbeat CPU 0 instructions: 14000080 cycles: 5834485 heartbeat IPC: 1.496 cumulative IPC: 1.3 (Simulation time: 00 hr 00 min 36 sec)
Heartbeat CPU 0 instructions: 14500081 cycles: 6294687 heartbeat IPC: 1.086 cumulative IPC: 1.273 (Simulation time: 00 hr 00 min 38 sec)
Heartbeat CPU 0 instructions: 15000087 cycles: 7562719 heartbeat IPC: 0.3943 cumulative IPC: 1.041 (Simulation time: 00 hr 00 min 42 sec)
Heartbeat CPU 0 instructions: 15500087 cycles: 8132060 heartbeat IPC: 0.8782 cumulative IPC: 1.024 (Simulation time: 00 hr 00 min 44 sec)
Heartbeat CPU 0 instructions: 16000087 cycles: 8848143 heartbeat IPC: 0.6982 cumulative IPC: 0.9853 (Simulation time: 00 hr 00 min 47 sec)
Heartbeat CPU 0 instructions: 16500091 cycles: 9344295 heartbeat IPC: 1.008 cumulative IPC: 0.987 (Simulation time: 00 hr 00 min 49 sec)
Heartbeat CPU 0 instructions: 17000093 cycles: 9821586 heartbeat IPC: 1.048 cumulative IPC: 0.9911 (Simulation time: 00 hr 00 min 51 sec)
Heartbeat CPU 0 instructions: 17500100 cycles: 10304061 heartbeat IPC: 1.036 cumulative IPC: 0.994 (Simulation time: 00 hr 00 min 54 sec)
Heartbeat CPU 0 instructions: 18000102 cycles: 10791491 heartbeat IPC: 1.026 cumulative IPC: 0.9959 (Simulation time: 00 hr 00 min 56 sec)
Heartbeat CPU 0 instructions: 18500102 cycles: 11238080 heartbeat IPC: 1.12 cumulative IPC: 1.002 (Simulation time: 00 hr 00 min 58 sec)
Heartbeat CPU 0 instructions: 19000103 cycles: 11698352 heartbeat IPC: 1.086 cumulative IPC: 1.007 (Simulation time: 00 hr 01 min 00 sec)
Heartbeat CPU 0 instructions: 19500103 cycles: 12149676 heartbeat IPC: 1.108 cumulative IPC: 1.012 (Simulation time: 00 hr 01 min 02 sec)
Heartbeat CPU 0 instructions: 20000104 cycles: 12623151 heartbeat IPC: 1.056 cumulative IPC: 1.014 (Simulation time: 00 hr 01 min 04 sec)
Heartbeat CPU 0 instructions: 20500106 cycles: 13168660 heartbeat IPC: 0.9166 cumulative IPC: 1.009 (Simulation time: 00 hr 01 min 06 sec)
Heartbeat CPU 0 instructions: 21000109 cycles: 13661907 heartbeat IPC: 1.014 cumulative IPC: 1.009 (Simulation time: 00 hr 01 min 08 sec)
Heartbeat CPU 0 instructions: 21500110 cycles: 14145661 heartbeat IPC: 1.034 cumulative IPC: 1.01 (Simulation time: 00 hr 01 min 11 sec)
Heartbeat CPU 0 instructions: 22000114 cycles: 14745251 heartbeat IPC: 0.8339 cumulative IPC: 1.001 (Simulation time: 00 hr 01 min 13 sec)
Heartbeat CPU 0 instructions: 22500115 cycles: 15196713 heartbeat IPC: 1.108 cumulative IPC: 1.005 (Simulation time: 00 hr 01 min 15 sec)
Heartbeat CPU 0 instructions: 23000116 cycles: 15629923 heartbeat IPC: 1.154 cumulative IPC: 1.01 (Simulation time: 00 hr 01 min 17 sec)
Heartbeat CPU 0 instructions: 23500119 cycles: 16069944 heartbeat IPC: 1.136 cumulative IPC: 1.014 (Simulation time: 00 hr 01 min 19 sec)
Heartbeat CPU 0 instructions: 24000121 cycles: 16550684 heartbeat IPC: 1.04 cumulative IPC: 1.015 (Simulation time: 00 hr 01 min 21 sec)
Heartbeat CPU 0 instructions: 24500128 cycles: 17015478 heartbeat IPC: 1.076 cumulative IPC: 1.017 (Simulation time: 00 hr 01 min 23 sec)
Heartbeat CPU 0 instructions: 25000133 cycles: 17730215 heartbeat IPC: 0.6996 cumulative IPC: 1.002 (Simulation time: 00 hr 01 min 26 sec)
Heartbeat CPU 0 instructions: 25500139 cycles: 18305511 heartbeat IPC: 0.8691 cumulative IPC: 0.997 (Simulation time: 00 hr 01 min 28 sec)
Heartbeat CPU 0 instructions: 26000146 cycles: 18999864 heartbeat IPC: 0.7201 cumulative IPC: 0.9851 (Simulation time: 00 hr 01 min 32 sec)
Heartbeat CPU 0 instructions: 26500149 cycles: 19736609 heartbeat IPC: 0.6787 cumulative IPC: 0.9718 (Simulation time: 00 hr 01 min 35 sec)
Heartbeat CPU 0 instructions: 27000154 cycles: 20409215 heartbeat IPC: 0.7434 cumulative IPC: 0.9631 (Simulation time: 00 hr 01 min 38 sec)
Heartbeat CPU 0 instructions: 27500161 cycles: 21160940 heartbeat IPC: 0.6651 cumulative IPC: 0.951 (Simulation time: 00 hr 01 min 42 sec)
Heartbeat CPU 0 instructions: 28000161 cycles: 21927009 heartbeat IPC: 0.6527 cumulative IPC: 0.939 (Simulation time: 00 hr 01 min 46 sec)
Heartbeat CPU 0 instructions: 28500168 cycles: 22642771 heartbeat IPC: 0.6986 cumulative IPC: 0.9304 (Simulation time: 00 hr 01 min 49 sec)
Heartbeat CPU 0 instructions: 29000171 cycles: 23287917 heartbeat IPC: 0.775 cumulative IPC: 0.9255 (Simulation time: 00 hr 01 min 52 sec)
Heartbeat CPU 0 instructions: 29500172 cycles: 28826300 heartbeat IPC: 0.09028 cumulative IPC: 0.7481 (Simulation time: 00 hr 02 min 10 sec)
Heartbeat CPU 0 instructions: 30000172 cycles: 29748610 heartbeat IPC: 0.5421 cumulative IPC: 0.741 (Simulation time: 00 hr 02 min 13 sec)
Heartbeat CPU 0 instructions: 30500172 cycles: 30284158 heartbeat IPC: 0.9336 cumulative IPC: 0.7448 (Simulation time: 00 hr 02 min 15 sec)
Heartbeat CPU 0 instructions: 31000172 cycles: 31021226 heartbeat IPC: 0.6784 cumulative IPC: 0.743 (Simulation time: 00 hr 02 min 17 sec)
Heartbeat CPU 0 instructions: 31500173 cycles: 32011517 heartbeat IPC: 0.5049 cumulative IPC: 0.735 (Simulation time: 00 hr 02 min 20 sec)
Heartbeat CPU 0 instructions: 32000174 cycles: 32986606 heartbeat IPC: 0.5128 cumulative IPC: 0.7278 (Simulation time: 00 hr 02 min 23 sec)
Heartbeat CPU 0 instructions: 32500178 cycles: 33952349 heartbeat IPC: 0.5177 cumulative IPC: 0.7213 (Simulation time: 00 hr 02 min 26 sec)
Heartbeat CPU 0 instructions: 33000180 cycles: 34928389 heartbeat IPC: 0.5123 cumulative IPC: 0.715 (Simulation time: 00 hr 02 min 29 sec)
Heartbeat CPU 0 instructions: 33500180 cycles: 35896679 heartbeat IPC: 0.5164 cumulative IPC: 0.7092 (Simulation time: 00 hr 02 min 32 sec)
Heartbeat CPU 0 instructions: 34000182 cycles: 36872420 heartbeat IPC: 0.5124 cumulative IPC: 0.7035 (Simulation time: 00 hr 02 min 35 sec)
Heartbeat CPU 0 instructions: 34500182 cycles: 37843334 heartbeat IPC: 0.515 cumulative IPC: 0.6983 (Simulation time: 00 hr 02 min 38 sec)
Heartbeat CPU 0 instructions: 35000182 cycles: 38817181 heartbeat IPC: 0.5134 cumulative IPC: 0.6933 (Simulation time: 00 hr 02 min 40 sec)
Heartbeat CPU 0 instructions: 35500182 cycles: 39793468 heartbeat IPC: 0.5121 cumulative IPC: 0.6885 (Simulation time: 00 hr 02 min 43 sec)
Heartbeat CPU 0 instructions: 36000182 cycles: 40758327 heartbeat IPC: 0.5182 cumulative IPC: 0.6842 (Simulation time: 00 hr 02 min 46 sec)
Heartbeat CPU 0 instructions: 36500182 cycles: 41734032 heartbeat IPC: 0.5124 cumulative IPC: 0.6799 (Simulation time: 00 hr 02 min 49 sec)
Heartbeat CPU 0 instructions: 37000183 cycles: 42700340 heartbeat IPC: 0.5174 cumulative IPC: 0.676 (Simulation time: 00 hr 02 min 52 sec)
Heartbeat CPU 0 instructions: 37500183 cycles: 43674271 heartbeat IPC: 0.5134 cumulative IPC: 0.6721 (Simulation time: 00 hr 02 min 55 sec)
Heartbeat CPU 0 instructions: 38000183 cycles: 44644476 heartbeat IPC: 0.5154 cumulative IPC: 0.6685 (Simulation time: 00 hr 02 min 58 sec)
Heartbeat CPU 0 instructions: 38500183 cycles: 45616651 heartbeat IPC: 0.5143 cumulative IPC: 0.665 (Simulation time: 00 hr 03 min 01 sec)
Heartbeat CPU 0 instructions: 39000183 cycles: 46592742 heartbeat IPC: 0.5122 cumulative IPC: 0.6616 (Simulation time: 00 hr 03 min 04 sec)
Heartbeat CPU 0 instructions: 39500183 cycles: 47246641 heartbeat IPC: 0.7646 cumulative IPC: 0.6631 (Simulation time: 00 hr 03 min 06 sec)
Heartbeat CPU 0 instructions: 40000183 cycles: 47918910 heartbeat IPC: 0.7437 cumulative IPC: 0.6643 (Simulation time: 00 hr 03 min 08 sec)
Heartbeat CPU 0 instructions: 40500185 cycles: 48622917 heartbeat IPC: 0.7102 cumulative IPC: 0.665 (Simulation time: 00 hr 03 min 10 sec)
Heartbeat CPU 0 instructions: 41000189 cycles: 48835960 heartbeat IPC: 2.347 cumulative IPC: 0.6728 (Simulation time: 00 hr 03 min 12 sec)
Heartbeat CPU 0 instructions: 41500195 cycles: 48965983 heartbeat IPC: 3.846 cumulative IPC: 0.6817 (Simulation time: 00 hr 03 min 13 sec)
Heartbeat CPU 0 instructions: 42000197 cycles: 49324450 heartbeat IPC: 1.395 cumulative IPC: 0.6872 (Simulation time: 00 hr 03 min 15 sec)
Heartbeat CPU 0 instructions: 42500198 cycles: 49612608 heartbeat IPC: 1.735 cumulative IPC: 0.6936 (Simulation time: 00 hr 03 min 17 sec)
Heartbeat CPU 0 instructions: 43000202 cycles: 50054040 heartbeat IPC: 1.133 cumulative IPC: 0.6977 (Simulation time: 00 hr 03 min 20 sec)
Heartbeat CPU 0 instructions: 43500207 cycles: 50411117 heartbeat IPC: 1.4 cumulative IPC: 0.703 (Simulation time: 00 hr 03 min 22 sec)
Heartbeat CPU 0 instructions: 44000213 cycles: 50731392 heartbeat IPC: 1.561 cumulative IPC: 0.7087 (Simulation time: 00 hr 03 min 25 sec)
Heartbeat CPU 0 instructions: 44500214 cycles: 51077975 heartbeat IPC: 1.443 cumulative IPC: 0.714 (Simulation time: 00 hr 03 min 27 sec)
Heartbeat CPU 0 instructions: 45000214 cycles: 51319506 heartbeat IPC: 2.07 cumulative IPC: 0.7207 (Simulation time: 00 hr 03 min 29 sec)
Heartbeat CPU 0 instructions: 45500216 cycles: 51537938 heartbeat IPC: 2.289 cumulative IPC: 0.7278 (Simulation time: 00 hr 03 min 30 sec)
Heartbeat CPU 0 instructions: 46000217 cycles: 51758303 heartbeat IPC: 2.269 cumulative IPC: 0.7347 (Simulation time: 00 hr 03 min 31 sec)
Heartbeat CPU 0 instructions: 46500218 cycles: 52089198 heartbeat IPC: 1.511 cumulative IPC: 0.7399 (Simulation time: 00 hr 03 min 33 sec)
Heartbeat CPU 0 instructions: 47000220 cycles: 52457369 heartbeat IPC: 1.358 cumulative IPC: 0.7445 (Simulation time: 00 hr 03 min 34 sec)
Heartbeat CPU 0 instructions: 47500224 cycles: 52643343 heartbeat IPC: 2.689 cumulative IPC: 0.7517 (Simulation time: 00 hr 03 min 36 sec)
Heartbeat CPU 0 instructions: 48000225 cycles: 52810486 heartbeat IPC: 2.991 cumulative IPC: 0.7592 (Simulation time: 00 hr 03 min 37 sec)
Heartbeat CPU 0 instructions: 48500228 cycles: 52940969 heartbeat IPC: 3.832 cumulative IPC: 0.7672 (Simulation time: 00 hr 03 min 38 sec)
Heartbeat CPU 0 instructions: 49000228 cycles: 53120000 heartbeat IPC: 2.793 cumulative IPC: 0.7744 (Simulation time: 00 hr 03 min 40 sec)
Heartbeat CPU 0 instructions: 49500234 cycles: 53313096 heartbeat IPC: 2.589 cumulative IPC: 0.7813 (Simulation time: 00 hr 03 min 41 sec)
Heartbeat CPU 0 instructions: 50000238 cycles: 54309257 heartbeat IPC: 0.5019 cumulative IPC: 0.7759 (Simulation time: 00 hr 03 min 45 sec)
Heartbeat CPU 0 instructions: 50500238 cycles: 55126416 heartbeat IPC: 0.6119 cumulative IPC: 0.7734 (Simulation time: 00 hr 03 min 49 sec)
Heartbeat CPU 0 instructions: 51000242 cycles: 55831764 heartbeat IPC: 0.7089 cumulative IPC: 0.7725 (Simulation time: 00 hr 03 min 53 sec)
Heartbeat CPU 0 instructions: 51500245 cycles: 56599329 heartbeat IPC: 0.6514 cumulative IPC: 0.7708 (Simulation time: 00 hr 03 min 56 sec)
Heartbeat CPU 0 instructions: 52000245 cycles: 57271440 heartbeat IPC: 0.7439 cumulative IPC: 0.7705 (Simulation time: 00 hr 03 min 59 sec)
Heartbeat CPU 0 instructions: 52500247 cycles: 57974203 heartbeat IPC: 0.7115 cumulative IPC: 0.7697 (Simulation time: 00 hr 04 min 03 sec)
Heartbeat CPU 0 instructions: 53000249 cycles: 58624635 heartbeat IPC: 0.7687 cumulative IPC: 0.7697 (Simulation time: 00 hr 04 min 06 sec)
Heartbeat CPU 0 instructions: 53500253 cycles: 59311888 heartbeat IPC: 0.7275 cumulative IPC: 0.7692 (Simulation time: 00 hr 04 min 09 sec)
Heartbeat CPU 0 instructions: 54000253 cycles: 60185609 heartbeat IPC: 0.5723 cumulative IPC: 0.7662 (Simulation time: 00 hr 04 min 14 sec)
Heartbeat CPU 0 instructions: 54500259 cycles: 60959508 heartbeat IPC: 0.6461 cumulative IPC: 0.7646 (Simulation time: 00 hr 04 min 17 sec)
Heartbeat CPU 0 instructions: 55000264 cycles: 61747010 heartbeat IPC: 0.6349 cumulative IPC: 0.7629 (Simulation time: 00 hr 04 min 21 sec)
Heartbeat CPU 0 instructions: 55500264 cycles: 62515010 heartbeat IPC: 0.651 cumulative IPC: 0.7614 (Simulation time: 00 hr 04 min 25 sec)
Heartbeat CPU 0 instructions: 56000267 cycles: 64360730 heartbeat IPC: 0.2709 cumulative IPC: 0.7467 (Simulation time: 00 hr 04 min 32 sec)
Heartbeat CPU 0 instructions: 56500269 cycles: 68689984 heartbeat IPC: 0.1155 cumulative IPC: 0.7053 (Simulation time: 00 hr 04 min 53 sec)
Heartbeat CPU 0 instructions: 57000269 cycles: 69453398 heartbeat IPC: 0.655 cumulative IPC: 0.7047 (Simulation time: 00 hr 04 min 57 sec)
Heartbeat CPU 0 instructions: 57500274 cycles: 70223892 heartbeat IPC: 0.6489 cumulative IPC: 0.7041 (Simulation time: 00 hr 05 min 01 sec)
Heartbeat CPU 0 instructions: 58000279 cycles: 70889330 heartbeat IPC: 0.7514 cumulative IPC: 0.7045 (Simulation time: 00 hr 05 min 04 sec)
Heartbeat CPU 0 instructions: 58500279 cycles: 71636699 heartbeat IPC: 0.669 cumulative IPC: 0.7041 (Simulation time: 00 hr 05 min 08 sec)
Heartbeat CPU 0 instructions: 59000279 cycles: 72376808 heartbeat IPC: 0.6756 cumulative IPC: 0.7038 (Simulation time: 00 hr 05 min 11 sec)
Heartbeat CPU 0 instructions: 59500283 cycles: 73099765 heartbeat IPC: 0.6916 cumulative IPC: 0.7037 (Simulation time: 00 hr 05 min 15 sec)
Simulation finished CPU 0 instructions: 50000000 cycles: 71053040 cumulative IPC: 0.7037 (Simulation time: 00 hr 05 min 18 sec)
Simulation complete CPU 0 instructions: 50000000 cycles: 71053040 cumulative IPC: 0.7037 (Simulation time: 00 hr 05 min 18 sec)

ChampSim completed all CPUs

=== Simulation ===
CPU 0 runs traces/charlie_0003.champsim.gz

Region of Interest Statistics

CPU 0 cumulative IPC: 0.7037 instructions: 50000000 cycles: 71053040
CPU 0 Branch Prediction Accuracy: 90.87% MPKI: 24.92 Average ROB Occupancy at Mispredict: 18.17
Branch type MPKI
BRANCH_DIRECT_JUMP: 1.244
BRANCH_INDIRECT: 0.2987
BRANCH_CONDITIONAL: 22.86
BRANCH_DIRECT_CALL: 0.0355
BRANCH_INDIRECT_CALL: 0.4181
BRANCH_RETURN: 0.0638

cpu0->cpu0_STLB TOTAL        ACCESS:    1040791 HIT:    1017724 MISS:      23067 MSHR_MERGE:          0
cpu0->cpu0_STLB LOAD         ACCESS:    1040791 HIT:    1017724 MISS:      23067 MSHR_MERGE:          0
cpu0->cpu0_STLB RFO          ACCESS:          0 HIT:          0 MISS:          0 MSHR_MERGE:          0
cpu0->cpu0_STLB PREFETCH     ACCESS:          0 HIT:          0 MISS:          0 MSHR_MERGE:          0
cpu0->cpu0_STLB WRITE        ACCESS:          0 HIT:          0 MISS:          0 MSHR_MERGE:          0
cpu0->cpu0_STLB TRANSLATION  ACCESS:          0 HIT:          0 MISS:          0 MSHR_MERGE:          0
cpu0->cpu0_STLB PREFETCH REQUESTED:          0 ISSUED:          0 USEFUL:          0 USELESS:          0
cpu0->cpu0_STLB AVERAGE MISS LATENCY: 239.3 cycles
cpu0->cpu0_L2C TOTAL        ACCESS:    1853740 HIT:    1601951 MISS:     251789 MSHR_MERGE:          0
cpu0->cpu0_L2C LOAD         ACCESS:    1555701 HIT:    1427331 MISS:     128370 MSHR_MERGE:          0
cpu0->cpu0_L2C RFO          ACCESS:     121374 HIT:       6416 MISS:     114958 MSHR_MERGE:          0
cpu0->cpu0_L2C PREFETCH     ACCESS:          0 HIT:          0 MISS:          0 MSHR_MERGE:          0
cpu0->cpu0_L2C WRITE        ACCESS:     158016 HIT:     158015 MISS:          1 MSHR_MERGE:          0
cpu0->cpu0_L2C TRANSLATION  ACCESS:      18649 HIT:      10189 MISS:       8460 MSHR_MERGE:          0
cpu0->cpu0_L2C PREFETCH REQUESTED:          0 ISSUED:          0 USEFUL:          0 USELESS:          0
cpu0->cpu0_L2C AVERAGE MISS LATENCY: 537.3 cycles
cpu0->cpu0_L1I TOTAL        ACCESS:    2449664 HIT:    2369275 MISS:      80389 MSHR_MERGE:      19096
cpu0->cpu0_L1I LOAD         ACCESS:    2449664 HIT:    2369275 MISS:      80389 MSHR_MERGE:      19096
cpu0->cpu0_L1I RFO          ACCESS:          0 HIT:          0 MISS:          0 MSHR_MERGE:          0
cpu0->cpu0_L1I PREFETCH     ACCESS:          0 HIT:          0 MISS:          0 MSHR_MERGE:          0
cpu0->cpu0_L1I WRITE        ACCESS:          0 HIT:          0 MISS:          0 MSHR_MERGE:          0
cpu0->cpu0_L1I TRANSLATION  ACCESS:          0 HIT:          0 MISS:          0 MSHR_MERGE:          0
cpu0->cpu0_L1I PREFETCH REQUESTED:          0 ISSUED:          0 USEFUL:          0 USELESS:          0
cpu0->cpu0_L1I AVERAGE MISS LATENCY: 87.63 cycles
cpu0->cpu0_L1D TOTAL        ACCESS:   11095934 HIT:    8614319 MISS:    2481615 MSHR_MERGE:     847184
cpu0->cpu0_L1D LOAD         ACCESS:    8297352 HIT:    6243594 MISS:    2053758 MSHR_MERGE:     559350
cpu0->cpu0_L1D RFO          ACCESS:          0 HIT:          0 MISS:          0 MSHR_MERGE:          0
cpu0->cpu0_L1D PREFETCH     ACCESS:          0 HIT:          0 MISS:          0 MSHR_MERGE:          0
cpu0->cpu0_L1D WRITE        ACCESS:    2744343 HIT:    2335414 MISS:     408929 MSHR_MERGE:     287555
cpu0->cpu0_L1D TRANSLATION  ACCESS:      54239 HIT:      35311 MISS:      18928 MSHR_MERGE:        279
cpu0->cpu0_L1D PREFETCH REQUESTED:          0 ISSUED:          0 USEFUL:          0 USELESS:          0
cpu0->cpu0_L1D AVERAGE MISS LATENCY: 88.01 cycles
cpu0->cpu0_ITLB TOTAL        ACCESS:    1985056 HIT:    1977410 MISS:       7646 MSHR_MERGE:       3513
cpu0->cpu0_ITLB LOAD         ACCESS:    1985056 HIT:    1977410 MISS:       7646 MSHR_MERGE:       3513
cpu0->cpu0_ITLB RFO          ACCESS:          0 HIT:          0 MISS:          0 MSHR_MERGE:          0
cpu0->cpu0_ITLB PREFETCH     ACCESS:          0 HIT:          0 MISS:          0 MSHR_MERGE:          0
cpu0->cpu0_ITLB WRITE        ACCESS:          0 HIT:          0 MISS:          0 MSHR_MERGE:          0
cpu0->cpu0_ITLB TRANSLATION  ACCESS:          0 HIT:          0 MISS:          0 MSHR_MERGE:          0
cpu0->cpu0_ITLB PREFETCH REQUESTED:          0 ISSUED:          0 USEFUL:          0 USELESS:          0
cpu0->cpu0_ITLB AVERAGE MISS LATENCY: 66.04 cycles
cpu0->cpu0_DTLB TOTAL        ACCESS:   10741463 HIT:    9617056 MISS:    1124407 MSHR_MERGE:      87749
cpu0->cpu0_DTLB LOAD         ACCESS:   10741463 HIT:    9617056 MISS:    1124407 MSHR_MERGE:      87749
cpu0->cpu0_DTLB RFO          ACCESS:          0 HIT:          0 MISS:          0 MSHR_MERGE:          0
cpu0->cpu0_DTLB PREFETCH     ACCESS:          0 HIT:          0 MISS:          0 MSHR_MERGE:          0
cpu0->cpu0_DTLB WRITE        ACCESS:          0 HIT:          0 MISS:          0 MSHR_MERGE:          0
cpu0->cpu0_DTLB TRANSLATION  ACCESS:          0 HIT:          0 MISS:          0 MSHR_MERGE:          0
cpu0->cpu0_DTLB PREFETCH REQUESTED:          0 ISSUED:          0 USEFUL:          0 USELESS:          0
cpu0->cpu0_DTLB AVERAGE MISS LATENCY: 10.11 cycles
cpu0->LLC TOTAL        ACCESS:     386546 HIT:      28692 MISS:     357854 MSHR_MERGE:          0
cpu0->LLC LOAD         ACCESS:     128370 HIT:       6982 MISS:     121388 MSHR_MERGE:          0
cpu0->LLC RFO          ACCESS:     114958 HIT:        278 MISS:     114680 MSHR_MERGE:          0
cpu0->LLC PREFETCH     ACCESS:          0 HIT:          0 MISS:          0 MSHR_MERGE:          0
cpu0->LLC WRITE        ACCESS:     134758 HIT:      20612 MISS:     114146 MSHR_MERGE:          0
cpu0->LLC TRANSLATION  ACCESS:       8460 HIT:        820 MISS:       7640 MSHR_MERGE:          0
cpu0->LLC PREFETCH REQUESTED:          0 ISSUED:          0 USEFUL:          0 USELESS:          0
cpu0->LLC AVERAGE MISS LATENCY: 367.3 cycles

DRAM Statistics

Channel 0 RQ ROW_BUFFER_HIT:       7193
  ROW_BUFFER_MISS:     236493
  AVG DBUS CONGESTED CYCLE: 4.237
Channel 0 WQ ROW_BUFFER_HIT:      14744
  ROW_BUFFER_MISS:      83265
  FULL:          0
Channel 0 REFRESHES ISSUED:       5921
