[VMEM] WARNING: physical memory size is smaller than virtual memory size.

*** ChampSim Multicore Out-of-Order Simulator ***
Warmup Instructions: 10000000
Simulation Instructions: 50000000
Number of CPUs: 1
Page size: 4096
Core 0: traces/sssp-10.trace.gz
Off-chip DRAM Size: 64 GiB Channels: 1 Width: 64-bit Data Rate: 800 MT/s
Heartbeat CPU 0 instructions: 500004 cycles: 182374 heartbeat IPC: 2.742 cumulative IPC: 2.742 (Simulation time: 00 hr 00 min 01 sec)
Heartbeat CPU 0 instructions: 1000004 cycles: 359695 heartbeat IPC: 2.82 cumulative IPC: 2.78 (Simulation time: 00 hr 00 min 02 sec)
Heartbeat CPU 0 instructions: 1500011 cycles: 511850 heartbeat IPC: 3.286 cumulative IPC: 2.931 (Simulation time: 00 hr 00 min 03 sec)
Heartbeat CPU 0 instructions: 2000012 cycles: 613801 heartbeat IPC: 4.904 cumulative IPC: 3.258 (Simulation time: 00 hr 00 min 04 sec)
Heartbeat CPU 0 instructions: 2500018 cycles: 719026 heartbeat IPC: 4.752 cumulative IPC: 3.477 (Simulation time: 00 hr 00 min 05 sec)
Heartbeat CPU 0 instructions: 3000022 cycles: 826959 heartbeat IPC: 4.633 cumulative IPC: 3.628 (Simulation time: 00 hr 00 min 06 sec)
Heartbeat CPU 0 instructions: 3500025 cycles: 933605 heartbeat IPC: 4.688 cumulative IPC: 3.749 (Simulation time: 00 hr 00 min 07 sec)
Heartbeat CPU 0 instructions: 4000032 cycles: 1040445 heartbeat IPC: 4.68 cumulative IPC: 3.845 (Simulation time: 00 hr 00 min 08 sec)
Heartbeat CPU 0 instructions: 4500038 cycles: 1149297 heartbeat IPC: 4.593 cumulative IPC: 3.915 (Simulation time: 00 hr 00 min 09 sec)
Heartbeat CPU 0 instructions: 5000042 cycles: 1255190 heartbeat IPC: 4.722 cumulative IPC: 3.983 (Simulation time: 00 hr 00 min 10 sec)
Heartbeat CPU 0 instructions: 5500046 cycles: 1362225 heartbeat IPC: 4.671 cumulative IPC: 4.038 (Simulation time: 00 hr 00 min 11 sec)
Heartbeat CPU 0 instructions: 6000051 cycles: 1469930 heartbeat IPC: 4.642 cumulative IPC: 4.082 (Simulation time: 00 hr 00 min 12 sec)
Heartbeat CPU 0 instructions: 6500056 cycles: 1576402 heartbeat IPC: 4.696 cumulative IPC: 4.123 (Simulation time: 00 hr 00 min 13 sec)
Heartbeat CPU 0 instructions: 7000059 cycles: 1686605 heartbeat IPC: 4.537 cumulative IPC: 4.15 (Simulation time: 00 hr 00 min 14 sec)
Heartbeat CPU 0 instructions: 7500065 cycles: 1794484 heartbeat IPC: 4.635 cumulative IPC: 4.18 (Simulation time: 00 hr 00 min 15 sec)
Heartbeat CPU 0 instructions: 8000070 cycles: 1901528 heartbeat IPC: 4.671 cumulative IPC: 4.207 (Simulation time: 00 hr 00 min 16 sec)
Heartbeat CPU 0 instructions: 8500071 cycles: 2006613 heartbeat IPC: 4.758 cumulative IPC: 4.236 (Simulation time: 00 hr 00 min 17 sec)
Heartbeat CPU 0 instructions: 9000076 cycles: 2111646 heartbeat IPC: 4.76 cumulative IPC: 4.262 (Simulation time: 00 hr 00 min 18 sec)
Heartbeat CPU 0 instructions: 9500078 cycles: 2218613 heartbeat IPC: 4.674 cumulative IPC: 4.282 (Simulation time: 00 hr 00 min 19 sec)
Warmup finished CPU 0 instructions: 10000007 cycles: 2324122 cumulative IPC: 4.303 (Simulation time: 00 hr 00 min 20 sec)
Warmup complete CPU 0 instructions: 10000007 cycles: 2324122 cumulative IPC: 4.303 (Simulation time: 00 hr 00 min 20 sec)
Heartbeat CPU 0 instructions: 10000083 cycles: 2324144 heartbeat IPC: 4.738 cumulative IPC: 3.455 (Simulation time: 00 hr 00 min 20 sec)
Heartbeat CPU 0 instructions: 10500084 cycles: 3897962 heartbeat IPC: 0.3177 cumulative IPC: 0.3177 (Simulation time: 00 hr 00 min 25 sec)
Heartbeat CPU 0 instructions: 11000084 cycles: 5471170 heartbeat IPC: 0.3178 cumulative IPC: 0.3178 (Simulation time: 00 hr 00 min 30 sec)
Heartbeat CPU 0 instructions: 11500085 cycles: 7094765 heartbeat IPC: 0.308 cumulative IPC: 0.3144 (Simulation time: 00 hr 00 min 35 sec)
Heartbeat CPU 0 instructions: 12000085 cycles: 8738409 heartbeat IPC: 0.3042 cumulative IPC: 0.3118 (Simulation time: 00 hr 00 min 40 sec)
Heartbeat CPU 0 instructions: 12500085 cycles: 10366090 heartbeat IPC: 0.3072 cumulative IPC: 0.3109 (Simulation time: 00 hr 00 min 45 sec)
Heartbeat CPU 0 instructions: 13000092 cycles: 11956415 heartbeat IPC: 0.3144 cumulative IPC: 0.3115 (Simulation time: 00 hr 00 min 50 sec)
Heartbeat CPU 0 instructions: 13500093 cycles: 13634594 heartbeat IPC: 0.2979 cumulative IPC: 0.3095 (Simulation time: 00 hr 00 min 55 sec)
Heartbeat CPU 0 instructions: 14000097 cycles: 15318522 heartbeat IPC: 0.2969 cumulative IPC: 0.3078 (Simulation time: 00 hr 01 min 00 sec)
Heartbeat CPU 0 instructions: 14500103 cycles: 16925955 heartbeat IPC: 0.3111 cumulative IPC: 0.3082 (Simulation time: 00 hr 01 min 05 sec)
Heartbeat CPU 0 instructions: 15000103 cycles: 18630120 heartbeat IPC: 0.2934 cumulative IPC: 0.3066 (Simulation time: 00 hr 01 min 10 sec)
Heartbeat CPU 0 instructions: 15500106 cycles: 20282005 heartbeat IPC: 0.3027 cumulative IPC: 0.3063 (Simulation time: 00 hr 01 min 15 sec)
Heartbeat CPU 0 instructions: 16000106 cycles: 21836705 heartbeat IPC: 0.3216 cumulative IPC: 0.3075 (Simulation time: 00 hr 01 min 20 sec)
Heartbeat CPU 0 instructions: 16500109 cycles: 23362911 heartbeat IPC: 0.3276 cumulative IPC: 0.309 (Simulation time: 00 hr 01 min 25 sec)
Heartbeat CPU 0 instructions: 17000113 cycles: 24919317 heartbeat IPC: 0.3213 cumulative IPC: 0.3098 (Simulation time: 00 hr 01 min 30 sec)
Heartbeat CPU 0 instructions: 17500113 cycles: 26445721 heartbeat IPC: 0.3276 cumulative IPC: 0.3109 (Simulation time: 00 hr 01 min 35 sec)
Heartbeat CPU 0 instructions: 18000115 cycles: 27934250 heartbeat IPC: 0.3359 cumulative IPC: 0.3124 (Simulation time: 00 hr 01 min 39 sec)
Heartbeat CPU 0 instructions: 18500118 cycles: 29437621 heartbeat IPC: 0.3326 cumulative IPC: 0.3135 (Simulation time: 00 hr 01 min 44 sec)
Heartbeat CPU 0 instructions: 19000124 cycles: 30953699 heartbeat IPC: 0.3298 cumulative IPC: 0.3144 (Simulation time: 00 hr 01 min 49 sec)
Heartbeat CPU 0 instructions: 19500125 cycles: 32462952 heartbeat IPC: 0.3313 cumulative IPC: 0.3152 (Simulation time: 00 hr 01 min 54 sec)
Heartbeat CPU 0 instructions: 20000125 cycles: 34014441 heartbeat IPC: 0.3223 cumulative IPC: 0.3156 (Simulation time: 00 hr 01 min 59 sec)
Heartbeat CPU 0 instructions: 20500131 cycles: 35505878 heartbeat IPC: 0.3353 cumulative IPC: 0.3164 (Simulation time: 00 hr 02 min 04 sec)
Heartbeat CPU 0 instructions: 21000132 cycles: 37060765 heartbeat IPC: 0.3216 cumulative IPC: 0.3167 (Simulation time: 00 hr 02 min 09 sec)
Heartbeat CPU 0 instructions: 21500135 cycles: 38531608 heartbeat IPC: 0.3399 cumulative IPC: 0.3176 (Simulation time: 00 hr 02 min 13 sec)
Heartbeat CPU 0 instructions: 22000137 cycles: 40054357 heartbeat IPC: 0.3284 cumulative IPC: 0.3181 (Simulation time: 00 hr 02 min 18 sec)
Heartbeat CPU 0 instructions: 22500144 cycles: 41551350 heartbeat IPC: 0.334 cumulative IPC: 0.3187 (Simulation time: 00 hr 02 min 23 sec)
Heartbeat CPU 0 instructions: 23000144 cycles: 43028417 heartbeat IPC: 0.3385 cumulative IPC: 0.3194 (Simulation time: 00 hr 02 min 28 sec)
Heartbeat CPU 0 instructions: 23500147 cycles: 44495830 heartbeat IPC: 0.3407 cumulative IPC: 0.3201 (Simulation time: 00 hr 02 min 33 sec)
Heartbeat CPU 0 instructions: 24000151 cycles: 45941282 heartbeat IPC: 0.3459 cumulative IPC: 0.321 (Simulation time: 00 hr 02 min 38 sec)
Heartbeat CPU 0 instructions: 24500152 cycles: 47389335 heartbeat IPC: 0.3453 cumulative IPC: 0.3218 (Simulation time: 00 hr 02 min 42 sec)
Heartbeat CPU 0 instructions: 25000154 cycles: 48899414 heartbeat IPC: 0.3311 cumulative IPC: 0.3221 (Simulation time: 00 hr 02 min 47 sec)
Heartbeat CPU 0 instructions: 25500156 cycles: 50578321 heartbeat IPC: 0.2978 cumulative IPC: 0.3212 (Simulation time: 00 hr 02 min 53 sec)
Heartbeat CPU 0 instructions: 26000158 cycles: 52021592 heartbeat IPC: 0.3464 cumulative IPC: 0.322 (Simulation time: 00 hr 02 min 57 sec)
Heartbeat CPU 0 instructions: 26500160 cycles: 53486531 heartbeat IPC: 0.3413 cumulative IPC: 0.3225 (Simulation time: 00 hr 03 min 02 sec)
Heartbeat CPU 0 instructions: 27000164 cycles: 54963585 heartbeat IPC: 0.3385 cumulative IPC: 0.323 (Simulation time: 00 hr 03 min 07 sec)
Heartbeat CPU 0 instructions: 27500169 cycles: 56413488 heartbeat IPC: 0.3449 cumulative IPC: 0.3235 (Simulation time: 00 hr 03 min 12 sec)
Heartbeat CPU 0 instructions: 28000170 cycles: 58026825 heartbeat IPC: 0.3099 cumulative IPC: 0.3231 (Simulation time: 00 hr 03 min 17 sec)
Heartbeat CPU 0 instructions: 28500170 cycles: 59485618 heartbeat IPC: 0.3427 cumulative IPC: 0.3236 (Simulation time: 00 hr 03 min 22 sec)
Heartbeat CPU 0 instructions: 29000171 cycles: 60886452 heartbeat IPC: 0.3569 cumulative IPC: 0.3244 (Simulation time: 00 hr 03 min 26 sec)
Heartbeat CPU 0 instructions: 29500171 cycles: 62349031 heartbeat IPC: 0.3419 cumulative IPC: 0.3249 (Simulation time: 00 hr 03 min 31 sec)
Heartbeat CPU 0 instructions: 30000176 cycles: 63761700 heartbeat IPC: 0.3539 cumulative IPC: 0.3255 (Simulation time: 00 hr 03 min 36 sec)
Heartbeat CPU 0 instructions: 30500177 cycles: 65126203 heartbeat IPC: 0.3664 cumulative IPC: 0.3264 (Simulation time: 00 hr 03 min 41 sec)
Heartbeat CPU 0 instructions: 31000180 cycles: 66665847 heartbeat IPC: 0.3248 cumulative IPC: 0.3264 (Simulation time: 00 hr 03 min 45 sec)
Heartbeat CPU 0 instructions: 31500183 cycles: 68166371 heartbeat IPC: 0.3332 cumulative IPC: 0.3265 (Simulation time: 00 hr 03 min 50 sec)
Heartbeat CPU 0 instructions: 32000185 cycles: 69554077 heartbeat IPC: 0.3603 cumulative IPC: 0.3272 (Simulation time: 00 hr 03 min 55 sec)
Heartbeat CPU 0 instructions: 32500191 cycles: 70987062 heartbeat IPC: 0.3489 cumulative IPC: 0.3277 (Simulation time: 00 hr 04 min 00 sec)
Heartbeat CPU 0 instructions: 33000193 cycles: 72375509 heartbeat IPC: 0.3601 cumulative IPC: 0.3283 (Simulation time: 00 hr 04 min 05 sec)
Heartbeat CPU 0 instructions: 33500194 cycles: 73785977 heartbeat IPC: 0.3545 cumulative IPC: 0.3288 (Simulation time: 00 hr 04 min 10 sec)
Heartbeat CPU 0 instructions: 34000194 cycles: 75123782 heartbeat IPC: 0.3737 cumulative IPC: 0.3297 (Simulation time: 00 hr 04 min 14 sec)
Heartbeat CPU 0 instructions: 34500195 cycles: 76492693 heartbeat IPC: 0.3653 cumulative IPC: 0.3303 (Simulation time: 00 hr 04 min 19 sec)
Heartbeat CPU 0 instructions: 35000196 cycles: 77946195 heartbeat IPC: 0.344 cumulative IPC: 0.3306 (Simulation time: 00 hr 04 min 24 sec)
Heartbeat CPU 0 instructions: 35500203 cycles: 79270793 heartbeat IPC: 0.3775 cumulative IPC: 0.3314 (Simulation time: 00 hr 04 min 29 sec)
Heartbeat CPU 0 instructions: 36000204 cycles: 80617286 heartbeat IPC: 0.3713 cumulative IPC: 0.3321 (Simulation time: 00 hr 04 min 33 sec)
Heartbeat CPU 0 instructions: 36500206 cycles: 82050803 heartbeat IPC: 0.3488 cumulative IPC: 0.3324 (Simulation time: 00 hr 04 min 38 sec)
Heartbeat CPU 0 instructions: 37000210 cycles: 83439033 heartbeat IPC: 0.3602 cumulative IPC: 0.3329 (Simulation time: 00 hr 04 min 43 sec)
Heartbeat CPU 0 instructions: 37500210 cycles: 84941004 heartbeat IPC: 0.3329 cumulative IPC: 0.3329 (Simulation time: 00 hr 04 min 48 sec)
Heartbeat CPU 0 instructions: 38000212 cycles: 86409090 heartbeat IPC: 0.3406 cumulative IPC: 0.333 (Simulation time: 00 hr 04 min 53 sec)
Heartbeat CPU 0 instructions: 38500215 cycles: 87759668 heartbeat IPC: 0.3702 cumulative IPC: 0.3336 (Simulation time: 00 hr 04 min 57 sec)
Heartbeat CPU 0 instructions: 39000221 cycles: 89128673 heartbeat IPC: 0.3652 cumulative IPC: 0.3341 (Simulation time: 00 hr 05 min 02 sec)
Heartbeat CPU 0 instructions: 39500226 cycles: 90441753 heartbeat IPC: 0.3808 cumulative IPC: 0.3348 (Simulation time: 00 hr 05 min 07 sec)
Heartbeat CPU 0 instructions: 40000231 cycles: 91783516 heartbeat IPC: 0.3726 cumulative IPC: 0.3354 (Simulation time: 00 hr 05 min 12 sec)
Heartbeat CPU 0 instructions: 40500232 cycles: 93103884 heartbeat IPC: 0.3787 cumulative IPC: 0.336 (Simulation time: 00 hr 05 min 16 sec)
Heartbeat CPU 0 instructions: 41000232 cycles: 94436430 heartbeat IPC: 0.3752 cumulative IPC: 0.3365 (Simulation time: 00 hr 05 min 21 sec)
Heartbeat CPU 0 instructions: 41500232 cycles: 95808223 heartbeat IPC: 0.3645 cumulative IPC: 0.337 (Simulation time: 00 hr 05 min 26 sec)
Heartbeat CPU 0 instructions: 42000236 cycles: 97247404 heartbeat IPC: 0.3474 cumulative IPC: 0.3371 (Simulation time: 00 hr 05 min 31 sec)
Heartbeat CPU 0 instructions: 42500236 cycles: 98723952 heartbeat IPC: 0.3386 cumulative IPC: 0.3371 (Simulation time: 00 hr 05 min 36 sec)
Heartbeat CPU 0 instructions: 43000241 cycles: 100058513 heartbeat IPC: 0.3747 cumulative IPC: 0.3377 (Simulation time: 00 hr 05 min 41 sec)
Heartbeat CPU 0 instructions: 43500248 cycles: 101370160 heartbeat IPC: 0.3812 cumulative IPC: 0.3382 (Simulation time: 00 hr 05 min 45 sec)
Heartbeat CPU 0 instructions: 44000254 cycles: 102687371 heartbeat IPC: 0.3796 cumulative IPC: 0.3388 (Simulation time: 00 hr 05 min 50 sec)
Heartbeat CPU 0 instructions: 44500254 cycles: 104047478 heartbeat IPC: 0.3676 cumulative IPC: 0.3392 (Simulation time: 00 hr 05 min 55 sec)
Heartbeat CPU 0 instructions: 45000260 cycles: 105361535 heartbeat IPC: 0.3805 cumulative IPC: 0.3397 (Simulation time: 00 hr 05 min 59 sec)
Heartbeat CPU 0 instructions: 45500260 cycles: 106824065 heartbeat IPC: 0.3419 cumulative IPC: 0.3397 (Simulation time: 00 hr 06 min 04 sec)
Heartbeat CPU 0 instructions: 46000267 cycles: 108265343 heartbeat IPC: 0.3469 cumulative IPC: 0.3398 (Simulation time: 00 hr 06 min 09 sec)
Heartbeat CPU 0 instructions: 46500269 cycles: 109615289 heartbeat IPC: 0.3704 cumulative IPC: 0.3402 (Simulation time: 00 hr 06 min 14 sec)
Heartbeat CPU 0 instructions: 47000273 cycles: 111001909 heartbeat IPC: 0.3606 cumulative IPC: 0.3405 (Simulation time: 00 hr 06 min 19 sec)
Heartbeat CPU 0 instructions: 47500273 cycles: 112287729 heartbeat IPC: 0.3889 cumulative IPC: 0.341 (Simulation time: 00 hr 06 min 24 sec)
Heartbeat CPU 0 instructions: 48000273 cycles: 113605663 heartbeat IPC: 0.3794 cumulative IPC: 0.3415 (Simulation time: 00 hr 06 min 28 sec)
Heartbeat CPU 0 instructions: 48500279 cycles: 114921446 heartbeat IPC: 0.38 cumulative IPC: 0.3419 (Simulation time: 00 hr 06 min 33 sec)
Heartbeat CPU 0 instructions: 49000279 cycles: 116206387 heartbeat IPC: 0.3891 cumulative IPC: 0.3425 (Simulation time: 00 hr 06 min 38 sec)
Heartbeat CPU 0 instructions: 49500285 cycles: 117474785 heartbeat IPC: 0.3942 cumulative IPC: 0.343 (Simulation time: 00 hr 06 min 42 sec)
Heartbeat CPU 0 instructions: 50000285 cycles: 118737512 heartbeat IPC: 0.396 cumulative IPC: 0.3436 (Simulation time: 00 hr 06 min 47 sec)
Heartbeat CPU 0 instructions: 50500285 cycles: 120030594 heartbeat IPC: 0.3867 cumulative IPC: 0.3441 (Simulation time: 00 hr 06 min 52 sec)
Heartbeat CPU 0 instructions: 51000292 cycles: 121447522 heartbeat IPC: 0.3529 cumulative IPC: 0.3442 (Simulation time: 00 hr 06 min 57 sec)
Heartbeat CPU 0 instructions: 51500293 cycles: 122871004 heartbeat IPC: 0.3513 cumulative IPC: 0.3443 (Simulation time: 00 hr 07 min 02 sec)
Heartbeat CPU 0 instructions: 52000294 cycles: 124196553 heartbeat IPC: 0.3772 cumulative IPC: 0.3446 (Simulation time: 00 hr 07 min 06 sec)
Heartbeat CPU 0 instructions: 52500298 cycles: 125529678 heartbeat IPC: 0.3751 cumulative IPC: 0.345 (Simulation time: 00 hr 07 min 11 sec)
Heartbeat CPU 0 instructions: 53000303 cycles: 126817466 heartbeat IPC: 0.3883 cumulative IPC: 0.3454 (Simulation time: 00 hr 07 min 16 sec)
Heartbeat CPU 0 instructions: 53500309 cycles: 128091125 heartbeat IPC: 0.3926 cumulative IPC: 0.3459 (Simulation time: 00 hr 07 min 21 sec)
Heartbeat CPU 0 instructions: 54000309 cycles: 129387392 heartbeat IPC: 0.3857 cumulative IPC: 0.3463 (Simulation time: 00 hr 07 min 25 sec)
Heartbeat CPU 0 instructions: 54500310 cycles: 130679219 heartbeat IPC: 0.387 cumulative IPC: 0.3467 (Simulation time: 00 hr 07 min 30 sec)
Heartbeat CPU 0 instructions: 55000314 cycles: 131909245 heartbeat IPC: 0.4065 cumulative IPC: 0.3473 (Simulation time: 00 hr 07 min 35 sec)
Heartbeat CPU 0 instructions: 55500314 cycles: 133158535 heartbeat IPC: 0.4002 cumulative IPC: 0.3478 (Simulation time: 00 hr 07 min 39 sec)
Heartbeat CPU 0 instructions: 56000315 cycles: 134394841 heartbeat IPC: 0.4044 cumulative IPC: 0.3483 (Simulation time: 00 hr 07 min 44 sec)
Heartbeat CPU 0 instructions: 56500316 cycles: 135636140 heartbeat IPC: 0.4028 cumulative IPC: 0.3488 (Simulation time: 00 hr 07 min 49 sec)
Heartbeat CPU 0 instructions: 57000316 cycles: 136899170 heartbeat IPC: 0.3959 cumulative IPC: 0.3492 (Simulation time: 00 hr 07 min 53 sec)
Heartbeat CPU 0 instructions: 57500316 cycles: 138090895 heartbeat IPC: 0.4196 cumulative IPC: 0.3499 (Simulation time: 00 hr 07 min 58 sec)
Heartbeat CPU 0 instructions: 58000317 cycles: 139322346 heartbeat IPC: 0.406 cumulative IPC: 0.3504 (Simulation time: 00 hr 08 min 02 sec)
Heartbeat CPU 0 instructions: 58500324 cycles: 140570155 heartbeat IPC: 0.4007 cumulative IPC: 0.3508 (Simulation time: 00 hr 08 min 07 sec)
Heartbeat CPU 0 instructions: 59000325 cycles: 141797312 heartbeat IPC: 0.4074 cumulative IPC: 0.3513 (Simulation time: 00 hr 08 min 11 sec)
Heartbeat CPU 0 instructions: 59500328 cycles: 143069593 heartbeat IPC: 0.393 cumulative IPC: 0.3517 (Simulation time: 00 hr 08 min 16 sec)
Simulation finished CPU 0 instructions: 50000000 cycles: 142126078 cumulative IPC: 0.3518 (Simulation time: 00 hr 08 min 21 sec)
Simulation complete CPU 0 instructions: 50000000 cycles: 142126078 cumulative IPC: 0.3518 (Simulation time: 00 hr 08 min 21 sec)

ChampSim completed all CPUs

=== Simulation ===
CPU 0 runs traces/sssp-10.trace.gz

Region of Interest Statistics

CPU 0 cumulative IPC: 0.3518 instructions: 50000000 cycles: 142126078
CPU 0 Branch Prediction Accuracy: 94.11% MPKI: 8.664 Average ROB Occupancy at Mispredict: 58.58
Branch type MPKI
BRANCH_DIRECT_JUMP: 2e-05
BRANCH_INDIRECT: 0
BRANCH_CONDITIONAL: 8.664
BRANCH_DIRECT_CALL: 0
BRANCH_INDIRECT_CALL: 0
BRANCH_RETURN: 0

cpu0->cpu0_STLB TOTAL        ACCESS:     923036 HIT:     912241 MISS:      10795 MSHR_MERGE:          0
cpu0->cpu0_STLB LOAD         ACCESS:     923036 HIT:     912241 MISS:      10795 MSHR_MERGE:          0
cpu0->cpu0_STLB RFO          ACCESS:          0 HIT:          0 MISS:          0 MSHR_MERGE:          0
cpu0->cpu0_STLB PREFETCH     ACCESS:          0 HIT:          0 MISS:          0 MSHR_MERGE:          0
cpu0->cpu0_STLB WRITE        ACCESS:          0 HIT:          0 MISS:          0 MSHR_MERGE:          0
cpu0->cpu0_STLB TRANSLATION  ACCESS:          0 HIT:          0 MISS:          0 MSHR_MERGE:          0
cpu0->cpu0_STLB PREFETCH REQUESTED:          0 ISSUED:          0 USEFUL:          0 USELESS:          0
cpu0->cpu0_STLB AVERAGE MISS LATENCY: 279.2 cycles
cpu0->cpu0_L2C TOTAL        ACCESS:    3305813 HIT:    2219336 MISS:    1086477 MSHR_MERGE:          0
cpu0->cpu0_L2C LOAD         ACCESS:    2263953 HIT:    1235819 MISS:    1028134 MSHR_MERGE:          0
cpu0->cpu0_L2C RFO          ACCESS:     272153 HIT:     219123 MISS:      53030 MSHR_MERGE:          0
cpu0->cpu0_L2C PREFETCH     ACCESS:          0 HIT:          0 MISS:          0 MSHR_MERGE:          0
cpu0->cpu0_L2C WRITE        ACCESS:     761004 HIT:     760905 MISS:         99 MSHR_MERGE:          0
cpu0->cpu0_L2C TRANSLATION  ACCESS:       8703 HIT:       3489 MISS:       5214 MSHR_MERGE:          0
cpu0->cpu0_L2C PREFETCH REQUESTED:          0 ISSUED:          0 USEFUL:          0 USELESS:          0
cpu0->cpu0_L2C AVERAGE MISS LATENCY: 186.5 cycles
cpu0->cpu0_L1I TOTAL        ACCESS:    2028927 HIT:    2028927 MISS:          0 MSHR_MERGE:          0
cpu0->cpu0_L1I LOAD         ACCESS:    2028927 HIT:    2028927 MISS:          0 MSHR_MERGE:          0
cpu0->cpu0_L1I RFO          ACCESS:          0 HIT:          0 MISS:          0 MSHR_MERGE:          0
cpu0->cpu0_L1I PREFETCH     ACCESS:          0 HIT:          0 MISS:          0 MSHR_MERGE:          0
cpu0->cpu0_L1I WRITE        ACCESS:          0 HIT:          0 MISS:          0 MSHR_MERGE:          0
cpu0->cpu0_L1I TRANSLATION  ACCESS:          0 HIT:          0 MISS:          0 MSHR_MERGE:          0
cpu0->cpu0_L1I PREFETCH REQUESTED:          0 ISSUED:          0 USEFUL:          0 USELESS:          0
cpu0->cpu0_L1I AVERAGE MISS LATENCY: - cycles
cpu0->cpu0_L1D TOTAL        ACCESS:   14438888 HIT:   10552953 MISS:    3885935 MSHR_MERGE:    1341125
cpu0->cpu0_L1D LOAD         ACCESS:   12969118 HIT:    9476395 MISS:    3492723 MSHR_MERGE:    1228770
cpu0->cpu0_L1D RFO          ACCESS:          0 HIT:          0 MISS:          0 MSHR_MERGE:          0
cpu0->cpu0_L1D PREFETCH     ACCESS:          0 HIT:          0 MISS:          0 MSHR_MERGE:          0
cpu0->cpu0_L1D WRITE        ACCESS:    1446943 HIT:    1062493 MISS:     384450 MSHR_MERGE:     112296
cpu0->cpu0_L1D TRANSLATION  ACCESS:      22827 HIT:      14065 MISS:       8762 MSHR_MERGE:         59
cpu0->cpu0_L1D PREFETCH REQUESTED:          0 ISSUED:          0 USEFUL:          0 USELESS:          0
cpu0->cpu0_L1D AVERAGE MISS LATENCY: 88.27 cycles
cpu0->cpu0_ITLB TOTAL        ACCESS:    2026671 HIT:    2026671 MISS:          0 MSHR_MERGE:          0
cpu0->cpu0_ITLB LOAD         ACCESS:    2026671 HIT:    2026671 MISS:          0 MSHR_MERGE:          0
cpu0->cpu0_ITLB RFO          ACCESS:          0 HIT:          0 MISS:          0 MSHR_MERGE:          0
cpu0->cpu0_ITLB PREFETCH     ACCESS:          0 HIT:          0 MISS:          0 MSHR_MERGE:          0
cpu0->cpu0_ITLB WRITE        ACCESS:          0 HIT:          0 MISS:          0 MSHR_MERGE:          0
cpu0->cpu0_ITLB TRANSLATION  ACCESS:          0 HIT:          0 MISS:          0 MSHR_MERGE:          0
cpu0->cpu0_ITLB PREFETCH REQUESTED:          0 ISSUED:          0 USEFUL:          0 USELESS:          0
cpu0->cpu0_ITLB AVERAGE MISS LATENCY: - cycles
cpu0->cpu0_DTLB TOTAL        ACCESS:   14340191 HIT:   13092913 MISS:    1247278 MSHR_MERGE:     324242
cpu0->cpu0_DTLB LOAD         ACCESS:   14340191 HIT:   13092913 MISS:    1247278 MSHR_MERGE:     324242
cpu0->cpu0_DTLB RFO          ACCESS:          0 HIT:          0 MISS:          0 MSHR_MERGE:          0
cpu0->cpu0_DTLB PREFETCH     ACCESS:          0 HIT:          0 MISS:          0 MSHR_MERGE:          0
cpu0->cpu0_DTLB WRITE        ACCESS:          0 HIT:          0 MISS:          0 MSHR_MERGE:          0
cpu0->cpu0_DTLB TRANSLATION  ACCESS:          0 HIT:          0 MISS:          0 MSHR_MERGE:          0
cpu0->cpu0_DTLB PREFETCH REQUESTED:          0 ISSUED:          0 USEFUL:          0 USELESS:          0
cpu0->cpu0_DTLB AVERAGE MISS LATENCY: 8.295 cycles
cpu0->LLC TOTAL        ACCESS:    1496031 HIT:     734329 MISS:     761702 MSHR_MERGE:          0
cpu0->LLC LOAD         ACCESS:    1028134 HIT:     498009 MISS:     530125 MSHR_MERGE:          0
cpu0->LLC RFO          ACCESS:      53030 HIT:       3257 MISS:      49773 MSHR_MERGE:          0
cpu0->LLC PREFETCH     ACCESS:          0 HIT:          0 MISS:          0 MSHR_MERGE:          0
cpu0->LLC WRITE        ACCESS:     409653 HIT:     232772 MISS:     176881 MSHR_MERGE:          0
cpu0->LLC TRANSLATION  ACCESS:       5214 HIT:        291 MISS:       4923 MSHR_MERGE:          0
cpu0->LLC PREFETCH REQUESTED:          0 ISSUED:          0 USEFUL:          0 USELESS:          0
cpu0->LLC AVERAGE MISS LATENCY: 237.8 cycles

DRAM Statistics

Channel 0 RQ ROW_BUFFER_HIT:       5819
  ROW_BUFFER_MISS:     578847
  AVG DBUS CONGESTED CYCLE: 4.965
Channel 0 WQ ROW_BUFFER_HIT:      78676
  ROW_BUFFER_MISS:     128832
  FULL:          0
Channel 0 REFRESHES ISSUED:      11844
