[VMEM] WARNING: physical memory size is smaller than virtual memory size.

*** ChampSim Multicore Out-of-Order Simulator ***
Warmup Instructions: 10000000
Simulation Instructions: 50000000
Number of CPUs: 1
Page size: 4096
Core 0: traces/bc-12.trace.gz
Off-chip DRAM Size: 64 GiB Channels: 1 Width: 64-bit Data Rate: 800 MT/s
Heartbeat CPU 0 instructions: 500001 cycles: 508754 heartbeat IPC: 0.9828 cumulative IPC: 0.9828 (Simulation time: 00 hr 00 min 02 sec)
Heartbeat CPU 0 instructions: 1000001 cycles: 1015185 heartbeat IPC: 0.9873 cumulative IPC: 0.985 (Simulation time: 00 hr 00 min 04 sec)
Heartbeat CPU 0 instructions: 1500001 cycles: 1521375 heartbeat IPC: 0.9878 cumulative IPC: 0.986 (Simulation time: 00 hr 00 min 07 sec)
Heartbeat CPU 0 instructions: 2000006 cycles: 1874932 heartbeat IPC: 1.414 cumulative IPC: 1.067 (Simulation time: 00 hr 00 min 08 sec)
Heartbeat CPU 0 instructions: 2500008 cycles: 1984683 heartbeat IPC: 4.556 cumulative IPC: 1.26 (Simulation time: 00 hr 00 min 10 sec)
Heartbeat CPU 0 instructions: 3000010 cycles: 2088141 heartbeat IPC: 4.833 cumulative IPC: 1.437 (Simulation time: 00 hr 00 min 11 sec)
Heartbeat CPU 0 instructions: 3500015 cycles: 2199652 heartbeat IPC: 4.484 cumulative IPC: 1.591 (Simulation time: 00 hr 00 min 12 sec)
Heartbeat CPU 0 instructions: 4000017 cycles: 2303888 heartbeat IPC: 4.797 cumulative IPC: 1.736 (Simulation time: 00 hr 00 min 13 sec)
Heartbeat CPU 0 instructions: 4500019 cycles: 2415038 heartbeat IPC: 4.498 cumulative IPC: 1.863 (Simulation time: 00 hr 00 min 14 sec)
Heartbeat CPU 0 instructions: 5000019 cycles: 2519422 heartbeat IPC: 4.79 cumulative IPC: 1.985 (Simulation time: 00 hr 00 min 15 sec)
Heartbeat CPU 0 instructions: 5500025 cycles: 2629468 heartbeat IPC: 4.544 cumulative IPC: 2.092 (Simulation time: 00 hr 00 min 17 sec)
Heartbeat CPU 0 instructions: 6000030 cycles: 2736177 heartbeat IPC: 4.686 cumulative IPC: 2.193 (Simulation time: 00 hr 00 min 18 sec)
Heartbeat CPU 0 instructions: 6500032 cycles: 2847353 heartbeat IPC: 4.497 cumulative IPC: 2.283 (Simulation time: 00 hr 00 min 19 sec)
Heartbeat CPU 0 instructions: 7000034 cycles: 2954038 heartbeat IPC: 4.687 cumulative IPC: 2.37 (Simulation time: 00 hr 00 min 20 sec)
Heartbeat CPU 0 instructions: 7500037 cycles: 3060480 heartbeat IPC: 4.697 cumulative IPC: 2.451 (Simulation time: 00 hr 00 min 21 sec)
Heartbeat CPU 0 instructions: 8000040 cycles: 3171064 heartbeat IPC: 4.521 cumulative IPC: 2.523 (Simulation time: 00 hr 00 min 22 sec)
Heartbeat CPU 0 instructions: 8500046 cycles: 3276628 heartbeat IPC: 4.737 cumulative IPC: 2.594 (Simulation time: 00 hr 00 min 24 sec)
Heartbeat CPU 0 instructions: 9000047 cycles: 3383873 heartbeat IPC: 4.662 cumulative IPC: 2.66 (Simulation time: 00 hr 00 min 25 sec)
Heartbeat CPU 0 instructions: 9500049 cycles: 3494218 heartbeat IPC: 4.531 cumulative IPC: 2.719 (Simulation time: 00 hr 00 min 26 sec)
Warmup finished CPU 0 instructions: 10000007 cycles: 3599346 cumulative IPC: 2.778 (Simulation time: 00 hr 00 min 27 sec)
Warmup complete CPU 0 instructions: 10000007 cycles: 3599346 cumulative IPC: 2.778 (Simulation time: 00 hr 00 min 27 sec)
Heartbeat CPU 0 instructions: 10000055 cycles: 3599352 heartbeat IPC: 4.756 cumulative IPC: 8 (Simulation time: 00 hr 00 min 27 sec)
Heartbeat CPU 0 instructions: 10500062 cycles: 6414436 heartbeat IPC: 0.1776 cumulative IPC: 0.1776 (Simulation time: 00 hr 00 min 36 sec)
Heartbeat CPU 0 instructions: 11000062 cycles: 9148973 heartbeat IPC: 0.1828 cumulative IPC: 0.1802 (Simulation time: 00 hr 00 min 45 sec)
Heartbeat CPU 0 instructions: 11500065 cycles: 11903987 heartbeat IPC: 0.1815 cumulative IPC: 0.1806 (Simulation time: 00 hr 00 min 54 sec)
Heartbeat CPU 0 instructions: 12000065 cycles: 14628254 heartbeat IPC: 0.1835 cumulative IPC: 0.1813 (Simulation time: 00 hr 01 min 04 sec)
Heartbeat CPU 0 instructions: 12500071 cycles: 17333635 heartbeat IPC: 0.1848 cumulative IPC: 0.182 (Simulation time: 00 hr 01 min 13 sec)
Heartbeat CPU 0 instructions: 13000078 cycles: 20074012 heartbeat IPC: 0.1825 cumulative IPC: 0.1821 (Simulation time: 00 hr 01 min 22 sec)
Heartbeat CPU 0 instructions: 13500081 cycles: 22882189 heartbeat IPC: 0.1781 cumulative IPC: 0.1815 (Simulation time: 00 hr 01 min 31 sec)
Heartbeat CPU 0 instructions: 14000087 cycles: 25685441 heartbeat IPC: 0.1784 cumulative IPC: 0.1811 (Simulation time: 00 hr 01 min 40 sec)
Heartbeat CPU 0 instructions: 14500092 cycles: 28509246 heartbeat IPC: 0.1771 cumulative IPC: 0.1807 (Simulation time: 00 hr 01 min 49 sec)
Heartbeat CPU 0 instructions: 15000096 cycles: 31387277 heartbeat IPC: 0.1737 cumulative IPC: 0.1799 (Simulation time: 00 hr 01 min 59 sec)
Heartbeat CPU 0 instructions: 15500098 cycles: 34229776 heartbeat IPC: 0.1759 cumulative IPC: 0.1796 (Simulation time: 00 hr 02 min 08 sec)
Heartbeat CPU 0 instructions: 16000099 cycles: 37121751 heartbeat IPC: 0.1729 cumulative IPC: 0.179 (Simulation time: 00 hr 02 min 17 sec)
Heartbeat CPU 0 instructions: 16500100 cycles: 39884881 heartbeat IPC: 0.181 cumulative IPC: 0.1791 (Simulation time: 00 hr 02 min 26 sec)
Heartbeat CPU 0 instructions: 17000100 cycles: 42783052 heartbeat IPC: 0.1725 cumulative IPC: 0.1786 (Simulation time: 00 hr 02 min 35 sec)
Heartbeat CPU 0 instructions: 17500107 cycles: 45670124 heartbeat IPC: 0.1732 cumulative IPC: 0.1783 (Simulation time: 00 hr 02 min 44 sec)
Heartbeat CPU 0 instructions: 18000108 cycles: 48502787 heartbeat IPC: 0.1765 cumulative IPC: 0.1782 (Simulation time: 00 hr 02 min 54 sec)
Heartbeat CPU 0 instructions: 18500110 cycles: 51373906 heartbeat IPC: 0.1741 cumulative IPC: 0.1779 (Simulation time: 00 hr 03 min 03 sec)
Heartbeat CPU 0 instructions: 19000110 cycles: 54297698 heartbeat IPC: 0.171 cumulative IPC: 0.1775 (Simulation time: 00 hr 03 min 12 sec)
Heartbeat CPU 0 instructions: 19500117 cycles: 57039142 heartbeat IPC: 0.1824 cumulative IPC: 0.1778 (Simulation time: 00 hr 03 min 21 sec)
Heartbeat CPU 0 instructions: 20000124 cycles: 59797283 heartbeat IPC: 0.1813 cumulative IPC: 0.1779 (Simulation time: 00 hr 03 min 30 sec)
Heartbeat CPU 0 instructions: 20500130 cycles: 62583884 heartbeat IPC: 0.1794 cumulative IPC: 0.178 (Simulation time: 00 hr 03 min 39 sec)
Heartbeat CPU 0 instructions: 21000135 cycles: 65386070 heartbeat IPC: 0.1784 cumulative IPC: 0.178 (Simulation time: 00 hr 03 min 48 sec)
Heartbeat CPU 0 instructions: 21500142 cycles: 68308391 heartbeat IPC: 0.1711 cumulative IPC: 0.1777 (Simulation time: 00 hr 03 min 57 sec)
Heartbeat CPU 0 instructions: 22000143 cycles: 71125833 heartbeat IPC: 0.1775 cumulative IPC: 0.1777 (Simulation time: 00 hr 04 min 06 sec)
Heartbeat CPU 0 instructions: 22500143 cycles: 73912858 heartbeat IPC: 0.1794 cumulative IPC: 0.1778 (Simulation time: 00 hr 04 min 15 sec)
Heartbeat CPU 0 instructions: 23000143 cycles: 76680111 heartbeat IPC: 0.1807 cumulative IPC: 0.1779 (Simulation time: 00 hr 04 min 24 sec)
Heartbeat CPU 0 instructions: 23500149 cycles: 79486973 heartbeat IPC: 0.1781 cumulative IPC: 0.1779 (Simulation time: 00 hr 04 min 33 sec)
Heartbeat CPU 0 instructions: 24000149 cycles: 82305941 heartbeat IPC: 0.1774 cumulative IPC: 0.1779 (Simulation time: 00 hr 04 min 42 sec)
Heartbeat CPU 0 instructions: 24500155 cycles: 85142023 heartbeat IPC: 0.1763 cumulative IPC: 0.1778 (Simulation time: 00 hr 04 min 52 sec)
Heartbeat CPU 0 instructions: 25000156 cycles: 87981572 heartbeat IPC: 0.1761 cumulative IPC: 0.1778 (Simulation time: 00 hr 05 min 01 sec)
Heartbeat CPU 0 instructions: 25500156 cycles: 90788244 heartbeat IPC: 0.1781 cumulative IPC: 0.1778 (Simulation time: 00 hr 05 min 09 sec)
Heartbeat CPU 0 instructions: 26000156 cycles: 93787930 heartbeat IPC: 0.1667 cumulative IPC: 0.1774 (Simulation time: 00 hr 05 min 19 sec)
Heartbeat CPU 0 instructions: 26500160 cycles: 96650935 heartbeat IPC: 0.1746 cumulative IPC: 0.1773 (Simulation time: 00 hr 05 min 28 sec)
Heartbeat CPU 0 instructions: 27000161 cycles: 99569038 heartbeat IPC: 0.1713 cumulative IPC: 0.1771 (Simulation time: 00 hr 05 min 37 sec)
Heartbeat CPU 0 instructions: 27500163 cycles: 102412793 heartbeat IPC: 0.1758 cumulative IPC: 0.1771 (Simulation time: 00 hr 05 min 46 sec)
Heartbeat CPU 0 instructions: 28000167 cycles: 105235789 heartbeat IPC: 0.1771 cumulative IPC: 0.1771 (Simulation time: 00 hr 05 min 55 sec)
Heartbeat CPU 0 instructions: 28500171 cycles: 108008172 heartbeat IPC: 0.1804 cumulative IPC: 0.1772 (Simulation time: 00 hr 06 min 04 sec)
Heartbeat CPU 0 instructions: 29000174 cycles: 110787794 heartbeat IPC: 0.1799 cumulative IPC: 0.1773 (Simulation time: 00 hr 06 min 13 sec)
Heartbeat CPU 0 instructions: 29500181 cycles: 113584982 heartbeat IPC: 0.1788 cumulative IPC: 0.1773 (Simulation time: 00 hr 06 min 22 sec)
Heartbeat CPU 0 instructions: 30000184 cycles: 116372932 heartbeat IPC: 0.1793 cumulative IPC: 0.1773 (Simulation time: 00 hr 06 min 31 sec)
Heartbeat CPU 0 instructions: 30500184 cycles: 119142668 heartbeat IPC: 0.1805 cumulative IPC: 0.1774 (Simulation time: 00 hr 06 min 40 sec)
Heartbeat CPU 0 instructions: 31000185 cycles: 122120984 heartbeat IPC: 0.1679 cumulative IPC: 0.1772 (Simulation time: 00 hr 06 min 49 sec)
Heartbeat CPU 0 instructions: 31500186 cycles: 124982504 heartbeat IPC: 0.1747 cumulative IPC: 0.1771 (Simulation time: 00 hr 06 min 59 sec)
Heartbeat CPU 0 instructions: 32000187 cycles: 127816937 heartbeat IPC: 0.1764 cumulative IPC: 0.1771 (Simulation time: 00 hr 07 min 08 sec)
Heartbeat CPU 0 instructions: 32500188 cycles: 130725723 heartbeat IPC: 0.1719 cumulative IPC: 0.177 (Simulation time: 00 hr 07 min 17 sec)
Heartbeat CPU 0 instructions: 33000195 cycles: 133622765 heartbeat IPC: 0.1726 cumulative IPC: 0.1769 (Simulation time: 00 hr 07 min 26 sec)
Heartbeat CPU 0 instructions: 33500201 cycles: 136436050 heartbeat IPC: 0.1777 cumulative IPC: 0.1769 (Simulation time: 00 hr 07 min 35 sec)
Heartbeat CPU 0 instructions: 34000205 cycles: 139246114 heartbeat IPC: 0.1779 cumulative IPC: 0.1769 (Simulation time: 00 hr 07 min 44 sec)
Heartbeat CPU 0 instructions: 34500207 cycles: 142101849 heartbeat IPC: 0.1751 cumulative IPC: 0.1769 (Simulation time: 00 hr 07 min 53 sec)
Heartbeat CPU 0 instructions: 35000212 cycles: 145018733 heartbeat IPC: 0.1714 cumulative IPC: 0.1768 (Simulation time: 00 hr 08 min 02 sec)
Heartbeat CPU 0 instructions: 35500214 cycles: 147875206 heartbeat IPC: 0.175 cumulative IPC: 0.1767 (Simulation time: 00 hr 08 min 11 sec)
Heartbeat CPU 0 instructions: 36000214 cycles: 150759386 heartbeat IPC: 0.1734 cumulative IPC: 0.1767 (Simulation time: 00 hr 08 min 20 sec)
Heartbeat CPU 0 instructions: 36500215 cycles: 153604169 heartbeat IPC: 0.1758 cumulative IPC: 0.1767 (Simulation time: 00 hr 08 min 29 sec)
Heartbeat CPU 0 instructions: 37000220 cycles: 156359574 heartbeat IPC: 0.1815 cumulative IPC: 0.1767 (Simulation time: 00 hr 08 min 38 sec)
Heartbeat CPU 0 instructions: 37500223 cycles: 159183904 heartbeat IPC: 0.177 cumulative IPC: 0.1768 (Simulation time: 00 hr 08 min 47 sec)
Heartbeat CPU 0 instructions: 38000225 cycles: 162091425 heartbeat IPC: 0.172 cumulative IPC: 0.1767 (Simulation time: 00 hr 08 min 56 sec)
Heartbeat CPU 0 instructions: 38500227 cycles: 165045653 heartbeat IPC: 0.1692 cumulative IPC: 0.1765 (Simulation time: 00 hr 09 min 06 sec)
Heartbeat CPU 0 instructions: 39000227 cycles: 167890733 heartbeat IPC: 0.1757 cumulative IPC: 0.1765 (Simulation time: 00 hr 09 min 15 sec)
Heartbeat CPU 0 instructions: 39500227 cycles: 170749263 heartbeat IPC: 0.1749 cumulative IPC: 0.1765 (Simulation time: 00 hr 09 min 24 sec)
Heartbeat CPU 0 instructions: 40000230 cycles: 173589892 heartbeat IPC: 0.176 cumulative IPC: 0.1765 (Simulation time: 00 hr 09 min 33 sec)
Heartbeat CPU 0 instructions: 40500234 cycles: 176901920 heartbeat IPC: 0.151 cumulative IPC: 0.176 (Simulation time: 00 hr 09 min 44 sec)
Heartbeat CPU 0 instructions: 41000236 cycles: 179737586 heartbeat IPC: 0.1763 cumulative IPC: 0.176 (Simulation time: 00 hr 09 min 53 sec)
Heartbeat CPU 0 instructions: 41500236 cycles: 182546162 heartbeat IPC: 0.178 cumulative IPC: 0.176 (Simulation time: 00 hr 10 min 02 sec)
Heartbeat CPU 0 instructions: 42000243 cycles: 185713804 heartbeat IPC: 0.1578 cumulative IPC: 0.1757 (Simulation time: 00 hr 10 min 12 sec)
Heartbeat CPU 0 instructions: 42500245 cycles: 188507533 heartbeat IPC: 0.179 cumulative IPC: 0.1758 (Simulation time: 00 hr 10 min 21 sec)
Heartbeat CPU 0 instructions: 43000252 cycles: 191404553 heartbeat IPC: 0.1726 cumulative IPC: 0.1757 (Simulation time: 00 hr 10 min 30 sec)
Heartbeat CPU 0 instructions: 43500253 cycles: 194245876 heartbeat IPC: 0.176 cumulative IPC: 0.1757 (Simulation time: 00 hr 10 min 39 sec)
Heartbeat CPU 0 instructions: 44000256 cycles: 197098718 heartbeat IPC: 0.1753 cumulative IPC: 0.1757 (Simulation time: 00 hr 10 min 49 sec)
Heartbeat CPU 0 instructions: 44500257 cycles: 199990043 heartbeat IPC: 0.1729 cumulative IPC: 0.1757 (Simulation time: 00 hr 10 min 58 sec)
Heartbeat CPU 0 instructions: 45000257 cycles: 202842902 heartbeat IPC: 0.1753 cumulative IPC: 0.1757 (Simulation time: 00 hr 11 min 07 sec)
Heartbeat CPU 0 instructions: 45500258 cycles: 205672232 heartbeat IPC: 0.1767 cumulative IPC: 0.1757 (Simulation time: 00 hr 11 min 16 sec)
Heartbeat CPU 0 instructions: 46000259 cycles: 208562255 heartbeat IPC: 0.173 cumulative IPC: 0.1756 (Simulation time: 00 hr 11 min 26 sec)
Heartbeat CPU 0 instructions: 46500260 cycles: 211437998 heartbeat IPC: 0.1739 cumulative IPC: 0.1756 (Simulation time: 00 hr 11 min 35 sec)
Heartbeat CPU 0 instructions: 47000267 cycles: 214313887 heartbeat IPC: 0.1739 cumulative IPC: 0.1756 (Simulation time: 00 hr 11 min 44 sec)
Heartbeat CPU 0 instructions: 47500269 cycles: 217453779 heartbeat IPC: 0.1592 cumulative IPC: 0.1754 (Simulation time: 00 hr 11 min 54 sec)
Heartbeat CPU 0 instructions: 48000269 cycles: 220321806 heartbeat IPC: 0.1743 cumulative IPC: 0.1753 (Simulation time: 00 hr 12 min 03 sec)
Heartbeat CPU 0 instructions: 48500273 cycles: 223203844 heartbeat IPC: 0.1735 cumulative IPC: 0.1753 (Simulation time: 00 hr 12 min 13 sec)
Heartbeat CPU 0 instructions: 49000273 cycles: 226142601 heartbeat IPC: 0.1701 cumulative IPC: 0.1752 (Simulation time: 00 hr 12 min 22 sec)
Heartbeat CPU 0 instructions: 49500273 cycles: 229078992 heartbeat IPC: 0.1703 cumulative IPC: 0.1752 (Simulation time: 00 hr 12 min 32 sec)
Heartbeat CPU 0 instructions: 50000273 cycles: 232003025 heartbeat IPC: 0.171 cumulative IPC: 0.1751 (Simulation time: 00 hr 12 min 41 sec)
Heartbeat CPU 0 instructions: 50500273 cycles: 234896523 heartbeat IPC: 0.1728 cumulative IPC: 0.1751 (Simulation time: 00 hr 12 min 50 sec)
Heartbeat CPU 0 instructions: 51000273 cycles: 237753855 heartbeat IPC: 0.175 cumulative IPC: 0.1751 (Simulation time: 00 hr 12 min 59 sec)
Heartbeat CPU 0 instructions: 51500275 cycles: 240910322 heartbeat IPC: 0.1584 cumulative IPC: 0.1749 (Simulation time: 00 hr 13 min 10 sec)
Heartbeat CPU 0 instructions: 52000279 cycles: 243805549 heartbeat IPC: 0.1727 cumulative IPC: 0.1749 (Simulation time: 00 hr 13 min 19 sec)
Heartbeat CPU 0 instructions: 52500279 cycles: 246607151 heartbeat IPC: 0.1785 cumulative IPC: 0.1749 (Simulation time: 00 hr 13 min 28 sec)
Heartbeat CPU 0 instructions: 53000284 cycles: 249727241 heartbeat IPC: 0.1603 cumulative IPC: 0.1747 (Simulation time: 00 hr 13 min 38 sec)
Heartbeat CPU 0 instructions: 53500289 cycles: 252559656 heartbeat IPC: 0.1765 cumulative IPC: 0.1747 (Simulation time: 00 hr 13 min 47 sec)
Heartbeat CPU 0 instructions: 54000293 cycles: 255358429 heartbeat IPC: 0.1787 cumulative IPC: 0.1748 (Simulation time: 00 hr 13 min 56 sec)
Heartbeat CPU 0 instructions: 54500293 cycles: 258193342 heartbeat IPC: 0.1764 cumulative IPC: 0.1748 (Simulation time: 00 hr 14 min 05 sec)
Heartbeat CPU 0 instructions: 55000297 cycles: 261080545 heartbeat IPC: 0.1732 cumulative IPC: 0.1748 (Simulation time: 00 hr 14 min 14 sec)
Heartbeat CPU 0 instructions: 55500297 cycles: 264027764 heartbeat IPC: 0.1697 cumulative IPC: 0.1747 (Simulation time: 00 hr 14 min 24 sec)
Heartbeat CPU 0 instructions: 56000299 cycles: 266938039 heartbeat IPC: 0.1718 cumulative IPC: 0.1747 (Simulation time: 00 hr 14 min 33 sec)
Heartbeat CPU 0 instructions: 56500301 cycles: 269740423 heartbeat IPC: 0.1784 cumulative IPC: 0.1747 (Simulation time: 00 hr 14 min 42 sec)
Heartbeat CPU 0 instructions: 57000306 cycles: 272629657 heartbeat IPC: 0.1731 cumulative IPC: 0.1747 (Simulation time: 00 hr 14 min 51 sec)
Heartbeat CPU 0 instructions: 57500307 cycles: 275530263 heartbeat IPC: 0.1724 cumulative IPC: 0.1747 (Simulation time: 00 hr 30 min 00 sec)
Heartbeat CPU 0 instructions: 58000308 cycles: 278684208 heartbeat IPC: 0.1585 cumulative IPC: 0.1745 (Simulation time: 00 hr 30 min 10 sec)
Heartbeat CPU 0 instructions: 58500314 cycles: 281625050 heartbeat IPC: 0.17 cumulative IPC: 0.1744 (Simulation time: 00 hr 30 min 20 sec)
Heartbeat CPU 0 instructions: 59000314 cycles: 284443612 heartbeat IPC: 0.1774 cumulative IPC: 0.1745 (Simulation time: 00 hr 30 min 29 sec)
Heartbeat CPU 0 instructions: 59500319 cycles: 287251964 heartbeat IPC: 0.178 cumulative IPC: 0.1745 (Simulation time: 00 hr 30 min 38 sec)
Simulation finished CPU 0 instructions: 50000001 cycles: 286471434 cumulative IPC: 0.1745 (Simulation time: 00 hr 30 min 47 sec)
Simulation complete CPU 0 instructions: 50000001 cycles: 286471434 cumulative IPC: 0.1745 (Simulation time: 00 hr 30 min 47 sec)

ChampSim completed all CPUs

=== Simulation ===
CPU 0 runs traces/bc-12.trace.gz

Region of Interest Statistics

CPU 0 cumulative IPC: 0.1745 instructions: 50000001 cycles: 286471434
CPU 0 Branch Prediction Accuracy: 84.24% MPKI: 27.38 Average ROB Occupancy at Mispredict: 36.94
Branch type MPKI
BRANCH_DIRECT_JUMP: 0
BRANCH_INDIRECT: 0
BRANCH_CONDITIONAL: 27.38
BRANCH_DIRECT_CALL: 0
BRANCH_INDIRECT_CALL: 0
BRANCH_RETURN: 0

cpu0->cpu0_STLB TOTAL        ACCESS:    1668395 HIT:     899435 MISS:     768960 MSHR_MERGE:          0
cpu0->cpu0_STLB LOAD         ACCESS:    1668395 HIT:     899435 MISS:     768960 MSHR_MERGE:          0
cpu0->cpu0_STLB RFO          ACCESS:          0 HIT:          0 MISS:          0 MSHR_MERGE:          0
cpu0->cpu0_STLB PREFETCH     ACCESS:          0 HIT:          0 MISS:          0 MSHR_MERGE:          0
cpu0->cpu0_STLB WRITE        ACCESS:          0 HIT:          0 MISS:          0 MSHR_MERGE:          0
cpu0->cpu0_STLB TRANSLATION  ACCESS:          0 HIT:          0 MISS:          0 MSHR_MERGE:          0
cpu0->cpu0_STLB PREFETCH REQUESTED:          0 ISSUED:          0 USEFUL:          0 USELESS:          0
cpu0->cpu0_STLB AVERAGE MISS LATENCY: 16.08 cycles
cpu0->cpu0_L2C TOTAL        ACCESS:    6290734 HIT:    3777889 MISS:    2512845 MSHR_MERGE:      10493
cpu0->cpu0_L2C LOAD         ACCESS:    4106863 HIT:    1868701 MISS:    2238162 MSHR_MERGE:       5050
cpu0->cpu0_L2C RFO          ACCESS:      27608 HIT:       2633 MISS:      24975 MSHR_MERGE:          0
cpu0->cpu0_L2C PREFETCH     ACCESS:     367692 HIT:     120553 MISS:     247139 MSHR_MERGE:       5443
cpu0->cpu0_L2C WRITE        ACCESS:    1528900 HIT:    1528886 MISS:         14 MSHR_MERGE:          0
cpu0->cpu0_L2C TRANSLATION  ACCESS:     259671 HIT:     257116 MISS:       2555 MSHR_MERGE:          0
cpu0->cpu0_L2C PREFETCH REQUESTED:     367701 ISSUED:     367688 USEFUL:     171177 USELESS:      66049
cpu0->cpu0_L2C AVERAGE MISS LATENCY: 214.4 cycles
cpu0->cpu0_L1I TOTAL        ACCESS:     121419 HIT:     121419 MISS:          0 MSHR_MERGE:          0
cpu0->cpu0_L1I LOAD         ACCESS:     121419 HIT:     121419 MISS:          0 MSHR_MERGE:          0
cpu0->cpu0_L1I RFO          ACCESS:          0 HIT:          0 MISS:          0 MSHR_MERGE:          0
cpu0->cpu0_L1I PREFETCH     ACCESS:          0 HIT:          0 MISS:          0 MSHR_MERGE:          0
cpu0->cpu0_L1I WRITE        ACCESS:          0 HIT:          0 MISS:          0 MSHR_MERGE:          0
cpu0->cpu0_L1I TRANSLATION  ACCESS:          0 HIT:          0 MISS:          0 MSHR_MERGE:          0
cpu0->cpu0_L1I PREFETCH REQUESTED:          0 ISSUED:          0 USEFUL:          0 USELESS:          0
cpu0->cpu0_L1I AVERAGE MISS LATENCY: - cycles
cpu0->cpu0_L1D TOTAL        ACCESS:   18067296 HIT:   13444293 MISS:    4623003 MSHR_MERGE:     228861
cpu0->cpu0_L1D LOAD         ACCESS:   13447144 HIT:    9165740 MISS:    4281404 MSHR_MERGE:     174541
cpu0->cpu0_L1D RFO          ACCESS:          0 HIT:          0 MISS:          0 MSHR_MERGE:          0
cpu0->cpu0_L1D PREFETCH     ACCESS:          0 HIT:          0 MISS:          0 MSHR_MERGE:          0
cpu0->cpu0_L1D WRITE        ACCESS:    3108170 HIT:    3039458 MISS:      68712 MSHR_MERGE:      41103
cpu0->cpu0_L1D TRANSLATION  ACCESS:    1511982 HIT:    1239095 MISS:     272887 MSHR_MERGE:      13217
cpu0->cpu0_L1D PREFETCH REQUESTED:          0 ISSUED:          0 USEFUL:          0 USELESS:          0
cpu0->cpu0_L1D AVERAGE MISS LATENCY: 119.2 cycles
cpu0->cpu0_ITLB TOTAL        ACCESS:     108085 HIT:     108085 MISS:          0 MSHR_MERGE:          0
cpu0->cpu0_ITLB LOAD         ACCESS:     108085 HIT:     108085 MISS:          0 MSHR_MERGE:          0
cpu0->cpu0_ITLB RFO          ACCESS:          0 HIT:          0 MISS:          0 MSHR_MERGE:          0
cpu0->cpu0_ITLB PREFETCH     ACCESS:          0 HIT:          0 MISS:          0 MSHR_MERGE:          0
cpu0->cpu0_ITLB WRITE        ACCESS:          0 HIT:          0 MISS:          0 MSHR_MERGE:          0
cpu0->cpu0_ITLB TRANSLATION  ACCESS:          0 HIT:          0 MISS:          0 MSHR_MERGE:          0
cpu0->cpu0_ITLB PREFETCH REQUESTED:          0 ISSUED:          0 USEFUL:          0 USELESS:          0
cpu0->cpu0_ITLB AVERAGE MISS LATENCY: - cycles
cpu0->cpu0_DTLB TOTAL        ACCESS:   16377627 HIT:   14338247 MISS:    2039380 MSHR_MERGE:     370985
cpu0->cpu0_DTLB LOAD         ACCESS:   16377627 HIT:   14338247 MISS:    2039380 MSHR_MERGE:     370985
cpu0->cpu0_DTLB RFO          ACCESS:          0 HIT:          0 MISS:          0 MSHR_MERGE:          0
cpu0->cpu0_DTLB PREFETCH     ACCESS:          0 HIT:          0 MISS:          0 MSHR_MERGE:          0
cpu0->cpu0_DTLB WRITE        ACCESS:          0 HIT:          0 MISS:          0 MSHR_MERGE:          0
cpu0->cpu0_DTLB TRANSLATION  ACCESS:          0 HIT:          0 MISS:          0 MSHR_MERGE:          0
cpu0->cpu0_DTLB PREFETCH REQUESTED:          0 ISSUED:          0 USEFUL:          0 USELESS:          0
cpu0->cpu0_DTLB AVERAGE MISS LATENCY: 12.88 cycles
cpu0->LLC TOTAL        ACCESS:    3699379 HIT:    1571486 MISS:    2127893 MSHR_MERGE:       3191
cpu0->LLC LOAD         ACCESS:    2233112 HIT:     957046 MISS:    1276066 MSHR_MERGE:       2802
cpu0->LLC RFO          ACCESS:      24975 HIT:       5400 MISS:      19575 MSHR_MERGE:          0
cpu0->LLC PREFETCH     ACCESS:     241697 HIT:      27510 MISS:     214187 MSHR_MERGE:        389
cpu0->LLC WRITE        ACCESS:    1197040 HIT:     581494 MISS:     615546 MSHR_MERGE:          0
cpu0->LLC TRANSLATION  ACCESS:       2555 HIT:         36 MISS:       2519 MSHR_MERGE:          0
cpu0->LLC PREFETCH REQUESTED:          0 ISSUED:          0 USEFUL:          0 USELESS:          0
cpu0->LLC AVERAGE MISS LATENCY: 231.5 cycles

DRAM Statistics

Channel 0 RQ ROW_BUFFER_HIT:       7427
  ROW_BUFFER_MISS:    1500703
  AVG DBUS CONGESTED CYCLE: 3.927
Channel 0 WQ ROW_BUFFER_HIT:     115668
  ROW_BUFFER_MISS:     591477
  FULL:          0
Channel 0 REFRESHES ISSUED:      23873
