[VMEM] WARNING: physical memory size is smaller than virtual memory size.

*** ChampSim Multicore Out-of-Order Simulator ***
Warmup Instructions: 10000000
Simulation Instructions: 50000000
Number of CPUs: 1
Page size: 4096
Core 0: traces/bfs-10.trace.gz
Off-chip DRAM Size: 64 GiB Channels: 1 Width: 64-bit Data Rate: 800 MT/s
Heartbeat CPU 0 instructions: 500001 cycles: 118983 heartbeat IPC: 4.202 cumulative IPC: 4.202 (Simulation time: 00 hr 00 min 01 sec)
Heartbeat CPU 0 instructions: 1000002 cycles: 233514 heartbeat IPC: 4.366 cumulative IPC: 4.282 (Simulation time: 00 hr 00 min 02 sec)
Heartbeat CPU 0 instructions: 1500006 cycles: 347548 heartbeat IPC: 4.385 cumulative IPC: 4.316 (Simulation time: 00 hr 00 min 03 sec)
Heartbeat CPU 0 instructions: 2000013 cycles: 462583 heartbeat IPC: 4.347 cumulative IPC: 4.324 (Simulation time: 00 hr 00 min 04 sec)
Heartbeat CPU 0 instructions: 2500014 cycles: 576760 heartbeat IPC: 4.379 cumulative IPC: 4.335 (Simulation time: 00 hr 00 min 05 sec)
Heartbeat CPU 0 instructions: 3000016 cycles: 691296 heartbeat IPC: 4.365 cumulative IPC: 4.34 (Simulation time: 00 hr 00 min 06 sec)
Heartbeat CPU 0 instructions: 3500020 cycles: 805624 heartbeat IPC: 4.373 cumulative IPC: 4.344 (Simulation time: 00 hr 00 min 08 sec)
Heartbeat CPU 0 instructions: 4000025 cycles: 919582 heartbeat IPC: 4.388 cumulative IPC: 4.35 (Simulation time: 00 hr 00 min 09 sec)
Heartbeat CPU 0 instructions: 4500028 cycles: 1033321 heartbeat IPC: 4.396 cumulative IPC: 4.355 (Simulation time: 00 hr 00 min 10 sec)
Heartbeat CPU 0 instructions: 5000035 cycles: 1148566 heartbeat IPC: 4.339 cumulative IPC: 4.353 (Simulation time: 00 hr 13 min 33 sec)
Heartbeat CPU 0 instructions: 5500036 cycles: 1263099 heartbeat IPC: 4.366 cumulative IPC: 4.354 (Simulation time: 00 hr 13 min 34 sec)
Heartbeat CPU 0 instructions: 6000042 cycles: 1376950 heartbeat IPC: 4.392 cumulative IPC: 4.357 (Simulation time: 00 hr 13 min 35 sec)
Heartbeat CPU 0 instructions: 6500049 cycles: 1490124 heartbeat IPC: 4.418 cumulative IPC: 4.362 (Simulation time: 00 hr 13 min 36 sec)
Heartbeat CPU 0 instructions: 7000052 cycles: 1603752 heartbeat IPC: 4.4 cumulative IPC: 4.365 (Simulation time: 00 hr 13 min 37 sec)
Heartbeat CPU 0 instructions: 7500052 cycles: 1719068 heartbeat IPC: 4.336 cumulative IPC: 4.363 (Simulation time: 00 hr 13 min 38 sec)
Heartbeat CPU 0 instructions: 8000054 cycles: 1832980 heartbeat IPC: 4.389 cumulative IPC: 4.365 (Simulation time: 00 hr 13 min 39 sec)
Heartbeat CPU 0 instructions: 8500060 cycles: 1947628 heartbeat IPC: 4.361 cumulative IPC: 4.364 (Simulation time: 00 hr 13 min 40 sec)
Heartbeat CPU 0 instructions: 9000064 cycles: 2062130 heartbeat IPC: 4.367 cumulative IPC: 4.364 (Simulation time: 00 hr 13 min 41 sec)
Heartbeat CPU 0 instructions: 9500070 cycles: 2175691 heartbeat IPC: 4.403 cumulative IPC: 4.366 (Simulation time: 00 hr 13 min 42 sec)
Warmup finished CPU 0 instructions: 10000002 cycles: 2290664 cumulative IPC: 4.366 (Simulation time: 00 hr 13 min 43 sec)
Warmup complete CPU 0 instructions: 10000002 cycles: 2290664 cumulative IPC: 4.366 (Simulation time: 00 hr 13 min 43 sec)
Heartbeat CPU 0 instructions: 10000075 cycles: 2290692 heartbeat IPC: 4.348 cumulative IPC: 2.607 (Simulation time: 00 hr 13 min 43 sec)
Heartbeat CPU 0 instructions: 10500075 cycles: 3490859 heartbeat IPC: 0.4166 cumulative IPC: 0.4167 (Simulation time: 00 hr 13 min 47 sec)
Heartbeat CPU 0 instructions: 11000076 cycles: 5016023 heartbeat IPC: 0.3278 cumulative IPC: 0.367 (Simulation time: 00 hr 13 min 51 sec)
Heartbeat CPU 0 instructions: 11500077 cycles: 6580789 heartbeat IPC: 0.3195 cumulative IPC: 0.3497 (Simulation time: 00 hr 13 min 56 sec)
Heartbeat CPU 0 instructions: 12000077 cycles: 8145413 heartbeat IPC: 0.3196 cumulative IPC: 0.3416 (Simulation time: 00 hr 14 min 01 sec)
Heartbeat CPU 0 instructions: 12500078 cycles: 9706436 heartbeat IPC: 0.3203 cumulative IPC: 0.3371 (Simulation time: 00 hr 14 min 06 sec)
Heartbeat CPU 0 instructions: 13000078 cycles: 11270410 heartbeat IPC: 0.3197 cumulative IPC: 0.3341 (Simulation time: 00 hr 14 min 10 sec)
Heartbeat CPU 0 instructions: 13500080 cycles: 12802985 heartbeat IPC: 0.3262 cumulative IPC: 0.333 (Simulation time: 00 hr 14 min 15 sec)
Heartbeat CPU 0 instructions: 14000081 cycles: 14306211 heartbeat IPC: 0.3326 cumulative IPC: 0.3329 (Simulation time: 00 hr 14 min 20 sec)
Heartbeat CPU 0 instructions: 14500081 cycles: 15818321 heartbeat IPC: 0.3307 cumulative IPC: 0.3327 (Simulation time: 00 hr 14 min 25 sec)
Heartbeat CPU 0 instructions: 15000086 cycles: 17330568 heartbeat IPC: 0.3306 cumulative IPC: 0.3325 (Simulation time: 00 hr 14 min 29 sec)
Heartbeat CPU 0 instructions: 15500086 cycles: 18787294 heartbeat IPC: 0.3432 cumulative IPC: 0.3334 (Simulation time: 00 hr 14 min 34 sec)
Heartbeat CPU 0 instructions: 16000086 cycles: 20286448 heartbeat IPC: 0.3335 cumulative IPC: 0.3334 (Simulation time: 00 hr 14 min 38 sec)
Heartbeat CPU 0 instructions: 16500086 cycles: 21786192 heartbeat IPC: 0.3334 cumulative IPC: 0.3334 (Simulation time: 00 hr 14 min 43 sec)
Heartbeat CPU 0 instructions: 17000090 cycles: 23275254 heartbeat IPC: 0.3358 cumulative IPC: 0.3336 (Simulation time: 00 hr 14 min 48 sec)
Heartbeat CPU 0 instructions: 17500094 cycles: 24778160 heartbeat IPC: 0.3327 cumulative IPC: 0.3335 (Simulation time: 00 hr 14 min 52 sec)
Heartbeat CPU 0 instructions: 18000094 cycles: 26243367 heartbeat IPC: 0.3412 cumulative IPC: 0.334 (Simulation time: 00 hr 14 min 57 sec)
Heartbeat CPU 0 instructions: 18500094 cycles: 27760136 heartbeat IPC: 0.3296 cumulative IPC: 0.3337 (Simulation time: 00 hr 15 min 02 sec)
Heartbeat CPU 0 instructions: 19000094 cycles: 29258409 heartbeat IPC: 0.3337 cumulative IPC: 0.3337 (Simulation time: 00 hr 15 min 06 sec)
Heartbeat CPU 0 instructions: 19500094 cycles: 30739359 heartbeat IPC: 0.3376 cumulative IPC: 0.3339 (Simulation time: 00 hr 15 min 11 sec)
Heartbeat CPU 0 instructions: 20000094 cycles: 32227138 heartbeat IPC: 0.3361 cumulative IPC: 0.334 (Simulation time: 00 hr 15 min 15 sec)
Heartbeat CPU 0 instructions: 20500094 cycles: 33689000 heartbeat IPC: 0.342 cumulative IPC: 0.3344 (Simulation time: 00 hr 15 min 20 sec)
Heartbeat CPU 0 instructions: 21000094 cycles: 35200932 heartbeat IPC: 0.3307 cumulative IPC: 0.3342 (Simulation time: 00 hr 15 min 25 sec)
Heartbeat CPU 0 instructions: 21500094 cycles: 36707474 heartbeat IPC: 0.3319 cumulative IPC: 0.3341 (Simulation time: 00 hr 15 min 30 sec)
Heartbeat CPU 0 instructions: 22000095 cycles: 38200455 heartbeat IPC: 0.3349 cumulative IPC: 0.3342 (Simulation time: 00 hr 15 min 35 sec)
Heartbeat CPU 0 instructions: 22500095 cycles: 39702958 heartbeat IPC: 0.3328 cumulative IPC: 0.3341 (Simulation time: 00 hr 15 min 39 sec)
Heartbeat CPU 0 instructions: 23000095 cycles: 41180980 heartbeat IPC: 0.3383 cumulative IPC: 0.3343 (Simulation time: 00 hr 15 min 44 sec)
Heartbeat CPU 0 instructions: 23500095 cycles: 42697808 heartbeat IPC: 0.3296 cumulative IPC: 0.3341 (Simulation time: 00 hr 15 min 49 sec)
Heartbeat CPU 0 instructions: 24000096 cycles: 44190188 heartbeat IPC: 0.335 cumulative IPC: 0.3341 (Simulation time: 00 hr 15 min 54 sec)
Heartbeat CPU 0 instructions: 24500097 cycles: 45702115 heartbeat IPC: 0.3307 cumulative IPC: 0.334 (Simulation time: 00 hr 15 min 58 sec)
Heartbeat CPU 0 instructions: 25000102 cycles: 47185520 heartbeat IPC: 0.3371 cumulative IPC: 0.3341 (Simulation time: 00 hr 16 min 03 sec)
Heartbeat CPU 0 instructions: 25500103 cycles: 48697341 heartbeat IPC: 0.3307 cumulative IPC: 0.334 (Simulation time: 00 hr 16 min 08 sec)
Heartbeat CPU 0 instructions: 26000103 cycles: 50213265 heartbeat IPC: 0.3298 cumulative IPC: 0.3339 (Simulation time: 00 hr 16 min 12 sec)
Heartbeat CPU 0 instructions: 26500109 cycles: 51719020 heartbeat IPC: 0.3321 cumulative IPC: 0.3338 (Simulation time: 00 hr 16 min 17 sec)
Heartbeat CPU 0 instructions: 27000109 cycles: 53215529 heartbeat IPC: 0.3341 cumulative IPC: 0.3338 (Simulation time: 00 hr 16 min 22 sec)
Heartbeat CPU 0 instructions: 27500110 cycles: 54724701 heartbeat IPC: 0.3313 cumulative IPC: 0.3338 (Simulation time: 00 hr 16 min 26 sec)
Heartbeat CPU 0 instructions: 28000110 cycles: 56209223 heartbeat IPC: 0.3368 cumulative IPC: 0.3338 (Simulation time: 00 hr 16 min 31 sec)
Heartbeat CPU 0 instructions: 28500116 cycles: 57706276 heartbeat IPC: 0.334 cumulative IPC: 0.3338 (Simulation time: 00 hr 16 min 36 sec)
Heartbeat CPU 0 instructions: 29000118 cycles: 59181091 heartbeat IPC: 0.339 cumulative IPC: 0.334 (Simulation time: 00 hr 16 min 40 sec)
Heartbeat CPU 0 instructions: 29500119 cycles: 60681787 heartbeat IPC: 0.3332 cumulative IPC: 0.334 (Simulation time: 00 hr 16 min 45 sec)
Heartbeat CPU 0 instructions: 30000123 cycles: 62150458 heartbeat IPC: 0.3404 cumulative IPC: 0.3341 (Simulation time: 00 hr 16 min 50 sec)
Heartbeat CPU 0 instructions: 30500125 cycles: 63651429 heartbeat IPC: 0.3331 cumulative IPC: 0.3341 (Simulation time: 00 hr 16 min 54 sec)
Heartbeat CPU 0 instructions: 31000125 cycles: 65150604 heartbeat IPC: 0.3335 cumulative IPC: 0.3341 (Simulation time: 00 hr 16 min 59 sec)
Heartbeat CPU 0 instructions: 31500126 cycles: 66658772 heartbeat IPC: 0.3315 cumulative IPC: 0.334 (Simulation time: 00 hr 17 min 04 sec)
Heartbeat CPU 0 instructions: 32000132 cycles: 68178804 heartbeat IPC: 0.3289 cumulative IPC: 0.3339 (Simulation time: 00 hr 17 min 08 sec)
Heartbeat CPU 0 instructions: 32500132 cycles: 69685530 heartbeat IPC: 0.3318 cumulative IPC: 0.3339 (Simulation time: 00 hr 17 min 13 sec)
Heartbeat CPU 0 instructions: 33000133 cycles: 71186875 heartbeat IPC: 0.333 cumulative IPC: 0.3338 (Simulation time: 00 hr 17 min 18 sec)
Heartbeat CPU 0 instructions: 33500134 cycles: 72680750 heartbeat IPC: 0.3347 cumulative IPC: 0.3339 (Simulation time: 00 hr 17 min 22 sec)
Heartbeat CPU 0 instructions: 34000135 cycles: 74191798 heartbeat IPC: 0.3309 cumulative IPC: 0.3338 (Simulation time: 00 hr 17 min 27 sec)
Heartbeat CPU 0 instructions: 34500135 cycles: 75692728 heartbeat IPC: 0.3331 cumulative IPC: 0.3338 (Simulation time: 00 hr 17 min 32 sec)
Heartbeat CPU 0 instructions: 35000137 cycles: 77196348 heartbeat IPC: 0.3325 cumulative IPC: 0.3338 (Simulation time: 00 hr 17 min 36 sec)
Heartbeat CPU 0 instructions: 35500138 cycles: 78703110 heartbeat IPC: 0.3318 cumulative IPC: 0.3337 (Simulation time: 00 hr 17 min 41 sec)
Heartbeat CPU 0 instructions: 36000143 cycles: 80218720 heartbeat IPC: 0.3299 cumulative IPC: 0.3336 (Simulation time: 00 hr 17 min 46 sec)
Heartbeat CPU 0 instructions: 36500144 cycles: 81707766 heartbeat IPC: 0.3358 cumulative IPC: 0.3337 (Simulation time: 00 hr 17 min 50 sec)
Heartbeat CPU 0 instructions: 37000147 cycles: 83207427 heartbeat IPC: 0.3334 cumulative IPC: 0.3337 (Simulation time: 00 hr 17 min 55 sec)
Heartbeat CPU 0 instructions: 37500152 cycles: 84708052 heartbeat IPC: 0.3332 cumulative IPC: 0.3337 (Simulation time: 00 hr 18 min 00 sec)
Heartbeat CPU 0 instructions: 38000153 cycles: 86229868 heartbeat IPC: 0.3286 cumulative IPC: 0.3336 (Simulation time: 00 hr 18 min 04 sec)
Heartbeat CPU 0 instructions: 38500153 cycles: 87758396 heartbeat IPC: 0.3271 cumulative IPC: 0.3335 (Simulation time: 00 hr 18 min 09 sec)
Heartbeat CPU 0 instructions: 39000153 cycles: 89248321 heartbeat IPC: 0.3356 cumulative IPC: 0.3335 (Simulation time: 00 hr 18 min 14 sec)
Heartbeat CPU 0 instructions: 39500156 cycles: 90739951 heartbeat IPC: 0.3352 cumulative IPC: 0.3335 (Simulation time: 00 hr 18 min 18 sec)
Heartbeat CPU 0 instructions: 40000156 cycles: 92229414 heartbeat IPC: 0.3357 cumulative IPC: 0.3336 (Simulation time: 00 hr 18 min 23 sec)
Heartbeat CPU 0 instructions: 40500156 cycles: 93743994 heartbeat IPC: 0.3301 cumulative IPC: 0.3335 (Simulation time: 00 hr 18 min 28 sec)
Heartbeat CPU 0 instructions: 41000156 cycles: 95242192 heartbeat IPC: 0.3337 cumulative IPC: 0.3335 (Simulation time: 00 hr 18 min 32 sec)
Heartbeat CPU 0 instructions: 41500156 cycles: 96740901 heartbeat IPC: 0.3336 cumulative IPC: 0.3335 (Simulation time: 00 hr 18 min 37 sec)
Heartbeat CPU 0 instructions: 42000156 cycles: 98249280 heartbeat IPC: 0.3315 cumulative IPC: 0.3335 (Simulation time: 00 hr 18 min 41 sec)
Heartbeat CPU 0 instructions: 42500157 cycles: 99732121 heartbeat IPC: 0.3372 cumulative IPC: 0.3335 (Simulation time: 00 hr 18 min 46 sec)
Heartbeat CPU 0 instructions: 43000163 cycles: 101251333 heartbeat IPC: 0.3291 cumulative IPC: 0.3335 (Simulation time: 00 hr 18 min 51 sec)
Heartbeat CPU 0 instructions: 43500167 cycles: 102735599 heartbeat IPC: 0.3369 cumulative IPC: 0.3335 (Simulation time: 00 hr 18 min 55 sec)
Heartbeat CPU 0 instructions: 44000168 cycles: 104231373 heartbeat IPC: 0.3343 cumulative IPC: 0.3335 (Simulation time: 00 hr 19 min 00 sec)
Heartbeat CPU 0 instructions: 44500171 cycles: 105742682 heartbeat IPC: 0.3308 cumulative IPC: 0.3335 (Simulation time: 00 hr 19 min 05 sec)
Heartbeat CPU 0 instructions: 45000172 cycles: 107253140 heartbeat IPC: 0.331 cumulative IPC: 0.3335 (Simulation time: 00 hr 19 min 09 sec)
Heartbeat CPU 0 instructions: 45500172 cycles: 108765878 heartbeat IPC: 0.3305 cumulative IPC: 0.3334 (Simulation time: 00 hr 19 min 14 sec)
Heartbeat CPU 0 instructions: 46000175 cycles: 110270343 heartbeat IPC: 0.3323 cumulative IPC: 0.3334 (Simulation time: 00 hr 19 min 19 sec)
Heartbeat CPU 0 instructions: 46500175 cycles: 111752549 heartbeat IPC: 0.3373 cumulative IPC: 0.3335 (Simulation time: 00 hr 19 min 23 sec)
Heartbeat CPU 0 instructions: 47000178 cycles: 113255656 heartbeat IPC: 0.3326 cumulative IPC: 0.3334 (Simulation time: 00 hr 19 min 28 sec)
Heartbeat CPU 0 instructions: 47500178 cycles: 114778205 heartbeat IPC: 0.3284 cumulative IPC: 0.3334 (Simulation time: 00 hr 19 min 33 sec)
Heartbeat CPU 0 instructions: 48000178 cycles: 116279123 heartbeat IPC: 0.3331 cumulative IPC: 0.3334 (Simulation time: 00 hr 19 min 37 sec)
Heartbeat CPU 0 instructions: 48500179 cycles: 117773697 heartbeat IPC: 0.3345 cumulative IPC: 0.3334 (Simulation time: 00 hr 19 min 42 sec)
Heartbeat CPU 0 instructions: 49000179 cycles: 119257877 heartbeat IPC: 0.3369 cumulative IPC: 0.3334 (Simulation time: 00 hr 19 min 46 sec)
Heartbeat CPU 0 instructions: 49500179 cycles: 120735212 heartbeat IPC: 0.3384 cumulative IPC: 0.3335 (Simulation time: 00 hr 19 min 51 sec)
Heartbeat CPU 0 instructions: 50000179 cycles: 122228450 heartbeat IPC: 0.3348 cumulative IPC: 0.3335 (Simulation time: 00 hr 19 min 56 sec)
Heartbeat CPU 0 instructions: 50500182 cycles: 123734498 heartbeat IPC: 0.332 cumulative IPC: 0.3335 (Simulation time: 00 hr 20 min 00 sec)
Heartbeat CPU 0 instructions: 51000182 cycles: 125247210 heartbeat IPC: 0.3305 cumulative IPC: 0.3335 (Simulation time: 00 hr 20 min 05 sec)
Heartbeat CPU 0 instructions: 51500182 cycles: 126765469 heartbeat IPC: 0.3293 cumulative IPC: 0.3334 (Simulation time: 00 hr 20 min 10 sec)
Heartbeat CPU 0 instructions: 52000185 cycles: 128283688 heartbeat IPC: 0.3293 cumulative IPC: 0.3334 (Simulation time: 00 hr 20 min 14 sec)
Heartbeat CPU 0 instructions: 52500185 cycles: 129778842 heartbeat IPC: 0.3344 cumulative IPC: 0.3334 (Simulation time: 00 hr 20 min 19 sec)
Heartbeat CPU 0 instructions: 53000185 cycles: 131293316 heartbeat IPC: 0.3301 cumulative IPC: 0.3333 (Simulation time: 00 hr 20 min 24 sec)
Heartbeat CPU 0 instructions: 53500187 cycles: 132798635 heartbeat IPC: 0.3322 cumulative IPC: 0.3333 (Simulation time: 00 hr 20 min 28 sec)
Heartbeat CPU 0 instructions: 54000187 cycles: 134313192 heartbeat IPC: 0.3301 cumulative IPC: 0.3333 (Simulation time: 00 hr 20 min 33 sec)
Heartbeat CPU 0 instructions: 54500193 cycles: 135831535 heartbeat IPC: 0.3293 cumulative IPC: 0.3332 (Simulation time: 00 hr 20 min 38 sec)
Heartbeat CPU 0 instructions: 55000197 cycles: 137843794 heartbeat IPC: 0.2485 cumulative IPC: 0.332 (Simulation time: 00 hr 20 min 43 sec)
Heartbeat CPU 0 instructions: 55500197 cycles: 140326782 heartbeat IPC: 0.2014 cumulative IPC: 0.3296 (Simulation time: 00 hr 20 min 51 sec)
Heartbeat CPU 0 instructions: 56000197 cycles: 142801608 heartbeat IPC: 0.202 cumulative IPC: 0.3274 (Simulation time: 00 hr 20 min 58 sec)
Heartbeat CPU 0 instructions: 56500197 cycles: 145285261 heartbeat IPC: 0.2013 cumulative IPC: 0.3252 (Simulation time: 00 hr 21 min 05 sec)
Heartbeat CPU 0 instructions: 57000197 cycles: 147771980 heartbeat IPC: 0.2011 cumulative IPC: 0.3231 (Simulation time: 00 hr 21 min 12 sec)
Heartbeat CPU 0 instructions: 57500201 cycles: 150267010 heartbeat IPC: 0.2004 cumulative IPC: 0.321 (Simulation time: 00 hr 21 min 19 sec)
Heartbeat CPU 0 instructions: 58000202 cycles: 152741572 heartbeat IPC: 0.2021 cumulative IPC: 0.319 (Simulation time: 00 hr 21 min 26 sec)
Heartbeat CPU 0 instructions: 58500206 cycles: 155157694 heartbeat IPC: 0.2069 cumulative IPC: 0.3173 (Simulation time: 00 hr 21 min 32 sec)
Heartbeat CPU 0 instructions: 59000209 cycles: 157644140 heartbeat IPC: 0.2011 cumulative IPC: 0.3154 (Simulation time: 00 hr 21 min 40 sec)
Heartbeat CPU 0 instructions: 59500213 cycles: 160093840 heartbeat IPC: 0.2041 cumulative IPC: 0.3137 (Simulation time: 00 hr 21 min 46 sec)
Simulation finished CPU 0 instructions: 50000006 cycles: 160264516 cumulative IPC: 0.312 (Simulation time: 00 hr 21 min 53 sec)
Simulation complete CPU 0 instructions: 50000006 cycles: 160264516 cumulative IPC: 0.312 (Simulation time: 00 hr 21 min 53 sec)

ChampSim completed all CPUs

=== Simulation ===
CPU 0 runs traces/bfs-10.trace.gz

Region of Interest Statistics

CPU 0 cumulative IPC: 0.312 instructions: 50000006 cycles: 160264516
CPU 0 Branch Prediction Accuracy: 87.15% MPKI: 26.33 Average ROB Occupancy at Mispredict: 16.06
Branch type MPKI
BRANCH_DIRECT_JUMP: 0.00016
BRANCH_INDIRECT: 0
BRANCH_CONDITIONAL: 26.33
BRANCH_DIRECT_CALL: 0.00034
BRANCH_INDIRECT_CALL: 0
BRANCH_RETURN: 0.00038

cpu0->cpu0_STLB TOTAL        ACCESS:      41516 HIT:       5366 MISS:      36150 MSHR_MERGE:          0
cpu0->cpu0_STLB LOAD         ACCESS:      41516 HIT:       5366 MISS:      36150 MSHR_MERGE:          0
cpu0->cpu0_STLB RFO          ACCESS:          0 HIT:          0 MISS:          0 MSHR_MERGE:          0
cpu0->cpu0_STLB PREFETCH     ACCESS:          0 HIT:          0 MISS:          0 MSHR_MERGE:          0
cpu0->cpu0_STLB WRITE        ACCESS:          0 HIT:          0 MISS:          0 MSHR_MERGE:          0
cpu0->cpu0_STLB TRANSLATION  ACCESS:          0 HIT:          0 MISS:          0 MSHR_MERGE:          0
cpu0->cpu0_STLB PREFETCH REQUESTED:          0 ISSUED:          0 USEFUL:          0 USELESS:          0
cpu0->cpu0_STLB AVERAGE MISS LATENCY: 193.1 cycles
cpu0->cpu0_L2C TOTAL        ACCESS:    3759963 HIT:    2886131 MISS:     873832 MSHR_MERGE:      25994
cpu0->cpu0_L2C LOAD         ACCESS:    2403344 HIT:    1974328 MISS:     429016 MSHR_MERGE:       2539
cpu0->cpu0_L2C RFO          ACCESS:      10204 HIT:       3850 MISS:       6354 MSHR_MERGE:          0
cpu0->cpu0_L2C PREFETCH     ACCESS:    1236141 HIT:     803310 MISS:     432831 MSHR_MERGE:      23455
cpu0->cpu0_L2C WRITE        ACCESS:     101737 HIT:     101736 MISS:          1 MSHR_MERGE:          0
cpu0->cpu0_L2C TRANSLATION  ACCESS:       8537 HIT:       2907 MISS:       5630 MSHR_MERGE:          0
cpu0->cpu0_L2C PREFETCH REQUESTED:    1236154 ISSUED:    1236141 USEFUL:     284516 USELESS:     120853
cpu0->cpu0_L2C AVERAGE MISS LATENCY: 282.6 cycles
cpu0->cpu0_L1I TOTAL        ACCESS:      27458 HIT:      27417 MISS:         41 MSHR_MERGE:          3
cpu0->cpu0_L1I LOAD         ACCESS:      27458 HIT:      27417 MISS:         41 MSHR_MERGE:          3
cpu0->cpu0_L1I RFO          ACCESS:          0 HIT:          0 MISS:          0 MSHR_MERGE:          0
cpu0->cpu0_L1I PREFETCH     ACCESS:          0 HIT:          0 MISS:          0 MSHR_MERGE:          0
cpu0->cpu0_L1I WRITE        ACCESS:          0 HIT:          0 MISS:          0 MSHR_MERGE:          0
cpu0->cpu0_L1I TRANSLATION  ACCESS:          0 HIT:          0 MISS:          0 MSHR_MERGE:          0
cpu0->cpu0_L1I PREFETCH REQUESTED:          0 ISSUED:          0 USEFUL:          0 USELESS:          0
cpu0->cpu0_L1I AVERAGE MISS LATENCY: 333.4 cycles
cpu0->cpu0_L1D TOTAL        ACCESS:   12653338 HIT:    8921512 MISS:    3731826 MSHR_MERGE:    1309779
cpu0->cpu0_L1D LOAD         ACCESS:   11649491 HIT:    7990092 MISS:    3659399 MSHR_MERGE:    1256093
cpu0->cpu0_L1D RFO          ACCESS:          0 HIT:          0 MISS:          0 MSHR_MERGE:          0
cpu0->cpu0_L1D PREFETCH     ACCESS:          0 HIT:          0 MISS:          0 MSHR_MERGE:          0
cpu0->cpu0_L1D WRITE        ACCESS:     931672 HIT:     868056 MISS:      63616 MSHR_MERGE:      53412
cpu0->cpu0_L1D TRANSLATION  ACCESS:      72175 HIT:      63364 MISS:       8811 MSHR_MERGE:        274
cpu0->cpu0_L1D PREFETCH REQUESTED:          0 ISSUED:          0 USEFUL:          0 USELESS:          0
cpu0->cpu0_L1D AVERAGE MISS LATENCY: 59.67 cycles
cpu0->cpu0_ITLB TOTAL        ACCESS:      26657 HIT:      26655 MISS:          2 MSHR_MERGE:          1
cpu0->cpu0_ITLB LOAD         ACCESS:      26657 HIT:      26655 MISS:          2 MSHR_MERGE:          1
cpu0->cpu0_ITLB RFO          ACCESS:          0 HIT:          0 MISS:          0 MSHR_MERGE:          0
cpu0->cpu0_ITLB PREFETCH     ACCESS:          0 HIT:          0 MISS:          0 MSHR_MERGE:          0
cpu0->cpu0_ITLB WRITE        ACCESS:          0 HIT:          0 MISS:          0 MSHR_MERGE:          0
cpu0->cpu0_ITLB TRANSLATION  ACCESS:          0 HIT:          0 MISS:          0 MSHR_MERGE:          0
cpu0->cpu0_ITLB PREFETCH REQUESTED:          0 ISSUED:          0 USEFUL:          0 USELESS:          0
cpu0->cpu0_ITLB AVERAGE MISS LATENCY: 1425 cycles
cpu0->cpu0_DTLB TOTAL        ACCESS:   12563735 HIT:   12431021 MISS:     132714 MSHR_MERGE:      91199
cpu0->cpu0_DTLB LOAD         ACCESS:   12563735 HIT:   12431021 MISS:     132714 MSHR_MERGE:      91199
cpu0->cpu0_DTLB RFO          ACCESS:          0 HIT:          0 MISS:          0 MSHR_MERGE:          0
cpu0->cpu0_DTLB PREFETCH     ACCESS:          0 HIT:          0 MISS:          0 MSHR_MERGE:          0
cpu0->cpu0_DTLB WRITE        ACCESS:          0 HIT:          0 MISS:          0 MSHR_MERGE:          0
cpu0->cpu0_DTLB TRANSLATION  ACCESS:          0 HIT:          0 MISS:          0 MSHR_MERGE:          0
cpu0->cpu0_DTLB PREFETCH REQUESTED:          0 ISSUED:          0 USEFUL:          0 USELESS:          0
cpu0->cpu0_DTLB AVERAGE MISS LATENCY: 174 cycles
cpu0->LLC TOTAL        ACCESS:     950076 HIT:      31652 MISS:     918424 MSHR_MERGE:          0
cpu0->LLC LOAD         ACCESS:     426477 HIT:       4060 MISS:     422417 MSHR_MERGE:          0
cpu0->LLC RFO          ACCESS:       6354 HIT:          1 MISS:       6353 MSHR_MERGE:          0
cpu0->LLC PREFETCH     ACCESS:     409376 HIT:       6341 MISS:     403035 MSHR_MERGE:          0
cpu0->LLC WRITE        ACCESS:     102239 HIT:      21240 MISS:      80999 MSHR_MERGE:          0
cpu0->LLC TRANSLATION  ACCESS:       5630 HIT:         10 MISS:       5620 MSHR_MERGE:          0
cpu0->LLC PREFETCH REQUESTED:          0 ISSUED:          0 USEFUL:          0 USELESS:          0
cpu0->LLC AVERAGE MISS LATENCY: 224.2 cycles

DRAM Statistics

Channel 0 RQ ROW_BUFFER_HIT:      51032
  ROW_BUFFER_MISS:     786392
  AVG DBUS CONGESTED CYCLE: 4.703
Channel 0 WQ ROW_BUFFER_HIT:      26509
  ROW_BUFFER_MISS:      72006
  FULL:          0
Channel 0 REFRESHES ISSUED:      13356
