[VMEM] WARNING: physical memory size is smaller than virtual memory size.

*** ChampSim Multicore Out-of-Order Simulator ***
Warmup Instructions: 10000000
Simulation Instructions: 50000000
Number of CPUs: 1
Page size: 4096
Core 0: traces/cc-5.trace.gz
Off-chip DRAM Size: 64 GiB Channels: 1 Width: 64-bit Data Rate: 800 MT/s
Heartbeat CPU 0 instructions: 500004 cycles: 151515 heartbeat IPC: 3.3 cumulative IPC: 3.3 (Simulation time: 00 hr 00 min 01 sec)
Heartbeat CPU 0 instructions: 1000005 cycles: 299292 heartbeat IPC: 3.383 cumulative IPC: 3.341 (Simulation time: 00 hr 00 min 02 sec)
Heartbeat CPU 0 instructions: 1500005 cycles: 446917 heartbeat IPC: 3.387 cumulative IPC: 3.356 (Simulation time: 00 hr 00 min 03 sec)
Heartbeat CPU 0 instructions: 2000010 cycles: 557339 heartbeat IPC: 4.528 cumulative IPC: 3.588 (Simulation time: 00 hr 00 min 04 sec)
Heartbeat CPU 0 instructions: 2500012 cycles: 660430 heartbeat IPC: 4.85 cumulative IPC: 3.785 (Simulation time: 00 hr 00 min 05 sec)
Heartbeat CPU 0 instructions: 3000014 cycles: 763671 heartbeat IPC: 4.843 cumulative IPC: 3.928 (Simulation time: 00 hr 00 min 06 sec)
Heartbeat CPU 0 instructions: 3500018 cycles: 867236 heartbeat IPC: 4.828 cumulative IPC: 4.036 (Simulation time: 00 hr 00 min 07 sec)
Heartbeat CPU 0 instructions: 4000022 cycles: 970414 heartbeat IPC: 4.846 cumulative IPC: 4.122 (Simulation time: 00 hr 00 min 08 sec)
Heartbeat CPU 0 instructions: 4500025 cycles: 1073775 heartbeat IPC: 4.837 cumulative IPC: 4.191 (Simulation time: 00 hr 00 min 09 sec)
Heartbeat CPU 0 instructions: 5000028 cycles: 1177156 heartbeat IPC: 4.837 cumulative IPC: 4.248 (Simulation time: 00 hr 00 min 10 sec)
Heartbeat CPU 0 instructions: 5500030 cycles: 1280755 heartbeat IPC: 4.826 cumulative IPC: 4.294 (Simulation time: 00 hr 00 min 11 sec)
Heartbeat CPU 0 instructions: 6000033 cycles: 1384209 heartbeat IPC: 4.833 cumulative IPC: 4.335 (Simulation time: 00 hr 00 min 11 sec)
Heartbeat CPU 0 instructions: 6500034 cycles: 1487715 heartbeat IPC: 4.831 cumulative IPC: 4.369 (Simulation time: 00 hr 00 min 13 sec)
Heartbeat CPU 0 instructions: 7000040 cycles: 1591189 heartbeat IPC: 4.832 cumulative IPC: 4.399 (Simulation time: 00 hr 00 min 14 sec)
Heartbeat CPU 0 instructions: 7500041 cycles: 1694784 heartbeat IPC: 4.826 cumulative IPC: 4.425 (Simulation time: 00 hr 00 min 15 sec)
Heartbeat CPU 0 instructions: 8000042 cycles: 1798273 heartbeat IPC: 4.831 cumulative IPC: 4.449 (Simulation time: 00 hr 00 min 16 sec)
Heartbeat CPU 0 instructions: 8500046 cycles: 1901745 heartbeat IPC: 4.832 cumulative IPC: 4.47 (Simulation time: 00 hr 00 min 17 sec)
Heartbeat CPU 0 instructions: 9000047 cycles: 2005364 heartbeat IPC: 4.825 cumulative IPC: 4.488 (Simulation time: 00 hr 00 min 17 sec)
Heartbeat CPU 0 instructions: 9500050 cycles: 2108946 heartbeat IPC: 4.827 cumulative IPC: 4.505 (Simulation time: 00 hr 00 min 18 sec)
Warmup finished CPU 0 instructions: 10000003 cycles: 2212367 cumulative IPC: 4.52 (Simulation time: 00 hr 00 min 19 sec)
Warmup complete CPU 0 instructions: 10000003 cycles: 2212367 cumulative IPC: 4.52 (Simulation time: 00 hr 00 min 19 sec)
Heartbeat CPU 0 instructions: 10000057 cycles: 2212408 heartbeat IPC: 4.833 cumulative IPC: 1.317 (Simulation time: 00 hr 00 min 19 sec)
Heartbeat CPU 0 instructions: 10500059 cycles: 3364391 heartbeat IPC: 0.434 cumulative IPC: 0.4341 (Simulation time: 00 hr 00 min 23 sec)
Heartbeat CPU 0 instructions: 11000060 cycles: 4646290 heartbeat IPC: 0.39 cumulative IPC: 0.4109 (Simulation time: 00 hr 00 min 28 sec)
Heartbeat CPU 0 instructions: 11500061 cycles: 5803275 heartbeat IPC: 0.4322 cumulative IPC: 0.4177 (Simulation time: 00 hr 00 min 32 sec)
Heartbeat CPU 0 instructions: 12000061 cycles: 6981413 heartbeat IPC: 0.4244 cumulative IPC: 0.4194 (Simulation time: 00 hr 00 min 36 sec)
Heartbeat CPU 0 instructions: 12500062 cycles: 8098335 heartbeat IPC: 0.4477 cumulative IPC: 0.4247 (Simulation time: 00 hr 00 min 39 sec)
Heartbeat CPU 0 instructions: 13000062 cycles: 9296448 heartbeat IPC: 0.4173 cumulative IPC: 0.4235 (Simulation time: 00 hr 00 min 43 sec)
Heartbeat CPU 0 instructions: 13500067 cycles: 10303531 heartbeat IPC: 0.4965 cumulative IPC: 0.4326 (Simulation time: 00 hr 00 min 47 sec)
Heartbeat CPU 0 instructions: 14000071 cycles: 11332066 heartbeat IPC: 0.4861 cumulative IPC: 0.4386 (Simulation time: 00 hr 00 min 50 sec)
Heartbeat CPU 0 instructions: 14500071 cycles: 12309664 heartbeat IPC: 0.5115 cumulative IPC: 0.4457 (Simulation time: 00 hr 00 min 54 sec)
Heartbeat CPU 0 instructions: 15000072 cycles: 13352642 heartbeat IPC: 0.4794 cumulative IPC: 0.4488 (Simulation time: 00 hr 00 min 58 sec)
Heartbeat CPU 0 instructions: 15500074 cycles: 14417038 heartbeat IPC: 0.4698 cumulative IPC: 0.4507 (Simulation time: 00 hr 01 min 01 sec)
Heartbeat CPU 0 instructions: 16000076 cycles: 15452066 heartbeat IPC: 0.4831 cumulative IPC: 0.4532 (Simulation time: 00 hr 01 min 05 sec)
Heartbeat CPU 0 instructions: 16500076 cycles: 16510183 heartbeat IPC: 0.4725 cumulative IPC: 0.4546 (Simulation time: 00 hr 01 min 09 sec)
Heartbeat CPU 0 instructions: 17000077 cycles: 17611630 heartbeat IPC: 0.4539 cumulative IPC: 0.4546 (Simulation time: 00 hr 01 min 13 sec)
Heartbeat CPU 0 instructions: 17500077 cycles: 18627752 heartbeat IPC: 0.4921 cumulative IPC: 0.4569 (Simulation time: 00 hr 01 min 16 sec)
Heartbeat CPU 0 instructions: 18000080 cycles: 19622727 heartbeat IPC: 0.5025 cumulative IPC: 0.4595 (Simulation time: 00 hr 01 min 20 sec)
Heartbeat CPU 0 instructions: 18500083 cycles: 20705131 heartbeat IPC: 0.4619 cumulative IPC: 0.4596 (Simulation time: 00 hr 01 min 24 sec)
Heartbeat CPU 0 instructions: 19000083 cycles: 21686544 heartbeat IPC: 0.5095 cumulative IPC: 0.4622 (Simulation time: 00 hr 01 min 27 sec)
Heartbeat CPU 0 instructions: 19500084 cycles: 22706281 heartbeat IPC: 0.4903 cumulative IPC: 0.4636 (Simulation time: 00 hr 01 min 31 sec)
Heartbeat CPU 0 instructions: 20000085 cycles: 23748268 heartbeat IPC: 0.4799 cumulative IPC: 0.4643 (Simulation time: 00 hr 01 min 34 sec)
Heartbeat CPU 0 instructions: 20500086 cycles: 24786587 heartbeat IPC: 0.4815 cumulative IPC: 0.4651 (Simulation time: 00 hr 01 min 38 sec)
Heartbeat CPU 0 instructions: 21000086 cycles: 25842432 heartbeat IPC: 0.4736 cumulative IPC: 0.4655 (Simulation time: 00 hr 01 min 42 sec)
Heartbeat CPU 0 instructions: 21500087 cycles: 26897104 heartbeat IPC: 0.4741 cumulative IPC: 0.4659 (Simulation time: 00 hr 01 min 46 sec)
Heartbeat CPU 0 instructions: 22000087 cycles: 27942755 heartbeat IPC: 0.4782 cumulative IPC: 0.4664 (Simulation time: 00 hr 01 min 49 sec)
Heartbeat CPU 0 instructions: 22500089 cycles: 29014539 heartbeat IPC: 0.4665 cumulative IPC: 0.4664 (Simulation time: 00 hr 01 min 53 sec)
Heartbeat CPU 0 instructions: 23000091 cycles: 30050145 heartbeat IPC: 0.4828 cumulative IPC: 0.467 (Simulation time: 00 hr 01 min 57 sec)
Heartbeat CPU 0 instructions: 23500091 cycles: 31076315 heartbeat IPC: 0.4872 cumulative IPC: 0.4677 (Simulation time: 00 hr 02 min 01 sec)
Heartbeat CPU 0 instructions: 24000094 cycles: 32115219 heartbeat IPC: 0.4813 cumulative IPC: 0.4682 (Simulation time: 00 hr 02 min 04 sec)
Heartbeat CPU 0 instructions: 24500094 cycles: 33131586 heartbeat IPC: 0.4919 cumulative IPC: 0.469 (Simulation time: 00 hr 02 min 08 sec)
Heartbeat CPU 0 instructions: 25000098 cycles: 34091296 heartbeat IPC: 0.521 cumulative IPC: 0.4705 (Simulation time: 00 hr 02 min 12 sec)
Heartbeat CPU 0 instructions: 25500103 cycles: 35097901 heartbeat IPC: 0.4967 cumulative IPC: 0.4713 (Simulation time: 00 hr 02 min 15 sec)
Heartbeat CPU 0 instructions: 26000107 cycles: 36143840 heartbeat IPC: 0.478 cumulative IPC: 0.4715 (Simulation time: 00 hr 02 min 19 sec)
Heartbeat CPU 0 instructions: 26500110 cycles: 37139536 heartbeat IPC: 0.5022 cumulative IPC: 0.4724 (Simulation time: 00 hr 02 min 23 sec)
Heartbeat CPU 0 instructions: 27000110 cycles: 38116575 heartbeat IPC: 0.5118 cumulative IPC: 0.4735 (Simulation time: 00 hr 02 min 26 sec)
Heartbeat CPU 0 instructions: 27500110 cycles: 39098070 heartbeat IPC: 0.5094 cumulative IPC: 0.4744 (Simulation time: 00 hr 02 min 30 sec)
Heartbeat CPU 0 instructions: 28000112 cycles: 40103796 heartbeat IPC: 0.4972 cumulative IPC: 0.475 (Simulation time: 00 hr 02 min 34 sec)
Heartbeat CPU 0 instructions: 28500112 cycles: 41125336 heartbeat IPC: 0.4895 cumulative IPC: 0.4754 (Simulation time: 00 hr 02 min 37 sec)
Heartbeat CPU 0 instructions: 29000116 cycles: 42115536 heartbeat IPC: 0.505 cumulative IPC: 0.4762 (Simulation time: 00 hr 02 min 41 sec)
Heartbeat CPU 0 instructions: 29500116 cycles: 43091525 heartbeat IPC: 0.5123 cumulative IPC: 0.477 (Simulation time: 00 hr 02 min 45 sec)
Heartbeat CPU 0 instructions: 30000122 cycles: 44092127 heartbeat IPC: 0.4997 cumulative IPC: 0.4776 (Simulation time: 00 hr 02 min 48 sec)
Heartbeat CPU 0 instructions: 30500123 cycles: 45121747 heartbeat IPC: 0.4856 cumulative IPC: 0.4778 (Simulation time: 00 hr 02 min 52 sec)
Heartbeat CPU 0 instructions: 31000123 cycles: 46082253 heartbeat IPC: 0.5206 cumulative IPC: 0.4787 (Simulation time: 00 hr 02 min 56 sec)
Heartbeat CPU 0 instructions: 31500123 cycles: 47224957 heartbeat IPC: 0.4376 cumulative IPC: 0.4776 (Simulation time: 00 hr 02 min 59 sec)
Heartbeat CPU 0 instructions: 32000123 cycles: 48140775 heartbeat IPC: 0.546 cumulative IPC: 0.479 (Simulation time: 00 hr 03 min 03 sec)
Heartbeat CPU 0 instructions: 32500128 cycles: 49158749 heartbeat IPC: 0.4912 cumulative IPC: 0.4793 (Simulation time: 00 hr 03 min 07 sec)
Heartbeat CPU 0 instructions: 33000129 cycles: 50129927 heartbeat IPC: 0.5148 cumulative IPC: 0.48 (Simulation time: 00 hr 03 min 10 sec)
Heartbeat CPU 0 instructions: 33500131 cycles: 51160994 heartbeat IPC: 0.4849 cumulative IPC: 0.4801 (Simulation time: 00 hr 03 min 14 sec)
Heartbeat CPU 0 instructions: 34000132 cycles: 52115851 heartbeat IPC: 0.5236 cumulative IPC: 0.4809 (Simulation time: 00 hr 03 min 18 sec)
Heartbeat CPU 0 instructions: 34500135 cycles: 53115863 heartbeat IPC: 0.5 cumulative IPC: 0.4813 (Simulation time: 00 hr 03 min 21 sec)
Heartbeat CPU 0 instructions: 35000139 cycles: 54116029 heartbeat IPC: 0.4999 cumulative IPC: 0.4817 (Simulation time: 00 hr 03 min 25 sec)
Heartbeat CPU 0 instructions: 35500140 cycles: 55026097 heartbeat IPC: 0.5494 cumulative IPC: 0.4828 (Simulation time: 00 hr 03 min 28 sec)
Heartbeat CPU 0 instructions: 36000140 cycles: 56143547 heartbeat IPC: 0.4474 cumulative IPC: 0.4821 (Simulation time: 00 hr 03 min 32 sec)
Heartbeat CPU 0 instructions: 36500144 cycles: 57251427 heartbeat IPC: 0.4513 cumulative IPC: 0.4815 (Simulation time: 00 hr 03 min 36 sec)
Heartbeat CPU 0 instructions: 37000144 cycles: 58360802 heartbeat IPC: 0.4507 cumulative IPC: 0.4809 (Simulation time: 00 hr 03 min 40 sec)
Heartbeat CPU 0 instructions: 37500145 cycles: 59382708 heartbeat IPC: 0.4893 cumulative IPC: 0.481 (Simulation time: 00 hr 03 min 44 sec)
Heartbeat CPU 0 instructions: 38000146 cycles: 60307992 heartbeat IPC: 0.5404 cumulative IPC: 0.482 (Simulation time: 00 hr 03 min 48 sec)
Heartbeat CPU 0 instructions: 38500146 cycles: 61310875 heartbeat IPC: 0.4986 cumulative IPC: 0.4822 (Simulation time: 00 hr 03 min 52 sec)
Heartbeat CPU 0 instructions: 39000146 cycles: 62363689 heartbeat IPC: 0.4749 cumulative IPC: 0.4821 (Simulation time: 00 hr 03 min 55 sec)
Heartbeat CPU 0 instructions: 39500150 cycles: 63357961 heartbeat IPC: 0.5029 cumulative IPC: 0.4825 (Simulation time: 00 hr 03 min 59 sec)
Heartbeat CPU 0 instructions: 40000151 cycles: 64341003 heartbeat IPC: 0.5086 cumulative IPC: 0.4829 (Simulation time: 00 hr 04 min 03 sec)
Heartbeat CPU 0 instructions: 40500153 cycles: 65346085 heartbeat IPC: 0.4975 cumulative IPC: 0.4831 (Simulation time: 00 hr 04 min 06 sec)
Heartbeat CPU 0 instructions: 41000153 cycles: 66449798 heartbeat IPC: 0.453 cumulative IPC: 0.4826 (Simulation time: 00 hr 04 min 10 sec)
Heartbeat CPU 0 instructions: 41500158 cycles: 67421840 heartbeat IPC: 0.5144 cumulative IPC: 0.4831 (Simulation time: 00 hr 04 min 14 sec)
Heartbeat CPU 0 instructions: 42000158 cycles: 68377710 heartbeat IPC: 0.5231 cumulative IPC: 0.4836 (Simulation time: 00 hr 04 min 18 sec)
Heartbeat CPU 0 instructions: 42500159 cycles: 69377408 heartbeat IPC: 0.5002 cumulative IPC: 0.4839 (Simulation time: 00 hr 04 min 21 sec)
Heartbeat CPU 0 instructions: 43000160 cycles: 70345234 heartbeat IPC: 0.5166 cumulative IPC: 0.4844 (Simulation time: 00 hr 04 min 25 sec)
Heartbeat CPU 0 instructions: 43500164 cycles: 71348708 heartbeat IPC: 0.4983 cumulative IPC: 0.4846 (Simulation time: 00 hr 04 min 29 sec)
Heartbeat CPU 0 instructions: 44000166 cycles: 72370935 heartbeat IPC: 0.4891 cumulative IPC: 0.4846 (Simulation time: 00 hr 04 min 32 sec)
Heartbeat CPU 0 instructions: 44500166 cycles: 73310663 heartbeat IPC: 0.5321 cumulative IPC: 0.4852 (Simulation time: 00 hr 04 min 36 sec)
Heartbeat CPU 0 instructions: 45000166 cycles: 74226214 heartbeat IPC: 0.5461 cumulative IPC: 0.486 (Simulation time: 00 hr 04 min 40 sec)
Heartbeat CPU 0 instructions: 45500169 cycles: 75167202 heartbeat IPC: 0.5314 cumulative IPC: 0.4866 (Simulation time: 00 hr 04 min 43 sec)
Heartbeat CPU 0 instructions: 46000173 cycles: 76113951 heartbeat IPC: 0.5281 cumulative IPC: 0.4871 (Simulation time: 00 hr 04 min 47 sec)
Heartbeat CPU 0 instructions: 46500174 cycles: 77091231 heartbeat IPC: 0.5116 cumulative IPC: 0.4875 (Simulation time: 00 hr 04 min 51 sec)
Heartbeat CPU 0 instructions: 47000175 cycles: 78091978 heartbeat IPC: 0.4996 cumulative IPC: 0.4876 (Simulation time: 00 hr 04 min 54 sec)
Heartbeat CPU 0 instructions: 47500175 cycles: 79100695 heartbeat IPC: 0.4957 cumulative IPC: 0.4877 (Simulation time: 00 hr 04 min 58 sec)
Heartbeat CPU 0 instructions: 48000177 cycles: 80041234 heartbeat IPC: 0.5316 cumulative IPC: 0.4883 (Simulation time: 00 hr 05 min 02 sec)
Heartbeat CPU 0 instructions: 48500179 cycles: 81011339 heartbeat IPC: 0.5154 cumulative IPC: 0.4886 (Simulation time: 00 hr 05 min 06 sec)
Heartbeat CPU 0 instructions: 49000179 cycles: 82008047 heartbeat IPC: 0.5017 cumulative IPC: 0.4888 (Simulation time: 00 hr 05 min 09 sec)
Heartbeat CPU 0 instructions: 49500180 cycles: 82995114 heartbeat IPC: 0.5066 cumulative IPC: 0.489 (Simulation time: 00 hr 05 min 13 sec)
Heartbeat CPU 0 instructions: 50000180 cycles: 83889649 heartbeat IPC: 0.5589 cumulative IPC: 0.4897 (Simulation time: 00 hr 05 min 17 sec)
Heartbeat CPU 0 instructions: 50500184 cycles: 84921770 heartbeat IPC: 0.4844 cumulative IPC: 0.4897 (Simulation time: 00 hr 05 min 20 sec)
Heartbeat CPU 0 instructions: 51000186 cycles: 85821499 heartbeat IPC: 0.5557 cumulative IPC: 0.4904 (Simulation time: 00 hr 05 min 24 sec)
Heartbeat CPU 0 instructions: 51500191 cycles: 86852106 heartbeat IPC: 0.4852 cumulative IPC: 0.4903 (Simulation time: 00 hr 05 min 28 sec)
Heartbeat CPU 0 instructions: 52000191 cycles: 87767860 heartbeat IPC: 0.546 cumulative IPC: 0.4909 (Simulation time: 00 hr 05 min 31 sec)
Heartbeat CPU 0 instructions: 52500193 cycles: 88780497 heartbeat IPC: 0.4938 cumulative IPC: 0.4909 (Simulation time: 00 hr 05 min 35 sec)
Heartbeat CPU 0 instructions: 53000195 cycles: 89803324 heartbeat IPC: 0.4888 cumulative IPC: 0.4909 (Simulation time: 00 hr 05 min 39 sec)
Heartbeat CPU 0 instructions: 53500196 cycles: 90802150 heartbeat IPC: 0.5006 cumulative IPC: 0.491 (Simulation time: 00 hr 05 min 42 sec)
Heartbeat CPU 0 instructions: 54000196 cycles: 91766393 heartbeat IPC: 0.5185 cumulative IPC: 0.4913 (Simulation time: 00 hr 05 min 46 sec)
Heartbeat CPU 0 instructions: 54500197 cycles: 92831976 heartbeat IPC: 0.4692 cumulative IPC: 0.4911 (Simulation time: 00 hr 05 min 50 sec)
Heartbeat CPU 0 instructions: 55000201 cycles: 93897516 heartbeat IPC: 0.4692 cumulative IPC: 0.4908 (Simulation time: 00 hr 05 min 53 sec)
Heartbeat CPU 0 instructions: 55500201 cycles: 94917499 heartbeat IPC: 0.4902 cumulative IPC: 0.4908 (Simulation time: 00 hr 05 min 57 sec)
Heartbeat CPU 0 instructions: 56000201 cycles: 95856683 heartbeat IPC: 0.5324 cumulative IPC: 0.4912 (Simulation time: 00 hr 06 min 01 sec)
Heartbeat CPU 0 instructions: 56500202 cycles: 96803953 heartbeat IPC: 0.5278 cumulative IPC: 0.4916 (Simulation time: 00 hr 06 min 04 sec)
Heartbeat CPU 0 instructions: 57000203 cycles: 97797433 heartbeat IPC: 0.5033 cumulative IPC: 0.4917 (Simulation time: 00 hr 06 min 08 sec)
Heartbeat CPU 0 instructions: 57500208 cycles: 98780441 heartbeat IPC: 0.5086 cumulative IPC: 0.4919 (Simulation time: 00 hr 06 min 12 sec)
Heartbeat CPU 0 instructions: 58000209 cycles: 99716226 heartbeat IPC: 0.5343 cumulative IPC: 0.4923 (Simulation time: 00 hr 06 min 15 sec)
Heartbeat CPU 0 instructions: 58500211 cycles: 100692210 heartbeat IPC: 0.5123 cumulative IPC: 0.4925 (Simulation time: 00 hr 06 min 19 sec)
Heartbeat CPU 0 instructions: 59000216 cycles: 101678908 heartbeat IPC: 0.5067 cumulative IPC: 0.4926 (Simulation time: 00 hr 06 min 23 sec)
Heartbeat CPU 0 instructions: 59500218 cycles: 102609081 heartbeat IPC: 0.5375 cumulative IPC: 0.493 (Simulation time: 00 hr 06 min 26 sec)
Simulation finished CPU 0 instructions: 50000000 cycles: 101339836 cumulative IPC: 0.4934 (Simulation time: 00 hr 06 min 30 sec)
Simulation complete CPU 0 instructions: 50000000 cycles: 101339836 cumulative IPC: 0.4934 (Simulation time: 00 hr 06 min 30 sec)

ChampSim completed all CPUs

=== Simulation ===
CPU 0 runs traces/cc-5.trace.gz

Region of Interest Statistics

CPU 0 cumulative IPC: 0.4934 instructions: 50000000 cycles: 101339836
CPU 0 Branch Prediction Accuracy: 93.05% MPKI: 13.72 Average ROB Occupancy at Mispredict: 46.43
Branch type MPKI
BRANCH_DIRECT_JUMP: 0
BRANCH_INDIRECT: 0
BRANCH_CONDITIONAL: 13.72
BRANCH_DIRECT_CALL: 0
BRANCH_INDIRECT_CALL: 0
BRANCH_RETURN: 0

cpu0->cpu0_STLB TOTAL        ACCESS:    2309205 HIT:    2305728 MISS:       3477 MSHR_MERGE:          0
cpu0->cpu0_STLB LOAD         ACCESS:    2309205 HIT:    2305728 MISS:       3477 MSHR_MERGE:          0
cpu0->cpu0_STLB RFO          ACCESS:          0 HIT:          0 MISS:          0 MSHR_MERGE:          0
cpu0->cpu0_STLB PREFETCH     ACCESS:          0 HIT:          0 MISS:          0 MSHR_MERGE:          0
cpu0->cpu0_STLB WRITE        ACCESS:          0 HIT:          0 MISS:          0 MSHR_MERGE:          0
cpu0->cpu0_STLB TRANSLATION  ACCESS:          0 HIT:          0 MISS:          0 MSHR_MERGE:          0
cpu0->cpu0_STLB PREFETCH REQUESTED:          0 ISSUED:          0 USEFUL:          0 USELESS:          0
cpu0->cpu0_STLB AVERAGE MISS LATENCY: 255.4 cycles
cpu0->cpu0_L2C TOTAL        ACCESS:    4769869 HIT:    3604971 MISS:    1164898 MSHR_MERGE:      50035
cpu0->cpu0_L2C LOAD         ACCESS:    3564360 HIT:    2675896 MISS:     888464 MSHR_MERGE:        775
cpu0->cpu0_L2C RFO          ACCESS:          0 HIT:          0 MISS:          0 MSHR_MERGE:          0
cpu0->cpu0_L2C PREFETCH     ACCESS:     996955 HIT:     720966 MISS:     275989 MSHR_MERGE:      49260
cpu0->cpu0_L2C WRITE        ACCESS:     205235 HIT:     205234 MISS:          1 MSHR_MERGE:          0
cpu0->cpu0_L2C TRANSLATION  ACCESS:       3319 HIT:       2875 MISS:        444 MSHR_MERGE:          0
cpu0->cpu0_L2C PREFETCH REQUESTED:     996967 ISSUED:     996959 USEFUL:     209977 USELESS:      17023
cpu0->cpu0_L2C AVERAGE MISS LATENCY: 101 cycles
cpu0->cpu0_L1I TOTAL        ACCESS:      99021 HIT:      99021 MISS:          0 MSHR_MERGE:          0
cpu0->cpu0_L1I LOAD         ACCESS:      99021 HIT:      99021 MISS:          0 MSHR_MERGE:          0
cpu0->cpu0_L1I RFO          ACCESS:          0 HIT:          0 MISS:          0 MSHR_MERGE:          0
cpu0->cpu0_L1I PREFETCH     ACCESS:          0 HIT:          0 MISS:          0 MSHR_MERGE:          0
cpu0->cpu0_L1I WRITE        ACCESS:          0 HIT:          0 MISS:          0 MSHR_MERGE:          0
cpu0->cpu0_L1I TRANSLATION  ACCESS:          0 HIT:          0 MISS:          0 MSHR_MERGE:          0
cpu0->cpu0_L1I PREFETCH REQUESTED:          0 ISSUED:          0 USEFUL:          0 USELESS:          0
cpu0->cpu0_L1I AVERAGE MISS LATENCY: - cycles
cpu0->cpu0_L1D TOTAL        ACCESS:   12793821 HIT:    8820712 MISS:    3973109 MSHR_MERGE:     405427
cpu0->cpu0_L1D LOAD         ACCESS:   12548610 HIT:    8578820 MISS:    3969790 MSHR_MERGE:     405427
cpu0->cpu0_L1D RFO          ACCESS:          0 HIT:          0 MISS:          0 MSHR_MERGE:          0
cpu0->cpu0_L1D PREFETCH     ACCESS:          0 HIT:          0 MISS:          0 MSHR_MERGE:          0
cpu0->cpu0_L1D WRITE        ACCESS:     238250 HIT:     238250 MISS:          0 MSHR_MERGE:          0
cpu0->cpu0_L1D TRANSLATION  ACCESS:       6961 HIT:       3642 MISS:       3319 MSHR_MERGE:          0
cpu0->cpu0_L1D PREFETCH REQUESTED:          0 ISSUED:          0 USEFUL:          0 USELESS:          0
cpu0->cpu0_L1D AVERAGE MISS LATENCY: 33.54 cycles
cpu0->cpu0_ITLB TOTAL        ACCESS:      94889 HIT:      94889 MISS:          0 MSHR_MERGE:          0
cpu0->cpu0_ITLB LOAD         ACCESS:      94889 HIT:      94889 MISS:          0 MSHR_MERGE:          0
cpu0->cpu0_ITLB RFO          ACCESS:          0 HIT:          0 MISS:          0 MSHR_MERGE:          0
cpu0->cpu0_ITLB PREFETCH     ACCESS:          0 HIT:          0 MISS:          0 MSHR_MERGE:          0
cpu0->cpu0_ITLB WRITE        ACCESS:          0 HIT:          0 MISS:          0 MSHR_MERGE:          0
cpu0->cpu0_ITLB TRANSLATION  ACCESS:          0 HIT:          0 MISS:          0 MSHR_MERGE:          0
cpu0->cpu0_ITLB PREFETCH REQUESTED:          0 ISSUED:          0 USEFUL:          0 USELESS:          0
cpu0->cpu0_ITLB AVERAGE MISS LATENCY: - cycles
cpu0->cpu0_DTLB TOTAL        ACCESS:   12786376 HIT:   10058207 MISS:    2728169 MSHR_MERGE:     418964
cpu0->cpu0_DTLB LOAD         ACCESS:   12786376 HIT:   10058207 MISS:    2728169 MSHR_MERGE:     418964
cpu0->cpu0_DTLB RFO          ACCESS:          0 HIT:          0 MISS:          0 MSHR_MERGE:          0
cpu0->cpu0_DTLB PREFETCH     ACCESS:          0 HIT:          0 MISS:          0 MSHR_MERGE:          0
cpu0->cpu0_DTLB WRITE        ACCESS:          0 HIT:          0 MISS:          0 MSHR_MERGE:          0
cpu0->cpu0_DTLB TRANSLATION  ACCESS:          0 HIT:          0 MISS:          0 MSHR_MERGE:          0
cpu0->cpu0_DTLB PREFETCH REQUESTED:          0 ISSUED:          0 USEFUL:          0 USELESS:          0
cpu0->cpu0_DTLB AVERAGE MISS LATENCY: 5.395 cycles
cpu0->LLC TOTAL        ACCESS:    1305504 HIT:     778793 MISS:     526711 MSHR_MERGE:          0
cpu0->LLC LOAD         ACCESS:     887685 HIT:     630641 MISS:     257044 MSHR_MERGE:          0
cpu0->LLC RFO          ACCESS:          0 HIT:          0 MISS:          0 MSHR_MERGE:          0
cpu0->LLC PREFETCH     ACCESS:     226729 HIT:      15792 MISS:     210937 MSHR_MERGE:          0
cpu0->LLC WRITE        ACCESS:     190646 HIT:     132360 MISS:      58286 MSHR_MERGE:          0
cpu0->LLC TRANSLATION  ACCESS:        444 HIT:          0 MISS:        444 MSHR_MERGE:          0
cpu0->LLC PREFETCH REQUESTED:          0 ISSUED:          0 USEFUL:          0 USELESS:          0
cpu0->LLC AVERAGE MISS LATENCY: 224.3 cycles

DRAM Statistics

Channel 0 RQ ROW_BUFFER_HIT:       1890
  ROW_BUFFER_MISS:     466491
  AVG DBUS CONGESTED CYCLE: 4.741
Channel 0 WQ ROW_BUFFER_HIT:      19546
  ROW_BUFFER_MISS:      58109
  FULL:          0
Channel 0 REFRESHES ISSUED:       8445
