[VMEM] WARNING: physical memory size is smaller than virtual memory size.

*** ChampSim Multicore Out-of-Order Simulator ***
Warmup Instructions: 10000000
Simulation Instructions: 50000000
Number of CPUs: 1
Page size: 4096
Core 0: traces/charlie_0004.champsim.gz
Off-chip DRAM Size: 64 GiB Channels: 1 Width: 64-bit Data Rate: 800 MT/s
[BTB] WARNING: target of return is a lower address than the corresponding call. This is usually a problem with your trace.
[BTB] WARNING: target of return is a lower address than the corresponding call. This is usually a problem with your trace.
[BTB] WARNING: target of return is a lower address than the corresponding call. This is usually a problem with your trace.
[BTB] WARNING: target of return is a lower address than the corresponding call. This is usually a problem with your trace.
[BTB] WARNING: target of return is a lower address than the corresponding call. This is usually a problem with your trace.
[BTB] WARNING: target of return is a lower address than the corresponding call. This is usually a problem with your trace.
[BTB] WARNING: target of return is a lower address than the corresponding call. This is usually a problem with your trace.
[BTB] WARNING: target of return is a lower address than the corresponding call. This is usually a problem with your trace.
[BTB] WARNING: target of return is a lower address than the corresponding call. This is usually a problem with your trace.
[BTB] WARNING: target of return is a lower address than the corresponding call. This is usually a problem with your trace.
Heartbeat CPU 0 instructions: 500003 cycles: 220486 heartbeat IPC: 2.268 cumulative IPC: 2.268 (Simulation time: 00 hr 00 min 02 sec)
Heartbeat CPU 0 instructions: 1000003 cycles: 332333 heartbeat IPC: 4.47 cumulative IPC: 3.009 (Simulation time: 00 hr 00 min 03 sec)
Heartbeat CPU 0 instructions: 1500005 cycles: 506310 heartbeat IPC: 2.874 cumulative IPC: 2.963 (Simulation time: 00 hr 00 min 04 sec)
Heartbeat CPU 0 instructions: 2000005 cycles: 625814 heartbeat IPC: 4.184 cumulative IPC: 3.196 (Simulation time: 00 hr 00 min 05 sec)
Heartbeat CPU 0 instructions: 2500008 cycles: 732941 heartbeat IPC: 4.667 cumulative IPC: 3.411 (Simulation time: 00 hr 00 min 06 sec)
Heartbeat CPU 0 instructions: 3000014 cycles: 843486 heartbeat IPC: 4.523 cumulative IPC: 3.557 (Simulation time: 00 hr 00 min 07 sec)
Heartbeat CPU 0 instructions: 3500018 cycles: 950731 heartbeat IPC: 4.662 cumulative IPC: 3.681 (Simulation time: 00 hr 00 min 08 sec)
Heartbeat CPU 0 instructions: 4000019 cycles: 1060776 heartbeat IPC: 4.544 cumulative IPC: 3.771 (Simulation time: 00 hr 00 min 09 sec)
Heartbeat CPU 0 instructions: 4500020 cycles: 1165603 heartbeat IPC: 4.77 cumulative IPC: 3.861 (Simulation time: 00 hr 00 min 10 sec)
Heartbeat CPU 0 instructions: 5000026 cycles: 1270841 heartbeat IPC: 4.751 cumulative IPC: 3.934 (Simulation time: 00 hr 00 min 11 sec)
Heartbeat CPU 0 instructions: 5500033 cycles: 1377605 heartbeat IPC: 4.683 cumulative IPC: 3.992 (Simulation time: 00 hr 00 min 12 sec)
Heartbeat CPU 0 instructions: 6000034 cycles: 1483801 heartbeat IPC: 4.708 cumulative IPC: 4.044 (Simulation time: 00 hr 00 min 13 sec)
Heartbeat CPU 0 instructions: 6500035 cycles: 1587448 heartbeat IPC: 4.824 cumulative IPC: 4.095 (Simulation time: 00 hr 00 min 14 sec)
Heartbeat CPU 0 instructions: 7000035 cycles: 1693976 heartbeat IPC: 4.694 cumulative IPC: 4.132 (Simulation time: 00 hr 00 min 15 sec)
Heartbeat CPU 0 instructions: 7500038 cycles: 1848669 heartbeat IPC: 3.232 cumulative IPC: 4.057 (Simulation time: 00 hr 00 min 17 sec)
Heartbeat CPU 0 instructions: 8000040 cycles: 1967517 heartbeat IPC: 4.207 cumulative IPC: 4.066 (Simulation time: 00 hr 00 min 18 sec)
Heartbeat CPU 0 instructions: 8500045 cycles: 2078681 heartbeat IPC: 4.498 cumulative IPC: 4.089 (Simulation time: 00 hr 00 min 19 sec)
Heartbeat CPU 0 instructions: 9000050 cycles: 2193280 heartbeat IPC: 4.363 cumulative IPC: 4.103 (Simulation time: 00 hr 00 min 20 sec)
Heartbeat CPU 0 instructions: 9500051 cycles: 2387402 heartbeat IPC: 2.576 cumulative IPC: 3.979 (Simulation time: 00 hr 00 min 21 sec)
Warmup finished CPU 0 instructions: 10000005 cycles: 2502742 cumulative IPC: 3.996 (Simulation time: 00 hr 00 min 22 sec)
Warmup complete CPU 0 instructions: 10000005 cycles: 2502742 cumulative IPC: 3.996 (Simulation time: 00 hr 00 min 22 sec)
Heartbeat CPU 0 instructions: 10000053 cycles: 2502748 heartbeat IPC: 4.335 cumulative IPC: 8 (Simulation time: 00 hr 00 min 22 sec)
Heartbeat CPU 0 instructions: 10500056 cycles: 3263893 heartbeat IPC: 0.6569 cumulative IPC: 0.657 (Simulation time: 00 hr 00 min 26 sec)
Heartbeat CPU 0 instructions: 11000059 cycles: 4078976 heartbeat IPC: 0.6134 cumulative IPC: 0.6345 (Simulation time: 00 hr 00 min 30 sec)
Heartbeat CPU 0 instructions: 11500061 cycles: 4780366 heartbeat IPC: 0.7129 cumulative IPC: 0.6586 (Simulation time: 00 hr 00 min 33 sec)
Heartbeat CPU 0 instructions: 12000062 cycles: 5756494 heartbeat IPC: 0.5122 cumulative IPC: 0.6147 (Simulation time: 00 hr 00 min 39 sec)
Heartbeat CPU 0 instructions: 12500062 cycles: 6526643 heartbeat IPC: 0.6492 cumulative IPC: 0.6213 (Simulation time: 00 hr 00 min 42 sec)
Heartbeat CPU 0 instructions: 13000064 cycles: 7376399 heartbeat IPC: 0.5884 cumulative IPC: 0.6156 (Simulation time: 00 hr 00 min 47 sec)
Heartbeat CPU 0 instructions: 13500065 cycles: 8155462 heartbeat IPC: 0.6418 cumulative IPC: 0.6192 (Simulation time: 00 hr 00 min 51 sec)
Heartbeat CPU 0 instructions: 14000065 cycles: 8921299 heartbeat IPC: 0.6529 cumulative IPC: 0.6232 (Simulation time: 00 hr 00 min 55 sec)
Heartbeat CPU 0 instructions: 14500066 cycles: 9613837 heartbeat IPC: 0.722 cumulative IPC: 0.6328 (Simulation time: 00 hr 00 min 58 sec)
Heartbeat CPU 0 instructions: 15000069 cycles: 10663096 heartbeat IPC: 0.4765 cumulative IPC: 0.6127 (Simulation time: 00 hr 01 min 04 sec)
Heartbeat CPU 0 instructions: 15500072 cycles: 11430276 heartbeat IPC: 0.6517 cumulative IPC: 0.6161 (Simulation time: 00 hr 01 min 08 sec)
Heartbeat CPU 0 instructions: 16000078 cycles: 12221522 heartbeat IPC: 0.6319 cumulative IPC: 0.6174 (Simulation time: 00 hr 01 min 12 sec)
Heartbeat CPU 0 instructions: 16500078 cycles: 13007644 heartbeat IPC: 0.636 cumulative IPC: 0.6188 (Simulation time: 00 hr 01 min 16 sec)
Heartbeat CPU 0 instructions: 17000079 cycles: 14669324 heartbeat IPC: 0.3009 cumulative IPC: 0.5754 (Simulation time: 00 hr 01 min 23 sec)
Heartbeat CPU 0 instructions: 17500084 cycles: 16060789 heartbeat IPC: 0.3593 cumulative IPC: 0.5532 (Simulation time: 00 hr 01 min 27 sec)
Heartbeat CPU 0 instructions: 18000084 cycles: 17877910 heartbeat IPC: 0.2752 cumulative IPC: 0.5203 (Simulation time: 00 hr 01 min 34 sec)
Heartbeat CPU 0 instructions: 18500090 cycles: 18965360 heartbeat IPC: 0.4598 cumulative IPC: 0.5163 (Simulation time: 00 hr 01 min 37 sec)
Heartbeat CPU 0 instructions: 19000092 cycles: 19837563 heartbeat IPC: 0.5733 cumulative IPC: 0.5192 (Simulation time: 00 hr 01 min 41 sec)
Heartbeat CPU 0 instructions: 19500096 cycles: 20298886 heartbeat IPC: 1.084 cumulative IPC: 0.5338 (Simulation time: 00 hr 01 min 43 sec)
Heartbeat CPU 0 instructions: 20000101 cycles: 20841541 heartbeat IPC: 0.9214 cumulative IPC: 0.5453 (Simulation time: 00 hr 01 min 45 sec)
Heartbeat CPU 0 instructions: 20500102 cycles: 21424571 heartbeat IPC: 0.8576 cumulative IPC: 0.5549 (Simulation time: 00 hr 01 min 48 sec)
Heartbeat CPU 0 instructions: 21000104 cycles: 21966509 heartbeat IPC: 0.9226 cumulative IPC: 0.5652 (Simulation time: 00 hr 01 min 50 sec)
Heartbeat CPU 0 instructions: 21500104 cycles: 22688587 heartbeat IPC: 0.6924 cumulative IPC: 0.5697 (Simulation time: 00 hr 01 min 53 sec)
Heartbeat CPU 0 instructions: 22000105 cycles: 23165996 heartbeat IPC: 1.047 cumulative IPC: 0.5807 (Simulation time: 00 hr 01 min 55 sec)
Heartbeat CPU 0 instructions: 22500105 cycles: 23640940 heartbeat IPC: 1.053 cumulative IPC: 0.5914 (Simulation time: 00 hr 01 min 57 sec)
Heartbeat CPU 0 instructions: 23000105 cycles: 24120051 heartbeat IPC: 1.044 cumulative IPC: 0.6014 (Simulation time: 00 hr 02 min 00 sec)
Heartbeat CPU 0 instructions: 23500106 cycles: 24543287 heartbeat IPC: 1.181 cumulative IPC: 0.6125 (Simulation time: 00 hr 02 min 02 sec)
Heartbeat CPU 0 instructions: 24000110 cycles: 25062218 heartbeat IPC: 0.9635 cumulative IPC: 0.6206 (Simulation time: 00 hr 02 min 04 sec)
Heartbeat CPU 0 instructions: 24500116 cycles: 25554170 heartbeat IPC: 1.016 cumulative IPC: 0.629 (Simulation time: 00 hr 02 min 06 sec)
Heartbeat CPU 0 instructions: 25000123 cycles: 26042828 heartbeat IPC: 1.023 cumulative IPC: 0.6372 (Simulation time: 00 hr 02 min 08 sec)
Heartbeat CPU 0 instructions: 25500123 cycles: 26527731 heartbeat IPC: 1.031 cumulative IPC: 0.6452 (Simulation time: 00 hr 02 min 10 sec)
Heartbeat CPU 0 instructions: 26000126 cycles: 27099419 heartbeat IPC: 0.8746 cumulative IPC: 0.6505 (Simulation time: 00 hr 02 min 13 sec)
Heartbeat CPU 0 instructions: 26500126 cycles: 27615598 heartbeat IPC: 0.9687 cumulative IPC: 0.657 (Simulation time: 00 hr 02 min 15 sec)
Heartbeat CPU 0 instructions: 27000133 cycles: 28158976 heartbeat IPC: 0.9202 cumulative IPC: 0.6626 (Simulation time: 00 hr 02 min 18 sec)
Heartbeat CPU 0 instructions: 27500136 cycles: 28599500 heartbeat IPC: 1.135 cumulative IPC: 0.6706 (Simulation time: 00 hr 02 min 20 sec)
Heartbeat CPU 0 instructions: 28000136 cycles: 29066556 heartbeat IPC: 1.071 cumulative IPC: 0.6776 (Simulation time: 00 hr 02 min 22 sec)
Heartbeat CPU 0 instructions: 28500136 cycles: 29600347 heartbeat IPC: 0.9367 cumulative IPC: 0.6827 (Simulation time: 00 hr 02 min 24 sec)
Heartbeat CPU 0 instructions: 29000138 cycles: 30060137 heartbeat IPC: 1.087 cumulative IPC: 0.6895 (Simulation time: 00 hr 02 min 27 sec)
Heartbeat CPU 0 instructions: 29500138 cycles: 30551109 heartbeat IPC: 1.018 cumulative IPC: 0.6952 (Simulation time: 00 hr 02 min 29 sec)
Heartbeat CPU 0 instructions: 30000139 cycles: 31029309 heartbeat IPC: 1.046 cumulative IPC: 0.7011 (Simulation time: 00 hr 02 min 31 sec)
Heartbeat CPU 0 instructions: 30500139 cycles: 31505051 heartbeat IPC: 1.051 cumulative IPC: 0.7068 (Simulation time: 00 hr 02 min 33 sec)
Heartbeat CPU 0 instructions: 31000139 cycles: 31981601 heartbeat IPC: 1.049 cumulative IPC: 0.7124 (Simulation time: 00 hr 02 min 35 sec)
Heartbeat CPU 0 instructions: 31500140 cycles: 32921306 heartbeat IPC: 0.5321 cumulative IPC: 0.7068 (Simulation time: 00 hr 02 min 39 sec)
Heartbeat CPU 0 instructions: 32000144 cycles: 33446969 heartbeat IPC: 0.9512 cumulative IPC: 0.711 (Simulation time: 00 hr 02 min 41 sec)
Heartbeat CPU 0 instructions: 32500147 cycles: 33926338 heartbeat IPC: 1.043 cumulative IPC: 0.716 (Simulation time: 00 hr 02 min 43 sec)
Heartbeat CPU 0 instructions: 33000147 cycles: 34358492 heartbeat IPC: 1.157 cumulative IPC: 0.722 (Simulation time: 00 hr 02 min 45 sec)
Heartbeat CPU 0 instructions: 33500149 cycles: 34836089 heartbeat IPC: 1.047 cumulative IPC: 0.7268 (Simulation time: 00 hr 02 min 47 sec)
Heartbeat CPU 0 instructions: 34000153 cycles: 35288127 heartbeat IPC: 1.106 cumulative IPC: 0.732 (Simulation time: 00 hr 02 min 49 sec)
Heartbeat CPU 0 instructions: 34500155 cycles: 35745089 heartbeat IPC: 1.094 cumulative IPC: 0.737 (Simulation time: 00 hr 02 min 52 sec)
Heartbeat CPU 0 instructions: 35000157 cycles: 36233338 heartbeat IPC: 1.024 cumulative IPC: 0.7412 (Simulation time: 00 hr 02 min 54 sec)
Heartbeat CPU 0 instructions: 35500163 cycles: 36650718 heartbeat IPC: 1.198 cumulative IPC: 0.7468 (Simulation time: 00 hr 02 min 56 sec)
Heartbeat CPU 0 instructions: 36000166 cycles: 37098989 heartbeat IPC: 1.115 cumulative IPC: 0.7515 (Simulation time: 00 hr 02 min 58 sec)
Heartbeat CPU 0 instructions: 36500167 cycles: 37572339 heartbeat IPC: 1.056 cumulative IPC: 0.7556 (Simulation time: 00 hr 03 min 00 sec)
Heartbeat CPU 0 instructions: 37000168 cycles: 38021528 heartbeat IPC: 1.113 cumulative IPC: 0.7602 (Simulation time: 00 hr 03 min 02 sec)
Heartbeat CPU 0 instructions: 37500169 cycles: 38486713 heartbeat IPC: 1.075 cumulative IPC: 0.7642 (Simulation time: 00 hr 03 min 04 sec)
Heartbeat CPU 0 instructions: 38000170 cycles: 38948963 heartbeat IPC: 1.082 cumulative IPC: 0.7683 (Simulation time: 00 hr 03 min 07 sec)
Heartbeat CPU 0 instructions: 38500177 cycles: 39393574 heartbeat IPC: 1.125 cumulative IPC: 0.7726 (Simulation time: 00 hr 03 min 09 sec)
Heartbeat CPU 0 instructions: 39000183 cycles: 39886428 heartbeat IPC: 1.015 cumulative IPC: 0.7757 (Simulation time: 00 hr 03 min 11 sec)
Heartbeat CPU 0 instructions: 39500183 cycles: 40371887 heartbeat IPC: 1.03 cumulative IPC: 0.779 (Simulation time: 00 hr 03 min 13 sec)
Heartbeat CPU 0 instructions: 40000185 cycles: 41021186 heartbeat IPC: 0.7701 cumulative IPC: 0.7789 (Simulation time: 00 hr 03 min 16 sec)
Heartbeat CPU 0 instructions: 40500190 cycles: 41532333 heartbeat IPC: 0.9782 cumulative IPC: 0.7815 (Simulation time: 00 hr 03 min 18 sec)
Heartbeat CPU 0 instructions: 41000195 cycles: 42006575 heartbeat IPC: 1.054 cumulative IPC: 0.7847 (Simulation time: 00 hr 03 min 20 sec)
Heartbeat CPU 0 instructions: 41500198 cycles: 43184973 heartbeat IPC: 0.4243 cumulative IPC: 0.7743 (Simulation time: 00 hr 03 min 24 sec)
Heartbeat CPU 0 instructions: 42000202 cycles: 43678076 heartbeat IPC: 1.014 cumulative IPC: 0.7772 (Simulation time: 00 hr 03 min 27 sec)
Heartbeat CPU 0 instructions: 42500207 cycles: 44104525 heartbeat IPC: 1.172 cumulative IPC: 0.7812 (Simulation time: 00 hr 03 min 29 sec)
Heartbeat CPU 0 instructions: 43000207 cycles: 44571685 heartbeat IPC: 1.07 cumulative IPC: 0.7844 (Simulation time: 00 hr 03 min 31 sec)
Heartbeat CPU 0 instructions: 43500210 cycles: 45097321 heartbeat IPC: 0.9512 cumulative IPC: 0.7865 (Simulation time: 00 hr 03 min 33 sec)
Heartbeat CPU 0 instructions: 44000216 cycles: 45550789 heartbeat IPC: 1.103 cumulative IPC: 0.7898 (Simulation time: 00 hr 03 min 35 sec)
Heartbeat CPU 0 instructions: 44500220 cycles: 46011229 heartbeat IPC: 1.086 cumulative IPC: 0.793 (Simulation time: 00 hr 03 min 37 sec)
Heartbeat CPU 0 instructions: 45000221 cycles: 46536100 heartbeat IPC: 0.9526 cumulative IPC: 0.7949 (Simulation time: 00 hr 03 min 40 sec)
Heartbeat CPU 0 instructions: 45500223 cycles: 47016288 heartbeat IPC: 1.041 cumulative IPC: 0.7975 (Simulation time: 00 hr 03 min 42 sec)
Heartbeat CPU 0 instructions: 46000225 cycles: 47532292 heartbeat IPC: 0.969 cumulative IPC: 0.7995 (Simulation time: 00 hr 03 min 44 sec)
Heartbeat CPU 0 instructions: 46500232 cycles: 47942385 heartbeat IPC: 1.219 cumulative IPC: 0.8033 (Simulation time: 00 hr 03 min 46 sec)
Heartbeat CPU 0 instructions: 47000237 cycles: 48429867 heartbeat IPC: 1.026 cumulative IPC: 0.8056 (Simulation time: 00 hr 03 min 48 sec)
Heartbeat CPU 0 instructions: 47500240 cycles: 48863430 heartbeat IPC: 1.153 cumulative IPC: 0.8089 (Simulation time: 00 hr 03 min 50 sec)
Heartbeat CPU 0 instructions: 48000240 cycles: 50641524 heartbeat IPC: 0.2812 cumulative IPC: 0.7894 (Simulation time: 00 hr 03 min 56 sec)
Heartbeat CPU 0 instructions: 48500240 cycles: 51776588 heartbeat IPC: 0.4405 cumulative IPC: 0.7814 (Simulation time: 00 hr 04 min 01 sec)
Heartbeat CPU 0 instructions: 49000243 cycles: 52442822 heartbeat IPC: 0.7505 cumulative IPC: 0.7809 (Simulation time: 00 hr 04 min 04 sec)
Heartbeat CPU 0 instructions: 49500243 cycles: 53417704 heartbeat IPC: 0.5129 cumulative IPC: 0.7758 (Simulation time: 00 hr 04 min 07 sec)
Heartbeat CPU 0 instructions: 50000243 cycles: 54557861 heartbeat IPC: 0.4385 cumulative IPC: 0.7684 (Simulation time: 00 hr 04 min 11 sec)
Heartbeat CPU 0 instructions: 50500244 cycles: 55597900 heartbeat IPC: 0.4808 cumulative IPC: 0.7628 (Simulation time: 00 hr 04 min 15 sec)
Heartbeat CPU 0 instructions: 51000244 cycles: 56886249 heartbeat IPC: 0.3881 cumulative IPC: 0.7539 (Simulation time: 00 hr 04 min 20 sec)
Heartbeat CPU 0 instructions: 51500249 cycles: 59135401 heartbeat IPC: 0.2223 cumulative IPC: 0.7328 (Simulation time: 00 hr 04 min 28 sec)
Heartbeat CPU 0 instructions: 52000249 cycles: 59644998 heartbeat IPC: 0.9812 cumulative IPC: 0.735 (Simulation time: 00 hr 04 min 30 sec)
Heartbeat CPU 0 instructions: 52500250 cycles: 65386521 heartbeat IPC: 0.08709 cumulative IPC: 0.6759 (Simulation time: 00 hr 04 min 46 sec)
Heartbeat CPU 0 instructions: 53000250 cycles: 69428732 heartbeat IPC: 0.1237 cumulative IPC: 0.6425 (Simulation time: 00 hr 04 min 59 sec)
Heartbeat CPU 0 instructions: 53500257 cycles: 72528850 heartbeat IPC: 0.1613 cumulative IPC: 0.6212 (Simulation time: 00 hr 05 min 08 sec)
Heartbeat CPU 0 instructions: 54000262 cycles: 73905777 heartbeat IPC: 0.3631 cumulative IPC: 0.6162 (Simulation time: 00 hr 05 min 13 sec)
Heartbeat CPU 0 instructions: 54500262 cycles: 75386612 heartbeat IPC: 0.3376 cumulative IPC: 0.6106 (Simulation time: 00 hr 05 min 18 sec)
Heartbeat CPU 0 instructions: 55000263 cycles: 76762349 heartbeat IPC: 0.3634 cumulative IPC: 0.606 (Simulation time: 00 hr 05 min 23 sec)
Heartbeat CPU 0 instructions: 55500266 cycles: 78070302 heartbeat IPC: 0.3823 cumulative IPC: 0.6021 (Simulation time: 00 hr 05 min 28 sec)
Heartbeat CPU 0 instructions: 56000273 cycles: 78797874 heartbeat IPC: 0.6872 cumulative IPC: 0.6029 (Simulation time: 00 hr 05 min 31 sec)
Heartbeat CPU 0 instructions: 56500274 cycles: 79931576 heartbeat IPC: 0.441 cumulative IPC: 0.6006 (Simulation time: 00 hr 05 min 35 sec)
Heartbeat CPU 0 instructions: 57000277 cycles: 81157478 heartbeat IPC: 0.4079 cumulative IPC: 0.5976 (Simulation time: 00 hr 05 min 40 sec)
Heartbeat CPU 0 instructions: 57500277 cycles: 82138053 heartbeat IPC: 0.5099 cumulative IPC: 0.5965 (Simulation time: 00 hr 05 min 44 sec)
Heartbeat CPU 0 instructions: 58000277 cycles: 83251248 heartbeat IPC: 0.4492 cumulative IPC: 0.5944 (Simulation time: 00 hr 05 min 48 sec)
Heartbeat CPU 0 instructions: 58500279 cycles: 84652191 heartbeat IPC: 0.3569 cumulative IPC: 0.5904 (Simulation time: 00 hr 05 min 52 sec)
Heartbeat CPU 0 instructions: 59000282 cycles: 85167362 heartbeat IPC: 0.9706 cumulative IPC: 0.5928 (Simulation time: 00 hr 05 min 54 sec)
Heartbeat CPU 0 instructions: 59500282 cycles: 86262663 heartbeat IPC: 0.4565 cumulative IPC: 0.591 (Simulation time: 00 hr 05 min 58 sec)
Simulation finished CPU 0 instructions: 50000002 cycles: 84877583 cumulative IPC: 0.5891 (Simulation time: 00 hr 06 min 02 sec)
Simulation complete CPU 0 instructions: 50000002 cycles: 84877583 cumulative IPC: 0.5891 (Simulation time: 00 hr 06 min 02 sec)

ChampSim completed all CPUs

=== Simulation ===
CPU 0 runs traces/charlie_0004.champsim.gz

Region of Interest Statistics

CPU 0 cumulative IPC: 0.5891 instructions: 50000002 cycles: 84877583
CPU 0 Branch Prediction Accuracy: 91.31% MPKI: 17.06 Average ROB Occupancy at Mispredict: 35.86
Branch type MPKI
BRANCH_DIRECT_JUMP: 0.3662
BRANCH_INDIRECT: 0.473
BRANCH_CONDITIONAL: 14.93
BRANCH_DIRECT_CALL: 0.1817
BRANCH_INDIRECT_CALL: 0.615
BRANCH_RETURN: 0.498

cpu0->cpu0_STLB TOTAL        ACCESS:     229048 HIT:     171982 MISS:      57066 MSHR_MERGE:          0
cpu0->cpu0_STLB LOAD         ACCESS:     229048 HIT:     171982 MISS:      57066 MSHR_MERGE:          0
cpu0->cpu0_STLB RFO          ACCESS:          0 HIT:          0 MISS:          0 MSHR_MERGE:          0
cpu0->cpu0_STLB PREFETCH     ACCESS:          0 HIT:          0 MISS:          0 MSHR_MERGE:          0
cpu0->cpu0_STLB WRITE        ACCESS:          0 HIT:          0 MISS:          0 MSHR_MERGE:          0
cpu0->cpu0_STLB TRANSLATION  ACCESS:          0 HIT:          0 MISS:          0 MSHR_MERGE:          0
cpu0->cpu0_STLB PREFETCH REQUESTED:          0 ISSUED:          0 USEFUL:          0 USELESS:          0
cpu0->cpu0_STLB AVERAGE MISS LATENCY: 283.1 cycles
cpu0->cpu0_L2C TOTAL        ACCESS:    1486470 HIT:    1036124 MISS:     450346 MSHR_MERGE:       8470
cpu0->cpu0_L2C LOAD         ACCESS:     881905 HIT:     686141 MISS:     195764 MSHR_MERGE:       4841
cpu0->cpu0_L2C RFO          ACCESS:     204755 HIT:      15902 MISS:     188853 MSHR_MERGE:          0
cpu0->cpu0_L2C PREFETCH     ACCESS:      53597 HIT:      15569 MISS:      38028 MSHR_MERGE:       3629
cpu0->cpu0_L2C WRITE        ACCESS:     280666 HIT:     280660 MISS:          6 MSHR_MERGE:          0
cpu0->cpu0_L2C TRANSLATION  ACCESS:      65547 HIT:      37852 MISS:      27695 MSHR_MERGE:          0
cpu0->cpu0_L2C PREFETCH REQUESTED:      53707 ISSUED:      53597 USEFUL:      13883 USELESS:       1924
cpu0->cpu0_L2C AVERAGE MISS LATENCY: 446 cycles
cpu0->cpu0_L1I TOTAL        ACCESS:    3421965 HIT:    2824308 MISS:     597657 MSHR_MERGE:     152383
cpu0->cpu0_L1I LOAD         ACCESS:    3421965 HIT:    2824308 MISS:     597657 MSHR_MERGE:     152383
cpu0->cpu0_L1I RFO          ACCESS:          0 HIT:          0 MISS:          0 MSHR_MERGE:          0
cpu0->cpu0_L1I PREFETCH     ACCESS:          0 HIT:          0 MISS:          0 MSHR_MERGE:          0
cpu0->cpu0_L1I WRITE        ACCESS:          0 HIT:          0 MISS:          0 MSHR_MERGE:          0
cpu0->cpu0_L1I TRANSLATION  ACCESS:          0 HIT:          0 MISS:          0 MSHR_MERGE:          0
cpu0->cpu0_L1I PREFETCH REQUESTED:          0 ISSUED:          0 USEFUL:          0 USELESS:          0
cpu0->cpu0_L1I AVERAGE MISS LATENCY: 38.21 cycles
cpu0->cpu0_L1D TOTAL        ACCESS:   14083854 HIT:   12530767 MISS:    1553087 MSHR_MERGE:     846154
cpu0->cpu0_L1D LOAD         ACCESS:    8648306 HIT:    7990442 MISS:     657864 MSHR_MERGE:     221233
cpu0->cpu0_L1D RFO          ACCESS:          0 HIT:          0 MISS:          0 MSHR_MERGE:          0
cpu0->cpu0_L1D PREFETCH     ACCESS:          0 HIT:          0 MISS:          0 MSHR_MERGE:          0
cpu0->cpu0_L1D WRITE        ACCESS:    5277304 HIT:    4448911 MISS:     828393 MSHR_MERGE:     623638
cpu0->cpu0_L1D TRANSLATION  ACCESS:     158244 HIT:      91414 MISS:      66830 MSHR_MERGE:       1283
cpu0->cpu0_L1D PREFETCH REQUESTED:          0 ISSUED:          0 USEFUL:          0 USELESS:          0
cpu0->cpu0_L1D AVERAGE MISS LATENCY: 249.3 cycles
cpu0->cpu0_ITLB TOTAL        ACCESS:    2810902 HIT:    2739424 MISS:      71478 MSHR_MERGE:      34400
cpu0->cpu0_ITLB LOAD         ACCESS:    2810902 HIT:    2739424 MISS:      71478 MSHR_MERGE:      34400
cpu0->cpu0_ITLB RFO          ACCESS:          0 HIT:          0 MISS:          0 MSHR_MERGE:          0
cpu0->cpu0_ITLB PREFETCH     ACCESS:          0 HIT:          0 MISS:          0 MSHR_MERGE:          0
cpu0->cpu0_ITLB WRITE        ACCESS:          0 HIT:          0 MISS:          0 MSHR_MERGE:          0
cpu0->cpu0_ITLB TRANSLATION  ACCESS:          0 HIT:          0 MISS:          0 MSHR_MERGE:          0
cpu0->cpu0_ITLB PREFETCH REQUESTED:          0 ISSUED:          0 USEFUL:          0 USELESS:          0
cpu0->cpu0_ITLB AVERAGE MISS LATENCY: 26.78 cycles
cpu0->cpu0_DTLB TOTAL        ACCESS:   13345377 HIT:   13003488 MISS:     341889 MSHR_MERGE:     149919
cpu0->cpu0_DTLB LOAD         ACCESS:   13345377 HIT:   13003488 MISS:     341889 MSHR_MERGE:     149919
cpu0->cpu0_DTLB RFO          ACCESS:          0 HIT:          0 MISS:          0 MSHR_MERGE:          0
cpu0->cpu0_DTLB PREFETCH     ACCESS:          0 HIT:          0 MISS:          0 MSHR_MERGE:          0
cpu0->cpu0_DTLB WRITE        ACCESS:          0 HIT:          0 MISS:          0 MSHR_MERGE:          0
cpu0->cpu0_DTLB TRANSLATION  ACCESS:          0 HIT:          0 MISS:          0 MSHR_MERGE:          0
cpu0->cpu0_DTLB PREFETCH REQUESTED:          0 ISSUED:          0 USEFUL:          0 USELESS:          0
cpu0->cpu0_DTLB AVERAGE MISS LATENCY: 85.24 cycles
cpu0->LLC TOTAL        ACCESS:     674454 HIT:      56049 MISS:     618405 MSHR_MERGE:       7790
cpu0->LLC LOAD         ACCESS:     190923 HIT:      24001 MISS:     166922 MSHR_MERGE:       6498
cpu0->LLC RFO          ACCESS:     188853 HIT:       3091 MISS:     185762 MSHR_MERGE:          0
cpu0->LLC PREFETCH     ACCESS:      34399 HIT:        677 MISS:      33722 MSHR_MERGE:       1292
cpu0->LLC WRITE        ACCESS:     232584 HIT:      26288 MISS:     206296 MSHR_MERGE:          0
cpu0->LLC TRANSLATION  ACCESS:      27695 HIT:       1992 MISS:      25703 MSHR_MERGE:          0
cpu0->LLC PREFETCH REQUESTED:          0 ISSUED:          0 USEFUL:          0 USELESS:          0
cpu0->LLC AVERAGE MISS LATENCY: 299.8 cycles

DRAM Statistics

Channel 0 RQ ROW_BUFFER_HIT:       9762
  ROW_BUFFER_MISS:     394554
  AVG DBUS CONGESTED CYCLE: 4.384
Channel 0 WQ ROW_BUFFER_HIT:      44905
  ROW_BUFFER_MISS:     174067
  FULL:         18
Channel 0 REFRESHES ISSUED:       7073
