[VMEM] WARNING: physical memory size is smaller than virtual memory size.

*** ChampSim Multicore Out-of-Order Simulator ***
Warmup Instructions: 10000000
Simulation Instructions: 50000000
Number of CPUs: 1
Page size: 4096
Core 0: traces/GAP/charlie_0002.champsim.gz
Off-chip DRAM Size: 64 GiB Channels: 1 Width: 64-bit Data Rate: 4807 MT/s
[BTB] WARNING: target of return is a lower address than the corresponding call. This is usually a problem with your trace.
[BTB] WARNING: target of return is a lower address than the corresponding call. This is usually a problem with your trace.
[BTB] WARNING: target of return is a lower address than the corresponding call. This is usually a problem with your trace.
[BTB] WARNING: target of return is a lower address than the corresponding call. This is usually a problem with your trace.
[BTB] WARNING: target of return is a lower address than the corresponding call. This is usually a problem with your trace.
Heartbeat CPU 0 instructions: 500003 cycles: 260676 heartbeat IPC: 1.918 cumulative IPC: 1.918 (Simulation time: 00 hr 00 min 02 sec)
[BTB] WARNING: target of return is a lower address than the corresponding call. This is usually a problem with your trace.
Heartbeat CPU 0 instructions: 1000004 cycles: 470101 heartbeat IPC: 2.387 cumulative IPC: 2.127 (Simulation time: 00 hr 00 min 04 sec)
Heartbeat CPU 0 instructions: 1500010 cycles: 655885 heartbeat IPC: 2.691 cumulative IPC: 2.287 (Simulation time: 00 hr 00 min 05 sec)
[BTB] WARNING: target of return is a lower address than the corresponding call. This is usually a problem with your trace.
[BTB] WARNING: target of return is a lower address than the corresponding call. This is usually a problem with your trace.
Heartbeat CPU 0 instructions: 2000016 cycles: 832263 heartbeat IPC: 2.835 cumulative IPC: 2.403 (Simulation time: 00 hr 00 min 07 sec)
[BTB] WARNING: target of return is a lower address than the corresponding call. This is usually a problem with your trace.
[BTB] WARNING: target of return is a lower address than the corresponding call. This is usually a problem with your trace.
Heartbeat CPU 0 instructions: 2500019 cycles: 1014447 heartbeat IPC: 2.744 cumulative IPC: 2.464 (Simulation time: 00 hr 00 min 08 sec)
Heartbeat CPU 0 instructions: 3000025 cycles: 1166538 heartbeat IPC: 3.288 cumulative IPC: 2.572 (Simulation time: 00 hr 00 min 10 sec)
Heartbeat CPU 0 instructions: 3500031 cycles: 1312238 heartbeat IPC: 3.432 cumulative IPC: 2.667 (Simulation time: 00 hr 00 min 11 sec)
Heartbeat CPU 0 instructions: 4000037 cycles: 1449343 heartbeat IPC: 3.647 cumulative IPC: 2.76 (Simulation time: 00 hr 00 min 12 sec)
Heartbeat CPU 0 instructions: 4500042 cycles: 1601992 heartbeat IPC: 3.276 cumulative IPC: 2.809 (Simulation time: 00 hr 00 min 14 sec)
Heartbeat CPU 0 instructions: 5000047 cycles: 1747546 heartbeat IPC: 3.435 cumulative IPC: 2.861 (Simulation time: 00 hr 00 min 15 sec)
Heartbeat CPU 0 instructions: 5500053 cycles: 1916051 heartbeat IPC: 2.967 cumulative IPC: 2.871 (Simulation time: 00 hr 00 min 17 sec)
Heartbeat CPU 0 instructions: 6000060 cycles: 2079639 heartbeat IPC: 3.057 cumulative IPC: 2.885 (Simulation time: 00 hr 00 min 18 sec)
Heartbeat CPU 0 instructions: 6500065 cycles: 2255090 heartbeat IPC: 2.85 cumulative IPC: 2.882 (Simulation time: 00 hr 00 min 20 sec)
Heartbeat CPU 0 instructions: 7000066 cycles: 2402661 heartbeat IPC: 3.388 cumulative IPC: 2.913 (Simulation time: 00 hr 00 min 21 sec)
Heartbeat CPU 0 instructions: 7500068 cycles: 2554999 heartbeat IPC: 3.282 cumulative IPC: 2.935 (Simulation time: 00 hr 00 min 23 sec)
Heartbeat CPU 0 instructions: 8000070 cycles: 2704563 heartbeat IPC: 3.343 cumulative IPC: 2.958 (Simulation time: 00 hr 00 min 24 sec)
Heartbeat CPU 0 instructions: 8500071 cycles: 2805520 heartbeat IPC: 4.953 cumulative IPC: 3.03 (Simulation time: 00 hr 00 min 25 sec)
Heartbeat CPU 0 instructions: 9000073 cycles: 2905728 heartbeat IPC: 4.99 cumulative IPC: 3.097 (Simulation time: 00 hr 00 min 25 sec)
Heartbeat CPU 0 instructions: 9500076 cycles: 3005944 heartbeat IPC: 4.989 cumulative IPC: 3.16 (Simulation time: 00 hr 00 min 26 sec)
Warmup finished CPU 0 instructions: 10000000 cycles: 3127657 cumulative IPC: 3.197 (Simulation time: 00 hr 00 min 27 sec)
Warmup complete CPU 0 instructions: 10000000 cycles: 3127657 cumulative IPC: 3.197 (Simulation time: 00 hr 00 min 27 sec)
Heartbeat CPU 0 instructions: 10000077 cycles: 3130428 heartbeat IPC: 4.017 cumulative IPC: 0.02779 (Simulation time: 00 hr 00 min 27 sec)
Heartbeat CPU 0 instructions: 10500078 cycles: 5410465 heartbeat IPC: 0.2193 cumulative IPC: 0.2191 (Simulation time: 00 hr 00 min 35 sec)
Heartbeat CPU 0 instructions: 11000079 cycles: 6416982 heartbeat IPC: 0.4968 cumulative IPC: 0.304 (Simulation time: 00 hr 00 min 38 sec)
Heartbeat CPU 0 instructions: 11500086 cycles: 8472683 heartbeat IPC: 0.2432 cumulative IPC: 0.2807 (Simulation time: 00 hr 00 min 45 sec)
Heartbeat CPU 0 instructions: 12000088 cycles: 10123412 heartbeat IPC: 0.3029 cumulative IPC: 0.2859 (Simulation time: 00 hr 00 min 50 sec)
Heartbeat CPU 0 instructions: 12500088 cycles: 11076630 heartbeat IPC: 0.5245 cumulative IPC: 0.3145 (Simulation time: 00 hr 00 min 53 sec)
Heartbeat CPU 0 instructions: 13000089 cycles: 11645140 heartbeat IPC: 0.8795 cumulative IPC: 0.3522 (Simulation time: 00 hr 00 min 55 sec)
Heartbeat CPU 0 instructions: 13500089 cycles: 13451852 heartbeat IPC: 0.2767 cumulative IPC: 0.339 (Simulation time: 00 hr 01 min 01 sec)
Heartbeat CPU 0 instructions: 14000089 cycles: 15232564 heartbeat IPC: 0.2808 cumulative IPC: 0.3305 (Simulation time: 00 hr 01 min 06 sec)
Heartbeat CPU 0 instructions: 14500091 cycles: 16324348 heartbeat IPC: 0.458 cumulative IPC: 0.341 (Simulation time: 00 hr 01 min 10 sec)
Heartbeat CPU 0 instructions: 15000092 cycles: 16832258 heartbeat IPC: 0.9844 cumulative IPC: 0.3648 (Simulation time: 00 hr 01 min 12 sec)
Heartbeat CPU 0 instructions: 15500099 cycles: 17321593 heartbeat IPC: 1.022 cumulative IPC: 0.3875 (Simulation time: 00 hr 01 min 14 sec)
Heartbeat CPU 0 instructions: 16000100 cycles: 17794296 heartbeat IPC: 1.058 cumulative IPC: 0.4091 (Simulation time: 00 hr 01 min 16 sec)
Heartbeat CPU 0 instructions: 16500107 cycles: 18277389 heartbeat IPC: 1.035 cumulative IPC: 0.4291 (Simulation time: 00 hr 01 min 18 sec)
Heartbeat CPU 0 instructions: 17000114 cycles: 18772289 heartbeat IPC: 1.01 cumulative IPC: 0.4474 (Simulation time: 00 hr 01 min 20 sec)
Heartbeat CPU 0 instructions: 17500115 cycles: 19299651 heartbeat IPC: 0.9481 cumulative IPC: 0.4638 (Simulation time: 00 hr 01 min 22 sec)
Heartbeat CPU 0 instructions: 18000115 cycles: 19724552 heartbeat IPC: 1.177 cumulative IPC: 0.482 (Simulation time: 00 hr 01 min 24 sec)
Heartbeat CPU 0 instructions: 18500116 cycles: 20165272 heartbeat IPC: 1.135 cumulative IPC: 0.4989 (Simulation time: 00 hr 01 min 26 sec)
Heartbeat CPU 0 instructions: 19000118 cycles: 20626916 heartbeat IPC: 1.083 cumulative IPC: 0.5143 (Simulation time: 00 hr 01 min 28 sec)
Heartbeat CPU 0 instructions: 19500120 cycles: 21113964 heartbeat IPC: 1.027 cumulative IPC: 0.5282 (Simulation time: 00 hr 01 min 30 sec)
Heartbeat CPU 0 instructions: 20000123 cycles: 21567241 heartbeat IPC: 1.103 cumulative IPC: 0.5423 (Simulation time: 00 hr 01 min 32 sec)
Heartbeat CPU 0 instructions: 20500123 cycles: 22089930 heartbeat IPC: 0.9566 cumulative IPC: 0.5537 (Simulation time: 00 hr 01 min 34 sec)
Heartbeat CPU 0 instructions: 21000129 cycles: 22525240 heartbeat IPC: 1.149 cumulative IPC: 0.5671 (Simulation time: 00 hr 01 min 36 sec)
Heartbeat CPU 0 instructions: 21500133 cycles: 22969075 heartbeat IPC: 1.127 cumulative IPC: 0.5796 (Simulation time: 00 hr 01 min 38 sec)
Heartbeat CPU 0 instructions: 22000133 cycles: 23458507 heartbeat IPC: 1.022 cumulative IPC: 0.5902 (Simulation time: 00 hr 01 min 40 sec)
Heartbeat CPU 0 instructions: 22500138 cycles: 23908255 heartbeat IPC: 1.112 cumulative IPC: 0.6015 (Simulation time: 00 hr 01 min 42 sec)
Heartbeat CPU 0 instructions: 23000138 cycles: 24371271 heartbeat IPC: 1.08 cumulative IPC: 0.612 (Simulation time: 00 hr 01 min 44 sec)
Heartbeat CPU 0 instructions: 23500138 cycles: 24837989 heartbeat IPC: 1.071 cumulative IPC: 0.6218 (Simulation time: 00 hr 01 min 46 sec)
Heartbeat CPU 0 instructions: 24000138 cycles: 25368100 heartbeat IPC: 0.9432 cumulative IPC: 0.6295 (Simulation time: 00 hr 01 min 49 sec)
Heartbeat CPU 0 instructions: 24500143 cycles: 26826974 heartbeat IPC: 0.3427 cumulative IPC: 0.6118 (Simulation time: 00 hr 01 min 54 sec)
Heartbeat CPU 0 instructions: 25000146 cycles: 27450916 heartbeat IPC: 0.8014 cumulative IPC: 0.6167 (Simulation time: 00 hr 01 min 57 sec)
Heartbeat CPU 0 instructions: 25500147 cycles: 28093527 heartbeat IPC: 0.7781 cumulative IPC: 0.6209 (Simulation time: 00 hr 02 min 00 sec)
Heartbeat CPU 0 instructions: 26000149 cycles: 28756659 heartbeat IPC: 0.754 cumulative IPC: 0.6243 (Simulation time: 00 hr 02 min 03 sec)
Heartbeat CPU 0 instructions: 26500149 cycles: 29981971 heartbeat IPC: 0.4081 cumulative IPC: 0.6144 (Simulation time: 00 hr 02 min 08 sec)
Heartbeat CPU 0 instructions: 27000149 cycles: 30952852 heartbeat IPC: 0.515 cumulative IPC: 0.611 (Simulation time: 00 hr 02 min 11 sec)
Heartbeat CPU 0 instructions: 27500149 cycles: 31657553 heartbeat IPC: 0.7095 cumulative IPC: 0.6134 (Simulation time: 00 hr 02 min 14 sec)
Heartbeat CPU 0 instructions: 28000149 cycles: 32827246 heartbeat IPC: 0.4275 cumulative IPC: 0.6061 (Simulation time: 00 hr 02 min 19 sec)
Heartbeat CPU 0 instructions: 28500154 cycles: 34296571 heartbeat IPC: 0.3403 cumulative IPC: 0.5935 (Simulation time: 00 hr 02 min 24 sec)
Heartbeat CPU 0 instructions: 29000155 cycles: 34823948 heartbeat IPC: 0.9481 cumulative IPC: 0.5994 (Simulation time: 00 hr 02 min 26 sec)
Heartbeat CPU 0 instructions: 29500162 cycles: 35307561 heartbeat IPC: 1.034 cumulative IPC: 0.606 (Simulation time: 00 hr 02 min 28 sec)
Heartbeat CPU 0 instructions: 30000162 cycles: 35894457 heartbeat IPC: 0.8519 cumulative IPC: 0.6104 (Simulation time: 00 hr 02 min 31 sec)
Heartbeat CPU 0 instructions: 30500162 cycles: 37058258 heartbeat IPC: 0.4296 cumulative IPC: 0.6042 (Simulation time: 00 hr 02 min 35 sec)
Heartbeat CPU 0 instructions: 31000167 cycles: 38601091 heartbeat IPC: 0.3241 cumulative IPC: 0.592 (Simulation time: 00 hr 02 min 40 sec)
Heartbeat CPU 0 instructions: 31500167 cycles: 39930933 heartbeat IPC: 0.376 cumulative IPC: 0.5842 (Simulation time: 00 hr 02 min 45 sec)
Heartbeat CPU 0 instructions: 32000174 cycles: 41185841 heartbeat IPC: 0.3984 cumulative IPC: 0.5781 (Simulation time: 00 hr 02 min 49 sec)
Heartbeat CPU 0 instructions: 32500179 cycles: 41418416 heartbeat IPC: 2.15 cumulative IPC: 0.5876 (Simulation time: 00 hr 02 min 51 sec)
Heartbeat CPU 0 instructions: 33000183 cycles: 41659646 heartbeat IPC: 2.073 cumulative IPC: 0.5969 (Simulation time: 00 hr 02 min 53 sec)
Heartbeat CPU 0 instructions: 33500185 cycles: 42055604 heartbeat IPC: 1.263 cumulative IPC: 0.6037 (Simulation time: 00 hr 02 min 55 sec)
Heartbeat CPU 0 instructions: 34000185 cycles: 43499245 heartbeat IPC: 0.3463 cumulative IPC: 0.5945 (Simulation time: 00 hr 03 min 00 sec)
Heartbeat CPU 0 instructions: 34500185 cycles: 45041057 heartbeat IPC: 0.3243 cumulative IPC: 0.5845 (Simulation time: 00 hr 03 min 05 sec)
Heartbeat CPU 0 instructions: 35000185 cycles: 47378079 heartbeat IPC: 0.2139 cumulative IPC: 0.565 (Simulation time: 00 hr 03 min 12 sec)
Heartbeat CPU 0 instructions: 35500191 cycles: 49167281 heartbeat IPC: 0.2795 cumulative IPC: 0.5539 (Simulation time: 00 hr 03 min 18 sec)
Heartbeat CPU 0 instructions: 36000192 cycles: 50444110 heartbeat IPC: 0.3916 cumulative IPC: 0.5495 (Simulation time: 00 hr 03 min 23 sec)
Heartbeat CPU 0 instructions: 36500197 cycles: 51882769 heartbeat IPC: 0.3475 cumulative IPC: 0.5435 (Simulation time: 00 hr 03 min 28 sec)
Heartbeat CPU 0 instructions: 37000201 cycles: 52463834 heartbeat IPC: 0.8605 cumulative IPC: 0.5473 (Simulation time: 00 hr 03 min 30 sec)
Heartbeat CPU 0 instructions: 37500202 cycles: 52956459 heartbeat IPC: 1.015 cumulative IPC: 0.5519 (Simulation time: 00 hr 03 min 32 sec)
Heartbeat CPU 0 instructions: 38000204 cycles: 53422348 heartbeat IPC: 1.073 cumulative IPC: 0.5567 (Simulation time: 00 hr 03 min 34 sec)
Heartbeat CPU 0 instructions: 38500210 cycles: 53852048 heartbeat IPC: 1.164 cumulative IPC: 0.5619 (Simulation time: 00 hr 03 min 36 sec)
Heartbeat CPU 0 instructions: 39000214 cycles: 54335715 heartbeat IPC: 1.034 cumulative IPC: 0.5663 (Simulation time: 00 hr 03 min 38 sec)
Heartbeat CPU 0 instructions: 39500215 cycles: 54803147 heartbeat IPC: 1.07 cumulative IPC: 0.5709 (Simulation time: 00 hr 03 min 40 sec)
Heartbeat CPU 0 instructions: 40000221 cycles: 55272325 heartbeat IPC: 1.066 cumulative IPC: 0.5753 (Simulation time: 00 hr 03 min 42 sec)
Heartbeat CPU 0 instructions: 40500221 cycles: 55781575 heartbeat IPC: 0.9818 cumulative IPC: 0.5793 (Simulation time: 00 hr 03 min 44 sec)
Heartbeat CPU 0 instructions: 41000227 cycles: 56186839 heartbeat IPC: 1.234 cumulative IPC: 0.5843 (Simulation time: 00 hr 03 min 46 sec)
Heartbeat CPU 0 instructions: 41500227 cycles: 57033558 heartbeat IPC: 0.5905 cumulative IPC: 0.5844 (Simulation time: 00 hr 03 min 49 sec)
Heartbeat CPU 0 instructions: 42000231 cycles: 57673461 heartbeat IPC: 0.7814 cumulative IPC: 0.5867 (Simulation time: 00 hr 03 min 52 sec)
Heartbeat CPU 0 instructions: 42500236 cycles: 58270696 heartbeat IPC: 0.8372 cumulative IPC: 0.5894 (Simulation time: 00 hr 03 min 55 sec)
Heartbeat CPU 0 instructions: 43000241 cycles: 58893725 heartbeat IPC: 0.8025 cumulative IPC: 0.5918 (Simulation time: 00 hr 03 min 58 sec)
Heartbeat CPU 0 instructions: 43500247 cycles: 59490128 heartbeat IPC: 0.8384 cumulative IPC: 0.5944 (Simulation time: 00 hr 04 min 01 sec)
Heartbeat CPU 0 instructions: 44000247 cycles: 60132937 heartbeat IPC: 0.7778 cumulative IPC: 0.5964 (Simulation time: 00 hr 04 min 04 sec)
Heartbeat CPU 0 instructions: 44500248 cycles: 60714555 heartbeat IPC: 0.8597 cumulative IPC: 0.5991 (Simulation time: 00 hr 04 min 07 sec)
Heartbeat CPU 0 instructions: 45000248 cycles: 61333063 heartbeat IPC: 0.8084 cumulative IPC: 0.6013 (Simulation time: 00 hr 04 min 10 sec)
Heartbeat CPU 0 instructions: 45500253 cycles: 61958462 heartbeat IPC: 0.7995 cumulative IPC: 0.6034 (Simulation time: 00 hr 04 min 13 sec)
Heartbeat CPU 0 instructions: 46000253 cycles: 62540373 heartbeat IPC: 0.8592 cumulative IPC: 0.6059 (Simulation time: 00 hr 04 min 15 sec)
Heartbeat CPU 0 instructions: 46500255 cycles: 63156988 heartbeat IPC: 0.8109 cumulative IPC: 0.608 (Simulation time: 00 hr 04 min 18 sec)
Heartbeat CPU 0 instructions: 47000257 cycles: 63792245 heartbeat IPC: 0.7871 cumulative IPC: 0.6099 (Simulation time: 00 hr 04 min 22 sec)
Heartbeat CPU 0 instructions: 47500257 cycles: 64395044 heartbeat IPC: 0.8295 cumulative IPC: 0.6121 (Simulation time: 00 hr 04 min 25 sec)
Heartbeat CPU 0 instructions: 48000258 cycles: 66330764 heartbeat IPC: 0.2583 cumulative IPC: 0.6012 (Simulation time: 00 hr 04 min 32 sec)
Heartbeat CPU 0 instructions: 48500258 cycles: 68089720 heartbeat IPC: 0.2843 cumulative IPC: 0.5927 (Simulation time: 00 hr 04 min 39 sec)
Heartbeat CPU 0 instructions: 49000259 cycles: 70250993 heartbeat IPC: 0.2313 cumulative IPC: 0.581 (Simulation time: 00 hr 04 min 46 sec)
Heartbeat CPU 0 instructions: 49500259 cycles: 71119393 heartbeat IPC: 0.5758 cumulative IPC: 0.581 (Simulation time: 00 hr 04 min 49 sec)
Heartbeat CPU 0 instructions: 50000259 cycles: 71618349 heartbeat IPC: 1.002 cumulative IPC: 0.584 (Simulation time: 00 hr 04 min 51 sec)
Heartbeat CPU 0 instructions: 50500263 cycles: 72080402 heartbeat IPC: 1.082 cumulative IPC: 0.5874 (Simulation time: 00 hr 04 min 54 sec)
Heartbeat CPU 0 instructions: 51000263 cycles: 72659108 heartbeat IPC: 0.864 cumulative IPC: 0.5897 (Simulation time: 00 hr 04 min 57 sec)
Heartbeat CPU 0 instructions: 51500264 cycles: 73006178 heartbeat IPC: 1.441 cumulative IPC: 0.5939 (Simulation time: 00 hr 04 min 58 sec)
Heartbeat CPU 0 instructions: 52000266 cycles: 73336765 heartbeat IPC: 1.512 cumulative IPC: 0.5982 (Simulation time: 00 hr 05 min 00 sec)
Heartbeat CPU 0 instructions: 52500267 cycles: 73648707 heartbeat IPC: 1.603 cumulative IPC: 0.6027 (Simulation time: 00 hr 05 min 02 sec)
Heartbeat CPU 0 instructions: 53000270 cycles: 74060717 heartbeat IPC: 1.214 cumulative IPC: 0.6062 (Simulation time: 00 hr 05 min 04 sec)
Heartbeat CPU 0 instructions: 53500275 cycles: 74440070 heartbeat IPC: 1.318 cumulative IPC: 0.61 (Simulation time: 00 hr 05 min 06 sec)
Heartbeat CPU 0 instructions: 54000276 cycles: 75960356 heartbeat IPC: 0.3289 cumulative IPC: 0.6041 (Simulation time: 00 hr 05 min 11 sec)
Heartbeat CPU 0 instructions: 54500276 cycles: 77620289 heartbeat IPC: 0.3012 cumulative IPC: 0.5974 (Simulation time: 00 hr 05 min 17 sec)
Heartbeat CPU 0 instructions: 55000276 cycles: 78555556 heartbeat IPC: 0.5346 cumulative IPC: 0.5966 (Simulation time: 00 hr 05 min 21 sec)
Heartbeat CPU 0 instructions: 55500278 cycles: 80344577 heartbeat IPC: 0.2795 cumulative IPC: 0.5893 (Simulation time: 00 hr 05 min 28 sec)
Heartbeat CPU 0 instructions: 56000283 cycles: 81245229 heartbeat IPC: 0.5552 cumulative IPC: 0.5889 (Simulation time: 00 hr 05 min 32 sec)
Heartbeat CPU 0 instructions: 56500284 cycles: 82927250 heartbeat IPC: 0.2973 cumulative IPC: 0.5827 (Simulation time: 00 hr 05 min 37 sec)
Heartbeat CPU 0 instructions: 57000286 cycles: 84769303 heartbeat IPC: 0.2714 cumulative IPC: 0.5757 (Simulation time: 00 hr 05 min 44 sec)
Heartbeat CPU 0 instructions: 57500293 cycles: 85775879 heartbeat IPC: 0.4967 cumulative IPC: 0.5747 (Simulation time: 00 hr 05 min 47 sec)
Heartbeat CPU 0 instructions: 58000295 cycles: 87079015 heartbeat IPC: 0.3837 cumulative IPC: 0.5718 (Simulation time: 00 hr 05 min 52 sec)
Heartbeat CPU 0 instructions: 58500295 cycles: 87897162 heartbeat IPC: 0.6111 cumulative IPC: 0.5721 (Simulation time: 00 hr 05 min 55 sec)
Heartbeat CPU 0 instructions: 59000297 cycles: 88369165 heartbeat IPC: 1.059 cumulative IPC: 0.5748 (Simulation time: 00 hr 05 min 57 sec)
Heartbeat CPU 0 instructions: 59500303 cycles: 88835273 heartbeat IPC: 1.073 cumulative IPC: 0.5775 (Simulation time: 00 hr 05 min 59 sec)
Simulation finished CPU 0 instructions: 50000005 cycles: 87062525 cumulative IPC: 0.5743 (Simulation time: 00 hr 06 min 04 sec)
Simulation complete CPU 0 instructions: 50000005 cycles: 87062525 cumulative IPC: 0.5743 (Simulation time: 00 hr 06 min 04 sec)

ChampSim completed all CPUs

=== Simulation ===
CPU 0 runs traces/GAP/charlie_0002.champsim.gz

Region of Interest Statistics

CPU 0 cumulative IPC: 0.5743 instructions: 50000005 cycles: 87062525
CPU 0 Branch Prediction Accuracy: 90.7% MPKI: 17.39 Average ROB Occupancy at Mispredict: 33.5
Branch type MPKI
BRANCH_DIRECT_JUMP: 0.5393
BRANCH_INDIRECT: 0.5511
BRANCH_CONDITIONAL: 14.67
BRANCH_DIRECT_CALL: 0.5491
BRANCH_INDIRECT_CALL: 0.6154
BRANCH_RETURN: 0.4658

cpu0->cpu0_STLB TOTAL        ACCESS:     239212 HIT:     175189 MISS:      64023 MSHR_MERGE:          0
cpu0->cpu0_STLB LOAD         ACCESS:     239212 HIT:     175189 MISS:      64023 MSHR_MERGE:          0
cpu0->cpu0_STLB RFO          ACCESS:          0 HIT:          0 MISS:          0 MSHR_MERGE:          0
cpu0->cpu0_STLB PREFETCH     ACCESS:          0 HIT:          0 MISS:          0 MSHR_MERGE:          0
cpu0->cpu0_STLB WRITE        ACCESS:          0 HIT:          0 MISS:          0 MSHR_MERGE:          0
cpu0->cpu0_STLB TRANSLATION  ACCESS:          0 HIT:          0 MISS:          0 MSHR_MERGE:          0
cpu0->cpu0_STLB PREFETCH REQUESTED:          0 ISSUED:          0 USEFUL:          0 USELESS:          0
cpu0->cpu0_STLB AVERAGE MISS LATENCY: 256.6 cycles
cpu0->cpu0_L2C TOTAL        ACCESS:    1306656 HIT:     769661 MISS:     536995 MSHR_MERGE:          0
cpu0->cpu0_L2C LOAD         ACCESS:     718853 HIT:     425871 MISS:     292982 MSHR_MERGE:          0
cpu0->cpu0_L2C RFO          ACCESS:     230405 HIT:      20090 MISS:     210315 MSHR_MERGE:          0
cpu0->cpu0_L2C PREFETCH     ACCESS:          0 HIT:          0 MISS:          0 MSHR_MERGE:          0
cpu0->cpu0_L2C WRITE        ACCESS:     285365 HIT:     285363 MISS:          2 MSHR_MERGE:          0
cpu0->cpu0_L2C TRANSLATION  ACCESS:      72033 HIT:      38337 MISS:      33696 MSHR_MERGE:          0
cpu0->cpu0_L2C PREFETCH REQUESTED:          0 ISSUED:          0 USEFUL:          0 USELESS:          0
cpu0->cpu0_L2C AVERAGE MISS LATENCY: 263.4 cycles
cpu0->cpu0_L1I TOTAL        ACCESS:    3082954 HIT:    2715619 MISS:     367335 MSHR_MERGE:      84635
cpu0->cpu0_L1I LOAD         ACCESS:    3082954 HIT:    2715619 MISS:     367335 MSHR_MERGE:      84635
cpu0->cpu0_L1I RFO          ACCESS:          0 HIT:          0 MISS:          0 MSHR_MERGE:          0
cpu0->cpu0_L1I PREFETCH     ACCESS:          0 HIT:          0 MISS:          0 MSHR_MERGE:          0
cpu0->cpu0_L1I WRITE        ACCESS:          0 HIT:          0 MISS:          0 MSHR_MERGE:          0
cpu0->cpu0_L1I TRANSLATION  ACCESS:          0 HIT:          0 MISS:          0 MSHR_MERGE:          0
cpu0->cpu0_L1I PREFETCH REQUESTED:          0 ISSUED:          0 USEFUL:          0 USELESS:          0
cpu0->cpu0_L1I AVERAGE MISS LATENCY: 97.42 cycles
cpu0->cpu0_L1D TOTAL        ACCESS:   14239688 HIT:   12674309 MISS:    1565379 MSHR_MERGE:     826783
cpu0->cpu0_L1D LOAD         ACCESS:    8620469 HIT:    7963000 MISS:     657469 MSHR_MERGE:     221316
cpu0->cpu0_L1D RFO          ACCESS:          0 HIT:          0 MISS:          0 MSHR_MERGE:          0
cpu0->cpu0_L1D PREFETCH     ACCESS:          0 HIT:          0 MISS:          0 MSHR_MERGE:          0
cpu0->cpu0_L1D WRITE        ACCESS:    5441328 HIT:    4606312 MISS:     835016 MSHR_MERGE:     604606
cpu0->cpu0_L1D TRANSLATION  ACCESS:     177891 HIT:     104997 MISS:      72894 MSHR_MERGE:        861
cpu0->cpu0_L1D PREFETCH REQUESTED:          0 ISSUED:          0 USEFUL:          0 USELESS:          0
cpu0->cpu0_L1D AVERAGE MISS LATENCY: 165.7 cycles
cpu0->cpu0_ITLB TOTAL        ACCESS:    2551928 HIT:    2517607 MISS:      34321 MSHR_MERGE:      13999
cpu0->cpu0_ITLB LOAD         ACCESS:    2551928 HIT:    2517607 MISS:      34321 MSHR_MERGE:      13999
cpu0->cpu0_ITLB RFO          ACCESS:          0 HIT:          0 MISS:          0 MSHR_MERGE:          0
cpu0->cpu0_ITLB PREFETCH     ACCESS:          0 HIT:          0 MISS:          0 MSHR_MERGE:          0
cpu0->cpu0_ITLB WRITE        ACCESS:          0 HIT:          0 MISS:          0 MSHR_MERGE:          0
cpu0->cpu0_ITLB TRANSLATION  ACCESS:          0 HIT:          0 MISS:          0 MSHR_MERGE:          0
cpu0->cpu0_ITLB PREFETCH REQUESTED:          0 ISSUED:          0 USEFUL:          0 USELESS:          0
cpu0->cpu0_ITLB AVERAGE MISS LATENCY: 69.88 cycles
cpu0->cpu0_DTLB TOTAL        ACCESS:   13451184 HIT:   13067755 MISS:     383429 MSHR_MERGE:     164539
cpu0->cpu0_DTLB LOAD         ACCESS:   13451184 HIT:   13067755 MISS:     383429 MSHR_MERGE:     164539
cpu0->cpu0_DTLB RFO          ACCESS:          0 HIT:          0 MISS:          0 MSHR_MERGE:          0
cpu0->cpu0_DTLB PREFETCH     ACCESS:          0 HIT:          0 MISS:          0 MSHR_MERGE:          0
cpu0->cpu0_DTLB WRITE        ACCESS:          0 HIT:          0 MISS:          0 MSHR_MERGE:          0
cpu0->cpu0_DTLB TRANSLATION  ACCESS:          0 HIT:          0 MISS:          0 MSHR_MERGE:          0
cpu0->cpu0_DTLB PREFETCH REQUESTED:          0 ISSUED:          0 USEFUL:          0 USELESS:          0
cpu0->cpu0_DTLB AVERAGE MISS LATENCY: 74.33 cycles
cpu0->LLC TOTAL        ACCESS:     771665 HIT:      43285 MISS:     728380 MSHR_MERGE:          0
cpu0->LLC LOAD         ACCESS:     292982 HIT:       5373 MISS:     287609 MSHR_MERGE:          0
cpu0->LLC RFO          ACCESS:     210315 HIT:       1116 MISS:     209199 MSHR_MERGE:          0
cpu0->LLC PREFETCH     ACCESS:          0 HIT:          0 MISS:          0 MSHR_MERGE:          0
cpu0->LLC WRITE        ACCESS:     234672 HIT:      35281 MISS:     199391 MSHR_MERGE:          0
cpu0->LLC TRANSLATION  ACCESS:      33696 HIT:       1515 MISS:      32181 MSHR_MERGE:          0
cpu0->LLC PREFETCH REQUESTED:          0 ISSUED:          0 USEFUL:          0 USELESS:          0
cpu0->LLC AVERAGE MISS LATENCY: 181.9 cycles

DRAM Statistics

Channel 0 RQ ROW_BUFFER_HIT:      17927
  ROW_BUFFER_MISS:     511059
  AVG DBUS CONGESTED CYCLE: 26.27
Channel 0 WQ ROW_BUFFER_HIT:      56758
  ROW_BUFFER_MISS:     194940
  FULL:        555
Channel 0 REFRESHES ISSUED:       7255
