[VMEM] WARNING: physical memory size is smaller than virtual memory size.

*** ChampSim Multicore Out-of-Order Simulator ***
Warmup Instructions: 10000000
Simulation Instructions: 50000000
Number of CPUs: 1
Page size: 4096
Core 0: traces/GAP/charlie_0001.champsim.gz
Off-chip DRAM Size: 64 GiB Channels: 1 Width: 64-bit Data Rate: 4807 MT/s
[BTB] WARNING: target of return is a lower address than the corresponding call. This is usually a problem with your trace.
[BTB] WARNING: target of return is a lower address than the corresponding call. This is usually a problem with your trace.
[BTB] WARNING: target of return is a lower address than the corresponding call. This is usually a problem with your trace.
[BTB] WARNING: target of return is a lower address than the corresponding call. This is usually a problem with your trace.
[BTB] WARNING: target of return is a lower address than the corresponding call. This is usually a problem with your trace.
[BTB] WARNING: target of return is a lower address than the corresponding call. This is usually a problem with your trace.
[BTB] WARNING: target of return is a lower address than the corresponding call. This is usually a problem with your trace.
[BTB] WARNING: target of return is a lower address than the corresponding call. This is usually a problem with your trace.
Heartbeat CPU 0 instructions: 500004 cycles: 180732 heartbeat IPC: 2.767 cumulative IPC: 2.767 (Simulation time: 00 hr 00 min 01 sec)
Heartbeat CPU 0 instructions: 1000009 cycles: 296557 heartbeat IPC: 4.317 cumulative IPC: 3.372 (Simulation time: 00 hr 00 min 02 sec)
[BTB] WARNING: target of return is a lower address than the corresponding call. This is usually a problem with your trace.
[BTB] WARNING: target of return is a lower address than the corresponding call. This is usually a problem with your trace.
Heartbeat CPU 0 instructions: 1500014 cycles: 520626 heartbeat IPC: 2.231 cumulative IPC: 2.881 (Simulation time: 00 hr 00 min 04 sec)
Heartbeat CPU 0 instructions: 2000015 cycles: 633794 heartbeat IPC: 4.418 cumulative IPC: 3.156 (Simulation time: 00 hr 00 min 05 sec)
Heartbeat CPU 0 instructions: 2500017 cycles: 747714 heartbeat IPC: 4.389 cumulative IPC: 3.344 (Simulation time: 00 hr 00 min 06 sec)
Heartbeat CPU 0 instructions: 3000018 cycles: 854821 heartbeat IPC: 4.668 cumulative IPC: 3.51 (Simulation time: 00 hr 00 min 07 sec)
Heartbeat CPU 0 instructions: 3500023 cycles: 961695 heartbeat IPC: 4.678 cumulative IPC: 3.639 (Simulation time: 00 hr 00 min 08 sec)
Heartbeat CPU 0 instructions: 4000027 cycles: 1179978 heartbeat IPC: 2.291 cumulative IPC: 3.39 (Simulation time: 00 hr 00 min 09 sec)
Heartbeat CPU 0 instructions: 4500028 cycles: 1426643 heartbeat IPC: 2.027 cumulative IPC: 3.154 (Simulation time: 00 hr 00 min 11 sec)
Heartbeat CPU 0 instructions: 5000030 cycles: 1611593 heartbeat IPC: 2.703 cumulative IPC: 3.103 (Simulation time: 00 hr 00 min 13 sec)
Heartbeat CPU 0 instructions: 5500030 cycles: 1778690 heartbeat IPC: 2.992 cumulative IPC: 3.092 (Simulation time: 00 hr 00 min 14 sec)
Heartbeat CPU 0 instructions: 6000031 cycles: 1929527 heartbeat IPC: 3.315 cumulative IPC: 3.11 (Simulation time: 00 hr 00 min 15 sec)
Heartbeat CPU 0 instructions: 6500031 cycles: 2046846 heartbeat IPC: 4.262 cumulative IPC: 3.176 (Simulation time: 00 hr 00 min 16 sec)
Heartbeat CPU 0 instructions: 7000031 cycles: 2164672 heartbeat IPC: 4.244 cumulative IPC: 3.234 (Simulation time: 00 hr 00 min 17 sec)
Heartbeat CPU 0 instructions: 7500035 cycles: 2283329 heartbeat IPC: 4.214 cumulative IPC: 3.285 (Simulation time: 00 hr 00 min 18 sec)
Heartbeat CPU 0 instructions: 8000035 cycles: 2401552 heartbeat IPC: 4.229 cumulative IPC: 3.331 (Simulation time: 00 hr 00 min 19 sec)
Heartbeat CPU 0 instructions: 8500036 cycles: 2517681 heartbeat IPC: 4.306 cumulative IPC: 3.376 (Simulation time: 00 hr 00 min 20 sec)
Heartbeat CPU 0 instructions: 9000040 cycles: 2634261 heartbeat IPC: 4.289 cumulative IPC: 3.417 (Simulation time: 00 hr 00 min 21 sec)
Heartbeat CPU 0 instructions: 9500044 cycles: 2774913 heartbeat IPC: 3.555 cumulative IPC: 3.424 (Simulation time: 00 hr 00 min 22 sec)
Warmup finished CPU 0 instructions: 10000001 cycles: 2882418 cumulative IPC: 3.469 (Simulation time: 00 hr 00 min 23 sec)
Warmup complete CPU 0 instructions: 10000001 cycles: 2882418 cumulative IPC: 3.469 (Simulation time: 00 hr 00 min 23 sec)
Heartbeat CPU 0 instructions: 10000049 cycles: 2882424 heartbeat IPC: 4.651 cumulative IPC: 8 (Simulation time: 00 hr 00 min 23 sec)
Heartbeat CPU 0 instructions: 10500055 cycles: 3415996 heartbeat IPC: 0.9371 cumulative IPC: 0.9372 (Simulation time: 00 hr 00 min 25 sec)
Heartbeat CPU 0 instructions: 11000055 cycles: 3981336 heartbeat IPC: 0.8844 cumulative IPC: 0.91 (Simulation time: 00 hr 00 min 27 sec)
Heartbeat CPU 0 instructions: 11500059 cycles: 4512560 heartbeat IPC: 0.9412 cumulative IPC: 0.9202 (Simulation time: 00 hr 00 min 30 sec)
Heartbeat CPU 0 instructions: 12000060 cycles: 5054498 heartbeat IPC: 0.9226 cumulative IPC: 0.9208 (Simulation time: 00 hr 00 min 32 sec)
Heartbeat CPU 0 instructions: 12500060 cycles: 5609758 heartbeat IPC: 0.9005 cumulative IPC: 0.9167 (Simulation time: 00 hr 00 min 34 sec)
Heartbeat CPU 0 instructions: 13000060 cycles: 6151917 heartbeat IPC: 0.9222 cumulative IPC: 0.9176 (Simulation time: 00 hr 00 min 37 sec)
Heartbeat CPU 0 instructions: 13500060 cycles: 6678986 heartbeat IPC: 0.9486 cumulative IPC: 0.9219 (Simulation time: 00 hr 00 min 39 sec)
Heartbeat CPU 0 instructions: 14000065 cycles: 7203666 heartbeat IPC: 0.953 cumulative IPC: 0.9257 (Simulation time: 00 hr 00 min 42 sec)
Heartbeat CPU 0 instructions: 14500069 cycles: 7792226 heartbeat IPC: 0.8495 cumulative IPC: 0.9165 (Simulation time: 00 hr 00 min 44 sec)
Heartbeat CPU 0 instructions: 15000070 cycles: 8357941 heartbeat IPC: 0.8838 cumulative IPC: 0.9132 (Simulation time: 00 hr 00 min 47 sec)
Heartbeat CPU 0 instructions: 15500073 cycles: 8904213 heartbeat IPC: 0.9153 cumulative IPC: 0.9134 (Simulation time: 00 hr 00 min 50 sec)
Heartbeat CPU 0 instructions: 16000077 cycles: 9420264 heartbeat IPC: 0.9689 cumulative IPC: 0.9177 (Simulation time: 00 hr 00 min 52 sec)
Heartbeat CPU 0 instructions: 16500077 cycles: 9980914 heartbeat IPC: 0.8918 cumulative IPC: 0.9157 (Simulation time: 00 hr 00 min 54 sec)
Heartbeat CPU 0 instructions: 17000083 cycles: 11352720 heartbeat IPC: 0.3645 cumulative IPC: 0.8264 (Simulation time: 00 hr 00 min 59 sec)
Heartbeat CPU 0 instructions: 17500083 cycles: 11987583 heartbeat IPC: 0.7876 cumulative IPC: 0.8237 (Simulation time: 00 hr 01 min 01 sec)
Heartbeat CPU 0 instructions: 18000084 cycles: 12564359 heartbeat IPC: 0.8669 cumulative IPC: 0.8263 (Simulation time: 00 hr 01 min 04 sec)
Heartbeat CPU 0 instructions: 18500085 cycles: 13025535 heartbeat IPC: 1.084 cumulative IPC: 0.838 (Simulation time: 00 hr 01 min 06 sec)
Heartbeat CPU 0 instructions: 19000085 cycles: 13515282 heartbeat IPC: 1.021 cumulative IPC: 0.8464 (Simulation time: 00 hr 06 min 28 sec)
Heartbeat CPU 0 instructions: 19500092 cycles: 13954939 heartbeat IPC: 1.137 cumulative IPC: 0.858 (Simulation time: 00 hr 06 min 30 sec)
Heartbeat CPU 0 instructions: 20000093 cycles: 14441419 heartbeat IPC: 1.028 cumulative IPC: 0.8651 (Simulation time: 00 hr 06 min 32 sec)
Heartbeat CPU 0 instructions: 20500093 cycles: 14909745 heartbeat IPC: 1.068 cumulative IPC: 0.873 (Simulation time: 00 hr 06 min 34 sec)
Heartbeat CPU 0 instructions: 21000094 cycles: 15397166 heartbeat IPC: 1.026 cumulative IPC: 0.879 (Simulation time: 00 hr 06 min 36 sec)
Heartbeat CPU 0 instructions: 21500094 cycles: 15879702 heartbeat IPC: 1.036 cumulative IPC: 0.8848 (Simulation time: 00 hr 06 min 38 sec)
Heartbeat CPU 0 instructions: 22000095 cycles: 16291297 heartbeat IPC: 1.215 cumulative IPC: 0.8949 (Simulation time: 00 hr 06 min 40 sec)
Heartbeat CPU 0 instructions: 22500097 cycles: 16802624 heartbeat IPC: 0.9779 cumulative IPC: 0.898 (Simulation time: 00 hr 06 min 42 sec)
Heartbeat CPU 0 instructions: 23000104 cycles: 17258556 heartbeat IPC: 1.097 cumulative IPC: 0.9043 (Simulation time: 00 hr 06 min 44 sec)
Heartbeat CPU 0 instructions: 23500105 cycles: 17732054 heartbeat IPC: 1.056 cumulative IPC: 0.9091 (Simulation time: 00 hr 06 min 46 sec)
Heartbeat CPU 0 instructions: 24000106 cycles: 18138129 heartbeat IPC: 1.231 cumulative IPC: 0.9177 (Simulation time: 00 hr 06 min 48 sec)
Heartbeat CPU 0 instructions: 24500106 cycles: 19237067 heartbeat IPC: 0.455 cumulative IPC: 0.8866 (Simulation time: 00 hr 06 min 52 sec)
Heartbeat CPU 0 instructions: 25000107 cycles: 20939334 heartbeat IPC: 0.2937 cumulative IPC: 0.8307 (Simulation time: 00 hr 06 min 58 sec)
Heartbeat CPU 0 instructions: 25500109 cycles: 21507740 heartbeat IPC: 0.8797 cumulative IPC: 0.8322 (Simulation time: 00 hr 07 min 00 sec)
Heartbeat CPU 0 instructions: 26000110 cycles: 22026712 heartbeat IPC: 0.9634 cumulative IPC: 0.8358 (Simulation time: 00 hr 07 min 02 sec)
Heartbeat CPU 0 instructions: 26500111 cycles: 22501423 heartbeat IPC: 1.053 cumulative IPC: 0.841 (Simulation time: 00 hr 07 min 04 sec)
Heartbeat CPU 0 instructions: 27000114 cycles: 23003873 heartbeat IPC: 0.9951 cumulative IPC: 0.8449 (Simulation time: 00 hr 07 min 06 sec)
Heartbeat CPU 0 instructions: 27500120 cycles: 23425004 heartbeat IPC: 1.187 cumulative IPC: 0.8519 (Simulation time: 00 hr 07 min 08 sec)
Heartbeat CPU 0 instructions: 28000122 cycles: 23908173 heartbeat IPC: 1.035 cumulative IPC: 0.8561 (Simulation time: 00 hr 07 min 10 sec)
Heartbeat CPU 0 instructions: 28500125 cycles: 24355743 heartbeat IPC: 1.117 cumulative IPC: 0.8615 (Simulation time: 00 hr 07 min 12 sec)
Heartbeat CPU 0 instructions: 29000127 cycles: 24790662 heartbeat IPC: 1.15 cumulative IPC: 0.8673 (Simulation time: 00 hr 07 min 13 sec)
Heartbeat CPU 0 instructions: 29500129 cycles: 25225903 heartbeat IPC: 1.149 cumulative IPC: 0.8727 (Simulation time: 00 hr 07 min 15 sec)
Heartbeat CPU 0 instructions: 30000129 cycles: 25703638 heartbeat IPC: 1.047 cumulative IPC: 0.8764 (Simulation time: 00 hr 07 min 17 sec)
Heartbeat CPU 0 instructions: 30500131 cycles: 26169830 heartbeat IPC: 1.073 cumulative IPC: 0.8803 (Simulation time: 00 hr 07 min 19 sec)
Heartbeat CPU 0 instructions: 31000133 cycles: 26694014 heartbeat IPC: 0.9539 cumulative IPC: 0.8819 (Simulation time: 00 hr 07 min 21 sec)
Heartbeat CPU 0 instructions: 31500134 cycles: 27150570 heartbeat IPC: 1.095 cumulative IPC: 0.8859 (Simulation time: 00 hr 07 min 23 sec)
Heartbeat CPU 0 instructions: 32000136 cycles: 27607474 heartbeat IPC: 1.094 cumulative IPC: 0.8898 (Simulation time: 00 hr 07 min 25 sec)
Heartbeat CPU 0 instructions: 32500136 cycles: 28036470 heartbeat IPC: 1.166 cumulative IPC: 0.8945 (Simulation time: 00 hr 07 min 27 sec)
Heartbeat CPU 0 instructions: 33000138 cycles: 28472847 heartbeat IPC: 1.146 cumulative IPC: 0.8988 (Simulation time: 00 hr 07 min 29 sec)
Heartbeat CPU 0 instructions: 33500142 cycles: 28906380 heartbeat IPC: 1.153 cumulative IPC: 0.903 (Simulation time: 00 hr 07 min 31 sec)
Heartbeat CPU 0 instructions: 34000147 cycles: 29340591 heartbeat IPC: 1.152 cumulative IPC: 0.9071 (Simulation time: 00 hr 07 min 33 sec)
Heartbeat CPU 0 instructions: 34500152 cycles: 29813837 heartbeat IPC: 1.057 cumulative IPC: 0.9097 (Simulation time: 00 hr 07 min 35 sec)
Heartbeat CPU 0 instructions: 35000156 cycles: 30271010 heartbeat IPC: 1.094 cumulative IPC: 0.9128 (Simulation time: 00 hr 07 min 37 sec)
Heartbeat CPU 0 instructions: 35500157 cycles: 30677443 heartbeat IPC: 1.23 cumulative IPC: 0.9174 (Simulation time: 00 hr 07 min 38 sec)
Heartbeat CPU 0 instructions: 36000159 cycles: 31353615 heartbeat IPC: 0.7395 cumulative IPC: 0.9132 (Simulation time: 00 hr 07 min 42 sec)
Heartbeat CPU 0 instructions: 36500159 cycles: 31787585 heartbeat IPC: 1.152 cumulative IPC: 0.9168 (Simulation time: 00 hr 07 min 44 sec)
Heartbeat CPU 0 instructions: 37000163 cycles: 32300778 heartbeat IPC: 0.9743 cumulative IPC: 0.9178 (Simulation time: 00 hr 07 min 46 sec)
Heartbeat CPU 0 instructions: 37500166 cycles: 32742123 heartbeat IPC: 1.133 cumulative IPC: 0.921 (Simulation time: 00 hr 07 min 48 sec)
Heartbeat CPU 0 instructions: 38000166 cycles: 33194501 heartbeat IPC: 1.105 cumulative IPC: 0.9237 (Simulation time: 00 hr 07 min 50 sec)
Heartbeat CPU 0 instructions: 38500167 cycles: 33599450 heartbeat IPC: 1.235 cumulative IPC: 0.9278 (Simulation time: 00 hr 07 min 52 sec)
Heartbeat CPU 0 instructions: 39000171 cycles: 34151715 heartbeat IPC: 0.9054 cumulative IPC: 0.9274 (Simulation time: 00 hr 07 min 54 sec)
Heartbeat CPU 0 instructions: 39500173 cycles: 34646088 heartbeat IPC: 1.011 cumulative IPC: 0.9287 (Simulation time: 00 hr 07 min 56 sec)
Heartbeat CPU 0 instructions: 40000180 cycles: 35063453 heartbeat IPC: 1.198 cumulative IPC: 0.9322 (Simulation time: 00 hr 07 min 58 sec)
Heartbeat CPU 0 instructions: 40500181 cycles: 35515913 heartbeat IPC: 1.105 cumulative IPC: 0.9346 (Simulation time: 00 hr 08 min 00 sec)
Heartbeat CPU 0 instructions: 41000188 cycles: 36037092 heartbeat IPC: 0.9594 cumulative IPC: 0.935 (Simulation time: 00 hr 08 min 02 sec)
Heartbeat CPU 0 instructions: 41500188 cycles: 36561237 heartbeat IPC: 0.9539 cumulative IPC: 0.9353 (Simulation time: 00 hr 08 min 05 sec)
Heartbeat CPU 0 instructions: 42000192 cycles: 37083879 heartbeat IPC: 0.9567 cumulative IPC: 0.9356 (Simulation time: 00 hr 08 min 07 sec)
Heartbeat CPU 0 instructions: 42500196 cycles: 37680936 heartbeat IPC: 0.8374 cumulative IPC: 0.934 (Simulation time: 00 hr 08 min 09 sec)
Heartbeat CPU 0 instructions: 43000199 cycles: 38108289 heartbeat IPC: 1.17 cumulative IPC: 0.9368 (Simulation time: 00 hr 08 min 11 sec)
Heartbeat CPU 0 instructions: 43500202 cycles: 38559752 heartbeat IPC: 1.108 cumulative IPC: 0.939 (Simulation time: 00 hr 08 min 13 sec)
Heartbeat CPU 0 instructions: 44000204 cycles: 38984059 heartbeat IPC: 1.178 cumulative IPC: 0.9418 (Simulation time: 00 hr 08 min 15 sec)
Heartbeat CPU 0 instructions: 44500207 cycles: 39447732 heartbeat IPC: 1.078 cumulative IPC: 0.9435 (Simulation time: 00 hr 08 min 17 sec)
Heartbeat CPU 0 instructions: 45000208 cycles: 39877784 heartbeat IPC: 1.163 cumulative IPC: 0.9461 (Simulation time: 00 hr 08 min 20 sec)
Heartbeat CPU 0 instructions: 45500213 cycles: 40310269 heartbeat IPC: 1.156 cumulative IPC: 0.9485 (Simulation time: 00 hr 08 min 22 sec)
Heartbeat CPU 0 instructions: 46000213 cycles: 40754582 heartbeat IPC: 1.125 cumulative IPC: 0.9506 (Simulation time: 00 hr 08 min 25 sec)
Heartbeat CPU 0 instructions: 46500216 cycles: 41229662 heartbeat IPC: 1.052 cumulative IPC: 0.9518 (Simulation time: 00 hr 08 min 27 sec)
Heartbeat CPU 0 instructions: 47000220 cycles: 41676564 heartbeat IPC: 1.119 cumulative IPC: 0.9538 (Simulation time: 00 hr 08 min 29 sec)
Heartbeat CPU 0 instructions: 47500221 cycles: 42069880 heartbeat IPC: 1.271 cumulative IPC: 0.9569 (Simulation time: 00 hr 08 min 32 sec)
Heartbeat CPU 0 instructions: 48000224 cycles: 42503881 heartbeat IPC: 1.152 cumulative IPC: 0.9591 (Simulation time: 00 hr 08 min 34 sec)
Heartbeat CPU 0 instructions: 48500229 cycles: 42896851 heartbeat IPC: 1.272 cumulative IPC: 0.9622 (Simulation time: 00 hr 08 min 37 sec)
Heartbeat CPU 0 instructions: 49000229 cycles: 43364126 heartbeat IPC: 1.07 cumulative IPC: 0.9634 (Simulation time: 00 hr 08 min 39 sec)
Heartbeat CPU 0 instructions: 49500234 cycles: 43796168 heartbeat IPC: 1.157 cumulative IPC: 0.9655 (Simulation time: 00 hr 08 min 41 sec)
Heartbeat CPU 0 instructions: 50000234 cycles: 44202121 heartbeat IPC: 1.232 cumulative IPC: 0.9681 (Simulation time: 00 hr 08 min 43 sec)
Heartbeat CPU 0 instructions: 50500241 cycles: 44642028 heartbeat IPC: 1.137 cumulative IPC: 0.9698 (Simulation time: 00 hr 08 min 45 sec)
Heartbeat CPU 0 instructions: 51000241 cycles: 45054577 heartbeat IPC: 1.212 cumulative IPC: 0.9722 (Simulation time: 00 hr 08 min 47 sec)
Heartbeat CPU 0 instructions: 51500247 cycles: 45449142 heartbeat IPC: 1.267 cumulative IPC: 0.9749 (Simulation time: 00 hr 08 min 49 sec)
Heartbeat CPU 0 instructions: 52000250 cycles: 45856683 heartbeat IPC: 1.227 cumulative IPC: 0.9773 (Simulation time: 00 hr 08 min 51 sec)
Heartbeat CPU 0 instructions: 52500254 cycles: 46272353 heartbeat IPC: 1.203 cumulative IPC: 0.9795 (Simulation time: 00 hr 08 min 54 sec)
Heartbeat CPU 0 instructions: 53000258 cycles: 46735971 heartbeat IPC: 1.078 cumulative IPC: 0.9805 (Simulation time: 00 hr 08 min 56 sec)
Heartbeat CPU 0 instructions: 53500263 cycles: 47146820 heartbeat IPC: 1.217 cumulative IPC: 0.9827 (Simulation time: 00 hr 08 min 58 sec)
Heartbeat CPU 0 instructions: 54000265 cycles: 47550562 heartbeat IPC: 1.238 cumulative IPC: 0.985 (Simulation time: 00 hr 09 min 00 sec)
Heartbeat CPU 0 instructions: 54500265 cycles: 47943742 heartbeat IPC: 1.272 cumulative IPC: 0.9875 (Simulation time: 00 hr 09 min 02 sec)
Heartbeat CPU 0 instructions: 55000267 cycles: 49058385 heartbeat IPC: 0.4486 cumulative IPC: 0.9745 (Simulation time: 00 hr 09 min 06 sec)
Heartbeat CPU 0 instructions: 55500269 cycles: 49500026 heartbeat IPC: 1.132 cumulative IPC: 0.976 (Simulation time: 00 hr 09 min 08 sec)
Heartbeat CPU 0 instructions: 56000270 cycles: 50030306 heartbeat IPC: 0.9429 cumulative IPC: 0.9757 (Simulation time: 00 hr 09 min 10 sec)
Heartbeat CPU 0 instructions: 56500270 cycles: 50463066 heartbeat IPC: 1.155 cumulative IPC: 0.9773 (Simulation time: 00 hr 09 min 13 sec)
Heartbeat CPU 0 instructions: 57000277 cycles: 50935375 heartbeat IPC: 1.059 cumulative IPC: 0.9781 (Simulation time: 00 hr 09 min 15 sec)
Heartbeat CPU 0 instructions: 57500277 cycles: 51315261 heartbeat IPC: 1.316 cumulative IPC: 0.9807 (Simulation time: 00 hr 09 min 17 sec)
Heartbeat CPU 0 instructions: 58000282 cycles: 51738796 heartbeat IPC: 1.181 cumulative IPC: 0.9825 (Simulation time: 00 hr 09 min 19 sec)
Heartbeat CPU 0 instructions: 58500284 cycles: 52137480 heartbeat IPC: 1.254 cumulative IPC: 0.9847 (Simulation time: 00 hr 09 min 21 sec)
Heartbeat CPU 0 instructions: 59000285 cycles: 52533040 heartbeat IPC: 1.264 cumulative IPC: 0.9869 (Simulation time: 00 hr 09 min 23 sec)
Heartbeat CPU 0 instructions: 59500286 cycles: 52934692 heartbeat IPC: 1.245 cumulative IPC: 0.989 (Simulation time: 00 hr 09 min 26 sec)
Simulation finished CPU 0 instructions: 50000006 cycles: 50499852 cumulative IPC: 0.9901 (Simulation time: 00 hr 09 min 28 sec)
Simulation complete CPU 0 instructions: 50000006 cycles: 50499852 cumulative IPC: 0.9901 (Simulation time: 00 hr 09 min 28 sec)

ChampSim completed all CPUs

=== Simulation ===
CPU 0 runs traces/GAP/charlie_0001.champsim.gz

Region of Interest Statistics

CPU 0 cumulative IPC: 0.9901 instructions: 50000006 cycles: 50499852
CPU 0 Branch Prediction Accuracy: 92.35% MPKI: 14.31 Average ROB Occupancy at Mispredict: 41.99
Branch type MPKI
BRANCH_DIRECT_JUMP: 0.1544
BRANCH_INDIRECT: 0.5093
BRANCH_CONDITIONAL: 13.03
BRANCH_DIRECT_CALL: 0.03448
BRANCH_INDIRECT_CALL: 0.4799
BRANCH_RETURN: 0.09466

cpu0->cpu0_STLB TOTAL        ACCESS:      70591 HIT:      58344 MISS:      12247 MSHR_MERGE:          0
cpu0->cpu0_STLB LOAD         ACCESS:      70591 HIT:      58344 MISS:      12247 MSHR_MERGE:          0
cpu0->cpu0_STLB RFO          ACCESS:          0 HIT:          0 MISS:          0 MSHR_MERGE:          0
cpu0->cpu0_STLB PREFETCH     ACCESS:          0 HIT:          0 MISS:          0 MSHR_MERGE:          0
cpu0->cpu0_STLB WRITE        ACCESS:          0 HIT:          0 MISS:          0 MSHR_MERGE:          0
cpu0->cpu0_STLB TRANSLATION  ACCESS:          0 HIT:          0 MISS:          0 MSHR_MERGE:          0
cpu0->cpu0_STLB PREFETCH REQUESTED:          0 ISSUED:          0 USEFUL:          0 USELESS:          0
cpu0->cpu0_STLB AVERAGE MISS LATENCY: 291.8 cycles
cpu0->cpu0_L2C TOTAL        ACCESS:     881588 HIT:     594518 MISS:     287070 MSHR_MERGE:          0
cpu0->cpu0_L2C LOAD         ACCESS:     436090 HIT:     349177 MISS:      86913 MSHR_MERGE:          0
cpu0->cpu0_L2C RFO          ACCESS:     202012 HIT:       9246 MISS:     192766 MSHR_MERGE:          0
cpu0->cpu0_L2C PREFETCH     ACCESS:          0 HIT:          0 MISS:          0 MSHR_MERGE:          0
cpu0->cpu0_L2C WRITE        ACCESS:     231836 HIT:     231826 MISS:         10 MSHR_MERGE:          0
cpu0->cpu0_L2C TRANSLATION  ACCESS:      11650 HIT:       4269 MISS:       7381 MSHR_MERGE:          0
cpu0->cpu0_L2C PREFETCH REQUESTED:          0 ISSUED:          0 USEFUL:          0 USELESS:          0
cpu0->cpu0_L2C AVERAGE MISS LATENCY: 254.8 cycles
cpu0->cpu0_L1I TOTAL        ACCESS:    2885450 HIT:    2626980 MISS:     258470 MSHR_MERGE:      66599
cpu0->cpu0_L1I LOAD         ACCESS:    2885450 HIT:    2626980 MISS:     258470 MSHR_MERGE:      66599
cpu0->cpu0_L1I RFO          ACCESS:          0 HIT:          0 MISS:          0 MSHR_MERGE:          0
cpu0->cpu0_L1I PREFETCH     ACCESS:          0 HIT:          0 MISS:          0 MSHR_MERGE:          0
cpu0->cpu0_L1I WRITE        ACCESS:          0 HIT:          0 MISS:          0 MSHR_MERGE:          0
cpu0->cpu0_L1I TRANSLATION  ACCESS:          0 HIT:          0 MISS:          0 MSHR_MERGE:          0
cpu0->cpu0_L1I PREFETCH REQUESTED:          0 ISSUED:          0 USEFUL:          0 USELESS:          0
cpu0->cpu0_L1I AVERAGE MISS LATENCY: 24.57 cycles
cpu0->cpu0_L1D TOTAL        ACCESS:   13935394 HIT:   12547204 MISS:    1388190 MSHR_MERGE:     930309
cpu0->cpu0_L1D LOAD         ACCESS:    8463248 HIT:    8024309 MISS:     438939 MSHR_MERGE:     194720
cpu0->cpu0_L1D RFO          ACCESS:          0 HIT:          0 MISS:          0 MSHR_MERGE:          0
cpu0->cpu0_L1D PREFETCH     ACCESS:          0 HIT:          0 MISS:          0 MSHR_MERGE:          0
cpu0->cpu0_L1D WRITE        ACCESS:    5441124 HIT:    4503739 MISS:     937385 MSHR_MERGE:     735373
cpu0->cpu0_L1D TRANSLATION  ACCESS:      31022 HIT:      19156 MISS:      11866 MSHR_MERGE:        216
cpu0->cpu0_L1D PREFETCH REQUESTED:          0 ISSUED:          0 USEFUL:          0 USELESS:          0
cpu0->cpu0_L1D AVERAGE MISS LATENCY: 161.2 cycles
cpu0->cpu0_ITLB TOTAL        ACCESS:    2352666 HIT:    2330444 MISS:      22222 MSHR_MERGE:      11084
cpu0->cpu0_ITLB LOAD         ACCESS:    2352666 HIT:    2330444 MISS:      22222 MSHR_MERGE:      11084
cpu0->cpu0_ITLB RFO          ACCESS:          0 HIT:          0 MISS:          0 MSHR_MERGE:          0
cpu0->cpu0_ITLB PREFETCH     ACCESS:          0 HIT:          0 MISS:          0 MSHR_MERGE:          0
cpu0->cpu0_ITLB WRITE        ACCESS:          0 HIT:          0 MISS:          0 MSHR_MERGE:          0
cpu0->cpu0_ITLB TRANSLATION  ACCESS:          0 HIT:          0 MISS:          0 MSHR_MERGE:          0
cpu0->cpu0_ITLB PREFETCH REQUESTED:          0 ISSUED:          0 USEFUL:          0 USELESS:          0
cpu0->cpu0_ITLB AVERAGE MISS LATENCY: 22.39 cycles
cpu0->cpu0_DTLB TOTAL        ACCESS:   13222285 HIT:   13110917 MISS:     111368 MSHR_MERGE:      51915
cpu0->cpu0_DTLB LOAD         ACCESS:   13222285 HIT:   13110917 MISS:     111368 MSHR_MERGE:      51915
cpu0->cpu0_DTLB RFO          ACCESS:          0 HIT:          0 MISS:          0 MSHR_MERGE:          0
cpu0->cpu0_DTLB PREFETCH     ACCESS:          0 HIT:          0 MISS:          0 MSHR_MERGE:          0
cpu0->cpu0_DTLB WRITE        ACCESS:          0 HIT:          0 MISS:          0 MSHR_MERGE:          0
cpu0->cpu0_DTLB TRANSLATION  ACCESS:          0 HIT:          0 MISS:          0 MSHR_MERGE:          0
cpu0->cpu0_DTLB PREFETCH REQUESTED:          0 ISSUED:          0 USEFUL:          0 USELESS:          0
cpu0->cpu0_DTLB AVERAGE MISS LATENCY: 62.06 cycles
cpu0->LLC TOTAL        ACCESS:     487974 HIT:      21820 MISS:     466154 MSHR_MERGE:          0
cpu0->LLC LOAD         ACCESS:      86913 HIT:       3751 MISS:      83162 MSHR_MERGE:          0
cpu0->LLC RFO          ACCESS:     192766 HIT:        630 MISS:     192136 MSHR_MERGE:          0
cpu0->LLC PREFETCH     ACCESS:          0 HIT:          0 MISS:          0 MSHR_MERGE:          0
cpu0->LLC WRITE        ACCESS:     200914 HIT:      16586 MISS:     184328 MSHR_MERGE:          0
cpu0->LLC TRANSLATION  ACCESS:       7381 HIT:        853 MISS:       6528 MSHR_MERGE:          0
cpu0->LLC PREFETCH REQUESTED:          0 ISSUED:          0 USEFUL:          0 USELESS:          0
cpu0->LLC AVERAGE MISS LATENCY: 149.5 cycles

DRAM Statistics

Channel 0 RQ ROW_BUFFER_HIT:      10263
  ROW_BUFFER_MISS:     271561
  AVG DBUS CONGESTED CYCLE: 27.55
Channel 0 WQ ROW_BUFFER_HIT:      44958
  ROW_BUFFER_MISS:     151160
  FULL:        266
Channel 0 REFRESHES ISSUED:       4208
