[VMEM] WARNING: physical memory size is smaller than virtual memory size.

*** ChampSim Multicore Out-of-Order Simulator ***
Warmup Instructions: 10000000
Simulation Instructions: 50000000
Number of CPUs: 1
Page size: 4096
Core 0: traces/GAP/charlie_0000.champsim.gz
Off-chip DRAM Size: 64 GiB Channels: 1 Width: 64-bit Data Rate: 4807 MT/s
[BTB] WARNING: target of return is a lower address than the corresponding call. This is usually a problem with your trace.
[BTB] WARNING: target of return is a lower address than the corresponding call. This is usually a problem with your trace.
Heartbeat CPU 0 instructions: 500006 cycles: 299461 heartbeat IPC: 1.67 cumulative IPC: 1.67 (Simulation time: 00 hr 00 min 02 sec)
Heartbeat CPU 0 instructions: 1000011 cycles: 485420 heartbeat IPC: 2.689 cumulative IPC: 2.06 (Simulation time: 00 hr 00 min 04 sec)
[BTB] WARNING: target of return is a lower address than the corresponding call. This is usually a problem with your trace.
Heartbeat CPU 0 instructions: 1500012 cycles: 653658 heartbeat IPC: 2.972 cumulative IPC: 2.295 (Simulation time: 00 hr 00 min 05 sec)
[BTB] WARNING: target of return is a lower address than the corresponding call. This is usually a problem with your trace.
[BTB] WARNING: target of return is a lower address than the corresponding call. This is usually a problem with your trace.
Heartbeat CPU 0 instructions: 2000012 cycles: 787059 heartbeat IPC: 3.748 cumulative IPC: 2.541 (Simulation time: 00 hr 00 min 06 sec)
[BTB] WARNING: target of return is a lower address than the corresponding call. This is usually a problem with your trace.
[BTB] WARNING: target of return is a lower address than the corresponding call. This is usually a problem with your trace.
[BTB] WARNING: target of return is a lower address than the corresponding call. This is usually a problem with your trace.
[BTB] WARNING: target of return is a lower address than the corresponding call. This is usually a problem with your trace.
[BTB] WARNING: target of return is a lower address than the corresponding call. This is usually a problem with your trace.
Heartbeat CPU 0 instructions: 2500014 cycles: 935789 heartbeat IPC: 3.362 cumulative IPC: 2.672 (Simulation time: 00 hr 00 min 07 sec)
Heartbeat CPU 0 instructions: 3000021 cycles: 1044683 heartbeat IPC: 4.592 cumulative IPC: 2.872 (Simulation time: 00 hr 00 min 08 sec)
Heartbeat CPU 0 instructions: 3500023 cycles: 1152006 heartbeat IPC: 4.659 cumulative IPC: 3.038 (Simulation time: 00 hr 00 min 09 sec)
Heartbeat CPU 0 instructions: 4000027 cycles: 1259807 heartbeat IPC: 4.638 cumulative IPC: 3.175 (Simulation time: 00 hr 00 min 10 sec)
Heartbeat CPU 0 instructions: 4500034 cycles: 1365822 heartbeat IPC: 4.716 cumulative IPC: 3.295 (Simulation time: 00 hr 00 min 11 sec)
Heartbeat CPU 0 instructions: 5000040 cycles: 1472031 heartbeat IPC: 4.708 cumulative IPC: 3.397 (Simulation time: 00 hr 00 min 12 sec)
Heartbeat CPU 0 instructions: 5500040 cycles: 1576968 heartbeat IPC: 4.765 cumulative IPC: 3.488 (Simulation time: 00 hr 00 min 13 sec)
Heartbeat CPU 0 instructions: 6000040 cycles: 1681677 heartbeat IPC: 4.775 cumulative IPC: 3.568 (Simulation time: 00 hr 00 min 14 sec)
Heartbeat CPU 0 instructions: 6500040 cycles: 1788909 heartbeat IPC: 4.663 cumulative IPC: 3.634 (Simulation time: 00 hr 00 min 15 sec)
Heartbeat CPU 0 instructions: 7000044 cycles: 1895400 heartbeat IPC: 4.695 cumulative IPC: 3.693 (Simulation time: 00 hr 00 min 15 sec)
Heartbeat CPU 0 instructions: 7500049 cycles: 2005190 heartbeat IPC: 4.554 cumulative IPC: 3.74 (Simulation time: 00 hr 00 min 16 sec)
Heartbeat CPU 0 instructions: 8000052 cycles: 2110935 heartbeat IPC: 4.728 cumulative IPC: 3.79 (Simulation time: 00 hr 00 min 17 sec)
Heartbeat CPU 0 instructions: 8500059 cycles: 2218361 heartbeat IPC: 4.654 cumulative IPC: 3.832 (Simulation time: 00 hr 00 min 18 sec)
Heartbeat CPU 0 instructions: 9000060 cycles: 2328903 heartbeat IPC: 4.523 cumulative IPC: 3.865 (Simulation time: 00 hr 00 min 19 sec)
Heartbeat CPU 0 instructions: 9500062 cycles: 2432542 heartbeat IPC: 4.824 cumulative IPC: 3.905 (Simulation time: 00 hr 00 min 20 sec)
Warmup finished CPU 0 instructions: 10000005 cycles: 2536558 cumulative IPC: 3.942 (Simulation time: 00 hr 00 min 21 sec)
Warmup complete CPU 0 instructions: 10000005 cycles: 2536558 cumulative IPC: 3.942 (Simulation time: 00 hr 00 min 21 sec)
Heartbeat CPU 0 instructions: 10000065 cycles: 2536566 heartbeat IPC: 4.807 cumulative IPC: 7.5 (Simulation time: 00 hr 00 min 21 sec)
Heartbeat CPU 0 instructions: 10500066 cycles: 2957515 heartbeat IPC: 1.188 cumulative IPC: 1.188 (Simulation time: 00 hr 00 min 23 sec)
Heartbeat CPU 0 instructions: 11000071 cycles: 3404305 heartbeat IPC: 1.119 cumulative IPC: 1.152 (Simulation time: 00 hr 00 min 25 sec)
Heartbeat CPU 0 instructions: 11500072 cycles: 3854624 heartbeat IPC: 1.11 cumulative IPC: 1.138 (Simulation time: 00 hr 00 min 27 sec)
Heartbeat CPU 0 instructions: 12000072 cycles: 4579091 heartbeat IPC: 0.6902 cumulative IPC: 0.9792 (Simulation time: 00 hr 00 min 29 sec)
Heartbeat CPU 0 instructions: 12500072 cycles: 5392967 heartbeat IPC: 0.6143 cumulative IPC: 0.8752 (Simulation time: 00 hr 00 min 33 sec)
Heartbeat CPU 0 instructions: 13000073 cycles: 5970204 heartbeat IPC: 0.8662 cumulative IPC: 0.8737 (Simulation time: 00 hr 00 min 35 sec)
Heartbeat CPU 0 instructions: 13500075 cycles: 6367900 heartbeat IPC: 1.257 cumulative IPC: 0.9135 (Simulation time: 00 hr 00 min 36 sec)
Heartbeat CPU 0 instructions: 14000079 cycles: 6851788 heartbeat IPC: 1.033 cumulative IPC: 0.927 (Simulation time: 00 hr 00 min 39 sec)
Heartbeat CPU 0 instructions: 14500083 cycles: 7232538 heartbeat IPC: 1.313 cumulative IPC: 0.9583 (Simulation time: 00 hr 00 min 40 sec)
Heartbeat CPU 0 instructions: 15000086 cycles: 7673070 heartbeat IPC: 1.135 cumulative IPC: 0.9734 (Simulation time: 00 hr 00 min 42 sec)
Heartbeat CPU 0 instructions: 15500086 cycles: 8110942 heartbeat IPC: 1.142 cumulative IPC: 0.9867 (Simulation time: 00 hr 00 min 44 sec)
Heartbeat CPU 0 instructions: 16000092 cycles: 8557952 heartbeat IPC: 1.119 cumulative IPC: 0.9965 (Simulation time: 00 hr 00 min 46 sec)
Heartbeat CPU 0 instructions: 16500094 cycles: 9105618 heartbeat IPC: 0.913 cumulative IPC: 0.9895 (Simulation time: 00 hr 00 min 48 sec)
Heartbeat CPU 0 instructions: 17000095 cycles: 9618085 heartbeat IPC: 0.9757 cumulative IPC: 0.9885 (Simulation time: 00 hr 00 min 50 sec)
Heartbeat CPU 0 instructions: 17500095 cycles: 10109332 heartbeat IPC: 1.018 cumulative IPC: 0.9904 (Simulation time: 00 hr 00 min 52 sec)
Heartbeat CPU 0 instructions: 18000097 cycles: 10592153 heartbeat IPC: 1.036 cumulative IPC: 0.9931 (Simulation time: 00 hr 00 min 54 sec)
Heartbeat CPU 0 instructions: 18500097 cycles: 11087499 heartbeat IPC: 1.009 cumulative IPC: 0.9941 (Simulation time: 00 hr 00 min 57 sec)
Heartbeat CPU 0 instructions: 19000100 cycles: 11975693 heartbeat IPC: 0.5629 cumulative IPC: 0.9535 (Simulation time: 00 hr 01 min 00 sec)
Heartbeat CPU 0 instructions: 19500100 cycles: 12305226 heartbeat IPC: 1.517 cumulative IPC: 0.9725 (Simulation time: 00 hr 01 min 01 sec)
Heartbeat CPU 0 instructions: 20000101 cycles: 12615123 heartbeat IPC: 1.613 cumulative IPC: 0.9922 (Simulation time: 00 hr 01 min 02 sec)
Heartbeat CPU 0 instructions: 20500102 cycles: 12934953 heartbeat IPC: 1.563 cumulative IPC: 1.01 (Simulation time: 00 hr 01 min 04 sec)
Heartbeat CPU 0 instructions: 21000104 cycles: 13207461 heartbeat IPC: 1.835 cumulative IPC: 1.031 (Simulation time: 00 hr 01 min 05 sec)
Heartbeat CPU 0 instructions: 21500105 cycles: 13484664 heartbeat IPC: 1.804 cumulative IPC: 1.05 (Simulation time: 00 hr 01 min 06 sec)
Heartbeat CPU 0 instructions: 22000111 cycles: 15041681 heartbeat IPC: 0.3211 cumulative IPC: 0.9596 (Simulation time: 00 hr 01 min 11 sec)
Heartbeat CPU 0 instructions: 22500111 cycles: 17602108 heartbeat IPC: 0.1953 cumulative IPC: 0.8297 (Simulation time: 00 hr 01 min 19 sec)
Heartbeat CPU 0 instructions: 23000117 cycles: 18327636 heartbeat IPC: 0.6892 cumulative IPC: 0.8233 (Simulation time: 00 hr 01 min 22 sec)
Heartbeat CPU 0 instructions: 23500122 cycles: 19245664 heartbeat IPC: 0.5447 cumulative IPC: 0.8079 (Simulation time: 00 hr 01 min 26 sec)
Heartbeat CPU 0 instructions: 24000125 cycles: 21019570 heartbeat IPC: 0.2819 cumulative IPC: 0.7575 (Simulation time: 00 hr 01 min 31 sec)
Heartbeat CPU 0 instructions: 24500126 cycles: 21471248 heartbeat IPC: 1.107 cumulative IPC: 0.7658 (Simulation time: 00 hr 01 min 34 sec)
Heartbeat CPU 0 instructions: 25000129 cycles: 21876637 heartbeat IPC: 1.233 cumulative IPC: 0.7756 (Simulation time: 00 hr 01 min 36 sec)
Heartbeat CPU 0 instructions: 25500134 cycles: 22360405 heartbeat IPC: 1.034 cumulative IPC: 0.7819 (Simulation time: 00 hr 01 min 38 sec)
Heartbeat CPU 0 instructions: 26000134 cycles: 22799135 heartbeat IPC: 1.14 cumulative IPC: 0.7896 (Simulation time: 00 hr 01 min 40 sec)
Heartbeat CPU 0 instructions: 26500140 cycles: 23214167 heartbeat IPC: 1.205 cumulative IPC: 0.798 (Simulation time: 00 hr 01 min 43 sec)
Heartbeat CPU 0 instructions: 27000146 cycles: 23621582 heartbeat IPC: 1.227 cumulative IPC: 0.8063 (Simulation time: 00 hr 01 min 45 sec)
Heartbeat CPU 0 instructions: 27500146 cycles: 24196708 heartbeat IPC: 0.8694 cumulative IPC: 0.8079 (Simulation time: 00 hr 01 min 48 sec)
Heartbeat CPU 0 instructions: 28000146 cycles: 24615194 heartbeat IPC: 1.195 cumulative IPC: 0.8153 (Simulation time: 00 hr 01 min 51 sec)
Heartbeat CPU 0 instructions: 28500150 cycles: 25028122 heartbeat IPC: 1.211 cumulative IPC: 0.8225 (Simulation time: 00 hr 01 min 54 sec)
Heartbeat CPU 0 instructions: 29000151 cycles: 25548680 heartbeat IPC: 0.9605 cumulative IPC: 0.8257 (Simulation time: 00 hr 01 min 56 sec)
Heartbeat CPU 0 instructions: 29500152 cycles: 26790371 heartbeat IPC: 0.4027 cumulative IPC: 0.804 (Simulation time: 00 hr 02 min 00 sec)
Heartbeat CPU 0 instructions: 30000155 cycles: 27115460 heartbeat IPC: 1.538 cumulative IPC: 0.8137 (Simulation time: 00 hr 02 min 02 sec)
Heartbeat CPU 0 instructions: 30500157 cycles: 27424751 heartbeat IPC: 1.617 cumulative IPC: 0.8237 (Simulation time: 00 hr 02 min 03 sec)
Heartbeat CPU 0 instructions: 31000157 cycles: 27739608 heartbeat IPC: 1.588 cumulative IPC: 0.8332 (Simulation time: 00 hr 02 min 04 sec)
Heartbeat CPU 0 instructions: 31500158 cycles: 28005359 heartbeat IPC: 1.881 cumulative IPC: 0.8442 (Simulation time: 00 hr 02 min 06 sec)
Heartbeat CPU 0 instructions: 32000159 cycles: 28272101 heartbeat IPC: 1.874 cumulative IPC: 0.8549 (Simulation time: 00 hr 02 min 07 sec)
Heartbeat CPU 0 instructions: 32500163 cycles: 28974664 heartbeat IPC: 0.7117 cumulative IPC: 0.8511 (Simulation time: 00 hr 02 min 10 sec)
Heartbeat CPU 0 instructions: 33000164 cycles: 29544688 heartbeat IPC: 0.8772 cumulative IPC: 0.8516 (Simulation time: 00 hr 02 min 12 sec)
Heartbeat CPU 0 instructions: 33500169 cycles: 30221939 heartbeat IPC: 0.7383 cumulative IPC: 0.8488 (Simulation time: 00 hr 02 min 16 sec)
Heartbeat CPU 0 instructions: 34000171 cycles: 30820433 heartbeat IPC: 0.8354 cumulative IPC: 0.8485 (Simulation time: 00 hr 02 min 18 sec)
Heartbeat CPU 0 instructions: 34500171 cycles: 31471270 heartbeat IPC: 0.7682 cumulative IPC: 0.8467 (Simulation time: 00 hr 02 min 22 sec)
Heartbeat CPU 0 instructions: 35000176 cycles: 32079463 heartbeat IPC: 0.8221 cumulative IPC: 0.8462 (Simulation time: 00 hr 02 min 24 sec)
Heartbeat CPU 0 instructions: 35500176 cycles: 32786170 heartbeat IPC: 0.7075 cumulative IPC: 0.843 (Simulation time: 00 hr 02 min 28 sec)
Heartbeat CPU 0 instructions: 36000176 cycles: 33391844 heartbeat IPC: 0.8255 cumulative IPC: 0.8426 (Simulation time: 00 hr 02 min 31 sec)
Heartbeat CPU 0 instructions: 36500176 cycles: 34693772 heartbeat IPC: 0.384 cumulative IPC: 0.8241 (Simulation time: 00 hr 02 min 36 sec)
Heartbeat CPU 0 instructions: 37000177 cycles: 35017666 heartbeat IPC: 1.544 cumulative IPC: 0.8313 (Simulation time: 00 hr 02 min 37 sec)
Heartbeat CPU 0 instructions: 37500177 cycles: 35317780 heartbeat IPC: 1.666 cumulative IPC: 0.8389 (Simulation time: 00 hr 02 min 38 sec)
Heartbeat CPU 0 instructions: 38000177 cycles: 35631688 heartbeat IPC: 1.593 cumulative IPC: 0.8461 (Simulation time: 00 hr 02 min 39 sec)
Heartbeat CPU 0 instructions: 38500177 cycles: 35892191 heartbeat IPC: 1.919 cumulative IPC: 0.8544 (Simulation time: 00 hr 02 min 40 sec)
Heartbeat CPU 0 instructions: 39000180 cycles: 36182596 heartbeat IPC: 1.722 cumulative IPC: 0.8619 (Simulation time: 00 hr 02 min 42 sec)
Heartbeat CPU 0 instructions: 39500184 cycles: 37073873 heartbeat IPC: 0.561 cumulative IPC: 0.8542 (Simulation time: 00 hr 02 min 45 sec)
Heartbeat CPU 0 instructions: 40000186 cycles: 37761558 heartbeat IPC: 0.7271 cumulative IPC: 0.8517 (Simulation time: 00 hr 02 min 48 sec)
Heartbeat CPU 0 instructions: 40500187 cycles: 38277501 heartbeat IPC: 0.9691 cumulative IPC: 0.8534 (Simulation time: 00 hr 02 min 50 sec)
Heartbeat CPU 0 instructions: 41000187 cycles: 38725291 heartbeat IPC: 1.117 cumulative IPC: 0.8566 (Simulation time: 00 hr 02 min 52 sec)
Heartbeat CPU 0 instructions: 41500190 cycles: 39254326 heartbeat IPC: 0.9451 cumulative IPC: 0.8579 (Simulation time: 00 hr 02 min 54 sec)
Heartbeat CPU 0 instructions: 42000191 cycles: 39756370 heartbeat IPC: 0.9959 cumulative IPC: 0.8598 (Simulation time: 00 hr 02 min 57 sec)
Heartbeat CPU 0 instructions: 42500191 cycles: 40256247 heartbeat IPC: 1 cumulative IPC: 0.8616 (Simulation time: 00 hr 02 min 59 sec)
Heartbeat CPU 0 instructions: 43000192 cycles: 40691595 heartbeat IPC: 1.149 cumulative IPC: 0.8649 (Simulation time: 00 hr 03 min 01 sec)
Heartbeat CPU 0 instructions: 43500192 cycles: 41178238 heartbeat IPC: 1.027 cumulative IPC: 0.8669 (Simulation time: 00 hr 03 min 03 sec)
Heartbeat CPU 0 instructions: 44000197 cycles: 41664554 heartbeat IPC: 1.028 cumulative IPC: 0.8689 (Simulation time: 00 hr 03 min 05 sec)
Heartbeat CPU 0 instructions: 44500200 cycles: 42112736 heartbeat IPC: 1.116 cumulative IPC: 0.8717 (Simulation time: 00 hr 03 min 07 sec)
Heartbeat CPU 0 instructions: 45000205 cycles: 42538987 heartbeat IPC: 1.173 cumulative IPC: 0.875 (Simulation time: 00 hr 03 min 09 sec)
Heartbeat CPU 0 instructions: 45500205 cycles: 43009686 heartbeat IPC: 1.062 cumulative IPC: 0.8771 (Simulation time: 00 hr 03 min 10 sec)
Heartbeat CPU 0 instructions: 46000206 cycles: 43590263 heartbeat IPC: 0.8612 cumulative IPC: 0.8769 (Simulation time: 00 hr 03 min 13 sec)
Heartbeat CPU 0 instructions: 46500207 cycles: 43996833 heartbeat IPC: 1.23 cumulative IPC: 0.8804 (Simulation time: 00 hr 03 min 15 sec)
Heartbeat CPU 0 instructions: 47000207 cycles: 44395851 heartbeat IPC: 1.253 cumulative IPC: 0.8839 (Simulation time: 00 hr 03 min 17 sec)
Heartbeat CPU 0 instructions: 47500208 cycles: 45761640 heartbeat IPC: 0.3661 cumulative IPC: 0.8676 (Simulation time: 00 hr 03 min 21 sec)
Heartbeat CPU 0 instructions: 48000211 cycles: 46076998 heartbeat IPC: 1.586 cumulative IPC: 0.8728 (Simulation time: 00 hr 03 min 22 sec)
Heartbeat CPU 0 instructions: 48500212 cycles: 47397010 heartbeat IPC: 0.3788 cumulative IPC: 0.8582 (Simulation time: 00 hr 03 min 27 sec)
Heartbeat CPU 0 instructions: 49000215 cycles: 47714175 heartbeat IPC: 1.576 cumulative IPC: 0.8633 (Simulation time: 00 hr 03 min 29 sec)
Heartbeat CPU 0 instructions: 49500217 cycles: 47983671 heartbeat IPC: 1.855 cumulative IPC: 0.8691 (Simulation time: 00 hr 03 min 30 sec)
Heartbeat CPU 0 instructions: 50000223 cycles: 48239890 heartbeat IPC: 1.951 cumulative IPC: 0.8752 (Simulation time: 00 hr 03 min 31 sec)
Heartbeat CPU 0 instructions: 50500224 cycles: 49102139 heartbeat IPC: 0.5799 cumulative IPC: 0.8697 (Simulation time: 00 hr 03 min 35 sec)
Heartbeat CPU 0 instructions: 51000231 cycles: 49782233 heartbeat IPC: 0.7352 cumulative IPC: 0.8678 (Simulation time: 00 hr 03 min 37 sec)
Heartbeat CPU 0 instructions: 51500232 cycles: 50274981 heartbeat IPC: 1.015 cumulative IPC: 0.8693 (Simulation time: 00 hr 03 min 39 sec)
Heartbeat CPU 0 instructions: 52000233 cycles: 50717270 heartbeat IPC: 1.13 cumulative IPC: 0.8717 (Simulation time: 00 hr 03 min 41 sec)
Heartbeat CPU 0 instructions: 52500236 cycles: 51204975 heartbeat IPC: 1.025 cumulative IPC: 0.8733 (Simulation time: 00 hr 03 min 43 sec)
Heartbeat CPU 0 instructions: 53000236 cycles: 51761325 heartbeat IPC: 0.8987 cumulative IPC: 0.8735 (Simulation time: 00 hr 03 min 45 sec)
Heartbeat CPU 0 instructions: 53500239 cycles: 52072817 heartbeat IPC: 1.605 cumulative IPC: 0.8781 (Simulation time: 00 hr 03 min 47 sec)
Heartbeat CPU 0 instructions: 54000239 cycles: 52364720 heartbeat IPC: 1.713 cumulative IPC: 0.883 (Simulation time: 00 hr 03 min 48 sec)
Heartbeat CPU 0 instructions: 54500240 cycles: 52648612 heartbeat IPC: 1.761 cumulative IPC: 0.888 (Simulation time: 00 hr 03 min 49 sec)
Heartbeat CPU 0 instructions: 55000241 cycles: 52896944 heartbeat IPC: 2.013 cumulative IPC: 0.8936 (Simulation time: 00 hr 03 min 50 sec)
Heartbeat CPU 0 instructions: 55500241 cycles: 53138619 heartbeat IPC: 2.069 cumulative IPC: 0.8992 (Simulation time: 00 hr 03 min 52 sec)
Heartbeat CPU 0 instructions: 56000241 cycles: 54283851 heartbeat IPC: 0.4366 cumulative IPC: 0.8889 (Simulation time: 00 hr 03 min 56 sec)
Heartbeat CPU 0 instructions: 56500245 cycles: 56036619 heartbeat IPC: 0.2853 cumulative IPC: 0.8692 (Simulation time: 00 hr 04 min 03 sec)
Heartbeat CPU 0 instructions: 57000250 cycles: 58326633 heartbeat IPC: 0.2183 cumulative IPC: 0.8424 (Simulation time: 00 hr 04 min 11 sec)
Heartbeat CPU 0 instructions: 57500255 cycles: 59005754 heartbeat IPC: 0.7363 cumulative IPC: 0.8412 (Simulation time: 00 hr 04 min 14 sec)
Heartbeat CPU 0 instructions: 58000258 cycles: 59477702 heartbeat IPC: 1.059 cumulative IPC: 0.843 (Simulation time: 00 hr 04 min 16 sec)
Heartbeat CPU 0 instructions: 58500258 cycles: 60045359 heartbeat IPC: 0.8808 cumulative IPC: 0.8434 (Simulation time: 00 hr 04 min 19 sec)
Heartbeat CPU 0 instructions: 59000261 cycles: 60505521 heartbeat IPC: 1.087 cumulative IPC: 0.8453 (Simulation time: 00 hr 04 min 21 sec)
Heartbeat CPU 0 instructions: 59500262 cycles: 60957715 heartbeat IPC: 1.106 cumulative IPC: 0.8473 (Simulation time: 00 hr 04 min 23 sec)
Simulation finished CPU 0 instructions: 50000006 cycles: 58891773 cumulative IPC: 0.849 (Simulation time: 00 hr 04 min 25 sec)
Simulation complete CPU 0 instructions: 50000006 cycles: 58891773 cumulative IPC: 0.849 (Simulation time: 00 hr 04 min 25 sec)

ChampSim completed all CPUs

=== Simulation ===
CPU 0 runs traces/GAP/charlie_0000.champsim.gz

Region of Interest Statistics

CPU 0 cumulative IPC: 0.849 instructions: 50000006 cycles: 58891773
CPU 0 Branch Prediction Accuracy: 92.87% MPKI: 15.34 Average ROB Occupancy at Mispredict: 33.74
Branch type MPKI
BRANCH_DIRECT_JUMP: 0.2727
BRANCH_INDIRECT: 0.5188
BRANCH_CONDITIONAL: 13.8
BRANCH_DIRECT_CALL: 0.1681
BRANCH_INDIRECT_CALL: 0.3757
BRANCH_RETURN: 0.2019

cpu0->cpu0_STLB TOTAL        ACCESS:      82580 HIT:      58578 MISS:      24002 MSHR_MERGE:          0
cpu0->cpu0_STLB LOAD         ACCESS:      82580 HIT:      58578 MISS:      24002 MSHR_MERGE:          0
cpu0->cpu0_STLB RFO          ACCESS:          0 HIT:          0 MISS:          0 MSHR_MERGE:          0
cpu0->cpu0_STLB PREFETCH     ACCESS:          0 HIT:          0 MISS:          0 MSHR_MERGE:          0
cpu0->cpu0_STLB WRITE        ACCESS:          0 HIT:          0 MISS:          0 MSHR_MERGE:          0
cpu0->cpu0_STLB TRANSLATION  ACCESS:          0 HIT:          0 MISS:          0 MSHR_MERGE:          0
cpu0->cpu0_STLB PREFETCH REQUESTED:          0 ISSUED:          0 USEFUL:          0 USELESS:          0
cpu0->cpu0_STLB AVERAGE MISS LATENCY: 287.8 cycles
cpu0->cpu0_L2C TOTAL        ACCESS:     811670 HIT:     487439 MISS:     324231 MSHR_MERGE:          0
cpu0->cpu0_L2C LOAD         ACCESS:     422581 HIT:     266385 MISS:     156196 MSHR_MERGE:          0
cpu0->cpu0_L2C RFO          ACCESS:     161631 HIT:       8153 MISS:     153478 MSHR_MERGE:          0
cpu0->cpu0_L2C PREFETCH     ACCESS:          0 HIT:          0 MISS:          0 MSHR_MERGE:          0
cpu0->cpu0_L2C WRITE        ACCESS:     202915 HIT:     202909 MISS:          6 MSHR_MERGE:          0
cpu0->cpu0_L2C TRANSLATION  ACCESS:      24543 HIT:       9992 MISS:      14551 MSHR_MERGE:          0
cpu0->cpu0_L2C PREFETCH REQUESTED:          0 ISSUED:          0 USEFUL:          0 USELESS:          0
cpu0->cpu0_L2C AVERAGE MISS LATENCY: 258.1 cycles
cpu0->cpu0_L1I TOTAL        ACCESS:    2656574 HIT:    2424796 MISS:     231778 MSHR_MERGE:      55685
cpu0->cpu0_L1I LOAD         ACCESS:    2656574 HIT:    2424796 MISS:     231778 MSHR_MERGE:      55685
cpu0->cpu0_L1I RFO          ACCESS:          0 HIT:          0 MISS:          0 MSHR_MERGE:          0
cpu0->cpu0_L1I PREFETCH     ACCESS:          0 HIT:          0 MISS:          0 MSHR_MERGE:          0
cpu0->cpu0_L1I WRITE        ACCESS:          0 HIT:          0 MISS:          0 MSHR_MERGE:          0
cpu0->cpu0_L1I TRANSLATION  ACCESS:          0 HIT:          0 MISS:          0 MSHR_MERGE:          0
cpu0->cpu0_L1I PREFETCH REQUESTED:          0 ISSUED:          0 USEFUL:          0 USELESS:          0
cpu0->cpu0_L1I AVERAGE MISS LATENCY: 67.62 cycles
cpu0->cpu0_L1D TOTAL        ACCESS:   12702462 HIT:   11634291 MISS:    1068171 MSHR_MERGE:     635509
cpu0->cpu0_L1D LOAD         ACCESS:    8271646 HIT:    7851520 MISS:     420126 MSHR_MERGE:     173638
cpu0->cpu0_L1D RFO          ACCESS:          0 HIT:          0 MISS:          0 MSHR_MERGE:          0
cpu0->cpu0_L1D PREFETCH     ACCESS:          0 HIT:          0 MISS:          0 MSHR_MERGE:          0
cpu0->cpu0_L1D WRITE        ACCESS:    4367470 HIT:    3744392 MISS:     623078 MSHR_MERGE:     461447
cpu0->cpu0_L1D TRANSLATION  ACCESS:      63346 HIT:      38379 MISS:      24967 MSHR_MERGE:        424
cpu0->cpu0_L1D PREFETCH REQUESTED:          0 ISSUED:          0 USEFUL:          0 USELESS:          0
cpu0->cpu0_L1D AVERAGE MISS LATENCY: 177.7 cycles
cpu0->cpu0_ITLB TOTAL        ACCESS:    2219678 HIT:    2199562 MISS:      20116 MSHR_MERGE:       8569
cpu0->cpu0_ITLB LOAD         ACCESS:    2219678 HIT:    2199562 MISS:      20116 MSHR_MERGE:       8569
cpu0->cpu0_ITLB RFO          ACCESS:          0 HIT:          0 MISS:          0 MSHR_MERGE:          0
cpu0->cpu0_ITLB PREFETCH     ACCESS:          0 HIT:          0 MISS:          0 MSHR_MERGE:          0
cpu0->cpu0_ITLB WRITE        ACCESS:          0 HIT:          0 MISS:          0 MSHR_MERGE:          0
cpu0->cpu0_ITLB TRANSLATION  ACCESS:          0 HIT:          0 MISS:          0 MSHR_MERGE:          0
cpu0->cpu0_ITLB PREFETCH REQUESTED:          0 ISSUED:          0 USEFUL:          0 USELESS:          0
cpu0->cpu0_ITLB AVERAGE MISS LATENCY: 56.42 cycles
cpu0->cpu0_DTLB TOTAL        ACCESS:   12115440 HIT:   11974553 MISS:     140887 MSHR_MERGE:      69854
cpu0->cpu0_DTLB LOAD         ACCESS:   12115440 HIT:   11974553 MISS:     140887 MSHR_MERGE:      69854
cpu0->cpu0_DTLB RFO          ACCESS:          0 HIT:          0 MISS:          0 MSHR_MERGE:          0
cpu0->cpu0_DTLB PREFETCH     ACCESS:          0 HIT:          0 MISS:          0 MSHR_MERGE:          0
cpu0->cpu0_DTLB WRITE        ACCESS:          0 HIT:          0 MISS:          0 MSHR_MERGE:          0
cpu0->cpu0_DTLB TRANSLATION  ACCESS:          0 HIT:          0 MISS:          0 MSHR_MERGE:          0
cpu0->cpu0_DTLB PREFETCH REQUESTED:          0 ISSUED:          0 USEFUL:          0 USELESS:          0
cpu0->cpu0_DTLB AVERAGE MISS LATENCY: 94.23 cycles
cpu0->LLC TOTAL        ACCESS:     513397 HIT:      30537 MISS:     482860 MSHR_MERGE:          0
cpu0->LLC LOAD         ACCESS:     156196 HIT:       6155 MISS:     150041 MSHR_MERGE:          0
cpu0->LLC RFO          ACCESS:     153478 HIT:       1269 MISS:     152209 MSHR_MERGE:          0
cpu0->LLC PREFETCH     ACCESS:          0 HIT:          0 MISS:          0 MSHR_MERGE:          0
cpu0->LLC WRITE        ACCESS:     189172 HIT:      22067 MISS:     167105 MSHR_MERGE:          0
cpu0->LLC TRANSLATION  ACCESS:      14551 HIT:       1046 MISS:      13505 MSHR_MERGE:          0
cpu0->LLC PREFETCH REQUESTED:          0 ISSUED:          0 USEFUL:          0 USELESS:          0
cpu0->LLC AVERAGE MISS LATENCY: 163.8 cycles

DRAM Statistics

Channel 0 RQ ROW_BUFFER_HIT:      14158
  ROW_BUFFER_MISS:     301595
  AVG DBUS CONGESTED CYCLE: 27.2
Channel 0 WQ ROW_BUFFER_HIT:      37137
  ROW_BUFFER_MISS:     130539
  FULL:        447
Channel 0 REFRESHES ISSUED:       4907
