[VMEM] WARNING: physical memory size is smaller than virtual memory size.

*** ChampSim Multicore Out-of-Order Simulator ***
Warmup Instructions: 10000000
Simulation Instructions: 50000000
Number of CPUs: 1
Page size: 4096
Core 0: traces/bc-0.trace.gz
Off-chip DRAM Size: 64 GiB Channels: 1 Width: 64-bit Data Rate: 800 MT/s
Heartbeat CPU 0 instructions: 500003 cycles: 508752 heartbeat IPC: 0.9828 cumulative IPC: 0.9828 (Simulation time: 00 hr 00 min 02 sec)
Heartbeat CPU 0 instructions: 1000003 cycles: 1015389 heartbeat IPC: 0.9869 cumulative IPC: 0.9848 (Simulation time: 00 hr 00 min 05 sec)
Heartbeat CPU 0 instructions: 1500003 cycles: 1521529 heartbeat IPC: 0.9879 cumulative IPC: 0.9859 (Simulation time: 00 hr 00 min 07 sec)
Heartbeat CPU 0 instructions: 2000003 cycles: 1877013 heartbeat IPC: 1.407 cumulative IPC: 1.066 (Simulation time: 00 hr 00 min 09 sec)
Heartbeat CPU 0 instructions: 2500007 cycles: 1985838 heartbeat IPC: 4.595 cumulative IPC: 1.259 (Simulation time: 00 hr 00 min 10 sec)
Heartbeat CPU 0 instructions: 3000011 cycles: 2090830 heartbeat IPC: 4.762 cumulative IPC: 1.435 (Simulation time: 00 hr 00 min 11 sec)
Heartbeat CPU 0 instructions: 3500014 cycles: 2198631 heartbeat IPC: 4.638 cumulative IPC: 1.592 (Simulation time: 00 hr 00 min 12 sec)
Heartbeat CPU 0 instructions: 4000018 cycles: 2301177 heartbeat IPC: 4.876 cumulative IPC: 1.738 (Simulation time: 00 hr 00 min 13 sec)
Heartbeat CPU 0 instructions: 4500018 cycles: 2413165 heartbeat IPC: 4.465 cumulative IPC: 1.865 (Simulation time: 00 hr 00 min 15 sec)
Heartbeat CPU 0 instructions: 5000019 cycles: 2524598 heartbeat IPC: 4.487 cumulative IPC: 1.981 (Simulation time: 00 hr 00 min 16 sec)
Heartbeat CPU 0 instructions: 5500021 cycles: 2630406 heartbeat IPC: 4.726 cumulative IPC: 2.091 (Simulation time: 00 hr 00 min 17 sec)
Heartbeat CPU 0 instructions: 6000028 cycles: 2741727 heartbeat IPC: 4.492 cumulative IPC: 2.188 (Simulation time: 00 hr 00 min 18 sec)
Heartbeat CPU 0 instructions: 6500031 cycles: 2848224 heartbeat IPC: 4.695 cumulative IPC: 2.282 (Simulation time: 00 hr 00 min 19 sec)
Heartbeat CPU 0 instructions: 7000037 cycles: 2956580 heartbeat IPC: 4.614 cumulative IPC: 2.368 (Simulation time: 00 hr 00 min 20 sec)
Heartbeat CPU 0 instructions: 7500040 cycles: 3058898 heartbeat IPC: 4.887 cumulative IPC: 2.452 (Simulation time: 00 hr 00 min 21 sec)
Heartbeat CPU 0 instructions: 8000043 cycles: 3166616 heartbeat IPC: 4.642 cumulative IPC: 2.526 (Simulation time: 00 hr 00 min 23 sec)
Heartbeat CPU 0 instructions: 8500044 cycles: 3271818 heartbeat IPC: 4.753 cumulative IPC: 2.598 (Simulation time: 00 hr 00 min 24 sec)
Heartbeat CPU 0 instructions: 9000049 cycles: 3383033 heartbeat IPC: 4.496 cumulative IPC: 2.66 (Simulation time: 00 hr 00 min 25 sec)
Heartbeat CPU 0 instructions: 9500052 cycles: 3489006 heartbeat IPC: 4.718 cumulative IPC: 2.723 (Simulation time: 00 hr 00 min 26 sec)
Warmup finished CPU 0 instructions: 10000001 cycles: 3593838 cumulative IPC: 2.783 (Simulation time: 00 hr 00 min 27 sec)
Warmup complete CPU 0 instructions: 10000001 cycles: 3593838 cumulative IPC: 2.783 (Simulation time: 00 hr 00 min 27 sec)
Heartbeat CPU 0 instructions: 10000053 cycles: 3594122 heartbeat IPC: 4.757 cumulative IPC: 0.1831 (Simulation time: 00 hr 00 min 27 sec)
Heartbeat CPU 0 instructions: 10500057 cycles: 6234172 heartbeat IPC: 0.1894 cumulative IPC: 0.1894 (Simulation time: 00 hr 00 min 36 sec)
Heartbeat CPU 0 instructions: 11000060 cycles: 8898886 heartbeat IPC: 0.1876 cumulative IPC: 0.1885 (Simulation time: 00 hr 00 min 45 sec)
Heartbeat CPU 0 instructions: 11500060 cycles: 11426613 heartbeat IPC: 0.1978 cumulative IPC: 0.1915 (Simulation time: 00 hr 00 min 53 sec)
Heartbeat CPU 0 instructions: 12000060 cycles: 14465194 heartbeat IPC: 0.1646 cumulative IPC: 0.184 (Simulation time: 00 hr 01 min 03 sec)
Heartbeat CPU 0 instructions: 12500060 cycles: 17335196 heartbeat IPC: 0.1742 cumulative IPC: 0.1819 (Simulation time: 00 hr 01 min 12 sec)
Heartbeat CPU 0 instructions: 13000065 cycles: 20054110 heartbeat IPC: 0.1839 cumulative IPC: 0.1823 (Simulation time: 00 hr 01 min 21 sec)
Heartbeat CPU 0 instructions: 13500069 cycles: 22771072 heartbeat IPC: 0.184 cumulative IPC: 0.1825 (Simulation time: 00 hr 01 min 30 sec)
Heartbeat CPU 0 instructions: 14000075 cycles: 25453669 heartbeat IPC: 0.1864 cumulative IPC: 0.183 (Simulation time: 00 hr 01 min 39 sec)
Heartbeat CPU 0 instructions: 14500077 cycles: 28124936 heartbeat IPC: 0.1872 cumulative IPC: 0.1834 (Simulation time: 00 hr 01 min 48 sec)
Heartbeat CPU 0 instructions: 15000081 cycles: 30765327 heartbeat IPC: 0.1894 cumulative IPC: 0.184 (Simulation time: 00 hr 01 min 57 sec)
Heartbeat CPU 0 instructions: 15500083 cycles: 33412293 heartbeat IPC: 0.1889 cumulative IPC: 0.1845 (Simulation time: 00 hr 02 min 06 sec)
Heartbeat CPU 0 instructions: 16000087 cycles: 36057819 heartbeat IPC: 0.189 cumulative IPC: 0.1848 (Simulation time: 00 hr 02 min 14 sec)
Heartbeat CPU 0 instructions: 16500088 cycles: 38670493 heartbeat IPC: 0.1914 cumulative IPC: 0.1853 (Simulation time: 00 hr 02 min 23 sec)
Heartbeat CPU 0 instructions: 17000095 cycles: 41442769 heartbeat IPC: 0.1804 cumulative IPC: 0.1849 (Simulation time: 00 hr 02 min 33 sec)
Heartbeat CPU 0 instructions: 17500100 cycles: 44153098 heartbeat IPC: 0.1845 cumulative IPC: 0.1849 (Simulation time: 00 hr 02 min 42 sec)
Heartbeat CPU 0 instructions: 18000101 cycles: 47396568 heartbeat IPC: 0.1542 cumulative IPC: 0.1826 (Simulation time: 00 hr 02 min 52 sec)
Heartbeat CPU 0 instructions: 18500104 cycles: 50130473 heartbeat IPC: 0.1829 cumulative IPC: 0.1827 (Simulation time: 00 hr 03 min 02 sec)
Heartbeat CPU 0 instructions: 19000110 cycles: 52778904 heartbeat IPC: 0.1888 cumulative IPC: 0.183 (Simulation time: 00 hr 03 min 11 sec)
Heartbeat CPU 0 instructions: 19500115 cycles: 55435445 heartbeat IPC: 0.1882 cumulative IPC: 0.1833 (Simulation time: 00 hr 03 min 20 sec)
Heartbeat CPU 0 instructions: 20000121 cycles: 58177392 heartbeat IPC: 0.1824 cumulative IPC: 0.1832 (Simulation time: 00 hr 03 min 29 sec)
Heartbeat CPU 0 instructions: 20500123 cycles: 60821215 heartbeat IPC: 0.1891 cumulative IPC: 0.1835 (Simulation time: 00 hr 03 min 37 sec)
Heartbeat CPU 0 instructions: 21000126 cycles: 63570405 heartbeat IPC: 0.1819 cumulative IPC: 0.1834 (Simulation time: 00 hr 03 min 46 sec)
Heartbeat CPU 0 instructions: 21500131 cycles: 66154119 heartbeat IPC: 0.1935 cumulative IPC: 0.1838 (Simulation time: 00 hr 03 min 55 sec)
Heartbeat CPU 0 instructions: 22000132 cycles: 68906776 heartbeat IPC: 0.1816 cumulative IPC: 0.1837 (Simulation time: 00 hr 04 min 04 sec)
Heartbeat CPU 0 instructions: 22500138 cycles: 71699746 heartbeat IPC: 0.179 cumulative IPC: 0.1835 (Simulation time: 00 hr 04 min 13 sec)
Heartbeat CPU 0 instructions: 23000140 cycles: 74452046 heartbeat IPC: 0.1817 cumulative IPC: 0.1835 (Simulation time: 00 hr 04 min 22 sec)
Heartbeat CPU 0 instructions: 23500145 cycles: 77196092 heartbeat IPC: 0.1822 cumulative IPC: 0.1834 (Simulation time: 00 hr 04 min 31 sec)
Heartbeat CPU 0 instructions: 24000145 cycles: 80022872 heartbeat IPC: 0.1769 cumulative IPC: 0.1832 (Simulation time: 00 hr 04 min 40 sec)
Heartbeat CPU 0 instructions: 24500145 cycles: 82703626 heartbeat IPC: 0.1865 cumulative IPC: 0.1833 (Simulation time: 00 hr 04 min 49 sec)
Heartbeat CPU 0 instructions: 25000151 cycles: 85508545 heartbeat IPC: 0.1783 cumulative IPC: 0.1831 (Simulation time: 00 hr 04 min 58 sec)
Heartbeat CPU 0 instructions: 25500152 cycles: 88289294 heartbeat IPC: 0.1798 cumulative IPC: 0.183 (Simulation time: 00 hr 05 min 07 sec)
Heartbeat CPU 0 instructions: 26000158 cycles: 91014777 heartbeat IPC: 0.1835 cumulative IPC: 0.183 (Simulation time: 00 hr 05 min 16 sec)
Heartbeat CPU 0 instructions: 26500158 cycles: 93781594 heartbeat IPC: 0.1807 cumulative IPC: 0.183 (Simulation time: 00 hr 05 min 25 sec)
Heartbeat CPU 0 instructions: 27000161 cycles: 96474505 heartbeat IPC: 0.1857 cumulative IPC: 0.183 (Simulation time: 00 hr 05 min 34 sec)
Heartbeat CPU 0 instructions: 27500162 cycles: 99242210 heartbeat IPC: 0.1807 cumulative IPC: 0.183 (Simulation time: 00 hr 05 min 43 sec)
Heartbeat CPU 0 instructions: 28000162 cycles: 101860328 heartbeat IPC: 0.191 cumulative IPC: 0.1832 (Simulation time: 00 hr 05 min 51 sec)
Heartbeat CPU 0 instructions: 28500162 cycles: 104549433 heartbeat IPC: 0.1859 cumulative IPC: 0.1833 (Simulation time: 00 hr 06 min 01 sec)
Heartbeat CPU 0 instructions: 29000162 cycles: 107308550 heartbeat IPC: 0.1812 cumulative IPC: 0.1832 (Simulation time: 00 hr 06 min 10 sec)
Heartbeat CPU 0 instructions: 29500168 cycles: 110012502 heartbeat IPC: 0.1849 cumulative IPC: 0.1832 (Simulation time: 00 hr 06 min 18 sec)
Heartbeat CPU 0 instructions: 30000168 cycles: 112815560 heartbeat IPC: 0.1784 cumulative IPC: 0.1831 (Simulation time: 00 hr 06 min 28 sec)
Heartbeat CPU 0 instructions: 30500175 cycles: 115527729 heartbeat IPC: 0.1844 cumulative IPC: 0.1831 (Simulation time: 00 hr 06 min 36 sec)
Heartbeat CPU 0 instructions: 31000182 cycles: 118171490 heartbeat IPC: 0.1891 cumulative IPC: 0.1833 (Simulation time: 00 hr 06 min 45 sec)
Heartbeat CPU 0 instructions: 31500186 cycles: 120943534 heartbeat IPC: 0.1804 cumulative IPC: 0.1832 (Simulation time: 00 hr 06 min 54 sec)
Heartbeat CPU 0 instructions: 32000190 cycles: 123734141 heartbeat IPC: 0.1792 cumulative IPC: 0.1831 (Simulation time: 00 hr 07 min 03 sec)
Heartbeat CPU 0 instructions: 32500192 cycles: 127087675 heartbeat IPC: 0.1491 cumulative IPC: 0.1822 (Simulation time: 00 hr 07 min 14 sec)
Heartbeat CPU 0 instructions: 33000192 cycles: 129995957 heartbeat IPC: 0.1719 cumulative IPC: 0.182 (Simulation time: 00 hr 07 min 23 sec)
Heartbeat CPU 0 instructions: 33500194 cycles: 132683139 heartbeat IPC: 0.1861 cumulative IPC: 0.182 (Simulation time: 00 hr 07 min 32 sec)
Heartbeat CPU 0 instructions: 34000194 cycles: 135350528 heartbeat IPC: 0.1874 cumulative IPC: 0.1822 (Simulation time: 00 hr 07 min 40 sec)
Heartbeat CPU 0 instructions: 34500194 cycles: 138076798 heartbeat IPC: 0.1834 cumulative IPC: 0.1822 (Simulation time: 00 hr 07 min 49 sec)
Heartbeat CPU 0 instructions: 35000199 cycles: 140817859 heartbeat IPC: 0.1824 cumulative IPC: 0.1822 (Simulation time: 00 hr 07 min 58 sec)
Heartbeat CPU 0 instructions: 35500202 cycles: 143715826 heartbeat IPC: 0.1725 cumulative IPC: 0.182 (Simulation time: 00 hr 08 min 07 sec)
Heartbeat CPU 0 instructions: 36000207 cycles: 146912952 heartbeat IPC: 0.1564 cumulative IPC: 0.1814 (Simulation time: 00 hr 08 min 17 sec)
Heartbeat CPU 0 instructions: 36500214 cycles: 149770372 heartbeat IPC: 0.175 cumulative IPC: 0.1813 (Simulation time: 00 hr 08 min 27 sec)
Heartbeat CPU 0 instructions: 37000219 cycles: 152526732 heartbeat IPC: 0.1814 cumulative IPC: 0.1813 (Simulation time: 00 hr 08 min 36 sec)
Heartbeat CPU 0 instructions: 37500226 cycles: 155416384 heartbeat IPC: 0.173 cumulative IPC: 0.1811 (Simulation time: 00 hr 08 min 45 sec)
Heartbeat CPU 0 instructions: 38000230 cycles: 158253425 heartbeat IPC: 0.1762 cumulative IPC: 0.181 (Simulation time: 00 hr 08 min 54 sec)
Heartbeat CPU 0 instructions: 38500235 cycles: 160918683 heartbeat IPC: 0.1876 cumulative IPC: 0.1812 (Simulation time: 00 hr 09 min 03 sec)
Heartbeat CPU 0 instructions: 39000239 cycles: 163697876 heartbeat IPC: 0.1799 cumulative IPC: 0.1811 (Simulation time: 00 hr 09 min 12 sec)
Heartbeat CPU 0 instructions: 39500242 cycles: 166952964 heartbeat IPC: 0.1536 cumulative IPC: 0.1806 (Simulation time: 00 hr 09 min 22 sec)
Heartbeat CPU 0 instructions: 40000244 cycles: 169722660 heartbeat IPC: 0.1805 cumulative IPC: 0.1806 (Simulation time: 00 hr 09 min 31 sec)
Heartbeat CPU 0 instructions: 40500247 cycles: 172357653 heartbeat IPC: 0.1898 cumulative IPC: 0.1807 (Simulation time: 00 hr 09 min 39 sec)
Heartbeat CPU 0 instructions: 41000248 cycles: 175230032 heartbeat IPC: 0.1741 cumulative IPC: 0.1806 (Simulation time: 00 hr 09 min 49 sec)
Heartbeat CPU 0 instructions: 41500253 cycles: 178088724 heartbeat IPC: 0.1749 cumulative IPC: 0.1805 (Simulation time: 00 hr 09 min 58 sec)
Heartbeat CPU 0 instructions: 42000256 cycles: 180925473 heartbeat IPC: 0.1763 cumulative IPC: 0.1805 (Simulation time: 00 hr 10 min 07 sec)
Heartbeat CPU 0 instructions: 42500261 cycles: 183803496 heartbeat IPC: 0.1737 cumulative IPC: 0.1803 (Simulation time: 00 hr 10 min 16 sec)
Heartbeat CPU 0 instructions: 43000262 cycles: 186868341 heartbeat IPC: 0.1631 cumulative IPC: 0.1801 (Simulation time: 00 hr 10 min 26 sec)
Heartbeat CPU 0 instructions: 43500268 cycles: 189857231 heartbeat IPC: 0.1673 cumulative IPC: 0.1799 (Simulation time: 00 hr 10 min 35 sec)
Heartbeat CPU 0 instructions: 44000273 cycles: 192598452 heartbeat IPC: 0.1824 cumulative IPC: 0.1799 (Simulation time: 00 hr 10 min 44 sec)
Heartbeat CPU 0 instructions: 44500277 cycles: 195863613 heartbeat IPC: 0.1531 cumulative IPC: 0.1794 (Simulation time: 00 hr 10 min 54 sec)
Heartbeat CPU 0 instructions: 45000277 cycles: 198699704 heartbeat IPC: 0.1763 cumulative IPC: 0.1794 (Simulation time: 00 hr 11 min 03 sec)
Heartbeat CPU 0 instructions: 45500279 cycles: 202082165 heartbeat IPC: 0.1478 cumulative IPC: 0.1789 (Simulation time: 00 hr 11 min 14 sec)
Heartbeat CPU 0 instructions: 46000286 cycles: 204899934 heartbeat IPC: 0.1774 cumulative IPC: 0.1788 (Simulation time: 00 hr 11 min 23 sec)
Heartbeat CPU 0 instructions: 46500291 cycles: 207722493 heartbeat IPC: 0.1771 cumulative IPC: 0.1788 (Simulation time: 00 hr 11 min 32 sec)
Heartbeat CPU 0 instructions: 47000292 cycles: 210530842 heartbeat IPC: 0.178 cumulative IPC: 0.1788 (Simulation time: 00 hr 11 min 41 sec)
Heartbeat CPU 0 instructions: 47500292 cycles: 213262792 heartbeat IPC: 0.183 cumulative IPC: 0.1789 (Simulation time: 00 hr 11 min 50 sec)
Heartbeat CPU 0 instructions: 48000295 cycles: 216035242 heartbeat IPC: 0.1803 cumulative IPC: 0.1789 (Simulation time: 00 hr 11 min 59 sec)
Heartbeat CPU 0 instructions: 48500295 cycles: 218819188 heartbeat IPC: 0.1796 cumulative IPC: 0.1789 (Simulation time: 00 hr 12 min 08 sec)
Heartbeat CPU 0 instructions: 49000300 cycles: 221654698 heartbeat IPC: 0.1763 cumulative IPC: 0.1789 (Simulation time: 00 hr 12 min 17 sec)
Heartbeat CPU 0 instructions: 49500300 cycles: 224386882 heartbeat IPC: 0.183 cumulative IPC: 0.1789 (Simulation time: 00 hr 12 min 26 sec)
Heartbeat CPU 0 instructions: 50000300 cycles: 227181723 heartbeat IPC: 0.1789 cumulative IPC: 0.1789 (Simulation time: 00 hr 12 min 35 sec)
Heartbeat CPU 0 instructions: 50500304 cycles: 229953967 heartbeat IPC: 0.1804 cumulative IPC: 0.1789 (Simulation time: 00 hr 12 min 44 sec)
Heartbeat CPU 0 instructions: 51000304 cycles: 232751354 heartbeat IPC: 0.1787 cumulative IPC: 0.1789 (Simulation time: 00 hr 12 min 53 sec)
Heartbeat CPU 0 instructions: 51500306 cycles: 235616075 heartbeat IPC: 0.1745 cumulative IPC: 0.1789 (Simulation time: 00 hr 13 min 02 sec)
Heartbeat CPU 0 instructions: 52000306 cycles: 238411858 heartbeat IPC: 0.1788 cumulative IPC: 0.1789 (Simulation time: 00 hr 13 min 11 sec)
Heartbeat CPU 0 instructions: 52500307 cycles: 241265492 heartbeat IPC: 0.1752 cumulative IPC: 0.1788 (Simulation time: 00 hr 13 min 20 sec)
Heartbeat CPU 0 instructions: 53000308 cycles: 244532826 heartbeat IPC: 0.153 cumulative IPC: 0.1785 (Simulation time: 00 hr 13 min 30 sec)
Heartbeat CPU 0 instructions: 53500309 cycles: 247390843 heartbeat IPC: 0.1749 cumulative IPC: 0.1784 (Simulation time: 00 hr 13 min 39 sec)
Heartbeat CPU 0 instructions: 54000309 cycles: 250090335 heartbeat IPC: 0.1852 cumulative IPC: 0.1785 (Simulation time: 00 hr 13 min 48 sec)
Heartbeat CPU 0 instructions: 54500312 cycles: 252759589 heartbeat IPC: 0.1873 cumulative IPC: 0.1786 (Simulation time: 00 hr 13 min 57 sec)
Heartbeat CPU 0 instructions: 55000314 cycles: 255432006 heartbeat IPC: 0.1871 cumulative IPC: 0.1787 (Simulation time: 00 hr 14 min 05 sec)
Heartbeat CPU 0 instructions: 55500317 cycles: 258194026 heartbeat IPC: 0.181 cumulative IPC: 0.1787 (Simulation time: 00 hr 14 min 14 sec)
Heartbeat CPU 0 instructions: 56000322 cycles: 260945328 heartbeat IPC: 0.1817 cumulative IPC: 0.1787 (Simulation time: 00 hr 14 min 23 sec)
Heartbeat CPU 0 instructions: 56500322 cycles: 263803969 heartbeat IPC: 0.1749 cumulative IPC: 0.1787 (Simulation time: 00 hr 14 min 32 sec)
Heartbeat CPU 0 instructions: 57000329 cycles: 266547967 heartbeat IPC: 0.1822 cumulative IPC: 0.1787 (Simulation time: 00 hr 14 min 41 sec)
Heartbeat CPU 0 instructions: 57500334 cycles: 269408532 heartbeat IPC: 0.1748 cumulative IPC: 0.1787 (Simulation time: 00 hr 14 min 50 sec)
Heartbeat CPU 0 instructions: 58000335 cycles: 272338152 heartbeat IPC: 0.1707 cumulative IPC: 0.1786 (Simulation time: 00 hr 15 min 00 sec)
Heartbeat CPU 0 instructions: 58500335 cycles: 275708913 heartbeat IPC: 0.1483 cumulative IPC: 0.1782 (Simulation time: 00 hr 15 min 10 sec)
Heartbeat CPU 0 instructions: 59000342 cycles: 278565277 heartbeat IPC: 0.1751 cumulative IPC: 0.1782 (Simulation time: 00 hr 15 min 19 sec)
Heartbeat CPU 0 instructions: 59500342 cycles: 281544211 heartbeat IPC: 0.1678 cumulative IPC: 0.1781 (Simulation time: 00 hr 15 min 29 sec)
Simulation finished CPU 0 instructions: 50000001 cycles: 281212798 cumulative IPC: 0.1778 (Simulation time: 00 hr 15 min 39 sec)
Simulation complete CPU 0 instructions: 50000001 cycles: 281212798 cumulative IPC: 0.1778 (Simulation time: 00 hr 15 min 39 sec)

ChampSim completed all CPUs

=== Simulation ===
CPU 0 runs traces/bc-0.trace.gz

Region of Interest Statistics

CPU 0 cumulative IPC: 0.1778 instructions: 50000001 cycles: 281212798
CPU 0 Branch Prediction Accuracy: 87.71% MPKI: 23.18 Average ROB Occupancy at Mispredict: 45.18
Branch type MPKI
BRANCH_DIRECT_JUMP: 0
BRANCH_INDIRECT: 0
BRANCH_CONDITIONAL: 23.18
BRANCH_DIRECT_CALL: 0
BRANCH_INDIRECT_CALL: 0
BRANCH_RETURN: 0

cpu0->cpu0_STLB TOTAL        ACCESS:    1444233 HIT:     769989 MISS:     674244 MSHR_MERGE:          0
cpu0->cpu0_STLB LOAD         ACCESS:    1444233 HIT:     769989 MISS:     674244 MSHR_MERGE:          0
cpu0->cpu0_STLB RFO          ACCESS:          0 HIT:          0 MISS:          0 MSHR_MERGE:          0
cpu0->cpu0_STLB PREFETCH     ACCESS:          0 HIT:          0 MISS:          0 MSHR_MERGE:          0
cpu0->cpu0_STLB WRITE        ACCESS:          0 HIT:          0 MISS:          0 MSHR_MERGE:          0
cpu0->cpu0_STLB TRANSLATION  ACCESS:          0 HIT:          0 MISS:          0 MSHR_MERGE:          0
cpu0->cpu0_STLB PREFETCH REQUESTED:          0 ISSUED:          0 USEFUL:          0 USELESS:          0
cpu0->cpu0_STLB AVERAGE MISS LATENCY: 17.12 cycles
cpu0->cpu0_L2C TOTAL        ACCESS:    6096990 HIT:    3566241 MISS:    2530749 MSHR_MERGE:      11185
cpu0->cpu0_L2C LOAD         ACCESS:    4115477 HIT:    1880715 MISS:    2234762 MSHR_MERGE:       5127
cpu0->cpu0_L2C RFO          ACCESS:      28949 HIT:       3104 MISS:      25845 MSHR_MERGE:          0
cpu0->cpu0_L2C PREFETCH     ACCESS:     406372 HIT:     139817 MISS:     266555 MSHR_MERGE:       6058
cpu0->cpu0_L2C WRITE        ACCESS:    1329549 HIT:    1329521 MISS:         28 MSHR_MERGE:          0
cpu0->cpu0_L2C TRANSLATION  ACCESS:     216643 HIT:     213084 MISS:       3559 MSHR_MERGE:          0
cpu0->cpu0_L2C PREFETCH REQUESTED:     406372 ISSUED:     406372 USEFUL:     188800 USELESS:      66182
cpu0->cpu0_L2C AVERAGE MISS LATENCY: 220.5 cycles
cpu0->cpu0_L1I TOTAL        ACCESS:      59631 HIT:      59631 MISS:          0 MSHR_MERGE:          0
cpu0->cpu0_L1I LOAD         ACCESS:      59631 HIT:      59631 MISS:          0 MSHR_MERGE:          0
cpu0->cpu0_L1I RFO          ACCESS:          0 HIT:          0 MISS:          0 MSHR_MERGE:          0
cpu0->cpu0_L1I PREFETCH     ACCESS:          0 HIT:          0 MISS:          0 MSHR_MERGE:          0
cpu0->cpu0_L1I WRITE        ACCESS:          0 HIT:          0 MISS:          0 MSHR_MERGE:          0
cpu0->cpu0_L1I TRANSLATION  ACCESS:          0 HIT:          0 MISS:          0 MSHR_MERGE:          0
cpu0->cpu0_L1I PREFETCH REQUESTED:          0 ISSUED:          0 USEFUL:          0 USELESS:          0
cpu0->cpu0_L1I AVERAGE MISS LATENCY: - cycles
cpu0->cpu0_L1D TOTAL        ACCESS:   16734415 HIT:   12022905 MISS:    4711510 MSHR_MERGE:     350441
cpu0->cpu0_L1D LOAD         ACCESS:   12707843 HIT:    8297360 MISS:    4410483 MSHR_MERGE:     295006
cpu0->cpu0_L1D RFO          ACCESS:          0 HIT:          0 MISS:          0 MSHR_MERGE:          0
cpu0->cpu0_L1D PREFETCH     ACCESS:          0 HIT:          0 MISS:          0 MSHR_MERGE:          0
cpu0->cpu0_L1D WRITE        ACCESS:    2701646 HIT:    2628320 MISS:      73326 MSHR_MERGE:      44377
cpu0->cpu0_L1D TRANSLATION  ACCESS:    1324926 HIT:    1097225 MISS:     227701 MSHR_MERGE:      11058
cpu0->cpu0_L1D PREFETCH REQUESTED:          0 ISSUED:          0 USEFUL:          0 USELESS:          0
cpu0->cpu0_L1D AVERAGE MISS LATENCY: 123.2 cycles
cpu0->cpu0_ITLB TOTAL        ACCESS:      45419 HIT:      45419 MISS:          0 MSHR_MERGE:          0
cpu0->cpu0_ITLB LOAD         ACCESS:      45419 HIT:      45419 MISS:          0 MSHR_MERGE:          0
cpu0->cpu0_ITLB RFO          ACCESS:          0 HIT:          0 MISS:          0 MSHR_MERGE:          0
cpu0->cpu0_ITLB PREFETCH     ACCESS:          0 HIT:          0 MISS:          0 MSHR_MERGE:          0
cpu0->cpu0_ITLB WRITE        ACCESS:          0 HIT:          0 MISS:          0 MSHR_MERGE:          0
cpu0->cpu0_ITLB TRANSLATION  ACCESS:          0 HIT:          0 MISS:          0 MSHR_MERGE:          0
cpu0->cpu0_ITLB PREFETCH REQUESTED:          0 ISSUED:          0 USEFUL:          0 USELESS:          0
cpu0->cpu0_ITLB AVERAGE MISS LATENCY: - cycles
cpu0->cpu0_DTLB TOTAL        ACCESS:   15238798 HIT:   13317696 MISS:    1921102 MSHR_MERGE:     476870
cpu0->cpu0_DTLB LOAD         ACCESS:   15238798 HIT:   13317696 MISS:    1921102 MSHR_MERGE:     476870
cpu0->cpu0_DTLB RFO          ACCESS:          0 HIT:          0 MISS:          0 MSHR_MERGE:          0
cpu0->cpu0_DTLB PREFETCH     ACCESS:          0 HIT:          0 MISS:          0 MSHR_MERGE:          0
cpu0->cpu0_DTLB WRITE        ACCESS:          0 HIT:          0 MISS:          0 MSHR_MERGE:          0
cpu0->cpu0_DTLB TRANSLATION  ACCESS:          0 HIT:          0 MISS:          0 MSHR_MERGE:          0
cpu0->cpu0_DTLB PREFETCH REQUESTED:          0 ISSUED:          0 USEFUL:          0 USELESS:          0
cpu0->cpu0_DTLB AVERAGE MISS LATENCY: 13.46 cycles
cpu0->LLC TOTAL        ACCESS:    3630700 HIT:    1492859 MISS:    2137841 MSHR_MERGE:       3276
cpu0->LLC LOAD         ACCESS:    2229635 HIT:     948625 MISS:    1281010 MSHR_MERGE:       2871
cpu0->LLC RFO          ACCESS:      25845 HIT:       5332 MISS:      20513 MSHR_MERGE:          0
cpu0->LLC PREFETCH     ACCESS:     260497 HIT:      30676 MISS:     229821 MSHR_MERGE:        405
cpu0->LLC WRITE        ACCESS:    1111164 HIT:     508207 MISS:     602957 MSHR_MERGE:          0
cpu0->LLC TRANSLATION  ACCESS:       3559 HIT:         19 MISS:       3540 MSHR_MERGE:          0
cpu0->LLC PREFETCH REQUESTED:          0 ISSUED:          0 USEFUL:          0 USELESS:          0
cpu0->LLC AVERAGE MISS LATENCY: 239.1 cycles

DRAM Statistics

Channel 0 RQ ROW_BUFFER_HIT:       7905
  ROW_BUFFER_MISS:    1522721
  AVG DBUS CONGESTED CYCLE: 3.908
Channel 0 WQ ROW_BUFFER_HIT:     112671
  ROW_BUFFER_MISS:     581670
  FULL:          0
Channel 0 REFRESHES ISSUED:      23434
