[VMEM] WARNING: physical memory size is smaller than virtual memory size.

*** ChampSim Multicore Out-of-Order Simulator ***
Warmup Instructions: 10000000
Simulation Instructions: 50000000
Number of CPUs: 1
Page size: 4096
Core 0: traces/bfs-14.trace.gz
Off-chip DRAM Size: 64 GiB Channels: 1 Width: 64-bit Data Rate: 800 MT/s
Heartbeat CPU 0 instructions: 500006 cycles: 118786 heartbeat IPC: 4.209 cumulative IPC: 4.209 (Simulation time: 00 hr 00 min 01 sec)
Heartbeat CPU 0 instructions: 1000009 cycles: 232485 heartbeat IPC: 4.398 cumulative IPC: 4.301 (Simulation time: 00 hr 00 min 02 sec)
Heartbeat CPU 0 instructions: 1500014 cycles: 346889 heartbeat IPC: 4.371 cumulative IPC: 4.324 (Simulation time: 00 hr 00 min 03 sec)
Heartbeat CPU 0 instructions: 2000018 cycles: 461486 heartbeat IPC: 4.363 cumulative IPC: 4.334 (Simulation time: 00 hr 00 min 04 sec)
Heartbeat CPU 0 instructions: 2500024 cycles: 576123 heartbeat IPC: 4.362 cumulative IPC: 4.339 (Simulation time: 00 hr 00 min 05 sec)
Heartbeat CPU 0 instructions: 3000026 cycles: 690395 heartbeat IPC: 4.376 cumulative IPC: 4.345 (Simulation time: 00 hr 00 min 06 sec)
Heartbeat CPU 0 instructions: 3500033 cycles: 804559 heartbeat IPC: 4.38 cumulative IPC: 4.35 (Simulation time: 00 hr 00 min 07 sec)
Heartbeat CPU 0 instructions: 4000039 cycles: 918935 heartbeat IPC: 4.372 cumulative IPC: 4.353 (Simulation time: 00 hr 00 min 08 sec)
Heartbeat CPU 0 instructions: 4500045 cycles: 1033121 heartbeat IPC: 4.379 cumulative IPC: 4.356 (Simulation time: 00 hr 00 min 09 sec)
Heartbeat CPU 0 instructions: 5000046 cycles: 1148276 heartbeat IPC: 4.342 cumulative IPC: 4.354 (Simulation time: 00 hr 00 min 11 sec)
Heartbeat CPU 0 instructions: 5500046 cycles: 1262442 heartbeat IPC: 4.38 cumulative IPC: 4.357 (Simulation time: 00 hr 00 min 12 sec)
Heartbeat CPU 0 instructions: 6000051 cycles: 1377105 heartbeat IPC: 4.361 cumulative IPC: 4.357 (Simulation time: 00 hr 00 min 13 sec)
Heartbeat CPU 0 instructions: 6500051 cycles: 1491137 heartbeat IPC: 4.385 cumulative IPC: 4.359 (Simulation time: 00 hr 00 min 14 sec)
Heartbeat CPU 0 instructions: 7000057 cycles: 1606171 heartbeat IPC: 4.347 cumulative IPC: 4.358 (Simulation time: 00 hr 00 min 15 sec)
Heartbeat CPU 0 instructions: 7500059 cycles: 1720472 heartbeat IPC: 4.374 cumulative IPC: 4.359 (Simulation time: 00 hr 00 min 16 sec)
Heartbeat CPU 0 instructions: 8000065 cycles: 1834591 heartbeat IPC: 4.381 cumulative IPC: 4.361 (Simulation time: 00 hr 00 min 17 sec)
Heartbeat CPU 0 instructions: 8500066 cycles: 1948137 heartbeat IPC: 4.404 cumulative IPC: 4.363 (Simulation time: 00 hr 00 min 18 sec)
Heartbeat CPU 0 instructions: 9000073 cycles: 2062862 heartbeat IPC: 4.358 cumulative IPC: 4.363 (Simulation time: 00 hr 00 min 19 sec)
Heartbeat CPU 0 instructions: 9500080 cycles: 2177840 heartbeat IPC: 4.349 cumulative IPC: 4.362 (Simulation time: 00 hr 00 min 20 sec)
Warmup finished CPU 0 instructions: 10000005 cycles: 2292474 cumulative IPC: 4.362 (Simulation time: 00 hr 00 min 21 sec)
Warmup complete CPU 0 instructions: 10000005 cycles: 2292474 cumulative IPC: 4.362 (Simulation time: 00 hr 00 min 21 sec)
Heartbeat CPU 0 instructions: 10000085 cycles: 2292484 heartbeat IPC: 4.361 cumulative IPC: 8 (Simulation time: 00 hr 00 min 21 sec)
Heartbeat CPU 0 instructions: 10500085 cycles: 3491488 heartbeat IPC: 0.417 cumulative IPC: 0.4171 (Simulation time: 00 hr 00 min 25 sec)
Heartbeat CPU 0 instructions: 11000085 cycles: 4590409 heartbeat IPC: 0.455 cumulative IPC: 0.4352 (Simulation time: 00 hr 00 min 29 sec)
Heartbeat CPU 0 instructions: 11500085 cycles: 6818741 heartbeat IPC: 0.2244 cumulative IPC: 0.3314 (Simulation time: 00 hr 00 min 35 sec)
Heartbeat CPU 0 instructions: 12000085 cycles: 9049522 heartbeat IPC: 0.2241 cumulative IPC: 0.296 (Simulation time: 00 hr 00 min 42 sec)
Heartbeat CPU 0 instructions: 12500087 cycles: 11272191 heartbeat IPC: 0.225 cumulative IPC: 0.2784 (Simulation time: 00 hr 00 min 48 sec)
Heartbeat CPU 0 instructions: 13000087 cycles: 13463422 heartbeat IPC: 0.2282 cumulative IPC: 0.2686 (Simulation time: 00 hr 00 min 54 sec)
Heartbeat CPU 0 instructions: 13500090 cycles: 15635951 heartbeat IPC: 0.2301 cumulative IPC: 0.2623 (Simulation time: 00 hr 01 min 00 sec)
Heartbeat CPU 0 instructions: 14000091 cycles: 17792259 heartbeat IPC: 0.2319 cumulative IPC: 0.2581 (Simulation time: 00 hr 01 min 06 sec)
Heartbeat CPU 0 instructions: 14500092 cycles: 19935231 heartbeat IPC: 0.2333 cumulative IPC: 0.2551 (Simulation time: 00 hr 01 min 12 sec)
Heartbeat CPU 0 instructions: 15000093 cycles: 22050181 heartbeat IPC: 0.2364 cumulative IPC: 0.2531 (Simulation time: 00 hr 01 min 18 sec)
Heartbeat CPU 0 instructions: 15500099 cycles: 24183051 heartbeat IPC: 0.2344 cumulative IPC: 0.2513 (Simulation time: 00 hr 01 min 24 sec)
Heartbeat CPU 0 instructions: 16000099 cycles: 26311513 heartbeat IPC: 0.2349 cumulative IPC: 0.2498 (Simulation time: 00 hr 01 min 30 sec)
Heartbeat CPU 0 instructions: 16500099 cycles: 28438787 heartbeat IPC: 0.235 cumulative IPC: 0.2486 (Simulation time: 00 hr 01 min 36 sec)
Heartbeat CPU 0 instructions: 17000099 cycles: 30572755 heartbeat IPC: 0.2343 cumulative IPC: 0.2475 (Simulation time: 00 hr 01 min 42 sec)
Heartbeat CPU 0 instructions: 17500099 cycles: 32680563 heartbeat IPC: 0.2372 cumulative IPC: 0.2468 (Simulation time: 00 hr 01 min 48 sec)
Heartbeat CPU 0 instructions: 18000099 cycles: 34791073 heartbeat IPC: 0.2369 cumulative IPC: 0.2462 (Simulation time: 00 hr 01 min 54 sec)
Heartbeat CPU 0 instructions: 18500099 cycles: 36926035 heartbeat IPC: 0.2342 cumulative IPC: 0.2454 (Simulation time: 00 hr 02 min 00 sec)
Heartbeat CPU 0 instructions: 19000100 cycles: 39073913 heartbeat IPC: 0.2328 cumulative IPC: 0.2447 (Simulation time: 00 hr 02 min 06 sec)
Heartbeat CPU 0 instructions: 19500100 cycles: 41212623 heartbeat IPC: 0.2338 cumulative IPC: 0.2441 (Simulation time: 00 hr 02 min 12 sec)
Heartbeat CPU 0 instructions: 20000102 cycles: 43365613 heartbeat IPC: 0.2322 cumulative IPC: 0.2435 (Simulation time: 00 hr 02 min 19 sec)
Heartbeat CPU 0 instructions: 20500102 cycles: 45532026 heartbeat IPC: 0.2308 cumulative IPC: 0.2428 (Simulation time: 00 hr 02 min 25 sec)
Heartbeat CPU 0 instructions: 21000102 cycles: 47701252 heartbeat IPC: 0.2305 cumulative IPC: 0.2422 (Simulation time: 00 hr 02 min 31 sec)
Heartbeat CPU 0 instructions: 21500102 cycles: 49864072 heartbeat IPC: 0.2312 cumulative IPC: 0.2417 (Simulation time: 00 hr 02 min 37 sec)
Heartbeat CPU 0 instructions: 22000107 cycles: 52038121 heartbeat IPC: 0.23 cumulative IPC: 0.2412 (Simulation time: 00 hr 02 min 43 sec)
Heartbeat CPU 0 instructions: 22500108 cycles: 54218258 heartbeat IPC: 0.2293 cumulative IPC: 0.2407 (Simulation time: 00 hr 02 min 49 sec)
Heartbeat CPU 0 instructions: 23000114 cycles: 56364209 heartbeat IPC: 0.233 cumulative IPC: 0.2404 (Simulation time: 00 hr 02 min 55 sec)
Heartbeat CPU 0 instructions: 23500118 cycles: 58503651 heartbeat IPC: 0.2337 cumulative IPC: 0.2402 (Simulation time: 00 hr 03 min 01 sec)
Heartbeat CPU 0 instructions: 24000121 cycles: 60652432 heartbeat IPC: 0.2327 cumulative IPC: 0.2399 (Simulation time: 00 hr 03 min 07 sec)
Heartbeat CPU 0 instructions: 24500123 cycles: 62818170 heartbeat IPC: 0.2309 cumulative IPC: 0.2396 (Simulation time: 00 hr 03 min 13 sec)
Heartbeat CPU 0 instructions: 25000123 cycles: 64940649 heartbeat IPC: 0.2356 cumulative IPC: 0.2394 (Simulation time: 00 hr 03 min 19 sec)
Heartbeat CPU 0 instructions: 25500128 cycles: 67122140 heartbeat IPC: 0.2292 cumulative IPC: 0.2391 (Simulation time: 00 hr 03 min 25 sec)
Heartbeat CPU 0 instructions: 26000128 cycles: 69254890 heartbeat IPC: 0.2344 cumulative IPC: 0.2389 (Simulation time: 00 hr 03 min 31 sec)
Heartbeat CPU 0 instructions: 26500129 cycles: 71422729 heartbeat IPC: 0.2306 cumulative IPC: 0.2387 (Simulation time: 00 hr 03 min 37 sec)
Heartbeat CPU 0 instructions: 27000129 cycles: 73578461 heartbeat IPC: 0.2319 cumulative IPC: 0.2385 (Simulation time: 00 hr 03 min 43 sec)
Heartbeat CPU 0 instructions: 27500130 cycles: 75752390 heartbeat IPC: 0.23 cumulative IPC: 0.2382 (Simulation time: 00 hr 03 min 49 sec)
Heartbeat CPU 0 instructions: 28000130 cycles: 77902715 heartbeat IPC: 0.2325 cumulative IPC: 0.2381 (Simulation time: 00 hr 03 min 55 sec)
Heartbeat CPU 0 instructions: 28500132 cycles: 80077394 heartbeat IPC: 0.2299 cumulative IPC: 0.2378 (Simulation time: 00 hr 04 min 01 sec)
Heartbeat CPU 0 instructions: 29000135 cycles: 82227707 heartbeat IPC: 0.2325 cumulative IPC: 0.2377 (Simulation time: 00 hr 04 min 07 sec)
Heartbeat CPU 0 instructions: 29500135 cycles: 84412516 heartbeat IPC: 0.2289 cumulative IPC: 0.2375 (Simulation time: 00 hr 04 min 13 sec)
Heartbeat CPU 0 instructions: 30000135 cycles: 86569462 heartbeat IPC: 0.2318 cumulative IPC: 0.2373 (Simulation time: 00 hr 04 min 19 sec)
Heartbeat CPU 0 instructions: 30500139 cycles: 88713809 heartbeat IPC: 0.2332 cumulative IPC: 0.2372 (Simulation time: 00 hr 04 min 25 sec)
Heartbeat CPU 0 instructions: 31000139 cycles: 90862983 heartbeat IPC: 0.2326 cumulative IPC: 0.2371 (Simulation time: 00 hr 04 min 31 sec)
Heartbeat CPU 0 instructions: 31500139 cycles: 93009158 heartbeat IPC: 0.233 cumulative IPC: 0.237 (Simulation time: 00 hr 04 min 37 sec)
Heartbeat CPU 0 instructions: 32000144 cycles: 95130166 heartbeat IPC: 0.2357 cumulative IPC: 0.237 (Simulation time: 00 hr 04 min 43 sec)
Heartbeat CPU 0 instructions: 32500149 cycles: 97297231 heartbeat IPC: 0.2307 cumulative IPC: 0.2368 (Simulation time: 00 hr 04 min 49 sec)
Heartbeat CPU 0 instructions: 33000150 cycles: 99451519 heartbeat IPC: 0.2321 cumulative IPC: 0.2367 (Simulation time: 00 hr 04 min 55 sec)
Heartbeat CPU 0 instructions: 33500150 cycles: 101630416 heartbeat IPC: 0.2295 cumulative IPC: 0.2366 (Simulation time: 00 hr 05 min 01 sec)
Heartbeat CPU 0 instructions: 34000151 cycles: 103803727 heartbeat IPC: 0.2301 cumulative IPC: 0.2364 (Simulation time: 00 hr 05 min 07 sec)
Heartbeat CPU 0 instructions: 34500155 cycles: 105980320 heartbeat IPC: 0.2297 cumulative IPC: 0.2363 (Simulation time: 00 hr 05 min 13 sec)
Heartbeat CPU 0 instructions: 35000156 cycles: 108121302 heartbeat IPC: 0.2335 cumulative IPC: 0.2362 (Simulation time: 00 hr 05 min 19 sec)
Heartbeat CPU 0 instructions: 35500156 cycles: 110260791 heartbeat IPC: 0.2337 cumulative IPC: 0.2362 (Simulation time: 00 hr 05 min 25 sec)
Heartbeat CPU 0 instructions: 36000156 cycles: 112397602 heartbeat IPC: 0.234 cumulative IPC: 0.2361 (Simulation time: 00 hr 05 min 31 sec)
Heartbeat CPU 0 instructions: 36500157 cycles: 114561441 heartbeat IPC: 0.2311 cumulative IPC: 0.236 (Simulation time: 00 hr 05 min 37 sec)
Heartbeat CPU 0 instructions: 37000160 cycles: 116722565 heartbeat IPC: 0.2314 cumulative IPC: 0.236 (Simulation time: 00 hr 05 min 43 sec)
Heartbeat CPU 0 instructions: 37500160 cycles: 118878825 heartbeat IPC: 0.2319 cumulative IPC: 0.2359 (Simulation time: 00 hr 05 min 49 sec)
Heartbeat CPU 0 instructions: 38000167 cycles: 121045904 heartbeat IPC: 0.2307 cumulative IPC: 0.2358 (Simulation time: 00 hr 05 min 55 sec)
Heartbeat CPU 0 instructions: 38500171 cycles: 123555142 heartbeat IPC: 0.1993 cumulative IPC: 0.235 (Simulation time: 00 hr 06 min 02 sec)
Heartbeat CPU 0 instructions: 39000171 cycles: 125936152 heartbeat IPC: 0.21 cumulative IPC: 0.2345 (Simulation time: 00 hr 06 min 08 sec)
Heartbeat CPU 0 instructions: 39500174 cycles: 128358184 heartbeat IPC: 0.2064 cumulative IPC: 0.234 (Simulation time: 00 hr 06 min 15 sec)
Heartbeat CPU 0 instructions: 40000181 cycles: 130763889 heartbeat IPC: 0.2078 cumulative IPC: 0.2335 (Simulation time: 00 hr 06 min 22 sec)
Heartbeat CPU 0 instructions: 40500183 cycles: 133171486 heartbeat IPC: 0.2077 cumulative IPC: 0.233 (Simulation time: 00 hr 06 min 29 sec)
Heartbeat CPU 0 instructions: 41000186 cycles: 135561192 heartbeat IPC: 0.2092 cumulative IPC: 0.2326 (Simulation time: 00 hr 06 min 35 sec)
Heartbeat CPU 0 instructions: 41500187 cycles: 137945843 heartbeat IPC: 0.2097 cumulative IPC: 0.2322 (Simulation time: 00 hr 06 min 42 sec)
Heartbeat CPU 0 instructions: 42000189 cycles: 140322840 heartbeat IPC: 0.2104 cumulative IPC: 0.2318 (Simulation time: 00 hr 06 min 49 sec)
Heartbeat CPU 0 instructions: 42500189 cycles: 142712513 heartbeat IPC: 0.2092 cumulative IPC: 0.2314 (Simulation time: 00 hr 06 min 55 sec)
Heartbeat CPU 0 instructions: 43000189 cycles: 145123786 heartbeat IPC: 0.2074 cumulative IPC: 0.231 (Simulation time: 00 hr 07 min 02 sec)
Heartbeat CPU 0 instructions: 43500189 cycles: 147516209 heartbeat IPC: 0.209 cumulative IPC: 0.2307 (Simulation time: 00 hr 07 min 09 sec)
Heartbeat CPU 0 instructions: 44000194 cycles: 149923810 heartbeat IPC: 0.2077 cumulative IPC: 0.2303 (Simulation time: 00 hr 07 min 16 sec)
Heartbeat CPU 0 instructions: 44500201 cycles: 152303860 heartbeat IPC: 0.2101 cumulative IPC: 0.23 (Simulation time: 00 hr 07 min 23 sec)
Heartbeat CPU 0 instructions: 45000203 cycles: 154706357 heartbeat IPC: 0.2081 cumulative IPC: 0.2296 (Simulation time: 00 hr 07 min 29 sec)
Heartbeat CPU 0 instructions: 45500203 cycles: 157105934 heartbeat IPC: 0.2084 cumulative IPC: 0.2293 (Simulation time: 00 hr 07 min 36 sec)
Heartbeat CPU 0 instructions: 46000203 cycles: 159570101 heartbeat IPC: 0.2029 cumulative IPC: 0.2289 (Simulation time: 00 hr 07 min 43 sec)
Heartbeat CPU 0 instructions: 46500207 cycles: 161979670 heartbeat IPC: 0.2075 cumulative IPC: 0.2286 (Simulation time: 00 hr 07 min 49 sec)
Heartbeat CPU 0 instructions: 47000212 cycles: 164377413 heartbeat IPC: 0.2085 cumulative IPC: 0.2283 (Simulation time: 00 hr 07 min 56 sec)
Heartbeat CPU 0 instructions: 47500212 cycles: 166804597 heartbeat IPC: 0.206 cumulative IPC: 0.2279 (Simulation time: 00 hr 08 min 03 sec)
Heartbeat CPU 0 instructions: 48000212 cycles: 169216825 heartbeat IPC: 0.2073 cumulative IPC: 0.2276 (Simulation time: 00 hr 08 min 10 sec)
Heartbeat CPU 0 instructions: 48500216 cycles: 171652381 heartbeat IPC: 0.2053 cumulative IPC: 0.2273 (Simulation time: 00 hr 08 min 16 sec)
Heartbeat CPU 0 instructions: 49000218 cycles: 174058098 heartbeat IPC: 0.2078 cumulative IPC: 0.2271 (Simulation time: 00 hr 08 min 23 sec)
Heartbeat CPU 0 instructions: 49500219 cycles: 176434923 heartbeat IPC: 0.2104 cumulative IPC: 0.2268 (Simulation time: 00 hr 08 min 30 sec)
Heartbeat CPU 0 instructions: 50000221 cycles: 178526653 heartbeat IPC: 0.239 cumulative IPC: 0.227 (Simulation time: 00 hr 08 min 36 sec)
Heartbeat CPU 0 instructions: 50500223 cycles: 180304595 heartbeat IPC: 0.2812 cumulative IPC: 0.2275 (Simulation time: 00 hr 08 min 41 sec)
Heartbeat CPU 0 instructions: 51000225 cycles: 182053465 heartbeat IPC: 0.2859 cumulative IPC: 0.2281 (Simulation time: 00 hr 08 min 46 sec)
Heartbeat CPU 0 instructions: 51500226 cycles: 183811084 heartbeat IPC: 0.2845 cumulative IPC: 0.2286 (Simulation time: 00 hr 08 min 51 sec)
Heartbeat CPU 0 instructions: 52000228 cycles: 185435994 heartbeat IPC: 0.3077 cumulative IPC: 0.2293 (Simulation time: 00 hr 08 min 55 sec)
Heartbeat CPU 0 instructions: 52500231 cycles: 187040435 heartbeat IPC: 0.3116 cumulative IPC: 0.23 (Simulation time: 00 hr 09 min 00 sec)
Heartbeat CPU 0 instructions: 53000231 cycles: 188635542 heartbeat IPC: 0.3135 cumulative IPC: 0.2308 (Simulation time: 00 hr 09 min 05 sec)
Heartbeat CPU 0 instructions: 53500232 cycles: 190160536 heartbeat IPC: 0.3279 cumulative IPC: 0.2315 (Simulation time: 00 hr 09 min 09 sec)
Heartbeat CPU 0 instructions: 54000233 cycles: 191697558 heartbeat IPC: 0.3253 cumulative IPC: 0.2323 (Simulation time: 00 hr 09 min 13 sec)
Heartbeat CPU 0 instructions: 54500233 cycles: 193168857 heartbeat IPC: 0.3398 cumulative IPC: 0.2331 (Simulation time: 00 hr 09 min 18 sec)
Heartbeat CPU 0 instructions: 55000233 cycles: 194606673 heartbeat IPC: 0.3477 cumulative IPC: 0.234 (Simulation time: 00 hr 09 min 22 sec)
Heartbeat CPU 0 instructions: 55500234 cycles: 196047175 heartbeat IPC: 0.3471 cumulative IPC: 0.2348 (Simulation time: 00 hr 09 min 26 sec)
Heartbeat CPU 0 instructions: 56000234 cycles: 197461789 heartbeat IPC: 0.3535 cumulative IPC: 0.2357 (Simulation time: 00 hr 09 min 30 sec)
Heartbeat CPU 0 instructions: 56500234 cycles: 198850918 heartbeat IPC: 0.3599 cumulative IPC: 0.2366 (Simulation time: 00 hr 09 min 34 sec)
Heartbeat CPU 0 instructions: 57000234 cycles: 200222902 heartbeat IPC: 0.3644 cumulative IPC: 0.2375 (Simulation time: 00 hr 09 min 38 sec)
Heartbeat CPU 0 instructions: 57500236 cycles: 201572816 heartbeat IPC: 0.3704 cumulative IPC: 0.2384 (Simulation time: 00 hr 09 min 42 sec)
Heartbeat CPU 0 instructions: 58000237 cycles: 202919637 heartbeat IPC: 0.3712 cumulative IPC: 0.2393 (Simulation time: 00 hr 09 min 46 sec)
Heartbeat CPU 0 instructions: 58500239 cycles: 204257315 heartbeat IPC: 0.3738 cumulative IPC: 0.2401 (Simulation time: 00 hr 09 min 50 sec)
Heartbeat CPU 0 instructions: 59000241 cycles: 205590355 heartbeat IPC: 0.3751 cumulative IPC: 0.241 (Simulation time: 00 hr 09 min 54 sec)
Heartbeat CPU 0 instructions: 59500243 cycles: 206079596 heartbeat IPC: 1.022 cumulative IPC: 0.2429 (Simulation time: 00 hr 09 min 55 sec)
Simulation finished CPU 0 instructions: 50000006 cycles: 203887637 cumulative IPC: 0.2452 (Simulation time: 00 hr 09 min 56 sec)
Simulation complete CPU 0 instructions: 50000006 cycles: 203887637 cumulative IPC: 0.2452 (Simulation time: 00 hr 09 min 56 sec)

ChampSim completed all CPUs

=== Simulation ===
CPU 0 runs traces/bfs-14.trace.gz

Region of Interest Statistics

CPU 0 cumulative IPC: 0.2452 instructions: 50000006 cycles: 203887637
CPU 0 Branch Prediction Accuracy: 78.82% MPKI: 43.94 Average ROB Occupancy at Mispredict: 3.683
Branch type MPKI
BRANCH_DIRECT_JUMP: 0.00018
BRANCH_INDIRECT: 0
BRANCH_CONDITIONAL: 43.94
BRANCH_DIRECT_CALL: 0.0004
BRANCH_INDIRECT_CALL: 0
BRANCH_RETURN: 0.00044

cpu0->cpu0_STLB TOTAL        ACCESS:      67062 HIT:      10771 MISS:      56291 MSHR_MERGE:          0
cpu0->cpu0_STLB LOAD         ACCESS:      67062 HIT:      10771 MISS:      56291 MSHR_MERGE:          0
cpu0->cpu0_STLB RFO          ACCESS:          0 HIT:          0 MISS:          0 MSHR_MERGE:          0
cpu0->cpu0_STLB PREFETCH     ACCESS:          0 HIT:          0 MISS:          0 MSHR_MERGE:          0
cpu0->cpu0_STLB WRITE        ACCESS:          0 HIT:          0 MISS:          0 MSHR_MERGE:          0
cpu0->cpu0_STLB TRANSLATION  ACCESS:          0 HIT:          0 MISS:          0 MSHR_MERGE:          0
cpu0->cpu0_STLB PREFETCH REQUESTED:          0 ISSUED:          0 USEFUL:          0 USELESS:          0
cpu0->cpu0_STLB AVERAGE MISS LATENCY: 148 cycles
cpu0->cpu0_L2C TOTAL        ACCESS:    3619925 HIT:    2380361 MISS:    1239564 MSHR_MERGE:      79821
cpu0->cpu0_L2C LOAD         ACCESS:    1698455 HIT:    1185735 MISS:     512720 MSHR_MERGE:       3011
cpu0->cpu0_L2C RFO          ACCESS:      14047 HIT:       5475 MISS:       8572 MSHR_MERGE:          0
cpu0->cpu0_L2C PREFETCH     ACCESS:    1735812 HIT:    1027199 MISS:     708613 MSHR_MERGE:      76810
cpu0->cpu0_L2C WRITE        ACCESS:     160143 HIT:     160141 MISS:          2 MSHR_MERGE:          0
cpu0->cpu0_L2C TRANSLATION  ACCESS:      11468 HIT:       1811 MISS:       9657 MSHR_MERGE:          0
cpu0->cpu0_L2C PREFETCH REQUESTED:    1735821 ISSUED:    1735812 USEFUL:     502150 USELESS:     129473
cpu0->cpu0_L2C AVERAGE MISS LATENCY: 279.3 cycles
cpu0->cpu0_L1I TOTAL        ACCESS:     243160 HIT:     243114 MISS:         46 MSHR_MERGE:          4
cpu0->cpu0_L1I LOAD         ACCESS:     243160 HIT:     243114 MISS:         46 MSHR_MERGE:          4
cpu0->cpu0_L1I RFO          ACCESS:          0 HIT:          0 MISS:          0 MSHR_MERGE:          0
cpu0->cpu0_L1I PREFETCH     ACCESS:          0 HIT:          0 MISS:          0 MSHR_MERGE:          0
cpu0->cpu0_L1I WRITE        ACCESS:          0 HIT:          0 MISS:          0 MSHR_MERGE:          0
cpu0->cpu0_L1I TRANSLATION  ACCESS:          0 HIT:          0 MISS:          0 MSHR_MERGE:          0
cpu0->cpu0_L1I PREFETCH REQUESTED:          0 ISSUED:          0 USEFUL:          0 USELESS:          0
cpu0->cpu0_L1I AVERAGE MISS LATENCY: 426.7 cycles
cpu0->cpu0_L1D TOTAL        ACCESS:   13242844 HIT:   11108585 MISS:    2134259 MSHR_MERGE:     410331
cpu0->cpu0_L1D LOAD         ACCESS:   11735161 HIT:    9696187 MISS:    2038974 MSHR_MERGE:     340561
cpu0->cpu0_L1D RFO          ACCESS:          0 HIT:          0 MISS:          0 MSHR_MERGE:          0
cpu0->cpu0_L1D PREFETCH     ACCESS:          0 HIT:          0 MISS:          0 MSHR_MERGE:          0
cpu0->cpu0_L1D WRITE        ACCESS:    1395044 HIT:    1311404 MISS:      83640 MSHR_MERGE:      69593
cpu0->cpu0_L1D TRANSLATION  ACCESS:     112639 HIT:     100994 MISS:      11645 MSHR_MERGE:        177
cpu0->cpu0_L1D PREFETCH REQUESTED:          0 ISSUED:          0 USEFUL:          0 USELESS:          0
cpu0->cpu0_L1D AVERAGE MISS LATENCY: 94.35 cycles
cpu0->cpu0_ITLB TOTAL        ACCESS:     237632 HIT:     237630 MISS:          2 MSHR_MERGE:          1
cpu0->cpu0_ITLB LOAD         ACCESS:     237632 HIT:     237630 MISS:          2 MSHR_MERGE:          1
cpu0->cpu0_ITLB RFO          ACCESS:          0 HIT:          0 MISS:          0 MSHR_MERGE:          0
cpu0->cpu0_ITLB PREFETCH     ACCESS:          0 HIT:          0 MISS:          0 MSHR_MERGE:          0
cpu0->cpu0_ITLB WRITE        ACCESS:          0 HIT:          0 MISS:          0 MSHR_MERGE:          0
cpu0->cpu0_ITLB TRANSLATION  ACCESS:          0 HIT:          0 MISS:          0 MSHR_MERGE:          0
cpu0->cpu0_ITLB PREFETCH REQUESTED:          0 ISSUED:          0 USEFUL:          0 USELESS:          0
cpu0->cpu0_ITLB AVERAGE MISS LATENCY: 496 cycles
cpu0->cpu0_DTLB TOTAL        ACCESS:   13117087 HIT:   13028995 MISS:      88092 MSHR_MERGE:      21031
cpu0->cpu0_DTLB LOAD         ACCESS:   13117087 HIT:   13028995 MISS:      88092 MSHR_MERGE:      21031
cpu0->cpu0_DTLB RFO          ACCESS:          0 HIT:          0 MISS:          0 MSHR_MERGE:          0
cpu0->cpu0_DTLB PREFETCH     ACCESS:          0 HIT:          0 MISS:          0 MSHR_MERGE:          0
cpu0->cpu0_DTLB WRITE        ACCESS:          0 HIT:          0 MISS:          0 MSHR_MERGE:          0
cpu0->cpu0_DTLB TRANSLATION  ACCESS:          0 HIT:          0 MISS:          0 MSHR_MERGE:          0
cpu0->cpu0_DTLB PREFETCH REQUESTED:          0 ISSUED:          0 USEFUL:          0 USELESS:          0
cpu0->cpu0_DTLB AVERAGE MISS LATENCY: 130.1 cycles
cpu0->LLC TOTAL        ACCESS:    1318052 HIT:     107324 MISS:    1210728 MSHR_MERGE:          4
cpu0->LLC LOAD         ACCESS:     509709 HIT:      19167 MISS:     490542 MSHR_MERGE:          0
cpu0->LLC RFO          ACCESS:       8572 HIT:        372 MISS:       8200 MSHR_MERGE:          0
cpu0->LLC PREFETCH     ACCESS:     631803 HIT:      42162 MISS:     589641 MSHR_MERGE:          4
cpu0->LLC WRITE        ACCESS:     158311 HIT:      45569 MISS:     112742 MSHR_MERGE:          0
cpu0->LLC TRANSLATION  ACCESS:       9657 HIT:         54 MISS:       9603 MSHR_MERGE:          0
cpu0->LLC PREFETCH REQUESTED:          0 ISSUED:          0 USEFUL:          0 USELESS:          0
cpu0->LLC AVERAGE MISS LATENCY: 221.5 cycles

DRAM Statistics

Channel 0 RQ ROW_BUFFER_HIT:      65976
  ROW_BUFFER_MISS:    1031986
  AVG DBUS CONGESTED CYCLE: 4.657
Channel 0 WQ ROW_BUFFER_HIT:      38853
  ROW_BUFFER_MISS:      98190
  FULL:          0
Channel 0 REFRESHES ISSUED:      16990
