[VMEM] WARNING: physical memory size is smaller than virtual memory size.

*** ChampSim Multicore Out-of-Order Simulator ***
Warmup Instructions: 10000000
Simulation Instructions: 50000000
Number of CPUs: 1
Page size: 4096
Core 0: traces/cc-14.trace.gz
Off-chip DRAM Size: 64 GiB Channels: 1 Width: 64-bit Data Rate: 800 MT/s
Heartbeat CPU 0 instructions: 500004 cycles: 151561 heartbeat IPC: 3.299 cumulative IPC: 3.299 (Simulation time: 00 hr 00 min 01 sec)
Heartbeat CPU 0 instructions: 1000005 cycles: 299548 heartbeat IPC: 3.379 cumulative IPC: 3.338 (Simulation time: 00 hr 00 min 02 sec)
Heartbeat CPU 0 instructions: 1500005 cycles: 447179 heartbeat IPC: 3.387 cumulative IPC: 3.354 (Simulation time: 00 hr 00 min 03 sec)
Heartbeat CPU 0 instructions: 2000009 cycles: 557320 heartbeat IPC: 4.54 cumulative IPC: 3.589 (Simulation time: 00 hr 00 min 04 sec)
Heartbeat CPU 0 instructions: 2500011 cycles: 660479 heartbeat IPC: 4.847 cumulative IPC: 3.785 (Simulation time: 00 hr 00 min 05 sec)
Heartbeat CPU 0 instructions: 3000015 cycles: 763842 heartbeat IPC: 4.837 cumulative IPC: 3.928 (Simulation time: 00 hr 00 min 06 sec)
Heartbeat CPU 0 instructions: 3500022 cycles: 867303 heartbeat IPC: 4.833 cumulative IPC: 4.036 (Simulation time: 00 hr 00 min 07 sec)
Heartbeat CPU 0 instructions: 4000027 cycles: 970659 heartbeat IPC: 4.838 cumulative IPC: 4.121 (Simulation time: 00 hr 00 min 07 sec)
Heartbeat CPU 0 instructions: 4500032 cycles: 1074118 heartbeat IPC: 4.833 cumulative IPC: 4.19 (Simulation time: 00 hr 00 min 08 sec)
Heartbeat CPU 0 instructions: 5000038 cycles: 1177793 heartbeat IPC: 4.823 cumulative IPC: 4.245 (Simulation time: 00 hr 00 min 09 sec)
Heartbeat CPU 0 instructions: 5500042 cycles: 1281369 heartbeat IPC: 4.827 cumulative IPC: 4.292 (Simulation time: 00 hr 00 min 10 sec)
Heartbeat CPU 0 instructions: 6000044 cycles: 1384717 heartbeat IPC: 4.838 cumulative IPC: 4.333 (Simulation time: 00 hr 00 min 11 sec)
Heartbeat CPU 0 instructions: 6500048 cycles: 1488316 heartbeat IPC: 4.826 cumulative IPC: 4.367 (Simulation time: 00 hr 00 min 12 sec)
Heartbeat CPU 0 instructions: 7000054 cycles: 1591910 heartbeat IPC: 4.827 cumulative IPC: 4.397 (Simulation time: 00 hr 00 min 13 sec)
Heartbeat CPU 0 instructions: 7500058 cycles: 1695127 heartbeat IPC: 4.844 cumulative IPC: 4.424 (Simulation time: 00 hr 00 min 14 sec)
Heartbeat CPU 0 instructions: 8000063 cycles: 1798727 heartbeat IPC: 4.826 cumulative IPC: 4.448 (Simulation time: 00 hr 00 min 15 sec)
Heartbeat CPU 0 instructions: 8500068 cycles: 1902269 heartbeat IPC: 4.829 cumulative IPC: 4.468 (Simulation time: 00 hr 00 min 16 sec)
Heartbeat CPU 0 instructions: 9000070 cycles: 2005872 heartbeat IPC: 4.826 cumulative IPC: 4.487 (Simulation time: 00 hr 00 min 17 sec)
Heartbeat CPU 0 instructions: 9500073 cycles: 2109343 heartbeat IPC: 4.832 cumulative IPC: 4.504 (Simulation time: 00 hr 00 min 18 sec)
Warmup finished CPU 0 instructions: 10000005 cycles: 2212802 cumulative IPC: 4.519 (Simulation time: 00 hr 00 min 19 sec)
Warmup complete CPU 0 instructions: 10000005 cycles: 2212802 cumulative IPC: 4.519 (Simulation time: 00 hr 00 min 19 sec)
Heartbeat CPU 0 instructions: 10000075 cycles: 2212851 heartbeat IPC: 4.831 cumulative IPC: 1.429 (Simulation time: 00 hr 00 min 19 sec)
Heartbeat CPU 0 instructions: 10500077 cycles: 3496129 heartbeat IPC: 0.3896 cumulative IPC: 0.3897 (Simulation time: 00 hr 00 min 23 sec)
Heartbeat CPU 0 instructions: 11000082 cycles: 4719162 heartbeat IPC: 0.4088 cumulative IPC: 0.399 (Simulation time: 00 hr 00 min 27 sec)
Heartbeat CPU 0 instructions: 11500083 cycles: 5962124 heartbeat IPC: 0.4023 cumulative IPC: 0.4001 (Simulation time: 00 hr 00 min 31 sec)
Heartbeat CPU 0 instructions: 12000085 cycles: 7229747 heartbeat IPC: 0.3944 cumulative IPC: 0.3987 (Simulation time: 00 hr 00 min 35 sec)
Heartbeat CPU 0 instructions: 12500087 cycles: 8341751 heartbeat IPC: 0.4496 cumulative IPC: 0.4079 (Simulation time: 00 hr 00 min 39 sec)
Heartbeat CPU 0 instructions: 13000087 cycles: 9538171 heartbeat IPC: 0.4179 cumulative IPC: 0.4095 (Simulation time: 00 hr 00 min 43 sec)
Heartbeat CPU 0 instructions: 13500087 cycles: 10684507 heartbeat IPC: 0.4362 cumulative IPC: 0.4131 (Simulation time: 00 hr 00 min 47 sec)
Heartbeat CPU 0 instructions: 14000087 cycles: 11919595 heartbeat IPC: 0.4048 cumulative IPC: 0.4121 (Simulation time: 00 hr 00 min 51 sec)
Heartbeat CPU 0 instructions: 14500087 cycles: 13162143 heartbeat IPC: 0.4024 cumulative IPC: 0.411 (Simulation time: 00 hr 00 min 55 sec)
Heartbeat CPU 0 instructions: 15000087 cycles: 14502096 heartbeat IPC: 0.3731 cumulative IPC: 0.4069 (Simulation time: 00 hr 00 min 59 sec)
Heartbeat CPU 0 instructions: 15500088 cycles: 15759166 heartbeat IPC: 0.3978 cumulative IPC: 0.406 (Simulation time: 00 hr 01 min 03 sec)
Heartbeat CPU 0 instructions: 16000088 cycles: 16979099 heartbeat IPC: 0.4099 cumulative IPC: 0.4063 (Simulation time: 00 hr 01 min 07 sec)
Heartbeat CPU 0 instructions: 16500089 cycles: 18246553 heartbeat IPC: 0.3945 cumulative IPC: 0.4054 (Simulation time: 00 hr 01 min 11 sec)
Heartbeat CPU 0 instructions: 17000094 cycles: 19490414 heartbeat IPC: 0.402 cumulative IPC: 0.4052 (Simulation time: 00 hr 01 min 16 sec)
Heartbeat CPU 0 instructions: 17500094 cycles: 20691299 heartbeat IPC: 0.4164 cumulative IPC: 0.4059 (Simulation time: 00 hr 01 min 20 sec)
Heartbeat CPU 0 instructions: 18000096 cycles: 21911299 heartbeat IPC: 0.4098 cumulative IPC: 0.4061 (Simulation time: 00 hr 01 min 24 sec)
Heartbeat CPU 0 instructions: 18500096 cycles: 23083389 heartbeat IPC: 0.4266 cumulative IPC: 0.4073 (Simulation time: 00 hr 01 min 28 sec)
Heartbeat CPU 0 instructions: 19000098 cycles: 24259813 heartbeat IPC: 0.425 cumulative IPC: 0.4082 (Simulation time: 00 hr 01 min 32 sec)
Heartbeat CPU 0 instructions: 19500099 cycles: 25320362 heartbeat IPC: 0.4715 cumulative IPC: 0.4111 (Simulation time: 00 hr 01 min 36 sec)
Heartbeat CPU 0 instructions: 20000099 cycles: 26443632 heartbeat IPC: 0.4451 cumulative IPC: 0.4127 (Simulation time: 00 hr 01 min 40 sec)
Heartbeat CPU 0 instructions: 20500100 cycles: 27537470 heartbeat IPC: 0.4571 cumulative IPC: 0.4146 (Simulation time: 00 hr 01 min 43 sec)
Heartbeat CPU 0 instructions: 21000101 cycles: 28792608 heartbeat IPC: 0.3984 cumulative IPC: 0.4139 (Simulation time: 00 hr 01 min 48 sec)
Heartbeat CPU 0 instructions: 21500101 cycles: 30031397 heartbeat IPC: 0.4036 cumulative IPC: 0.4134 (Simulation time: 00 hr 01 min 52 sec)
Heartbeat CPU 0 instructions: 22000104 cycles: 31190078 heartbeat IPC: 0.4315 cumulative IPC: 0.4141 (Simulation time: 00 hr 01 min 56 sec)
Heartbeat CPU 0 instructions: 22500104 cycles: 32345165 heartbeat IPC: 0.4329 cumulative IPC: 0.4148 (Simulation time: 00 hr 02 min 00 sec)
Heartbeat CPU 0 instructions: 23000106 cycles: 33479112 heartbeat IPC: 0.4409 cumulative IPC: 0.4158 (Simulation time: 00 hr 02 min 04 sec)
Heartbeat CPU 0 instructions: 23500108 cycles: 34585545 heartbeat IPC: 0.4519 cumulative IPC: 0.417 (Simulation time: 00 hr 02 min 07 sec)
Heartbeat CPU 0 instructions: 24000114 cycles: 35660954 heartbeat IPC: 0.4649 cumulative IPC: 0.4186 (Simulation time: 00 hr 02 min 11 sec)
Heartbeat CPU 0 instructions: 24500114 cycles: 36747476 heartbeat IPC: 0.4602 cumulative IPC: 0.4199 (Simulation time: 00 hr 02 min 15 sec)
Heartbeat CPU 0 instructions: 25000120 cycles: 37794546 heartbeat IPC: 0.4775 cumulative IPC: 0.4216 (Simulation time: 00 hr 02 min 19 sec)
Heartbeat CPU 0 instructions: 25500120 cycles: 38884737 heartbeat IPC: 0.4586 cumulative IPC: 0.4227 (Simulation time: 00 hr 02 min 23 sec)
Heartbeat CPU 0 instructions: 26000124 cycles: 40087910 heartbeat IPC: 0.4156 cumulative IPC: 0.4224 (Simulation time: 00 hr 02 min 27 sec)
Heartbeat CPU 0 instructions: 26500130 cycles: 41357599 heartbeat IPC: 0.3938 cumulative IPC: 0.4215 (Simulation time: 00 hr 02 min 31 sec)
Heartbeat CPU 0 instructions: 27000130 cycles: 42451447 heartbeat IPC: 0.4571 cumulative IPC: 0.4225 (Simulation time: 00 hr 02 min 35 sec)
Heartbeat CPU 0 instructions: 27500133 cycles: 43734278 heartbeat IPC: 0.3898 cumulative IPC: 0.4215 (Simulation time: 00 hr 02 min 39 sec)
Heartbeat CPU 0 instructions: 28000134 cycles: 44782021 heartbeat IPC: 0.4772 cumulative IPC: 0.4228 (Simulation time: 00 hr 02 min 43 sec)
Heartbeat CPU 0 instructions: 28500135 cycles: 45768250 heartbeat IPC: 0.507 cumulative IPC: 0.4247 (Simulation time: 00 hr 02 min 46 sec)
Heartbeat CPU 0 instructions: 29000138 cycles: 46811200 heartbeat IPC: 0.4794 cumulative IPC: 0.426 (Simulation time: 00 hr 02 min 50 sec)
Heartbeat CPU 0 instructions: 29500139 cycles: 47895405 heartbeat IPC: 0.4612 cumulative IPC: 0.4269 (Simulation time: 00 hr 02 min 54 sec)
Heartbeat CPU 0 instructions: 30000140 cycles: 48965433 heartbeat IPC: 0.4673 cumulative IPC: 0.4278 (Simulation time: 00 hr 02 min 58 sec)
Heartbeat CPU 0 instructions: 30500141 cycles: 50188714 heartbeat IPC: 0.4087 cumulative IPC: 0.4273 (Simulation time: 00 hr 03 min 02 sec)
Heartbeat CPU 0 instructions: 31000142 cycles: 51326461 heartbeat IPC: 0.4395 cumulative IPC: 0.4276 (Simulation time: 00 hr 03 min 06 sec)
Heartbeat CPU 0 instructions: 31500144 cycles: 52448477 heartbeat IPC: 0.4456 cumulative IPC: 0.428 (Simulation time: 00 hr 03 min 10 sec)
Heartbeat CPU 0 instructions: 32000147 cycles: 53470426 heartbeat IPC: 0.4893 cumulative IPC: 0.4292 (Simulation time: 00 hr 03 min 13 sec)
Heartbeat CPU 0 instructions: 32500149 cycles: 54606058 heartbeat IPC: 0.4403 cumulative IPC: 0.4294 (Simulation time: 00 hr 03 min 17 sec)
Heartbeat CPU 0 instructions: 33000149 cycles: 55617903 heartbeat IPC: 0.4941 cumulative IPC: 0.4307 (Simulation time: 00 hr 03 min 21 sec)
Heartbeat CPU 0 instructions: 33500149 cycles: 56715322 heartbeat IPC: 0.4556 cumulative IPC: 0.4312 (Simulation time: 00 hr 03 min 25 sec)
Heartbeat CPU 0 instructions: 34000152 cycles: 57877620 heartbeat IPC: 0.4302 cumulative IPC: 0.4312 (Simulation time: 00 hr 03 min 29 sec)
Heartbeat CPU 0 instructions: 34500153 cycles: 58908138 heartbeat IPC: 0.4852 cumulative IPC: 0.4321 (Simulation time: 00 hr 03 min 33 sec)
Heartbeat CPU 0 instructions: 35000156 cycles: 59928353 heartbeat IPC: 0.4901 cumulative IPC: 0.4332 (Simulation time: 00 hr 03 min 36 sec)
Heartbeat CPU 0 instructions: 35500161 cycles: 61009451 heartbeat IPC: 0.4625 cumulative IPC: 0.4337 (Simulation time: 00 hr 03 min 40 sec)
Heartbeat CPU 0 instructions: 36000162 cycles: 62173572 heartbeat IPC: 0.4295 cumulative IPC: 0.4336 (Simulation time: 00 hr 03 min 44 sec)
Heartbeat CPU 0 instructions: 36500166 cycles: 63320549 heartbeat IPC: 0.4359 cumulative IPC: 0.4337 (Simulation time: 00 hr 03 min 48 sec)
Heartbeat CPU 0 instructions: 37000166 cycles: 64362174 heartbeat IPC: 0.48 cumulative IPC: 0.4344 (Simulation time: 00 hr 03 min 52 sec)
Heartbeat CPU 0 instructions: 37500168 cycles: 65439350 heartbeat IPC: 0.4642 cumulative IPC: 0.4349 (Simulation time: 00 hr 03 min 56 sec)
Heartbeat CPU 0 instructions: 38000168 cycles: 66531578 heartbeat IPC: 0.4578 cumulative IPC: 0.4353 (Simulation time: 00 hr 04 min 00 sec)
Heartbeat CPU 0 instructions: 38500171 cycles: 67734498 heartbeat IPC: 0.4157 cumulative IPC: 0.435 (Simulation time: 00 hr 04 min 04 sec)
Heartbeat CPU 0 instructions: 39000172 cycles: 68901422 heartbeat IPC: 0.4285 cumulative IPC: 0.4349 (Simulation time: 00 hr 04 min 08 sec)
Heartbeat CPU 0 instructions: 39500173 cycles: 70031205 heartbeat IPC: 0.4426 cumulative IPC: 0.435 (Simulation time: 00 hr 04 min 12 sec)
Heartbeat CPU 0 instructions: 40000175 cycles: 71047736 heartbeat IPC: 0.4919 cumulative IPC: 0.4358 (Simulation time: 00 hr 04 min 15 sec)
Heartbeat CPU 0 instructions: 40500175 cycles: 72140057 heartbeat IPC: 0.4577 cumulative IPC: 0.4362 (Simulation time: 00 hr 04 min 19 sec)
Heartbeat CPU 0 instructions: 41000175 cycles: 73308059 heartbeat IPC: 0.4281 cumulative IPC: 0.436 (Simulation time: 00 hr 04 min 23 sec)
Heartbeat CPU 0 instructions: 41500175 cycles: 74467716 heartbeat IPC: 0.4312 cumulative IPC: 0.436 (Simulation time: 00 hr 04 min 27 sec)
Heartbeat CPU 0 instructions: 42000180 cycles: 75614626 heartbeat IPC: 0.436 cumulative IPC: 0.436 (Simulation time: 00 hr 04 min 31 sec)
Heartbeat CPU 0 instructions: 42500186 cycles: 76783595 heartbeat IPC: 0.4277 cumulative IPC: 0.4358 (Simulation time: 00 hr 04 min 35 sec)
Heartbeat CPU 0 instructions: 43000188 cycles: 78014705 heartbeat IPC: 0.4061 cumulative IPC: 0.4353 (Simulation time: 00 hr 04 min 39 sec)
Heartbeat CPU 0 instructions: 43500191 cycles: 79141845 heartbeat IPC: 0.4436 cumulative IPC: 0.4355 (Simulation time: 00 hr 04 min 43 sec)
Heartbeat CPU 0 instructions: 44000192 cycles: 80302552 heartbeat IPC: 0.4308 cumulative IPC: 0.4354 (Simulation time: 00 hr 04 min 47 sec)
Heartbeat CPU 0 instructions: 44500192 cycles: 81436667 heartbeat IPC: 0.4409 cumulative IPC: 0.4355 (Simulation time: 00 hr 04 min 51 sec)
Heartbeat CPU 0 instructions: 45000198 cycles: 82493794 heartbeat IPC: 0.473 cumulative IPC: 0.436 (Simulation time: 00 hr 04 min 55 sec)
Heartbeat CPU 0 instructions: 45500198 cycles: 83599406 heartbeat IPC: 0.4522 cumulative IPC: 0.4362 (Simulation time: 00 hr 04 min 59 sec)
Heartbeat CPU 0 instructions: 46000198 cycles: 84655399 heartbeat IPC: 0.4735 cumulative IPC: 0.4367 (Simulation time: 00 hr 05 min 03 sec)
Heartbeat CPU 0 instructions: 46500199 cycles: 85629569 heartbeat IPC: 0.5133 cumulative IPC: 0.4376 (Simulation time: 00 hr 05 min 06 sec)
Heartbeat CPU 0 instructions: 47000201 cycles: 86663593 heartbeat IPC: 0.4835 cumulative IPC: 0.4381 (Simulation time: 00 hr 05 min 10 sec)
Heartbeat CPU 0 instructions: 47500201 cycles: 87639310 heartbeat IPC: 0.5124 cumulative IPC: 0.439 (Simulation time: 00 hr 05 min 14 sec)
Heartbeat CPU 0 instructions: 48000203 cycles: 88601909 heartbeat IPC: 0.5194 cumulative IPC: 0.4399 (Simulation time: 00 hr 05 min 17 sec)
Heartbeat CPU 0 instructions: 48500204 cycles: 89626180 heartbeat IPC: 0.4882 cumulative IPC: 0.4404 (Simulation time: 00 hr 05 min 21 sec)
Heartbeat CPU 0 instructions: 49000208 cycles: 90704972 heartbeat IPC: 0.4635 cumulative IPC: 0.4407 (Simulation time: 00 hr 05 min 25 sec)
Heartbeat CPU 0 instructions: 49500209 cycles: 91730055 heartbeat IPC: 0.4878 cumulative IPC: 0.4413 (Simulation time: 00 hr 05 min 29 sec)
Heartbeat CPU 0 instructions: 50000209 cycles: 92832663 heartbeat IPC: 0.4535 cumulative IPC: 0.4414 (Simulation time: 00 hr 05 min 33 sec)
Heartbeat CPU 0 instructions: 50500210 cycles: 93940916 heartbeat IPC: 0.4512 cumulative IPC: 0.4415 (Simulation time: 00 hr 05 min 36 sec)
Heartbeat CPU 0 instructions: 51000213 cycles: 94981750 heartbeat IPC: 0.4804 cumulative IPC: 0.442 (Simulation time: 00 hr 05 min 40 sec)
Heartbeat CPU 0 instructions: 51500216 cycles: 96062608 heartbeat IPC: 0.4626 cumulative IPC: 0.4422 (Simulation time: 00 hr 05 min 44 sec)
Heartbeat CPU 0 instructions: 52000217 cycles: 97057361 heartbeat IPC: 0.5026 cumulative IPC: 0.4428 (Simulation time: 00 hr 05 min 48 sec)
Heartbeat CPU 0 instructions: 52500217 cycles: 98113612 heartbeat IPC: 0.4734 cumulative IPC: 0.4432 (Simulation time: 00 hr 05 min 52 sec)
Heartbeat CPU 0 instructions: 53000217 cycles: 99169660 heartbeat IPC: 0.4735 cumulative IPC: 0.4435 (Simulation time: 00 hr 05 min 56 sec)
Heartbeat CPU 0 instructions: 53500218 cycles: 100197357 heartbeat IPC: 0.4865 cumulative IPC: 0.4439 (Simulation time: 00 hr 05 min 59 sec)
Heartbeat CPU 0 instructions: 54000218 cycles: 101318552 heartbeat IPC: 0.446 cumulative IPC: 0.444 (Simulation time: 00 hr 06 min 03 sec)
Heartbeat CPU 0 instructions: 54500221 cycles: 102309215 heartbeat IPC: 0.5047 cumulative IPC: 0.4446 (Simulation time: 00 hr 06 min 07 sec)
Heartbeat CPU 0 instructions: 55000221 cycles: 103369321 heartbeat IPC: 0.4717 cumulative IPC: 0.4449 (Simulation time: 00 hr 06 min 11 sec)
Heartbeat CPU 0 instructions: 55500221 cycles: 104439953 heartbeat IPC: 0.467 cumulative IPC: 0.4451 (Simulation time: 00 hr 06 min 15 sec)
Heartbeat CPU 0 instructions: 56000221 cycles: 105637478 heartbeat IPC: 0.4175 cumulative IPC: 0.4448 (Simulation time: 00 hr 06 min 19 sec)
Heartbeat CPU 0 instructions: 56500223 cycles: 106774954 heartbeat IPC: 0.4396 cumulative IPC: 0.4447 (Simulation time: 00 hr 06 min 23 sec)
Heartbeat CPU 0 instructions: 57000224 cycles: 107842874 heartbeat IPC: 0.4682 cumulative IPC: 0.445 (Simulation time: 00 hr 06 min 27 sec)
Heartbeat CPU 0 instructions: 57500224 cycles: 108866511 heartbeat IPC: 0.4885 cumulative IPC: 0.4454 (Simulation time: 00 hr 06 min 31 sec)
Heartbeat CPU 0 instructions: 58000224 cycles: 110037085 heartbeat IPC: 0.4271 cumulative IPC: 0.4452 (Simulation time: 00 hr 06 min 35 sec)
Heartbeat CPU 0 instructions: 58500224 cycles: 111186461 heartbeat IPC: 0.435 cumulative IPC: 0.4451 (Simulation time: 00 hr 06 min 39 sec)
Heartbeat CPU 0 instructions: 59000224 cycles: 112243462 heartbeat IPC: 0.473 cumulative IPC: 0.4453 (Simulation time: 00 hr 06 min 42 sec)
Heartbeat CPU 0 instructions: 59500225 cycles: 113524643 heartbeat IPC: 0.3903 cumulative IPC: 0.4447 (Simulation time: 00 hr 06 min 47 sec)
Simulation finished CPU 0 instructions: 50000006 cycles: 112358709 cumulative IPC: 0.445 (Simulation time: 00 hr 06 min 51 sec)
Simulation complete CPU 0 instructions: 50000006 cycles: 112358709 cumulative IPC: 0.445 (Simulation time: 00 hr 06 min 51 sec)

ChampSim completed all CPUs

=== Simulation ===
CPU 0 runs traces/cc-14.trace.gz

Region of Interest Statistics

CPU 0 cumulative IPC: 0.445 instructions: 50000006 cycles: 112358709
CPU 0 Branch Prediction Accuracy: 91.01% MPKI: 17.9 Average ROB Occupancy at Mispredict: 33.18
Branch type MPKI
BRANCH_DIRECT_JUMP: 0
BRANCH_INDIRECT: 0
BRANCH_CONDITIONAL: 17.9
BRANCH_DIRECT_CALL: 0
BRANCH_INDIRECT_CALL: 0
BRANCH_RETURN: 0

cpu0->cpu0_STLB TOTAL        ACCESS:    2366191 HIT:    2362628 MISS:       3563 MSHR_MERGE:          0
cpu0->cpu0_STLB LOAD         ACCESS:    2366191 HIT:    2362628 MISS:       3563 MSHR_MERGE:          0
cpu0->cpu0_STLB RFO          ACCESS:          0 HIT:          0 MISS:          0 MSHR_MERGE:          0
cpu0->cpu0_STLB PREFETCH     ACCESS:          0 HIT:          0 MISS:          0 MSHR_MERGE:          0
cpu0->cpu0_STLB WRITE        ACCESS:          0 HIT:          0 MISS:          0 MSHR_MERGE:          0
cpu0->cpu0_STLB TRANSLATION  ACCESS:          0 HIT:          0 MISS:          0 MSHR_MERGE:          0
cpu0->cpu0_STLB PREFETCH REQUESTED:          0 ISSUED:          0 USEFUL:          0 USELESS:          0
cpu0->cpu0_STLB AVERAGE MISS LATENCY: 254.7 cycles
cpu0->cpu0_L2C TOTAL        ACCESS:    4899236 HIT:    3720522 MISS:    1178714 MSHR_MERGE:      43577
cpu0->cpu0_L2C LOAD         ACCESS:    3621500 HIT:    2715494 MISS:     906006 MSHR_MERGE:        545
cpu0->cpu0_L2C RFO          ACCESS:          0 HIT:          0 MISS:          0 MSHR_MERGE:          0
cpu0->cpu0_L2C PREFETCH     ACCESS:    1069789 HIT:     797534 MISS:     272255 MSHR_MERGE:      43032
cpu0->cpu0_L2C WRITE        ACCESS:     204546 HIT:     204545 MISS:          1 MSHR_MERGE:          0
cpu0->cpu0_L2C TRANSLATION  ACCESS:       3401 HIT:       2949 MISS:        452 MSHR_MERGE:          0
cpu0->cpu0_L2C PREFETCH REQUESTED:    1069789 ISSUED:    1069789 USEFUL:     214477 USELESS:      16224
cpu0->cpu0_L2C AVERAGE MISS LATENCY: 100.3 cycles
cpu0->cpu0_L1I TOTAL        ACCESS:      80365 HIT:      80365 MISS:          0 MSHR_MERGE:          0
cpu0->cpu0_L1I LOAD         ACCESS:      80365 HIT:      80365 MISS:          0 MSHR_MERGE:          0
cpu0->cpu0_L1I RFO          ACCESS:          0 HIT:          0 MISS:          0 MSHR_MERGE:          0
cpu0->cpu0_L1I PREFETCH     ACCESS:          0 HIT:          0 MISS:          0 MSHR_MERGE:          0
cpu0->cpu0_L1I WRITE        ACCESS:          0 HIT:          0 MISS:          0 MSHR_MERGE:          0
cpu0->cpu0_L1I TRANSLATION  ACCESS:          0 HIT:          0 MISS:          0 MSHR_MERGE:          0
cpu0->cpu0_L1I PREFETCH REQUESTED:          0 ISSUED:          0 USEFUL:          0 USELESS:          0
cpu0->cpu0_L1I AVERAGE MISS LATENCY: - cycles
cpu0->cpu0_L1D TOTAL        ACCESS:   13044013 HIT:    9045029 MISS:    3998984 MSHR_MERGE:     374083
cpu0->cpu0_L1D LOAD         ACCESS:   12799377 HIT:    8803794 MISS:    3995583 MSHR_MERGE:     374083
cpu0->cpu0_L1D RFO          ACCESS:          0 HIT:          0 MISS:          0 MSHR_MERGE:          0
cpu0->cpu0_L1D PREFETCH     ACCESS:          0 HIT:          0 MISS:          0 MSHR_MERGE:          0
cpu0->cpu0_L1D WRITE        ACCESS:     237503 HIT:     237503 MISS:          0 MSHR_MERGE:          0
cpu0->cpu0_L1D TRANSLATION  ACCESS:       7133 HIT:       3732 MISS:       3401 MSHR_MERGE:          0
cpu0->cpu0_L1D PREFETCH REQUESTED:          0 ISSUED:          0 USEFUL:          0 USELESS:          0
cpu0->cpu0_L1D AVERAGE MISS LATENCY: 33.47 cycles
cpu0->cpu0_ITLB TOTAL        ACCESS:      77038 HIT:      77038 MISS:          0 MSHR_MERGE:          0
cpu0->cpu0_ITLB LOAD         ACCESS:      77038 HIT:      77038 MISS:          0 MSHR_MERGE:          0
cpu0->cpu0_ITLB RFO          ACCESS:          0 HIT:          0 MISS:          0 MSHR_MERGE:          0
cpu0->cpu0_ITLB PREFETCH     ACCESS:          0 HIT:          0 MISS:          0 MSHR_MERGE:          0
cpu0->cpu0_ITLB WRITE        ACCESS:          0 HIT:          0 MISS:          0 MSHR_MERGE:          0
cpu0->cpu0_ITLB TRANSLATION  ACCESS:          0 HIT:          0 MISS:          0 MSHR_MERGE:          0
cpu0->cpu0_ITLB PREFETCH REQUESTED:          0 ISSUED:          0 USEFUL:          0 USELESS:          0
cpu0->cpu0_ITLB AVERAGE MISS LATENCY: - cycles
cpu0->cpu0_DTLB TOTAL        ACCESS:   13036659 HIT:   10269460 MISS:    2767199 MSHR_MERGE:     401009
cpu0->cpu0_DTLB LOAD         ACCESS:   13036659 HIT:   10269460 MISS:    2767199 MSHR_MERGE:     401009
cpu0->cpu0_DTLB RFO          ACCESS:          0 HIT:          0 MISS:          0 MSHR_MERGE:          0
cpu0->cpu0_DTLB PREFETCH     ACCESS:          0 HIT:          0 MISS:          0 MSHR_MERGE:          0
cpu0->cpu0_DTLB WRITE        ACCESS:          0 HIT:          0 MISS:          0 MSHR_MERGE:          0
cpu0->cpu0_DTLB TRANSLATION  ACCESS:          0 HIT:          0 MISS:          0 MSHR_MERGE:          0
cpu0->cpu0_DTLB PREFETCH REQUESTED:          0 ISSUED:          0 USEFUL:          0 USELESS:          0
cpu0->cpu0_DTLB AVERAGE MISS LATENCY: 5.392 cycles
cpu0->LLC TOTAL        ACCESS:    1324551 HIT:     788176 MISS:     536375 MSHR_MERGE:          0
cpu0->LLC LOAD         ACCESS:     905461 HIT:     642488 MISS:     262973 MSHR_MERGE:          0
cpu0->LLC RFO          ACCESS:          0 HIT:          0 MISS:          0 MSHR_MERGE:          0
cpu0->LLC PREFETCH     ACCESS:     229223 HIT:      14307 MISS:     214916 MSHR_MERGE:          0
cpu0->LLC WRITE        ACCESS:     189415 HIT:     131381 MISS:      58034 MSHR_MERGE:          0
cpu0->LLC TRANSLATION  ACCESS:        452 HIT:          0 MISS:        452 MSHR_MERGE:          0
cpu0->LLC PREFETCH REQUESTED:          0 ISSUED:          0 USEFUL:          0 USELESS:          0
cpu0->LLC AVERAGE MISS LATENCY: 223 cycles

DRAM Statistics

Channel 0 RQ ROW_BUFFER_HIT:       1383
  ROW_BUFFER_MISS:     476905
  AVG DBUS CONGESTED CYCLE: 4.709
Channel 0 WQ ROW_BUFFER_HIT:      17925
  ROW_BUFFER_MISS:      59786
  FULL:          0
Channel 0 REFRESHES ISSUED:       9363
