[VMEM] WARNING: physical memory size is smaller than virtual memory size.

*** ChampSim Multicore Out-of-Order Simulator ***
Warmup Instructions: 10000000
Simulation Instructions: 50000000
Number of CPUs: 1
Page size: 4096
Core 0: traces/charlie_0002.champsim.gz
Off-chip DRAM Size: 64 GiB Channels: 1 Width: 64-bit Data Rate: 800 MT/s
[BTB] WARNING: target of return is a lower address than the corresponding call. This is usually a problem with your trace.
[BTB] WARNING: target of return is a lower address than the corresponding call. This is usually a problem with your trace.
[BTB] WARNING: target of return is a lower address than the corresponding call. This is usually a problem with your trace.
[BTB] WARNING: target of return is a lower address than the corresponding call. This is usually a problem with your trace.
[BTB] WARNING: target of return is a lower address than the corresponding call. This is usually a problem with your trace.
Heartbeat CPU 0 instructions: 500003 cycles: 264624 heartbeat IPC: 1.889 cumulative IPC: 1.889 (Simulation time: 00 hr 00 min 02 sec)
[BTB] WARNING: target of return is a lower address than the corresponding call. This is usually a problem with your trace.
Heartbeat CPU 0 instructions: 1000004 cycles: 477328 heartbeat IPC: 2.351 cumulative IPC: 2.095 (Simulation time: 00 hr 00 min 04 sec)
Heartbeat CPU 0 instructions: 1500010 cycles: 665131 heartbeat IPC: 2.662 cumulative IPC: 2.255 (Simulation time: 00 hr 00 min 06 sec)
[BTB] WARNING: target of return is a lower address than the corresponding call. This is usually a problem with your trace.
[BTB] WARNING: target of return is a lower address than the corresponding call. This is usually a problem with your trace.
Heartbeat CPU 0 instructions: 2000014 cycles: 845008 heartbeat IPC: 2.78 cumulative IPC: 2.367 (Simulation time: 00 hr 00 min 07 sec)
[BTB] WARNING: target of return is a lower address than the corresponding call. This is usually a problem with your trace.
[BTB] WARNING: target of return is a lower address than the corresponding call. This is usually a problem with your trace.
Heartbeat CPU 0 instructions: 2500019 cycles: 1029397 heartbeat IPC: 2.712 cumulative IPC: 2.429 (Simulation time: 00 hr 00 min 09 sec)
Heartbeat CPU 0 instructions: 3000025 cycles: 1183700 heartbeat IPC: 3.24 cumulative IPC: 2.534 (Simulation time: 00 hr 00 min 11 sec)
Heartbeat CPU 0 instructions: 3500031 cycles: 1331243 heartbeat IPC: 3.389 cumulative IPC: 2.629 (Simulation time: 00 hr 00 min 12 sec)
Heartbeat CPU 0 instructions: 4000037 cycles: 1470010 heartbeat IPC: 3.603 cumulative IPC: 2.721 (Simulation time: 00 hr 00 min 13 sec)
Heartbeat CPU 0 instructions: 4500042 cycles: 1624402 heartbeat IPC: 3.239 cumulative IPC: 2.77 (Simulation time: 00 hr 00 min 15 sec)
Heartbeat CPU 0 instructions: 5000047 cycles: 1771547 heartbeat IPC: 3.398 cumulative IPC: 2.822 (Simulation time: 00 hr 00 min 16 sec)
Heartbeat CPU 0 instructions: 5500050 cycles: 1942210 heartbeat IPC: 2.93 cumulative IPC: 2.832 (Simulation time: 00 hr 00 min 18 sec)
Heartbeat CPU 0 instructions: 6000052 cycles: 2107891 heartbeat IPC: 3.018 cumulative IPC: 2.846 (Simulation time: 00 hr 00 min 19 sec)
Heartbeat CPU 0 instructions: 6500057 cycles: 2285361 heartbeat IPC: 2.817 cumulative IPC: 2.844 (Simulation time: 00 hr 00 min 21 sec)
Heartbeat CPU 0 instructions: 7000058 cycles: 2435179 heartbeat IPC: 3.337 cumulative IPC: 2.875 (Simulation time: 00 hr 00 min 23 sec)
Heartbeat CPU 0 instructions: 7500058 cycles: 2589165 heartbeat IPC: 3.247 cumulative IPC: 2.897 (Simulation time: 00 hr 00 min 24 sec)
Heartbeat CPU 0 instructions: 8000062 cycles: 2740073 heartbeat IPC: 3.313 cumulative IPC: 2.92 (Simulation time: 00 hr 00 min 25 sec)
Heartbeat CPU 0 instructions: 8500063 cycles: 2841025 heartbeat IPC: 4.953 cumulative IPC: 2.992 (Simulation time: 00 hr 00 min 26 sec)
Heartbeat CPU 0 instructions: 9000069 cycles: 2941241 heartbeat IPC: 4.989 cumulative IPC: 3.06 (Simulation time: 00 hr 00 min 27 sec)
Heartbeat CPU 0 instructions: 9500076 cycles: 3041476 heartbeat IPC: 4.988 cumulative IPC: 3.124 (Simulation time: 00 hr 00 min 28 sec)
Warmup finished CPU 0 instructions: 10000000 cycles: 3164087 cumulative IPC: 3.16 (Simulation time: 00 hr 00 min 29 sec)
Warmup complete CPU 0 instructions: 10000000 cycles: 3164087 cumulative IPC: 3.16 (Simulation time: 00 hr 00 min 29 sec)
Heartbeat CPU 0 instructions: 10000077 cycles: 3167195 heartbeat IPC: 3.977 cumulative IPC: 0.02477 (Simulation time: 00 hr 00 min 29 sec)
Heartbeat CPU 0 instructions: 10500078 cycles: 5738519 heartbeat IPC: 0.1945 cumulative IPC: 0.1942 (Simulation time: 00 hr 00 min 37 sec)
Heartbeat CPU 0 instructions: 11000079 cycles: 6877772 heartbeat IPC: 0.4389 cumulative IPC: 0.2693 (Simulation time: 00 hr 00 min 41 sec)
Heartbeat CPU 0 instructions: 11500086 cycles: 9206738 heartbeat IPC: 0.2147 cumulative IPC: 0.2482 (Simulation time: 00 hr 00 min 48 sec)
Heartbeat CPU 0 instructions: 12000088 cycles: 11103006 heartbeat IPC: 0.2637 cumulative IPC: 0.2519 (Simulation time: 00 hr 00 min 54 sec)
Heartbeat CPU 0 instructions: 12500088 cycles: 12198302 heartbeat IPC: 0.4565 cumulative IPC: 0.2767 (Simulation time: 00 hr 00 min 58 sec)
Heartbeat CPU 0 instructions: 13000089 cycles: 12869402 heartbeat IPC: 0.745 cumulative IPC: 0.3091 (Simulation time: 00 hr 01 min 01 sec)
Heartbeat CPU 0 instructions: 13500089 cycles: 14927127 heartbeat IPC: 0.243 cumulative IPC: 0.2975 (Simulation time: 00 hr 01 min 07 sec)
Heartbeat CPU 0 instructions: 14000089 cycles: 16949450 heartbeat IPC: 0.2472 cumulative IPC: 0.2902 (Simulation time: 00 hr 01 min 14 sec)
Heartbeat CPU 0 instructions: 14500091 cycles: 18229973 heartbeat IPC: 0.3905 cumulative IPC: 0.2987 (Simulation time: 00 hr 01 min 18 sec)
Heartbeat CPU 0 instructions: 15000092 cycles: 18800531 heartbeat IPC: 0.8763 cumulative IPC: 0.3198 (Simulation time: 00 hr 01 min 20 sec)
Heartbeat CPU 0 instructions: 15500099 cycles: 19342312 heartbeat IPC: 0.9229 cumulative IPC: 0.34 (Simulation time: 00 hr 01 min 22 sec)
Heartbeat CPU 0 instructions: 16000100 cycles: 19864045 heartbeat IPC: 0.9583 cumulative IPC: 0.3593 (Simulation time: 00 hr 01 min 25 sec)
Heartbeat CPU 0 instructions: 16500107 cycles: 20401327 heartbeat IPC: 0.9306 cumulative IPC: 0.3771 (Simulation time: 00 hr 01 min 27 sec)
Heartbeat CPU 0 instructions: 17000114 cycles: 20954385 heartbeat IPC: 0.9041 cumulative IPC: 0.3935 (Simulation time: 00 hr 01 min 29 sec)
Heartbeat CPU 0 instructions: 17500115 cycles: 21539795 heartbeat IPC: 0.8541 cumulative IPC: 0.4082 (Simulation time: 00 hr 01 min 32 sec)
Heartbeat CPU 0 instructions: 18000115 cycles: 22005954 heartbeat IPC: 1.073 cumulative IPC: 0.4246 (Simulation time: 00 hr 01 min 34 sec)
Heartbeat CPU 0 instructions: 18500116 cycles: 22491747 heartbeat IPC: 1.029 cumulative IPC: 0.4398 (Simulation time: 00 hr 01 min 36 sec)
Heartbeat CPU 0 instructions: 19000122 cycles: 22999644 heartbeat IPC: 0.9845 cumulative IPC: 0.4537 (Simulation time: 00 hr 01 min 38 sec)
Heartbeat CPU 0 instructions: 19500122 cycles: 23537733 heartbeat IPC: 0.9292 cumulative IPC: 0.4663 (Simulation time: 00 hr 01 min 40 sec)
Heartbeat CPU 0 instructions: 20000123 cycles: 24053066 heartbeat IPC: 0.9702 cumulative IPC: 0.4787 (Simulation time: 00 hr 01 min 43 sec)
Heartbeat CPU 0 instructions: 20500123 cycles: 24633596 heartbeat IPC: 0.8613 cumulative IPC: 0.4891 (Simulation time: 00 hr 01 min 45 sec)
Heartbeat CPU 0 instructions: 21000129 cycles: 25122390 heartbeat IPC: 1.023 cumulative IPC: 0.501 (Simulation time: 00 hr 01 min 47 sec)
Heartbeat CPU 0 instructions: 21500133 cycles: 25614847 heartbeat IPC: 1.015 cumulative IPC: 0.5122 (Simulation time: 00 hr 01 min 49 sec)
Heartbeat CPU 0 instructions: 22000133 cycles: 26147335 heartbeat IPC: 0.939 cumulative IPC: 0.5221 (Simulation time: 00 hr 01 min 52 sec)
Heartbeat CPU 0 instructions: 22500138 cycles: 26649678 heartbeat IPC: 0.9953 cumulative IPC: 0.5322 (Simulation time: 00 hr 01 min 54 sec)
Heartbeat CPU 0 instructions: 23000138 cycles: 27161119 heartbeat IPC: 0.9776 cumulative IPC: 0.5417 (Simulation time: 00 hr 01 min 56 sec)
Heartbeat CPU 0 instructions: 23500138 cycles: 27680853 heartbeat IPC: 0.962 cumulative IPC: 0.5506 (Simulation time: 00 hr 01 min 58 sec)
Heartbeat CPU 0 instructions: 24000145 cycles: 28305676 heartbeat IPC: 0.8002 cumulative IPC: 0.5569 (Simulation time: 00 hr 02 min 01 sec)
Heartbeat CPU 0 instructions: 24500147 cycles: 30282637 heartbeat IPC: 0.2529 cumulative IPC: 0.5347 (Simulation time: 00 hr 02 min 09 sec)
Heartbeat CPU 0 instructions: 25000150 cycles: 31144307 heartbeat IPC: 0.5803 cumulative IPC: 0.5361 (Simulation time: 00 hr 02 min 13 sec)
Heartbeat CPU 0 instructions: 25500156 cycles: 32078155 heartbeat IPC: 0.5354 cumulative IPC: 0.5361 (Simulation time: 00 hr 02 min 18 sec)
Heartbeat CPU 0 instructions: 26000158 cycles: 33069823 heartbeat IPC: 0.5042 cumulative IPC: 0.535 (Simulation time: 00 hr 02 min 23 sec)
Heartbeat CPU 0 instructions: 26500158 cycles: 34562738 heartbeat IPC: 0.3349 cumulative IPC: 0.5255 (Simulation time: 00 hr 02 min 29 sec)
Heartbeat CPU 0 instructions: 27000158 cycles: 35746116 heartbeat IPC: 0.4225 cumulative IPC: 0.5218 (Simulation time: 00 hr 02 min 33 sec)
Heartbeat CPU 0 instructions: 27500164 cycles: 36630134 heartbeat IPC: 0.5656 cumulative IPC: 0.5229 (Simulation time: 00 hr 02 min 37 sec)
Heartbeat CPU 0 instructions: 28000170 cycles: 38101293 heartbeat IPC: 0.3399 cumulative IPC: 0.5152 (Simulation time: 00 hr 02 min 42 sec)
Heartbeat CPU 0 instructions: 28500171 cycles: 39995971 heartbeat IPC: 0.2639 cumulative IPC: 0.5023 (Simulation time: 00 hr 02 min 48 sec)
Heartbeat CPU 0 instructions: 29000178 cycles: 40604500 heartbeat IPC: 0.8217 cumulative IPC: 0.5075 (Simulation time: 00 hr 02 min 50 sec)
Heartbeat CPU 0 instructions: 29500178 cycles: 41181739 heartbeat IPC: 0.8662 cumulative IPC: 0.5129 (Simulation time: 00 hr 02 min 53 sec)
Heartbeat CPU 0 instructions: 30000178 cycles: 41874649 heartbeat IPC: 0.7216 cumulative IPC: 0.5167 (Simulation time: 00 hr 02 min 56 sec)
Heartbeat CPU 0 instructions: 30500180 cycles: 43297433 heartbeat IPC: 0.3514 cumulative IPC: 0.5108 (Simulation time: 00 hr 03 min 01 sec)
Heartbeat CPU 0 instructions: 31000183 cycles: 45178286 heartbeat IPC: 0.2658 cumulative IPC: 0.4998 (Simulation time: 00 hr 03 min 07 sec)
Heartbeat CPU 0 instructions: 31500183 cycles: 46826665 heartbeat IPC: 0.3033 cumulative IPC: 0.4924 (Simulation time: 00 hr 03 min 13 sec)
Heartbeat CPU 0 instructions: 32000190 cycles: 48291608 heartbeat IPC: 0.3413 cumulative IPC: 0.4875 (Simulation time: 00 hr 03 min 18 sec)
Heartbeat CPU 0 instructions: 32500195 cycles: 48593997 heartbeat IPC: 1.654 cumulative IPC: 0.4953 (Simulation time: 00 hr 03 min 20 sec)
Heartbeat CPU 0 instructions: 33000200 cycles: 48914120 heartbeat IPC: 1.562 cumulative IPC: 0.5027 (Simulation time: 00 hr 03 min 23 sec)
Heartbeat CPU 0 instructions: 33500205 cycles: 49487330 heartbeat IPC: 0.8723 cumulative IPC: 0.5073 (Simulation time: 00 hr 03 min 25 sec)
Heartbeat CPU 0 instructions: 34000210 cycles: 51137904 heartbeat IPC: 0.3029 cumulative IPC: 0.5003 (Simulation time: 00 hr 03 min 31 sec)
Heartbeat CPU 0 instructions: 34500217 cycles: 52906101 heartbeat IPC: 0.2828 cumulative IPC: 0.4925 (Simulation time: 00 hr 03 min 37 sec)
Heartbeat CPU 0 instructions: 35000217 cycles: 55637660 heartbeat IPC: 0.183 cumulative IPC: 0.4764 (Simulation time: 00 hr 03 min 46 sec)
Heartbeat CPU 0 instructions: 35500223 cycles: 57881056 heartbeat IPC: 0.2229 cumulative IPC: 0.466 (Simulation time: 00 hr 03 min 53 sec)
Heartbeat CPU 0 instructions: 36000224 cycles: 59330527 heartbeat IPC: 0.345 cumulative IPC: 0.4629 (Simulation time: 00 hr 03 min 58 sec)
Heartbeat CPU 0 instructions: 36500229 cycles: 61053268 heartbeat IPC: 0.2902 cumulative IPC: 0.4578 (Simulation time: 00 hr 04 min 03 sec)
Heartbeat CPU 0 instructions: 37000231 cycles: 61705584 heartbeat IPC: 0.7665 cumulative IPC: 0.4612 (Simulation time: 00 hr 04 min 05 sec)
Heartbeat CPU 0 instructions: 37500232 cycles: 62249159 heartbeat IPC: 0.9198 cumulative IPC: 0.4654 (Simulation time: 00 hr 04 min 08 sec)
Heartbeat CPU 0 instructions: 38000234 cycles: 62758133 heartbeat IPC: 0.9824 cumulative IPC: 0.4698 (Simulation time: 00 hr 04 min 10 sec)
Heartbeat CPU 0 instructions: 38500237 cycles: 63238561 heartbeat IPC: 1.041 cumulative IPC: 0.4744 (Simulation time: 00 hr 04 min 12 sec)
Heartbeat CPU 0 instructions: 39000237 cycles: 63766093 heartbeat IPC: 0.9478 cumulative IPC: 0.4785 (Simulation time: 00 hr 04 min 14 sec)
Heartbeat CPU 0 instructions: 39500239 cycles: 64286428 heartbeat IPC: 0.9609 cumulative IPC: 0.4826 (Simulation time: 00 hr 04 min 17 sec)
Heartbeat CPU 0 instructions: 40000245 cycles: 64797448 heartbeat IPC: 0.9784 cumulative IPC: 0.4868 (Simulation time: 00 hr 04 min 19 sec)
Heartbeat CPU 0 instructions: 40500249 cycles: 65357495 heartbeat IPC: 0.8928 cumulative IPC: 0.4904 (Simulation time: 00 hr 04 min 21 sec)
Heartbeat CPU 0 instructions: 41000251 cycles: 65809222 heartbeat IPC: 1.107 cumulative IPC: 0.4949 (Simulation time: 00 hr 04 min 23 sec)
Heartbeat CPU 0 instructions: 41500251 cycles: 66890125 heartbeat IPC: 0.4626 cumulative IPC: 0.4943 (Simulation time: 00 hr 04 min 28 sec)
Heartbeat CPU 0 instructions: 42000255 cycles: 67803455 heartbeat IPC: 0.5475 cumulative IPC: 0.4951 (Simulation time: 00 hr 04 min 33 sec)
Heartbeat CPU 0 instructions: 42500258 cycles: 68550817 heartbeat IPC: 0.669 cumulative IPC: 0.497 (Simulation time: 00 hr 04 min 36 sec)
Heartbeat CPU 0 instructions: 43000258 cycles: 69429181 heartbeat IPC: 0.5692 cumulative IPC: 0.498 (Simulation time: 00 hr 04 min 41 sec)
Heartbeat CPU 0 instructions: 43500263 cycles: 70229339 heartbeat IPC: 0.6249 cumulative IPC: 0.4995 (Simulation time: 00 hr 04 min 45 sec)
Heartbeat CPU 0 instructions: 44000264 cycles: 71198439 heartbeat IPC: 0.5159 cumulative IPC: 0.4998 (Simulation time: 00 hr 04 min 50 sec)
Heartbeat CPU 0 instructions: 44500265 cycles: 71995643 heartbeat IPC: 0.6272 cumulative IPC: 0.5012 (Simulation time: 00 hr 04 min 54 sec)
Heartbeat CPU 0 instructions: 45000265 cycles: 72857920 heartbeat IPC: 0.5799 cumulative IPC: 0.5022 (Simulation time: 00 hr 04 min 59 sec)
Heartbeat CPU 0 instructions: 45500268 cycles: 73764105 heartbeat IPC: 0.5518 cumulative IPC: 0.5028 (Simulation time: 00 hr 05 min 03 sec)
Heartbeat CPU 0 instructions: 46000269 cycles: 74529029 heartbeat IPC: 0.6537 cumulative IPC: 0.5045 (Simulation time: 00 hr 05 min 07 sec)
Heartbeat CPU 0 instructions: 46500272 cycles: 75415099 heartbeat IPC: 0.5643 cumulative IPC: 0.5052 (Simulation time: 00 hr 05 min 12 sec)
Heartbeat CPU 0 instructions: 47000273 cycles: 76352142 heartbeat IPC: 0.5336 cumulative IPC: 0.5056 (Simulation time: 00 hr 05 min 17 sec)
Heartbeat CPU 0 instructions: 47500280 cycles: 77200123 heartbeat IPC: 0.5896 cumulative IPC: 0.5065 (Simulation time: 00 hr 05 min 22 sec)
Heartbeat CPU 0 instructions: 48000282 cycles: 79734927 heartbeat IPC: 0.1973 cumulative IPC: 0.4963 (Simulation time: 00 hr 05 min 30 sec)
Heartbeat CPU 0 instructions: 48500282 cycles: 82102932 heartbeat IPC: 0.2111 cumulative IPC: 0.4877 (Simulation time: 00 hr 05 min 39 sec)
Heartbeat CPU 0 instructions: 49000282 cycles: 84697954 heartbeat IPC: 0.1927 cumulative IPC: 0.4783 (Simulation time: 00 hr 05 min 47 sec)
Heartbeat CPU 0 instructions: 49500282 cycles: 85736904 heartbeat IPC: 0.4813 cumulative IPC: 0.4784 (Simulation time: 00 hr 05 min 51 sec)
Heartbeat CPU 0 instructions: 50000284 cycles: 86306016 heartbeat IPC: 0.8786 cumulative IPC: 0.4811 (Simulation time: 00 hr 05 min 53 sec)
Heartbeat CPU 0 instructions: 50500284 cycles: 86907650 heartbeat IPC: 0.8311 cumulative IPC: 0.4836 (Simulation time: 00 hr 05 min 56 sec)
Heartbeat CPU 0 instructions: 51000289 cycles: 87590214 heartbeat IPC: 0.7325 cumulative IPC: 0.4856 (Simulation time: 00 hr 05 min 59 sec)
Heartbeat CPU 0 instructions: 51500289 cycles: 87978997 heartbeat IPC: 1.286 cumulative IPC: 0.4893 (Simulation time: 00 hr 06 min 01 sec)
Heartbeat CPU 0 instructions: 52000289 cycles: 88344070 heartbeat IPC: 1.37 cumulative IPC: 0.4931 (Simulation time: 00 hr 06 min 03 sec)
Heartbeat CPU 0 instructions: 52500293 cycles: 88696833 heartbeat IPC: 1.417 cumulative IPC: 0.4969 (Simulation time: 00 hr 06 min 05 sec)
Heartbeat CPU 0 instructions: 53000294 cycles: 89149402 heartbeat IPC: 1.105 cumulative IPC: 0.5001 (Simulation time: 00 hr 06 min 07 sec)
Heartbeat CPU 0 instructions: 53500294 cycles: 89572141 heartbeat IPC: 1.183 cumulative IPC: 0.5034 (Simulation time: 00 hr 06 min 09 sec)
Heartbeat CPU 0 instructions: 54000298 cycles: 91425037 heartbeat IPC: 0.2699 cumulative IPC: 0.4985 (Simulation time: 00 hr 06 min 15 sec)
Heartbeat CPU 0 instructions: 54500302 cycles: 93585409 heartbeat IPC: 0.2314 cumulative IPC: 0.4921 (Simulation time: 00 hr 06 min 22 sec)
Heartbeat CPU 0 instructions: 55000303 cycles: 94819609 heartbeat IPC: 0.4051 cumulative IPC: 0.491 (Simulation time: 00 hr 06 min 27 sec)
Heartbeat CPU 0 instructions: 55500309 cycles: 97225440 heartbeat IPC: 0.2078 cumulative IPC: 0.4837 (Simulation time: 00 hr 06 min 35 sec)
Heartbeat CPU 0 instructions: 56000310 cycles: 98284728 heartbeat IPC: 0.472 cumulative IPC: 0.4836 (Simulation time: 00 hr 06 min 39 sec)
Heartbeat CPU 0 instructions: 56500310 cycles: 100350055 heartbeat IPC: 0.2421 cumulative IPC: 0.4785 (Simulation time: 00 hr 06 min 46 sec)
Heartbeat CPU 0 instructions: 57000310 cycles: 102838929 heartbeat IPC: 0.2009 cumulative IPC: 0.4715 (Simulation time: 00 hr 06 min 55 sec)
Heartbeat CPU 0 instructions: 57500313 cycles: 103959139 heartbeat IPC: 0.4463 cumulative IPC: 0.4713 (Simulation time: 00 hr 06 min 58 sec)
Heartbeat CPU 0 instructions: 58000313 cycles: 105527728 heartbeat IPC: 0.3188 cumulative IPC: 0.4689 (Simulation time: 00 hr 07 min 04 sec)
Heartbeat CPU 0 instructions: 58500316 cycles: 106504408 heartbeat IPC: 0.5119 cumulative IPC: 0.4693 (Simulation time: 00 hr 07 min 07 sec)
Heartbeat CPU 0 instructions: 59000317 cycles: 107023166 heartbeat IPC: 0.9638 cumulative IPC: 0.4718 (Simulation time: 00 hr 07 min 09 sec)
Heartbeat CPU 0 instructions: 59500318 cycles: 107540976 heartbeat IPC: 0.9656 cumulative IPC: 0.4742 (Simulation time: 00 hr 07 min 12 sec)
Simulation finished CPU 0 instructions: 50000005 cycles: 105978414 cumulative IPC: 0.4718 (Simulation time: 00 hr 07 min 17 sec)
Simulation complete CPU 0 instructions: 50000005 cycles: 105978414 cumulative IPC: 0.4718 (Simulation time: 00 hr 07 min 17 sec)

ChampSim completed all CPUs

=== Simulation ===
CPU 0 runs traces/charlie_0002.champsim.gz

Region of Interest Statistics

CPU 0 cumulative IPC: 0.4718 instructions: 50000005 cycles: 105978414
CPU 0 Branch Prediction Accuracy: 90.7% MPKI: 17.39 Average ROB Occupancy at Mispredict: 34.99
Branch type MPKI
BRANCH_DIRECT_JUMP: 0.5393
BRANCH_INDIRECT: 0.5511
BRANCH_CONDITIONAL: 14.67
BRANCH_DIRECT_CALL: 0.5491
BRANCH_INDIRECT_CALL: 0.6154
BRANCH_RETURN: 0.4658

cpu0->cpu0_STLB TOTAL        ACCESS:     239255 HIT:     175232 MISS:      64023 MSHR_MERGE:          0
cpu0->cpu0_STLB LOAD         ACCESS:     239255 HIT:     175232 MISS:      64023 MSHR_MERGE:          0
cpu0->cpu0_STLB RFO          ACCESS:          0 HIT:          0 MISS:          0 MSHR_MERGE:          0
cpu0->cpu0_STLB PREFETCH     ACCESS:          0 HIT:          0 MISS:          0 MSHR_MERGE:          0
cpu0->cpu0_STLB WRITE        ACCESS:          0 HIT:          0 MISS:          0 MSHR_MERGE:          0
cpu0->cpu0_STLB TRANSLATION  ACCESS:          0 HIT:          0 MISS:          0 MSHR_MERGE:          0
cpu0->cpu0_STLB PREFETCH REQUESTED:          0 ISSUED:          0 USEFUL:          0 USELESS:          0
cpu0->cpu0_STLB AVERAGE MISS LATENCY: 302 cycles
cpu0->cpu0_L2C TOTAL        ACCESS:    1368400 HIT:     790230 MISS:     578170 MSHR_MERGE:      14573
cpu0->cpu0_L2C LOAD         ACCESS:     717433 HIT:     432158 MISS:     285275 MSHR_MERGE:       9099
cpu0->cpu0_L2C RFO          ACCESS:     230378 HIT:      20333 MISS:     210045 MSHR_MERGE:          1
cpu0->cpu0_L2C PREFETCH     ACCESS:      63781 HIT:      14640 MISS:      49141 MSHR_MERGE:       5473
cpu0->cpu0_L2C WRITE        ACCESS:     284778 HIT:     284777 MISS:          1 MSHR_MERGE:          0
cpu0->cpu0_L2C TRANSLATION  ACCESS:      72030 HIT:      38322 MISS:      33708 MSHR_MERGE:          0
cpu0->cpu0_L2C PREFETCH REQUESTED:      64135 ISSUED:      63781 USEFUL:      17247 USELESS:       2597
cpu0->cpu0_L2C AVERAGE MISS LATENCY: 482.4 cycles
cpu0->cpu0_L1I TOTAL        ACCESS:    3082945 HIT:    2718072 MISS:     364873 MSHR_MERGE:      83510
cpu0->cpu0_L1I LOAD         ACCESS:    3082945 HIT:    2718072 MISS:     364873 MSHR_MERGE:      83510
cpu0->cpu0_L1I RFO          ACCESS:          0 HIT:          0 MISS:          0 MSHR_MERGE:          0
cpu0->cpu0_L1I PREFETCH     ACCESS:          0 HIT:          0 MISS:          0 MSHR_MERGE:          0
cpu0->cpu0_L1I WRITE        ACCESS:          0 HIT:          0 MISS:          0 MSHR_MERGE:          0
cpu0->cpu0_L1I TRANSLATION  ACCESS:          0 HIT:          0 MISS:          0 MSHR_MERGE:          0
cpu0->cpu0_L1I PREFETCH REQUESTED:          0 ISSUED:          0 USEFUL:          0 USELESS:          0
cpu0->cpu0_L1I AVERAGE MISS LATENCY: 130 cycles
cpu0->cpu0_L1D TOTAL        ACCESS:   14216218 HIT:   12626052 MISS:    1590166 MSHR_MERGE:     851680
cpu0->cpu0_L1D LOAD         ACCESS:    8600511 HIT:    7941266 MISS:     659245 MSHR_MERGE:     223175
cpu0->cpu0_L1D RFO          ACCESS:          0 HIT:          0 MISS:          0 MSHR_MERGE:          0
cpu0->cpu0_L1D PREFETCH     ACCESS:          0 HIT:          0 MISS:          0 MSHR_MERGE:          0
cpu0->cpu0_L1D WRITE        ACCESS:    5437784 HIT:    4579795 MISS:     857989 MSHR_MERGE:     627603
cpu0->cpu0_L1D TRANSLATION  ACCESS:     177923 HIT:     104991 MISS:      72932 MSHR_MERGE:        902
cpu0->cpu0_L1D PREFETCH REQUESTED:          0 ISSUED:          0 USEFUL:          0 USELESS:          0
cpu0->cpu0_L1D AVERAGE MISS LATENCY: 307.6 cycles
cpu0->cpu0_ITLB TOTAL        ACCESS:    2552933 HIT:    2518635 MISS:      34298 MSHR_MERGE:      13976
cpu0->cpu0_ITLB LOAD         ACCESS:    2552933 HIT:    2518635 MISS:      34298 MSHR_MERGE:      13976
cpu0->cpu0_ITLB RFO          ACCESS:          0 HIT:          0 MISS:          0 MSHR_MERGE:          0
cpu0->cpu0_ITLB PREFETCH     ACCESS:          0 HIT:          0 MISS:          0 MSHR_MERGE:          0
cpu0->cpu0_ITLB WRITE        ACCESS:          0 HIT:          0 MISS:          0 MSHR_MERGE:          0
cpu0->cpu0_ITLB TRANSLATION  ACCESS:          0 HIT:          0 MISS:          0 MSHR_MERGE:          0
cpu0->cpu0_ITLB PREFETCH REQUESTED:          0 ISSUED:          0 USEFUL:          0 USELESS:          0
cpu0->cpu0_ITLB AVERAGE MISS LATENCY: 78.33 cycles
cpu0->cpu0_DTLB TOTAL        ACCESS:   13433769 HIT:   13053201 MISS:     380568 MSHR_MERGE:     161635
cpu0->cpu0_DTLB LOAD         ACCESS:   13433769 HIT:   13053201 MISS:     380568 MSHR_MERGE:     161635
cpu0->cpu0_DTLB RFO          ACCESS:          0 HIT:          0 MISS:          0 MSHR_MERGE:          0
cpu0->cpu0_DTLB PREFETCH     ACCESS:          0 HIT:          0 MISS:          0 MSHR_MERGE:          0
cpu0->cpu0_DTLB WRITE        ACCESS:          0 HIT:          0 MISS:          0 MSHR_MERGE:          0
cpu0->cpu0_DTLB TRANSLATION  ACCESS:          0 HIT:          0 MISS:          0 MSHR_MERGE:          0
cpu0->cpu0_DTLB PREFETCH REQUESTED:          0 ISSUED:          0 USEFUL:          0 USELESS:          0
cpu0->cpu0_DTLB AVERAGE MISS LATENCY: 86.79 cycles
cpu0->LLC TOTAL        ACCESS:     797755 HIT:      53514 MISS:     744241 MSHR_MERGE:      10583
cpu0->LLC LOAD         ACCESS:     276176 HIT:      17479 MISS:     258697 MSHR_MERGE:       8293
cpu0->LLC RFO          ACCESS:     210044 HIT:        969 MISS:     209075 MSHR_MERGE:          0
cpu0->LLC PREFETCH     ACCESS:      43668 HIT:        407 MISS:      43261 MSHR_MERGE:       2290
cpu0->LLC WRITE        ACCESS:     234159 HIT:      33271 MISS:     200888 MSHR_MERGE:          0
cpu0->LLC TRANSLATION  ACCESS:      33708 HIT:       1388 MISS:      32320 MSHR_MERGE:          0
cpu0->LLC PREFETCH REQUESTED:          0 ISSUED:          0 USEFUL:          0 USELESS:          0
cpu0->LLC AVERAGE MISS LATENCY: 341.6 cycles

DRAM Statistics

Channel 0 RQ ROW_BUFFER_HIT:      12596
  ROW_BUFFER_MISS:     520170
  AVG DBUS CONGESTED CYCLE: 4.324
Channel 0 WQ ROW_BUFFER_HIT:      44756
  ROW_BUFFER_MISS:     207696
  FULL:          0
Channel 0 REFRESHES ISSUED:       8832
