[VMEM] WARNING: physical memory size is smaller than virtual memory size.

*** ChampSim Multicore Out-of-Order Simulator ***
Warmup Instructions: 10000000
Simulation Instructions: 50000000
Number of CPUs: 1
Page size: 4096
Core 0: traces/sssp-14.trace.gz
Off-chip DRAM Size: 64 GiB Channels: 1 Width: 64-bit Data Rate: 800 MT/s
Heartbeat CPU 0 instructions: 500004 cycles: 181890 heartbeat IPC: 2.749 cumulative IPC: 2.749 (Simulation time: 00 hr 00 min 01 sec)
Heartbeat CPU 0 instructions: 1000004 cycles: 359211 heartbeat IPC: 2.82 cumulative IPC: 2.784 (Simulation time: 00 hr 00 min 02 sec)
Heartbeat CPU 0 instructions: 1500004 cycles: 512428 heartbeat IPC: 3.263 cumulative IPC: 2.927 (Simulation time: 00 hr 00 min 03 sec)
Heartbeat CPU 0 instructions: 2000010 cycles: 615945 heartbeat IPC: 4.83 cumulative IPC: 3.247 (Simulation time: 00 hr 00 min 04 sec)
Heartbeat CPU 0 instructions: 2500014 cycles: 719065 heartbeat IPC: 4.849 cumulative IPC: 3.477 (Simulation time: 00 hr 00 min 05 sec)
Heartbeat CPU 0 instructions: 3000021 cycles: 825946 heartbeat IPC: 4.678 cumulative IPC: 3.632 (Simulation time: 00 hr 00 min 06 sec)
Heartbeat CPU 0 instructions: 3500021 cycles: 932831 heartbeat IPC: 4.678 cumulative IPC: 3.752 (Simulation time: 00 hr 00 min 07 sec)
Heartbeat CPU 0 instructions: 4000027 cycles: 1038288 heartbeat IPC: 4.741 cumulative IPC: 3.853 (Simulation time: 00 hr 00 min 08 sec)
Heartbeat CPU 0 instructions: 4500028 cycles: 1145381 heartbeat IPC: 4.669 cumulative IPC: 3.929 (Simulation time: 00 hr 00 min 09 sec)
Heartbeat CPU 0 instructions: 5000031 cycles: 1250640 heartbeat IPC: 4.75 cumulative IPC: 3.998 (Simulation time: 00 hr 00 min 10 sec)
Heartbeat CPU 0 instructions: 5500036 cycles: 1358920 heartbeat IPC: 4.618 cumulative IPC: 4.047 (Simulation time: 00 hr 00 min 11 sec)
Heartbeat CPU 0 instructions: 6000038 cycles: 1466093 heartbeat IPC: 4.665 cumulative IPC: 4.093 (Simulation time: 00 hr 00 min 12 sec)
Heartbeat CPU 0 instructions: 6500044 cycles: 1572338 heartbeat IPC: 4.706 cumulative IPC: 4.134 (Simulation time: 00 hr 00 min 13 sec)
Heartbeat CPU 0 instructions: 7000050 cycles: 1679188 heartbeat IPC: 4.68 cumulative IPC: 4.169 (Simulation time: 00 hr 00 min 14 sec)
Heartbeat CPU 0 instructions: 7500052 cycles: 1785688 heartbeat IPC: 4.695 cumulative IPC: 4.2 (Simulation time: 00 hr 00 min 15 sec)
Heartbeat CPU 0 instructions: 8000054 cycles: 1892583 heartbeat IPC: 4.678 cumulative IPC: 4.227 (Simulation time: 00 hr 00 min 16 sec)
Heartbeat CPU 0 instructions: 8500056 cycles: 2001657 heartbeat IPC: 4.584 cumulative IPC: 4.247 (Simulation time: 00 hr 00 min 17 sec)
Heartbeat CPU 0 instructions: 9000058 cycles: 2108588 heartbeat IPC: 4.676 cumulative IPC: 4.268 (Simulation time: 00 hr 00 min 18 sec)
Heartbeat CPU 0 instructions: 9500058 cycles: 2215251 heartbeat IPC: 4.688 cumulative IPC: 4.288 (Simulation time: 00 hr 00 min 19 sec)
Warmup finished CPU 0 instructions: 10000004 cycles: 2321526 cumulative IPC: 4.308 (Simulation time: 00 hr 00 min 20 sec)
Warmup complete CPU 0 instructions: 10000004 cycles: 2321526 cumulative IPC: 4.308 (Simulation time: 00 hr 00 min 20 sec)
Heartbeat CPU 0 instructions: 10000065 cycles: 2321540 heartbeat IPC: 4.704 cumulative IPC: 4.357 (Simulation time: 00 hr 00 min 20 sec)
Heartbeat CPU 0 instructions: 10500065 cycles: 3463598 heartbeat IPC: 0.4378 cumulative IPC: 0.4379 (Simulation time: 00 hr 00 min 24 sec)
Heartbeat CPU 0 instructions: 11000071 cycles: 4653898 heartbeat IPC: 0.4201 cumulative IPC: 0.4288 (Simulation time: 00 hr 00 min 28 sec)
Heartbeat CPU 0 instructions: 11500078 cycles: 5816667 heartbeat IPC: 0.43 cumulative IPC: 0.4292 (Simulation time: 00 hr 00 min 31 sec)
Heartbeat CPU 0 instructions: 12000082 cycles: 6978553 heartbeat IPC: 0.4303 cumulative IPC: 0.4295 (Simulation time: 00 hr 00 min 35 sec)
Heartbeat CPU 0 instructions: 12500082 cycles: 8176873 heartbeat IPC: 0.4173 cumulative IPC: 0.427 (Simulation time: 00 hr 00 min 39 sec)
Heartbeat CPU 0 instructions: 13000082 cycles: 9395452 heartbeat IPC: 0.4103 cumulative IPC: 0.4241 (Simulation time: 00 hr 00 min 43 sec)
Heartbeat CPU 0 instructions: 13500082 cycles: 10765559 heartbeat IPC: 0.3649 cumulative IPC: 0.4145 (Simulation time: 00 hr 00 min 48 sec)
Heartbeat CPU 0 instructions: 14000083 cycles: 11900810 heartbeat IPC: 0.4404 cumulative IPC: 0.4176 (Simulation time: 00 hr 00 min 51 sec)
Heartbeat CPU 0 instructions: 14500084 cycles: 13071766 heartbeat IPC: 0.427 cumulative IPC: 0.4186 (Simulation time: 00 hr 00 min 55 sec)
Heartbeat CPU 0 instructions: 15000085 cycles: 14191760 heartbeat IPC: 0.4464 cumulative IPC: 0.4212 (Simulation time: 00 hr 00 min 59 sec)
Heartbeat CPU 0 instructions: 15500089 cycles: 15342012 heartbeat IPC: 0.4347 cumulative IPC: 0.4224 (Simulation time: 00 hr 01 min 03 sec)
Heartbeat CPU 0 instructions: 16000096 cycles: 16486604 heartbeat IPC: 0.4368 cumulative IPC: 0.4236 (Simulation time: 00 hr 01 min 07 sec)
Heartbeat CPU 0 instructions: 16500097 cycles: 17629521 heartbeat IPC: 0.4375 cumulative IPC: 0.4246 (Simulation time: 00 hr 01 min 11 sec)
Heartbeat CPU 0 instructions: 17000100 cycles: 18783258 heartbeat IPC: 0.4334 cumulative IPC: 0.4252 (Simulation time: 00 hr 01 min 15 sec)
Heartbeat CPU 0 instructions: 17500101 cycles: 19975097 heartbeat IPC: 0.4195 cumulative IPC: 0.4248 (Simulation time: 00 hr 01 min 19 sec)
Heartbeat CPU 0 instructions: 18000106 cycles: 21299924 heartbeat IPC: 0.3774 cumulative IPC: 0.4215 (Simulation time: 00 hr 01 min 23 sec)
Heartbeat CPU 0 instructions: 18500110 cycles: 22753396 heartbeat IPC: 0.344 cumulative IPC: 0.416 (Simulation time: 00 hr 01 min 28 sec)
Heartbeat CPU 0 instructions: 19000111 cycles: 24011445 heartbeat IPC: 0.3974 cumulative IPC: 0.4149 (Simulation time: 00 hr 01 min 33 sec)
Heartbeat CPU 0 instructions: 19500111 cycles: 25143124 heartbeat IPC: 0.4418 cumulative IPC: 0.4163 (Simulation time: 00 hr 01 min 37 sec)
Heartbeat CPU 0 instructions: 20000113 cycles: 26235571 heartbeat IPC: 0.4577 cumulative IPC: 0.4182 (Simulation time: 00 hr 01 min 40 sec)
Heartbeat CPU 0 instructions: 20500113 cycles: 27424954 heartbeat IPC: 0.4204 cumulative IPC: 0.4183 (Simulation time: 00 hr 01 min 45 sec)
Heartbeat CPU 0 instructions: 21000113 cycles: 28507521 heartbeat IPC: 0.4619 cumulative IPC: 0.4201 (Simulation time: 00 hr 01 min 48 sec)
Heartbeat CPU 0 instructions: 21500113 cycles: 29667933 heartbeat IPC: 0.4309 cumulative IPC: 0.4205 (Simulation time: 00 hr 01 min 52 sec)
Heartbeat CPU 0 instructions: 22000115 cycles: 30779526 heartbeat IPC: 0.4498 cumulative IPC: 0.4217 (Simulation time: 00 hr 01 min 56 sec)
Heartbeat CPU 0 instructions: 22500116 cycles: 31859263 heartbeat IPC: 0.4631 cumulative IPC: 0.4232 (Simulation time: 00 hr 02 min 00 sec)
Heartbeat CPU 0 instructions: 23000121 cycles: 33002653 heartbeat IPC: 0.4373 cumulative IPC: 0.4237 (Simulation time: 00 hr 02 min 04 sec)
Heartbeat CPU 0 instructions: 23500122 cycles: 34118802 heartbeat IPC: 0.448 cumulative IPC: 0.4246 (Simulation time: 00 hr 02 min 08 sec)
Heartbeat CPU 0 instructions: 24000124 cycles: 35402511 heartbeat IPC: 0.3895 cumulative IPC: 0.4232 (Simulation time: 00 hr 02 min 12 sec)
Heartbeat CPU 0 instructions: 24500127 cycles: 36524603 heartbeat IPC: 0.4456 cumulative IPC: 0.4239 (Simulation time: 00 hr 02 min 16 sec)
Heartbeat CPU 0 instructions: 25000129 cycles: 37583106 heartbeat IPC: 0.4724 cumulative IPC: 0.4254 (Simulation time: 00 hr 02 min 20 sec)
Heartbeat CPU 0 instructions: 25500133 cycles: 38654742 heartbeat IPC: 0.4666 cumulative IPC: 0.4266 (Simulation time: 00 hr 02 min 24 sec)
Heartbeat CPU 0 instructions: 26000138 cycles: 39672245 heartbeat IPC: 0.4914 cumulative IPC: 0.4284 (Simulation time: 00 hr 02 min 28 sec)
Heartbeat CPU 0 instructions: 26500140 cycles: 40741753 heartbeat IPC: 0.4675 cumulative IPC: 0.4295 (Simulation time: 00 hr 02 min 32 sec)
Heartbeat CPU 0 instructions: 27000142 cycles: 41814100 heartbeat IPC: 0.4663 cumulative IPC: 0.4305 (Simulation time: 00 hr 02 min 35 sec)
Heartbeat CPU 0 instructions: 27500149 cycles: 42880990 heartbeat IPC: 0.4687 cumulative IPC: 0.4315 (Simulation time: 00 hr 02 min 39 sec)
Heartbeat CPU 0 instructions: 28000154 cycles: 43923762 heartbeat IPC: 0.4795 cumulative IPC: 0.4327 (Simulation time: 00 hr 02 min 43 sec)
Heartbeat CPU 0 instructions: 28500156 cycles: 44971639 heartbeat IPC: 0.4772 cumulative IPC: 0.4338 (Simulation time: 00 hr 02 min 47 sec)
Heartbeat CPU 0 instructions: 29000163 cycles: 46027355 heartbeat IPC: 0.4736 cumulative IPC: 0.4347 (Simulation time: 00 hr 02 min 51 sec)
Heartbeat CPU 0 instructions: 29500170 cycles: 47121504 heartbeat IPC: 0.457 cumulative IPC: 0.4353 (Simulation time: 00 hr 02 min 55 sec)
Heartbeat CPU 0 instructions: 30000176 cycles: 48153440 heartbeat IPC: 0.4845 cumulative IPC: 0.4364 (Simulation time: 00 hr 02 min 58 sec)
Heartbeat CPU 0 instructions: 30500180 cycles: 49172335 heartbeat IPC: 0.4907 cumulative IPC: 0.4376 (Simulation time: 00 hr 03 min 02 sec)
Heartbeat CPU 0 instructions: 31000183 cycles: 50207718 heartbeat IPC: 0.4829 cumulative IPC: 0.4385 (Simulation time: 00 hr 03 min 06 sec)
Heartbeat CPU 0 instructions: 31500184 cycles: 51180268 heartbeat IPC: 0.5141 cumulative IPC: 0.44 (Simulation time: 00 hr 03 min 09 sec)
Heartbeat CPU 0 instructions: 32000186 cycles: 52222776 heartbeat IPC: 0.4796 cumulative IPC: 0.4409 (Simulation time: 00 hr 03 min 13 sec)
Heartbeat CPU 0 instructions: 32500192 cycles: 53256334 heartbeat IPC: 0.4838 cumulative IPC: 0.4417 (Simulation time: 00 hr 03 min 17 sec)
Heartbeat CPU 0 instructions: 33000197 cycles: 54464013 heartbeat IPC: 0.414 cumulative IPC: 0.4411 (Simulation time: 00 hr 03 min 21 sec)
Heartbeat CPU 0 instructions: 33500199 cycles: 55530782 heartbeat IPC: 0.4687 cumulative IPC: 0.4417 (Simulation time: 00 hr 03 min 25 sec)
Heartbeat CPU 0 instructions: 34000201 cycles: 56578954 heartbeat IPC: 0.477 cumulative IPC: 0.4423 (Simulation time: 00 hr 03 min 29 sec)
Heartbeat CPU 0 instructions: 34500202 cycles: 57605771 heartbeat IPC: 0.4869 cumulative IPC: 0.4432 (Simulation time: 00 hr 03 min 33 sec)
Heartbeat CPU 0 instructions: 35000207 cycles: 58596454 heartbeat IPC: 0.5047 cumulative IPC: 0.4443 (Simulation time: 00 hr 03 min 37 sec)
Heartbeat CPU 0 instructions: 35500213 cycles: 59635099 heartbeat IPC: 0.4814 cumulative IPC: 0.4449 (Simulation time: 00 hr 03 min 40 sec)
Heartbeat CPU 0 instructions: 36000215 cycles: 60772036 heartbeat IPC: 0.4398 cumulative IPC: 0.4448 (Simulation time: 00 hr 03 min 44 sec)
Heartbeat CPU 0 instructions: 36500215 cycles: 61832477 heartbeat IPC: 0.4715 cumulative IPC: 0.4453 (Simulation time: 00 hr 03 min 48 sec)
Heartbeat CPU 0 instructions: 37000215 cycles: 62854795 heartbeat IPC: 0.4891 cumulative IPC: 0.446 (Simulation time: 00 hr 03 min 52 sec)
Heartbeat CPU 0 instructions: 37500215 cycles: 63822651 heartbeat IPC: 0.5166 cumulative IPC: 0.4471 (Simulation time: 00 hr 03 min 56 sec)
Heartbeat CPU 0 instructions: 38000216 cycles: 64844176 heartbeat IPC: 0.4895 cumulative IPC: 0.4478 (Simulation time: 00 hr 04 min 00 sec)
Heartbeat CPU 0 instructions: 38500221 cycles: 65819987 heartbeat IPC: 0.5124 cumulative IPC: 0.4488 (Simulation time: 00 hr 04 min 03 sec)
Heartbeat CPU 0 instructions: 39000222 cycles: 66859548 heartbeat IPC: 0.481 cumulative IPC: 0.4494 (Simulation time: 00 hr 04 min 07 sec)
Heartbeat CPU 0 instructions: 39500229 cycles: 67846199 heartbeat IPC: 0.5068 cumulative IPC: 0.4502 (Simulation time: 00 hr 04 min 11 sec)
Heartbeat CPU 0 instructions: 40000229 cycles: 68836764 heartbeat IPC: 0.5048 cumulative IPC: 0.451 (Simulation time: 00 hr 04 min 15 sec)
Heartbeat CPU 0 instructions: 40500230 cycles: 69794844 heartbeat IPC: 0.5219 cumulative IPC: 0.452 (Simulation time: 00 hr 04 min 18 sec)
Heartbeat CPU 0 instructions: 41000231 cycles: 70779578 heartbeat IPC: 0.5078 cumulative IPC: 0.4528 (Simulation time: 00 hr 04 min 22 sec)
Heartbeat CPU 0 instructions: 41500234 cycles: 71727925 heartbeat IPC: 0.5272 cumulative IPC: 0.4539 (Simulation time: 00 hr 04 min 26 sec)
Heartbeat CPU 0 instructions: 42000238 cycles: 72760239 heartbeat IPC: 0.4844 cumulative IPC: 0.4543 (Simulation time: 00 hr 04 min 29 sec)
Heartbeat CPU 0 instructions: 42500242 cycles: 73780897 heartbeat IPC: 0.4899 cumulative IPC: 0.4548 (Simulation time: 00 hr 04 min 33 sec)
Heartbeat CPU 0 instructions: 43000248 cycles: 74761803 heartbeat IPC: 0.5097 cumulative IPC: 0.4556 (Simulation time: 00 hr 04 min 37 sec)
Heartbeat CPU 0 instructions: 43500252 cycles: 75746072 heartbeat IPC: 0.508 cumulative IPC: 0.4563 (Simulation time: 00 hr 04 min 41 sec)
Heartbeat CPU 0 instructions: 44000253 cycles: 76718095 heartbeat IPC: 0.5144 cumulative IPC: 0.457 (Simulation time: 00 hr 04 min 44 sec)
Heartbeat CPU 0 instructions: 44500253 cycles: 77667559 heartbeat IPC: 0.5266 cumulative IPC: 0.4579 (Simulation time: 00 hr 04 min 48 sec)
Heartbeat CPU 0 instructions: 45000257 cycles: 78657804 heartbeat IPC: 0.5049 cumulative IPC: 0.4585 (Simulation time: 00 hr 04 min 52 sec)
Heartbeat CPU 0 instructions: 45500261 cycles: 79624819 heartbeat IPC: 0.5171 cumulative IPC: 0.4592 (Simulation time: 00 hr 04 min 55 sec)
Heartbeat CPU 0 instructions: 46000267 cycles: 80616106 heartbeat IPC: 0.5044 cumulative IPC: 0.4598 (Simulation time: 00 hr 04 min 59 sec)
Heartbeat CPU 0 instructions: 46500268 cycles: 81635692 heartbeat IPC: 0.4904 cumulative IPC: 0.4602 (Simulation time: 00 hr 05 min 03 sec)
Heartbeat CPU 0 instructions: 47000269 cycles: 82606627 heartbeat IPC: 0.515 cumulative IPC: 0.4609 (Simulation time: 00 hr 05 min 07 sec)
Heartbeat CPU 0 instructions: 47500275 cycles: 83549142 heartbeat IPC: 0.5305 cumulative IPC: 0.4617 (Simulation time: 00 hr 05 min 11 sec)
Heartbeat CPU 0 instructions: 48000275 cycles: 84494411 heartbeat IPC: 0.5289 cumulative IPC: 0.4624 (Simulation time: 00 hr 05 min 14 sec)
Heartbeat CPU 0 instructions: 48500277 cycles: 85501536 heartbeat IPC: 0.4965 cumulative IPC: 0.4629 (Simulation time: 00 hr 05 min 18 sec)
Heartbeat CPU 0 instructions: 49000277 cycles: 86409223 heartbeat IPC: 0.5509 cumulative IPC: 0.4638 (Simulation time: 00 hr 05 min 22 sec)
Heartbeat CPU 0 instructions: 49500283 cycles: 87348439 heartbeat IPC: 0.5324 cumulative IPC: 0.4646 (Simulation time: 00 hr 05 min 25 sec)
Heartbeat CPU 0 instructions: 50000286 cycles: 88291807 heartbeat IPC: 0.53 cumulative IPC: 0.4653 (Simulation time: 00 hr 05 min 29 sec)
Heartbeat CPU 0 instructions: 50500288 cycles: 89238098 heartbeat IPC: 0.5284 cumulative IPC: 0.466 (Simulation time: 00 hr 05 min 32 sec)
Heartbeat CPU 0 instructions: 51000288 cycles: 90164258 heartbeat IPC: 0.5399 cumulative IPC: 0.4667 (Simulation time: 00 hr 05 min 36 sec)
Heartbeat CPU 0 instructions: 51500293 cycles: 91070281 heartbeat IPC: 0.5519 cumulative IPC: 0.4676 (Simulation time: 00 hr 05 min 40 sec)
Heartbeat CPU 0 instructions: 52000297 cycles: 92015768 heartbeat IPC: 0.5288 cumulative IPC: 0.4683 (Simulation time: 00 hr 05 min 43 sec)
Heartbeat CPU 0 instructions: 52500298 cycles: 92967389 heartbeat IPC: 0.5254 cumulative IPC: 0.4689 (Simulation time: 00 hr 05 min 47 sec)
Heartbeat CPU 0 instructions: 53000301 cycles: 93891810 heartbeat IPC: 0.5409 cumulative IPC: 0.4696 (Simulation time: 00 hr 05 min 51 sec)
Heartbeat CPU 0 instructions: 53500303 cycles: 94868746 heartbeat IPC: 0.5118 cumulative IPC: 0.47 (Simulation time: 00 hr 05 min 54 sec)
Heartbeat CPU 0 instructions: 54000306 cycles: 95961815 heartbeat IPC: 0.4574 cumulative IPC: 0.4699 (Simulation time: 00 hr 05 min 58 sec)
Heartbeat CPU 0 instructions: 54500312 cycles: 97019276 heartbeat IPC: 0.4728 cumulative IPC: 0.4699 (Simulation time: 00 hr 06 min 02 sec)
Heartbeat CPU 0 instructions: 55000319 cycles: 98042975 heartbeat IPC: 0.4884 cumulative IPC: 0.4701 (Simulation time: 00 hr 06 min 06 sec)
Heartbeat CPU 0 instructions: 55500326 cycles: 98943662 heartbeat IPC: 0.5551 cumulative IPC: 0.4709 (Simulation time: 00 hr 06 min 10 sec)
Heartbeat CPU 0 instructions: 56000328 cycles: 99884663 heartbeat IPC: 0.5314 cumulative IPC: 0.4715 (Simulation time: 00 hr 06 min 13 sec)
Heartbeat CPU 0 instructions: 56500328 cycles: 100774510 heartbeat IPC: 0.5619 cumulative IPC: 0.4723 (Simulation time: 00 hr 06 min 17 sec)
Heartbeat CPU 0 instructions: 57000328 cycles: 101717492 heartbeat IPC: 0.5302 cumulative IPC: 0.4729 (Simulation time: 00 hr 06 min 21 sec)
Heartbeat CPU 0 instructions: 57500329 cycles: 102692285 heartbeat IPC: 0.5129 cumulative IPC: 0.4732 (Simulation time: 00 hr 06 min 24 sec)
Heartbeat CPU 0 instructions: 58000334 cycles: 103767555 heartbeat IPC: 0.465 cumulative IPC: 0.4732 (Simulation time: 00 hr 06 min 28 sec)
Heartbeat CPU 0 instructions: 58500337 cycles: 104746885 heartbeat IPC: 0.5106 cumulative IPC: 0.4735 (Simulation time: 00 hr 06 min 32 sec)
Heartbeat CPU 0 instructions: 59000338 cycles: 105670289 heartbeat IPC: 0.5415 cumulative IPC: 0.4741 (Simulation time: 00 hr 06 min 36 sec)
Heartbeat CPU 0 instructions: 59500338 cycles: 106626602 heartbeat IPC: 0.5228 cumulative IPC: 0.4746 (Simulation time: 00 hr 06 min 39 sec)
Simulation finished CPU 0 instructions: 50000002 cycles: 105347775 cumulative IPC: 0.4746 (Simulation time: 00 hr 06 min 43 sec)
Simulation complete CPU 0 instructions: 50000002 cycles: 105347775 cumulative IPC: 0.4746 (Simulation time: 00 hr 06 min 43 sec)

ChampSim completed all CPUs

=== Simulation ===
CPU 0 runs traces/sssp-14.trace.gz

Region of Interest Statistics

CPU 0 cumulative IPC: 0.4746 instructions: 50000002 cycles: 105347775
CPU 0 Branch Prediction Accuracy: 94.07% MPKI: 8.732 Average ROB Occupancy at Mispredict: 57.49
Branch type MPKI
BRANCH_DIRECT_JUMP: 6e-05
BRANCH_INDIRECT: 0
BRANCH_CONDITIONAL: 8.732
BRANCH_DIRECT_CALL: 0
BRANCH_INDIRECT_CALL: 0
BRANCH_RETURN: 0

cpu0->cpu0_STLB TOTAL        ACCESS:     928917 HIT:     918588 MISS:      10329 MSHR_MERGE:          0
cpu0->cpu0_STLB LOAD         ACCESS:     928917 HIT:     918588 MISS:      10329 MSHR_MERGE:          0
cpu0->cpu0_STLB RFO          ACCESS:          0 HIT:          0 MISS:          0 MSHR_MERGE:          0
cpu0->cpu0_STLB PREFETCH     ACCESS:          0 HIT:          0 MISS:          0 MSHR_MERGE:          0
cpu0->cpu0_STLB WRITE        ACCESS:          0 HIT:          0 MISS:          0 MSHR_MERGE:          0
cpu0->cpu0_STLB TRANSLATION  ACCESS:          0 HIT:          0 MISS:          0 MSHR_MERGE:          0
cpu0->cpu0_STLB PREFETCH REQUESTED:          0 ISSUED:          0 USEFUL:          0 USELESS:          0
cpu0->cpu0_STLB AVERAGE MISS LATENCY: 307.1 cycles
cpu0->cpu0_L2C TOTAL        ACCESS:    3826753 HIT:    2584990 MISS:    1241763 MSHR_MERGE:      90958
cpu0->cpu0_L2C LOAD         ACCESS:    2251159 HIT:    1451509 MISS:     799650 MSHR_MERGE:      11630
cpu0->cpu0_L2C RFO          ACCESS:     272138 HIT:     219870 MISS:      52268 MSHR_MERGE:          0
cpu0->cpu0_L2C PREFETCH     ACCESS:     533716 HIT:     149277 MISS:     384439 MSHR_MERGE:      79328
cpu0->cpu0_L2C WRITE        ACCESS:     761470 HIT:     761348 MISS:        122 MSHR_MERGE:          0
cpu0->cpu0_L2C TRANSLATION  ACCESS:       8270 HIT:       2986 MISS:       5284 MSHR_MERGE:          0
cpu0->cpu0_L2C PREFETCH REQUESTED:     534419 ISSUED:     533716 USEFUL:     252605 USELESS:      36874
cpu0->cpu0_L2C AVERAGE MISS LATENCY: 181.8 cycles
cpu0->cpu0_L1I TOTAL        ACCESS:    2019467 HIT:    2019466 MISS:          1 MSHR_MERGE:          0
cpu0->cpu0_L1I LOAD         ACCESS:    2019467 HIT:    2019466 MISS:          1 MSHR_MERGE:          0
cpu0->cpu0_L1I RFO          ACCESS:          0 HIT:          0 MISS:          0 MSHR_MERGE:          0
cpu0->cpu0_L1I PREFETCH     ACCESS:          0 HIT:          0 MISS:          0 MSHR_MERGE:          0
cpu0->cpu0_L1I WRITE        ACCESS:          0 HIT:          0 MISS:          0 MSHR_MERGE:          0
cpu0->cpu0_L1I TRANSLATION  ACCESS:          0 HIT:          0 MISS:          0 MSHR_MERGE:          0
cpu0->cpu0_L1I PREFETCH REQUESTED:          0 ISSUED:          0 USEFUL:          0 USELESS:          0
cpu0->cpu0_L1I AVERAGE MISS LATENCY: 209 cycles
cpu0->cpu0_L1D TOTAL        ACCESS:   14363623 HIT:   11327705 MISS:    3035918 MSHR_MERGE:     504345
cpu0->cpu0_L1D LOAD         ACCESS:   12881202 HIT:   10236161 MISS:    2645041 MSHR_MERGE:     393883
cpu0->cpu0_L1D RFO          ACCESS:          0 HIT:          0 MISS:          0 MSHR_MERGE:          0
cpu0->cpu0_L1D PREFETCH     ACCESS:          0 HIT:          0 MISS:          0 MSHR_MERGE:          0
cpu0->cpu0_L1D WRITE        ACCESS:    1460633 HIT:    1078085 MISS:     382548 MSHR_MERGE:     110403
cpu0->cpu0_L1D TRANSLATION  ACCESS:      21788 HIT:      13459 MISS:       8329 MSHR_MERGE:         59
cpu0->cpu0_L1D PREFETCH REQUESTED:          0 ISSUED:          0 USEFUL:          0 USELESS:          0
cpu0->cpu0_L1D AVERAGE MISS LATENCY: 70.1 cycles
cpu0->cpu0_ITLB TOTAL        ACCESS:    2016612 HIT:    2016612 MISS:          0 MSHR_MERGE:          0
cpu0->cpu0_ITLB LOAD         ACCESS:    2016612 HIT:    2016612 MISS:          0 MSHR_MERGE:          0
cpu0->cpu0_ITLB RFO          ACCESS:          0 HIT:          0 MISS:          0 MSHR_MERGE:          0
cpu0->cpu0_ITLB PREFETCH     ACCESS:          0 HIT:          0 MISS:          0 MSHR_MERGE:          0
cpu0->cpu0_ITLB WRITE        ACCESS:          0 HIT:          0 MISS:          0 MSHR_MERGE:          0
cpu0->cpu0_ITLB TRANSLATION  ACCESS:          0 HIT:          0 MISS:          0 MSHR_MERGE:          0
cpu0->cpu0_ITLB PREFETCH REQUESTED:          0 ISSUED:          0 USEFUL:          0 USELESS:          0
cpu0->cpu0_ITLB AVERAGE MISS LATENCY: - cycles
cpu0->cpu0_DTLB TOTAL        ACCESS:   14262175 HIT:   13061836 MISS:    1200339 MSHR_MERGE:     271422
cpu0->cpu0_DTLB LOAD         ACCESS:   14262175 HIT:   13061836 MISS:    1200339 MSHR_MERGE:     271422
cpu0->cpu0_DTLB RFO          ACCESS:          0 HIT:          0 MISS:          0 MSHR_MERGE:          0
cpu0->cpu0_DTLB PREFETCH     ACCESS:          0 HIT:          0 MISS:          0 MSHR_MERGE:          0
cpu0->cpu0_DTLB WRITE        ACCESS:          0 HIT:          0 MISS:          0 MSHR_MERGE:          0
cpu0->cpu0_DTLB TRANSLATION  ACCESS:          0 HIT:          0 MISS:          0 MSHR_MERGE:          0
cpu0->cpu0_DTLB PREFETCH REQUESTED:          0 ISSUED:          0 USEFUL:          0 USELESS:          0
cpu0->cpu0_DTLB AVERAGE MISS LATENCY: 8.434 cycles
cpu0->LLC TOTAL        ACCESS:    1566128 HIT:     757120 MISS:     809008 MSHR_MERGE:      15481
cpu0->LLC LOAD         ACCESS:     788020 HIT:     489132 MISS:     298888 MSHR_MERGE:      13473
cpu0->LLC RFO          ACCESS:      52268 HIT:       3051 MISS:      49217 MSHR_MERGE:          0
cpu0->LLC PREFETCH     ACCESS:     305111 HIT:      29898 MISS:     275213 MSHR_MERGE:       2008
cpu0->LLC WRITE        ACCESS:     415445 HIT:     234823 MISS:     180622 MSHR_MERGE:          0
cpu0->LLC TRANSLATION  ACCESS:       5284 HIT:        216 MISS:       5068 MSHR_MERGE:          0
cpu0->LLC PREFETCH REQUESTED:          0 ISSUED:          0 USEFUL:          0 USELESS:          0
cpu0->LLC AVERAGE MISS LATENCY: 251.5 cycles

DRAM Statistics

Channel 0 RQ ROW_BUFFER_HIT:       5212
  ROW_BUFFER_MISS:     607237
  AVG DBUS CONGESTED CYCLE: 4.132
Channel 0 WQ ROW_BUFFER_HIT:      47000
  ROW_BUFFER_MISS:     164388
  FULL:          0
Channel 0 REFRESHES ISSUED:       8779
