[VMEM] WARNING: physical memory size is smaller than virtual memory size.

*** ChampSim Multicore Out-of-Order Simulator ***
Warmup Instructions: 10000000
Simulation Instructions: 50000000
Number of CPUs: 1
Page size: 4096
Core 0: traces/sssp-10.trace.gz
Off-chip DRAM Size: 64 GiB Channels: 1 Width: 64-bit Data Rate: 800 MT/s
Heartbeat CPU 0 instructions: 500004 cycles: 182374 heartbeat IPC: 2.742 cumulative IPC: 2.742 (Simulation time: 00 hr 00 min 01 sec)
Heartbeat CPU 0 instructions: 1000004 cycles: 359695 heartbeat IPC: 2.82 cumulative IPC: 2.78 (Simulation time: 00 hr 00 min 02 sec)
Heartbeat CPU 0 instructions: 1500011 cycles: 511860 heartbeat IPC: 3.286 cumulative IPC: 2.931 (Simulation time: 00 hr 00 min 03 sec)
Heartbeat CPU 0 instructions: 2000015 cycles: 613800 heartbeat IPC: 4.905 cumulative IPC: 3.258 (Simulation time: 00 hr 00 min 04 sec)
Heartbeat CPU 0 instructions: 2500017 cycles: 719010 heartbeat IPC: 4.752 cumulative IPC: 3.477 (Simulation time: 00 hr 00 min 05 sec)
Heartbeat CPU 0 instructions: 3000022 cycles: 826909 heartbeat IPC: 4.634 cumulative IPC: 3.628 (Simulation time: 00 hr 00 min 06 sec)
Heartbeat CPU 0 instructions: 3500025 cycles: 933615 heartbeat IPC: 4.686 cumulative IPC: 3.749 (Simulation time: 00 hr 00 min 07 sec)
Heartbeat CPU 0 instructions: 4000025 cycles: 1040414 heartbeat IPC: 4.682 cumulative IPC: 3.845 (Simulation time: 00 hr 00 min 08 sec)
Heartbeat CPU 0 instructions: 4500026 cycles: 1149456 heartbeat IPC: 4.585 cumulative IPC: 3.915 (Simulation time: 00 hr 00 min 09 sec)
Heartbeat CPU 0 instructions: 5000028 cycles: 1255357 heartbeat IPC: 4.721 cumulative IPC: 3.983 (Simulation time: 00 hr 00 min 10 sec)
Heartbeat CPU 0 instructions: 5500035 cycles: 1362442 heartbeat IPC: 4.669 cumulative IPC: 4.037 (Simulation time: 00 hr 00 min 11 sec)
Heartbeat CPU 0 instructions: 6000035 cycles: 1470138 heartbeat IPC: 4.643 cumulative IPC: 4.081 (Simulation time: 00 hr 00 min 12 sec)
Heartbeat CPU 0 instructions: 6500040 cycles: 1576680 heartbeat IPC: 4.693 cumulative IPC: 4.123 (Simulation time: 00 hr 00 min 13 sec)
Heartbeat CPU 0 instructions: 7000043 cycles: 1686923 heartbeat IPC: 4.535 cumulative IPC: 4.15 (Simulation time: 00 hr 00 min 14 sec)
Heartbeat CPU 0 instructions: 7500050 cycles: 1794732 heartbeat IPC: 4.638 cumulative IPC: 4.179 (Simulation time: 00 hr 00 min 15 sec)
Heartbeat CPU 0 instructions: 8000054 cycles: 1901736 heartbeat IPC: 4.673 cumulative IPC: 4.207 (Simulation time: 00 hr 00 min 16 sec)
Heartbeat CPU 0 instructions: 8500058 cycles: 2006788 heartbeat IPC: 4.76 cumulative IPC: 4.236 (Simulation time: 00 hr 00 min 17 sec)
Heartbeat CPU 0 instructions: 9000064 cycles: 2111903 heartbeat IPC: 4.757 cumulative IPC: 4.262 (Simulation time: 00 hr 00 min 18 sec)
Heartbeat CPU 0 instructions: 9500071 cycles: 2218818 heartbeat IPC: 4.677 cumulative IPC: 4.282 (Simulation time: 00 hr 00 min 19 sec)
Warmup finished CPU 0 instructions: 10000007 cycles: 2324332 cumulative IPC: 4.302 (Simulation time: 00 hr 00 min 20 sec)
Warmup complete CPU 0 instructions: 10000007 cycles: 2324332 cumulative IPC: 4.302 (Simulation time: 00 hr 00 min 20 sec)
Heartbeat CPU 0 instructions: 10000071 cycles: 2324353 heartbeat IPC: 4.738 cumulative IPC: 3.048 (Simulation time: 00 hr 00 min 20 sec)
Heartbeat CPU 0 instructions: 10500072 cycles: 3481337 heartbeat IPC: 0.4322 cumulative IPC: 0.4322 (Simulation time: 00 hr 00 min 24 sec)
Heartbeat CPU 0 instructions: 11000072 cycles: 4662015 heartbeat IPC: 0.4235 cumulative IPC: 0.4278 (Simulation time: 00 hr 00 min 28 sec)
Heartbeat CPU 0 instructions: 11500077 cycles: 5934896 heartbeat IPC: 0.3928 cumulative IPC: 0.4155 (Simulation time: 00 hr 00 min 33 sec)
Heartbeat CPU 0 instructions: 12000078 cycles: 7190629 heartbeat IPC: 0.3982 cumulative IPC: 0.411 (Simulation time: 00 hr 00 min 37 sec)
Heartbeat CPU 0 instructions: 12500085 cycles: 8391756 heartbeat IPC: 0.4163 cumulative IPC: 0.412 (Simulation time: 00 hr 00 min 41 sec)
Heartbeat CPU 0 instructions: 13000092 cycles: 9554413 heartbeat IPC: 0.4301 cumulative IPC: 0.4149 (Simulation time: 00 hr 00 min 45 sec)
Heartbeat CPU 0 instructions: 13500093 cycles: 10871171 heartbeat IPC: 0.3797 cumulative IPC: 0.4095 (Simulation time: 00 hr 00 min 49 sec)
Heartbeat CPU 0 instructions: 14000097 cycles: 12173012 heartbeat IPC: 0.3841 cumulative IPC: 0.4062 (Simulation time: 00 hr 00 min 54 sec)
Heartbeat CPU 0 instructions: 14500103 cycles: 13376605 heartbeat IPC: 0.4154 cumulative IPC: 0.4072 (Simulation time: 00 hr 00 min 58 sec)
Heartbeat CPU 0 instructions: 15000103 cycles: 14679642 heartbeat IPC: 0.3837 cumulative IPC: 0.4047 (Simulation time: 00 hr 01 min 02 sec)
Heartbeat CPU 0 instructions: 15500106 cycles: 15946337 heartbeat IPC: 0.3947 cumulative IPC: 0.4038 (Simulation time: 00 hr 01 min 07 sec)
Heartbeat CPU 0 instructions: 16000106 cycles: 17099155 heartbeat IPC: 0.4337 cumulative IPC: 0.4061 (Simulation time: 00 hr 01 min 11 sec)
Heartbeat CPU 0 instructions: 16500109 cycles: 18227045 heartbeat IPC: 0.4433 cumulative IPC: 0.4087 (Simulation time: 00 hr 01 min 15 sec)
Heartbeat CPU 0 instructions: 17000113 cycles: 19364655 heartbeat IPC: 0.4395 cumulative IPC: 0.4108 (Simulation time: 00 hr 01 min 19 sec)
Heartbeat CPU 0 instructions: 17500113 cycles: 20489018 heartbeat IPC: 0.4447 cumulative IPC: 0.4129 (Simulation time: 00 hr 01 min 23 sec)
Heartbeat CPU 0 instructions: 18000115 cycles: 21588280 heartbeat IPC: 0.4549 cumulative IPC: 0.4153 (Simulation time: 00 hr 01 min 27 sec)
Heartbeat CPU 0 instructions: 18500118 cycles: 22691551 heartbeat IPC: 0.4532 cumulative IPC: 0.4173 (Simulation time: 00 hr 01 min 31 sec)
Heartbeat CPU 0 instructions: 19000124 cycles: 23806842 heartbeat IPC: 0.4483 cumulative IPC: 0.419 (Simulation time: 00 hr 01 min 34 sec)
Heartbeat CPU 0 instructions: 19500125 cycles: 24906692 heartbeat IPC: 0.4546 cumulative IPC: 0.4207 (Simulation time: 00 hr 01 min 38 sec)
Heartbeat CPU 0 instructions: 20000125 cycles: 26058198 heartbeat IPC: 0.4342 cumulative IPC: 0.4213 (Simulation time: 00 hr 01 min 42 sec)
Heartbeat CPU 0 instructions: 20500131 cycles: 27138365 heartbeat IPC: 0.4629 cumulative IPC: 0.4232 (Simulation time: 00 hr 01 min 46 sec)
Heartbeat CPU 0 instructions: 21000132 cycles: 28304235 heartbeat IPC: 0.4289 cumulative IPC: 0.4234 (Simulation time: 00 hr 01 min 51 sec)
Heartbeat CPU 0 instructions: 21500135 cycles: 29379008 heartbeat IPC: 0.4652 cumulative IPC: 0.4251 (Simulation time: 00 hr 01 min 54 sec)
Heartbeat CPU 0 instructions: 22000137 cycles: 30516269 heartbeat IPC: 0.4397 cumulative IPC: 0.4257 (Simulation time: 00 hr 01 min 59 sec)
Heartbeat CPU 0 instructions: 22500144 cycles: 31614889 heartbeat IPC: 0.4551 cumulative IPC: 0.4268 (Simulation time: 00 hr 02 min 03 sec)
Heartbeat CPU 0 instructions: 23000144 cycles: 32705484 heartbeat IPC: 0.4585 cumulative IPC: 0.4279 (Simulation time: 00 hr 02 min 06 sec)
Heartbeat CPU 0 instructions: 23500147 cycles: 33788241 heartbeat IPC: 0.4618 cumulative IPC: 0.4291 (Simulation time: 00 hr 02 min 10 sec)
Heartbeat CPU 0 instructions: 24000151 cycles: 34852320 heartbeat IPC: 0.4699 cumulative IPC: 0.4304 (Simulation time: 00 hr 02 min 14 sec)
Heartbeat CPU 0 instructions: 24500152 cycles: 35918655 heartbeat IPC: 0.4689 cumulative IPC: 0.4316 (Simulation time: 00 hr 02 min 18 sec)
Heartbeat CPU 0 instructions: 25000154 cycles: 37046080 heartbeat IPC: 0.4435 cumulative IPC: 0.432 (Simulation time: 00 hr 02 min 22 sec)
Heartbeat CPU 0 instructions: 25500156 cycles: 38374728 heartbeat IPC: 0.3763 cumulative IPC: 0.43 (Simulation time: 00 hr 02 min 27 sec)
Heartbeat CPU 0 instructions: 26000158 cycles: 39435043 heartbeat IPC: 0.4716 cumulative IPC: 0.4311 (Simulation time: 00 hr 02 min 31 sec)
Heartbeat CPU 0 instructions: 26500160 cycles: 40521581 heartbeat IPC: 0.4602 cumulative IPC: 0.432 (Simulation time: 00 hr 02 min 34 sec)
Heartbeat CPU 0 instructions: 27000164 cycles: 41639254 heartbeat IPC: 0.4474 cumulative IPC: 0.4324 (Simulation time: 00 hr 02 min 38 sec)
Heartbeat CPU 0 instructions: 27500169 cycles: 42714638 heartbeat IPC: 0.465 cumulative IPC: 0.4333 (Simulation time: 00 hr 02 min 42 sec)
Heartbeat CPU 0 instructions: 28000170 cycles: 43965856 heartbeat IPC: 0.3996 cumulative IPC: 0.4323 (Simulation time: 00 hr 02 min 47 sec)
Heartbeat CPU 0 instructions: 28500170 cycles: 45051858 heartbeat IPC: 0.4604 cumulative IPC: 0.433 (Simulation time: 00 hr 02 min 51 sec)
Heartbeat CPU 0 instructions: 29000177 cycles: 46079106 heartbeat IPC: 0.4867 cumulative IPC: 0.4342 (Simulation time: 00 hr 02 min 54 sec)
Heartbeat CPU 0 instructions: 29500179 cycles: 47173822 heartbeat IPC: 0.4567 cumulative IPC: 0.4348 (Simulation time: 00 hr 02 min 58 sec)
Heartbeat CPU 0 instructions: 30000184 cycles: 48193563 heartbeat IPC: 0.4903 cumulative IPC: 0.436 (Simulation time: 00 hr 03 min 02 sec)
Heartbeat CPU 0 instructions: 30500184 cycles: 49191185 heartbeat IPC: 0.5012 cumulative IPC: 0.4374 (Simulation time: 00 hr 03 min 06 sec)
Heartbeat CPU 0 instructions: 31000188 cycles: 50343228 heartbeat IPC: 0.434 cumulative IPC: 0.4373 (Simulation time: 00 hr 03 min 10 sec)
Heartbeat CPU 0 instructions: 31500188 cycles: 51490490 heartbeat IPC: 0.4358 cumulative IPC: 0.4373 (Simulation time: 00 hr 03 min 14 sec)
Heartbeat CPU 0 instructions: 32000190 cycles: 52497542 heartbeat IPC: 0.4965 cumulative IPC: 0.4385 (Simulation time: 00 hr 03 min 17 sec)
Heartbeat CPU 0 instructions: 32500191 cycles: 53570050 heartbeat IPC: 0.4662 cumulative IPC: 0.4391 (Simulation time: 00 hr 03 min 21 sec)
Heartbeat CPU 0 instructions: 33000193 cycles: 54591729 heartbeat IPC: 0.4894 cumulative IPC: 0.44 (Simulation time: 00 hr 03 min 25 sec)
Heartbeat CPU 0 instructions: 33500194 cycles: 55633991 heartbeat IPC: 0.4797 cumulative IPC: 0.4408 (Simulation time: 00 hr 03 min 29 sec)
Heartbeat CPU 0 instructions: 34000194 cycles: 56606032 heartbeat IPC: 0.5144 cumulative IPC: 0.4421 (Simulation time: 00 hr 03 min 33 sec)
Heartbeat CPU 0 instructions: 34500200 cycles: 57611988 heartbeat IPC: 0.497 cumulative IPC: 0.4431 (Simulation time: 00 hr 03 min 36 sec)
Heartbeat CPU 0 instructions: 35000204 cycles: 58703827 heartbeat IPC: 0.4579 cumulative IPC: 0.4434 (Simulation time: 00 hr 03 min 41 sec)
Heartbeat CPU 0 instructions: 35500206 cycles: 59665254 heartbeat IPC: 0.5201 cumulative IPC: 0.4447 (Simulation time: 00 hr 03 min 44 sec)
Heartbeat CPU 0 instructions: 36000212 cycles: 60645776 heartbeat IPC: 0.5099 cumulative IPC: 0.4458 (Simulation time: 00 hr 03 min 48 sec)
Heartbeat CPU 0 instructions: 36500216 cycles: 61706962 heartbeat IPC: 0.4712 cumulative IPC: 0.4463 (Simulation time: 00 hr 03 min 52 sec)
Heartbeat CPU 0 instructions: 37000220 cycles: 62738534 heartbeat IPC: 0.4847 cumulative IPC: 0.4469 (Simulation time: 00 hr 03 min 55 sec)
Heartbeat CPU 0 instructions: 37500220 cycles: 63875326 heartbeat IPC: 0.4398 cumulative IPC: 0.4468 (Simulation time: 00 hr 03 min 59 sec)
Heartbeat CPU 0 instructions: 38000220 cycles: 64984046 heartbeat IPC: 0.451 cumulative IPC: 0.4469 (Simulation time: 00 hr 04 min 04 sec)
Heartbeat CPU 0 instructions: 38500220 cycles: 65951789 heartbeat IPC: 0.5167 cumulative IPC: 0.4479 (Simulation time: 00 hr 04 min 07 sec)
Heartbeat CPU 0 instructions: 39000221 cycles: 66949998 heartbeat IPC: 0.5009 cumulative IPC: 0.4487 (Simulation time: 00 hr 04 min 11 sec)
Heartbeat CPU 0 instructions: 39500226 cycles: 67892756 heartbeat IPC: 0.5304 cumulative IPC: 0.4499 (Simulation time: 00 hr 04 min 14 sec)
Heartbeat CPU 0 instructions: 40000231 cycles: 68890636 heartbeat IPC: 0.5011 cumulative IPC: 0.4507 (Simulation time: 00 hr 04 min 18 sec)
Heartbeat CPU 0 instructions: 40500232 cycles: 69872234 heartbeat IPC: 0.5094 cumulative IPC: 0.4515 (Simulation time: 00 hr 04 min 22 sec)
Heartbeat CPU 0 instructions: 41000232 cycles: 70838482 heartbeat IPC: 0.5175 cumulative IPC: 0.4525 (Simulation time: 00 hr 04 min 26 sec)
Heartbeat CPU 0 instructions: 41500232 cycles: 71857483 heartbeat IPC: 0.4907 cumulative IPC: 0.453 (Simulation time: 00 hr 04 min 30 sec)
Heartbeat CPU 0 instructions: 42000236 cycles: 72937794 heartbeat IPC: 0.4628 cumulative IPC: 0.4532 (Simulation time: 00 hr 04 min 34 sec)
Heartbeat CPU 0 instructions: 42500236 cycles: 74057372 heartbeat IPC: 0.4466 cumulative IPC: 0.4531 (Simulation time: 00 hr 04 min 38 sec)
Heartbeat CPU 0 instructions: 43000241 cycles: 75039253 heartbeat IPC: 0.5092 cumulative IPC: 0.4538 (Simulation time: 00 hr 04 min 41 sec)
Heartbeat CPU 0 instructions: 43500248 cycles: 75999037 heartbeat IPC: 0.521 cumulative IPC: 0.4547 (Simulation time: 00 hr 04 min 45 sec)
Heartbeat CPU 0 instructions: 44000254 cycles: 76953955 heartbeat IPC: 0.5236 cumulative IPC: 0.4556 (Simulation time: 00 hr 04 min 49 sec)
Heartbeat CPU 0 instructions: 44500254 cycles: 77969948 heartbeat IPC: 0.4921 cumulative IPC: 0.4561 (Simulation time: 00 hr 04 min 52 sec)
Heartbeat CPU 0 instructions: 45000260 cycles: 78932095 heartbeat IPC: 0.5197 cumulative IPC: 0.4569 (Simulation time: 00 hr 04 min 56 sec)
Heartbeat CPU 0 instructions: 45500260 cycles: 80030935 heartbeat IPC: 0.455 cumulative IPC: 0.4568 (Simulation time: 00 hr 05 min 00 sec)
Heartbeat CPU 0 instructions: 46000267 cycles: 81110961 heartbeat IPC: 0.463 cumulative IPC: 0.4569 (Simulation time: 00 hr 05 min 04 sec)
Heartbeat CPU 0 instructions: 46500269 cycles: 82110606 heartbeat IPC: 0.5002 cumulative IPC: 0.4575 (Simulation time: 00 hr 05 min 08 sec)
Heartbeat CPU 0 instructions: 47000270 cycles: 83134965 heartbeat IPC: 0.4881 cumulative IPC: 0.4579 (Simulation time: 00 hr 05 min 12 sec)
Heartbeat CPU 0 instructions: 47500273 cycles: 84078788 heartbeat IPC: 0.5298 cumulative IPC: 0.4587 (Simulation time: 00 hr 05 min 16 sec)
Heartbeat CPU 0 instructions: 48000273 cycles: 85046146 heartbeat IPC: 0.5169 cumulative IPC: 0.4594 (Simulation time: 00 hr 05 min 19 sec)
Heartbeat CPU 0 instructions: 48500279 cycles: 86007046 heartbeat IPC: 0.5204 cumulative IPC: 0.4601 (Simulation time: 00 hr 05 min 23 sec)
Heartbeat CPU 0 instructions: 49000279 cycles: 86935283 heartbeat IPC: 0.5387 cumulative IPC: 0.4609 (Simulation time: 00 hr 05 min 27 sec)
Heartbeat CPU 0 instructions: 49500285 cycles: 87869964 heartbeat IPC: 0.5349 cumulative IPC: 0.4617 (Simulation time: 00 hr 05 min 30 sec)
Heartbeat CPU 0 instructions: 50000290 cycles: 88798306 heartbeat IPC: 0.5386 cumulative IPC: 0.4626 (Simulation time: 00 hr 05 min 34 sec)
Heartbeat CPU 0 instructions: 50500293 cycles: 89744115 heartbeat IPC: 0.5287 cumulative IPC: 0.4633 (Simulation time: 00 hr 05 min 37 sec)
Heartbeat CPU 0 instructions: 51000299 cycles: 90818251 heartbeat IPC: 0.4655 cumulative IPC: 0.4633 (Simulation time: 00 hr 05 min 41 sec)
Heartbeat CPU 0 instructions: 51500300 cycles: 91881525 heartbeat IPC: 0.4702 cumulative IPC: 0.4634 (Simulation time: 00 hr 05 min 45 sec)
Heartbeat CPU 0 instructions: 52000307 cycles: 92846775 heartbeat IPC: 0.518 cumulative IPC: 0.464 (Simulation time: 00 hr 05 min 49 sec)
Heartbeat CPU 0 instructions: 52500310 cycles: 93823721 heartbeat IPC: 0.5118 cumulative IPC: 0.4645 (Simulation time: 00 hr 05 min 53 sec)
Heartbeat CPU 0 instructions: 53000316 cycles: 94747100 heartbeat IPC: 0.5415 cumulative IPC: 0.4653 (Simulation time: 00 hr 05 min 57 sec)
Heartbeat CPU 0 instructions: 53500316 cycles: 95666576 heartbeat IPC: 0.5438 cumulative IPC: 0.466 (Simulation time: 00 hr 06 min 00 sec)
Heartbeat CPU 0 instructions: 54000316 cycles: 96623778 heartbeat IPC: 0.5224 cumulative IPC: 0.4666 (Simulation time: 00 hr 06 min 04 sec)
Heartbeat CPU 0 instructions: 54500318 cycles: 97550550 heartbeat IPC: 0.5395 cumulative IPC: 0.4673 (Simulation time: 00 hr 06 min 08 sec)
Heartbeat CPU 0 instructions: 55000322 cycles: 98454396 heartbeat IPC: 0.5532 cumulative IPC: 0.4681 (Simulation time: 00 hr 06 min 11 sec)
Heartbeat CPU 0 instructions: 55500327 cycles: 99366728 heartbeat IPC: 0.5481 cumulative IPC: 0.4689 (Simulation time: 00 hr 06 min 15 sec)
Heartbeat CPU 0 instructions: 56000331 cycles: 100254919 heartbeat IPC: 0.5629 cumulative IPC: 0.4697 (Simulation time: 00 hr 06 min 18 sec)
Heartbeat CPU 0 instructions: 56500332 cycles: 101158080 heartbeat IPC: 0.5536 cumulative IPC: 0.4705 (Simulation time: 00 hr 06 min 22 sec)
Heartbeat CPU 0 instructions: 57000335 cycles: 102078076 heartbeat IPC: 0.5435 cumulative IPC: 0.4712 (Simulation time: 00 hr 06 min 26 sec)
Heartbeat CPU 0 instructions: 57500336 cycles: 102945405 heartbeat IPC: 0.5765 cumulative IPC: 0.4721 (Simulation time: 00 hr 06 min 29 sec)
Heartbeat CPU 0 instructions: 58000337 cycles: 103855029 heartbeat IPC: 0.5497 cumulative IPC: 0.4728 (Simulation time: 00 hr 06 min 33 sec)
Heartbeat CPU 0 instructions: 58500344 cycles: 104768448 heartbeat IPC: 0.5474 cumulative IPC: 0.4734 (Simulation time: 00 hr 06 min 37 sec)
Heartbeat CPU 0 instructions: 59000345 cycles: 105665950 heartbeat IPC: 0.5571 cumulative IPC: 0.4742 (Simulation time: 00 hr 06 min 40 sec)
Heartbeat CPU 0 instructions: 59500349 cycles: 106602248 heartbeat IPC: 0.534 cumulative IPC: 0.4747 (Simulation time: 00 hr 06 min 44 sec)
Simulation finished CPU 0 instructions: 50000000 cycles: 105312738 cumulative IPC: 0.4748 (Simulation time: 00 hr 06 min 48 sec)
Simulation complete CPU 0 instructions: 50000000 cycles: 105312738 cumulative IPC: 0.4748 (Simulation time: 00 hr 06 min 48 sec)

ChampSim completed all CPUs

=== Simulation ===
CPU 0 runs traces/sssp-10.trace.gz

Region of Interest Statistics

CPU 0 cumulative IPC: 0.4748 instructions: 50000000 cycles: 105312738
CPU 0 Branch Prediction Accuracy: 94.11% MPKI: 8.664 Average ROB Occupancy at Mispredict: 58.06
Branch type MPKI
BRANCH_DIRECT_JUMP: 2e-05
BRANCH_INDIRECT: 0
BRANCH_CONDITIONAL: 8.664
BRANCH_DIRECT_CALL: 0
BRANCH_INDIRECT_CALL: 0
BRANCH_RETURN: 0

cpu0->cpu0_STLB TOTAL        ACCESS:     923010 HIT:     912216 MISS:      10794 MSHR_MERGE:          0
cpu0->cpu0_STLB LOAD         ACCESS:     923010 HIT:     912216 MISS:      10794 MSHR_MERGE:          0
cpu0->cpu0_STLB RFO          ACCESS:          0 HIT:          0 MISS:          0 MSHR_MERGE:          0
cpu0->cpu0_STLB PREFETCH     ACCESS:          0 HIT:          0 MISS:          0 MSHR_MERGE:          0
cpu0->cpu0_STLB WRITE        ACCESS:          0 HIT:          0 MISS:          0 MSHR_MERGE:          0
cpu0->cpu0_STLB TRANSLATION  ACCESS:          0 HIT:          0 MISS:          0 MSHR_MERGE:          0
cpu0->cpu0_STLB PREFETCH REQUESTED:          0 ISSUED:          0 USEFUL:          0 USELESS:          0
cpu0->cpu0_STLB AVERAGE MISS LATENCY: 286.1 cycles
cpu0->cpu0_L2C TOTAL        ACCESS:    3828359 HIT:    2581196 MISS:    1247163 MSHR_MERGE:      86767
cpu0->cpu0_L2C LOAD         ACCESS:    2263951 HIT:    1450371 MISS:     813580 MSHR_MERGE:      10634
cpu0->cpu0_L2C RFO          ACCESS:     272100 HIT:     218913 MISS:      53187 MSHR_MERGE:          0
cpu0->cpu0_L2C PREFETCH     ACCESS:     522655 HIT:     147638 MISS:     375017 MSHR_MERGE:      76133
cpu0->cpu0_L2C WRITE        ACCESS:     760952 HIT:     760838 MISS:        114 MSHR_MERGE:          0
cpu0->cpu0_L2C TRANSLATION  ACCESS:       8701 HIT:       3436 MISS:       5265 MSHR_MERGE:          0
cpu0->cpu0_L2C PREFETCH REQUESTED:     522872 ISSUED:     522655 USEFUL:     245747 USELESS:      37391
cpu0->cpu0_L2C AVERAGE MISS LATENCY: 180.1 cycles
cpu0->cpu0_L1I TOTAL        ACCESS:    2029740 HIT:    2029740 MISS:          0 MSHR_MERGE:          0
cpu0->cpu0_L1I LOAD         ACCESS:    2029740 HIT:    2029740 MISS:          0 MSHR_MERGE:          0
cpu0->cpu0_L1I RFO          ACCESS:          0 HIT:          0 MISS:          0 MSHR_MERGE:          0
cpu0->cpu0_L1I PREFETCH     ACCESS:          0 HIT:          0 MISS:          0 MSHR_MERGE:          0
cpu0->cpu0_L1I WRITE        ACCESS:          0 HIT:          0 MISS:          0 MSHR_MERGE:          0
cpu0->cpu0_L1I TRANSLATION  ACCESS:          0 HIT:          0 MISS:          0 MSHR_MERGE:          0
cpu0->cpu0_L1I PREFETCH REQUESTED:          0 ISSUED:          0 USEFUL:          0 USELESS:          0
cpu0->cpu0_L1I AVERAGE MISS LATENCY: - cycles
cpu0->cpu0_L1D TOTAL        ACCESS:   14334374 HIT:   11282196 MISS:    3052178 MSHR_MERGE:     507423
cpu0->cpu0_L1D LOAD         ACCESS:   12864606 HIT:   10207069 MISS:    2657537 MSHR_MERGE:     393586
cpu0->cpu0_L1D RFO          ACCESS:          0 HIT:          0 MISS:          0 MSHR_MERGE:          0
cpu0->cpu0_L1D PREFETCH     ACCESS:          0 HIT:          0 MISS:          0 MSHR_MERGE:          0
cpu0->cpu0_L1D WRITE        ACCESS:    1446943 HIT:    1061065 MISS:     385878 MSHR_MERGE:     113775
cpu0->cpu0_L1D TRANSLATION  ACCESS:      22825 HIT:      14062 MISS:       8763 MSHR_MERGE:         62
cpu0->cpu0_L1D PREFETCH REQUESTED:          0 ISSUED:          0 USEFUL:          0 USELESS:          0
cpu0->cpu0_L1D AVERAGE MISS LATENCY: 70.26 cycles
cpu0->cpu0_ITLB TOTAL        ACCESS:    2027473 HIT:    2027473 MISS:          0 MSHR_MERGE:          0
cpu0->cpu0_ITLB LOAD         ACCESS:    2027473 HIT:    2027473 MISS:          0 MSHR_MERGE:          0
cpu0->cpu0_ITLB RFO          ACCESS:          0 HIT:          0 MISS:          0 MSHR_MERGE:          0
cpu0->cpu0_ITLB PREFETCH     ACCESS:          0 HIT:          0 MISS:          0 MSHR_MERGE:          0
cpu0->cpu0_ITLB WRITE        ACCESS:          0 HIT:          0 MISS:          0 MSHR_MERGE:          0
cpu0->cpu0_ITLB TRANSLATION  ACCESS:          0 HIT:          0 MISS:          0 MSHR_MERGE:          0
cpu0->cpu0_ITLB PREFETCH REQUESTED:          0 ISSUED:          0 USEFUL:          0 USELESS:          0
cpu0->cpu0_ITLB AVERAGE MISS LATENCY: - cycles
cpu0->cpu0_DTLB TOTAL        ACCESS:   14233678 HIT:   13049103 MISS:    1184575 MSHR_MERGE:     261565
cpu0->cpu0_DTLB LOAD         ACCESS:   14233678 HIT:   13049103 MISS:    1184575 MSHR_MERGE:     261565
cpu0->cpu0_DTLB RFO          ACCESS:          0 HIT:          0 MISS:          0 MSHR_MERGE:          0
cpu0->cpu0_DTLB PREFETCH     ACCESS:          0 HIT:          0 MISS:          0 MSHR_MERGE:          0
cpu0->cpu0_DTLB WRITE        ACCESS:          0 HIT:          0 MISS:          0 MSHR_MERGE:          0
cpu0->cpu0_DTLB TRANSLATION  ACCESS:          0 HIT:          0 MISS:          0 MSHR_MERGE:          0
cpu0->cpu0_DTLB PREFETCH REQUESTED:          0 ISSUED:          0 USEFUL:          0 USELESS:          0
cpu0->cpu0_DTLB AVERAGE MISS LATENCY: 8.366 cycles
cpu0->LLC TOTAL        ACCESS:    1572957 HIT:     767453 MISS:     805504 MSHR_MERGE:      16055
cpu0->LLC LOAD         ACCESS:     802946 HIT:     502148 MISS:     300798 MSHR_MERGE:      14311
cpu0->LLC RFO          ACCESS:      53187 HIT:       3148 MISS:      50039 MSHR_MERGE:          0
cpu0->LLC PREFETCH     ACCESS:     298884 HIT:      26514 MISS:     272370 MSHR_MERGE:       1744
cpu0->LLC WRITE        ACCESS:     412675 HIT:     235307 MISS:     177368 MSHR_MERGE:          0
cpu0->LLC TRANSLATION  ACCESS:       5265 HIT:        336 MISS:       4929 MSHR_MERGE:          0
cpu0->LLC PREFETCH REQUESTED:          0 ISSUED:          0 USEFUL:          0 USELESS:          0
cpu0->LLC AVERAGE MISS LATENCY: 253.8 cycles

DRAM Statistics

Channel 0 RQ ROW_BUFFER_HIT:       5938
  ROW_BUFFER_MISS:     605663
  AVG DBUS CONGESTED CYCLE: 4.144
Channel 0 WQ ROW_BUFFER_HIT:      47746
  ROW_BUFFER_MISS:     160759
  FULL:          0
Channel 0 REFRESHES ISSUED:       8776
