[VMEM] WARNING: physical memory size is smaller than virtual memory size.

*** ChampSim Multicore Out-of-Order Simulator ***
Warmup Instructions: 10000000
Simulation Instructions: 50000000
Number of CPUs: 1
Page size: 4096
Core 0: traces/GAP/bc-0.trace
 L1D Berti prefetcher
Off-chip DRAM Size: 64 GiB Channels: 1 Width: 64-bit Data Rate: 4807 MT/s
Heartbeat CPU 0 instructions: 500003 cycles: 508681 heartbeat IPC: 0.9829 cumulative IPC: 0.9829 (Simulation time: 00 hr 00 min 02 sec)
Heartbeat CPU 0 instructions: 1000003 cycles: 1015094 heartbeat IPC: 0.9873 cumulative IPC: 0.9851 (Simulation time: 00 hr 00 min 04 sec)
Heartbeat CPU 0 instructions: 1500003 cycles: 1521032 heartbeat IPC: 0.9883 cumulative IPC: 0.9862 (Simulation time: 00 hr 00 min 06 sec)
Heartbeat CPU 0 instructions: 2000010 cycles: 1877363 heartbeat IPC: 1.403 cumulative IPC: 1.065 (Simulation time: 00 hr 00 min 08 sec)
Heartbeat CPU 0 instructions: 2500015 cycles: 1986190 heartbeat IPC: 4.594 cumulative IPC: 1.259 (Simulation time: 00 hr 00 min 09 sec)
Heartbeat CPU 0 instructions: 3000019 cycles: 2091449 heartbeat IPC: 4.75 cumulative IPC: 1.434 (Simulation time: 00 hr 00 min 11 sec)
Heartbeat CPU 0 instructions: 3500026 cycles: 2199332 heartbeat IPC: 4.635 cumulative IPC: 1.591 (Simulation time: 00 hr 00 min 12 sec)
Heartbeat CPU 0 instructions: 4000026 cycles: 2301960 heartbeat IPC: 4.872 cumulative IPC: 1.738 (Simulation time: 00 hr 00 min 13 sec)
Heartbeat CPU 0 instructions: 4500030 cycles: 2414717 heartbeat IPC: 4.434 cumulative IPC: 1.864 (Simulation time: 00 hr 00 min 15 sec)
Heartbeat CPU 0 instructions: 5000031 cycles: 2526677 heartbeat IPC: 4.466 cumulative IPC: 1.979 (Simulation time: 00 hr 00 min 16 sec)
Heartbeat CPU 0 instructions: 5500034 cycles: 2632521 heartbeat IPC: 4.724 cumulative IPC: 2.089 (Simulation time: 00 hr 00 min 17 sec)
Heartbeat CPU 0 instructions: 6000037 cycles: 2744727 heartbeat IPC: 4.456 cumulative IPC: 2.186 (Simulation time: 00 hr 00 min 19 sec)
Heartbeat CPU 0 instructions: 6500042 cycles: 2851230 heartbeat IPC: 4.695 cumulative IPC: 2.28 (Simulation time: 00 hr 00 min 20 sec)
Heartbeat CPU 0 instructions: 7000042 cycles: 2960142 heartbeat IPC: 4.591 cumulative IPC: 2.365 (Simulation time: 00 hr 00 min 21 sec)
Heartbeat CPU 0 instructions: 7500045 cycles: 3062401 heartbeat IPC: 4.89 cumulative IPC: 2.449 (Simulation time: 00 hr 00 min 22 sec)
Heartbeat CPU 0 instructions: 8000052 cycles: 3170374 heartbeat IPC: 4.631 cumulative IPC: 2.523 (Simulation time: 00 hr 00 min 24 sec)
Heartbeat CPU 0 instructions: 8500052 cycles: 3275761 heartbeat IPC: 4.744 cumulative IPC: 2.595 (Simulation time: 00 hr 00 min 25 sec)
Heartbeat CPU 0 instructions: 9000052 cycles: 3387576 heartbeat IPC: 4.472 cumulative IPC: 2.657 (Simulation time: 00 hr 00 min 26 sec)
Heartbeat CPU 0 instructions: 9500052 cycles: 3493608 heartbeat IPC: 4.716 cumulative IPC: 2.719 (Simulation time: 00 hr 00 min 27 sec)
Warmup finished CPU 0 instructions: 10000003 cycles: 3598707 cumulative IPC: 2.779 (Simulation time: 00 hr 00 min 29 sec)
Warmup complete CPU 0 instructions: 10000003 cycles: 3598707 cumulative IPC: 2.779 (Simulation time: 00 hr 00 min 29 sec)
Heartbeat CPU 0 instructions: 10000054 cycles: 3598942 heartbeat IPC: 4.747 cumulative IPC: 0.217 (Simulation time: 00 hr 00 min 29 sec)
Heartbeat CPU 0 instructions: 10500060 cycles: 5933647 heartbeat IPC: 0.2142 cumulative IPC: 0.2142 (Simulation time: 00 hr 00 min 38 sec)
Heartbeat CPU 0 instructions: 11000064 cycles: 8141599 heartbeat IPC: 0.2265 cumulative IPC: 0.2201 (Simulation time: 00 hr 00 min 47 sec)
Heartbeat CPU 0 instructions: 11500064 cycles: 10317299 heartbeat IPC: 0.2298 cumulative IPC: 0.2233 (Simulation time: 00 hr 00 min 56 sec)
Heartbeat CPU 0 instructions: 12000065 cycles: 12120154 heartbeat IPC: 0.2773 cumulative IPC: 0.2347 (Simulation time: 00 hr 01 min 04 sec)
Heartbeat CPU 0 instructions: 12500066 cycles: 14367236 heartbeat IPC: 0.2225 cumulative IPC: 0.2322 (Simulation time: 00 hr 01 min 13 sec)
Heartbeat CPU 0 instructions: 13000068 cycles: 16696918 heartbeat IPC: 0.2146 cumulative IPC: 0.229 (Simulation time: 00 hr 01 min 23 sec)
Heartbeat CPU 0 instructions: 13500074 cycles: 18966155 heartbeat IPC: 0.2203 cumulative IPC: 0.2278 (Simulation time: 00 hr 01 min 33 sec)
Heartbeat CPU 0 instructions: 14000078 cycles: 21228738 heartbeat IPC: 0.221 cumulative IPC: 0.2269 (Simulation time: 00 hr 01 min 42 sec)
Heartbeat CPU 0 instructions: 14500085 cycles: 23432892 heartbeat IPC: 0.2268 cumulative IPC: 0.2269 (Simulation time: 00 hr 01 min 52 sec)
Heartbeat CPU 0 instructions: 15000089 cycles: 25566008 heartbeat IPC: 0.2344 cumulative IPC: 0.2276 (Simulation time: 00 hr 02 min 01 sec)
Heartbeat CPU 0 instructions: 15500091 cycles: 27744050 heartbeat IPC: 0.2296 cumulative IPC: 0.2278 (Simulation time: 00 hr 02 min 10 sec)
Heartbeat CPU 0 instructions: 16000096 cycles: 29931114 heartbeat IPC: 0.2286 cumulative IPC: 0.2279 (Simulation time: 00 hr 02 min 19 sec)
Heartbeat CPU 0 instructions: 16500101 cycles: 32153962 heartbeat IPC: 0.2249 cumulative IPC: 0.2276 (Simulation time: 00 hr 02 min 29 sec)
Heartbeat CPU 0 instructions: 17000102 cycles: 34448374 heartbeat IPC: 0.2179 cumulative IPC: 0.2269 (Simulation time: 00 hr 02 min 39 sec)
Heartbeat CPU 0 instructions: 17500102 cycles: 36669561 heartbeat IPC: 0.2251 cumulative IPC: 0.2268 (Simulation time: 00 hr 02 min 48 sec)
Heartbeat CPU 0 instructions: 18000109 cycles: 38515581 heartbeat IPC: 0.2709 cumulative IPC: 0.2291 (Simulation time: 00 hr 02 min 57 sec)
Heartbeat CPU 0 instructions: 18500112 cycles: 40864035 heartbeat IPC: 0.2129 cumulative IPC: 0.2281 (Simulation time: 00 hr 03 min 07 sec)
Heartbeat CPU 0 instructions: 19000117 cycles: 43057252 heartbeat IPC: 0.228 cumulative IPC: 0.2281 (Simulation time: 00 hr 03 min 16 sec)
Heartbeat CPU 0 instructions: 19500123 cycles: 45277857 heartbeat IPC: 0.2252 cumulative IPC: 0.2279 (Simulation time: 00 hr 03 min 25 sec)
Heartbeat CPU 0 instructions: 20000129 cycles: 47617030 heartbeat IPC: 0.2138 cumulative IPC: 0.2272 (Simulation time: 00 hr 03 min 35 sec)
Heartbeat CPU 0 instructions: 20500131 cycles: 49818529 heartbeat IPC: 0.2271 cumulative IPC: 0.2272 (Simulation time: 00 hr 03 min 45 sec)
Heartbeat CPU 0 instructions: 21000134 cycles: 52147962 heartbeat IPC: 0.2146 cumulative IPC: 0.2266 (Simulation time: 00 hr 03 min 55 sec)
Heartbeat CPU 0 instructions: 21500137 cycles: 54314376 heartbeat IPC: 0.2308 cumulative IPC: 0.2268 (Simulation time: 00 hr 04 min 04 sec)
Heartbeat CPU 0 instructions: 22000137 cycles: 56636996 heartbeat IPC: 0.2153 cumulative IPC: 0.2263 (Simulation time: 00 hr 04 min 14 sec)
Heartbeat CPU 0 instructions: 22500138 cycles: 59003058 heartbeat IPC: 0.2113 cumulative IPC: 0.2256 (Simulation time: 00 hr 04 min 24 sec)
Heartbeat CPU 0 instructions: 23000140 cycles: 61326138 heartbeat IPC: 0.2152 cumulative IPC: 0.2252 (Simulation time: 00 hr 04 min 34 sec)
Heartbeat CPU 0 instructions: 23500142 cycles: 63622097 heartbeat IPC: 0.2178 cumulative IPC: 0.2249 (Simulation time: 00 hr 04 min 44 sec)
Heartbeat CPU 0 instructions: 24000142 cycles: 66047044 heartbeat IPC: 0.2062 cumulative IPC: 0.2242 (Simulation time: 00 hr 04 min 54 sec)
Heartbeat CPU 0 instructions: 24500142 cycles: 68351476 heartbeat IPC: 0.217 cumulative IPC: 0.2239 (Simulation time: 00 hr 05 min 04 sec)
Heartbeat CPU 0 instructions: 25000142 cycles: 70661808 heartbeat IPC: 0.2164 cumulative IPC: 0.2237 (Simulation time: 00 hr 05 min 14 sec)
Heartbeat CPU 0 instructions: 25500144 cycles: 72956332 heartbeat IPC: 0.2179 cumulative IPC: 0.2235 (Simulation time: 00 hr 05 min 24 sec)
Heartbeat CPU 0 instructions: 26000150 cycles: 75250791 heartbeat IPC: 0.2179 cumulative IPC: 0.2233 (Simulation time: 00 hr 05 min 33 sec)
Heartbeat CPU 0 instructions: 26500151 cycles: 77586943 heartbeat IPC: 0.214 cumulative IPC: 0.223 (Simulation time: 00 hr 05 min 43 sec)
Heartbeat CPU 0 instructions: 27000153 cycles: 79832588 heartbeat IPC: 0.2227 cumulative IPC: 0.223 (Simulation time: 00 hr 05 min 53 sec)
Heartbeat CPU 0 instructions: 27500158 cycles: 82208263 heartbeat IPC: 0.2105 cumulative IPC: 0.2226 (Simulation time: 00 hr 06 min 03 sec)
Heartbeat CPU 0 instructions: 28000159 cycles: 84383421 heartbeat IPC: 0.2299 cumulative IPC: 0.2228 (Simulation time: 00 hr 06 min 12 sec)
Heartbeat CPU 0 instructions: 28500165 cycles: 86578091 heartbeat IPC: 0.2278 cumulative IPC: 0.2229 (Simulation time: 00 hr 06 min 21 sec)
Heartbeat CPU 0 instructions: 29000167 cycles: 88929433 heartbeat IPC: 0.2126 cumulative IPC: 0.2227 (Simulation time: 00 hr 06 min 31 sec)
Heartbeat CPU 0 instructions: 29500168 cycles: 91177738 heartbeat IPC: 0.2224 cumulative IPC: 0.2227 (Simulation time: 00 hr 06 min 41 sec)
Heartbeat CPU 0 instructions: 30000168 cycles: 93579888 heartbeat IPC: 0.2081 cumulative IPC: 0.2223 (Simulation time: 00 hr 06 min 51 sec)
Heartbeat CPU 0 instructions: 30500169 cycles: 95908865 heartbeat IPC: 0.2147 cumulative IPC: 0.2221 (Simulation time: 00 hr 07 min 01 sec)
Heartbeat CPU 0 instructions: 31000172 cycles: 98121230 heartbeat IPC: 0.226 cumulative IPC: 0.2222 (Simulation time: 00 hr 07 min 10 sec)
Heartbeat CPU 0 instructions: 31500178 cycles: 100507822 heartbeat IPC: 0.2095 cumulative IPC: 0.2219 (Simulation time: 00 hr 07 min 20 sec)
Heartbeat CPU 0 instructions: 32000179 cycles: 102745420 heartbeat IPC: 0.2235 cumulative IPC: 0.2219 (Simulation time: 00 hr 07 min 30 sec)
Heartbeat CPU 0 instructions: 32500184 cycles: 104781391 heartbeat IPC: 0.2456 cumulative IPC: 0.2224 (Simulation time: 00 hr 07 min 39 sec)
Heartbeat CPU 0 instructions: 33000187 cycles: 107264964 heartbeat IPC: 0.2013 cumulative IPC: 0.2219 (Simulation time: 00 hr 07 min 49 sec)
Heartbeat CPU 0 instructions: 33500187 cycles: 109563118 heartbeat IPC: 0.2176 cumulative IPC: 0.2218 (Simulation time: 00 hr 07 min 59 sec)
Heartbeat CPU 0 instructions: 34000191 cycles: 111825686 heartbeat IPC: 0.221 cumulative IPC: 0.2218 (Simulation time: 00 hr 08 min 09 sec)
Heartbeat CPU 0 instructions: 34500195 cycles: 114101309 heartbeat IPC: 0.2197 cumulative IPC: 0.2217 (Simulation time: 00 hr 08 min 18 sec)
Heartbeat CPU 0 instructions: 35000196 cycles: 116442086 heartbeat IPC: 0.2136 cumulative IPC: 0.2215 (Simulation time: 00 hr 08 min 29 sec)
Heartbeat CPU 0 instructions: 35500196 cycles: 118563343 heartbeat IPC: 0.2357 cumulative IPC: 0.2218 (Simulation time: 00 hr 08 min 38 sec)
Heartbeat CPU 0 instructions: 36000196 cycles: 120724362 heartbeat IPC: 0.2314 cumulative IPC: 0.222 (Simulation time: 00 hr 08 min 47 sec)
Heartbeat CPU 0 instructions: 36500200 cycles: 123097229 heartbeat IPC: 0.2107 cumulative IPC: 0.2218 (Simulation time: 00 hr 08 min 57 sec)
Heartbeat CPU 0 instructions: 37000200 cycles: 125350242 heartbeat IPC: 0.2219 cumulative IPC: 0.2218 (Simulation time: 00 hr 09 min 06 sec)
Heartbeat CPU 0 instructions: 37500202 cycles: 127881820 heartbeat IPC: 0.1975 cumulative IPC: 0.2213 (Simulation time: 00 hr 09 min 17 sec)
Heartbeat CPU 0 instructions: 38000202 cycles: 130315271 heartbeat IPC: 0.2055 cumulative IPC: 0.221 (Simulation time: 00 hr 09 min 27 sec)
Heartbeat CPU 0 instructions: 38500205 cycles: 132543147 heartbeat IPC: 0.2244 cumulative IPC: 0.221 (Simulation time: 00 hr 09 min 36 sec)
Heartbeat CPU 0 instructions: 39000208 cycles: 134899867 heartbeat IPC: 0.2122 cumulative IPC: 0.2209 (Simulation time: 00 hr 09 min 46 sec)
Heartbeat CPU 0 instructions: 39500210 cycles: 136778434 heartbeat IPC: 0.2662 cumulative IPC: 0.2215 (Simulation time: 00 hr 09 min 54 sec)
Heartbeat CPU 0 instructions: 40000216 cycles: 139131094 heartbeat IPC: 0.2125 cumulative IPC: 0.2214 (Simulation time: 00 hr 10 min 04 sec)
Heartbeat CPU 0 instructions: 40500223 cycles: 141398940 heartbeat IPC: 0.2205 cumulative IPC: 0.2213 (Simulation time: 00 hr 10 min 14 sec)
Heartbeat CPU 0 instructions: 41000223 cycles: 143884701 heartbeat IPC: 0.2011 cumulative IPC: 0.221 (Simulation time: 00 hr 10 min 24 sec)
Heartbeat CPU 0 instructions: 41500223 cycles: 146376731 heartbeat IPC: 0.2006 cumulative IPC: 0.2206 (Simulation time: 00 hr 10 min 35 sec)
Heartbeat CPU 0 instructions: 42000225 cycles: 148832973 heartbeat IPC: 0.2036 cumulative IPC: 0.2203 (Simulation time: 00 hr 10 min 45 sec)
Heartbeat CPU 0 instructions: 42500228 cycles: 151288371 heartbeat IPC: 0.2036 cumulative IPC: 0.2201 (Simulation time: 00 hr 10 min 55 sec)
Heartbeat CPU 0 instructions: 43000235 cycles: 153240486 heartbeat IPC: 0.2561 cumulative IPC: 0.2205 (Simulation time: 00 hr 11 min 03 sec)
Heartbeat CPU 0 instructions: 43500239 cycles: 155540357 heartbeat IPC: 0.2174 cumulative IPC: 0.2205 (Simulation time: 00 hr 11 min 13 sec)
Heartbeat CPU 0 instructions: 44000242 cycles: 157684592 heartbeat IPC: 0.2332 cumulative IPC: 0.2207 (Simulation time: 00 hr 11 min 22 sec)
Heartbeat CPU 0 instructions: 44500246 cycles: 159752630 heartbeat IPC: 0.2418 cumulative IPC: 0.2209 (Simulation time: 00 hr 11 min 31 sec)
Heartbeat CPU 0 instructions: 45000249 cycles: 162113895 heartbeat IPC: 0.2118 cumulative IPC: 0.2208 (Simulation time: 00 hr 11 min 42 sec)
Heartbeat CPU 0 instructions: 45500255 cycles: 164032186 heartbeat IPC: 0.2607 cumulative IPC: 0.2213 (Simulation time: 00 hr 11 min 50 sec)
Heartbeat CPU 0 instructions: 46000259 cycles: 166413703 heartbeat IPC: 0.21 cumulative IPC: 0.2211 (Simulation time: 00 hr 12 min 00 sec)
Heartbeat CPU 0 instructions: 46500260 cycles: 168877485 heartbeat IPC: 0.2029 cumulative IPC: 0.2208 (Simulation time: 00 hr 12 min 11 sec)
Heartbeat CPU 0 instructions: 47000263 cycles: 171331221 heartbeat IPC: 0.2038 cumulative IPC: 0.2206 (Simulation time: 00 hr 12 min 21 sec)
Heartbeat CPU 0 instructions: 47500267 cycles: 173653615 heartbeat IPC: 0.2153 cumulative IPC: 0.2205 (Simulation time: 00 hr 12 min 30 sec)
Heartbeat CPU 0 instructions: 48000272 cycles: 176007457 heartbeat IPC: 0.2124 cumulative IPC: 0.2204 (Simulation time: 00 hr 12 min 40 sec)
Heartbeat CPU 0 instructions: 48500277 cycles: 178389936 heartbeat IPC: 0.2099 cumulative IPC: 0.2203 (Simulation time: 00 hr 12 min 50 sec)
Heartbeat CPU 0 instructions: 49000279 cycles: 180880753 heartbeat IPC: 0.2007 cumulative IPC: 0.22 (Simulation time: 00 hr 13 min 01 sec)
Heartbeat CPU 0 instructions: 49500280 cycles: 183166127 heartbeat IPC: 0.2188 cumulative IPC: 0.22 (Simulation time: 00 hr 13 min 10 sec)
Heartbeat CPU 0 instructions: 50000280 cycles: 185565785 heartbeat IPC: 0.2084 cumulative IPC: 0.2198 (Simulation time: 00 hr 13 min 21 sec)
Heartbeat CPU 0 instructions: 50500280 cycles: 187947441 heartbeat IPC: 0.2099 cumulative IPC: 0.2197 (Simulation time: 00 hr 13 min 31 sec)
Heartbeat CPU 0 instructions: 51000281 cycles: 190341187 heartbeat IPC: 0.2089 cumulative IPC: 0.2196 (Simulation time: 00 hr 13 min 41 sec)
Heartbeat CPU 0 instructions: 51500284 cycles: 192725273 heartbeat IPC: 0.2097 cumulative IPC: 0.2194 (Simulation time: 00 hr 13 min 51 sec)
Heartbeat CPU 0 instructions: 52000284 cycles: 195071705 heartbeat IPC: 0.2131 cumulative IPC: 0.2194 (Simulation time: 00 hr 14 min 01 sec)
Heartbeat CPU 0 instructions: 52500284 cycles: 197208376 heartbeat IPC: 0.234 cumulative IPC: 0.2195 (Simulation time: 00 hr 14 min 10 sec)
Heartbeat CPU 0 instructions: 53000286 cycles: 199340998 heartbeat IPC: 0.2345 cumulative IPC: 0.2197 (Simulation time: 00 hr 14 min 20 sec)
Heartbeat CPU 0 instructions: 53500286 cycles: 201824327 heartbeat IPC: 0.2013 cumulative IPC: 0.2194 (Simulation time: 00 hr 14 min 30 sec)
Heartbeat CPU 0 instructions: 54000286 cycles: 204114133 heartbeat IPC: 0.2184 cumulative IPC: 0.2194 (Simulation time: 00 hr 14 min 40 sec)
Heartbeat CPU 0 instructions: 54500292 cycles: 206385934 heartbeat IPC: 0.2201 cumulative IPC: 0.2194 (Simulation time: 00 hr 14 min 50 sec)
Heartbeat CPU 0 instructions: 55000297 cycles: 208689299 heartbeat IPC: 0.2171 cumulative IPC: 0.2194 (Simulation time: 00 hr 15 min 00 sec)
Heartbeat CPU 0 instructions: 55500297 cycles: 211090439 heartbeat IPC: 0.2082 cumulative IPC: 0.2193 (Simulation time: 00 hr 15 min 10 sec)
Heartbeat CPU 0 instructions: 56000297 cycles: 213481709 heartbeat IPC: 0.2091 cumulative IPC: 0.2192 (Simulation time: 00 hr 15 min 20 sec)
Heartbeat CPU 0 instructions: 56500297 cycles: 215965911 heartbeat IPC: 0.2013 cumulative IPC: 0.219 (Simulation time: 00 hr 15 min 31 sec)
Heartbeat CPU 0 instructions: 57000298 cycles: 218314699 heartbeat IPC: 0.2129 cumulative IPC: 0.2189 (Simulation time: 00 hr 15 min 40 sec)
Heartbeat CPU 0 instructions: 57500300 cycles: 220736060 heartbeat IPC: 0.2065 cumulative IPC: 0.2188 (Simulation time: 00 hr 15 min 51 sec)
Heartbeat CPU 0 instructions: 58000300 cycles: 223275917 heartbeat IPC: 0.1969 cumulative IPC: 0.2185 (Simulation time: 00 hr 16 min 01 sec)
Heartbeat CPU 0 instructions: 58500300 cycles: 225177310 heartbeat IPC: 0.263 cumulative IPC: 0.2189 (Simulation time: 00 hr 16 min 10 sec)
Heartbeat CPU 0 instructions: 59000302 cycles: 227627319 heartbeat IPC: 0.2041 cumulative IPC: 0.2187 (Simulation time: 00 hr 16 min 20 sec)
Heartbeat CPU 0 instructions: 59500302 cycles: 229844055 heartbeat IPC: 0.2256 cumulative IPC: 0.2188 (Simulation time: 00 hr 16 min 30 sec)
Simulation finished CPU 0 instructions: 50000007 cycles: 228374969 cumulative IPC: 0.2189 (Simulation time: 00 hr 16 min 39 sec)
Simulation complete CPU 0 instructions: 50000007 cycles: 228374969 cumulative IPC: 0.2189 (Simulation time: 00 hr 16 min 39 sec)

ChampSim completed all CPUs

=== Simulation ===
CPU 0 runs traces/GAP/bc-0.trace

Region of Interest Statistics

CPU 0 cumulative IPC: 0.2189 instructions: 50000007 cycles: 228374969
CPU 0 Branch Prediction Accuracy: 87.71% MPKI: 23.18 Average ROB Occupancy at Mispredict: 50.63
Branch type MPKI
BRANCH_DIRECT_JUMP: 0
BRANCH_INDIRECT: 0
BRANCH_CONDITIONAL: 23.18
BRANCH_DIRECT_CALL: 0
BRANCH_INDIRECT_CALL: 0
BRANCH_RETURN: 0

cpu0->cpu0_STLB TOTAL        ACCESS:    1485214 HIT:     782674 MISS:     702540 MSHR_MERGE:          0
cpu0->cpu0_STLB LOAD         ACCESS:    1485214 HIT:     782674 MISS:     702540 MSHR_MERGE:          0
cpu0->cpu0_STLB RFO          ACCESS:          0 HIT:          0 MISS:          0 MSHR_MERGE:          0
cpu0->cpu0_STLB PREFETCH     ACCESS:          0 HIT:          0 MISS:          0 MSHR_MERGE:          0
cpu0->cpu0_STLB WRITE        ACCESS:          0 HIT:          0 MISS:          0 MSHR_MERGE:          0
cpu0->cpu0_STLB TRANSLATION  ACCESS:          0 HIT:          0 MISS:          0 MSHR_MERGE:          0
cpu0->cpu0_STLB PREFETCH REQUESTED:          0 ISSUED:          0 USEFUL:          0 USELESS:          0
cpu0->cpu0_STLB AVERAGE MISS LATENCY: 27.11 cycles
cpu0->cpu0_L2C TOTAL        ACCESS:   20087973 HIT:    7493194 MISS:   12594779 MSHR_MERGE:    2103562
cpu0->cpu0_L2C LOAD         ACCESS:    3759182 HIT:    1341273 MISS:    2417909 MSHR_MERGE:     176702
cpu0->cpu0_L2C RFO          ACCESS:      29998 HIT:       2377 MISS:      27621 MSHR_MERGE:          0
cpu0->cpu0_L2C PREFETCH     ACCESS:   14745875 HIT:    4628166 MISS:   10117709 MSHR_MERGE:    1926860
cpu0->cpu0_L2C WRITE        ACCESS:    1330681 HIT:    1330650 MISS:         31 MSHR_MERGE:          0
cpu0->cpu0_L2C TRANSLATION  ACCESS:     222237 HIT:     190728 MISS:      31509 MSHR_MERGE:          0
cpu0->cpu0_L2C PREFETCH REQUESTED:   14624695 ISSUED:   12585707 USEFUL:    1210272 USELESS:    5540370
cpu0->cpu0_L2C AVERAGE MISS LATENCY: 179.5 cycles
cpu0->cpu0_L1I TOTAL        ACCESS:      64285 HIT:      64285 MISS:          0 MSHR_MERGE:          0
cpu0->cpu0_L1I LOAD         ACCESS:      64285 HIT:      64285 MISS:          0 MSHR_MERGE:          0
cpu0->cpu0_L1I RFO          ACCESS:          0 HIT:          0 MISS:          0 MSHR_MERGE:          0
cpu0->cpu0_L1I PREFETCH     ACCESS:          0 HIT:          0 MISS:          0 MSHR_MERGE:          0
cpu0->cpu0_L1I WRITE        ACCESS:          0 HIT:          0 MISS:          0 MSHR_MERGE:          0
cpu0->cpu0_L1I TRANSLATION  ACCESS:          0 HIT:          0 MISS:          0 MSHR_MERGE:          0
cpu0->cpu0_L1I PREFETCH REQUESTED:          0 ISSUED:          0 USEFUL:          0 USELESS:          0
cpu0->cpu0_L1I AVERAGE MISS LATENCY: - cycles
cpu0->cpu0_L1D TOTAL        ACCESS:   19037479 HIT:   12587551 MISS:    6449928 MSHR_MERGE:     278358
cpu0->cpu0_L1D LOAD         ACCESS:   12635604 HIT:    8698745 MISS:    3936859 MSHR_MERGE:     177678
cpu0->cpu0_L1D RFO          ACCESS:          0 HIT:          0 MISS:          0 MSHR_MERGE:          0
cpu0->cpu0_L1D PREFETCH     ACCESS:    2320707 HIT:     120944 MISS:    2199763 MSHR_MERGE:      39611
cpu0->cpu0_L1D WRITE        ACCESS:    2701457 HIT:    2624986 MISS:      76471 MSHR_MERGE:      46471
cpu0->cpu0_L1D TRANSLATION  ACCESS:    1379711 HIT:    1142876 MISS:     236835 MSHR_MERGE:      14598
cpu0->cpu0_L1D PREFETCH REQUESTED:    2331293 ISSUED:    2320699 USEFUL:     358489 USELESS:    1801540
cpu0->cpu0_L1D AVERAGE MISS LATENCY: 120.7 cycles
cpu0->cpu0_ITLB TOTAL        ACCESS:      50074 HIT:      50074 MISS:          0 MSHR_MERGE:          0
cpu0->cpu0_ITLB LOAD         ACCESS:      50074 HIT:      50074 MISS:          0 MSHR_MERGE:          0
cpu0->cpu0_ITLB RFO          ACCESS:          0 HIT:          0 MISS:          0 MSHR_MERGE:          0
cpu0->cpu0_ITLB PREFETCH     ACCESS:          0 HIT:          0 MISS:          0 MSHR_MERGE:          0
cpu0->cpu0_ITLB WRITE        ACCESS:          0 HIT:          0 MISS:          0 MSHR_MERGE:          0
cpu0->cpu0_ITLB TRANSLATION  ACCESS:          0 HIT:          0 MISS:          0 MSHR_MERGE:          0
cpu0->cpu0_ITLB PREFETCH REQUESTED:          0 ISSUED:          0 USEFUL:          0 USELESS:          0
cpu0->cpu0_ITLB AVERAGE MISS LATENCY: - cycles
cpu0->cpu0_DTLB TOTAL        ACCESS:   17102296 HIT:   15125038 MISS:    1977258 MSHR_MERGE:     492044
cpu0->cpu0_DTLB LOAD         ACCESS:   17102296 HIT:   15125038 MISS:    1977258 MSHR_MERGE:     492044
cpu0->cpu0_DTLB RFO          ACCESS:          0 HIT:          0 MISS:          0 MSHR_MERGE:          0
cpu0->cpu0_DTLB PREFETCH     ACCESS:          0 HIT:          0 MISS:          0 MSHR_MERGE:          0
cpu0->cpu0_DTLB WRITE        ACCESS:          0 HIT:          0 MISS:          0 MSHR_MERGE:          0
cpu0->cpu0_DTLB TRANSLATION  ACCESS:          0 HIT:          0 MISS:          0 MSHR_MERGE:          0
cpu0->cpu0_DTLB PREFETCH REQUESTED:          0 ISSUED:          0 USEFUL:          0 USELESS:          0
cpu0->cpu0_DTLB AVERAGE MISS LATENCY: 18.3 cycles
cpu0->LLC TOTAL        ACCESS:   11773173 HIT:    4481773 MISS:    7291400 MSHR_MERGE:          0
cpu0->LLC LOAD         ACCESS:    2241207 HIT:     968133 MISS:    1273074 MSHR_MERGE:          0
cpu0->LLC RFO          ACCESS:      27621 HIT:        866 MISS:      26755 MSHR_MERGE:          0
cpu0->LLC PREFETCH     ACCESS:    8190849 HIT:    3007911 MISS:    5182938 MSHR_MERGE:          0
cpu0->LLC WRITE        ACCESS:    1281987 HIT:     496148 MISS:     785839 MSHR_MERGE:          0
cpu0->LLC TRANSLATION  ACCESS:      31509 HIT:       8715 MISS:      22794 MSHR_MERGE:          0
cpu0->LLC PREFETCH REQUESTED:          0 ISSUED:          0 USEFUL:          0 USELESS:          0
cpu0->LLC AVERAGE MISS LATENCY: 175.6 cycles

DRAM Statistics

Channel 0 RQ ROW_BUFFER_HIT:     353867
  ROW_BUFFER_MISS:    6148058
  AVG DBUS CONGESTED CYCLE: 10.15
Channel 0 WQ ROW_BUFFER_HIT:     171627
  ROW_BUFFER_MISS:     766897
  FULL:          0
Channel 0 REFRESHES ISSUED:      19030
