[VMEM] WARNING: physical memory size is smaller than virtual memory size.

*** ChampSim Multicore Out-of-Order Simulator ***
Warmup Instructions: 10000000
Simulation Instructions: 50000000
Number of CPUs: 1
Page size: 4096
Core 0: traces/GAP/bfs-14.trace
 L1D Berti prefetcher
Off-chip DRAM Size: 64 GiB Channels: 1 Width: 64-bit Data Rate: 4807 MT/s
Heartbeat CPU 0 instructions: 500006 cycles: 117128 heartbeat IPC: 4.269 cumulative IPC: 4.269 (Simulation time: 00 hr 00 min 01 sec)
Heartbeat CPU 0 instructions: 1000006 cycles: 229762 heartbeat IPC: 4.439 cumulative IPC: 4.352 (Simulation time: 00 hr 00 min 02 sec)
Heartbeat CPU 0 instructions: 1500006 cycles: 342279 heartbeat IPC: 4.444 cumulative IPC: 4.382 (Simulation time: 00 hr 00 min 03 sec)
Heartbeat CPU 0 instructions: 2000007 cycles: 454694 heartbeat IPC: 4.448 cumulative IPC: 4.399 (Simulation time: 00 hr 00 min 04 sec)
Heartbeat CPU 0 instructions: 2500011 cycles: 567026 heartbeat IPC: 4.451 cumulative IPC: 4.409 (Simulation time: 00 hr 00 min 05 sec)
Heartbeat CPU 0 instructions: 3000013 cycles: 679701 heartbeat IPC: 4.438 cumulative IPC: 4.414 (Simulation time: 00 hr 00 min 06 sec)
Heartbeat CPU 0 instructions: 3500013 cycles: 791826 heartbeat IPC: 4.459 cumulative IPC: 4.42 (Simulation time: 00 hr 00 min 08 sec)
Heartbeat CPU 0 instructions: 4000015 cycles: 904449 heartbeat IPC: 4.44 cumulative IPC: 4.423 (Simulation time: 00 hr 00 min 09 sec)
Heartbeat CPU 0 instructions: 4500021 cycles: 1016768 heartbeat IPC: 4.452 cumulative IPC: 4.426 (Simulation time: 00 hr 00 min 10 sec)
Heartbeat CPU 0 instructions: 5000026 cycles: 1129034 heartbeat IPC: 4.454 cumulative IPC: 4.429 (Simulation time: 00 hr 00 min 11 sec)
Heartbeat CPU 0 instructions: 5500030 cycles: 1241479 heartbeat IPC: 4.447 cumulative IPC: 4.43 (Simulation time: 00 hr 00 min 12 sec)
Heartbeat CPU 0 instructions: 6000033 cycles: 1353790 heartbeat IPC: 4.452 cumulative IPC: 4.432 (Simulation time: 00 hr 00 min 13 sec)
Heartbeat CPU 0 instructions: 6500038 cycles: 1466095 heartbeat IPC: 4.452 cumulative IPC: 4.434 (Simulation time: 00 hr 00 min 14 sec)
Heartbeat CPU 0 instructions: 7000041 cycles: 1578704 heartbeat IPC: 4.44 cumulative IPC: 4.434 (Simulation time: 00 hr 00 min 15 sec)
Heartbeat CPU 0 instructions: 7500043 cycles: 1691000 heartbeat IPC: 4.453 cumulative IPC: 4.435 (Simulation time: 00 hr 00 min 16 sec)
Heartbeat CPU 0 instructions: 8000047 cycles: 1803426 heartbeat IPC: 4.447 cumulative IPC: 4.436 (Simulation time: 00 hr 00 min 17 sec)
Heartbeat CPU 0 instructions: 8500049 cycles: 1915777 heartbeat IPC: 4.45 cumulative IPC: 4.437 (Simulation time: 00 hr 00 min 18 sec)
Heartbeat CPU 0 instructions: 9000050 cycles: 2028146 heartbeat IPC: 4.45 cumulative IPC: 4.438 (Simulation time: 00 hr 00 min 19 sec)
Heartbeat CPU 0 instructions: 9500056 cycles: 2140638 heartbeat IPC: 4.445 cumulative IPC: 4.438 (Simulation time: 00 hr 00 min 20 sec)
Warmup finished CPU 0 instructions: 10000005 cycles: 2252717 cumulative IPC: 4.439 (Simulation time: 00 hr 00 min 21 sec)
Warmup complete CPU 0 instructions: 10000005 cycles: 2252717 cumulative IPC: 4.439 (Simulation time: 00 hr 00 min 21 sec)
Heartbeat CPU 0 instructions: 10000061 cycles: 2252724 heartbeat IPC: 4.461 cumulative IPC: 8 (Simulation time: 00 hr 00 min 21 sec)
Heartbeat CPU 0 instructions: 10500065 cycles: 3030100 heartbeat IPC: 0.6432 cumulative IPC: 0.6433 (Simulation time: 00 hr 00 min 25 sec)
Heartbeat CPU 0 instructions: 11000067 cycles: 3774597 heartbeat IPC: 0.6716 cumulative IPC: 0.6571 (Simulation time: 00 hr 00 min 28 sec)
Heartbeat CPU 0 instructions: 11500067 cycles: 4890045 heartbeat IPC: 0.4483 cumulative IPC: 0.5688 (Simulation time: 00 hr 00 min 32 sec)
Heartbeat CPU 0 instructions: 12000067 cycles: 6003129 heartbeat IPC: 0.4492 cumulative IPC: 0.5333 (Simulation time: 00 hr 00 min 36 sec)
Heartbeat CPU 0 instructions: 12500067 cycles: 7104240 heartbeat IPC: 0.4541 cumulative IPC: 0.5153 (Simulation time: 00 hr 00 min 40 sec)
Heartbeat CPU 0 instructions: 13000069 cycles: 8207160 heartbeat IPC: 0.4533 cumulative IPC: 0.5038 (Simulation time: 00 hr 00 min 43 sec)
Heartbeat CPU 0 instructions: 13500070 cycles: 9331041 heartbeat IPC: 0.4449 cumulative IPC: 0.4945 (Simulation time: 00 hr 00 min 47 sec)
Heartbeat CPU 0 instructions: 14000070 cycles: 10443331 heartbeat IPC: 0.4495 cumulative IPC: 0.4884 (Simulation time: 00 hr 00 min 51 sec)
Heartbeat CPU 0 instructions: 14500070 cycles: 11574051 heartbeat IPC: 0.4422 cumulative IPC: 0.4828 (Simulation time: 00 hr 00 min 54 sec)
Heartbeat CPU 0 instructions: 15000076 cycles: 12678857 heartbeat IPC: 0.4526 cumulative IPC: 0.4796 (Simulation time: 00 hr 00 min 58 sec)
Heartbeat CPU 0 instructions: 15500079 cycles: 13784914 heartbeat IPC: 0.4521 cumulative IPC: 0.4769 (Simulation time: 00 hr 01 min 02 sec)
Heartbeat CPU 0 instructions: 16000080 cycles: 14880829 heartbeat IPC: 0.4562 cumulative IPC: 0.4751 (Simulation time: 00 hr 01 min 05 sec)
Heartbeat CPU 0 instructions: 16500081 cycles: 15981907 heartbeat IPC: 0.4541 cumulative IPC: 0.4734 (Simulation time: 00 hr 01 min 09 sec)
Heartbeat CPU 0 instructions: 17000088 cycles: 17096114 heartbeat IPC: 0.4488 cumulative IPC: 0.4716 (Simulation time: 00 hr 01 min 13 sec)
Heartbeat CPU 0 instructions: 17500094 cycles: 18191471 heartbeat IPC: 0.4565 cumulative IPC: 0.4706 (Simulation time: 00 hr 01 min 17 sec)
Heartbeat CPU 0 instructions: 18000099 cycles: 19286836 heartbeat IPC: 0.4565 cumulative IPC: 0.4697 (Simulation time: 00 hr 01 min 20 sec)
Heartbeat CPU 0 instructions: 18500099 cycles: 20387409 heartbeat IPC: 0.4543 cumulative IPC: 0.4687 (Simulation time: 00 hr 01 min 24 sec)
Heartbeat CPU 0 instructions: 19000100 cycles: 21507116 heartbeat IPC: 0.4465 cumulative IPC: 0.4674 (Simulation time: 00 hr 01 min 28 sec)
Heartbeat CPU 0 instructions: 19500100 cycles: 22611717 heartbeat IPC: 0.4527 cumulative IPC: 0.4666 (Simulation time: 00 hr 01 min 31 sec)
Heartbeat CPU 0 instructions: 20000104 cycles: 23733764 heartbeat IPC: 0.4456 cumulative IPC: 0.4655 (Simulation time: 00 hr 01 min 35 sec)
Heartbeat CPU 0 instructions: 20500104 cycles: 24841180 heartbeat IPC: 0.4515 cumulative IPC: 0.4648 (Simulation time: 00 hr 01 min 39 sec)
Heartbeat CPU 0 instructions: 21000107 cycles: 25969992 heartbeat IPC: 0.4429 cumulative IPC: 0.4638 (Simulation time: 00 hr 01 min 43 sec)
Heartbeat CPU 0 instructions: 21500107 cycles: 27083493 heartbeat IPC: 0.449 cumulative IPC: 0.4631 (Simulation time: 00 hr 01 min 46 sec)
Heartbeat CPU 0 instructions: 22000107 cycles: 28198461 heartbeat IPC: 0.4484 cumulative IPC: 0.4625 (Simulation time: 00 hr 01 min 50 sec)
Heartbeat CPU 0 instructions: 22500108 cycles: 29315315 heartbeat IPC: 0.4477 cumulative IPC: 0.4619 (Simulation time: 00 hr 01 min 54 sec)
Heartbeat CPU 0 instructions: 23000114 cycles: 30433675 heartbeat IPC: 0.4471 cumulative IPC: 0.4613 (Simulation time: 00 hr 01 min 57 sec)
Heartbeat CPU 0 instructions: 23500118 cycles: 31546691 heartbeat IPC: 0.4492 cumulative IPC: 0.4608 (Simulation time: 00 hr 02 min 01 sec)
Heartbeat CPU 0 instructions: 24000123 cycles: 32645280 heartbeat IPC: 0.4551 cumulative IPC: 0.4606 (Simulation time: 00 hr 02 min 05 sec)
Heartbeat CPU 0 instructions: 24500123 cycles: 33787599 heartbeat IPC: 0.4377 cumulative IPC: 0.4598 (Simulation time: 00 hr 02 min 09 sec)
Heartbeat CPU 0 instructions: 25000123 cycles: 34881625 heartbeat IPC: 0.457 cumulative IPC: 0.4597 (Simulation time: 00 hr 02 min 12 sec)
Heartbeat CPU 0 instructions: 25500128 cycles: 36005264 heartbeat IPC: 0.445 cumulative IPC: 0.4592 (Simulation time: 00 hr 02 min 16 sec)
Heartbeat CPU 0 instructions: 26000128 cycles: 37100875 heartbeat IPC: 0.4564 cumulative IPC: 0.4591 (Simulation time: 00 hr 02 min 20 sec)
Heartbeat CPU 0 instructions: 26500129 cycles: 38212163 heartbeat IPC: 0.4499 cumulative IPC: 0.4589 (Simulation time: 00 hr 02 min 23 sec)
Heartbeat CPU 0 instructions: 27000129 cycles: 39318677 heartbeat IPC: 0.4519 cumulative IPC: 0.4586 (Simulation time: 00 hr 02 min 27 sec)
Heartbeat CPU 0 instructions: 27500130 cycles: 40441270 heartbeat IPC: 0.4454 cumulative IPC: 0.4583 (Simulation time: 00 hr 02 min 31 sec)
Heartbeat CPU 0 instructions: 28000130 cycles: 41544584 heartbeat IPC: 0.4532 cumulative IPC: 0.4581 (Simulation time: 00 hr 02 min 35 sec)
Heartbeat CPU 0 instructions: 28500131 cycles: 42648140 heartbeat IPC: 0.4531 cumulative IPC: 0.458 (Simulation time: 00 hr 02 min 38 sec)
Heartbeat CPU 0 instructions: 29000135 cycles: 43751917 heartbeat IPC: 0.453 cumulative IPC: 0.4578 (Simulation time: 00 hr 02 min 42 sec)
Heartbeat CPU 0 instructions: 29500135 cycles: 44883087 heartbeat IPC: 0.442 cumulative IPC: 0.4574 (Simulation time: 00 hr 02 min 46 sec)
Heartbeat CPU 0 instructions: 30000136 cycles: 45989392 heartbeat IPC: 0.452 cumulative IPC: 0.4573 (Simulation time: 00 hr 02 min 50 sec)
Heartbeat CPU 0 instructions: 30500139 cycles: 47099546 heartbeat IPC: 0.4504 cumulative IPC: 0.4571 (Simulation time: 00 hr 02 min 53 sec)
Heartbeat CPU 0 instructions: 31000139 cycles: 48230136 heartbeat IPC: 0.4422 cumulative IPC: 0.4567 (Simulation time: 00 hr 02 min 57 sec)
Heartbeat CPU 0 instructions: 31500139 cycles: 49323437 heartbeat IPC: 0.4573 cumulative IPC: 0.4568 (Simulation time: 00 hr 03 min 01 sec)
Heartbeat CPU 0 instructions: 32000144 cycles: 50422997 heartbeat IPC: 0.4547 cumulative IPC: 0.4567 (Simulation time: 00 hr 03 min 04 sec)
Heartbeat CPU 0 instructions: 32500149 cycles: 51532501 heartbeat IPC: 0.4507 cumulative IPC: 0.4566 (Simulation time: 00 hr 03 min 08 sec)
Heartbeat CPU 0 instructions: 33000150 cycles: 52634504 heartbeat IPC: 0.4537 cumulative IPC: 0.4565 (Simulation time: 00 hr 03 min 12 sec)
Heartbeat CPU 0 instructions: 33500151 cycles: 53765539 heartbeat IPC: 0.4421 cumulative IPC: 0.4562 (Simulation time: 00 hr 03 min 16 sec)
Heartbeat CPU 0 instructions: 34000151 cycles: 54882417 heartbeat IPC: 0.4477 cumulative IPC: 0.456 (Simulation time: 00 hr 03 min 19 sec)
Heartbeat CPU 0 instructions: 34500155 cycles: 55992020 heartbeat IPC: 0.4506 cumulative IPC: 0.4559 (Simulation time: 00 hr 03 min 23 sec)
Heartbeat CPU 0 instructions: 35000156 cycles: 57081960 heartbeat IPC: 0.4587 cumulative IPC: 0.456 (Simulation time: 00 hr 03 min 27 sec)
Heartbeat CPU 0 instructions: 35500156 cycles: 58174019 heartbeat IPC: 0.4579 cumulative IPC: 0.456 (Simulation time: 00 hr 03 min 30 sec)
Heartbeat CPU 0 instructions: 36000156 cycles: 59270418 heartbeat IPC: 0.456 cumulative IPC: 0.456 (Simulation time: 00 hr 03 min 34 sec)
Heartbeat CPU 0 instructions: 36500157 cycles: 60399393 heartbeat IPC: 0.4429 cumulative IPC: 0.4557 (Simulation time: 00 hr 03 min 38 sec)
Heartbeat CPU 0 instructions: 37000160 cycles: 61499830 heartbeat IPC: 0.4544 cumulative IPC: 0.4557 (Simulation time: 00 hr 03 min 41 sec)
Heartbeat CPU 0 instructions: 37500160 cycles: 62599523 heartbeat IPC: 0.4547 cumulative IPC: 0.4557 (Simulation time: 00 hr 03 min 45 sec)
Heartbeat CPU 0 instructions: 38000167 cycles: 63709102 heartbeat IPC: 0.4506 cumulative IPC: 0.4556 (Simulation time: 00 hr 03 min 49 sec)
Heartbeat CPU 0 instructions: 38500171 cycles: 65083173 heartbeat IPC: 0.3639 cumulative IPC: 0.4536 (Simulation time: 00 hr 03 min 54 sec)
Heartbeat CPU 0 instructions: 39000171 cycles: 66434915 heartbeat IPC: 0.3699 cumulative IPC: 0.4518 (Simulation time: 00 hr 03 min 58 sec)
Heartbeat CPU 0 instructions: 39500174 cycles: 67774048 heartbeat IPC: 0.3734 cumulative IPC: 0.4502 (Simulation time: 00 hr 04 min 03 sec)
Heartbeat CPU 0 instructions: 40000181 cycles: 69109473 heartbeat IPC: 0.3744 cumulative IPC: 0.4487 (Simulation time: 00 hr 04 min 07 sec)
Heartbeat CPU 0 instructions: 40500183 cycles: 70430614 heartbeat IPC: 0.3785 cumulative IPC: 0.4474 (Simulation time: 00 hr 04 min 12 sec)
Heartbeat CPU 0 instructions: 41000186 cycles: 71756600 heartbeat IPC: 0.3771 cumulative IPC: 0.446 (Simulation time: 00 hr 04 min 16 sec)
Heartbeat CPU 0 instructions: 41500187 cycles: 73092200 heartbeat IPC: 0.3744 cumulative IPC: 0.4447 (Simulation time: 00 hr 04 min 21 sec)
Heartbeat CPU 0 instructions: 42000189 cycles: 74434204 heartbeat IPC: 0.3726 cumulative IPC: 0.4433 (Simulation time: 00 hr 04 min 26 sec)
Heartbeat CPU 0 instructions: 42500189 cycles: 75768613 heartbeat IPC: 0.3747 cumulative IPC: 0.4421 (Simulation time: 00 hr 04 min 30 sec)
Heartbeat CPU 0 instructions: 43000189 cycles: 77126457 heartbeat IPC: 0.3682 cumulative IPC: 0.4407 (Simulation time: 00 hr 04 min 35 sec)
Heartbeat CPU 0 instructions: 43500189 cycles: 78459917 heartbeat IPC: 0.375 cumulative IPC: 0.4396 (Simulation time: 00 hr 04 min 39 sec)
Heartbeat CPU 0 instructions: 44000194 cycles: 79790172 heartbeat IPC: 0.3759 cumulative IPC: 0.4385 (Simulation time: 00 hr 04 min 44 sec)
Heartbeat CPU 0 instructions: 44500201 cycles: 81118798 heartbeat IPC: 0.3763 cumulative IPC: 0.4375 (Simulation time: 00 hr 04 min 48 sec)
Heartbeat CPU 0 instructions: 45000203 cycles: 82448375 heartbeat IPC: 0.3761 cumulative IPC: 0.4364 (Simulation time: 00 hr 04 min 53 sec)
Heartbeat CPU 0 instructions: 45500203 cycles: 83771588 heartbeat IPC: 0.3779 cumulative IPC: 0.4355 (Simulation time: 00 hr 04 min 57 sec)
Heartbeat CPU 0 instructions: 46000203 cycles: 85117389 heartbeat IPC: 0.3715 cumulative IPC: 0.4344 (Simulation time: 00 hr 05 min 02 sec)
Heartbeat CPU 0 instructions: 46500207 cycles: 86458263 heartbeat IPC: 0.3729 cumulative IPC: 0.4335 (Simulation time: 00 hr 05 min 07 sec)
Heartbeat CPU 0 instructions: 47000212 cycles: 87805469 heartbeat IPC: 0.3711 cumulative IPC: 0.4325 (Simulation time: 00 hr 05 min 11 sec)
Heartbeat CPU 0 instructions: 47500212 cycles: 89124841 heartbeat IPC: 0.379 cumulative IPC: 0.4317 (Simulation time: 00 hr 05 min 16 sec)
Heartbeat CPU 0 instructions: 48000212 cycles: 90470722 heartbeat IPC: 0.3715 cumulative IPC: 0.4308 (Simulation time: 00 hr 05 min 20 sec)
Heartbeat CPU 0 instructions: 48500216 cycles: 91801648 heartbeat IPC: 0.3757 cumulative IPC: 0.4299 (Simulation time: 00 hr 05 min 25 sec)
Heartbeat CPU 0 instructions: 49000218 cycles: 93128214 heartbeat IPC: 0.3769 cumulative IPC: 0.4292 (Simulation time: 00 hr 05 min 29 sec)
Heartbeat CPU 0 instructions: 49500220 cycles: 94452124 heartbeat IPC: 0.3777 cumulative IPC: 0.4284 (Simulation time: 00 hr 05 min 34 sec)
Heartbeat CPU 0 instructions: 50000221 cycles: 95459643 heartbeat IPC: 0.4963 cumulative IPC: 0.4292 (Simulation time: 00 hr 05 min 37 sec)
Heartbeat CPU 0 instructions: 50500223 cycles: 96112464 heartbeat IPC: 0.7659 cumulative IPC: 0.4315 (Simulation time: 00 hr 05 min 40 sec)
Heartbeat CPU 0 instructions: 51000225 cycles: 96762258 heartbeat IPC: 0.7695 cumulative IPC: 0.4338 (Simulation time: 00 hr 05 min 42 sec)
Heartbeat CPU 0 instructions: 51500226 cycles: 97423909 heartbeat IPC: 0.7557 cumulative IPC: 0.4361 (Simulation time: 00 hr 05 min 44 sec)
Heartbeat CPU 0 instructions: 52000228 cycles: 98076531 heartbeat IPC: 0.7661 cumulative IPC: 0.4383 (Simulation time: 00 hr 05 min 47 sec)
Heartbeat CPU 0 instructions: 52500231 cycles: 98721521 heartbeat IPC: 0.7752 cumulative IPC: 0.4406 (Simulation time: 00 hr 05 min 49 sec)
Heartbeat CPU 0 instructions: 53000231 cycles: 99375517 heartbeat IPC: 0.7645 cumulative IPC: 0.4427 (Simulation time: 00 hr 05 min 51 sec)
Heartbeat CPU 0 instructions: 53500232 cycles: 100019066 heartbeat IPC: 0.7769 cumulative IPC: 0.4449 (Simulation time: 00 hr 05 min 54 sec)
Heartbeat CPU 0 instructions: 54000233 cycles: 100668231 heartbeat IPC: 0.7702 cumulative IPC: 0.4471 (Simulation time: 00 hr 05 min 56 sec)
Heartbeat CPU 0 instructions: 54500233 cycles: 101315623 heartbeat IPC: 0.7723 cumulative IPC: 0.4492 (Simulation time: 00 hr 05 min 58 sec)
Heartbeat CPU 0 instructions: 55000233 cycles: 101945355 heartbeat IPC: 0.794 cumulative IPC: 0.4514 (Simulation time: 00 hr 06 min 00 sec)
Heartbeat CPU 0 instructions: 55500234 cycles: 102586006 heartbeat IPC: 0.7805 cumulative IPC: 0.4535 (Simulation time: 00 hr 06 min 03 sec)
Heartbeat CPU 0 instructions: 56000234 cycles: 103233247 heartbeat IPC: 0.7725 cumulative IPC: 0.4555 (Simulation time: 00 hr 06 min 05 sec)
Heartbeat CPU 0 instructions: 56500234 cycles: 103870784 heartbeat IPC: 0.7843 cumulative IPC: 0.4576 (Simulation time: 00 hr 06 min 07 sec)
Heartbeat CPU 0 instructions: 57000234 cycles: 104513134 heartbeat IPC: 0.7784 cumulative IPC: 0.4596 (Simulation time: 00 hr 06 min 09 sec)
Heartbeat CPU 0 instructions: 57500236 cycles: 105159033 heartbeat IPC: 0.7741 cumulative IPC: 0.4616 (Simulation time: 00 hr 06 min 12 sec)
Heartbeat CPU 0 instructions: 58000237 cycles: 105797485 heartbeat IPC: 0.7831 cumulative IPC: 0.4636 (Simulation time: 00 hr 06 min 14 sec)
Heartbeat CPU 0 instructions: 58500239 cycles: 106438114 heartbeat IPC: 0.7805 cumulative IPC: 0.4655 (Simulation time: 00 hr 06 min 16 sec)
Heartbeat CPU 0 instructions: 59000241 cycles: 107079922 heartbeat IPC: 0.7791 cumulative IPC: 0.4674 (Simulation time: 00 hr 06 min 18 sec)
Heartbeat CPU 0 instructions: 59500243 cycles: 107352780 heartbeat IPC: 1.832 cumulative IPC: 0.471 (Simulation time: 00 hr 06 min 20 sec)
Simulation finished CPU 0 instructions: 50000006 cycles: 105200459 cumulative IPC: 0.4753 (Simulation time: 00 hr 06 min 20 sec)
Simulation complete CPU 0 instructions: 50000006 cycles: 105200459 cumulative IPC: 0.4753 (Simulation time: 00 hr 06 min 20 sec)

ChampSim completed all CPUs

=== Simulation ===
CPU 0 runs traces/GAP/bfs-14.trace

Region of Interest Statistics

CPU 0 cumulative IPC: 0.4753 instructions: 50000006 cycles: 105200459
CPU 0 Branch Prediction Accuracy: 78.82% MPKI: 43.94 Average ROB Occupancy at Mispredict: 3.448
Branch type MPKI
BRANCH_DIRECT_JUMP: 0.00018
BRANCH_INDIRECT: 0
BRANCH_CONDITIONAL: 43.94
BRANCH_DIRECT_CALL: 0.0004
BRANCH_INDIRECT_CALL: 0
BRANCH_RETURN: 0.00044

cpu0->cpu0_STLB TOTAL        ACCESS:      69982 HIT:      12634 MISS:      57348 MSHR_MERGE:          0
cpu0->cpu0_STLB LOAD         ACCESS:      69982 HIT:      12634 MISS:      57348 MSHR_MERGE:          0
cpu0->cpu0_STLB RFO          ACCESS:          0 HIT:          0 MISS:          0 MSHR_MERGE:          0
cpu0->cpu0_STLB PREFETCH     ACCESS:          0 HIT:          0 MISS:          0 MSHR_MERGE:          0
cpu0->cpu0_STLB WRITE        ACCESS:          0 HIT:          0 MISS:          0 MSHR_MERGE:          0
cpu0->cpu0_STLB TRANSLATION  ACCESS:          0 HIT:          0 MISS:          0 MSHR_MERGE:          0
cpu0->cpu0_STLB PREFETCH REQUESTED:          0 ISSUED:          0 USEFUL:          0 USELESS:          0
cpu0->cpu0_STLB AVERAGE MISS LATENCY: 143.1 cycles
cpu0->cpu0_L2C TOTAL        ACCESS:   11745636 HIT:    8743343 MISS:    3002293 MSHR_MERGE:    1223576
cpu0->cpu0_L2C LOAD         ACCESS:     982942 HIT:     816021 MISS:     166921 MSHR_MERGE:      26753
cpu0->cpu0_L2C RFO          ACCESS:      14022 HIT:       4234 MISS:       9788 MSHR_MERGE:          0
cpu0->cpu0_L2C PREFETCH     ACCESS:   10575941 HIT:    7760075 MISS:    2815866 MSHR_MERGE:    1196823
cpu0->cpu0_L2C WRITE        ACCESS:     160399 HIT:     160397 MISS:          2 MSHR_MERGE:          0
cpu0->cpu0_L2C TRANSLATION  ACCESS:      12332 HIT:       2616 MISS:       9716 MSHR_MERGE:          0
cpu0->cpu0_L2C PREFETCH REQUESTED:    9552999 ISSUED:    9364327 USEFUL:     862713 USELESS:     595003
cpu0->cpu0_L2C AVERAGE MISS LATENCY: 228.2 cycles
cpu0->cpu0_L1I TOTAL        ACCESS:     242055 HIT:     242009 MISS:         46 MSHR_MERGE:          4
cpu0->cpu0_L1I LOAD         ACCESS:     242055 HIT:     242009 MISS:         46 MSHR_MERGE:          4
cpu0->cpu0_L1I RFO          ACCESS:          0 HIT:          0 MISS:          0 MSHR_MERGE:          0
cpu0->cpu0_L1I PREFETCH     ACCESS:          0 HIT:          0 MISS:          0 MSHR_MERGE:          0
cpu0->cpu0_L1I WRITE        ACCESS:          0 HIT:          0 MISS:          0 MSHR_MERGE:          0
cpu0->cpu0_L1I TRANSLATION  ACCESS:          0 HIT:          0 MISS:          0 MSHR_MERGE:          0
cpu0->cpu0_L1I PREFETCH REQUESTED:          0 ISSUED:          0 USEFUL:          0 USELESS:          0
cpu0->cpu0_L1I AVERAGE MISS LATENCY: 175.9 cycles
cpu0->cpu0_L1D TOTAL        ACCESS:   14808547 HIT:   12408990 MISS:    2399557 MSHR_MERGE:     178694
cpu0->cpu0_L1D LOAD         ACCESS:   11731510 HIT:   10647546 MISS:    1083964 MSHR_MERGE:     101063
cpu0->cpu0_L1D RFO          ACCESS:          0 HIT:          0 MISS:          0 MSHR_MERGE:          0
cpu0->cpu0_L1D PREFETCH     ACCESS:    1566853 HIT:     347686 MISS:    1219167 MSHR_MERGE:       7559
cpu0->cpu0_L1D WRITE        ACCESS:    1395437 HIT:    1311508 MISS:      83929 MSHR_MERGE:      69907
cpu0->cpu0_L1D TRANSLATION  ACCESS:     114747 HIT:     102250 MISS:      12497 MSHR_MERGE:        165
cpu0->cpu0_L1D PREFETCH REQUESTED:    1568566 ISSUED:    1566845 USEFUL:     770405 USELESS:     441178
cpu0->cpu0_L1D AVERAGE MISS LATENCY: 52.18 cycles
cpu0->cpu0_ITLB TOTAL        ACCESS:     236390 HIT:     236388 MISS:          2 MSHR_MERGE:          1
cpu0->cpu0_ITLB LOAD         ACCESS:     236390 HIT:     236388 MISS:          2 MSHR_MERGE:          1
cpu0->cpu0_ITLB RFO          ACCESS:          0 HIT:          0 MISS:          0 MSHR_MERGE:          0
cpu0->cpu0_ITLB PREFETCH     ACCESS:          0 HIT:          0 MISS:          0 MSHR_MERGE:          0
cpu0->cpu0_ITLB WRITE        ACCESS:          0 HIT:          0 MISS:          0 MSHR_MERGE:          0
cpu0->cpu0_ITLB TRANSLATION  ACCESS:          0 HIT:          0 MISS:          0 MSHR_MERGE:          0
cpu0->cpu0_ITLB PREFETCH REQUESTED:          0 ISSUED:          0 USEFUL:          0 USELESS:          0
cpu0->cpu0_ITLB AVERAGE MISS LATENCY: 686 cycles
cpu0->cpu0_DTLB TOTAL        ACCESS:   14534469 HIT:   14440303 MISS:      94166 MSHR_MERGE:      24185
cpu0->cpu0_DTLB LOAD         ACCESS:   14534469 HIT:   14440303 MISS:      94166 MSHR_MERGE:      24185
cpu0->cpu0_DTLB RFO          ACCESS:          0 HIT:          0 MISS:          0 MSHR_MERGE:          0
cpu0->cpu0_DTLB PREFETCH     ACCESS:          0 HIT:          0 MISS:          0 MSHR_MERGE:          0
cpu0->cpu0_DTLB WRITE        ACCESS:          0 HIT:          0 MISS:          0 MSHR_MERGE:          0
cpu0->cpu0_DTLB TRANSLATION  ACCESS:          0 HIT:          0 MISS:          0 MSHR_MERGE:          0
cpu0->cpu0_DTLB PREFETCH REQUESTED:          0 ISSUED:          0 USEFUL:          0 USELESS:          0
cpu0->cpu0_DTLB AVERAGE MISS LATENCY: 123.1 cycles
cpu0->LLC TOTAL        ACCESS:    1940435 HIT:     108813 MISS:    1831622 MSHR_MERGE:          0
cpu0->LLC LOAD         ACCESS:     140168 HIT:       5671 MISS:     134497 MSHR_MERGE:          0
cpu0->LLC RFO          ACCESS:       9788 HIT:       1616 MISS:       8172 MSHR_MERGE:          0
cpu0->LLC PREFETCH     ACCESS:    1619043 HIT:      51018 MISS:    1568025 MSHR_MERGE:          0
cpu0->LLC WRITE        ACCESS:     161720 HIT:      50390 MISS:     111330 MSHR_MERGE:          0
cpu0->LLC TRANSLATION  ACCESS:       9716 HIT:        118 MISS:       9598 MSHR_MERGE:          0
cpu0->LLC PREFETCH REQUESTED:          0 ISSUED:          0 USEFUL:          0 USELESS:          0
cpu0->LLC AVERAGE MISS LATENCY: 140.6 cycles

DRAM Statistics

Channel 0 RQ ROW_BUFFER_HIT:     208275
  ROW_BUFFER_MISS:    1511966
  AVG DBUS CONGESTED CYCLE: 21.3
Channel 0 WQ ROW_BUFFER_HIT:      41640
  ROW_BUFFER_MISS:      86822
  FULL:          0
Channel 0 REFRESHES ISSUED:       8766
