[VMEM] WARNING: physical memory size is smaller than virtual memory size.

*** ChampSim Multicore Out-of-Order Simulator ***
Warmup Instructions: 10000000
Simulation Instructions: 50000000
Number of CPUs: 1
Page size: 4096
Core 0: traces/GAP/cc-5.trace.gz
 L1D Berti prefetcher
Off-chip DRAM Size: 64 GiB Channels: 1 Width: 64-bit Data Rate: 4807 MT/s
Heartbeat CPU 0 instructions: 500004 cycles: 151360 heartbeat IPC: 3.303 cumulative IPC: 3.303 (Simulation time: 00 hr 00 min 01 sec)
Heartbeat CPU 0 instructions: 1000005 cycles: 299075 heartbeat IPC: 3.385 cumulative IPC: 3.344 (Simulation time: 00 hr 00 min 02 sec)
Heartbeat CPU 0 instructions: 1500005 cycles: 446636 heartbeat IPC: 3.388 cumulative IPC: 3.358 (Simulation time: 00 hr 00 min 03 sec)
Heartbeat CPU 0 instructions: 2000010 cycles: 556086 heartbeat IPC: 4.568 cumulative IPC: 3.597 (Simulation time: 00 hr 00 min 04 sec)
Heartbeat CPU 0 instructions: 2500017 cycles: 658031 heartbeat IPC: 4.905 cumulative IPC: 3.799 (Simulation time: 00 hr 00 min 05 sec)
Heartbeat CPU 0 instructions: 3000022 cycles: 760404 heartbeat IPC: 4.884 cumulative IPC: 3.945 (Simulation time: 00 hr 00 min 06 sec)
Heartbeat CPU 0 instructions: 3500026 cycles: 862657 heartbeat IPC: 4.89 cumulative IPC: 4.057 (Simulation time: 00 hr 00 min 07 sec)
Heartbeat CPU 0 instructions: 4000032 cycles: 964761 heartbeat IPC: 4.897 cumulative IPC: 4.146 (Simulation time: 00 hr 00 min 08 sec)
Heartbeat CPU 0 instructions: 4500032 cycles: 1067158 heartbeat IPC: 4.883 cumulative IPC: 4.217 (Simulation time: 00 hr 00 min 10 sec)
Heartbeat CPU 0 instructions: 5000035 cycles: 1169571 heartbeat IPC: 4.882 cumulative IPC: 4.275 (Simulation time: 00 hr 00 min 11 sec)
Heartbeat CPU 0 instructions: 5500038 cycles: 1272193 heartbeat IPC: 4.872 cumulative IPC: 4.323 (Simulation time: 00 hr 00 min 12 sec)
Heartbeat CPU 0 instructions: 6000041 cycles: 1374638 heartbeat IPC: 4.881 cumulative IPC: 4.365 (Simulation time: 00 hr 00 min 13 sec)
Heartbeat CPU 0 instructions: 6500041 cycles: 1477017 heartbeat IPC: 4.884 cumulative IPC: 4.401 (Simulation time: 00 hr 00 min 14 sec)
Heartbeat CPU 0 instructions: 7000047 cycles: 1579440 heartbeat IPC: 4.882 cumulative IPC: 4.432 (Simulation time: 00 hr 00 min 15 sec)
Heartbeat CPU 0 instructions: 7500049 cycles: 1682044 heartbeat IPC: 4.873 cumulative IPC: 4.459 (Simulation time: 00 hr 00 min 17 sec)
Heartbeat CPU 0 instructions: 8000052 cycles: 1784635 heartbeat IPC: 4.874 cumulative IPC: 4.483 (Simulation time: 00 hr 00 min 18 sec)
Heartbeat CPU 0 instructions: 8500057 cycles: 1887491 heartbeat IPC: 4.861 cumulative IPC: 4.503 (Simulation time: 00 hr 00 min 19 sec)
Heartbeat CPU 0 instructions: 9000058 cycles: 1989947 heartbeat IPC: 4.88 cumulative IPC: 4.523 (Simulation time: 00 hr 00 min 20 sec)
Heartbeat CPU 0 instructions: 9500058 cycles: 2092513 heartbeat IPC: 4.875 cumulative IPC: 4.54 (Simulation time: 00 hr 00 min 21 sec)
Warmup finished CPU 0 instructions: 10000002 cycles: 2194838 cumulative IPC: 4.556 (Simulation time: 00 hr 00 min 23 sec)
Warmup complete CPU 0 instructions: 10000002 cycles: 2194838 cumulative IPC: 4.556 (Simulation time: 00 hr 00 min 23 sec)
Heartbeat CPU 0 instructions: 10000060 cycles: 2194889 heartbeat IPC: 4.884 cumulative IPC: 1.137 (Simulation time: 00 hr 00 min 23 sec)
Heartbeat CPU 0 instructions: 10500062 cycles: 3322557 heartbeat IPC: 0.4434 cumulative IPC: 0.4434 (Simulation time: 00 hr 00 min 27 sec)
Heartbeat CPU 0 instructions: 11000067 cycles: 4616385 heartbeat IPC: 0.3865 cumulative IPC: 0.413 (Simulation time: 00 hr 00 min 31 sec)
Heartbeat CPU 0 instructions: 11500069 cycles: 5762640 heartbeat IPC: 0.4362 cumulative IPC: 0.4204 (Simulation time: 00 hr 00 min 35 sec)
Heartbeat CPU 0 instructions: 12000071 cycles: 6962575 heartbeat IPC: 0.4167 cumulative IPC: 0.4195 (Simulation time: 00 hr 00 min 40 sec)
Heartbeat CPU 0 instructions: 12500074 cycles: 8119755 heartbeat IPC: 0.4321 cumulative IPC: 0.422 (Simulation time: 00 hr 00 min 44 sec)
Heartbeat CPU 0 instructions: 13000074 cycles: 9314944 heartbeat IPC: 0.4183 cumulative IPC: 0.4214 (Simulation time: 00 hr 00 min 49 sec)
Heartbeat CPU 0 instructions: 13500075 cycles: 10301394 heartbeat IPC: 0.5069 cumulative IPC: 0.4318 (Simulation time: 00 hr 00 min 53 sec)
Heartbeat CPU 0 instructions: 14000078 cycles: 11300611 heartbeat IPC: 0.5004 cumulative IPC: 0.4393 (Simulation time: 00 hr 00 min 57 sec)
Heartbeat CPU 0 instructions: 14500079 cycles: 12255426 heartbeat IPC: 0.5237 cumulative IPC: 0.4473 (Simulation time: 00 hr 01 min 01 sec)
Heartbeat CPU 0 instructions: 15000081 cycles: 13255615 heartbeat IPC: 0.4999 cumulative IPC: 0.4521 (Simulation time: 00 hr 01 min 04 sec)
Heartbeat CPU 0 instructions: 15500086 cycles: 14311784 heartbeat IPC: 0.4734 cumulative IPC: 0.4539 (Simulation time: 00 hr 01 min 09 sec)
Heartbeat CPU 0 instructions: 16000091 cycles: 15314598 heartbeat IPC: 0.4986 cumulative IPC: 0.4573 (Simulation time: 00 hr 01 min 13 sec)
Heartbeat CPU 0 instructions: 16500091 cycles: 16331204 heartbeat IPC: 0.4918 cumulative IPC: 0.4598 (Simulation time: 00 hr 01 min 17 sec)
Heartbeat CPU 0 instructions: 17000092 cycles: 17411887 heartbeat IPC: 0.4627 cumulative IPC: 0.46 (Simulation time: 00 hr 01 min 21 sec)
Heartbeat CPU 0 instructions: 17500092 cycles: 18402525 heartbeat IPC: 0.5047 cumulative IPC: 0.4627 (Simulation time: 00 hr 01 min 25 sec)
Heartbeat CPU 0 instructions: 18000095 cycles: 19350647 heartbeat IPC: 0.5274 cumulative IPC: 0.4663 (Simulation time: 00 hr 01 min 29 sec)
Heartbeat CPU 0 instructions: 18500098 cycles: 20437454 heartbeat IPC: 0.4601 cumulative IPC: 0.4659 (Simulation time: 00 hr 01 min 33 sec)
Heartbeat CPU 0 instructions: 19000098 cycles: 21395429 heartbeat IPC: 0.5219 cumulative IPC: 0.4687 (Simulation time: 00 hr 01 min 37 sec)
Heartbeat CPU 0 instructions: 19500098 cycles: 22371487 heartbeat IPC: 0.5123 cumulative IPC: 0.4708 (Simulation time: 00 hr 01 min 41 sec)
Heartbeat CPU 0 instructions: 20000098 cycles: 23384382 heartbeat IPC: 0.4936 cumulative IPC: 0.4719 (Simulation time: 00 hr 01 min 45 sec)
Heartbeat CPU 0 instructions: 20500101 cycles: 24393039 heartbeat IPC: 0.4957 cumulative IPC: 0.473 (Simulation time: 00 hr 01 min 49 sec)
Heartbeat CPU 0 instructions: 21000102 cycles: 25408250 heartbeat IPC: 0.4925 cumulative IPC: 0.4739 (Simulation time: 00 hr 01 min 53 sec)
Heartbeat CPU 0 instructions: 21500102 cycles: 26434206 heartbeat IPC: 0.4874 cumulative IPC: 0.4744 (Simulation time: 00 hr 01 min 57 sec)
Heartbeat CPU 0 instructions: 22000102 cycles: 27483960 heartbeat IPC: 0.4763 cumulative IPC: 0.4745 (Simulation time: 00 hr 02 min 01 sec)
Heartbeat CPU 0 instructions: 22500103 cycles: 28547876 heartbeat IPC: 0.47 cumulative IPC: 0.4743 (Simulation time: 00 hr 02 min 05 sec)
Heartbeat CPU 0 instructions: 23000103 cycles: 29577519 heartbeat IPC: 0.4856 cumulative IPC: 0.4748 (Simulation time: 00 hr 02 min 09 sec)
Heartbeat CPU 0 instructions: 23500103 cycles: 30596857 heartbeat IPC: 0.4905 cumulative IPC: 0.4753 (Simulation time: 00 hr 02 min 14 sec)
Heartbeat CPU 0 instructions: 24000104 cycles: 31618476 heartbeat IPC: 0.4894 cumulative IPC: 0.4758 (Simulation time: 00 hr 02 min 18 sec)
Heartbeat CPU 0 instructions: 24500106 cycles: 32654222 heartbeat IPC: 0.4827 cumulative IPC: 0.476 (Simulation time: 00 hr 02 min 22 sec)
Heartbeat CPU 0 instructions: 25000108 cycles: 33596702 heartbeat IPC: 0.5305 cumulative IPC: 0.4777 (Simulation time: 00 hr 02 min 26 sec)
Heartbeat CPU 0 instructions: 25500111 cycles: 34576245 heartbeat IPC: 0.5104 cumulative IPC: 0.4787 (Simulation time: 00 hr 02 min 30 sec)
Heartbeat CPU 0 instructions: 26000113 cycles: 35609490 heartbeat IPC: 0.4839 cumulative IPC: 0.4788 (Simulation time: 00 hr 02 min 34 sec)
Heartbeat CPU 0 instructions: 26500114 cycles: 36609810 heartbeat IPC: 0.4998 cumulative IPC: 0.4794 (Simulation time: 00 hr 02 min 38 sec)
Heartbeat CPU 0 instructions: 27000114 cycles: 37566242 heartbeat IPC: 0.5228 cumulative IPC: 0.4806 (Simulation time: 00 hr 02 min 42 sec)
Heartbeat CPU 0 instructions: 27500114 cycles: 38527224 heartbeat IPC: 0.5203 cumulative IPC: 0.4817 (Simulation time: 00 hr 02 min 46 sec)
Heartbeat CPU 0 instructions: 28000117 cycles: 39510875 heartbeat IPC: 0.5083 cumulative IPC: 0.4824 (Simulation time: 00 hr 02 min 50 sec)
Heartbeat CPU 0 instructions: 28500120 cycles: 40494747 heartbeat IPC: 0.5082 cumulative IPC: 0.483 (Simulation time: 00 hr 02 min 54 sec)
Heartbeat CPU 0 instructions: 29000120 cycles: 41461384 heartbeat IPC: 0.5173 cumulative IPC: 0.4839 (Simulation time: 00 hr 02 min 58 sec)
Heartbeat CPU 0 instructions: 29500120 cycles: 42399942 heartbeat IPC: 0.5327 cumulative IPC: 0.485 (Simulation time: 00 hr 03 min 02 sec)
Heartbeat CPU 0 instructions: 30000122 cycles: 43410875 heartbeat IPC: 0.4946 cumulative IPC: 0.4853 (Simulation time: 00 hr 03 min 06 sec)
Heartbeat CPU 0 instructions: 30500123 cycles: 44440371 heartbeat IPC: 0.4857 cumulative IPC: 0.4853 (Simulation time: 00 hr 03 min 10 sec)
Heartbeat CPU 0 instructions: 31000123 cycles: 45355882 heartbeat IPC: 0.5461 cumulative IPC: 0.4866 (Simulation time: 00 hr 03 min 14 sec)
Heartbeat CPU 0 instructions: 31500123 cycles: 46498070 heartbeat IPC: 0.4378 cumulative IPC: 0.4853 (Simulation time: 00 hr 03 min 18 sec)
Heartbeat CPU 0 instructions: 32000123 cycles: 47392631 heartbeat IPC: 0.5589 cumulative IPC: 0.4868 (Simulation time: 00 hr 03 min 22 sec)
Heartbeat CPU 0 instructions: 32500126 cycles: 48397650 heartbeat IPC: 0.4975 cumulative IPC: 0.487 (Simulation time: 00 hr 03 min 26 sec)
Heartbeat CPU 0 instructions: 33000126 cycles: 49366459 heartbeat IPC: 0.5161 cumulative IPC: 0.4876 (Simulation time: 00 hr 03 min 30 sec)
Heartbeat CPU 0 instructions: 33500131 cycles: 50345965 heartbeat IPC: 0.5105 cumulative IPC: 0.488 (Simulation time: 00 hr 03 min 34 sec)
Heartbeat CPU 0 instructions: 34000132 cycles: 51280494 heartbeat IPC: 0.535 cumulative IPC: 0.4889 (Simulation time: 00 hr 03 min 38 sec)
Heartbeat CPU 0 instructions: 34500135 cycles: 52301759 heartbeat IPC: 0.4896 cumulative IPC: 0.489 (Simulation time: 00 hr 03 min 43 sec)
Heartbeat CPU 0 instructions: 35000139 cycles: 53283218 heartbeat IPC: 0.5094 cumulative IPC: 0.4894 (Simulation time: 00 hr 03 min 47 sec)
Heartbeat CPU 0 instructions: 35500140 cycles: 54189910 heartbeat IPC: 0.5515 cumulative IPC: 0.4904 (Simulation time: 00 hr 03 min 51 sec)
Heartbeat CPU 0 instructions: 36000140 cycles: 55357198 heartbeat IPC: 0.4283 cumulative IPC: 0.4891 (Simulation time: 00 hr 03 min 55 sec)
Heartbeat CPU 0 instructions: 36500144 cycles: 56498857 heartbeat IPC: 0.438 cumulative IPC: 0.488 (Simulation time: 00 hr 04 min 00 sec)
Heartbeat CPU 0 instructions: 37000144 cycles: 57635722 heartbeat IPC: 0.4398 cumulative IPC: 0.487 (Simulation time: 00 hr 04 min 04 sec)
Heartbeat CPU 0 instructions: 37500145 cycles: 58695308 heartbeat IPC: 0.4719 cumulative IPC: 0.4867 (Simulation time: 00 hr 04 min 09 sec)
Heartbeat CPU 0 instructions: 38000146 cycles: 59606538 heartbeat IPC: 0.5487 cumulative IPC: 0.4877 (Simulation time: 00 hr 04 min 13 sec)
Heartbeat CPU 0 instructions: 38500146 cycles: 60571827 heartbeat IPC: 0.518 cumulative IPC: 0.4882 (Simulation time: 00 hr 04 min 16 sec)
Heartbeat CPU 0 instructions: 39000146 cycles: 61687869 heartbeat IPC: 0.448 cumulative IPC: 0.4875 (Simulation time: 00 hr 04 min 21 sec)
Heartbeat CPU 0 instructions: 39500150 cycles: 62655933 heartbeat IPC: 0.5165 cumulative IPC: 0.4879 (Simulation time: 00 hr 04 min 25 sec)
Heartbeat CPU 0 instructions: 40000151 cycles: 63662813 heartbeat IPC: 0.4966 cumulative IPC: 0.4881 (Simulation time: 00 hr 04 min 30 sec)
Heartbeat CPU 0 instructions: 40500153 cycles: 64636264 heartbeat IPC: 0.5136 cumulative IPC: 0.4885 (Simulation time: 00 hr 04 min 34 sec)
Heartbeat CPU 0 instructions: 41000153 cycles: 65713535 heartbeat IPC: 0.4641 cumulative IPC: 0.488 (Simulation time: 00 hr 04 min 38 sec)
Heartbeat CPU 0 instructions: 41500158 cycles: 66666995 heartbeat IPC: 0.5244 cumulative IPC: 0.4886 (Simulation time: 00 hr 04 min 42 sec)
Heartbeat CPU 0 instructions: 42000158 cycles: 67586671 heartbeat IPC: 0.5437 cumulative IPC: 0.4894 (Simulation time: 00 hr 04 min 45 sec)
Heartbeat CPU 0 instructions: 42500159 cycles: 68571002 heartbeat IPC: 0.508 cumulative IPC: 0.4896 (Simulation time: 00 hr 04 min 49 sec)
Heartbeat CPU 0 instructions: 43000160 cycles: 69434432 heartbeat IPC: 0.5791 cumulative IPC: 0.4908 (Simulation time: 00 hr 04 min 53 sec)
Heartbeat CPU 0 instructions: 43500164 cycles: 70371896 heartbeat IPC: 0.5334 cumulative IPC: 0.4914 (Simulation time: 00 hr 04 min 57 sec)
Heartbeat CPU 0 instructions: 44000166 cycles: 71390687 heartbeat IPC: 0.4908 cumulative IPC: 0.4914 (Simulation time: 00 hr 05 min 02 sec)
Heartbeat CPU 0 instructions: 44500166 cycles: 72315411 heartbeat IPC: 0.5407 cumulative IPC: 0.492 (Simulation time: 00 hr 05 min 05 sec)
Heartbeat CPU 0 instructions: 45000170 cycles: 73194771 heartbeat IPC: 0.5686 cumulative IPC: 0.493 (Simulation time: 00 hr 05 min 09 sec)
Heartbeat CPU 0 instructions: 45500172 cycles: 74109323 heartbeat IPC: 0.5467 cumulative IPC: 0.4936 (Simulation time: 00 hr 05 min 13 sec)
Heartbeat CPU 0 instructions: 46000173 cycles: 74901472 heartbeat IPC: 0.6312 cumulative IPC: 0.4951 (Simulation time: 00 hr 05 min 17 sec)
Heartbeat CPU 0 instructions: 46500174 cycles: 75900219 heartbeat IPC: 0.5006 cumulative IPC: 0.4952 (Simulation time: 00 hr 05 min 21 sec)
Heartbeat CPU 0 instructions: 47000175 cycles: 76899130 heartbeat IPC: 0.5005 cumulative IPC: 0.4953 (Simulation time: 00 hr 05 min 25 sec)
Heartbeat CPU 0 instructions: 47500175 cycles: 77874195 heartbeat IPC: 0.5128 cumulative IPC: 0.4955 (Simulation time: 00 hr 05 min 29 sec)
Heartbeat CPU 0 instructions: 48000175 cycles: 78775713 heartbeat IPC: 0.5546 cumulative IPC: 0.4962 (Simulation time: 00 hr 05 min 33 sec)
Heartbeat CPU 0 instructions: 48500176 cycles: 79780481 heartbeat IPC: 0.4976 cumulative IPC: 0.4962 (Simulation time: 00 hr 05 min 38 sec)
Heartbeat CPU 0 instructions: 49000176 cycles: 80775252 heartbeat IPC: 0.5026 cumulative IPC: 0.4963 (Simulation time: 00 hr 05 min 41 sec)
Heartbeat CPU 0 instructions: 49500177 cycles: 81732473 heartbeat IPC: 0.5223 cumulative IPC: 0.4966 (Simulation time: 00 hr 05 min 45 sec)
Heartbeat CPU 0 instructions: 50000180 cycles: 82594871 heartbeat IPC: 0.5798 cumulative IPC: 0.4975 (Simulation time: 00 hr 05 min 49 sec)
Heartbeat CPU 0 instructions: 50500184 cycles: 83608150 heartbeat IPC: 0.4935 cumulative IPC: 0.4975 (Simulation time: 00 hr 05 min 53 sec)
Heartbeat CPU 0 instructions: 51000186 cycles: 84459509 heartbeat IPC: 0.5873 cumulative IPC: 0.4984 (Simulation time: 00 hr 05 min 57 sec)
Heartbeat CPU 0 instructions: 51500191 cycles: 85483344 heartbeat IPC: 0.4884 cumulative IPC: 0.4983 (Simulation time: 00 hr 06 min 01 sec)
Heartbeat CPU 0 instructions: 52000192 cycles: 86363150 heartbeat IPC: 0.5683 cumulative IPC: 0.499 (Simulation time: 00 hr 06 min 05 sec)
Heartbeat CPU 0 instructions: 52500193 cycles: 87395431 heartbeat IPC: 0.4844 cumulative IPC: 0.4988 (Simulation time: 00 hr 06 min 09 sec)
Heartbeat CPU 0 instructions: 53000195 cycles: 88417990 heartbeat IPC: 0.489 cumulative IPC: 0.4987 (Simulation time: 00 hr 06 min 13 sec)
Heartbeat CPU 0 instructions: 53500196 cycles: 89381945 heartbeat IPC: 0.5187 cumulative IPC: 0.4989 (Simulation time: 00 hr 06 min 17 sec)
Heartbeat CPU 0 instructions: 54000196 cycles: 90310099 heartbeat IPC: 0.5387 cumulative IPC: 0.4993 (Simulation time: 00 hr 06 min 21 sec)
Heartbeat CPU 0 instructions: 54500197 cycles: 91367369 heartbeat IPC: 0.4729 cumulative IPC: 0.499 (Simulation time: 00 hr 06 min 25 sec)
Heartbeat CPU 0 instructions: 55000201 cycles: 92443808 heartbeat IPC: 0.4645 cumulative IPC: 0.4986 (Simulation time: 00 hr 06 min 29 sec)
Heartbeat CPU 0 instructions: 55500201 cycles: 93454958 heartbeat IPC: 0.4945 cumulative IPC: 0.4986 (Simulation time: 00 hr 06 min 33 sec)
Heartbeat CPU 0 instructions: 56000201 cycles: 94355322 heartbeat IPC: 0.5553 cumulative IPC: 0.4991 (Simulation time: 00 hr 06 min 37 sec)
Heartbeat CPU 0 instructions: 56500202 cycles: 95266860 heartbeat IPC: 0.5485 cumulative IPC: 0.4996 (Simulation time: 00 hr 06 min 41 sec)
Heartbeat CPU 0 instructions: 57000203 cycles: 96226038 heartbeat IPC: 0.5213 cumulative IPC: 0.4998 (Simulation time: 00 hr 06 min 45 sec)
Heartbeat CPU 0 instructions: 57500208 cycles: 97168754 heartbeat IPC: 0.5304 cumulative IPC: 0.5001 (Simulation time: 00 hr 06 min 49 sec)
Heartbeat CPU 0 instructions: 58000209 cycles: 98057152 heartbeat IPC: 0.5628 cumulative IPC: 0.5007 (Simulation time: 00 hr 06 min 53 sec)
Heartbeat CPU 0 instructions: 58500212 cycles: 99003212 heartbeat IPC: 0.5285 cumulative IPC: 0.501 (Simulation time: 00 hr 06 min 57 sec)
Heartbeat CPU 0 instructions: 59000216 cycles: 99963302 heartbeat IPC: 0.5208 cumulative IPC: 0.5012 (Simulation time: 00 hr 07 min 01 sec)
Heartbeat CPU 0 instructions: 59500218 cycles: 100872424 heartbeat IPC: 0.55 cumulative IPC: 0.5016 (Simulation time: 00 hr 07 min 04 sec)
Simulation finished CPU 0 instructions: 50000000 cycles: 99577785 cumulative IPC: 0.5021 (Simulation time: 00 hr 07 min 08 sec)
Simulation complete CPU 0 instructions: 50000000 cycles: 99577785 cumulative IPC: 0.5021 (Simulation time: 00 hr 07 min 08 sec)

ChampSim completed all CPUs

=== Simulation ===
CPU 0 runs traces/GAP/cc-5.trace.gz

Region of Interest Statistics

CPU 0 cumulative IPC: 0.5021 instructions: 50000000 cycles: 99577785
CPU 0 Branch Prediction Accuracy: 93.05% MPKI: 13.72 Average ROB Occupancy at Mispredict: 46.87
Branch type MPKI
BRANCH_DIRECT_JUMP: 0
BRANCH_INDIRECT: 0
BRANCH_CONDITIONAL: 13.72
BRANCH_DIRECT_CALL: 0
BRANCH_INDIRECT_CALL: 0
BRANCH_RETURN: 0

cpu0->cpu0_STLB TOTAL        ACCESS:    2357120 HIT:    2353641 MISS:       3479 MSHR_MERGE:          0
cpu0->cpu0_STLB LOAD         ACCESS:    2357120 HIT:    2353641 MISS:       3479 MSHR_MERGE:          0
cpu0->cpu0_STLB RFO          ACCESS:          0 HIT:          0 MISS:          0 MSHR_MERGE:          0
cpu0->cpu0_STLB PREFETCH     ACCESS:          0 HIT:          0 MISS:          0 MSHR_MERGE:          0
cpu0->cpu0_STLB WRITE        ACCESS:          0 HIT:          0 MISS:          0 MSHR_MERGE:          0
cpu0->cpu0_STLB TRANSLATION  ACCESS:          0 HIT:          0 MISS:          0 MSHR_MERGE:          0
cpu0->cpu0_STLB PREFETCH REQUESTED:          0 ISSUED:          0 USEFUL:          0 USELESS:          0
cpu0->cpu0_STLB AVERAGE MISS LATENCY: 256.6 cycles
cpu0->cpu0_L2C TOTAL        ACCESS:   10099653 HIT:    6647305 MISS:    3452348 MSHR_MERGE:     238394
cpu0->cpu0_L2C LOAD         ACCESS:    3347251 HIT:    2233726 MISS:    1113525 MSHR_MERGE:       7128
cpu0->cpu0_L2C RFO          ACCESS:          0 HIT:          0 MISS:          0 MSHR_MERGE:          0
cpu0->cpu0_L2C PREFETCH     ACCESS:    6543757 HIT:    4205450 MISS:    2338307 MSHR_MERGE:     231266
cpu0->cpu0_L2C WRITE        ACCESS:     205221 HIT:     205204 MISS:         17 MSHR_MERGE:          0
cpu0->cpu0_L2C TRANSLATION  ACCESS:       3424 HIT:       2925 MISS:        499 MSHR_MERGE:          0
cpu0->cpu0_L2C PREFETCH REQUESTED:    6491277 ISSUED:    5797906 USEFUL:     582814 USELESS:    1263660
cpu0->cpu0_L2C AVERAGE MISS LATENCY: 90.66 cycles
cpu0->cpu0_L1I TOTAL        ACCESS:     112339 HIT:     112339 MISS:          0 MSHR_MERGE:          0
cpu0->cpu0_L1I LOAD         ACCESS:     112339 HIT:     112339 MISS:          0 MSHR_MERGE:          0
cpu0->cpu0_L1I RFO          ACCESS:          0 HIT:          0 MISS:          0 MSHR_MERGE:          0
cpu0->cpu0_L1I PREFETCH     ACCESS:          0 HIT:          0 MISS:          0 MSHR_MERGE:          0
cpu0->cpu0_L1I WRITE        ACCESS:          0 HIT:          0 MISS:          0 MSHR_MERGE:          0
cpu0->cpu0_L1I TRANSLATION  ACCESS:          0 HIT:          0 MISS:          0 MSHR_MERGE:          0
cpu0->cpu0_L1I PREFETCH REQUESTED:          0 ISSUED:          0 USEFUL:          0 USELESS:          0
cpu0->cpu0_L1I AVERAGE MISS LATENCY: - cycles
cpu0->cpu0_L1D TOTAL        ACCESS:   13872385 HIT:    9636177 MISS:    4236208 MSHR_MERGE:     139694
cpu0->cpu0_L1D LOAD         ACCESS:   12505914 HIT:    9035584 MISS:    3470330 MSHR_MERGE:     123079
cpu0->cpu0_L1D RFO          ACCESS:          0 HIT:          0 MISS:          0 MSHR_MERGE:          0
cpu0->cpu0_L1D PREFETCH     ACCESS:    1121256 HIT:     358802 MISS:     762454 MSHR_MERGE:      16615
cpu0->cpu0_L1D WRITE        ACCESS:     238250 HIT:     238250 MISS:          0 MSHR_MERGE:          0
cpu0->cpu0_L1D TRANSLATION  ACCESS:       6965 HIT:       3541 MISS:       3424 MSHR_MERGE:          0
cpu0->cpu0_L1D PREFETCH REQUESTED:    1126238 ISSUED:    1121251 USEFUL:     231641 USELESS:     514306
cpu0->cpu0_L1D AVERAGE MISS LATENCY: 38.84 cycles
cpu0->cpu0_ITLB TOTAL        ACCESS:     107439 HIT:     107439 MISS:          0 MSHR_MERGE:          0
cpu0->cpu0_ITLB LOAD         ACCESS:     107439 HIT:     107439 MISS:          0 MSHR_MERGE:          0
cpu0->cpu0_ITLB RFO          ACCESS:          0 HIT:          0 MISS:          0 MSHR_MERGE:          0
cpu0->cpu0_ITLB PREFETCH     ACCESS:          0 HIT:          0 MISS:          0 MSHR_MERGE:          0
cpu0->cpu0_ITLB WRITE        ACCESS:          0 HIT:          0 MISS:          0 MSHR_MERGE:          0
cpu0->cpu0_ITLB TRANSLATION  ACCESS:          0 HIT:          0 MISS:          0 MSHR_MERGE:          0
cpu0->cpu0_ITLB PREFETCH REQUESTED:          0 ISSUED:          0 USEFUL:          0 USELESS:          0
cpu0->cpu0_ITLB AVERAGE MISS LATENCY: - cycles
cpu0->cpu0_DTLB TOTAL        ACCESS:   13526553 HIT:   10770654 MISS:    2755899 MSHR_MERGE:     398779
cpu0->cpu0_DTLB LOAD         ACCESS:   13526553 HIT:   10770654 MISS:    2755899 MSHR_MERGE:     398779
cpu0->cpu0_DTLB RFO          ACCESS:          0 HIT:          0 MISS:          0 MSHR_MERGE:          0
cpu0->cpu0_DTLB PREFETCH     ACCESS:          0 HIT:          0 MISS:          0 MSHR_MERGE:          0
cpu0->cpu0_DTLB WRITE        ACCESS:          0 HIT:          0 MISS:          0 MSHR_MERGE:          0
cpu0->cpu0_DTLB TRANSLATION  ACCESS:          0 HIT:          0 MISS:          0 MSHR_MERGE:          0
cpu0->cpu0_DTLB PREFETCH REQUESTED:          0 ISSUED:          0 USEFUL:          0 USELESS:          0
cpu0->cpu0_DTLB AVERAGE MISS LATENCY: 5.385 cycles
cpu0->LLC TOTAL        ACCESS:    3414689 HIT:    2199744 MISS:    1214945 MSHR_MERGE:          0
cpu0->LLC LOAD         ACCESS:    1106397 HIT:     778062 MISS:     328335 MSHR_MERGE:          0
cpu0->LLC RFO          ACCESS:          0 HIT:          0 MISS:          0 MSHR_MERGE:          0
cpu0->LLC PREFETCH     ACCESS:    2107041 HIT:    1280661 MISS:     826380 MSHR_MERGE:          0
cpu0->LLC WRITE        ACCESS:     200752 HIT:     141012 MISS:      59740 MSHR_MERGE:          0
cpu0->LLC TRANSLATION  ACCESS:        499 HIT:          9 MISS:        490 MSHR_MERGE:          0
cpu0->LLC PREFETCH REQUESTED:          0 ISSUED:          0 USEFUL:          0 USELESS:          0
cpu0->LLC AVERAGE MISS LATENCY: 196.8 cycles

DRAM Statistics

Channel 0 RQ ROW_BUFFER_HIT:      20126
  ROW_BUFFER_MISS:    1134267
  AVG DBUS CONGESTED CYCLE: 24.7
Channel 0 WQ ROW_BUFFER_HIT:      25729
  ROW_BUFFER_MISS:      66004
  FULL:          0
Channel 0 REFRESHES ISSUED:       8298
