[VMEM] WARNING: physical memory size is smaller than virtual memory size.

*** ChampSim Multicore Out-of-Order Simulator ***
Warmup Instructions: 10000000
Simulation Instructions: 50000000
Number of CPUs: 1
Page size: 4096
Core 0: traces/GAP/charlie_0000.champsim.gz
 L1D Berti prefetcher
Off-chip DRAM Size: 64 GiB Channels: 1 Width: 64-bit Data Rate: 4807 MT/s
[BTB] WARNING: target of return is a lower address than the corresponding call. This is usually a problem with your trace.
[BTB] WARNING: target of return is a lower address than the corresponding call. This is usually a problem with your trace.
Heartbeat CPU 0 instructions: 500006 cycles: 300027 heartbeat IPC: 1.667 cumulative IPC: 1.667 (Simulation time: 00 hr 00 min 02 sec)
Heartbeat CPU 0 instructions: 1000012 cycles: 488351 heartbeat IPC: 2.655 cumulative IPC: 2.048 (Simulation time: 00 hr 00 min 04 sec)
[BTB] WARNING: target of return is a lower address than the corresponding call. This is usually a problem with your trace.
Heartbeat CPU 0 instructions: 1500013 cycles: 656213 heartbeat IPC: 2.979 cumulative IPC: 2.286 (Simulation time: 00 hr 00 min 06 sec)
[BTB] WARNING: target of return is a lower address than the corresponding call. This is usually a problem with your trace.
[BTB] WARNING: target of return is a lower address than the corresponding call. This is usually a problem with your trace.
Heartbeat CPU 0 instructions: 2000013 cycles: 789795 heartbeat IPC: 3.743 cumulative IPC: 2.532 (Simulation time: 00 hr 00 min 07 sec)
[BTB] WARNING: target of return is a lower address than the corresponding call. This is usually a problem with your trace.
[BTB] WARNING: target of return is a lower address than the corresponding call. This is usually a problem with your trace.
[BTB] WARNING: target of return is a lower address than the corresponding call. This is usually a problem with your trace.
[BTB] WARNING: target of return is a lower address than the corresponding call. This is usually a problem with your trace.
[BTB] WARNING: target of return is a lower address than the corresponding call. This is usually a problem with your trace.
Heartbeat CPU 0 instructions: 2500014 cycles: 937473 heartbeat IPC: 3.386 cumulative IPC: 2.667 (Simulation time: 00 hr 00 min 08 sec)
Heartbeat CPU 0 instructions: 3000021 cycles: 1046264 heartbeat IPC: 4.596 cumulative IPC: 2.867 (Simulation time: 00 hr 00 min 09 sec)
Heartbeat CPU 0 instructions: 3500023 cycles: 1153494 heartbeat IPC: 4.663 cumulative IPC: 3.034 (Simulation time: 00 hr 00 min 10 sec)
Heartbeat CPU 0 instructions: 4000027 cycles: 1261057 heartbeat IPC: 4.648 cumulative IPC: 3.172 (Simulation time: 00 hr 00 min 11 sec)
Heartbeat CPU 0 instructions: 4500034 cycles: 1367088 heartbeat IPC: 4.716 cumulative IPC: 3.292 (Simulation time: 00 hr 00 min 12 sec)
Heartbeat CPU 0 instructions: 5000034 cycles: 1472877 heartbeat IPC: 4.726 cumulative IPC: 3.395 (Simulation time: 00 hr 00 min 13 sec)
Heartbeat CPU 0 instructions: 5500040 cycles: 1577606 heartbeat IPC: 4.774 cumulative IPC: 3.486 (Simulation time: 00 hr 00 min 14 sec)
Heartbeat CPU 0 instructions: 6000040 cycles: 1682284 heartbeat IPC: 4.777 cumulative IPC: 3.567 (Simulation time: 00 hr 00 min 15 sec)
Heartbeat CPU 0 instructions: 6500040 cycles: 1789512 heartbeat IPC: 4.663 cumulative IPC: 3.632 (Simulation time: 00 hr 00 min 16 sec)
Heartbeat CPU 0 instructions: 7000044 cycles: 1895680 heartbeat IPC: 4.71 cumulative IPC: 3.693 (Simulation time: 00 hr 00 min 17 sec)
Heartbeat CPU 0 instructions: 7500049 cycles: 2005007 heartbeat IPC: 4.573 cumulative IPC: 3.741 (Simulation time: 00 hr 00 min 18 sec)
Heartbeat CPU 0 instructions: 8000052 cycles: 2110669 heartbeat IPC: 4.732 cumulative IPC: 3.79 (Simulation time: 00 hr 00 min 19 sec)
Heartbeat CPU 0 instructions: 8500058 cycles: 2217633 heartbeat IPC: 4.675 cumulative IPC: 3.833 (Simulation time: 00 hr 00 min 20 sec)
Heartbeat CPU 0 instructions: 9000060 cycles: 2328442 heartbeat IPC: 4.512 cumulative IPC: 3.865 (Simulation time: 00 hr 00 min 21 sec)
Heartbeat CPU 0 instructions: 9500062 cycles: 2431636 heartbeat IPC: 4.845 cumulative IPC: 3.907 (Simulation time: 00 hr 00 min 22 sec)
Warmup finished CPU 0 instructions: 10000005 cycles: 2535545 cumulative IPC: 3.944 (Simulation time: 00 hr 00 min 23 sec)
Warmup complete CPU 0 instructions: 10000005 cycles: 2535545 cumulative IPC: 3.944 (Simulation time: 00 hr 00 min 23 sec)
Heartbeat CPU 0 instructions: 10000065 cycles: 2535553 heartbeat IPC: 4.812 cumulative IPC: 7.5 (Simulation time: 00 hr 00 min 23 sec)
Heartbeat CPU 0 instructions: 10500066 cycles: 2853833 heartbeat IPC: 1.571 cumulative IPC: 1.571 (Simulation time: 00 hr 00 min 25 sec)
Heartbeat CPU 0 instructions: 11000066 cycles: 3202316 heartbeat IPC: 1.435 cumulative IPC: 1.5 (Simulation time: 00 hr 00 min 27 sec)
Heartbeat CPU 0 instructions: 11500067 cycles: 3537542 heartbeat IPC: 1.492 cumulative IPC: 1.497 (Simulation time: 00 hr 00 min 28 sec)
Heartbeat CPU 0 instructions: 12000072 cycles: 4144283 heartbeat IPC: 0.8241 cumulative IPC: 1.243 (Simulation time: 00 hr 00 min 31 sec)
Heartbeat CPU 0 instructions: 12500072 cycles: 4802539 heartbeat IPC: 0.7596 cumulative IPC: 1.103 (Simulation time: 00 hr 00 min 34 sec)
Heartbeat CPU 0 instructions: 13000073 cycles: 5265248 heartbeat IPC: 1.081 cumulative IPC: 1.099 (Simulation time: 00 hr 00 min 36 sec)
Heartbeat CPU 0 instructions: 13500075 cycles: 5574557 heartbeat IPC: 1.617 cumulative IPC: 1.152 (Simulation time: 00 hr 00 min 38 sec)
Heartbeat CPU 0 instructions: 14000077 cycles: 5946120 heartbeat IPC: 1.346 cumulative IPC: 1.173 (Simulation time: 00 hr 00 min 40 sec)
Heartbeat CPU 0 instructions: 14500083 cycles: 6237544 heartbeat IPC: 1.716 cumulative IPC: 1.216 (Simulation time: 00 hr 00 min 41 sec)
Heartbeat CPU 0 instructions: 15000086 cycles: 6571434 heartbeat IPC: 1.498 cumulative IPC: 1.239 (Simulation time: 00 hr 00 min 43 sec)
Heartbeat CPU 0 instructions: 15500086 cycles: 6909358 heartbeat IPC: 1.48 cumulative IPC: 1.258 (Simulation time: 00 hr 00 min 45 sec)
Heartbeat CPU 0 instructions: 16000091 cycles: 7248685 heartbeat IPC: 1.474 cumulative IPC: 1.273 (Simulation time: 00 hr 00 min 47 sec)
Heartbeat CPU 0 instructions: 16500091 cycles: 7677493 heartbeat IPC: 1.166 cumulative IPC: 1.264 (Simulation time: 00 hr 00 min 49 sec)
Heartbeat CPU 0 instructions: 17000097 cycles: 8083508 heartbeat IPC: 1.231 cumulative IPC: 1.262 (Simulation time: 00 hr 00 min 51 sec)
Heartbeat CPU 0 instructions: 17500100 cycles: 8471800 heartbeat IPC: 1.288 cumulative IPC: 1.263 (Simulation time: 00 hr 00 min 53 sec)
Heartbeat CPU 0 instructions: 18000100 cycles: 8840277 heartbeat IPC: 1.357 cumulative IPC: 1.269 (Simulation time: 00 hr 00 min 54 sec)
Heartbeat CPU 0 instructions: 18500100 cycles: 9222718 heartbeat IPC: 1.307 cumulative IPC: 1.271 (Simulation time: 00 hr 00 min 56 sec)
Heartbeat CPU 0 instructions: 19000100 cycles: 9944259 heartbeat IPC: 0.693 cumulative IPC: 1.215 (Simulation time: 00 hr 01 min 00 sec)
Heartbeat CPU 0 instructions: 19500100 cycles: 10251026 heartbeat IPC: 1.63 cumulative IPC: 1.231 (Simulation time: 00 hr 01 min 01 sec)
Heartbeat CPU 0 instructions: 20000101 cycles: 10537909 heartbeat IPC: 1.743 cumulative IPC: 1.25 (Simulation time: 00 hr 01 min 02 sec)
Heartbeat CPU 0 instructions: 20500102 cycles: 10838501 heartbeat IPC: 1.663 cumulative IPC: 1.265 (Simulation time: 00 hr 01 min 04 sec)
Heartbeat CPU 0 instructions: 21000104 cycles: 11096667 heartbeat IPC: 1.937 cumulative IPC: 1.285 (Simulation time: 00 hr 01 min 05 sec)
Heartbeat CPU 0 instructions: 21500105 cycles: 11363185 heartbeat IPC: 1.876 cumulative IPC: 1.303 (Simulation time: 00 hr 01 min 06 sec)
Heartbeat CPU 0 instructions: 22000111 cycles: 12605451 heartbeat IPC: 0.4025 cumulative IPC: 1.192 (Simulation time: 00 hr 01 min 11 sec)
Heartbeat CPU 0 instructions: 22500111 cycles: 14591301 heartbeat IPC: 0.2518 cumulative IPC: 1.037 (Simulation time: 00 hr 01 min 18 sec)
Heartbeat CPU 0 instructions: 23000117 cycles: 15047293 heartbeat IPC: 1.097 cumulative IPC: 1.039 (Simulation time: 00 hr 01 min 21 sec)
Heartbeat CPU 0 instructions: 23500119 cycles: 15626581 heartbeat IPC: 0.8631 cumulative IPC: 1.031 (Simulation time: 00 hr 01 min 23 sec)
Heartbeat CPU 0 instructions: 24000125 cycles: 16689608 heartbeat IPC: 0.4704 cumulative IPC: 0.9891 (Simulation time: 00 hr 01 min 27 sec)
Heartbeat CPU 0 instructions: 24500126 cycles: 16919718 heartbeat IPC: 2.173 cumulative IPC: 1.008 (Simulation time: 00 hr 01 min 29 sec)
Heartbeat CPU 0 instructions: 25000129 cycles: 17122306 heartbeat IPC: 2.468 cumulative IPC: 1.028 (Simulation time: 00 hr 01 min 30 sec)
Heartbeat CPU 0 instructions: 25500134 cycles: 17434207 heartbeat IPC: 1.603 cumulative IPC: 1.04 (Simulation time: 00 hr 01 min 32 sec)
Heartbeat CPU 0 instructions: 26000134 cycles: 17684184 heartbeat IPC: 2 cumulative IPC: 1.056 (Simulation time: 00 hr 01 min 34 sec)
Heartbeat CPU 0 instructions: 26500140 cycles: 17883174 heartbeat IPC: 2.513 cumulative IPC: 1.075 (Simulation time: 00 hr 01 min 36 sec)
Heartbeat CPU 0 instructions: 27000147 cycles: 18061457 heartbeat IPC: 2.805 cumulative IPC: 1.095 (Simulation time: 00 hr 01 min 37 sec)
Heartbeat CPU 0 instructions: 27500147 cycles: 18429594 heartbeat IPC: 1.358 cumulative IPC: 1.101 (Simulation time: 00 hr 01 min 40 sec)
Heartbeat CPU 0 instructions: 28000151 cycles: 18608693 heartbeat IPC: 2.792 cumulative IPC: 1.12 (Simulation time: 00 hr 01 min 41 sec)
Heartbeat CPU 0 instructions: 28500156 cycles: 18788164 heartbeat IPC: 2.786 cumulative IPC: 1.138 (Simulation time: 00 hr 01 min 43 sec)
Heartbeat CPU 0 instructions: 29000157 cycles: 19104490 heartbeat IPC: 1.581 cumulative IPC: 1.147 (Simulation time: 00 hr 01 min 45 sec)
Heartbeat CPU 0 instructions: 29500158 cycles: 20111714 heartbeat IPC: 0.4964 cumulative IPC: 1.109 (Simulation time: 00 hr 01 min 49 sec)
Heartbeat CPU 0 instructions: 30000162 cycles: 20412288 heartbeat IPC: 1.663 cumulative IPC: 1.119 (Simulation time: 00 hr 01 min 51 sec)
Heartbeat CPU 0 instructions: 30500163 cycles: 20699667 heartbeat IPC: 1.74 cumulative IPC: 1.129 (Simulation time: 00 hr 01 min 52 sec)
Heartbeat CPU 0 instructions: 31000163 cycles: 20995185 heartbeat IPC: 1.692 cumulative IPC: 1.138 (Simulation time: 00 hr 01 min 53 sec)
Heartbeat CPU 0 instructions: 31500164 cycles: 21250675 heartbeat IPC: 1.957 cumulative IPC: 1.149 (Simulation time: 00 hr 01 min 55 sec)
Heartbeat CPU 0 instructions: 32000170 cycles: 21508783 heartbeat IPC: 1.937 cumulative IPC: 1.16 (Simulation time: 00 hr 01 min 56 sec)
Heartbeat CPU 0 instructions: 32500171 cycles: 22077285 heartbeat IPC: 0.8795 cumulative IPC: 1.151 (Simulation time: 00 hr 01 min 59 sec)
Heartbeat CPU 0 instructions: 33000171 cycles: 22500024 heartbeat IPC: 1.183 cumulative IPC: 1.152 (Simulation time: 00 hr 02 min 01 sec)
Heartbeat CPU 0 instructions: 33500172 cycles: 23021699 heartbeat IPC: 0.9585 cumulative IPC: 1.147 (Simulation time: 00 hr 02 min 04 sec)
Heartbeat CPU 0 instructions: 34000173 cycles: 23467219 heartbeat IPC: 1.122 cumulative IPC: 1.147 (Simulation time: 00 hr 02 min 07 sec)
Heartbeat CPU 0 instructions: 34500179 cycles: 23954060 heartbeat IPC: 1.027 cumulative IPC: 1.144 (Simulation time: 00 hr 02 min 10 sec)
Heartbeat CPU 0 instructions: 35000183 cycles: 24416332 heartbeat IPC: 1.082 cumulative IPC: 1.143 (Simulation time: 00 hr 02 min 12 sec)
Heartbeat CPU 0 instructions: 35500184 cycles: 24969064 heartbeat IPC: 0.9046 cumulative IPC: 1.137 (Simulation time: 00 hr 02 min 16 sec)
Heartbeat CPU 0 instructions: 36000184 cycles: 25438271 heartbeat IPC: 1.066 cumulative IPC: 1.135 (Simulation time: 00 hr 02 min 18 sec)
Heartbeat CPU 0 instructions: 36500186 cycles: 26420503 heartbeat IPC: 0.509 cumulative IPC: 1.109 (Simulation time: 00 hr 02 min 23 sec)
Heartbeat CPU 0 instructions: 37000186 cycles: 26721571 heartbeat IPC: 1.661 cumulative IPC: 1.116 (Simulation time: 00 hr 02 min 24 sec)
Heartbeat CPU 0 instructions: 37500186 cycles: 27003248 heartbeat IPC: 1.775 cumulative IPC: 1.124 (Simulation time: 00 hr 02 min 25 sec)
Heartbeat CPU 0 instructions: 38000186 cycles: 27297705 heartbeat IPC: 1.698 cumulative IPC: 1.131 (Simulation time: 00 hr 02 min 27 sec)
Heartbeat CPU 0 instructions: 38500186 cycles: 27547784 heartbeat IPC: 1.999 cumulative IPC: 1.139 (Simulation time: 00 hr 02 min 28 sec)
Heartbeat CPU 0 instructions: 39000187 cycles: 27827976 heartbeat IPC: 1.784 cumulative IPC: 1.147 (Simulation time: 00 hr 02 min 29 sec)
Heartbeat CPU 0 instructions: 39500192 cycles: 28525073 heartbeat IPC: 0.7173 cumulative IPC: 1.135 (Simulation time: 00 hr 02 min 33 sec)
Heartbeat CPU 0 instructions: 40000192 cycles: 28987595 heartbeat IPC: 1.081 cumulative IPC: 1.134 (Simulation time: 00 hr 02 min 35 sec)
Heartbeat CPU 0 instructions: 40500192 cycles: 29373395 heartbeat IPC: 1.296 cumulative IPC: 1.136 (Simulation time: 00 hr 02 min 37 sec)
Heartbeat CPU 0 instructions: 41000193 cycles: 29700386 heartbeat IPC: 1.529 cumulative IPC: 1.141 (Simulation time: 00 hr 02 min 38 sec)
Heartbeat CPU 0 instructions: 41500193 cycles: 30102851 heartbeat IPC: 1.242 cumulative IPC: 1.143 (Simulation time: 00 hr 02 min 41 sec)
Heartbeat CPU 0 instructions: 42000200 cycles: 30476244 heartbeat IPC: 1.339 cumulative IPC: 1.145 (Simulation time: 00 hr 02 min 42 sec)
Heartbeat CPU 0 instructions: 42500203 cycles: 30859811 heartbeat IPC: 1.304 cumulative IPC: 1.147 (Simulation time: 00 hr 02 min 44 sec)
Heartbeat CPU 0 instructions: 43000208 cycles: 31165988 heartbeat IPC: 1.633 cumulative IPC: 1.153 (Simulation time: 00 hr 02 min 46 sec)
Heartbeat CPU 0 instructions: 43500211 cycles: 31537067 heartbeat IPC: 1.347 cumulative IPC: 1.155 (Simulation time: 00 hr 02 min 48 sec)
Heartbeat CPU 0 instructions: 44000213 cycles: 31901852 heartbeat IPC: 1.371 cumulative IPC: 1.158 (Simulation time: 00 hr 02 min 50 sec)
Heartbeat CPU 0 instructions: 44500215 cycles: 32234374 heartbeat IPC: 1.504 cumulative IPC: 1.162 (Simulation time: 00 hr 02 min 52 sec)
Heartbeat CPU 0 instructions: 45000221 cycles: 32560720 heartbeat IPC: 1.532 cumulative IPC: 1.166 (Simulation time: 00 hr 02 min 53 sec)
Heartbeat CPU 0 instructions: 45500225 cycles: 32916114 heartbeat IPC: 1.407 cumulative IPC: 1.169 (Simulation time: 00 hr 02 min 55 sec)
Heartbeat CPU 0 instructions: 46000226 cycles: 33362847 heartbeat IPC: 1.119 cumulative IPC: 1.168 (Simulation time: 00 hr 02 min 57 sec)
Heartbeat CPU 0 instructions: 46500229 cycles: 33671158 heartbeat IPC: 1.622 cumulative IPC: 1.172 (Simulation time: 00 hr 02 min 59 sec)
Heartbeat CPU 0 instructions: 47000230 cycles: 33978393 heartbeat IPC: 1.627 cumulative IPC: 1.177 (Simulation time: 00 hr 03 min 01 sec)
Heartbeat CPU 0 instructions: 47500232 cycles: 35123906 heartbeat IPC: 0.4365 cumulative IPC: 1.151 (Simulation time: 00 hr 03 min 05 sec)
Heartbeat CPU 0 instructions: 48000235 cycles: 35416397 heartbeat IPC: 1.709 cumulative IPC: 1.156 (Simulation time: 00 hr 03 min 07 sec)
Heartbeat CPU 0 instructions: 48500236 cycles: 36358522 heartbeat IPC: 0.5307 cumulative IPC: 1.138 (Simulation time: 00 hr 03 min 11 sec)
Heartbeat CPU 0 instructions: 49000236 cycles: 36654213 heartbeat IPC: 1.691 cumulative IPC: 1.143 (Simulation time: 00 hr 03 min 12 sec)
Heartbeat CPU 0 instructions: 49500236 cycles: 36910795 heartbeat IPC: 1.949 cumulative IPC: 1.149 (Simulation time: 00 hr 03 min 13 sec)
Heartbeat CPU 0 instructions: 50000239 cycles: 37159013 heartbeat IPC: 2.014 cumulative IPC: 1.155 (Simulation time: 00 hr 03 min 14 sec)
Heartbeat CPU 0 instructions: 50500241 cycles: 37905162 heartbeat IPC: 0.6701 cumulative IPC: 1.145 (Simulation time: 00 hr 03 min 18 sec)
Heartbeat CPU 0 instructions: 51000241 cycles: 38506364 heartbeat IPC: 0.8317 cumulative IPC: 1.14 (Simulation time: 00 hr 03 min 20 sec)
Heartbeat CPU 0 instructions: 51500246 cycles: 38868793 heartbeat IPC: 1.38 cumulative IPC: 1.142 (Simulation time: 00 hr 03 min 22 sec)
Heartbeat CPU 0 instructions: 52000247 cycles: 39204281 heartbeat IPC: 1.49 cumulative IPC: 1.145 (Simulation time: 00 hr 03 min 24 sec)
Heartbeat CPU 0 instructions: 52500250 cycles: 39572727 heartbeat IPC: 1.357 cumulative IPC: 1.148 (Simulation time: 00 hr 03 min 26 sec)
Heartbeat CPU 0 instructions: 53000252 cycles: 40077593 heartbeat IPC: 0.9904 cumulative IPC: 1.145 (Simulation time: 00 hr 03 min 28 sec)
Heartbeat CPU 0 instructions: 53500252 cycles: 40377059 heartbeat IPC: 1.67 cumulative IPC: 1.15 (Simulation time: 00 hr 03 min 29 sec)
Heartbeat CPU 0 instructions: 54000254 cycles: 40657233 heartbeat IPC: 1.785 cumulative IPC: 1.154 (Simulation time: 00 hr 03 min 31 sec)
Heartbeat CPU 0 instructions: 54500257 cycles: 40944514 heartbeat IPC: 1.74 cumulative IPC: 1.159 (Simulation time: 00 hr 03 min 32 sec)
Heartbeat CPU 0 instructions: 55000259 cycles: 41195508 heartbeat IPC: 1.992 cumulative IPC: 1.164 (Simulation time: 00 hr 03 min 33 sec)
Heartbeat CPU 0 instructions: 55500260 cycles: 41438317 heartbeat IPC: 2.059 cumulative IPC: 1.17 (Simulation time: 00 hr 03 min 34 sec)
Heartbeat CPU 0 instructions: 56000262 cycles: 42131525 heartbeat IPC: 0.7213 cumulative IPC: 1.162 (Simulation time: 00 hr 03 min 38 sec)
Heartbeat CPU 0 instructions: 56500263 cycles: 42770341 heartbeat IPC: 0.7827 cumulative IPC: 1.156 (Simulation time: 00 hr 03 min 41 sec)
Heartbeat CPU 0 instructions: 57000266 cycles: 44174113 heartbeat IPC: 0.3562 cumulative IPC: 1.129 (Simulation time: 00 hr 03 min 46 sec)
Heartbeat CPU 0 instructions: 57500266 cycles: 44652199 heartbeat IPC: 1.046 cumulative IPC: 1.128 (Simulation time: 00 hr 03 min 48 sec)
Heartbeat CPU 0 instructions: 58000266 cycles: 44984469 heartbeat IPC: 1.505 cumulative IPC: 1.131 (Simulation time: 00 hr 03 min 50 sec)
Heartbeat CPU 0 instructions: 58500268 cycles: 45414891 heartbeat IPC: 1.162 cumulative IPC: 1.131 (Simulation time: 00 hr 03 min 52 sec)
Heartbeat CPU 0 instructions: 59000273 cycles: 45748523 heartbeat IPC: 1.499 cumulative IPC: 1.134 (Simulation time: 00 hr 03 min 53 sec)
Heartbeat CPU 0 instructions: 59500275 cycles: 46093035 heartbeat IPC: 1.451 cumulative IPC: 1.136 (Simulation time: 00 hr 03 min 55 sec)
Simulation finished CPU 0 instructions: 50000006 cycles: 43888806 cumulative IPC: 1.139 (Simulation time: 00 hr 03 min 57 sec)
Simulation complete CPU 0 instructions: 50000006 cycles: 43888806 cumulative IPC: 1.139 (Simulation time: 00 hr 03 min 57 sec)

ChampSim completed all CPUs

=== Simulation ===
CPU 0 runs traces/GAP/charlie_0000.champsim.gz

Region of Interest Statistics

CPU 0 cumulative IPC: 1.139 instructions: 50000006 cycles: 43888806
CPU 0 Branch Prediction Accuracy: 92.87% MPKI: 15.34 Average ROB Occupancy at Mispredict: 28.67
Branch type MPKI
BRANCH_DIRECT_JUMP: 0.2727
BRANCH_INDIRECT: 0.5188
BRANCH_CONDITIONAL: 13.8
BRANCH_DIRECT_CALL: 0.1681
BRANCH_INDIRECT_CALL: 0.3757
BRANCH_RETURN: 0.2019

cpu0->cpu0_STLB TOTAL        ACCESS:      84777 HIT:      59767 MISS:      25010 MSHR_MERGE:          0
cpu0->cpu0_STLB LOAD         ACCESS:      84777 HIT:      59767 MISS:      25010 MSHR_MERGE:          0
cpu0->cpu0_STLB RFO          ACCESS:          0 HIT:          0 MISS:          0 MSHR_MERGE:          0
cpu0->cpu0_STLB PREFETCH     ACCESS:          0 HIT:          0 MISS:          0 MSHR_MERGE:          0
cpu0->cpu0_STLB WRITE        ACCESS:          0 HIT:          0 MISS:          0 MSHR_MERGE:          0
cpu0->cpu0_STLB TRANSLATION  ACCESS:          0 HIT:          0 MISS:          0 MSHR_MERGE:          0
cpu0->cpu0_STLB PREFETCH REQUESTED:          0 ISSUED:          0 USEFUL:          0 USELESS:          0
cpu0->cpu0_STLB AVERAGE MISS LATENCY: 304.7 cycles
cpu0->cpu0_L2C TOTAL        ACCESS:    2672919 HIT:    1971051 MISS:     701868 MSHR_MERGE:     292705
cpu0->cpu0_L2C LOAD         ACCESS:     342575 HIT:     266950 MISS:      75625 MSHR_MERGE:      25354
cpu0->cpu0_L2C RFO          ACCESS:     105053 HIT:      34868 MISS:      70185 MSHR_MERGE:       2437
cpu0->cpu0_L2C PREFETCH     ACCESS:    1994081 HIT:    1453789 MISS:     540292 MSHR_MERGE:     264914
cpu0->cpu0_L2C WRITE        ACCESS:     205538 HIT:     205529 MISS:          9 MSHR_MERGE:          0
cpu0->cpu0_L2C TRANSLATION  ACCESS:      25672 HIT:       9915 MISS:      15757 MSHR_MERGE:          0
cpu0->cpu0_L2C PREFETCH REQUESTED:    1936293 ISSUED:    1803991 USEFUL:     188410 USELESS:      54606
cpu0->cpu0_L2C AVERAGE MISS LATENCY: 277 cycles
cpu0->cpu0_L1I TOTAL        ACCESS:    2641631 HIT:    2411100 MISS:     230531 MSHR_MERGE:      55393
cpu0->cpu0_L1I LOAD         ACCESS:    2641631 HIT:    2411100 MISS:     230531 MSHR_MERGE:      55393
cpu0->cpu0_L1I RFO          ACCESS:          0 HIT:          0 MISS:          0 MSHR_MERGE:          0
cpu0->cpu0_L1I PREFETCH     ACCESS:          0 HIT:          0 MISS:          0 MSHR_MERGE:          0
cpu0->cpu0_L1I WRITE        ACCESS:          0 HIT:          0 MISS:          0 MSHR_MERGE:          0
cpu0->cpu0_L1I TRANSLATION  ACCESS:          0 HIT:          0 MISS:          0 MSHR_MERGE:          0
cpu0->cpu0_L1I PREFETCH REQUESTED:          0 ISSUED:          0 USEFUL:          0 USELESS:          0
cpu0->cpu0_L1I AVERAGE MISS LATENCY: 33.51 cycles
cpu0->cpu0_L1D TOTAL        ACCESS:   13042291 HIT:   12251602 MISS:     790689 MSHR_MERGE:     302436
cpu0->cpu0_L1D LOAD         ACCESS:    8319542 HIT:    8086416 MISS:     233126 MSHR_MERGE:      65688
cpu0->cpu0_L1D RFO          ACCESS:          0 HIT:          0 MISS:          0 MSHR_MERGE:          0
cpu0->cpu0_L1D PREFETCH     ACCESS:     283048 HIT:      81829 MISS:     201219 MSHR_MERGE:      11129
cpu0->cpu0_L1D WRITE        ACCESS:    4374083 HIT:    4043878 MISS:     330205 MSHR_MERGE:     225152
cpu0->cpu0_L1D TRANSLATION  ACCESS:      65618 HIT:      39479 MISS:      26139 MSHR_MERGE:        467
cpu0->cpu0_L1D PREFETCH REQUESTED:     304965 ISSUED:     283046 USEFUL:     141329 USELESS:      48729
cpu0->cpu0_L1D AVERAGE MISS LATENCY: 142.5 cycles
cpu0->cpu0_ITLB TOTAL        ACCESS:    2203871 HIT:    2183706 MISS:      20165 MSHR_MERGE:       8618
cpu0->cpu0_ITLB LOAD         ACCESS:    2203871 HIT:    2183706 MISS:      20165 MSHR_MERGE:       8618
cpu0->cpu0_ITLB RFO          ACCESS:          0 HIT:          0 MISS:          0 MSHR_MERGE:          0
cpu0->cpu0_ITLB PREFETCH     ACCESS:          0 HIT:          0 MISS:          0 MSHR_MERGE:          0
cpu0->cpu0_ITLB WRITE        ACCESS:          0 HIT:          0 MISS:          0 MSHR_MERGE:          0
cpu0->cpu0_ITLB TRANSLATION  ACCESS:          0 HIT:          0 MISS:          0 MSHR_MERGE:          0
cpu0->cpu0_ITLB PREFETCH REQUESTED:          0 ISSUED:          0 USEFUL:          0 USELESS:          0
cpu0->cpu0_ITLB AVERAGE MISS LATENCY: 62 cycles
cpu0->cpu0_DTLB TOTAL        ACCESS:   12365134 HIT:   12222663 MISS:     142471 MSHR_MERGE:      69241
cpu0->cpu0_DTLB LOAD         ACCESS:   12365134 HIT:   12222663 MISS:     142471 MSHR_MERGE:      69241
cpu0->cpu0_DTLB RFO          ACCESS:          0 HIT:          0 MISS:          0 MSHR_MERGE:          0
cpu0->cpu0_DTLB PREFETCH     ACCESS:          0 HIT:          0 MISS:          0 MSHR_MERGE:          0
cpu0->cpu0_DTLB WRITE        ACCESS:          0 HIT:          0 MISS:          0 MSHR_MERGE:          0
cpu0->cpu0_DTLB TRANSLATION  ACCESS:          0 HIT:          0 MISS:          0 MSHR_MERGE:          0
cpu0->cpu0_DTLB PREFETCH REQUESTED:          0 ISSUED:          0 USEFUL:          0 USELESS:          0
cpu0->cpu0_DTLB AVERAGE MISS LATENCY: 100.4 cycles
cpu0->LLC TOTAL        ACCESS:     600402 HIT:      35000 MISS:     565402 MSHR_MERGE:          0
cpu0->LLC LOAD         ACCESS:      50271 HIT:       3189 MISS:      47082 MSHR_MERGE:          0
cpu0->LLC RFO          ACCESS:      67748 HIT:        982 MISS:      66766 MSHR_MERGE:          0
cpu0->LLC PREFETCH     ACCESS:     275378 HIT:       6338 MISS:     269040 MSHR_MERGE:          0
cpu0->LLC WRITE        ACCESS:     191248 HIT:      23194 MISS:     168054 MSHR_MERGE:          0
cpu0->LLC TRANSLATION  ACCESS:      15757 HIT:       1297 MISS:      14460 MSHR_MERGE:          0
cpu0->LLC PREFETCH REQUESTED:          0 ISSUED:          0 USEFUL:          0 USELESS:          0
cpu0->LLC AVERAGE MISS LATENCY: 128.9 cycles

DRAM Statistics

Channel 0 RQ ROW_BUFFER_HIT:      23419
  ROW_BUFFER_MISS:     373924
  AVG DBUS CONGESTED CYCLE: 20.83
Channel 0 WQ ROW_BUFFER_HIT:      38266
  ROW_BUFFER_MISS:     135519
  FULL:        914
Channel 0 REFRESHES ISSUED:       3657
