[VMEM] WARNING: physical memory size is smaller than virtual memory size.

*** ChampSim Multicore Out-of-Order Simulator ***
Warmup Instructions: 10000000
Simulation Instructions: 50000000
Number of CPUs: 1
Page size: 4096
Core 0: traces/GAP/charlie_0004.champsim.gz
 L1D Berti prefetcher
Off-chip DRAM Size: 64 GiB Channels: 1 Width: 64-bit Data Rate: 4807 MT/s
[BTB] WARNING: target of return is a lower address than the corresponding call. This is usually a problem with your trace.
[BTB] WARNING: target of return is a lower address than the corresponding call. This is usually a problem with your trace.
[BTB] WARNING: target of return is a lower address than the corresponding call. This is usually a problem with your trace.
[BTB] WARNING: target of return is a lower address than the corresponding call. This is usually a problem with your trace.
[BTB] WARNING: target of return is a lower address than the corresponding call. This is usually a problem with your trace.
[BTB] WARNING: target of return is a lower address than the corresponding call. This is usually a problem with your trace.
[BTB] WARNING: target of return is a lower address than the corresponding call. This is usually a problem with your trace.
[BTB] WARNING: target of return is a lower address than the corresponding call. This is usually a problem with your trace.
[BTB] WARNING: target of return is a lower address than the corresponding call. This is usually a problem with your trace.
[BTB] WARNING: target of return is a lower address than the corresponding call. This is usually a problem with your trace.
Heartbeat CPU 0 instructions: 500004 cycles: 216287 heartbeat IPC: 2.312 cumulative IPC: 2.312 (Simulation time: 00 hr 00 min 02 sec)
Heartbeat CPU 0 instructions: 1000006 cycles: 327165 heartbeat IPC: 4.509 cumulative IPC: 3.057 (Simulation time: 00 hr 00 min 03 sec)
Heartbeat CPU 0 instructions: 1500007 cycles: 500506 heartbeat IPC: 2.884 cumulative IPC: 2.997 (Simulation time: 00 hr 00 min 04 sec)
Heartbeat CPU 0 instructions: 2000013 cycles: 618937 heartbeat IPC: 4.222 cumulative IPC: 3.231 (Simulation time: 00 hr 00 min 05 sec)
Heartbeat CPU 0 instructions: 2500016 cycles: 725627 heartbeat IPC: 4.687 cumulative IPC: 3.445 (Simulation time: 00 hr 00 min 06 sec)
Heartbeat CPU 0 instructions: 3000019 cycles: 835799 heartbeat IPC: 4.538 cumulative IPC: 3.589 (Simulation time: 00 hr 00 min 07 sec)
Heartbeat CPU 0 instructions: 3500026 cycles: 942415 heartbeat IPC: 4.69 cumulative IPC: 3.714 (Simulation time: 00 hr 00 min 08 sec)
Heartbeat CPU 0 instructions: 4000032 cycles: 1052235 heartbeat IPC: 4.553 cumulative IPC: 3.801 (Simulation time: 00 hr 00 min 09 sec)
Heartbeat CPU 0 instructions: 4500033 cycles: 1156833 heartbeat IPC: 4.78 cumulative IPC: 3.89 (Simulation time: 00 hr 00 min 10 sec)
Heartbeat CPU 0 instructions: 5000039 cycles: 1261868 heartbeat IPC: 4.76 cumulative IPC: 3.962 (Simulation time: 00 hr 00 min 11 sec)
Heartbeat CPU 0 instructions: 5500041 cycles: 1368133 heartbeat IPC: 4.705 cumulative IPC: 4.02 (Simulation time: 00 hr 00 min 12 sec)
Heartbeat CPU 0 instructions: 6000042 cycles: 1474033 heartbeat IPC: 4.721 cumulative IPC: 4.07 (Simulation time: 00 hr 00 min 13 sec)
Heartbeat CPU 0 instructions: 6500043 cycles: 1577316 heartbeat IPC: 4.841 cumulative IPC: 4.121 (Simulation time: 00 hr 00 min 14 sec)
Heartbeat CPU 0 instructions: 7000043 cycles: 1682815 heartbeat IPC: 4.739 cumulative IPC: 4.16 (Simulation time: 00 hr 00 min 15 sec)
Heartbeat CPU 0 instructions: 7500049 cycles: 1838347 heartbeat IPC: 3.215 cumulative IPC: 4.08 (Simulation time: 00 hr 00 min 17 sec)
Heartbeat CPU 0 instructions: 8000051 cycles: 1956707 heartbeat IPC: 4.224 cumulative IPC: 4.089 (Simulation time: 00 hr 00 min 18 sec)
Heartbeat CPU 0 instructions: 8500053 cycles: 2067311 heartbeat IPC: 4.521 cumulative IPC: 4.112 (Simulation time: 00 hr 00 min 19 sec)
Heartbeat CPU 0 instructions: 9000053 cycles: 2180233 heartbeat IPC: 4.428 cumulative IPC: 4.128 (Simulation time: 00 hr 00 min 20 sec)
Heartbeat CPU 0 instructions: 9500059 cycles: 2372075 heartbeat IPC: 2.606 cumulative IPC: 4.005 (Simulation time: 00 hr 00 min 22 sec)
Warmup finished CPU 0 instructions: 10000005 cycles: 2486459 cumulative IPC: 4.022 (Simulation time: 00 hr 00 min 23 sec)
Warmup complete CPU 0 instructions: 10000005 cycles: 2486459 cumulative IPC: 4.022 (Simulation time: 00 hr 00 min 23 sec)
Heartbeat CPU 0 instructions: 10000061 cycles: 2486466 heartbeat IPC: 4.371 cumulative IPC: 8 (Simulation time: 00 hr 00 min 23 sec)
Heartbeat CPU 0 instructions: 10500061 cycles: 3006931 heartbeat IPC: 0.9607 cumulative IPC: 0.9608 (Simulation time: 00 hr 00 min 25 sec)
Heartbeat CPU 0 instructions: 11000067 cycles: 3481638 heartbeat IPC: 1.053 cumulative IPC: 1.005 (Simulation time: 00 hr 00 min 28 sec)
Heartbeat CPU 0 instructions: 11500067 cycles: 3912745 heartbeat IPC: 1.16 cumulative IPC: 1.052 (Simulation time: 00 hr 00 min 30 sec)
Heartbeat CPU 0 instructions: 12000070 cycles: 4421137 heartbeat IPC: 0.9835 cumulative IPC: 1.034 (Simulation time: 00 hr 00 min 33 sec)
Heartbeat CPU 0 instructions: 12500071 cycles: 4867793 heartbeat IPC: 1.119 cumulative IPC: 1.05 (Simulation time: 00 hr 00 min 35 sec)
Heartbeat CPU 0 instructions: 13000071 cycles: 5338667 heartbeat IPC: 1.062 cumulative IPC: 1.052 (Simulation time: 00 hr 00 min 38 sec)
Heartbeat CPU 0 instructions: 13500071 cycles: 5781904 heartbeat IPC: 1.128 cumulative IPC: 1.062 (Simulation time: 00 hr 00 min 40 sec)
Heartbeat CPU 0 instructions: 14000072 cycles: 6220597 heartbeat IPC: 1.14 cumulative IPC: 1.071 (Simulation time: 00 hr 00 min 43 sec)
Heartbeat CPU 0 instructions: 14500078 cycles: 6637052 heartbeat IPC: 1.201 cumulative IPC: 1.084 (Simulation time: 00 hr 00 min 45 sec)
Heartbeat CPU 0 instructions: 15000081 cycles: 7162872 heartbeat IPC: 0.9509 cumulative IPC: 1.069 (Simulation time: 00 hr 00 min 48 sec)
Heartbeat CPU 0 instructions: 15500084 cycles: 7601360 heartbeat IPC: 1.14 cumulative IPC: 1.075 (Simulation time: 00 hr 00 min 51 sec)
Heartbeat CPU 0 instructions: 16000084 cycles: 8050259 heartbeat IPC: 1.114 cumulative IPC: 1.078 (Simulation time: 00 hr 00 min 53 sec)
Heartbeat CPU 0 instructions: 16500088 cycles: 8497542 heartbeat IPC: 1.118 cumulative IPC: 1.081 (Simulation time: 00 hr 00 min 56 sec)
Heartbeat CPU 0 instructions: 17000089 cycles: 9443648 heartbeat IPC: 0.5285 cumulative IPC: 1.006 (Simulation time: 00 hr 01 min 00 sec)
Heartbeat CPU 0 instructions: 17500092 cycles: 10556130 heartbeat IPC: 0.4494 cumulative IPC: 0.9294 (Simulation time: 00 hr 01 min 04 sec)
Heartbeat CPU 0 instructions: 18000098 cycles: 11936126 heartbeat IPC: 0.3623 cumulative IPC: 0.8466 (Simulation time: 00 hr 01 min 10 sec)
Heartbeat CPU 0 instructions: 18500098 cycles: 12547751 heartbeat IPC: 0.8175 cumulative IPC: 0.8448 (Simulation time: 00 hr 01 min 12 sec)
Heartbeat CPU 0 instructions: 19000101 cycles: 13034923 heartbeat IPC: 1.026 cumulative IPC: 0.8532 (Simulation time: 00 hr 01 min 15 sec)
Heartbeat CPU 0 instructions: 19500104 cycles: 13336931 heartbeat IPC: 1.656 cumulative IPC: 0.8755 (Simulation time: 00 hr 01 min 16 sec)
Heartbeat CPU 0 instructions: 20000106 cycles: 13695199 heartbeat IPC: 1.396 cumulative IPC: 0.8922 (Simulation time: 00 hr 01 min 18 sec)
Heartbeat CPU 0 instructions: 20500106 cycles: 14071066 heartbeat IPC: 1.33 cumulative IPC: 0.9064 (Simulation time: 00 hr 01 min 20 sec)
Heartbeat CPU 0 instructions: 21000106 cycles: 14413703 heartbeat IPC: 1.459 cumulative IPC: 0.9223 (Simulation time: 00 hr 01 min 22 sec)
Heartbeat CPU 0 instructions: 21500107 cycles: 14918205 heartbeat IPC: 0.9911 cumulative IPC: 0.9251 (Simulation time: 00 hr 01 min 24 sec)
Heartbeat CPU 0 instructions: 22000107 cycles: 15239846 heartbeat IPC: 1.555 cumulative IPC: 0.9409 (Simulation time: 00 hr 01 min 26 sec)
Heartbeat CPU 0 instructions: 22500113 cycles: 15565566 heartbeat IPC: 1.535 cumulative IPC: 0.9557 (Simulation time: 00 hr 01 min 27 sec)
Heartbeat CPU 0 instructions: 23000115 cycles: 15903204 heartbeat IPC: 1.481 cumulative IPC: 0.9689 (Simulation time: 00 hr 01 min 29 sec)
Heartbeat CPU 0 instructions: 23500115 cycles: 16181021 heartbeat IPC: 1.8 cumulative IPC: 0.9858 (Simulation time: 00 hr 01 min 31 sec)
Heartbeat CPU 0 instructions: 24000116 cycles: 16545421 heartbeat IPC: 1.372 cumulative IPC: 0.9958 (Simulation time: 00 hr 01 min 32 sec)
Heartbeat CPU 0 instructions: 24500116 cycles: 16862442 heartbeat IPC: 1.577 cumulative IPC: 1.009 (Simulation time: 00 hr 01 min 34 sec)
Heartbeat CPU 0 instructions: 25000123 cycles: 17194889 heartbeat IPC: 1.504 cumulative IPC: 1.02 (Simulation time: 00 hr 01 min 36 sec)
Heartbeat CPU 0 instructions: 25500123 cycles: 17540226 heartbeat IPC: 1.448 cumulative IPC: 1.03 (Simulation time: 00 hr 01 min 38 sec)
Heartbeat CPU 0 instructions: 26000126 cycles: 17929943 heartbeat IPC: 1.283 cumulative IPC: 1.036 (Simulation time: 00 hr 01 min 40 sec)
Heartbeat CPU 0 instructions: 26500128 cycles: 18280923 heartbeat IPC: 1.425 cumulative IPC: 1.045 (Simulation time: 00 hr 01 min 41 sec)
Heartbeat CPU 0 instructions: 27000129 cycles: 18631984 heartbeat IPC: 1.424 cumulative IPC: 1.053 (Simulation time: 00 hr 01 min 43 sec)
Heartbeat CPU 0 instructions: 27500136 cycles: 18934642 heartbeat IPC: 1.652 cumulative IPC: 1.064 (Simulation time: 00 hr 01 min 45 sec)
Heartbeat CPU 0 instructions: 28000136 cycles: 19259326 heartbeat IPC: 1.54 cumulative IPC: 1.073 (Simulation time: 00 hr 01 min 47 sec)
Heartbeat CPU 0 instructions: 28500136 cycles: 19586267 heartbeat IPC: 1.529 cumulative IPC: 1.082 (Simulation time: 00 hr 01 min 48 sec)
Heartbeat CPU 0 instructions: 29000138 cycles: 19881355 heartbeat IPC: 1.694 cumulative IPC: 1.092 (Simulation time: 00 hr 01 min 50 sec)
Heartbeat CPU 0 instructions: 29500138 cycles: 20215328 heartbeat IPC: 1.497 cumulative IPC: 1.1 (Simulation time: 00 hr 01 min 52 sec)
Heartbeat CPU 0 instructions: 30000139 cycles: 20535965 heartbeat IPC: 1.559 cumulative IPC: 1.108 (Simulation time: 00 hr 01 min 53 sec)
Heartbeat CPU 0 instructions: 30500139 cycles: 20864480 heartbeat IPC: 1.522 cumulative IPC: 1.115 (Simulation time: 00 hr 01 min 55 sec)
Heartbeat CPU 0 instructions: 31000139 cycles: 21175296 heartbeat IPC: 1.609 cumulative IPC: 1.124 (Simulation time: 00 hr 01 min 57 sec)
Heartbeat CPU 0 instructions: 31500140 cycles: 21818684 heartbeat IPC: 0.7771 cumulative IPC: 1.112 (Simulation time: 00 hr 02 min 00 sec)
Heartbeat CPU 0 instructions: 32000144 cycles: 22197993 heartbeat IPC: 1.318 cumulative IPC: 1.116 (Simulation time: 00 hr 02 min 02 sec)
Heartbeat CPU 0 instructions: 32500146 cycles: 22508625 heartbeat IPC: 1.61 cumulative IPC: 1.124 (Simulation time: 00 hr 02 min 03 sec)
Heartbeat CPU 0 instructions: 33000146 cycles: 22814232 heartbeat IPC: 1.636 cumulative IPC: 1.131 (Simulation time: 00 hr 02 min 05 sec)
Heartbeat CPU 0 instructions: 33500149 cycles: 23146621 heartbeat IPC: 1.504 cumulative IPC: 1.137 (Simulation time: 00 hr 02 min 07 sec)
Heartbeat CPU 0 instructions: 34000153 cycles: 23453490 heartbeat IPC: 1.629 cumulative IPC: 1.145 (Simulation time: 00 hr 02 min 08 sec)
Heartbeat CPU 0 instructions: 34500160 cycles: 23761269 heartbeat IPC: 1.625 cumulative IPC: 1.152 (Simulation time: 00 hr 02 min 10 sec)
Heartbeat CPU 0 instructions: 35000165 cycles: 24072046 heartbeat IPC: 1.609 cumulative IPC: 1.158 (Simulation time: 00 hr 02 min 12 sec)
Heartbeat CPU 0 instructions: 35500171 cycles: 24332518 heartbeat IPC: 1.92 cumulative IPC: 1.167 (Simulation time: 00 hr 02 min 13 sec)
Heartbeat CPU 0 instructions: 36000174 cycles: 24644215 heartbeat IPC: 1.604 cumulative IPC: 1.173 (Simulation time: 00 hr 02 min 15 sec)
Heartbeat CPU 0 instructions: 36500176 cycles: 24962465 heartbeat IPC: 1.571 cumulative IPC: 1.179 (Simulation time: 00 hr 02 min 17 sec)
Heartbeat CPU 0 instructions: 37000176 cycles: 25258396 heartbeat IPC: 1.69 cumulative IPC: 1.186 (Simulation time: 00 hr 02 min 18 sec)
Heartbeat CPU 0 instructions: 37500177 cycles: 25552841 heartbeat IPC: 1.698 cumulative IPC: 1.192 (Simulation time: 00 hr 02 min 20 sec)
Heartbeat CPU 0 instructions: 38000183 cycles: 25853430 heartbeat IPC: 1.663 cumulative IPC: 1.198 (Simulation time: 00 hr 02 min 21 sec)
Heartbeat CPU 0 instructions: 38500183 cycles: 26146596 heartbeat IPC: 1.706 cumulative IPC: 1.205 (Simulation time: 00 hr 02 min 23 sec)
Heartbeat CPU 0 instructions: 39000183 cycles: 26461369 heartbeat IPC: 1.588 cumulative IPC: 1.21 (Simulation time: 00 hr 02 min 25 sec)
Heartbeat CPU 0 instructions: 39500183 cycles: 26793524 heartbeat IPC: 1.505 cumulative IPC: 1.214 (Simulation time: 00 hr 02 min 27 sec)
Heartbeat CPU 0 instructions: 40000185 cycles: 27238353 heartbeat IPC: 1.124 cumulative IPC: 1.212 (Simulation time: 00 hr 02 min 29 sec)
Heartbeat CPU 0 instructions: 40500188 cycles: 27592055 heartbeat IPC: 1.414 cumulative IPC: 1.215 (Simulation time: 00 hr 02 min 30 sec)
Heartbeat CPU 0 instructions: 41000188 cycles: 27903418 heartbeat IPC: 1.606 cumulative IPC: 1.22 (Simulation time: 00 hr 02 min 32 sec)
Heartbeat CPU 0 instructions: 41500191 cycles: 28667294 heartbeat IPC: 0.6546 cumulative IPC: 1.203 (Simulation time: 00 hr 02 min 35 sec)
Heartbeat CPU 0 instructions: 42000194 cycles: 29005985 heartbeat IPC: 1.476 cumulative IPC: 1.207 (Simulation time: 00 hr 02 min 37 sec)
Heartbeat CPU 0 instructions: 42500194 cycles: 29279225 heartbeat IPC: 1.83 cumulative IPC: 1.213 (Simulation time: 00 hr 02 min 39 sec)
Heartbeat CPU 0 instructions: 43000197 cycles: 29604004 heartbeat IPC: 1.54 cumulative IPC: 1.217 (Simulation time: 00 hr 02 min 41 sec)
Heartbeat CPU 0 instructions: 43500202 cycles: 29953750 heartbeat IPC: 1.43 cumulative IPC: 1.22 (Simulation time: 00 hr 02 min 42 sec)
Heartbeat CPU 0 instructions: 44000202 cycles: 30278647 heartbeat IPC: 1.539 cumulative IPC: 1.223 (Simulation time: 00 hr 02 min 44 sec)
Heartbeat CPU 0 instructions: 44500204 cycles: 30575543 heartbeat IPC: 1.684 cumulative IPC: 1.228 (Simulation time: 00 hr 02 min 46 sec)
Heartbeat CPU 0 instructions: 45000206 cycles: 30934453 heartbeat IPC: 1.393 cumulative IPC: 1.23 (Simulation time: 00 hr 02 min 47 sec)
Heartbeat CPU 0 instructions: 45500207 cycles: 31244879 heartbeat IPC: 1.611 cumulative IPC: 1.234 (Simulation time: 00 hr 02 min 49 sec)
Heartbeat CPU 0 instructions: 46000209 cycles: 31595541 heartbeat IPC: 1.426 cumulative IPC: 1.237 (Simulation time: 00 hr 02 min 51 sec)
Heartbeat CPU 0 instructions: 46500212 cycles: 31871130 heartbeat IPC: 1.814 cumulative IPC: 1.242 (Simulation time: 00 hr 02 min 53 sec)
Heartbeat CPU 0 instructions: 47000218 cycles: 32197420 heartbeat IPC: 1.532 cumulative IPC: 1.245 (Simulation time: 00 hr 02 min 54 sec)
Heartbeat CPU 0 instructions: 47500224 cycles: 32479167 heartbeat IPC: 1.775 cumulative IPC: 1.25 (Simulation time: 00 hr 02 min 56 sec)
Heartbeat CPU 0 instructions: 48000224 cycles: 33747674 heartbeat IPC: 0.3942 cumulative IPC: 1.216 (Simulation time: 00 hr 03 min 01 sec)
Heartbeat CPU 0 instructions: 48500227 cycles: 34547360 heartbeat IPC: 0.6252 cumulative IPC: 1.201 (Simulation time: 00 hr 03 min 05 sec)
Heartbeat CPU 0 instructions: 49000227 cycles: 35093336 heartbeat IPC: 0.9158 cumulative IPC: 1.196 (Simulation time: 00 hr 03 min 07 sec)
Heartbeat CPU 0 instructions: 49500227 cycles: 35919672 heartbeat IPC: 0.6051 cumulative IPC: 1.181 (Simulation time: 00 hr 03 min 11 sec)
Heartbeat CPU 0 instructions: 50000228 cycles: 36835168 heartbeat IPC: 0.5462 cumulative IPC: 1.165 (Simulation time: 00 hr 03 min 14 sec)
Heartbeat CPU 0 instructions: 50500235 cycles: 37725377 heartbeat IPC: 0.5617 cumulative IPC: 1.149 (Simulation time: 00 hr 03 min 18 sec)
Heartbeat CPU 0 instructions: 51000236 cycles: 38825902 heartbeat IPC: 0.4543 cumulative IPC: 1.128 (Simulation time: 00 hr 03 min 22 sec)
Heartbeat CPU 0 instructions: 51500239 cycles: 39853561 heartbeat IPC: 0.4865 cumulative IPC: 1.111 (Simulation time: 00 hr 03 min 26 sec)
Heartbeat CPU 0 instructions: 52000240 cycles: 40217969 heartbeat IPC: 1.372 cumulative IPC: 1.113 (Simulation time: 00 hr 03 min 28 sec)
Heartbeat CPU 0 instructions: 52500241 cycles: 43951641 heartbeat IPC: 0.1339 cumulative IPC: 1.025 (Simulation time: 00 hr 03 min 40 sec)
Heartbeat CPU 0 instructions: 53000243 cycles: 46654227 heartbeat IPC: 0.185 cumulative IPC: 0.9736 (Simulation time: 00 hr 03 min 49 sec)
Heartbeat CPU 0 instructions: 53500249 cycles: 48960979 heartbeat IPC: 0.2168 cumulative IPC: 0.936 (Simulation time: 00 hr 03 min 58 sec)
Heartbeat CPU 0 instructions: 54000256 cycles: 50101791 heartbeat IPC: 0.4383 cumulative IPC: 0.9241 (Simulation time: 00 hr 04 min 02 sec)
Heartbeat CPU 0 instructions: 54500258 cycles: 51279095 heartbeat IPC: 0.4247 cumulative IPC: 0.912 (Simulation time: 00 hr 04 min 06 sec)
Heartbeat CPU 0 instructions: 55000258 cycles: 52321553 heartbeat IPC: 0.4796 cumulative IPC: 0.903 (Simulation time: 00 hr 04 min 11 sec)
Heartbeat CPU 0 instructions: 55500258 cycles: 53307508 heartbeat IPC: 0.5071 cumulative IPC: 0.8953 (Simulation time: 00 hr 04 min 15 sec)
Heartbeat CPU 0 instructions: 56000259 cycles: 53983625 heartbeat IPC: 0.7395 cumulative IPC: 0.8933 (Simulation time: 00 hr 04 min 18 sec)
Heartbeat CPU 0 instructions: 56500260 cycles: 54975391 heartbeat IPC: 0.5042 cumulative IPC: 0.8859 (Simulation time: 00 hr 04 min 22 sec)
Heartbeat CPU 0 instructions: 57000260 cycles: 55981002 heartbeat IPC: 0.4972 cumulative IPC: 0.8786 (Simulation time: 00 hr 04 min 26 sec)
Heartbeat CPU 0 instructions: 57500263 cycles: 56837817 heartbeat IPC: 0.5836 cumulative IPC: 0.8739 (Simulation time: 00 hr 04 min 30 sec)
Heartbeat CPU 0 instructions: 58000263 cycles: 57811281 heartbeat IPC: 0.5136 cumulative IPC: 0.8676 (Simulation time: 00 hr 04 min 33 sec)
Heartbeat CPU 0 instructions: 58500265 cycles: 59023176 heartbeat IPC: 0.4126 cumulative IPC: 0.8579 (Simulation time: 00 hr 04 min 38 sec)
Heartbeat CPU 0 instructions: 59000268 cycles: 59492858 heartbeat IPC: 1.065 cumulative IPC: 0.8596 (Simulation time: 00 hr 04 min 40 sec)
Heartbeat CPU 0 instructions: 59500268 cycles: 60262326 heartbeat IPC: 0.6498 cumulative IPC: 0.8568 (Simulation time: 00 hr 04 min 43 sec)
Simulation finished CPU 0 instructions: 50000002 cycles: 58723668 cumulative IPC: 0.8514 (Simulation time: 00 hr 04 min 46 sec)
Simulation complete CPU 0 instructions: 50000002 cycles: 58723668 cumulative IPC: 0.8514 (Simulation time: 00 hr 04 min 46 sec)

ChampSim completed all CPUs

=== Simulation ===
CPU 0 runs traces/GAP/charlie_0004.champsim.gz

Region of Interest Statistics

CPU 0 cumulative IPC: 0.8514 instructions: 50000002 cycles: 58723668
CPU 0 Branch Prediction Accuracy: 91.31% MPKI: 17.06 Average ROB Occupancy at Mispredict: 28.81
Branch type MPKI
BRANCH_DIRECT_JUMP: 0.3662
BRANCH_INDIRECT: 0.473
BRANCH_CONDITIONAL: 14.93
BRANCH_DIRECT_CALL: 0.1817
BRANCH_INDIRECT_CALL: 0.615
BRANCH_RETURN: 0.498

cpu0->cpu0_STLB TOTAL        ACCESS:     234845 HIT:     175023 MISS:      59822 MSHR_MERGE:          0
cpu0->cpu0_STLB LOAD         ACCESS:     234845 HIT:     175023 MISS:      59822 MSHR_MERGE:          0
cpu0->cpu0_STLB RFO          ACCESS:          0 HIT:          0 MISS:          0 MSHR_MERGE:          0
cpu0->cpu0_STLB PREFETCH     ACCESS:          0 HIT:          0 MISS:          0 MSHR_MERGE:          0
cpu0->cpu0_STLB WRITE        ACCESS:          0 HIT:          0 MISS:          0 MSHR_MERGE:          0
cpu0->cpu0_STLB TRANSLATION  ACCESS:          0 HIT:          0 MISS:          0 MSHR_MERGE:          0
cpu0->cpu0_STLB PREFETCH REQUESTED:          0 ISSUED:          0 USEFUL:          0 USELESS:          0
cpu0->cpu0_STLB AVERAGE MISS LATENCY: 266.9 cycles
cpu0->cpu0_L2C TOTAL        ACCESS:    4648842 HIT:    3706004 MISS:     942838 MSHR_MERGE:     348754
cpu0->cpu0_L2C LOAD         ACCESS:     769089 HIT:     648783 MISS:     120306 MSHR_MERGE:      30554
cpu0->cpu0_L2C RFO          ACCESS:     139424 HIT:      40732 MISS:      98692 MSHR_MERGE:       2701
cpu0->cpu0_L2C PREFETCH     ACCESS:    3385788 HIT:    2694261 MISS:     691527 MSHR_MERGE:     315499
cpu0->cpu0_L2C WRITE        ACCESS:     285921 HIT:     285917 MISS:          4 MSHR_MERGE:          0
cpu0->cpu0_L2C TRANSLATION  ACCESS:      68620 HIT:      36311 MISS:      32309 MSHR_MERGE:          0
cpu0->cpu0_L2C PREFETCH REQUESTED:    3452127 ISSUED:    3105547 USEFUL:     208837 USELESS:     107650
cpu0->cpu0_L2C AVERAGE MISS LATENCY: 260.2 cycles
cpu0->cpu0_L1I TOTAL        ACCESS:    3415876 HIT:    2814608 MISS:     601268 MSHR_MERGE:     153657
cpu0->cpu0_L1I LOAD         ACCESS:    3415876 HIT:    2814608 MISS:     601268 MSHR_MERGE:     153657
cpu0->cpu0_L1I RFO          ACCESS:          0 HIT:          0 MISS:          0 MSHR_MERGE:          0
cpu0->cpu0_L1I PREFETCH     ACCESS:          0 HIT:          0 MISS:          0 MSHR_MERGE:          0
cpu0->cpu0_L1I WRITE        ACCESS:          0 HIT:          0 MISS:          0 MSHR_MERGE:          0
cpu0->cpu0_L1I TRANSLATION  ACCESS:          0 HIT:          0 MISS:          0 MSHR_MERGE:          0
cpu0->cpu0_L1I PREFETCH REQUESTED:          0 ISSUED:          0 USEFUL:          0 USELESS:          0
cpu0->cpu0_L1I AVERAGE MISS LATENCY: 17.74 cycles
cpu0->cpu0_L1D TOTAL        ACCESS:   14572555 HIT:   13312921 MISS:    1259634 MSHR_MERGE:     449867
cpu0->cpu0_L1D LOAD         ACCESS:    8706905 HIT:    8281634 MISS:     425271 MSHR_MERGE:     103793
cpu0->cpu0_L1D RFO          ACCESS:          0 HIT:          0 MISS:          0 MSHR_MERGE:          0
cpu0->cpu0_L1D PREFETCH     ACCESS:     416017 HIT:     117631 MISS:     298386 MSHR_MERGE:      18142
cpu0->cpu0_L1D WRITE        ACCESS:    5285004 HIT:    4819028 MISS:     465976 MSHR_MERGE:     326551
cpu0->cpu0_L1D TRANSLATION  ACCESS:     164629 HIT:      94628 MISS:      70001 MSHR_MERGE:       1381
cpu0->cpu0_L1D PREFETCH REQUESTED:     441791 ISSUED:     416010 USEFUL:     188922 USELESS:      91282
cpu0->cpu0_L1D AVERAGE MISS LATENCY: 123 cycles
cpu0->cpu0_ITLB TOTAL        ACCESS:    2805048 HIT:    2733440 MISS:      71608 MSHR_MERGE:      34507
cpu0->cpu0_ITLB LOAD         ACCESS:    2805048 HIT:    2733440 MISS:      71608 MSHR_MERGE:      34507
cpu0->cpu0_ITLB RFO          ACCESS:          0 HIT:          0 MISS:          0 MSHR_MERGE:          0
cpu0->cpu0_ITLB PREFETCH     ACCESS:          0 HIT:          0 MISS:          0 MSHR_MERGE:          0
cpu0->cpu0_ITLB WRITE        ACCESS:          0 HIT:          0 MISS:          0 MSHR_MERGE:          0
cpu0->cpu0_ITLB TRANSLATION  ACCESS:          0 HIT:          0 MISS:          0 MSHR_MERGE:          0
cpu0->cpu0_ITLB PREFETCH REQUESTED:          0 ISSUED:          0 USEFUL:          0 USELESS:          0
cpu0->cpu0_ITLB AVERAGE MISS LATENCY: 27.41 cycles
cpu0->cpu0_DTLB TOTAL        ACCESS:   13699999 HIT:   13350592 MISS:     349407 MSHR_MERGE:     151663
cpu0->cpu0_DTLB LOAD         ACCESS:   13699999 HIT:   13350592 MISS:     349407 MSHR_MERGE:     151663
cpu0->cpu0_DTLB RFO          ACCESS:          0 HIT:          0 MISS:          0 MSHR_MERGE:          0
cpu0->cpu0_DTLB PREFETCH     ACCESS:          0 HIT:          0 MISS:          0 MSHR_MERGE:          0
cpu0->cpu0_DTLB WRITE        ACCESS:          0 HIT:          0 MISS:          0 MSHR_MERGE:          0
cpu0->cpu0_DTLB TRANSLATION  ACCESS:          0 HIT:          0 MISS:          0 MSHR_MERGE:          0
cpu0->cpu0_DTLB PREFETCH REQUESTED:          0 ISSUED:          0 USEFUL:          0 USELESS:          0
cpu0->cpu0_DTLB AVERAGE MISS LATENCY: 81.83 cycles
cpu0->LLC TOTAL        ACCESS:     834605 HIT:      68218 MISS:     766387 MSHR_MERGE:          0
cpu0->LLC LOAD         ACCESS:      89752 HIT:       9991 MISS:      79761 MSHR_MERGE:          0
cpu0->LLC RFO          ACCESS:      95991 HIT:       2755 MISS:      93236 MSHR_MERGE:          0
cpu0->LLC PREFETCH     ACCESS:     376028 HIT:      18397 MISS:     357631 MSHR_MERGE:          0
cpu0->LLC WRITE        ACCESS:     240525 HIT:      33975 MISS:     206550 MSHR_MERGE:          0
cpu0->LLC TRANSLATION  ACCESS:      32309 HIT:       3100 MISS:      29209 MSHR_MERGE:          0
cpu0->LLC PREFETCH REQUESTED:          0 ISSUED:          0 USEFUL:          0 USELESS:          0
cpu0->LLC AVERAGE MISS LATENCY: 138.1 cycles

DRAM Statistics

Channel 0 RQ ROW_BUFFER_HIT:      24759
  ROW_BUFFER_MISS:     535076
  AVG DBUS CONGESTED CYCLE: 22.55
Channel 0 WQ ROW_BUFFER_HIT:      52841
  ROW_BUFFER_MISS:     176363
  FULL:        349
Channel 0 REFRESHES ISSUED:       4893
