[VMEM] WARNING: physical memory size is smaller than virtual memory size.

*** ChampSim Multicore Out-of-Order Simulator ***
Warmup Instructions: 10000000
Simulation Instructions: 50000000
Number of CPUs: 1
Page size: 4096
Core 0: traces/GAP/sssp-10.trace.gz
 L1D Berti prefetcher
Off-chip DRAM Size: 64 GiB Channels: 1 Width: 64-bit Data Rate: 4807 MT/s
Heartbeat CPU 0 instructions: 500004 cycles: 182150 heartbeat IPC: 2.745 cumulative IPC: 2.745 (Simulation time: 00 hr 00 min 01 sec)
Heartbeat CPU 0 instructions: 1000004 cycles: 359394 heartbeat IPC: 2.821 cumulative IPC: 2.782 (Simulation time: 00 hr 00 min 02 sec)
Heartbeat CPU 0 instructions: 1500010 cycles: 511433 heartbeat IPC: 3.289 cumulative IPC: 2.933 (Simulation time: 00 hr 00 min 03 sec)
Heartbeat CPU 0 instructions: 2000015 cycles: 613301 heartbeat IPC: 4.908 cumulative IPC: 3.261 (Simulation time: 00 hr 00 min 04 sec)
Heartbeat CPU 0 instructions: 2500017 cycles: 718408 heartbeat IPC: 4.757 cumulative IPC: 3.48 (Simulation time: 00 hr 00 min 05 sec)
Heartbeat CPU 0 instructions: 3000022 cycles: 825827 heartbeat IPC: 4.655 cumulative IPC: 3.633 (Simulation time: 00 hr 00 min 07 sec)
Heartbeat CPU 0 instructions: 3500029 cycles: 932049 heartbeat IPC: 4.707 cumulative IPC: 3.755 (Simulation time: 00 hr 00 min 08 sec)
Heartbeat CPU 0 instructions: 4000033 cycles: 1038594 heartbeat IPC: 4.693 cumulative IPC: 3.851 (Simulation time: 00 hr 00 min 09 sec)
Heartbeat CPU 0 instructions: 4500036 cycles: 1146782 heartbeat IPC: 4.622 cumulative IPC: 3.924 (Simulation time: 00 hr 00 min 10 sec)
Heartbeat CPU 0 instructions: 5000038 cycles: 1252553 heartbeat IPC: 4.727 cumulative IPC: 3.992 (Simulation time: 00 hr 00 min 11 sec)
Heartbeat CPU 0 instructions: 5500043 cycles: 1359175 heartbeat IPC: 4.69 cumulative IPC: 4.047 (Simulation time: 00 hr 00 min 12 sec)
Heartbeat CPU 0 instructions: 6000043 cycles: 1466530 heartbeat IPC: 4.657 cumulative IPC: 4.091 (Simulation time: 00 hr 00 min 13 sec)
Heartbeat CPU 0 instructions: 6500044 cycles: 1572844 heartbeat IPC: 4.703 cumulative IPC: 4.133 (Simulation time: 00 hr 00 min 14 sec)
Heartbeat CPU 0 instructions: 7000045 cycles: 1682599 heartbeat IPC: 4.556 cumulative IPC: 4.16 (Simulation time: 00 hr 00 min 16 sec)
Heartbeat CPU 0 instructions: 7500051 cycles: 1790150 heartbeat IPC: 4.649 cumulative IPC: 4.19 (Simulation time: 00 hr 00 min 17 sec)
Heartbeat CPU 0 instructions: 8000054 cycles: 1896821 heartbeat IPC: 4.687 cumulative IPC: 4.218 (Simulation time: 00 hr 00 min 18 sec)
Heartbeat CPU 0 instructions: 8500057 cycles: 2001846 heartbeat IPC: 4.761 cumulative IPC: 4.246 (Simulation time: 00 hr 00 min 19 sec)
Heartbeat CPU 0 instructions: 9000064 cycles: 2106622 heartbeat IPC: 4.772 cumulative IPC: 4.272 (Simulation time: 00 hr 00 min 20 sec)
Heartbeat CPU 0 instructions: 9500071 cycles: 2213274 heartbeat IPC: 4.688 cumulative IPC: 4.292 (Simulation time: 00 hr 00 min 21 sec)
Warmup finished CPU 0 instructions: 10000001 cycles: 2318704 cumulative IPC: 4.313 (Simulation time: 00 hr 00 min 22 sec)
Warmup complete CPU 0 instructions: 10000001 cycles: 2318704 cumulative IPC: 4.313 (Simulation time: 00 hr 00 min 22 sec)
Heartbeat CPU 0 instructions: 10000071 cycles: 2318750 heartbeat IPC: 4.74 cumulative IPC: 1.522 (Simulation time: 00 hr 00 min 22 sec)
Heartbeat CPU 0 instructions: 10500072 cycles: 3355616 heartbeat IPC: 0.4822 cumulative IPC: 0.4823 (Simulation time: 00 hr 00 min 27 sec)
Heartbeat CPU 0 instructions: 11000072 cycles: 4225616 heartbeat IPC: 0.5747 cumulative IPC: 0.5244 (Simulation time: 00 hr 00 min 30 sec)
Heartbeat CPU 0 instructions: 11500077 cycles: 5043137 heartbeat IPC: 0.6116 cumulative IPC: 0.5506 (Simulation time: 00 hr 00 min 34 sec)
Heartbeat CPU 0 instructions: 12000078 cycles: 6066750 heartbeat IPC: 0.4885 cumulative IPC: 0.5336 (Simulation time: 00 hr 00 min 39 sec)
Heartbeat CPU 0 instructions: 12500085 cycles: 7179235 heartbeat IPC: 0.4495 cumulative IPC: 0.5144 (Simulation time: 00 hr 00 min 43 sec)
Heartbeat CPU 0 instructions: 13000092 cycles: 8181324 heartbeat IPC: 0.499 cumulative IPC: 0.5117 (Simulation time: 00 hr 00 min 48 sec)
Heartbeat CPU 0 instructions: 13500093 cycles: 8969083 heartbeat IPC: 0.6347 cumulative IPC: 0.5263 (Simulation time: 00 hr 00 min 51 sec)
Heartbeat CPU 0 instructions: 14000097 cycles: 9942017 heartbeat IPC: 0.5139 cumulative IPC: 0.5247 (Simulation time: 00 hr 00 min 56 sec)
Heartbeat CPU 0 instructions: 14500103 cycles: 10881443 heartbeat IPC: 0.5322 cumulative IPC: 0.5255 (Simulation time: 00 hr 01 min 00 sec)
Heartbeat CPU 0 instructions: 15000103 cycles: 11670549 heartbeat IPC: 0.6336 cumulative IPC: 0.5347 (Simulation time: 00 hr 01 min 03 sec)
Heartbeat CPU 0 instructions: 15500106 cycles: 12711262 heartbeat IPC: 0.4804 cumulative IPC: 0.5292 (Simulation time: 00 hr 01 min 08 sec)
Heartbeat CPU 0 instructions: 16000106 cycles: 13744245 heartbeat IPC: 0.484 cumulative IPC: 0.5251 (Simulation time: 00 hr 01 min 12 sec)
Heartbeat CPU 0 instructions: 16500109 cycles: 14686212 heartbeat IPC: 0.5308 cumulative IPC: 0.5256 (Simulation time: 00 hr 01 min 16 sec)
Heartbeat CPU 0 instructions: 17000113 cycles: 15676062 heartbeat IPC: 0.5051 cumulative IPC: 0.5241 (Simulation time: 00 hr 01 min 21 sec)
Heartbeat CPU 0 instructions: 17500116 cycles: 16642000 heartbeat IPC: 0.5176 cumulative IPC: 0.5236 (Simulation time: 00 hr 01 min 24 sec)
Heartbeat CPU 0 instructions: 18000123 cycles: 17572298 heartbeat IPC: 0.5375 cumulative IPC: 0.5245 (Simulation time: 00 hr 01 min 28 sec)
Heartbeat CPU 0 instructions: 18500126 cycles: 18512991 heartbeat IPC: 0.5315 cumulative IPC: 0.5249 (Simulation time: 00 hr 01 min 32 sec)
Heartbeat CPU 0 instructions: 19000129 cycles: 19439388 heartbeat IPC: 0.5397 cumulative IPC: 0.5257 (Simulation time: 00 hr 01 min 36 sec)
Heartbeat CPU 0 instructions: 19500130 cycles: 20401648 heartbeat IPC: 0.5196 cumulative IPC: 0.5254 (Simulation time: 00 hr 01 min 40 sec)
Heartbeat CPU 0 instructions: 20000130 cycles: 21411344 heartbeat IPC: 0.4952 cumulative IPC: 0.5238 (Simulation time: 00 hr 01 min 45 sec)
Heartbeat CPU 0 instructions: 20500131 cycles: 22338753 heartbeat IPC: 0.5391 cumulative IPC: 0.5245 (Simulation time: 00 hr 01 min 49 sec)
Heartbeat CPU 0 instructions: 21000132 cycles: 23338379 heartbeat IPC: 0.5002 cumulative IPC: 0.5233 (Simulation time: 00 hr 01 min 53 sec)
Heartbeat CPU 0 instructions: 21500135 cycles: 24255441 heartbeat IPC: 0.5452 cumulative IPC: 0.5242 (Simulation time: 00 hr 01 min 57 sec)
Heartbeat CPU 0 instructions: 22000137 cycles: 25201197 heartbeat IPC: 0.5287 cumulative IPC: 0.5244 (Simulation time: 00 hr 02 min 01 sec)
Heartbeat CPU 0 instructions: 22500144 cycles: 26165040 heartbeat IPC: 0.5188 cumulative IPC: 0.5242 (Simulation time: 00 hr 02 min 05 sec)
Heartbeat CPU 0 instructions: 23000144 cycles: 27114085 heartbeat IPC: 0.5268 cumulative IPC: 0.5243 (Simulation time: 00 hr 02 min 09 sec)
Heartbeat CPU 0 instructions: 23500147 cycles: 28018761 heartbeat IPC: 0.5527 cumulative IPC: 0.5253 (Simulation time: 00 hr 02 min 13 sec)
Heartbeat CPU 0 instructions: 24000151 cycles: 28896280 heartbeat IPC: 0.5698 cumulative IPC: 0.5268 (Simulation time: 00 hr 02 min 17 sec)
Heartbeat CPU 0 instructions: 24500152 cycles: 29791148 heartbeat IPC: 0.5587 cumulative IPC: 0.5278 (Simulation time: 00 hr 02 min 21 sec)
Heartbeat CPU 0 instructions: 25000154 cycles: 30600790 heartbeat IPC: 0.6176 cumulative IPC: 0.5304 (Simulation time: 00 hr 02 min 25 sec)
Heartbeat CPU 0 instructions: 25500156 cycles: 31413050 heartbeat IPC: 0.6156 cumulative IPC: 0.5328 (Simulation time: 00 hr 02 min 29 sec)
Heartbeat CPU 0 instructions: 26000158 cycles: 32396509 heartbeat IPC: 0.5084 cumulative IPC: 0.532 (Simulation time: 00 hr 02 min 33 sec)
Heartbeat CPU 0 instructions: 26500160 cycles: 33306255 heartbeat IPC: 0.5496 cumulative IPC: 0.5325 (Simulation time: 00 hr 02 min 37 sec)
Heartbeat CPU 0 instructions: 27000164 cycles: 34260574 heartbeat IPC: 0.5239 cumulative IPC: 0.5322 (Simulation time: 00 hr 02 min 41 sec)
Heartbeat CPU 0 instructions: 27500169 cycles: 35093438 heartbeat IPC: 0.6003 cumulative IPC: 0.534 (Simulation time: 00 hr 02 min 45 sec)
Heartbeat CPU 0 instructions: 28000170 cycles: 35879449 heartbeat IPC: 0.6361 cumulative IPC: 0.5363 (Simulation time: 00 hr 02 min 49 sec)
Heartbeat CPU 0 instructions: 28500170 cycles: 36815530 heartbeat IPC: 0.5341 cumulative IPC: 0.5363 (Simulation time: 00 hr 02 min 53 sec)
Heartbeat CPU 0 instructions: 29000177 cycles: 37693079 heartbeat IPC: 0.5698 cumulative IPC: 0.5371 (Simulation time: 00 hr 02 min 57 sec)
Heartbeat CPU 0 instructions: 29500179 cycles: 38643899 heartbeat IPC: 0.5259 cumulative IPC: 0.5368 (Simulation time: 00 hr 03 min 01 sec)
Heartbeat CPU 0 instructions: 30000184 cycles: 39540355 heartbeat IPC: 0.5578 cumulative IPC: 0.5373 (Simulation time: 00 hr 03 min 05 sec)
Heartbeat CPU 0 instructions: 30500184 cycles: 40381185 heartbeat IPC: 0.5947 cumulative IPC: 0.5386 (Simulation time: 00 hr 03 min 09 sec)
Heartbeat CPU 0 instructions: 31000188 cycles: 41153579 heartbeat IPC: 0.6473 cumulative IPC: 0.5408 (Simulation time: 00 hr 03 min 12 sec)
Heartbeat CPU 0 instructions: 31500188 cycles: 41997291 heartbeat IPC: 0.5926 cumulative IPC: 0.5419 (Simulation time: 00 hr 03 min 16 sec)
Heartbeat CPU 0 instructions: 32000190 cycles: 42859170 heartbeat IPC: 0.5801 cumulative IPC: 0.5427 (Simulation time: 00 hr 03 min 20 sec)
Heartbeat CPU 0 instructions: 32500191 cycles: 43758381 heartbeat IPC: 0.556 cumulative IPC: 0.543 (Simulation time: 00 hr 03 min 24 sec)
Heartbeat CPU 0 instructions: 33000193 cycles: 44610808 heartbeat IPC: 0.5866 cumulative IPC: 0.5438 (Simulation time: 00 hr 03 min 28 sec)
Heartbeat CPU 0 instructions: 33500194 cycles: 45479029 heartbeat IPC: 0.5759 cumulative IPC: 0.5445 (Simulation time: 00 hr 03 min 32 sec)
Heartbeat CPU 0 instructions: 34000194 cycles: 46301540 heartbeat IPC: 0.6079 cumulative IPC: 0.5457 (Simulation time: 00 hr 03 min 36 sec)
Heartbeat CPU 0 instructions: 34500200 cycles: 47146494 heartbeat IPC: 0.5918 cumulative IPC: 0.5465 (Simulation time: 00 hr 03 min 39 sec)
Heartbeat CPU 0 instructions: 35000204 cycles: 48057608 heartbeat IPC: 0.5488 cumulative IPC: 0.5466 (Simulation time: 00 hr 03 min 44 sec)
Heartbeat CPU 0 instructions: 35500206 cycles: 48901018 heartbeat IPC: 0.5928 cumulative IPC: 0.5474 (Simulation time: 00 hr 03 min 47 sec)
Heartbeat CPU 0 instructions: 36000212 cycles: 49723103 heartbeat IPC: 0.6082 cumulative IPC: 0.5485 (Simulation time: 00 hr 03 min 51 sec)
Heartbeat CPU 0 instructions: 36500216 cycles: 50665262 heartbeat IPC: 0.5307 cumulative IPC: 0.5481 (Simulation time: 00 hr 03 min 56 sec)
Heartbeat CPU 0 instructions: 37000220 cycles: 51524557 heartbeat IPC: 0.5819 cumulative IPC: 0.5487 (Simulation time: 00 hr 04 min 00 sec)
Heartbeat CPU 0 instructions: 37500223 cycles: 52289878 heartbeat IPC: 0.6533 cumulative IPC: 0.5503 (Simulation time: 00 hr 04 min 03 sec)
Heartbeat CPU 0 instructions: 38000223 cycles: 53169412 heartbeat IPC: 0.5685 cumulative IPC: 0.5506 (Simulation time: 00 hr 04 min 07 sec)
Heartbeat CPU 0 instructions: 38500228 cycles: 54049650 heartbeat IPC: 0.568 cumulative IPC: 0.5509 (Simulation time: 00 hr 04 min 12 sec)
Heartbeat CPU 0 instructions: 39000234 cycles: 54953827 heartbeat IPC: 0.553 cumulative IPC: 0.551 (Simulation time: 00 hr 04 min 16 sec)
Heartbeat CPU 0 instructions: 39500238 cycles: 55783952 heartbeat IPC: 0.6023 cumulative IPC: 0.5518 (Simulation time: 00 hr 04 min 20 sec)
Heartbeat CPU 0 instructions: 40000242 cycles: 56617813 heartbeat IPC: 0.5996 cumulative IPC: 0.5525 (Simulation time: 00 hr 04 min 23 sec)
Heartbeat CPU 0 instructions: 40500242 cycles: 57433988 heartbeat IPC: 0.6126 cumulative IPC: 0.5534 (Simulation time: 00 hr 04 min 27 sec)
Heartbeat CPU 0 instructions: 41000248 cycles: 58291716 heartbeat IPC: 0.5829 cumulative IPC: 0.5538 (Simulation time: 00 hr 04 min 31 sec)
Heartbeat CPU 0 instructions: 41500250 cycles: 59150807 heartbeat IPC: 0.582 cumulative IPC: 0.5543 (Simulation time: 00 hr 04 min 35 sec)
Heartbeat CPU 0 instructions: 42000251 cycles: 59895369 heartbeat IPC: 0.6715 cumulative IPC: 0.5558 (Simulation time: 00 hr 04 min 39 sec)
Heartbeat CPU 0 instructions: 42500251 cycles: 60693502 heartbeat IPC: 0.6265 cumulative IPC: 0.5568 (Simulation time: 00 hr 04 min 43 sec)
Heartbeat CPU 0 instructions: 43000253 cycles: 61534807 heartbeat IPC: 0.5943 cumulative IPC: 0.5573 (Simulation time: 00 hr 04 min 47 sec)
Heartbeat CPU 0 instructions: 43500253 cycles: 62387072 heartbeat IPC: 0.5867 cumulative IPC: 0.5577 (Simulation time: 00 hr 04 min 51 sec)
Heartbeat CPU 0 instructions: 44000254 cycles: 63213720 heartbeat IPC: 0.6049 cumulative IPC: 0.5583 (Simulation time: 00 hr 04 min 54 sec)
Heartbeat CPU 0 instructions: 44500254 cycles: 64069702 heartbeat IPC: 0.5841 cumulative IPC: 0.5587 (Simulation time: 00 hr 04 min 59 sec)
Heartbeat CPU 0 instructions: 45000260 cycles: 64886623 heartbeat IPC: 0.6121 cumulative IPC: 0.5594 (Simulation time: 00 hr 05 min 02 sec)
Heartbeat CPU 0 instructions: 45500260 cycles: 65622503 heartbeat IPC: 0.6795 cumulative IPC: 0.5608 (Simulation time: 00 hr 05 min 06 sec)
Heartbeat CPU 0 instructions: 46000267 cycles: 66423844 heartbeat IPC: 0.624 cumulative IPC: 0.5616 (Simulation time: 00 hr 05 min 10 sec)
Heartbeat CPU 0 instructions: 46500269 cycles: 67269346 heartbeat IPC: 0.5914 cumulative IPC: 0.562 (Simulation time: 00 hr 05 min 14 sec)
Heartbeat CPU 0 instructions: 47000273 cycles: 68147419 heartbeat IPC: 0.5694 cumulative IPC: 0.5621 (Simulation time: 00 hr 05 min 18 sec)
Heartbeat CPU 0 instructions: 47500273 cycles: 68995796 heartbeat IPC: 0.5894 cumulative IPC: 0.5624 (Simulation time: 00 hr 05 min 22 sec)
Heartbeat CPU 0 instructions: 48000273 cycles: 69817939 heartbeat IPC: 0.6082 cumulative IPC: 0.563 (Simulation time: 00 hr 05 min 26 sec)
Heartbeat CPU 0 instructions: 48500274 cycles: 70645633 heartbeat IPC: 0.6041 cumulative IPC: 0.5635 (Simulation time: 00 hr 05 min 30 sec)
Heartbeat CPU 0 instructions: 49000274 cycles: 71422055 heartbeat IPC: 0.644 cumulative IPC: 0.5644 (Simulation time: 00 hr 05 min 33 sec)
Heartbeat CPU 0 instructions: 49500278 cycles: 72228237 heartbeat IPC: 0.6202 cumulative IPC: 0.565 (Simulation time: 00 hr 05 min 37 sec)
Heartbeat CPU 0 instructions: 50000283 cycles: 73024693 heartbeat IPC: 0.6278 cumulative IPC: 0.5657 (Simulation time: 00 hr 05 min 40 sec)
Heartbeat CPU 0 instructions: 50500285 cycles: 73868505 heartbeat IPC: 0.5926 cumulative IPC: 0.566 (Simulation time: 00 hr 05 min 44 sec)
Heartbeat CPU 0 instructions: 51000292 cycles: 74628038 heartbeat IPC: 0.6583 cumulative IPC: 0.567 (Simulation time: 00 hr 05 min 48 sec)
Heartbeat CPU 0 instructions: 51500293 cycles: 75396623 heartbeat IPC: 0.6505 cumulative IPC: 0.5679 (Simulation time: 00 hr 05 min 52 sec)
Heartbeat CPU 0 instructions: 52000294 cycles: 76231961 heartbeat IPC: 0.5986 cumulative IPC: 0.5682 (Simulation time: 00 hr 05 min 56 sec)
Heartbeat CPU 0 instructions: 52500298 cycles: 77085287 heartbeat IPC: 0.5859 cumulative IPC: 0.5684 (Simulation time: 00 hr 06 min 00 sec)
Heartbeat CPU 0 instructions: 53000303 cycles: 77904611 heartbeat IPC: 0.6103 cumulative IPC: 0.5689 (Simulation time: 00 hr 06 min 04 sec)
Heartbeat CPU 0 instructions: 53500309 cycles: 78688827 heartbeat IPC: 0.6376 cumulative IPC: 0.5696 (Simulation time: 00 hr 06 min 08 sec)
Heartbeat CPU 0 instructions: 54000309 cycles: 79519295 heartbeat IPC: 0.6021 cumulative IPC: 0.5699 (Simulation time: 00 hr 06 min 12 sec)
Heartbeat CPU 0 instructions: 54500310 cycles: 80331272 heartbeat IPC: 0.6158 cumulative IPC: 0.5704 (Simulation time: 00 hr 06 min 15 sec)
Heartbeat CPU 0 instructions: 55000314 cycles: 81114735 heartbeat IPC: 0.6382 cumulative IPC: 0.5711 (Simulation time: 00 hr 06 min 19 sec)
Heartbeat CPU 0 instructions: 55500314 cycles: 81899491 heartbeat IPC: 0.6371 cumulative IPC: 0.5717 (Simulation time: 00 hr 06 min 23 sec)
Heartbeat CPU 0 instructions: 56000315 cycles: 82690024 heartbeat IPC: 0.6325 cumulative IPC: 0.5723 (Simulation time: 00 hr 06 min 27 sec)
Heartbeat CPU 0 instructions: 56500316 cycles: 83459276 heartbeat IPC: 0.65 cumulative IPC: 0.5731 (Simulation time: 00 hr 06 min 30 sec)
Heartbeat CPU 0 instructions: 57000316 cycles: 84226707 heartbeat IPC: 0.6515 cumulative IPC: 0.5738 (Simulation time: 00 hr 06 min 34 sec)
Heartbeat CPU 0 instructions: 57500316 cycles: 84995300 heartbeat IPC: 0.6505 cumulative IPC: 0.5745 (Simulation time: 00 hr 06 min 37 sec)
Heartbeat CPU 0 instructions: 58000317 cycles: 85764463 heartbeat IPC: 0.6501 cumulative IPC: 0.5752 (Simulation time: 00 hr 06 min 41 sec)
Heartbeat CPU 0 instructions: 58500324 cycles: 86542399 heartbeat IPC: 0.6427 cumulative IPC: 0.5759 (Simulation time: 00 hr 06 min 45 sec)
Heartbeat CPU 0 instructions: 59000325 cycles: 87302687 heartbeat IPC: 0.6576 cumulative IPC: 0.5766 (Simulation time: 00 hr 06 min 48 sec)
Heartbeat CPU 0 instructions: 59500328 cycles: 88069010 heartbeat IPC: 0.6525 cumulative IPC: 0.5773 (Simulation time: 00 hr 06 min 52 sec)
Simulation finished CPU 0 instructions: 50000006 cycles: 86441406 cumulative IPC: 0.5784 (Simulation time: 00 hr 06 min 55 sec)
Simulation complete CPU 0 instructions: 50000006 cycles: 86441406 cumulative IPC: 0.5784 (Simulation time: 00 hr 06 min 55 sec)

ChampSim completed all CPUs

=== Simulation ===
CPU 0 runs traces/GAP/sssp-10.trace.gz

Region of Interest Statistics

CPU 0 cumulative IPC: 0.5784 instructions: 50000006 cycles: 86441406
CPU 0 Branch Prediction Accuracy: 94.11% MPKI: 8.664 Average ROB Occupancy at Mispredict: 58.27
Branch type MPKI
BRANCH_DIRECT_JUMP: 2e-05
BRANCH_INDIRECT: 0
BRANCH_CONDITIONAL: 8.664
BRANCH_DIRECT_CALL: 0
BRANCH_INDIRECT_CALL: 0
BRANCH_RETURN: 0

cpu0->cpu0_STLB TOTAL        ACCESS:     944184 HIT:     932785 MISS:      11399 MSHR_MERGE:          0
cpu0->cpu0_STLB LOAD         ACCESS:     944184 HIT:     932785 MISS:      11399 MSHR_MERGE:          0
cpu0->cpu0_STLB RFO          ACCESS:          0 HIT:          0 MISS:          0 MSHR_MERGE:          0
cpu0->cpu0_STLB PREFETCH     ACCESS:          0 HIT:          0 MISS:          0 MSHR_MERGE:          0
cpu0->cpu0_STLB WRITE        ACCESS:          0 HIT:          0 MISS:          0 MSHR_MERGE:          0
cpu0->cpu0_STLB TRANSLATION  ACCESS:          0 HIT:          0 MISS:          0 MSHR_MERGE:          0
cpu0->cpu0_STLB PREFETCH REQUESTED:          0 ISSUED:          0 USEFUL:          0 USELESS:          0
cpu0->cpu0_STLB AVERAGE MISS LATENCY: 288.7 cycles
cpu0->cpu0_L2C TOTAL        ACCESS:   11091037 HIT:    6041775 MISS:    5049262 MSHR_MERGE:    1017700
cpu0->cpu0_L2C LOAD         ACCESS:    1900731 HIT:    1003584 MISS:     897147 MSHR_MERGE:      64976
cpu0->cpu0_L2C RFO          ACCESS:     297910 HIT:     235877 MISS:      62033 MSHR_MERGE:          7
cpu0->cpu0_L2C PREFETCH     ACCESS:    8085667 HIT:    4002631 MISS:    4083036 MSHR_MERGE:     952717
cpu0->cpu0_L2C WRITE        ACCESS:     796298 HIT:     796133 MISS:        165 MSHR_MERGE:          0
cpu0->cpu0_L2C TRANSLATION  ACCESS:      10431 HIT:       3550 MISS:       6881 MSHR_MERGE:          0
cpu0->cpu0_L2C PREFETCH REQUESTED:    8192025 ISSUED:    6918510 USEFUL:     771518 USELESS:    1806863
cpu0->cpu0_L2C AVERAGE MISS LATENCY: 114.7 cycles
cpu0->cpu0_L1I TOTAL        ACCESS:    2040996 HIT:    2040996 MISS:          0 MSHR_MERGE:          0
cpu0->cpu0_L1I LOAD         ACCESS:    2040996 HIT:    2040996 MISS:          0 MSHR_MERGE:          0
cpu0->cpu0_L1I RFO          ACCESS:          0 HIT:          0 MISS:          0 MSHR_MERGE:          0
cpu0->cpu0_L1I PREFETCH     ACCESS:          0 HIT:          0 MISS:          0 MSHR_MERGE:          0
cpu0->cpu0_L1I WRITE        ACCESS:          0 HIT:          0 MISS:          0 MSHR_MERGE:          0
cpu0->cpu0_L1I TRANSLATION  ACCESS:          0 HIT:          0 MISS:          0 MSHR_MERGE:          0
cpu0->cpu0_L1I PREFETCH REQUESTED:          0 ISSUED:          0 USEFUL:          0 USELESS:          0
cpu0->cpu0_L1I AVERAGE MISS LATENCY: - cycles
cpu0->cpu0_L1D TOTAL        ACCESS:   15582497 HIT:   11918462 MISS:    3664035 MSHR_MERGE:     287797
cpu0->cpu0_L1D LOAD         ACCESS:   12696491 HIT:   10653490 MISS:    2043001 MSHR_MERGE:     142268
cpu0->cpu0_L1D RFO          ACCESS:          0 HIT:          0 MISS:          0 MSHR_MERGE:          0
cpu0->cpu0_L1D PREFETCH     ACCESS:    1415005 HIT:     220059 MISS:    1194946 MSHR_MERGE:      27791
cpu0->cpu0_L1D WRITE        ACCESS:    1446944 HIT:    1031356 MISS:     415588 MSHR_MERGE:     117669
cpu0->cpu0_L1D TRANSLATION  ACCESS:      24057 HIT:      13557 MISS:      10500 MSHR_MERGE:         69
cpu0->cpu0_L1D PREFETCH REQUESTED:    1434121 ISSUED:    1414997 USEFUL:     376145 USELESS:     790793
cpu0->cpu0_L1D AVERAGE MISS LATENCY: 59.75 cycles
cpu0->cpu0_ITLB TOTAL        ACCESS:    2038519 HIT:    2038519 MISS:          0 MSHR_MERGE:          0
cpu0->cpu0_ITLB LOAD         ACCESS:    2038519 HIT:    2038519 MISS:          0 MSHR_MERGE:          0
cpu0->cpu0_ITLB RFO          ACCESS:          0 HIT:          0 MISS:          0 MSHR_MERGE:          0
cpu0->cpu0_ITLB PREFETCH     ACCESS:          0 HIT:          0 MISS:          0 MSHR_MERGE:          0
cpu0->cpu0_ITLB WRITE        ACCESS:          0 HIT:          0 MISS:          0 MSHR_MERGE:          0
cpu0->cpu0_ITLB TRANSLATION  ACCESS:          0 HIT:          0 MISS:          0 MSHR_MERGE:          0
cpu0->cpu0_ITLB PREFETCH REQUESTED:          0 ISSUED:          0 USEFUL:          0 USELESS:          0
cpu0->cpu0_ITLB AVERAGE MISS LATENCY: - cycles
cpu0->cpu0_DTLB TOTAL        ACCESS:   15141271 HIT:   13937659 MISS:    1203612 MSHR_MERGE:     259428
cpu0->cpu0_DTLB LOAD         ACCESS:   15141271 HIT:   13937659 MISS:    1203612 MSHR_MERGE:     259428
cpu0->cpu0_DTLB RFO          ACCESS:          0 HIT:          0 MISS:          0 MSHR_MERGE:          0
cpu0->cpu0_DTLB PREFETCH     ACCESS:          0 HIT:          0 MISS:          0 MSHR_MERGE:          0
cpu0->cpu0_DTLB WRITE        ACCESS:          0 HIT:          0 MISS:          0 MSHR_MERGE:          0
cpu0->cpu0_DTLB TRANSLATION  ACCESS:          0 HIT:          0 MISS:          0 MSHR_MERGE:          0
cpu0->cpu0_DTLB PREFETCH REQUESTED:          0 ISSUED:          0 USEFUL:          0 USELESS:          0
cpu0->cpu0_DTLB AVERAGE MISS LATENCY: 8.503 cycles
cpu0->LLC TOTAL        ACCESS:    4500991 HIT:    2659003 MISS:    1841988 MSHR_MERGE:          0
cpu0->LLC LOAD         ACCESS:     832171 HIT:     564120 MISS:     268051 MSHR_MERGE:          0
cpu0->LLC RFO          ACCESS:      62026 HIT:       4736 MISS:      57290 MSHR_MERGE:          0
cpu0->LLC PREFETCH     ACCESS:    3130319 HIT:    1800063 MISS:    1330256 MSHR_MERGE:          0
cpu0->LLC WRITE        ACCESS:     469594 HIT:     289734 MISS:     179860 MSHR_MERGE:          0
cpu0->LLC TRANSLATION  ACCESS:       6881 HIT:        350 MISS:       6531 MSHR_MERGE:          0
cpu0->LLC PREFETCH REQUESTED:          0 ISSUED:          0 USEFUL:          0 USELESS:          0
cpu0->LLC AVERAGE MISS LATENCY: 164.4 cycles

DRAM Statistics

Channel 0 RQ ROW_BUFFER_HIT:      73754
  ROW_BUFFER_MISS:    1585869
  AVG DBUS CONGESTED CYCLE: 17.23
Channel 0 WQ ROW_BUFFER_HIT:      62212
  ROW_BUFFER_MISS:     169618
  FULL:          0
Channel 0 REFRESHES ISSUED:       7203
