[VMEM] WARNING: physical memory size is smaller than virtual memory size.

*** ChampSim Multicore Out-of-Order Simulator ***
Warmup Instructions: 10000000
Simulation Instructions: 50000000
Number of CPUs: 1
Page size: 4096
Core 0: traces/charlie_0004.champsim.gz
Off-chip DRAM Size: 64 GiB Channels: 1 Width: 64-bit Data Rate: 800 MT/s
[BTB] WARNING: target of return is a lower address than the corresponding call. This is usually a problem with your trace.
[BTB] WARNING: target of return is a lower address than the corresponding call. This is usually a problem with your trace.
[BTB] WARNING: target of return is a lower address than the corresponding call. This is usually a problem with your trace.
[BTB] WARNING: target of return is a lower address than the corresponding call. This is usually a problem with your trace.
[BTB] WARNING: target of return is a lower address than the corresponding call. This is usually a problem with your trace.
[BTB] WARNING: target of return is a lower address than the corresponding call. This is usually a problem with your trace.
[BTB] WARNING: target of return is a lower address than the corresponding call. This is usually a problem with your trace.
[BTB] WARNING: target of return is a lower address than the corresponding call. This is usually a problem with your trace.
[BTB] WARNING: target of return is a lower address than the corresponding call. This is usually a problem with your trace.
[BTB] WARNING: target of return is a lower address than the corresponding call. This is usually a problem with your trace.
Heartbeat CPU 0 instructions: 500003 cycles: 220506 heartbeat IPC: 2.268 cumulative IPC: 2.268 (Simulation time: 00 hr 00 min 02 sec)
Heartbeat CPU 0 instructions: 1000003 cycles: 332343 heartbeat IPC: 4.471 cumulative IPC: 3.009 (Simulation time: 00 hr 00 min 03 sec)
Heartbeat CPU 0 instructions: 1500005 cycles: 506380 heartbeat IPC: 2.873 cumulative IPC: 2.962 (Simulation time: 00 hr 00 min 04 sec)
Heartbeat CPU 0 instructions: 2000005 cycles: 625984 heartbeat IPC: 4.18 cumulative IPC: 3.195 (Simulation time: 00 hr 00 min 05 sec)
Heartbeat CPU 0 instructions: 2500008 cycles: 733081 heartbeat IPC: 4.669 cumulative IPC: 3.41 (Simulation time: 00 hr 00 min 06 sec)
Heartbeat CPU 0 instructions: 3000014 cycles: 843416 heartbeat IPC: 4.532 cumulative IPC: 3.557 (Simulation time: 00 hr 00 min 07 sec)
Heartbeat CPU 0 instructions: 3500018 cycles: 950451 heartbeat IPC: 4.671 cumulative IPC: 3.682 (Simulation time: 00 hr 00 min 08 sec)
Heartbeat CPU 0 instructions: 4000018 cycles: 1060562 heartbeat IPC: 4.541 cumulative IPC: 3.772 (Simulation time: 00 hr 00 min 09 sec)
Heartbeat CPU 0 instructions: 4500020 cycles: 1165313 heartbeat IPC: 4.773 cumulative IPC: 3.862 (Simulation time: 00 hr 00 min 10 sec)
Heartbeat CPU 0 instructions: 5000026 cycles: 1270561 heartbeat IPC: 4.751 cumulative IPC: 3.935 (Simulation time: 00 hr 00 min 11 sec)
Heartbeat CPU 0 instructions: 5500029 cycles: 1377391 heartbeat IPC: 4.68 cumulative IPC: 3.993 (Simulation time: 00 hr 00 min 12 sec)
Heartbeat CPU 0 instructions: 6000034 cycles: 1483600 heartbeat IPC: 4.708 cumulative IPC: 4.044 (Simulation time: 00 hr 00 min 13 sec)
Heartbeat CPU 0 instructions: 6500035 cycles: 1587238 heartbeat IPC: 4.824 cumulative IPC: 4.095 (Simulation time: 00 hr 00 min 14 sec)
Heartbeat CPU 0 instructions: 7000035 cycles: 1693896 heartbeat IPC: 4.688 cumulative IPC: 4.133 (Simulation time: 00 hr 00 min 15 sec)
Heartbeat CPU 0 instructions: 7500038 cycles: 1848689 heartbeat IPC: 3.23 cumulative IPC: 4.057 (Simulation time: 00 hr 00 min 16 sec)
Heartbeat CPU 0 instructions: 8000041 cycles: 1968737 heartbeat IPC: 4.165 cumulative IPC: 4.064 (Simulation time: 00 hr 00 min 18 sec)
Heartbeat CPU 0 instructions: 8500045 cycles: 2080341 heartbeat IPC: 4.48 cumulative IPC: 4.086 (Simulation time: 00 hr 00 min 19 sec)
Heartbeat CPU 0 instructions: 9000045 cycles: 2196437 heartbeat IPC: 4.307 cumulative IPC: 4.098 (Simulation time: 00 hr 00 min 20 sec)
Heartbeat CPU 0 instructions: 9500051 cycles: 2390172 heartbeat IPC: 2.581 cumulative IPC: 3.975 (Simulation time: 00 hr 00 min 21 sec)
Warmup finished CPU 0 instructions: 10000005 cycles: 2506682 cumulative IPC: 3.989 (Simulation time: 00 hr 00 min 22 sec)
Warmup complete CPU 0 instructions: 10000005 cycles: 2506682 cumulative IPC: 3.989 (Simulation time: 00 hr 00 min 22 sec)
Heartbeat CPU 0 instructions: 10000053 cycles: 2506688 heartbeat IPC: 4.291 cumulative IPC: 8 (Simulation time: 00 hr 00 min 22 sec)
Heartbeat CPU 0 instructions: 10500056 cycles: 3283910 heartbeat IPC: 0.6433 cumulative IPC: 0.6434 (Simulation time: 00 hr 00 min 26 sec)
Heartbeat CPU 0 instructions: 11000059 cycles: 4117546 heartbeat IPC: 0.5998 cumulative IPC: 0.6208 (Simulation time: 00 hr 00 min 30 sec)
Heartbeat CPU 0 instructions: 11500061 cycles: 4822926 heartbeat IPC: 0.7088 cumulative IPC: 0.6476 (Simulation time: 00 hr 00 min 33 sec)
Heartbeat CPU 0 instructions: 12000062 cycles: 5816514 heartbeat IPC: 0.5032 cumulative IPC: 0.6043 (Simulation time: 00 hr 00 min 39 sec)
Heartbeat CPU 0 instructions: 12500062 cycles: 6597663 heartbeat IPC: 0.6401 cumulative IPC: 0.6111 (Simulation time: 00 hr 00 min 43 sec)
Heartbeat CPU 0 instructions: 13000064 cycles: 7467909 heartbeat IPC: 0.5746 cumulative IPC: 0.6047 (Simulation time: 00 hr 00 min 48 sec)
Heartbeat CPU 0 instructions: 13500065 cycles: 8252750 heartbeat IPC: 0.6371 cumulative IPC: 0.6091 (Simulation time: 00 hr 00 min 52 sec)
Heartbeat CPU 0 instructions: 14000065 cycles: 9040741 heartbeat IPC: 0.6345 cumulative IPC: 0.6122 (Simulation time: 00 hr 00 min 56 sec)
Heartbeat CPU 0 instructions: 14500066 cycles: 9730477 heartbeat IPC: 0.7249 cumulative IPC: 0.6229 (Simulation time: 00 hr 00 min 59 sec)
Heartbeat CPU 0 instructions: 15000069 cycles: 10815726 heartbeat IPC: 0.4607 cumulative IPC: 0.6018 (Simulation time: 00 hr 01 min 05 sec)
Heartbeat CPU 0 instructions: 15500072 cycles: 11583886 heartbeat IPC: 0.6509 cumulative IPC: 0.6059 (Simulation time: 00 hr 01 min 09 sec)
Heartbeat CPU 0 instructions: 16000078 cycles: 12374487 heartbeat IPC: 0.6324 cumulative IPC: 0.608 (Simulation time: 00 hr 01 min 13 sec)
Heartbeat CPU 0 instructions: 16500078 cycles: 13185568 heartbeat IPC: 0.6165 cumulative IPC: 0.6087 (Simulation time: 00 hr 01 min 17 sec)
Heartbeat CPU 0 instructions: 17000079 cycles: 14871198 heartbeat IPC: 0.2966 cumulative IPC: 0.5661 (Simulation time: 00 hr 01 min 24 sec)
Heartbeat CPU 0 instructions: 17500084 cycles: 16257879 heartbeat IPC: 0.3606 cumulative IPC: 0.5454 (Simulation time: 00 hr 01 min 29 sec)
Heartbeat CPU 0 instructions: 18000084 cycles: 18078910 heartbeat IPC: 0.2746 cumulative IPC: 0.5137 (Simulation time: 00 hr 01 min 35 sec)
Heartbeat CPU 0 instructions: 18500090 cycles: 19164290 heartbeat IPC: 0.4607 cumulative IPC: 0.5103 (Simulation time: 00 hr 01 min 39 sec)
Heartbeat CPU 0 instructions: 19000092 cycles: 20026613 heartbeat IPC: 0.5798 cumulative IPC: 0.5137 (Simulation time: 00 hr 01 min 42 sec)
Heartbeat CPU 0 instructions: 19500096 cycles: 20491956 heartbeat IPC: 1.074 cumulative IPC: 0.5282 (Simulation time: 00 hr 01 min 44 sec)
Heartbeat CPU 0 instructions: 20000101 cycles: 21031591 heartbeat IPC: 0.9266 cumulative IPC: 0.5398 (Simulation time: 00 hr 01 min 47 sec)
Heartbeat CPU 0 instructions: 20500102 cycles: 21622109 heartbeat IPC: 0.8467 cumulative IPC: 0.5493 (Simulation time: 00 hr 01 min 49 sec)
Heartbeat CPU 0 instructions: 21000104 cycles: 22169019 heartbeat IPC: 0.9142 cumulative IPC: 0.5595 (Simulation time: 00 hr 01 min 52 sec)
Heartbeat CPU 0 instructions: 21500104 cycles: 22897737 heartbeat IPC: 0.6861 cumulative IPC: 0.564 (Simulation time: 00 hr 01 min 55 sec)
Heartbeat CPU 0 instructions: 22000105 cycles: 23375286 heartbeat IPC: 1.047 cumulative IPC: 0.575 (Simulation time: 00 hr 01 min 57 sec)
Heartbeat CPU 0 instructions: 22500105 cycles: 23851828 heartbeat IPC: 1.049 cumulative IPC: 0.5856 (Simulation time: 00 hr 01 min 59 sec)
Heartbeat CPU 0 instructions: 23000105 cycles: 24329131 heartbeat IPC: 1.048 cumulative IPC: 0.5957 (Simulation time: 00 hr 02 min 01 sec)
Heartbeat CPU 0 instructions: 23500106 cycles: 24757817 heartbeat IPC: 1.166 cumulative IPC: 0.6067 (Simulation time: 00 hr 02 min 03 sec)
Heartbeat CPU 0 instructions: 24000110 cycles: 25277178 heartbeat IPC: 0.9627 cumulative IPC: 0.6148 (Simulation time: 00 hr 02 min 05 sec)
Heartbeat CPU 0 instructions: 24500116 cycles: 25773160 heartbeat IPC: 1.008 cumulative IPC: 0.6232 (Simulation time: 00 hr 02 min 08 sec)
Heartbeat CPU 0 instructions: 25000123 cycles: 26255018 heartbeat IPC: 1.038 cumulative IPC: 0.6316 (Simulation time: 00 hr 02 min 10 sec)
Heartbeat CPU 0 instructions: 25500123 cycles: 26737811 heartbeat IPC: 1.036 cumulative IPC: 0.6397 (Simulation time: 00 hr 02 min 12 sec)
Heartbeat CPU 0 instructions: 26000126 cycles: 27312119 heartbeat IPC: 0.8706 cumulative IPC: 0.645 (Simulation time: 00 hr 02 min 14 sec)
Heartbeat CPU 0 instructions: 26500126 cycles: 27825598 heartbeat IPC: 0.9737 cumulative IPC: 0.6517 (Simulation time: 00 hr 02 min 17 sec)
Heartbeat CPU 0 instructions: 27000127 cycles: 28361483 heartbeat IPC: 0.933 cumulative IPC: 0.6575 (Simulation time: 00 hr 02 min 19 sec)
Heartbeat CPU 0 instructions: 27500128 cycles: 28797899 heartbeat IPC: 1.146 cumulative IPC: 0.6656 (Simulation time: 00 hr 02 min 21 sec)
Heartbeat CPU 0 instructions: 28000128 cycles: 29261955 heartbeat IPC: 1.077 cumulative IPC: 0.6728 (Simulation time: 00 hr 02 min 23 sec)
Heartbeat CPU 0 instructions: 28500128 cycles: 29801304 heartbeat IPC: 0.927 cumulative IPC: 0.6778 (Simulation time: 00 hr 02 min 26 sec)
Heartbeat CPU 0 instructions: 29000130 cycles: 30259277 heartbeat IPC: 1.092 cumulative IPC: 0.6846 (Simulation time: 00 hr 02 min 28 sec)
Heartbeat CPU 0 instructions: 29500130 cycles: 30755864 heartbeat IPC: 1.007 cumulative IPC: 0.6903 (Simulation time: 00 hr 02 min 31 sec)
Heartbeat CPU 0 instructions: 30000137 cycles: 31232098 heartbeat IPC: 1.05 cumulative IPC: 0.6963 (Simulation time: 00 hr 02 min 33 sec)
Heartbeat CPU 0 instructions: 30500138 cycles: 31708568 heartbeat IPC: 1.049 cumulative IPC: 0.702 (Simulation time: 00 hr 02 min 35 sec)
Heartbeat CPU 0 instructions: 31000138 cycles: 32185448 heartbeat IPC: 1.048 cumulative IPC: 0.7076 (Simulation time: 00 hr 02 min 37 sec)
Heartbeat CPU 0 instructions: 31500140 cycles: 33131146 heartbeat IPC: 0.5287 cumulative IPC: 0.7021 (Simulation time: 00 hr 02 min 41 sec)
Heartbeat CPU 0 instructions: 32000144 cycles: 33655349 heartbeat IPC: 0.9538 cumulative IPC: 0.7063 (Simulation time: 00 hr 02 min 43 sec)
Heartbeat CPU 0 instructions: 32500147 cycles: 34130108 heartbeat IPC: 1.053 cumulative IPC: 0.7115 (Simulation time: 00 hr 02 min 45 sec)
Heartbeat CPU 0 instructions: 33000147 cycles: 34563302 heartbeat IPC: 1.154 cumulative IPC: 0.7175 (Simulation time: 00 hr 02 min 47 sec)
Heartbeat CPU 0 instructions: 33500149 cycles: 35042139 heartbeat IPC: 1.044 cumulative IPC: 0.7223 (Simulation time: 00 hr 02 min 49 sec)
Heartbeat CPU 0 instructions: 34000153 cycles: 35499527 heartbeat IPC: 1.093 cumulative IPC: 0.7274 (Simulation time: 00 hr 02 min 52 sec)
Heartbeat CPU 0 instructions: 34500155 cycles: 35964169 heartbeat IPC: 1.076 cumulative IPC: 0.7323 (Simulation time: 00 hr 02 min 54 sec)
Heartbeat CPU 0 instructions: 35000157 cycles: 36449938 heartbeat IPC: 1.029 cumulative IPC: 0.7365 (Simulation time: 00 hr 02 min 56 sec)
Heartbeat CPU 0 instructions: 35500163 cycles: 36871996 heartbeat IPC: 1.185 cumulative IPC: 0.742 (Simulation time: 00 hr 02 min 58 sec)
Heartbeat CPU 0 instructions: 36000166 cycles: 37315056 heartbeat IPC: 1.129 cumulative IPC: 0.747 (Simulation time: 00 hr 03 min 00 sec)
Heartbeat CPU 0 instructions: 36500167 cycles: 37784649 heartbeat IPC: 1.065 cumulative IPC: 0.7512 (Simulation time: 00 hr 03 min 02 sec)
Heartbeat CPU 0 instructions: 37000168 cycles: 38234468 heartbeat IPC: 1.112 cumulative IPC: 0.7557 (Simulation time: 00 hr 03 min 05 sec)
Heartbeat CPU 0 instructions: 37500169 cycles: 38695947 heartbeat IPC: 1.083 cumulative IPC: 0.7599 (Simulation time: 00 hr 03 min 07 sec)
Heartbeat CPU 0 instructions: 38000170 cycles: 39153203 heartbeat IPC: 1.093 cumulative IPC: 0.7641 (Simulation time: 00 hr 03 min 09 sec)
Heartbeat CPU 0 instructions: 38500177 cycles: 39599614 heartbeat IPC: 1.12 cumulative IPC: 0.7683 (Simulation time: 00 hr 03 min 11 sec)
Heartbeat CPU 0 instructions: 39000183 cycles: 40091028 heartbeat IPC: 1.017 cumulative IPC: 0.7716 (Simulation time: 00 hr 03 min 14 sec)
Heartbeat CPU 0 instructions: 39500183 cycles: 40571087 heartbeat IPC: 1.042 cumulative IPC: 0.775 (Simulation time: 00 hr 03 min 16 sec)
Heartbeat CPU 0 instructions: 40000185 cycles: 41213256 heartbeat IPC: 0.7786 cumulative IPC: 0.7751 (Simulation time: 00 hr 03 min 18 sec)
Heartbeat CPU 0 instructions: 40500188 cycles: 41725414 heartbeat IPC: 0.9763 cumulative IPC: 0.7777 (Simulation time: 00 hr 03 min 21 sec)
Heartbeat CPU 0 instructions: 41000188 cycles: 42198314 heartbeat IPC: 1.057 cumulative IPC: 0.781 (Simulation time: 00 hr 03 min 23 sec)
Heartbeat CPU 0 instructions: 41500191 cycles: 43366943 heartbeat IPC: 0.4279 cumulative IPC: 0.7709 (Simulation time: 00 hr 03 min 27 sec)
Heartbeat CPU 0 instructions: 42000194 cycles: 43861415 heartbeat IPC: 1.011 cumulative IPC: 0.7738 (Simulation time: 00 hr 03 min 29 sec)
Heartbeat CPU 0 instructions: 42500199 cycles: 44286524 heartbeat IPC: 1.176 cumulative IPC: 0.7779 (Simulation time: 00 hr 03 min 31 sec)
Heartbeat CPU 0 instructions: 43000199 cycles: 44754944 heartbeat IPC: 1.067 cumulative IPC: 0.7811 (Simulation time: 00 hr 03 min 33 sec)
Heartbeat CPU 0 instructions: 43500202 cycles: 45276541 heartbeat IPC: 0.9586 cumulative IPC: 0.7833 (Simulation time: 00 hr 03 min 36 sec)
Heartbeat CPU 0 instructions: 44000208 cycles: 45728988 heartbeat IPC: 1.105 cumulative IPC: 0.7866 (Simulation time: 00 hr 03 min 38 sec)
Heartbeat CPU 0 instructions: 44500212 cycles: 46185249 heartbeat IPC: 1.096 cumulative IPC: 0.7899 (Simulation time: 00 hr 03 min 40 sec)
Heartbeat CPU 0 instructions: 45000215 cycles: 46699259 heartbeat IPC: 0.9727 cumulative IPC: 0.792 (Simulation time: 00 hr 03 min 42 sec)
Heartbeat CPU 0 instructions: 45500215 cycles: 47174447 heartbeat IPC: 1.052 cumulative IPC: 0.7948 (Simulation time: 00 hr 03 min 44 sec)
Heartbeat CPU 0 instructions: 46000217 cycles: 47683868 heartbeat IPC: 0.9815 cumulative IPC: 0.7969 (Simulation time: 00 hr 03 min 46 sec)
Heartbeat CPU 0 instructions: 46500217 cycles: 48094506 heartbeat IPC: 1.218 cumulative IPC: 0.8007 (Simulation time: 00 hr 03 min 48 sec)
Heartbeat CPU 0 instructions: 47000221 cycles: 48582111 heartbeat IPC: 1.025 cumulative IPC: 0.803 (Simulation time: 00 hr 03 min 51 sec)
Heartbeat CPU 0 instructions: 47500224 cycles: 49016718 heartbeat IPC: 1.15 cumulative IPC: 0.8063 (Simulation time: 00 hr 03 min 53 sec)
Heartbeat CPU 0 instructions: 48000224 cycles: 50798331 heartbeat IPC: 0.2806 cumulative IPC: 0.7869 (Simulation time: 00 hr 03 min 59 sec)
Heartbeat CPU 0 instructions: 48500227 cycles: 51922823 heartbeat IPC: 0.4446 cumulative IPC: 0.7791 (Simulation time: 00 hr 04 min 03 sec)
Heartbeat CPU 0 instructions: 49000227 cycles: 52586890 heartbeat IPC: 0.7529 cumulative IPC: 0.7788 (Simulation time: 00 hr 04 min 06 sec)
Heartbeat CPU 0 instructions: 49500227 cycles: 53563164 heartbeat IPC: 0.5122 cumulative IPC: 0.7737 (Simulation time: 00 hr 04 min 10 sec)
Heartbeat CPU 0 instructions: 50000228 cycles: 54695989 heartbeat IPC: 0.4414 cumulative IPC: 0.7664 (Simulation time: 00 hr 04 min 14 sec)
Heartbeat CPU 0 instructions: 50500235 cycles: 55731998 heartbeat IPC: 0.4826 cumulative IPC: 0.7609 (Simulation time: 00 hr 04 min 17 sec)
Heartbeat CPU 0 instructions: 51000236 cycles: 57019768 heartbeat IPC: 0.3883 cumulative IPC: 0.7521 (Simulation time: 00 hr 04 min 22 sec)
Heartbeat CPU 0 instructions: 51500239 cycles: 59232118 heartbeat IPC: 0.226 cumulative IPC: 0.7316 (Simulation time: 00 hr 04 min 30 sec)
Heartbeat CPU 0 instructions: 52000240 cycles: 59744283 heartbeat IPC: 0.9762 cumulative IPC: 0.7338 (Simulation time: 00 hr 04 min 32 sec)
Heartbeat CPU 0 instructions: 52500242 cycles: 65434790 heartbeat IPC: 0.08787 cumulative IPC: 0.6754 (Simulation time: 00 hr 04 min 49 sec)
Heartbeat CPU 0 instructions: 53000242 cycles: 69457819 heartbeat IPC: 0.1243 cumulative IPC: 0.6423 (Simulation time: 00 hr 05 min 01 sec)
Heartbeat CPU 0 instructions: 53500249 cycles: 72575195 heartbeat IPC: 0.1604 cumulative IPC: 0.6208 (Simulation time: 00 hr 05 min 11 sec)
Heartbeat CPU 0 instructions: 54000249 cycles: 73952580 heartbeat IPC: 0.363 cumulative IPC: 0.6159 (Simulation time: 00 hr 05 min 16 sec)
Heartbeat CPU 0 instructions: 54500250 cycles: 75433295 heartbeat IPC: 0.3377 cumulative IPC: 0.6102 (Simulation time: 00 hr 05 min 21 sec)
Heartbeat CPU 0 instructions: 55000251 cycles: 76840952 heartbeat IPC: 0.3552 cumulative IPC: 0.6054 (Simulation time: 00 hr 05 min 27 sec)
Heartbeat CPU 0 instructions: 55500252 cycles: 78154264 heartbeat IPC: 0.3807 cumulative IPC: 0.6015 (Simulation time: 00 hr 05 min 32 sec)
Heartbeat CPU 0 instructions: 56000259 cycles: 78883818 heartbeat IPC: 0.6854 cumulative IPC: 0.6023 (Simulation time: 00 hr 05 min 34 sec)
Heartbeat CPU 0 instructions: 56500260 cycles: 80016753 heartbeat IPC: 0.4413 cumulative IPC: 0.5999 (Simulation time: 00 hr 05 min 39 sec)
Heartbeat CPU 0 instructions: 57000260 cycles: 81251574 heartbeat IPC: 0.4049 cumulative IPC: 0.5969 (Simulation time: 00 hr 05 min 43 sec)
Heartbeat CPU 0 instructions: 57500263 cycles: 82230761 heartbeat IPC: 0.5106 cumulative IPC: 0.5958 (Simulation time: 00 hr 05 min 47 sec)
Heartbeat CPU 0 instructions: 58000263 cycles: 83349105 heartbeat IPC: 0.4471 cumulative IPC: 0.5938 (Simulation time: 00 hr 05 min 50 sec)
Heartbeat CPU 0 instructions: 58500265 cycles: 84747913 heartbeat IPC: 0.3574 cumulative IPC: 0.5897 (Simulation time: 00 hr 05 min 55 sec)
Heartbeat CPU 0 instructions: 59000268 cycles: 85257479 heartbeat IPC: 0.9812 cumulative IPC: 0.5921 (Simulation time: 00 hr 05 min 57 sec)
Heartbeat CPU 0 instructions: 59500268 cycles: 86350661 heartbeat IPC: 0.4574 cumulative IPC: 0.5904 (Simulation time: 00 hr 06 min 01 sec)
Simulation finished CPU 0 instructions: 50000002 cycles: 84959755 cumulative IPC: 0.5885 (Simulation time: 00 hr 06 min 04 sec)
Simulation complete CPU 0 instructions: 50000002 cycles: 84959755 cumulative IPC: 0.5885 (Simulation time: 00 hr 06 min 04 sec)

ChampSim completed all CPUs

=== Simulation ===
CPU 0 runs traces/charlie_0004.champsim.gz

Region of Interest Statistics

CPU 0 cumulative IPC: 0.5885 instructions: 50000002 cycles: 84959755
CPU 0 Branch Prediction Accuracy: 91.31% MPKI: 17.06 Average ROB Occupancy at Mispredict: 35.76
Branch type MPKI
BRANCH_DIRECT_JUMP: 0.3662
BRANCH_INDIRECT: 0.473
BRANCH_CONDITIONAL: 14.93
BRANCH_DIRECT_CALL: 0.1817
BRANCH_INDIRECT_CALL: 0.615
BRANCH_RETURN: 0.498

cpu0->cpu0_STLB TOTAL        ACCESS:     229057 HIT:     171990 MISS:      57067 MSHR_MERGE:          0
cpu0->cpu0_STLB LOAD         ACCESS:     229057 HIT:     171990 MISS:      57067 MSHR_MERGE:          0
cpu0->cpu0_STLB RFO          ACCESS:          0 HIT:          0 MISS:          0 MSHR_MERGE:          0
cpu0->cpu0_STLB PREFETCH     ACCESS:          0 HIT:          0 MISS:          0 MSHR_MERGE:          0
cpu0->cpu0_STLB WRITE        ACCESS:          0 HIT:          0 MISS:          0 MSHR_MERGE:          0
cpu0->cpu0_STLB TRANSLATION  ACCESS:          0 HIT:          0 MISS:          0 MSHR_MERGE:          0
cpu0->cpu0_STLB PREFETCH REQUESTED:          0 ISSUED:          0 USEFUL:          0 USELESS:          0
cpu0->cpu0_STLB AVERAGE MISS LATENCY: 286.9 cycles
cpu0->cpu0_L2C TOTAL        ACCESS:    3427525 HIT:    2785027 MISS:     642498 MSHR_MERGE:     135097
cpu0->cpu0_L2C LOAD         ACCESS:     882261 HIT:     691633 MISS:     190628 MSHR_MERGE:       9743
cpu0->cpu0_L2C RFO          ACCESS:     204786 HIT:      16372 MISS:     188414 MSHR_MERGE:          4
cpu0->cpu0_L2C PREFETCH     ACCESS:    1994347 HIT:    1758767 MISS:     235580 MSHR_MERGE:     125350
cpu0->cpu0_L2C WRITE        ACCESS:     280578 HIT:     280573 MISS:          5 MSHR_MERGE:          0
cpu0->cpu0_L2C TRANSLATION  ACCESS:      65553 HIT:      37682 MISS:      27871 MSHR_MERGE:          0
cpu0->cpu0_L2C PREFETCH REQUESTED:    2101636 ISSUED:    1994351 USEFUL:      24871 USELESS:      10219
cpu0->cpu0_L2C AVERAGE MISS LATENCY: 463.2 cycles
cpu0->cpu0_L1I TOTAL        ACCESS:    3422255 HIT:    2823884 MISS:     598371 MSHR_MERGE:     152710
cpu0->cpu0_L1I LOAD         ACCESS:    3422255 HIT:    2823884 MISS:     598371 MSHR_MERGE:     152710
cpu0->cpu0_L1I RFO          ACCESS:          0 HIT:          0 MISS:          0 MSHR_MERGE:          0
cpu0->cpu0_L1I PREFETCH     ACCESS:          0 HIT:          0 MISS:          0 MSHR_MERGE:          0
cpu0->cpu0_L1I WRITE        ACCESS:          0 HIT:          0 MISS:          0 MSHR_MERGE:          0
cpu0->cpu0_L1I TRANSLATION  ACCESS:          0 HIT:          0 MISS:          0 MSHR_MERGE:          0
cpu0->cpu0_L1I PREFETCH REQUESTED:          0 ISSUED:          0 USEFUL:          0 USELESS:          0
cpu0->cpu0_L1I AVERAGE MISS LATENCY: 38.11 cycles
cpu0->cpu0_L1D TOTAL        ACCESS:   14083475 HIT:   12532849 MISS:    1550626 MSHR_MERGE:     843687
cpu0->cpu0_L1D LOAD         ACCESS:    8648230 HIT:    7992019 MISS:     656211 MSHR_MERGE:     219611
cpu0->cpu0_L1D RFO          ACCESS:          0 HIT:          0 MISS:          0 MSHR_MERGE:          0
cpu0->cpu0_L1D PREFETCH     ACCESS:          0 HIT:          0 MISS:          0 MSHR_MERGE:          0
cpu0->cpu0_L1D WRITE        ACCESS:    5276999 HIT:    4449427 MISS:     827572 MSHR_MERGE:     622786
cpu0->cpu0_L1D TRANSLATION  ACCESS:     158246 HIT:      91403 MISS:      66843 MSHR_MERGE:       1290
cpu0->cpu0_L1D PREFETCH REQUESTED:          0 ISSUED:          0 USEFUL:          0 USELESS:          0
cpu0->cpu0_L1D AVERAGE MISS LATENCY: 255.8 cycles
cpu0->cpu0_ITLB TOTAL        ACCESS:    2811286 HIT:    2739784 MISS:      71502 MSHR_MERGE:      34424
cpu0->cpu0_ITLB LOAD         ACCESS:    2811286 HIT:    2739784 MISS:      71502 MSHR_MERGE:      34424
cpu0->cpu0_ITLB RFO          ACCESS:          0 HIT:          0 MISS:          0 MSHR_MERGE:          0
cpu0->cpu0_ITLB PREFETCH     ACCESS:          0 HIT:          0 MISS:          0 MSHR_MERGE:          0
cpu0->cpu0_ITLB WRITE        ACCESS:          0 HIT:          0 MISS:          0 MSHR_MERGE:          0
cpu0->cpu0_ITLB TRANSLATION  ACCESS:          0 HIT:          0 MISS:          0 MSHR_MERGE:          0
cpu0->cpu0_ITLB PREFETCH REQUESTED:          0 ISSUED:          0 USEFUL:          0 USELESS:          0
cpu0->cpu0_ITLB AVERAGE MISS LATENCY: 27.06 cycles
cpu0->cpu0_DTLB TOTAL        ACCESS:   13344523 HIT:   13002289 MISS:     342234 MSHR_MERGE:     150255
cpu0->cpu0_DTLB LOAD         ACCESS:   13344523 HIT:   13002289 MISS:     342234 MSHR_MERGE:     150255
cpu0->cpu0_DTLB RFO          ACCESS:          0 HIT:          0 MISS:          0 MSHR_MERGE:          0
cpu0->cpu0_DTLB PREFETCH     ACCESS:          0 HIT:          0 MISS:          0 MSHR_MERGE:          0
cpu0->cpu0_DTLB WRITE        ACCESS:          0 HIT:          0 MISS:          0 MSHR_MERGE:          0
cpu0->cpu0_DTLB TRANSLATION  ACCESS:          0 HIT:          0 MISS:          0 MSHR_MERGE:          0
cpu0->cpu0_DTLB PREFETCH REQUESTED:          0 ISSUED:          0 USEFUL:          0 USELESS:          0
cpu0->cpu0_DTLB AVERAGE MISS LATENCY: 86.32 cycles
cpu0->LLC TOTAL        ACCESS:     739930 HIT:      62217 MISS:     677713 MSHR_MERGE:      54556
cpu0->LLC LOAD         ACCESS:     180885 HIT:      21066 MISS:     159819 MSHR_MERGE:       8297
cpu0->LLC RFO          ACCESS:     188410 HIT:       3111 MISS:     185299 MSHR_MERGE:          0
cpu0->LLC PREFETCH     ACCESS:     110210 HIT:       9782 MISS:     100428 MSHR_MERGE:      46259
cpu0->LLC WRITE        ACCESS:     232554 HIT:      26313 MISS:     206241 MSHR_MERGE:          0
cpu0->LLC TRANSLATION  ACCESS:      27871 HIT:       1945 MISS:      25926 MSHR_MERGE:          0
cpu0->LLC PREFETCH REQUESTED:          0 ISSUED:          0 USEFUL:          0 USELESS:          0
cpu0->LLC AVERAGE MISS LATENCY: 305.3 cycles

DRAM Statistics

Channel 0 RQ ROW_BUFFER_HIT:      10658
  ROW_BUFFER_MISS:     406255
  AVG DBUS CONGESTED CYCLE: 4.377
Channel 0 WQ ROW_BUFFER_HIT:      44249
  ROW_BUFFER_MISS:     175088
  FULL:          8
Channel 0 REFRESHES ISSUED:       7080
