[VMEM] WARNING: physical memory size is smaller than virtual memory size.

*** ChampSim Multicore Out-of-Order Simulator ***
Warmup Instructions: 10000000
Simulation Instructions: 50000000
Number of CPUs: 1
Page size: 4096
Core 0: traces/charlie_0002.champsim.gz
Off-chip DRAM Size: 64 GiB Channels: 1 Width: 64-bit Data Rate: 800 MT/s
[BTB] WARNING: target of return is a lower address than the corresponding call. This is usually a problem with your trace.
[BTB] WARNING: target of return is a lower address than the corresponding call. This is usually a problem with your trace.
[BTB] WARNING: target of return is a lower address than the corresponding call. This is usually a problem with your trace.
[BTB] WARNING: target of return is a lower address than the corresponding call. This is usually a problem with your trace.
[BTB] WARNING: target of return is a lower address than the corresponding call. This is usually a problem with your trace.
Heartbeat CPU 0 instructions: 500003 cycles: 264664 heartbeat IPC: 1.889 cumulative IPC: 1.889 (Simulation time: 00 hr 00 min 02 sec)
[BTB] WARNING: target of return is a lower address than the corresponding call. This is usually a problem with your trace.
Heartbeat CPU 0 instructions: 1000004 cycles: 477338 heartbeat IPC: 2.351 cumulative IPC: 2.095 (Simulation time: 00 hr 00 min 04 sec)
Heartbeat CPU 0 instructions: 1500010 cycles: 665121 heartbeat IPC: 2.663 cumulative IPC: 2.255 (Simulation time: 00 hr 00 min 06 sec)
[BTB] WARNING: target of return is a lower address than the corresponding call. This is usually a problem with your trace.
[BTB] WARNING: target of return is a lower address than the corresponding call. This is usually a problem with your trace.
Heartbeat CPU 0 instructions: 2000014 cycles: 844878 heartbeat IPC: 2.782 cumulative IPC: 2.367 (Simulation time: 00 hr 00 min 07 sec)
[BTB] WARNING: target of return is a lower address than the corresponding call. This is usually a problem with your trace.
[BTB] WARNING: target of return is a lower address than the corresponding call. This is usually a problem with your trace.
Heartbeat CPU 0 instructions: 2500019 cycles: 1029157 heartbeat IPC: 2.713 cumulative IPC: 2.429 (Simulation time: 00 hr 00 min 09 sec)
Heartbeat CPU 0 instructions: 3000025 cycles: 1183140 heartbeat IPC: 3.247 cumulative IPC: 2.536 (Simulation time: 00 hr 00 min 10 sec)
Heartbeat CPU 0 instructions: 3500031 cycles: 1330633 heartbeat IPC: 3.39 cumulative IPC: 2.63 (Simulation time: 00 hr 00 min 12 sec)
Heartbeat CPU 0 instructions: 4000037 cycles: 1469400 heartbeat IPC: 3.603 cumulative IPC: 2.722 (Simulation time: 00 hr 00 min 13 sec)
Heartbeat CPU 0 instructions: 4500042 cycles: 1623792 heartbeat IPC: 3.239 cumulative IPC: 2.771 (Simulation time: 00 hr 00 min 14 sec)
Heartbeat CPU 0 instructions: 5000047 cycles: 1770857 heartbeat IPC: 3.4 cumulative IPC: 2.824 (Simulation time: 00 hr 00 min 16 sec)
Heartbeat CPU 0 instructions: 5500050 cycles: 1941390 heartbeat IPC: 2.932 cumulative IPC: 2.833 (Simulation time: 00 hr 00 min 17 sec)
Heartbeat CPU 0 instructions: 6000052 cycles: 2107051 heartbeat IPC: 3.018 cumulative IPC: 2.848 (Simulation time: 00 hr 00 min 19 sec)
Heartbeat CPU 0 instructions: 6500057 cycles: 2284671 heartbeat IPC: 2.815 cumulative IPC: 2.845 (Simulation time: 00 hr 00 min 21 sec)
Heartbeat CPU 0 instructions: 7000058 cycles: 2434319 heartbeat IPC: 3.341 cumulative IPC: 2.876 (Simulation time: 00 hr 00 min 22 sec)
Heartbeat CPU 0 instructions: 7500058 cycles: 2588475 heartbeat IPC: 3.243 cumulative IPC: 2.897 (Simulation time: 00 hr 00 min 24 sec)
Heartbeat CPU 0 instructions: 8000062 cycles: 2739443 heartbeat IPC: 3.312 cumulative IPC: 2.92 (Simulation time: 00 hr 00 min 25 sec)
Heartbeat CPU 0 instructions: 8500063 cycles: 2840425 heartbeat IPC: 4.951 cumulative IPC: 2.993 (Simulation time: 00 hr 00 min 26 sec)
Heartbeat CPU 0 instructions: 9000069 cycles: 2940641 heartbeat IPC: 4.989 cumulative IPC: 3.061 (Simulation time: 00 hr 00 min 26 sec)
Heartbeat CPU 0 instructions: 9500076 cycles: 3040886 heartbeat IPC: 4.988 cumulative IPC: 3.124 (Simulation time: 00 hr 00 min 27 sec)
Warmup finished CPU 0 instructions: 10000000 cycles: 3163638 cumulative IPC: 3.161 (Simulation time: 00 hr 00 min 28 sec)
Warmup complete CPU 0 instructions: 10000000 cycles: 3163638 cumulative IPC: 3.161 (Simulation time: 00 hr 00 min 28 sec)
Heartbeat CPU 0 instructions: 10000077 cycles: 3166955 heartbeat IPC: 3.966 cumulative IPC: 0.02321 (Simulation time: 00 hr 00 min 28 sec)
Heartbeat CPU 0 instructions: 10500078 cycles: 5727663 heartbeat IPC: 0.1953 cumulative IPC: 0.195 (Simulation time: 00 hr 00 min 37 sec)
Heartbeat CPU 0 instructions: 11000079 cycles: 6846472 heartbeat IPC: 0.4469 cumulative IPC: 0.2716 (Simulation time: 00 hr 00 min 41 sec)
Heartbeat CPU 0 instructions: 11500086 cycles: 9171288 heartbeat IPC: 0.2151 cumulative IPC: 0.2497 (Simulation time: 00 hr 00 min 48 sec)
Heartbeat CPU 0 instructions: 12000088 cycles: 11067036 heartbeat IPC: 0.2637 cumulative IPC: 0.2531 (Simulation time: 00 hr 00 min 53 sec)
Heartbeat CPU 0 instructions: 12500088 cycles: 12166290 heartbeat IPC: 0.4549 cumulative IPC: 0.2777 (Simulation time: 00 hr 00 min 57 sec)
Heartbeat CPU 0 instructions: 13000089 cycles: 12844822 heartbeat IPC: 0.7369 cumulative IPC: 0.3099 (Simulation time: 00 hr 01 min 00 sec)
Heartbeat CPU 0 instructions: 13500089 cycles: 14905557 heartbeat IPC: 0.2426 cumulative IPC: 0.2981 (Simulation time: 00 hr 01 min 06 sec)
Heartbeat CPU 0 instructions: 14000089 cycles: 16928020 heartbeat IPC: 0.2472 cumulative IPC: 0.2906 (Simulation time: 00 hr 01 min 12 sec)
Heartbeat CPU 0 instructions: 14500091 cycles: 18214133 heartbeat IPC: 0.3888 cumulative IPC: 0.299 (Simulation time: 00 hr 01 min 17 sec)
Heartbeat CPU 0 instructions: 15000092 cycles: 18785370 heartbeat IPC: 0.8753 cumulative IPC: 0.3201 (Simulation time: 00 hr 01 min 19 sec)
Heartbeat CPU 0 instructions: 15500099 cycles: 19325692 heartbeat IPC: 0.9254 cumulative IPC: 0.3403 (Simulation time: 00 hr 01 min 21 sec)
Heartbeat CPU 0 instructions: 16000100 cycles: 19845615 heartbeat IPC: 0.9617 cumulative IPC: 0.3597 (Simulation time: 00 hr 01 min 23 sec)
Heartbeat CPU 0 instructions: 16500107 cycles: 20381087 heartbeat IPC: 0.9338 cumulative IPC: 0.3775 (Simulation time: 00 hr 01 min 25 sec)
Heartbeat CPU 0 instructions: 17000114 cycles: 20930385 heartbeat IPC: 0.9103 cumulative IPC: 0.394 (Simulation time: 00 hr 01 min 28 sec)
Heartbeat CPU 0 instructions: 17500115 cycles: 21505261 heartbeat IPC: 0.8698 cumulative IPC: 0.4089 (Simulation time: 00 hr 01 min 30 sec)
Heartbeat CPU 0 instructions: 18000115 cycles: 21969574 heartbeat IPC: 1.077 cumulative IPC: 0.4254 (Simulation time: 00 hr 01 min 32 sec)
Heartbeat CPU 0 instructions: 18500116 cycles: 22455067 heartbeat IPC: 1.03 cumulative IPC: 0.4406 (Simulation time: 00 hr 01 min 34 sec)
Heartbeat CPU 0 instructions: 19000122 cycles: 22964874 heartbeat IPC: 0.9808 cumulative IPC: 0.4545 (Simulation time: 00 hr 01 min 36 sec)
Heartbeat CPU 0 instructions: 19500127 cycles: 23498671 heartbeat IPC: 0.9367 cumulative IPC: 0.4672 (Simulation time: 00 hr 01 min 39 sec)
Heartbeat CPU 0 instructions: 20000131 cycles: 24015797 heartbeat IPC: 0.9669 cumulative IPC: 0.4796 (Simulation time: 00 hr 01 min 41 sec)
Heartbeat CPU 0 instructions: 20500131 cycles: 24590547 heartbeat IPC: 0.8699 cumulative IPC: 0.49 (Simulation time: 00 hr 01 min 43 sec)
Heartbeat CPU 0 instructions: 21000133 cycles: 25074391 heartbeat IPC: 1.033 cumulative IPC: 0.502 (Simulation time: 00 hr 01 min 45 sec)
Heartbeat CPU 0 instructions: 21500133 cycles: 25565757 heartbeat IPC: 1.018 cumulative IPC: 0.5134 (Simulation time: 00 hr 01 min 47 sec)
Heartbeat CPU 0 instructions: 22000133 cycles: 26097765 heartbeat IPC: 0.9398 cumulative IPC: 0.5232 (Simulation time: 00 hr 01 min 49 sec)
Heartbeat CPU 0 instructions: 22500138 cycles: 26600188 heartbeat IPC: 0.9952 cumulative IPC: 0.5334 (Simulation time: 00 hr 01 min 51 sec)
Heartbeat CPU 0 instructions: 23000138 cycles: 27107989 heartbeat IPC: 0.9846 cumulative IPC: 0.5429 (Simulation time: 00 hr 01 min 54 sec)
Heartbeat CPU 0 instructions: 23500138 cycles: 27620433 heartbeat IPC: 0.9757 cumulative IPC: 0.552 (Simulation time: 00 hr 01 min 56 sec)
Heartbeat CPU 0 instructions: 24000145 cycles: 28255276 heartbeat IPC: 0.7876 cumulative IPC: 0.558 (Simulation time: 00 hr 01 min 58 sec)
Heartbeat CPU 0 instructions: 24500147 cycles: 30242547 heartbeat IPC: 0.2516 cumulative IPC: 0.5355 (Simulation time: 00 hr 02 min 06 sec)
Heartbeat CPU 0 instructions: 25000150 cycles: 31129327 heartbeat IPC: 0.5638 cumulative IPC: 0.5364 (Simulation time: 00 hr 02 min 10 sec)
Heartbeat CPU 0 instructions: 25500156 cycles: 32075933 heartbeat IPC: 0.5282 cumulative IPC: 0.5361 (Simulation time: 00 hr 02 min 15 sec)
Heartbeat CPU 0 instructions: 26000158 cycles: 33089433 heartbeat IPC: 0.4933 cumulative IPC: 0.5347 (Simulation time: 00 hr 02 min 20 sec)
Heartbeat CPU 0 instructions: 26500158 cycles: 34575948 heartbeat IPC: 0.3364 cumulative IPC: 0.5253 (Simulation time: 00 hr 02 min 25 sec)
Heartbeat CPU 0 instructions: 27000158 cycles: 35750074 heartbeat IPC: 0.4258 cumulative IPC: 0.5217 (Simulation time: 00 hr 02 min 30 sec)
Heartbeat CPU 0 instructions: 27500164 cycles: 36618774 heartbeat IPC: 0.5756 cumulative IPC: 0.5231 (Simulation time: 00 hr 02 min 33 sec)
Heartbeat CPU 0 instructions: 28000170 cycles: 38081062 heartbeat IPC: 0.3419 cumulative IPC: 0.5155 (Simulation time: 00 hr 02 min 38 sec)
Heartbeat CPU 0 instructions: 28500171 cycles: 39959401 heartbeat IPC: 0.2662 cumulative IPC: 0.5028 (Simulation time: 00 hr 02 min 44 sec)
Heartbeat CPU 0 instructions: 29000178 cycles: 40563360 heartbeat IPC: 0.8279 cumulative IPC: 0.508 (Simulation time: 00 hr 02 min 46 sec)
Heartbeat CPU 0 instructions: 29500178 cycles: 41135129 heartbeat IPC: 0.8745 cumulative IPC: 0.5135 (Simulation time: 00 hr 02 min 49 sec)
Heartbeat CPU 0 instructions: 30000178 cycles: 41828189 heartbeat IPC: 0.7214 cumulative IPC: 0.5173 (Simulation time: 00 hr 02 min 52 sec)
Heartbeat CPU 0 instructions: 30500180 cycles: 43248113 heartbeat IPC: 0.3521 cumulative IPC: 0.5114 (Simulation time: 00 hr 02 min 56 sec)
Heartbeat CPU 0 instructions: 31000183 cycles: 45124186 heartbeat IPC: 0.2665 cumulative IPC: 0.5005 (Simulation time: 00 hr 03 min 02 sec)
Heartbeat CPU 0 instructions: 31500183 cycles: 46770145 heartbeat IPC: 0.3038 cumulative IPC: 0.493 (Simulation time: 00 hr 03 min 08 sec)
Heartbeat CPU 0 instructions: 32000190 cycles: 48232658 heartbeat IPC: 0.3419 cumulative IPC: 0.4881 (Simulation time: 00 hr 03 min 13 sec)
Heartbeat CPU 0 instructions: 32500195 cycles: 48536368 heartbeat IPC: 1.646 cumulative IPC: 0.4959 (Simulation time: 00 hr 03 min 15 sec)
Heartbeat CPU 0 instructions: 33000200 cycles: 48860180 heartbeat IPC: 1.544 cumulative IPC: 0.5033 (Simulation time: 00 hr 03 min 17 sec)
Heartbeat CPU 0 instructions: 33500205 cycles: 49447820 heartbeat IPC: 0.8509 cumulative IPC: 0.5077 (Simulation time: 00 hr 03 min 20 sec)
Heartbeat CPU 0 instructions: 34000210 cycles: 51104214 heartbeat IPC: 0.3019 cumulative IPC: 0.5006 (Simulation time: 00 hr 03 min 26 sec)
Heartbeat CPU 0 instructions: 34500217 cycles: 52881711 heartbeat IPC: 0.2813 cumulative IPC: 0.4928 (Simulation time: 00 hr 03 min 31 sec)
Heartbeat CPU 0 instructions: 35000217 cycles: 55600350 heartbeat IPC: 0.1839 cumulative IPC: 0.4768 (Simulation time: 00 hr 03 min 40 sec)
Heartbeat CPU 0 instructions: 35500223 cycles: 57825066 heartbeat IPC: 0.2248 cumulative IPC: 0.4665 (Simulation time: 00 hr 03 min 46 sec)
Heartbeat CPU 0 instructions: 36000224 cycles: 59281857 heartbeat IPC: 0.3432 cumulative IPC: 0.4633 (Simulation time: 00 hr 03 min 51 sec)
Heartbeat CPU 0 instructions: 36500229 cycles: 61003528 heartbeat IPC: 0.2904 cumulative IPC: 0.4582 (Simulation time: 00 hr 03 min 56 sec)
Heartbeat CPU 0 instructions: 37000231 cycles: 61653044 heartbeat IPC: 0.7698 cumulative IPC: 0.4616 (Simulation time: 00 hr 03 min 59 sec)
Heartbeat CPU 0 instructions: 37500232 cycles: 62194769 heartbeat IPC: 0.923 cumulative IPC: 0.4659 (Simulation time: 00 hr 04 min 01 sec)
Heartbeat CPU 0 instructions: 38000234 cycles: 62703713 heartbeat IPC: 0.9824 cumulative IPC: 0.4703 (Simulation time: 00 hr 04 min 03 sec)
Heartbeat CPU 0 instructions: 38500237 cycles: 63181843 heartbeat IPC: 1.046 cumulative IPC: 0.4749 (Simulation time: 00 hr 04 min 05 sec)
Heartbeat CPU 0 instructions: 39000237 cycles: 63706778 heartbeat IPC: 0.9525 cumulative IPC: 0.479 (Simulation time: 00 hr 04 min 07 sec)
Heartbeat CPU 0 instructions: 39500239 cycles: 64221298 heartbeat IPC: 0.9718 cumulative IPC: 0.4832 (Simulation time: 00 hr 04 min 09 sec)
Heartbeat CPU 0 instructions: 40000245 cycles: 64731608 heartbeat IPC: 0.9798 cumulative IPC: 0.4873 (Simulation time: 00 hr 04 min 12 sec)
Heartbeat CPU 0 instructions: 40500249 cycles: 65282435 heartbeat IPC: 0.9077 cumulative IPC: 0.491 (Simulation time: 00 hr 04 min 14 sec)
Heartbeat CPU 0 instructions: 41000251 cycles: 65736172 heartbeat IPC: 1.102 cumulative IPC: 0.4954 (Simulation time: 00 hr 04 min 16 sec)
Heartbeat CPU 0 instructions: 41500253 cycles: 66831062 heartbeat IPC: 0.4567 cumulative IPC: 0.4948 (Simulation time: 00 hr 04 min 20 sec)
Heartbeat CPU 0 instructions: 42000255 cycles: 67768500 heartbeat IPC: 0.5334 cumulative IPC: 0.4953 (Simulation time: 00 hr 04 min 25 sec)
Heartbeat CPU 0 instructions: 42500258 cycles: 68526707 heartbeat IPC: 0.6595 cumulative IPC: 0.4972 (Simulation time: 00 hr 04 min 29 sec)
Heartbeat CPU 0 instructions: 43000258 cycles: 69422761 heartbeat IPC: 0.558 cumulative IPC: 0.498 (Simulation time: 00 hr 04 min 33 sec)
Heartbeat CPU 0 instructions: 43500263 cycles: 70231669 heartbeat IPC: 0.6181 cumulative IPC: 0.4995 (Simulation time: 00 hr 04 min 37 sec)
Heartbeat CPU 0 instructions: 44000264 cycles: 71231959 heartbeat IPC: 0.4999 cumulative IPC: 0.4995 (Simulation time: 00 hr 04 min 43 sec)
Heartbeat CPU 0 instructions: 44500265 cycles: 72041733 heartbeat IPC: 0.6175 cumulative IPC: 0.5009 (Simulation time: 00 hr 04 min 47 sec)
Heartbeat CPU 0 instructions: 45000265 cycles: 72926620 heartbeat IPC: 0.565 cumulative IPC: 0.5017 (Simulation time: 00 hr 04 min 52 sec)
Heartbeat CPU 0 instructions: 45500268 cycles: 73841945 heartbeat IPC: 0.5463 cumulative IPC: 0.5023 (Simulation time: 00 hr 04 min 56 sec)
Heartbeat CPU 0 instructions: 46000269 cycles: 74631369 heartbeat IPC: 0.6334 cumulative IPC: 0.5037 (Simulation time: 00 hr 05 min 00 sec)
Heartbeat CPU 0 instructions: 46500272 cycles: 75528466 heartbeat IPC: 0.5574 cumulative IPC: 0.5044 (Simulation time: 00 hr 05 min 05 sec)
Heartbeat CPU 0 instructions: 47000273 cycles: 76481172 heartbeat IPC: 0.5248 cumulative IPC: 0.5047 (Simulation time: 00 hr 05 min 11 sec)
Heartbeat CPU 0 instructions: 47500280 cycles: 77341733 heartbeat IPC: 0.581 cumulative IPC: 0.5055 (Simulation time: 00 hr 05 min 16 sec)
Heartbeat CPU 0 instructions: 48000282 cycles: 79897957 heartbeat IPC: 0.1956 cumulative IPC: 0.4952 (Simulation time: 00 hr 05 min 25 sec)
Heartbeat CPU 0 instructions: 48500282 cycles: 82270352 heartbeat IPC: 0.2108 cumulative IPC: 0.4867 (Simulation time: 00 hr 05 min 34 sec)
Heartbeat CPU 0 instructions: 49000282 cycles: 84872014 heartbeat IPC: 0.1922 cumulative IPC: 0.4773 (Simulation time: 00 hr 05 min 42 sec)
Heartbeat CPU 0 instructions: 49500282 cycles: 85910014 heartbeat IPC: 0.4817 cumulative IPC: 0.4774 (Simulation time: 00 hr 05 min 46 sec)
Heartbeat CPU 0 instructions: 50000284 cycles: 86471697 heartbeat IPC: 0.8902 cumulative IPC: 0.4801 (Simulation time: 00 hr 05 min 49 sec)
Heartbeat CPU 0 instructions: 50500284 cycles: 87056310 heartbeat IPC: 0.8553 cumulative IPC: 0.4828 (Simulation time: 00 hr 05 min 52 sec)
Heartbeat CPU 0 instructions: 51000289 cycles: 87722774 heartbeat IPC: 0.7502 cumulative IPC: 0.4849 (Simulation time: 00 hr 05 min 55 sec)
Heartbeat CPU 0 instructions: 51500289 cycles: 88110917 heartbeat IPC: 1.288 cumulative IPC: 0.4885 (Simulation time: 00 hr 05 min 57 sec)
Heartbeat CPU 0 instructions: 52000289 cycles: 88476220 heartbeat IPC: 1.369 cumulative IPC: 0.4923 (Simulation time: 00 hr 05 min 59 sec)
Heartbeat CPU 0 instructions: 52500293 cycles: 88827233 heartbeat IPC: 1.424 cumulative IPC: 0.4961 (Simulation time: 00 hr 06 min 01 sec)
Heartbeat CPU 0 instructions: 53000294 cycles: 89276482 heartbeat IPC: 1.113 cumulative IPC: 0.4993 (Simulation time: 00 hr 06 min 03 sec)
Heartbeat CPU 0 instructions: 53500294 cycles: 89691911 heartbeat IPC: 1.204 cumulative IPC: 0.5027 (Simulation time: 00 hr 06 min 05 sec)
Heartbeat CPU 0 instructions: 54000298 cycles: 91553547 heartbeat IPC: 0.2686 cumulative IPC: 0.4978 (Simulation time: 00 hr 06 min 11 sec)
Heartbeat CPU 0 instructions: 54500302 cycles: 93704769 heartbeat IPC: 0.2324 cumulative IPC: 0.4915 (Simulation time: 00 hr 06 min 19 sec)
Heartbeat CPU 0 instructions: 55000303 cycles: 94930219 heartbeat IPC: 0.408 cumulative IPC: 0.4904 (Simulation time: 00 hr 06 min 23 sec)
Heartbeat CPU 0 instructions: 55500310 cycles: 97324320 heartbeat IPC: 0.2088 cumulative IPC: 0.4832 (Simulation time: 00 hr 06 min 31 sec)
Heartbeat CPU 0 instructions: 56000310 cycles: 98370298 heartbeat IPC: 0.478 cumulative IPC: 0.4832 (Simulation time: 00 hr 06 min 35 sec)
Heartbeat CPU 0 instructions: 56500310 cycles: 100443865 heartbeat IPC: 0.2411 cumulative IPC: 0.478 (Simulation time: 00 hr 06 min 42 sec)
Heartbeat CPU 0 instructions: 57000310 cycles: 102953007 heartbeat IPC: 0.1993 cumulative IPC: 0.471 (Simulation time: 00 hr 06 min 51 sec)
Heartbeat CPU 0 instructions: 57500313 cycles: 104057889 heartbeat IPC: 0.4525 cumulative IPC: 0.4708 (Simulation time: 00 hr 06 min 55 sec)
Heartbeat CPU 0 instructions: 58000313 cycles: 105614678 heartbeat IPC: 0.3212 cumulative IPC: 0.4685 (Simulation time: 00 hr 07 min 00 sec)
Heartbeat CPU 0 instructions: 58500316 cycles: 106586108 heartbeat IPC: 0.5147 cumulative IPC: 0.469 (Simulation time: 00 hr 07 min 04 sec)
Heartbeat CPU 0 instructions: 59000317 cycles: 107097546 heartbeat IPC: 0.9776 cumulative IPC: 0.4715 (Simulation time: 00 hr 07 min 06 sec)
Heartbeat CPU 0 instructions: 59500318 cycles: 107609526 heartbeat IPC: 0.9766 cumulative IPC: 0.4739 (Simulation time: 00 hr 07 min 08 sec)
Simulation finished CPU 0 instructions: 50000005 cycles: 106044157 cumulative IPC: 0.4715 (Simulation time: 00 hr 07 min 14 sec)
Simulation complete CPU 0 instructions: 50000005 cycles: 106044157 cumulative IPC: 0.4715 (Simulation time: 00 hr 07 min 14 sec)

ChampSim completed all CPUs

=== Simulation ===
CPU 0 runs traces/charlie_0002.champsim.gz

Region of Interest Statistics

CPU 0 cumulative IPC: 0.4715 instructions: 50000005 cycles: 106044157
CPU 0 Branch Prediction Accuracy: 90.7% MPKI: 17.39 Average ROB Occupancy at Mispredict: 34.93
Branch type MPKI
BRANCH_DIRECT_JUMP: 0.5393
BRANCH_INDIRECT: 0.5511
BRANCH_CONDITIONAL: 14.67
BRANCH_DIRECT_CALL: 0.5491
BRANCH_INDIRECT_CALL: 0.6154
BRANCH_RETURN: 0.4658

cpu0->cpu0_STLB TOTAL        ACCESS:     239224 HIT:     175201 MISS:      64023 MSHR_MERGE:          0
cpu0->cpu0_STLB LOAD         ACCESS:     239224 HIT:     175201 MISS:      64023 MSHR_MERGE:          0
cpu0->cpu0_STLB RFO          ACCESS:          0 HIT:          0 MISS:          0 MSHR_MERGE:          0
cpu0->cpu0_STLB PREFETCH     ACCESS:          0 HIT:          0 MISS:          0 MSHR_MERGE:          0
cpu0->cpu0_STLB WRITE        ACCESS:          0 HIT:          0 MISS:          0 MSHR_MERGE:          0
cpu0->cpu0_STLB TRANSLATION  ACCESS:          0 HIT:          0 MISS:          0 MSHR_MERGE:          0
cpu0->cpu0_STLB PREFETCH REQUESTED:          0 ISSUED:          0 USEFUL:          0 USELESS:          0
cpu0->cpu0_STLB AVERAGE MISS LATENCY: 303.9 cycles
cpu0->cpu0_L2C TOTAL        ACCESS:    2414291 HIT:    1570239 MISS:     844052 MSHR_MERGE:     201339
cpu0->cpu0_L2C LOAD         ACCESS:     717432 HIT:     439542 MISS:     277890 MSHR_MERGE:      14680
cpu0->cpu0_L2C RFO          ACCESS:     230433 HIT:      20788 MISS:     209645 MSHR_MERGE:         18
cpu0->cpu0_L2C PREFETCH     ACCESS:    1109744 HIT:     787111 MISS:     322633 MSHR_MERGE:     186641
cpu0->cpu0_L2C WRITE        ACCESS:     284651 HIT:     284650 MISS:          1 MSHR_MERGE:          0
cpu0->cpu0_L2C TRANSLATION  ACCESS:      72031 HIT:      38148 MISS:      33883 MSHR_MERGE:          0
cpu0->cpu0_L2C PREFETCH REQUESTED:    1152860 ISSUED:    1109744 USEFUL:      31172 USELESS:      11709
cpu0->cpu0_L2C AVERAGE MISS LATENCY: 502.6 cycles
cpu0->cpu0_L1I TOTAL        ACCESS:    3082626 HIT:    2717620 MISS:     365006 MSHR_MERGE:      83602
cpu0->cpu0_L1I LOAD         ACCESS:    3082626 HIT:    2717620 MISS:     365006 MSHR_MERGE:      83602
cpu0->cpu0_L1I RFO          ACCESS:          0 HIT:          0 MISS:          0 MSHR_MERGE:          0
cpu0->cpu0_L1I PREFETCH     ACCESS:          0 HIT:          0 MISS:          0 MSHR_MERGE:          0
cpu0->cpu0_L1I WRITE        ACCESS:          0 HIT:          0 MISS:          0 MSHR_MERGE:          0
cpu0->cpu0_L1I TRANSLATION  ACCESS:          0 HIT:          0 MISS:          0 MSHR_MERGE:          0
cpu0->cpu0_L1I PREFETCH REQUESTED:          0 ISSUED:          0 USEFUL:          0 USELESS:          0
cpu0->cpu0_L1I AVERAGE MISS LATENCY: 130.3 cycles
cpu0->cpu0_L1D TOTAL        ACCESS:   14215925 HIT:   12626633 MISS:    1589292 MSHR_MERGE:     850794
cpu0->cpu0_L1D LOAD         ACCESS:    8600357 HIT:    7943926 MISS:     656431 MSHR_MERGE:     220403
cpu0->cpu0_L1D RFO          ACCESS:          0 HIT:          0 MISS:          0 MSHR_MERGE:          0
cpu0->cpu0_L1D PREFETCH     ACCESS:          0 HIT:          0 MISS:          0 MSHR_MERGE:          0
cpu0->cpu0_L1D WRITE        ACCESS:    5437650 HIT:    4577731 MISS:     859919 MSHR_MERGE:     629480
cpu0->cpu0_L1D TRANSLATION  ACCESS:     177918 HIT:     104976 MISS:      72942 MSHR_MERGE:        911
cpu0->cpu0_L1D PREFETCH REQUESTED:          0 ISSUED:          0 USEFUL:          0 USELESS:          0
cpu0->cpu0_L1D AVERAGE MISS LATENCY: 316.8 cycles
cpu0->cpu0_ITLB TOTAL        ACCESS:    2552853 HIT:    2518556 MISS:      34297 MSHR_MERGE:      13975
cpu0->cpu0_ITLB LOAD         ACCESS:    2552853 HIT:    2518556 MISS:      34297 MSHR_MERGE:      13975
cpu0->cpu0_ITLB RFO          ACCESS:          0 HIT:          0 MISS:          0 MSHR_MERGE:          0
cpu0->cpu0_ITLB PREFETCH     ACCESS:          0 HIT:          0 MISS:          0 MSHR_MERGE:          0
cpu0->cpu0_ITLB WRITE        ACCESS:          0 HIT:          0 MISS:          0 MSHR_MERGE:          0
cpu0->cpu0_ITLB TRANSLATION  ACCESS:          0 HIT:          0 MISS:          0 MSHR_MERGE:          0
cpu0->cpu0_ITLB PREFETCH REQUESTED:          0 ISSUED:          0 USEFUL:          0 USELESS:          0
cpu0->cpu0_ITLB AVERAGE MISS LATENCY: 78.21 cycles
cpu0->cpu0_DTLB TOTAL        ACCESS:   13432798 HIT:   13052433 MISS:     380365 MSHR_MERGE:     161463
cpu0->cpu0_DTLB LOAD         ACCESS:   13432798 HIT:   13052433 MISS:     380365 MSHR_MERGE:     161463
cpu0->cpu0_DTLB RFO          ACCESS:          0 HIT:          0 MISS:          0 MSHR_MERGE:          0
cpu0->cpu0_DTLB PREFETCH     ACCESS:          0 HIT:          0 MISS:          0 MSHR_MERGE:          0
cpu0->cpu0_DTLB WRITE        ACCESS:          0 HIT:          0 MISS:          0 MSHR_MERGE:          0
cpu0->cpu0_DTLB TRANSLATION  ACCESS:          0 HIT:          0 MISS:          0 MSHR_MERGE:          0
cpu0->cpu0_DTLB PREFETCH REQUESTED:          0 ISSUED:          0 USEFUL:          0 USELESS:          0
cpu0->cpu0_DTLB AVERAGE MISS LATENCY: 87.39 cycles
cpu0->LLC TOTAL        ACCESS:     876868 HIT:      61162 MISS:     815706 MSHR_MERGE:      66728
cpu0->LLC LOAD         ACCESS:     263210 HIT:      13829 MISS:     249381 MSHR_MERGE:       9854
cpu0->LLC RFO          ACCESS:     209627 HIT:        995 MISS:     208632 MSHR_MERGE:          0
cpu0->LLC PREFETCH     ACCESS:     135992 HIT:      11997 MISS:     123995 MSHR_MERGE:      56874
cpu0->LLC WRITE        ACCESS:     234156 HIT:      32947 MISS:     201209 MSHR_MERGE:          0
cpu0->LLC TRANSLATION  ACCESS:      33883 HIT:       1394 MISS:      32489 MSHR_MERGE:          0
cpu0->LLC PREFETCH REQUESTED:          0 ISSUED:          0 USEFUL:          0 USELESS:          0
cpu0->LLC AVERAGE MISS LATENCY: 347.6 cycles

DRAM Statistics

Channel 0 RQ ROW_BUFFER_HIT:      13734
  ROW_BUFFER_MISS:     534032
  AVG DBUS CONGESTED CYCLE: 4.315
Channel 0 WQ ROW_BUFFER_HIT:      44287
  ROW_BUFFER_MISS:     208441
  FULL:         15
Channel 0 REFRESHES ISSUED:       8837
