[VMEM] WARNING: physical memory size is smaller than virtual memory size.

*** ChampSim Multicore Out-of-Order Simulator ***
Warmup Instructions: 10000000
Simulation Instructions: 50000000
Number of CPUs: 1
Page size: 4096
Core 0: traces/bc-12.trace.gz
 L1D Berti prefetcher
Off-chip DRAM Size: 64 GiB Channels: 1 Width: 64-bit Data Rate: 4807 MT/s
Heartbeat CPU 0 instructions: 500001 cycles: 508440 heartbeat IPC: 0.9834 cumulative IPC: 0.9834 (Simulation time: 00 hr 00 min 02 sec)
Heartbeat CPU 0 instructions: 1000001 cycles: 1014654 heartbeat IPC: 0.9877 cumulative IPC: 0.9856 (Simulation time: 00 hr 00 min 05 sec)
Heartbeat CPU 0 instructions: 1500001 cycles: 1520637 heartbeat IPC: 0.9882 cumulative IPC: 0.9864 (Simulation time: 00 hr 00 min 07 sec)
Heartbeat CPU 0 instructions: 2000006 cycles: 1873862 heartbeat IPC: 1.416 cumulative IPC: 1.067 (Simulation time: 00 hr 00 min 09 sec)
Heartbeat CPU 0 instructions: 2500012 cycles: 1986502 heartbeat IPC: 4.439 cumulative IPC: 1.258 (Simulation time: 00 hr 00 min 10 sec)
Heartbeat CPU 0 instructions: 3000013 cycles: 2089937 heartbeat IPC: 4.834 cumulative IPC: 1.435 (Simulation time: 00 hr 00 min 11 sec)
Heartbeat CPU 0 instructions: 3500019 cycles: 2203708 heartbeat IPC: 4.395 cumulative IPC: 1.588 (Simulation time: 00 hr 00 min 13 sec)
Heartbeat CPU 0 instructions: 4000019 cycles: 2307959 heartbeat IPC: 4.796 cumulative IPC: 1.733 (Simulation time: 00 hr 00 min 14 sec)
Heartbeat CPU 0 instructions: 4500020 cycles: 2419452 heartbeat IPC: 4.485 cumulative IPC: 1.86 (Simulation time: 00 hr 00 min 15 sec)
Heartbeat CPU 0 instructions: 5000027 cycles: 2523907 heartbeat IPC: 4.787 cumulative IPC: 1.981 (Simulation time: 00 hr 00 min 17 sec)
Heartbeat CPU 0 instructions: 5500033 cycles: 2634370 heartbeat IPC: 4.526 cumulative IPC: 2.088 (Simulation time: 00 hr 00 min 18 sec)
Heartbeat CPU 0 instructions: 6000038 cycles: 2741439 heartbeat IPC: 4.67 cumulative IPC: 2.189 (Simulation time: 00 hr 00 min 19 sec)
Heartbeat CPU 0 instructions: 6500039 cycles: 2853191 heartbeat IPC: 4.474 cumulative IPC: 2.278 (Simulation time: 00 hr 00 min 21 sec)
Heartbeat CPU 0 instructions: 7000043 cycles: 2959988 heartbeat IPC: 4.682 cumulative IPC: 2.365 (Simulation time: 00 hr 00 min 22 sec)
Heartbeat CPU 0 instructions: 7500050 cycles: 3066714 heartbeat IPC: 4.685 cumulative IPC: 2.446 (Simulation time: 00 hr 00 min 24 sec)
Heartbeat CPU 0 instructions: 8000051 cycles: 3177947 heartbeat IPC: 4.495 cumulative IPC: 2.517 (Simulation time: 00 hr 00 min 25 sec)
Heartbeat CPU 0 instructions: 8500053 cycles: 3283713 heartbeat IPC: 4.727 cumulative IPC: 2.589 (Simulation time: 00 hr 00 min 26 sec)
Heartbeat CPU 0 instructions: 9000055 cycles: 3391208 heartbeat IPC: 4.651 cumulative IPC: 2.654 (Simulation time: 00 hr 00 min 28 sec)
Heartbeat CPU 0 instructions: 9500056 cycles: 3501991 heartbeat IPC: 4.513 cumulative IPC: 2.713 (Simulation time: 00 hr 00 min 29 sec)
Warmup finished CPU 0 instructions: 10000007 cycles: 3607474 cumulative IPC: 2.772 (Simulation time: 00 hr 00 min 30 sec)
Warmup complete CPU 0 instructions: 10000007 cycles: 3607474 cumulative IPC: 2.772 (Simulation time: 00 hr 00 min 30 sec)
Heartbeat CPU 0 instructions: 10000062 cycles: 3607512 heartbeat IPC: 4.738 cumulative IPC: 1.447 (Simulation time: 00 hr 00 min 30 sec)
Heartbeat CPU 0 instructions: 10500062 cycles: 5880203 heartbeat IPC: 0.22 cumulative IPC: 0.22 (Simulation time: 00 hr 00 min 40 sec)
Heartbeat CPU 0 instructions: 11000069 cycles: 8107965 heartbeat IPC: 0.2244 cumulative IPC: 0.2222 (Simulation time: 00 hr 00 min 50 sec)
Heartbeat CPU 0 instructions: 11500073 cycles: 10250617 heartbeat IPC: 0.2334 cumulative IPC: 0.2258 (Simulation time: 00 hr 00 min 59 sec)
Heartbeat CPU 0 instructions: 12000075 cycles: 12368761 heartbeat IPC: 0.2361 cumulative IPC: 0.2283 (Simulation time: 00 hr 01 min 08 sec)
Heartbeat CPU 0 instructions: 12500075 cycles: 14470508 heartbeat IPC: 0.2379 cumulative IPC: 0.2301 (Simulation time: 00 hr 01 min 16 sec)
Heartbeat CPU 0 instructions: 13000078 cycles: 16649876 heartbeat IPC: 0.2294 cumulative IPC: 0.23 (Simulation time: 00 hr 01 min 26 sec)
Heartbeat CPU 0 instructions: 13500081 cycles: 18828809 heartbeat IPC: 0.2295 cumulative IPC: 0.2299 (Simulation time: 00 hr 01 min 35 sec)
Heartbeat CPU 0 instructions: 14000082 cycles: 21014884 heartbeat IPC: 0.2287 cumulative IPC: 0.2298 (Simulation time: 00 hr 01 min 44 sec)
Heartbeat CPU 0 instructions: 14500085 cycles: 23290494 heartbeat IPC: 0.2197 cumulative IPC: 0.2286 (Simulation time: 00 hr 01 min 53 sec)
Heartbeat CPU 0 instructions: 15000085 cycles: 25546667 heartbeat IPC: 0.2216 cumulative IPC: 0.2279 (Simulation time: 00 hr 02 min 03 sec)
Heartbeat CPU 0 instructions: 15500090 cycles: 27803717 heartbeat IPC: 0.2215 cumulative IPC: 0.2273 (Simulation time: 00 hr 02 min 12 sec)
Heartbeat CPU 0 instructions: 16000091 cycles: 30183766 heartbeat IPC: 0.2101 cumulative IPC: 0.2258 (Simulation time: 00 hr 02 min 22 sec)
Heartbeat CPU 0 instructions: 16500092 cycles: 32307502 heartbeat IPC: 0.2354 cumulative IPC: 0.2265 (Simulation time: 00 hr 02 min 30 sec)
Heartbeat CPU 0 instructions: 17000092 cycles: 34655355 heartbeat IPC: 0.213 cumulative IPC: 0.2255 (Simulation time: 00 hr 02 min 40 sec)
Heartbeat CPU 0 instructions: 17500093 cycles: 37009348 heartbeat IPC: 0.2124 cumulative IPC: 0.2245 (Simulation time: 00 hr 02 min 50 sec)
Heartbeat CPU 0 instructions: 18000093 cycles: 39182475 heartbeat IPC: 0.2301 cumulative IPC: 0.2249 (Simulation time: 00 hr 02 min 59 sec)
Heartbeat CPU 0 instructions: 18500099 cycles: 41412188 heartbeat IPC: 0.2242 cumulative IPC: 0.2248 (Simulation time: 00 hr 03 min 08 sec)
Heartbeat CPU 0 instructions: 19000099 cycles: 43854929 heartbeat IPC: 0.2047 cumulative IPC: 0.2236 (Simulation time: 00 hr 03 min 19 sec)
Heartbeat CPU 0 instructions: 19500099 cycles: 46066502 heartbeat IPC: 0.2261 cumulative IPC: 0.2237 (Simulation time: 00 hr 03 min 28 sec)
Heartbeat CPU 0 instructions: 20000100 cycles: 48269308 heartbeat IPC: 0.227 cumulative IPC: 0.2239 (Simulation time: 00 hr 03 min 37 sec)
Heartbeat CPU 0 instructions: 20500101 cycles: 50449546 heartbeat IPC: 0.2293 cumulative IPC: 0.2242 (Simulation time: 00 hr 03 min 46 sec)
Heartbeat CPU 0 instructions: 21000105 cycles: 52670609 heartbeat IPC: 0.2251 cumulative IPC: 0.2242 (Simulation time: 00 hr 03 min 55 sec)
Heartbeat CPU 0 instructions: 21500110 cycles: 55007658 heartbeat IPC: 0.2139 cumulative IPC: 0.2237 (Simulation time: 00 hr 04 min 04 sec)
Heartbeat CPU 0 instructions: 22000116 cycles: 57270867 heartbeat IPC: 0.2209 cumulative IPC: 0.2236 (Simulation time: 00 hr 04 min 13 sec)
Heartbeat CPU 0 instructions: 22500123 cycles: 59547690 heartbeat IPC: 0.2196 cumulative IPC: 0.2235 (Simulation time: 00 hr 04 min 23 sec)
Heartbeat CPU 0 instructions: 23000123 cycles: 61778462 heartbeat IPC: 0.2241 cumulative IPC: 0.2235 (Simulation time: 00 hr 04 min 32 sec)
Heartbeat CPU 0 instructions: 23500130 cycles: 63992571 heartbeat IPC: 0.2258 cumulative IPC: 0.2236 (Simulation time: 00 hr 04 min 41 sec)
Heartbeat CPU 0 instructions: 24000133 cycles: 66270403 heartbeat IPC: 0.2195 cumulative IPC: 0.2234 (Simulation time: 00 hr 04 min 51 sec)
Heartbeat CPU 0 instructions: 24500136 cycles: 68487269 heartbeat IPC: 0.2255 cumulative IPC: 0.2235 (Simulation time: 00 hr 05 min 00 sec)
Heartbeat CPU 0 instructions: 25000136 cycles: 70815413 heartbeat IPC: 0.2148 cumulative IPC: 0.2232 (Simulation time: 00 hr 05 min 09 sec)
Heartbeat CPU 0 instructions: 25500136 cycles: 73090348 heartbeat IPC: 0.2198 cumulative IPC: 0.2231 (Simulation time: 00 hr 05 min 19 sec)
Heartbeat CPU 0 instructions: 26000136 cycles: 75602725 heartbeat IPC: 0.199 cumulative IPC: 0.2222 (Simulation time: 00 hr 05 min 30 sec)
Heartbeat CPU 0 instructions: 26500136 cycles: 77966094 heartbeat IPC: 0.2116 cumulative IPC: 0.2219 (Simulation time: 00 hr 05 min 39 sec)
Heartbeat CPU 0 instructions: 27000136 cycles: 80304991 heartbeat IPC: 0.2138 cumulative IPC: 0.2217 (Simulation time: 00 hr 05 min 49 sec)
Heartbeat CPU 0 instructions: 27500136 cycles: 82579673 heartbeat IPC: 0.2198 cumulative IPC: 0.2216 (Simulation time: 00 hr 05 min 58 sec)
Heartbeat CPU 0 instructions: 28000136 cycles: 84862243 heartbeat IPC: 0.2191 cumulative IPC: 0.2215 (Simulation time: 00 hr 06 min 07 sec)
Heartbeat CPU 0 instructions: 28500136 cycles: 87104466 heartbeat IPC: 0.223 cumulative IPC: 0.2216 (Simulation time: 00 hr 06 min 16 sec)
Heartbeat CPU 0 instructions: 29000139 cycles: 89328725 heartbeat IPC: 0.2248 cumulative IPC: 0.2217 (Simulation time: 00 hr 06 min 25 sec)
Heartbeat CPU 0 instructions: 29500139 cycles: 91598288 heartbeat IPC: 0.2203 cumulative IPC: 0.2216 (Simulation time: 00 hr 06 min 34 sec)
Heartbeat CPU 0 instructions: 30000144 cycles: 93799421 heartbeat IPC: 0.2272 cumulative IPC: 0.2218 (Simulation time: 00 hr 06 min 43 sec)
Heartbeat CPU 0 instructions: 30500149 cycles: 96023251 heartbeat IPC: 0.2248 cumulative IPC: 0.2218 (Simulation time: 00 hr 06 min 52 sec)
Heartbeat CPU 0 instructions: 31000149 cycles: 98371854 heartbeat IPC: 0.2129 cumulative IPC: 0.2216 (Simulation time: 00 hr 07 min 01 sec)
Heartbeat CPU 0 instructions: 31500154 cycles: 100621722 heartbeat IPC: 0.2222 cumulative IPC: 0.2216 (Simulation time: 00 hr 07 min 10 sec)
Heartbeat CPU 0 instructions: 32000157 cycles: 102920990 heartbeat IPC: 0.2175 cumulative IPC: 0.2215 (Simulation time: 00 hr 07 min 19 sec)
Heartbeat CPU 0 instructions: 32500157 cycles: 105255894 heartbeat IPC: 0.2141 cumulative IPC: 0.2214 (Simulation time: 00 hr 07 min 29 sec)
Heartbeat CPU 0 instructions: 33000160 cycles: 107686392 heartbeat IPC: 0.2057 cumulative IPC: 0.221 (Simulation time: 00 hr 07 min 39 sec)
Heartbeat CPU 0 instructions: 33500165 cycles: 109973808 heartbeat IPC: 0.2186 cumulative IPC: 0.2209 (Simulation time: 00 hr 07 min 48 sec)
Heartbeat CPU 0 instructions: 34000165 cycles: 112334864 heartbeat IPC: 0.2118 cumulative IPC: 0.2207 (Simulation time: 00 hr 07 min 57 sec)
Heartbeat CPU 0 instructions: 34500172 cycles: 114695062 heartbeat IPC: 0.2118 cumulative IPC: 0.2205 (Simulation time: 00 hr 08 min 07 sec)
Heartbeat CPU 0 instructions: 35000172 cycles: 116990049 heartbeat IPC: 0.2179 cumulative IPC: 0.2205 (Simulation time: 00 hr 08 min 16 sec)
Heartbeat CPU 0 instructions: 35500173 cycles: 119304029 heartbeat IPC: 0.2161 cumulative IPC: 0.2204 (Simulation time: 00 hr 08 min 25 sec)
Heartbeat CPU 0 instructions: 36000175 cycles: 121668007 heartbeat IPC: 0.2115 cumulative IPC: 0.2202 (Simulation time: 00 hr 08 min 35 sec)
Heartbeat CPU 0 instructions: 36500181 cycles: 123940846 heartbeat IPC: 0.22 cumulative IPC: 0.2202 (Simulation time: 00 hr 08 min 44 sec)
Heartbeat CPU 0 instructions: 37000182 cycles: 126143048 heartbeat IPC: 0.227 cumulative IPC: 0.2203 (Simulation time: 00 hr 08 min 53 sec)
Heartbeat CPU 0 instructions: 37500188 cycles: 128452449 heartbeat IPC: 0.2165 cumulative IPC: 0.2203 (Simulation time: 00 hr 09 min 02 sec)
Heartbeat CPU 0 instructions: 38000188 cycles: 130856415 heartbeat IPC: 0.208 cumulative IPC: 0.22 (Simulation time: 00 hr 09 min 12 sec)
Heartbeat CPU 0 instructions: 38500190 cycles: 133308740 heartbeat IPC: 0.2039 cumulative IPC: 0.2197 (Simulation time: 00 hr 09 min 22 sec)
Heartbeat CPU 0 instructions: 39000194 cycles: 135639391 heartbeat IPC: 0.2145 cumulative IPC: 0.2196 (Simulation time: 00 hr 09 min 31 sec)
Heartbeat CPU 0 instructions: 39500197 cycles: 137927703 heartbeat IPC: 0.2185 cumulative IPC: 0.2196 (Simulation time: 00 hr 09 min 40 sec)
Heartbeat CPU 0 instructions: 40000199 cycles: 140100623 heartbeat IPC: 0.2301 cumulative IPC: 0.2198 (Simulation time: 00 hr 09 min 49 sec)
Heartbeat CPU 0 instructions: 40500199 cycles: 142381380 heartbeat IPC: 0.2192 cumulative IPC: 0.2198 (Simulation time: 00 hr 09 min 59 sec)
Heartbeat CPU 0 instructions: 41000206 cycles: 144795358 heartbeat IPC: 0.2071 cumulative IPC: 0.2196 (Simulation time: 00 hr 10 min 09 sec)
Heartbeat CPU 0 instructions: 41500209 cycles: 146910121 heartbeat IPC: 0.2364 cumulative IPC: 0.2198 (Simulation time: 00 hr 10 min 17 sec)
Heartbeat CPU 0 instructions: 42000211 cycles: 149142682 heartbeat IPC: 0.224 cumulative IPC: 0.2199 (Simulation time: 00 hr 10 min 27 sec)
Heartbeat CPU 0 instructions: 42500213 cycles: 151468687 heartbeat IPC: 0.215 cumulative IPC: 0.2198 (Simulation time: 00 hr 10 min 36 sec)
Heartbeat CPU 0 instructions: 43000213 cycles: 153856865 heartbeat IPC: 0.2094 cumulative IPC: 0.2196 (Simulation time: 00 hr 10 min 46 sec)
Heartbeat CPU 0 instructions: 43500215 cycles: 156208433 heartbeat IPC: 0.2126 cumulative IPC: 0.2195 (Simulation time: 00 hr 10 min 55 sec)
Heartbeat CPU 0 instructions: 44000216 cycles: 158509867 heartbeat IPC: 0.2173 cumulative IPC: 0.2195 (Simulation time: 00 hr 11 min 04 sec)
Heartbeat CPU 0 instructions: 44500217 cycles: 160900779 heartbeat IPC: 0.2091 cumulative IPC: 0.2193 (Simulation time: 00 hr 11 min 14 sec)
Heartbeat CPU 0 instructions: 45000220 cycles: 163222249 heartbeat IPC: 0.2154 cumulative IPC: 0.2193 (Simulation time: 00 hr 11 min 23 sec)
Heartbeat CPU 0 instructions: 45500226 cycles: 165504902 heartbeat IPC: 0.219 cumulative IPC: 0.2193 (Simulation time: 00 hr 11 min 32 sec)
Heartbeat CPU 0 instructions: 46000227 cycles: 167876354 heartbeat IPC: 0.2108 cumulative IPC: 0.2192 (Simulation time: 00 hr 11 min 41 sec)
Heartbeat CPU 0 instructions: 46500230 cycles: 170240459 heartbeat IPC: 0.2115 cumulative IPC: 0.219 (Simulation time: 00 hr 11 min 50 sec)
Heartbeat CPU 0 instructions: 47000237 cycles: 172297060 heartbeat IPC: 0.2431 cumulative IPC: 0.2193 (Simulation time: 00 hr 11 min 59 sec)
Heartbeat CPU 0 instructions: 47500243 cycles: 174667598 heartbeat IPC: 0.2109 cumulative IPC: 0.2192 (Simulation time: 00 hr 12 min 09 sec)
Heartbeat CPU 0 instructions: 48000244 cycles: 177018203 heartbeat IPC: 0.2127 cumulative IPC: 0.2191 (Simulation time: 00 hr 12 min 18 sec)
Heartbeat CPU 0 instructions: 48500244 cycles: 179422469 heartbeat IPC: 0.208 cumulative IPC: 0.219 (Simulation time: 00 hr 12 min 28 sec)
Heartbeat CPU 0 instructions: 49000250 cycles: 181848839 heartbeat IPC: 0.2061 cumulative IPC: 0.2188 (Simulation time: 00 hr 12 min 38 sec)
Heartbeat CPU 0 instructions: 49500250 cycles: 184204117 heartbeat IPC: 0.2123 cumulative IPC: 0.2187 (Simulation time: 00 hr 12 min 47 sec)
Heartbeat CPU 0 instructions: 50000257 cycles: 186613859 heartbeat IPC: 0.2075 cumulative IPC: 0.2186 (Simulation time: 00 hr 12 min 57 sec)
Heartbeat CPU 0 instructions: 50500257 cycles: 188971261 heartbeat IPC: 0.2121 cumulative IPC: 0.2185 (Simulation time: 00 hr 13 min 06 sec)
Heartbeat CPU 0 instructions: 51000257 cycles: 191072873 heartbeat IPC: 0.2379 cumulative IPC: 0.2187 (Simulation time: 00 hr 13 min 15 sec)
Heartbeat CPU 0 instructions: 51500259 cycles: 193426776 heartbeat IPC: 0.2124 cumulative IPC: 0.2186 (Simulation time: 00 hr 13 min 25 sec)
Heartbeat CPU 0 instructions: 52000259 cycles: 195800171 heartbeat IPC: 0.2107 cumulative IPC: 0.2185 (Simulation time: 00 hr 13 min 34 sec)
Heartbeat CPU 0 instructions: 52500260 cycles: 197883864 heartbeat IPC: 0.24 cumulative IPC: 0.2188 (Simulation time: 00 hr 13 min 42 sec)
Heartbeat CPU 0 instructions: 53000260 cycles: 200155680 heartbeat IPC: 0.2201 cumulative IPC: 0.2188 (Simulation time: 00 hr 13 min 51 sec)
Heartbeat CPU 0 instructions: 53500265 cycles: 202473988 heartbeat IPC: 0.2157 cumulative IPC: 0.2187 (Simulation time: 00 hr 14 min 00 sec)
Heartbeat CPU 0 instructions: 54000268 cycles: 204756846 heartbeat IPC: 0.219 cumulative IPC: 0.2187 (Simulation time: 00 hr 14 min 09 sec)
Heartbeat CPU 0 instructions: 54500268 cycles: 207035959 heartbeat IPC: 0.2194 cumulative IPC: 0.2188 (Simulation time: 00 hr 14 min 18 sec)
Heartbeat CPU 0 instructions: 55000273 cycles: 209485538 heartbeat IPC: 0.2041 cumulative IPC: 0.2186 (Simulation time: 00 hr 14 min 27 sec)
Heartbeat CPU 0 instructions: 55500274 cycles: 211807051 heartbeat IPC: 0.2154 cumulative IPC: 0.2185 (Simulation time: 00 hr 14 min 37 sec)
Heartbeat CPU 0 instructions: 56000275 cycles: 214164313 heartbeat IPC: 0.2121 cumulative IPC: 0.2185 (Simulation time: 00 hr 14 min 46 sec)
Heartbeat CPU 0 instructions: 56500277 cycles: 216455346 heartbeat IPC: 0.2182 cumulative IPC: 0.2185 (Simulation time: 00 hr 14 min 55 sec)
Heartbeat CPU 0 instructions: 57000281 cycles: 218821136 heartbeat IPC: 0.2113 cumulative IPC: 0.2184 (Simulation time: 00 hr 15 min 05 sec)
Heartbeat CPU 0 instructions: 57500288 cycles: 221153403 heartbeat IPC: 0.2144 cumulative IPC: 0.2183 (Simulation time: 00 hr 15 min 14 sec)
Heartbeat CPU 0 instructions: 58000289 cycles: 223278557 heartbeat IPC: 0.2353 cumulative IPC: 0.2185 (Simulation time: 00 hr 15 min 23 sec)
Heartbeat CPU 0 instructions: 58500292 cycles: 225679542 heartbeat IPC: 0.2082 cumulative IPC: 0.2184 (Simulation time: 00 hr 15 min 33 sec)
Heartbeat CPU 0 instructions: 59000292 cycles: 227993996 heartbeat IPC: 0.216 cumulative IPC: 0.2184 (Simulation time: 00 hr 15 min 42 sec)
Heartbeat CPU 0 instructions: 59500298 cycles: 230277997 heartbeat IPC: 0.2189 cumulative IPC: 0.2184 (Simulation time: 00 hr 15 min 50 sec)
Simulation finished CPU 0 instructions: 50000001 cycles: 228971468 cumulative IPC: 0.2184 (Simulation time: 00 hr 15 min 59 sec)
Simulation complete CPU 0 instructions: 50000001 cycles: 228971468 cumulative IPC: 0.2184 (Simulation time: 00 hr 15 min 59 sec)

ChampSim completed all CPUs

=== Simulation ===
CPU 0 runs traces/bc-12.trace.gz

Region of Interest Statistics

CPU 0 cumulative IPC: 0.2184 instructions: 50000001 cycles: 228971468
CPU 0 Branch Prediction Accuracy: 84.24% MPKI: 27.38 Average ROB Occupancy at Mispredict: 36.28
Branch type MPKI
BRANCH_DIRECT_JUMP: 0
BRANCH_INDIRECT: 0
BRANCH_CONDITIONAL: 27.38
BRANCH_DIRECT_CALL: 0
BRANCH_INDIRECT_CALL: 0
BRANCH_RETURN: 0

cpu0->cpu0_STLB TOTAL        ACCESS:    1719214 HIT:     914654 MISS:     804560 MSHR_MERGE:          0
cpu0->cpu0_STLB LOAD         ACCESS:    1719214 HIT:     914654 MISS:     804560 MSHR_MERGE:          0
cpu0->cpu0_STLB RFO          ACCESS:          0 HIT:          0 MISS:          0 MSHR_MERGE:          0
cpu0->cpu0_STLB PREFETCH     ACCESS:          0 HIT:          0 MISS:          0 MSHR_MERGE:          0
cpu0->cpu0_STLB WRITE        ACCESS:          0 HIT:          0 MISS:          0 MSHR_MERGE:          0
cpu0->cpu0_STLB TRANSLATION  ACCESS:          0 HIT:          0 MISS:          0 MSHR_MERGE:          0
cpu0->cpu0_STLB PREFETCH REQUESTED:          0 ISSUED:          0 USEFUL:          0 USELESS:          0
cpu0->cpu0_STLB AVERAGE MISS LATENCY: 16.76 cycles
cpu0->cpu0_L2C TOTAL        ACCESS:    8114662 HIT:    3846790 MISS:    4267872 MSHR_MERGE:      43692
cpu0->cpu0_L2C LOAD         ACCESS:    3807792 HIT:    1466662 MISS:    2341130 MSHR_MERGE:       7628
cpu0->cpu0_L2C RFO          ACCESS:      28625 HIT:       3153 MISS:      25472 MSHR_MERGE:          0
cpu0->cpu0_L2C PREFETCH     ACCESS:    2479412 HIT:     583310 MISS:    1896102 MSHR_MERGE:      36064
cpu0->cpu0_L2C WRITE        ACCESS:    1530083 HIT:    1530068 MISS:         15 MSHR_MERGE:          0
cpu0->cpu0_L2C TRANSLATION  ACCESS:     268750 HIT:     263597 MISS:       5153 MSHR_MERGE:          0
cpu0->cpu0_L2C PREFETCH REQUESTED:     420067 ISSUED:     418023 USEFUL:     108196 USELESS:     121488
cpu0->cpu0_L2C AVERAGE MISS LATENCY: 157 cycles
cpu0->cpu0_L1I TOTAL        ACCESS:     122804 HIT:     122804 MISS:          0 MSHR_MERGE:          0
cpu0->cpu0_L1I LOAD         ACCESS:     122804 HIT:     122804 MISS:          0 MSHR_MERGE:          0
cpu0->cpu0_L1I RFO          ACCESS:          0 HIT:          0 MISS:          0 MSHR_MERGE:          0
cpu0->cpu0_L1I PREFETCH     ACCESS:          0 HIT:          0 MISS:          0 MSHR_MERGE:          0
cpu0->cpu0_L1I WRITE        ACCESS:          0 HIT:          0 MISS:          0 MSHR_MERGE:          0
cpu0->cpu0_L1I TRANSLATION  ACCESS:          0 HIT:          0 MISS:          0 MSHR_MERGE:          0
cpu0->cpu0_L1I PREFETCH REQUESTED:          0 ISSUED:          0 USEFUL:          0 USELESS:          0
cpu0->cpu0_L1I AVERAGE MISS LATENCY: - cycles
cpu0->cpu0_L1D TOTAL        ACCESS:   20335254 HIT:   13959674 MISS:    6375580 MSHR_MERGE:     209031
cpu0->cpu0_L1D LOAD         ACCESS:   13429193 HIT:    9500135 MISS:    3929058 MSHR_MERGE:     121266
cpu0->cpu0_L1D RFO          ACCESS:          0 HIT:          0 MISS:          0 MSHR_MERGE:          0
cpu0->cpu0_L1D PREFETCH     ACCESS:    2215870 HIT:     122938 MISS:    2092932 MSHR_MERGE:      31551
cpu0->cpu0_L1D WRITE        ACCESS:    3107997 HIT:    3037873 MISS:      70124 MSHR_MERGE:      41498
cpu0->cpu0_L1D TRANSLATION  ACCESS:    1582194 HIT:    1298728 MISS:     283466 MSHR_MERGE:      14716
cpu0->cpu0_L1D PREFETCH REQUESTED:    2225610 ISSUED:    2215862 USEFUL:     302108 USELESS:    1759164
cpu0->cpu0_L1D AVERAGE MISS LATENCY: 99.84 cycles
cpu0->cpu0_ITLB TOTAL        ACCESS:     109472 HIT:     109472 MISS:          0 MSHR_MERGE:          0
cpu0->cpu0_ITLB LOAD         ACCESS:     109472 HIT:     109472 MISS:          0 MSHR_MERGE:          0
cpu0->cpu0_ITLB RFO          ACCESS:          0 HIT:          0 MISS:          0 MSHR_MERGE:          0
cpu0->cpu0_ITLB PREFETCH     ACCESS:          0 HIT:          0 MISS:          0 MSHR_MERGE:          0
cpu0->cpu0_ITLB WRITE        ACCESS:          0 HIT:          0 MISS:          0 MSHR_MERGE:          0
cpu0->cpu0_ITLB TRANSLATION  ACCESS:          0 HIT:          0 MISS:          0 MSHR_MERGE:          0
cpu0->cpu0_ITLB PREFETCH REQUESTED:          0 ISSUED:          0 USEFUL:          0 USELESS:          0
cpu0->cpu0_ITLB AVERAGE MISS LATENCY: - cycles
cpu0->cpu0_DTLB TOTAL        ACCESS:   18266704 HIT:   16173827 MISS:    2092877 MSHR_MERGE:     373663
cpu0->cpu0_DTLB LOAD         ACCESS:   18266704 HIT:   16173827 MISS:    2092877 MSHR_MERGE:     373663
cpu0->cpu0_DTLB RFO          ACCESS:          0 HIT:          0 MISS:          0 MSHR_MERGE:          0
cpu0->cpu0_DTLB PREFETCH     ACCESS:          0 HIT:          0 MISS:          0 MSHR_MERGE:          0
cpu0->cpu0_DTLB WRITE        ACCESS:          0 HIT:          0 MISS:          0 MSHR_MERGE:          0
cpu0->cpu0_DTLB TRANSLATION  ACCESS:          0 HIT:          0 MISS:          0 MSHR_MERGE:          0
cpu0->cpu0_DTLB PREFETCH REQUESTED:          0 ISSUED:          0 USEFUL:          0 USELESS:          0
cpu0->cpu0_DTLB AVERAGE MISS LATENCY: 13.32 cycles
cpu0->LLC TOTAL        ACCESS:    5536527 HIT:    2168384 MISS:    3368143 MSHR_MERGE:       5365
cpu0->LLC LOAD         ACCESS:    2333502 HIT:    1022080 MISS:    1311422 MSHR_MERGE:       2232
cpu0->LLC RFO          ACCESS:      25472 HIT:       3237 MISS:      22235 MSHR_MERGE:          0
cpu0->LLC PREFETCH     ACCESS:    1860041 HIT:     526270 MISS:    1333771 MSHR_MERGE:       3133
cpu0->LLC WRITE        ACCESS:    1312359 HIT:     616650 MISS:     695709 MSHR_MERGE:          0
cpu0->LLC TRANSLATION  ACCESS:       5153 HIT:        147 MISS:       5006 MSHR_MERGE:          0
cpu0->LLC PREFETCH REQUESTED:          0 ISSUED:          0 USEFUL:          0 USELESS:          0
cpu0->LLC AVERAGE MISS LATENCY: 161.8 cycles

DRAM Statistics

Channel 0 RQ ROW_BUFFER_HIT:      43350
  ROW_BUFFER_MISS:    2622207
  AVG DBUS CONGESTED CYCLE: 17.5
Channel 0 WQ ROW_BUFFER_HIT:     241527
  ROW_BUFFER_MISS:     567204
  FULL:          0
Channel 0 REFRESHES ISSUED:      19080
