[VMEM] WARNING: physical memory size is smaller than virtual memory size.

*** ChampSim Multicore Out-of-Order Simulator ***
Warmup Instructions: 10000000
Simulation Instructions: 50000000
Number of CPUs: 1
Page size: 4096
Core 0: traces/bfs-14.trace.gz
 L1D Berti prefetcher
Off-chip DRAM Size: 64 GiB Channels: 1 Width: 64-bit Data Rate: 4807 MT/s
Heartbeat CPU 0 instructions: 500006 cycles: 117022 heartbeat IPC: 4.273 cumulative IPC: 4.273 (Simulation time: 00 hr 00 min 01 sec)
Heartbeat CPU 0 instructions: 1000006 cycles: 229606 heartbeat IPC: 4.441 cumulative IPC: 4.355 (Simulation time: 00 hr 00 min 02 sec)
Heartbeat CPU 0 instructions: 1500006 cycles: 342025 heartbeat IPC: 4.448 cumulative IPC: 4.386 (Simulation time: 00 hr 00 min 03 sec)
Heartbeat CPU 0 instructions: 2000007 cycles: 454396 heartbeat IPC: 4.45 cumulative IPC: 4.401 (Simulation time: 00 hr 00 min 05 sec)
Heartbeat CPU 0 instructions: 2500009 cycles: 566763 heartbeat IPC: 4.45 cumulative IPC: 4.411 (Simulation time: 00 hr 00 min 06 sec)
Heartbeat CPU 0 instructions: 3000012 cycles: 679252 heartbeat IPC: 4.445 cumulative IPC: 4.417 (Simulation time: 00 hr 00 min 07 sec)
Heartbeat CPU 0 instructions: 3500013 cycles: 791427 heartbeat IPC: 4.457 cumulative IPC: 4.422 (Simulation time: 00 hr 00 min 08 sec)
Heartbeat CPU 0 instructions: 4000015 cycles: 904063 heartbeat IPC: 4.439 cumulative IPC: 4.424 (Simulation time: 00 hr 00 min 09 sec)
Heartbeat CPU 0 instructions: 4500021 cycles: 1016452 heartbeat IPC: 4.449 cumulative IPC: 4.427 (Simulation time: 00 hr 00 min 10 sec)
Heartbeat CPU 0 instructions: 5000026 cycles: 1128739 heartbeat IPC: 4.453 cumulative IPC: 4.43 (Simulation time: 00 hr 00 min 11 sec)
Heartbeat CPU 0 instructions: 5500031 cycles: 1241194 heartbeat IPC: 4.446 cumulative IPC: 4.431 (Simulation time: 00 hr 00 min 12 sec)
Heartbeat CPU 0 instructions: 6000035 cycles: 1353666 heartbeat IPC: 4.446 cumulative IPC: 4.432 (Simulation time: 00 hr 00 min 13 sec)
Heartbeat CPU 0 instructions: 6500038 cycles: 1465985 heartbeat IPC: 4.452 cumulative IPC: 4.434 (Simulation time: 00 hr 00 min 14 sec)
Heartbeat CPU 0 instructions: 7000041 cycles: 1578474 heartbeat IPC: 4.445 cumulative IPC: 4.435 (Simulation time: 00 hr 00 min 15 sec)
Heartbeat CPU 0 instructions: 7500043 cycles: 1690828 heartbeat IPC: 4.45 cumulative IPC: 4.436 (Simulation time: 00 hr 00 min 16 sec)
Heartbeat CPU 0 instructions: 8000047 cycles: 1803292 heartbeat IPC: 4.446 cumulative IPC: 4.436 (Simulation time: 00 hr 00 min 17 sec)
Heartbeat CPU 0 instructions: 8500049 cycles: 1915642 heartbeat IPC: 4.45 cumulative IPC: 4.437 (Simulation time: 00 hr 00 min 19 sec)
Heartbeat CPU 0 instructions: 9000049 cycles: 2028001 heartbeat IPC: 4.45 cumulative IPC: 4.438 (Simulation time: 00 hr 00 min 20 sec)
Heartbeat CPU 0 instructions: 9500056 cycles: 2140608 heartbeat IPC: 4.44 cumulative IPC: 4.438 (Simulation time: 00 hr 00 min 21 sec)
Warmup finished CPU 0 instructions: 10000005 cycles: 2252649 cumulative IPC: 4.439 (Simulation time: 00 hr 00 min 22 sec)
Warmup complete CPU 0 instructions: 10000005 cycles: 2252649 cumulative IPC: 4.439 (Simulation time: 00 hr 00 min 22 sec)
Heartbeat CPU 0 instructions: 10000061 cycles: 2252656 heartbeat IPC: 4.462 cumulative IPC: 8 (Simulation time: 00 hr 00 min 22 sec)
Heartbeat CPU 0 instructions: 10500068 cycles: 2935106 heartbeat IPC: 0.7327 cumulative IPC: 0.7327 (Simulation time: 00 hr 00 min 25 sec)
Heartbeat CPU 0 instructions: 11000069 cycles: 3727622 heartbeat IPC: 0.6309 cumulative IPC: 0.678 (Simulation time: 00 hr 00 min 29 sec)
Heartbeat CPU 0 instructions: 11500070 cycles: 5314150 heartbeat IPC: 0.3152 cumulative IPC: 0.49 (Simulation time: 00 hr 00 min 34 sec)
Heartbeat CPU 0 instructions: 12000071 cycles: 6916104 heartbeat IPC: 0.3121 cumulative IPC: 0.4289 (Simulation time: 00 hr 00 min 39 sec)
Heartbeat CPU 0 instructions: 12500071 cycles: 8511038 heartbeat IPC: 0.3135 cumulative IPC: 0.3995 (Simulation time: 00 hr 00 min 44 sec)
Heartbeat CPU 0 instructions: 13000072 cycles: 10103165 heartbeat IPC: 0.314 cumulative IPC: 0.3821 (Simulation time: 00 hr 00 min 49 sec)
Heartbeat CPU 0 instructions: 13500072 cycles: 11688158 heartbeat IPC: 0.3155 cumulative IPC: 0.3709 (Simulation time: 00 hr 00 min 54 sec)
Heartbeat CPU 0 instructions: 14000072 cycles: 13265003 heartbeat IPC: 0.3171 cumulative IPC: 0.3632 (Simulation time: 00 hr 00 min 59 sec)
Heartbeat CPU 0 instructions: 14500072 cycles: 14858152 heartbeat IPC: 0.3138 cumulative IPC: 0.357 (Simulation time: 00 hr 01 min 04 sec)
Heartbeat CPU 0 instructions: 15000072 cycles: 16424277 heartbeat IPC: 0.3193 cumulative IPC: 0.3528 (Simulation time: 00 hr 01 min 08 sec)
Heartbeat CPU 0 instructions: 15500073 cycles: 17995173 heartbeat IPC: 0.3183 cumulative IPC: 0.3494 (Simulation time: 00 hr 01 min 13 sec)
Heartbeat CPU 0 instructions: 16000073 cycles: 19559744 heartbeat IPC: 0.3196 cumulative IPC: 0.3467 (Simulation time: 00 hr 01 min 18 sec)
Heartbeat CPU 0 instructions: 16500074 cycles: 21124790 heartbeat IPC: 0.3195 cumulative IPC: 0.3444 (Simulation time: 00 hr 01 min 23 sec)
Heartbeat CPU 0 instructions: 17000075 cycles: 22693760 heartbeat IPC: 0.3187 cumulative IPC: 0.3425 (Simulation time: 00 hr 01 min 28 sec)
Heartbeat CPU 0 instructions: 17500076 cycles: 24239487 heartbeat IPC: 0.3235 cumulative IPC: 0.3411 (Simulation time: 00 hr 01 min 33 sec)
Heartbeat CPU 0 instructions: 18000076 cycles: 25799803 heartbeat IPC: 0.3204 cumulative IPC: 0.3397 (Simulation time: 00 hr 01 min 38 sec)
Heartbeat CPU 0 instructions: 18500082 cycles: 27372702 heartbeat IPC: 0.3179 cumulative IPC: 0.3384 (Simulation time: 00 hr 01 min 43 sec)
Heartbeat CPU 0 instructions: 19000083 cycles: 28954034 heartbeat IPC: 0.3162 cumulative IPC: 0.3371 (Simulation time: 00 hr 01 min 48 sec)
Heartbeat CPU 0 instructions: 19500089 cycles: 30533164 heartbeat IPC: 0.3166 cumulative IPC: 0.3359 (Simulation time: 00 hr 01 min 52 sec)
Heartbeat CPU 0 instructions: 20000089 cycles: 32104945 heartbeat IPC: 0.3181 cumulative IPC: 0.335 (Simulation time: 00 hr 01 min 57 sec)
Heartbeat CPU 0 instructions: 20500089 cycles: 33677064 heartbeat IPC: 0.318 cumulative IPC: 0.3341 (Simulation time: 00 hr 02 min 02 sec)
Heartbeat CPU 0 instructions: 21000094 cycles: 35268301 heartbeat IPC: 0.3142 cumulative IPC: 0.3332 (Simulation time: 00 hr 02 min 07 sec)
Heartbeat CPU 0 instructions: 21500098 cycles: 36861856 heartbeat IPC: 0.3138 cumulative IPC: 0.3323 (Simulation time: 00 hr 02 min 12 sec)
Heartbeat CPU 0 instructions: 22000099 cycles: 38433046 heartbeat IPC: 0.3182 cumulative IPC: 0.3317 (Simulation time: 00 hr 02 min 17 sec)
Heartbeat CPU 0 instructions: 22500100 cycles: 40016403 heartbeat IPC: 0.3158 cumulative IPC: 0.331 (Simulation time: 00 hr 02 min 22 sec)
Heartbeat CPU 0 instructions: 23000104 cycles: 41587025 heartbeat IPC: 0.3183 cumulative IPC: 0.3305 (Simulation time: 00 hr 02 min 27 sec)
Heartbeat CPU 0 instructions: 23500110 cycles: 43166210 heartbeat IPC: 0.3166 cumulative IPC: 0.33 (Simulation time: 00 hr 02 min 32 sec)
Heartbeat CPU 0 instructions: 24000112 cycles: 44749203 heartbeat IPC: 0.3159 cumulative IPC: 0.3294 (Simulation time: 00 hr 02 min 37 sec)
Heartbeat CPU 0 instructions: 24500112 cycles: 46342392 heartbeat IPC: 0.3138 cumulative IPC: 0.3289 (Simulation time: 00 hr 02 min 42 sec)
Heartbeat CPU 0 instructions: 25000116 cycles: 47899683 heartbeat IPC: 0.3211 cumulative IPC: 0.3286 (Simulation time: 00 hr 02 min 47 sec)
Heartbeat CPU 0 instructions: 25500117 cycles: 49483693 heartbeat IPC: 0.3157 cumulative IPC: 0.3282 (Simulation time: 00 hr 02 min 52 sec)
Heartbeat CPU 0 instructions: 26000121 cycles: 51038411 heartbeat IPC: 0.3216 cumulative IPC: 0.328 (Simulation time: 00 hr 02 min 56 sec)
Heartbeat CPU 0 instructions: 26500121 cycles: 52606002 heartbeat IPC: 0.319 cumulative IPC: 0.3277 (Simulation time: 00 hr 03 min 45 sec)
Heartbeat CPU 0 instructions: 27000122 cycles: 54159779 heartbeat IPC: 0.3218 cumulative IPC: 0.3275 (Simulation time: 00 hr 03 min 50 sec)
Heartbeat CPU 0 instructions: 27500122 cycles: 55733019 heartbeat IPC: 0.3178 cumulative IPC: 0.3272 (Simulation time: 00 hr 03 min 55 sec)
Heartbeat CPU 0 instructions: 28000122 cycles: 57293572 heartbeat IPC: 0.3204 cumulative IPC: 0.327 (Simulation time: 00 hr 03 min 59 sec)
Heartbeat CPU 0 instructions: 28500122 cycles: 58860343 heartbeat IPC: 0.3191 cumulative IPC: 0.3268 (Simulation time: 00 hr 04 min 04 sec)
Heartbeat CPU 0 instructions: 29000129 cycles: 60416267 heartbeat IPC: 0.3214 cumulative IPC: 0.3267 (Simulation time: 00 hr 04 min 09 sec)
Heartbeat CPU 0 instructions: 29500130 cycles: 62008012 heartbeat IPC: 0.3141 cumulative IPC: 0.3263 (Simulation time: 00 hr 04 min 14 sec)
Heartbeat CPU 0 instructions: 30000130 cycles: 63571495 heartbeat IPC: 0.3198 cumulative IPC: 0.3262 (Simulation time: 00 hr 04 min 19 sec)
Heartbeat CPU 0 instructions: 30500130 cycles: 65154284 heartbeat IPC: 0.3159 cumulative IPC: 0.3259 (Simulation time: 00 hr 04 min 24 sec)
Heartbeat CPU 0 instructions: 31000133 cycles: 66722506 heartbeat IPC: 0.3188 cumulative IPC: 0.3257 (Simulation time: 00 hr 04 min 29 sec)
Heartbeat CPU 0 instructions: 31500133 cycles: 68291274 heartbeat IPC: 0.3187 cumulative IPC: 0.3256 (Simulation time: 00 hr 04 min 34 sec)
Heartbeat CPU 0 instructions: 32000133 cycles: 69844530 heartbeat IPC: 0.3219 cumulative IPC: 0.3255 (Simulation time: 00 hr 04 min 39 sec)
Heartbeat CPU 0 instructions: 32500133 cycles: 71425557 heartbeat IPC: 0.3163 cumulative IPC: 0.3253 (Simulation time: 00 hr 04 min 43 sec)
Heartbeat CPU 0 instructions: 33000135 cycles: 72986065 heartbeat IPC: 0.3204 cumulative IPC: 0.3252 (Simulation time: 00 hr 04 min 48 sec)
Heartbeat CPU 0 instructions: 33500135 cycles: 74567219 heartbeat IPC: 0.3162 cumulative IPC: 0.325 (Simulation time: 00 hr 04 min 53 sec)
Heartbeat CPU 0 instructions: 34000135 cycles: 76137905 heartbeat IPC: 0.3183 cumulative IPC: 0.3248 (Simulation time: 00 hr 04 min 58 sec)
Heartbeat CPU 0 instructions: 34500135 cycles: 77714742 heartbeat IPC: 0.3171 cumulative IPC: 0.3247 (Simulation time: 00 hr 05 min 03 sec)
Heartbeat CPU 0 instructions: 35000135 cycles: 79263053 heartbeat IPC: 0.3229 cumulative IPC: 0.3246 (Simulation time: 00 hr 05 min 08 sec)
Heartbeat CPU 0 instructions: 35500136 cycles: 80824598 heartbeat IPC: 0.3202 cumulative IPC: 0.3245 (Simulation time: 00 hr 05 min 13 sec)
Heartbeat CPU 0 instructions: 36000142 cycles: 82390228 heartbeat IPC: 0.3194 cumulative IPC: 0.3244 (Simulation time: 00 hr 05 min 18 sec)
Heartbeat CPU 0 instructions: 36500142 cycles: 83972128 heartbeat IPC: 0.3161 cumulative IPC: 0.3243 (Simulation time: 00 hr 05 min 22 sec)
Heartbeat CPU 0 instructions: 37000142 cycles: 85523596 heartbeat IPC: 0.3223 cumulative IPC: 0.3242 (Simulation time: 00 hr 05 min 27 sec)
Heartbeat CPU 0 instructions: 37500147 cycles: 87093648 heartbeat IPC: 0.3185 cumulative IPC: 0.3241 (Simulation time: 00 hr 05 min 32 sec)
Heartbeat CPU 0 instructions: 38000149 cycles: 88670323 heartbeat IPC: 0.3171 cumulative IPC: 0.324 (Simulation time: 00 hr 05 min 37 sec)
Heartbeat CPU 0 instructions: 38500149 cycles: 90344254 heartbeat IPC: 0.2987 cumulative IPC: 0.3235 (Simulation time: 00 hr 05 min 42 sec)
Heartbeat CPU 0 instructions: 39000151 cycles: 91891161 heartbeat IPC: 0.3232 cumulative IPC: 0.3235 (Simulation time: 00 hr 05 min 47 sec)
Heartbeat CPU 0 instructions: 39500153 cycles: 93443298 heartbeat IPC: 0.3221 cumulative IPC: 0.3235 (Simulation time: 00 hr 05 min 52 sec)
Heartbeat CPU 0 instructions: 40000154 cycles: 94981640 heartbeat IPC: 0.325 cumulative IPC: 0.3235 (Simulation time: 00 hr 05 min 57 sec)
Heartbeat CPU 0 instructions: 40500157 cycles: 96505866 heartbeat IPC: 0.328 cumulative IPC: 0.3236 (Simulation time: 00 hr 06 min 02 sec)
Heartbeat CPU 0 instructions: 41000158 cycles: 98040208 heartbeat IPC: 0.3259 cumulative IPC: 0.3236 (Simulation time: 00 hr 06 min 07 sec)
Heartbeat CPU 0 instructions: 41500162 cycles: 99584220 heartbeat IPC: 0.3238 cumulative IPC: 0.3236 (Simulation time: 00 hr 06 min 12 sec)
Heartbeat CPU 0 instructions: 42000165 cycles: 101118207 heartbeat IPC: 0.3259 cumulative IPC: 0.3237 (Simulation time: 00 hr 06 min 17 sec)
Heartbeat CPU 0 instructions: 42500167 cycles: 102669301 heartbeat IPC: 0.3224 cumulative IPC: 0.3237 (Simulation time: 00 hr 06 min 21 sec)
Heartbeat CPU 0 instructions: 43000168 cycles: 104222236 heartbeat IPC: 0.322 cumulative IPC: 0.3236 (Simulation time: 00 hr 06 min 26 sec)
Heartbeat CPU 0 instructions: 43500168 cycles: 105752239 heartbeat IPC: 0.3268 cumulative IPC: 0.3237 (Simulation time: 00 hr 06 min 31 sec)
Heartbeat CPU 0 instructions: 44000171 cycles: 107292005 heartbeat IPC: 0.3247 cumulative IPC: 0.3237 (Simulation time: 00 hr 06 min 36 sec)
Heartbeat CPU 0 instructions: 44500173 cycles: 108829337 heartbeat IPC: 0.3252 cumulative IPC: 0.3237 (Simulation time: 00 hr 06 min 41 sec)
Heartbeat CPU 0 instructions: 45000173 cycles: 110372551 heartbeat IPC: 0.324 cumulative IPC: 0.3237 (Simulation time: 00 hr 06 min 46 sec)
Heartbeat CPU 0 instructions: 45500174 cycles: 111898741 heartbeat IPC: 0.3276 cumulative IPC: 0.3238 (Simulation time: 00 hr 06 min 51 sec)
Heartbeat CPU 0 instructions: 46000176 cycles: 113458343 heartbeat IPC: 0.3206 cumulative IPC: 0.3237 (Simulation time: 00 hr 06 min 56 sec)
Heartbeat CPU 0 instructions: 46500179 cycles: 115010361 heartbeat IPC: 0.3222 cumulative IPC: 0.3237 (Simulation time: 00 hr 07 min 01 sec)
Heartbeat CPU 0 instructions: 47000180 cycles: 116543153 heartbeat IPC: 0.3262 cumulative IPC: 0.3237 (Simulation time: 00 hr 07 min 06 sec)
Heartbeat CPU 0 instructions: 47500182 cycles: 118085566 heartbeat IPC: 0.3242 cumulative IPC: 0.3237 (Simulation time: 00 hr 07 min 11 sec)
Heartbeat CPU 0 instructions: 48000182 cycles: 119621901 heartbeat IPC: 0.3254 cumulative IPC: 0.3238 (Simulation time: 00 hr 07 min 15 sec)
Heartbeat CPU 0 instructions: 48500184 cycles: 121168779 heartbeat IPC: 0.3232 cumulative IPC: 0.3238 (Simulation time: 00 hr 07 min 20 sec)
Heartbeat CPU 0 instructions: 49000189 cycles: 122714265 heartbeat IPC: 0.3235 cumulative IPC: 0.3238 (Simulation time: 00 hr 07 min 25 sec)
Heartbeat CPU 0 instructions: 49500189 cycles: 124244271 heartbeat IPC: 0.3268 cumulative IPC: 0.3238 (Simulation time: 00 hr 07 min 30 sec)
Heartbeat CPU 0 instructions: 50000191 cycles: 125376512 heartbeat IPC: 0.4416 cumulative IPC: 0.3249 (Simulation time: 00 hr 07 min 34 sec)
Heartbeat CPU 0 instructions: 50500191 cycles: 126073958 heartbeat IPC: 0.7169 cumulative IPC: 0.3271 (Simulation time: 00 hr 07 min 36 sec)
Heartbeat CPU 0 instructions: 51000194 cycles: 126772169 heartbeat IPC: 0.7161 cumulative IPC: 0.3293 (Simulation time: 00 hr 07 min 39 sec)
Heartbeat CPU 0 instructions: 51500195 cycles: 127469366 heartbeat IPC: 0.7172 cumulative IPC: 0.3314 (Simulation time: 00 hr 07 min 41 sec)
Heartbeat CPU 0 instructions: 52000195 cycles: 128165383 heartbeat IPC: 0.7184 cumulative IPC: 0.3336 (Simulation time: 00 hr 07 min 44 sec)
Heartbeat CPU 0 instructions: 52500198 cycles: 128855596 heartbeat IPC: 0.7244 cumulative IPC: 0.3357 (Simulation time: 00 hr 07 min 46 sec)
Heartbeat CPU 0 instructions: 53000201 cycles: 129558342 heartbeat IPC: 0.7115 cumulative IPC: 0.3378 (Simulation time: 00 hr 07 min 49 sec)
Heartbeat CPU 0 instructions: 53500201 cycles: 130238447 heartbeat IPC: 0.7352 cumulative IPC: 0.3399 (Simulation time: 00 hr 07 min 51 sec)
Heartbeat CPU 0 instructions: 54000204 cycles: 130931950 heartbeat IPC: 0.721 cumulative IPC: 0.3419 (Simulation time: 00 hr 07 min 54 sec)
Heartbeat CPU 0 instructions: 54500206 cycles: 131611663 heartbeat IPC: 0.7356 cumulative IPC: 0.344 (Simulation time: 00 hr 07 min 56 sec)
Heartbeat CPU 0 instructions: 55000206 cycles: 132291863 heartbeat IPC: 0.7351 cumulative IPC: 0.3461 (Simulation time: 00 hr 07 min 58 sec)
Heartbeat CPU 0 instructions: 55500208 cycles: 132975609 heartbeat IPC: 0.7313 cumulative IPC: 0.3481 (Simulation time: 00 hr 08 min 01 sec)
Heartbeat CPU 0 instructions: 56000208 cycles: 133655007 heartbeat IPC: 0.7359 cumulative IPC: 0.3501 (Simulation time: 00 hr 08 min 03 sec)
Heartbeat CPU 0 instructions: 56500209 cycles: 134341016 heartbeat IPC: 0.7289 cumulative IPC: 0.352 (Simulation time: 00 hr 08 min 06 sec)
Heartbeat CPU 0 instructions: 57000209 cycles: 135030078 heartbeat IPC: 0.7256 cumulative IPC: 0.354 (Simulation time: 00 hr 08 min 08 sec)
Heartbeat CPU 0 instructions: 57500210 cycles: 135709233 heartbeat IPC: 0.7362 cumulative IPC: 0.3559 (Simulation time: 00 hr 08 min 10 sec)
Heartbeat CPU 0 instructions: 58000212 cycles: 136392526 heartbeat IPC: 0.7318 cumulative IPC: 0.3578 (Simulation time: 00 hr 08 min 13 sec)
Heartbeat CPU 0 instructions: 58500215 cycles: 137071969 heartbeat IPC: 0.7359 cumulative IPC: 0.3597 (Simulation time: 00 hr 08 min 15 sec)
Heartbeat CPU 0 instructions: 59000215 cycles: 137752180 heartbeat IPC: 0.7351 cumulative IPC: 0.3616 (Simulation time: 00 hr 08 min 18 sec)
Heartbeat CPU 0 instructions: 59500218 cycles: 138032089 heartbeat IPC: 1.786 cumulative IPC: 0.3646 (Simulation time: 00 hr 08 min 19 sec)
Simulation finished CPU 0 instructions: 50000006 cycles: 135879841 cumulative IPC: 0.368 (Simulation time: 00 hr 08 min 20 sec)
Simulation complete CPU 0 instructions: 50000006 cycles: 135879841 cumulative IPC: 0.368 (Simulation time: 00 hr 08 min 20 sec)

ChampSim completed all CPUs

=== Simulation ===
CPU 0 runs traces/bfs-14.trace.gz

Region of Interest Statistics

CPU 0 cumulative IPC: 0.368 instructions: 50000006 cycles: 135879841
CPU 0 Branch Prediction Accuracy: 78.82% MPKI: 43.94 Average ROB Occupancy at Mispredict: 3.561
Branch type MPKI
BRANCH_DIRECT_JUMP: 0.00018
BRANCH_INDIRECT: 0
BRANCH_CONDITIONAL: 43.94
BRANCH_DIRECT_CALL: 0.0004
BRANCH_INDIRECT_CALL: 0
BRANCH_RETURN: 0.00044

cpu0->cpu0_STLB TOTAL        ACCESS:      70093 HIT:      12626 MISS:      57467 MSHR_MERGE:          0
cpu0->cpu0_STLB LOAD         ACCESS:      70093 HIT:      12626 MISS:      57467 MSHR_MERGE:          0
cpu0->cpu0_STLB RFO          ACCESS:          0 HIT:          0 MISS:          0 MSHR_MERGE:          0
cpu0->cpu0_STLB PREFETCH     ACCESS:          0 HIT:          0 MISS:          0 MSHR_MERGE:          0
cpu0->cpu0_STLB WRITE        ACCESS:          0 HIT:          0 MISS:          0 MSHR_MERGE:          0
cpu0->cpu0_STLB TRANSLATION  ACCESS:          0 HIT:          0 MISS:          0 MSHR_MERGE:          0
cpu0->cpu0_STLB PREFETCH REQUESTED:          0 ISSUED:          0 USEFUL:          0 USELESS:          0
cpu0->cpu0_STLB AVERAGE MISS LATENCY: 141.2 cycles
cpu0->cpu0_L2C TOTAL        ACCESS:    2673883 HIT:    1322884 MISS:    1350999 MSHR_MERGE:      32367
cpu0->cpu0_L2C LOAD         ACCESS:    1002795 HIT:     704539 MISS:     298256 MSHR_MERGE:        463
cpu0->cpu0_L2C RFO          ACCESS:      14006 HIT:       5226 MISS:       8780 MSHR_MERGE:          0
cpu0->cpu0_L2C PREFETCH     ACCESS:    1484359 HIT:     450080 MISS:    1034279 MSHR_MERGE:      31904
cpu0->cpu0_L2C WRITE        ACCESS:     160381 HIT:     160379 MISS:          2 MSHR_MERGE:          0
cpu0->cpu0_L2C TRANSLATION  ACCESS:      12342 HIT:       2660 MISS:       9682 MSHR_MERGE:          0
cpu0->cpu0_L2C PREFETCH REQUESTED:     282645 ISSUED:     282545 USEFUL:     127342 USELESS:      59293
cpu0->cpu0_L2C AVERAGE MISS LATENCY: 228.5 cycles
cpu0->cpu0_L1I TOTAL        ACCESS:     241702 HIT:     241656 MISS:         46 MSHR_MERGE:          4
cpu0->cpu0_L1I LOAD         ACCESS:     241702 HIT:     241656 MISS:         46 MSHR_MERGE:          4
cpu0->cpu0_L1I RFO          ACCESS:          0 HIT:          0 MISS:          0 MSHR_MERGE:          0
cpu0->cpu0_L1I PREFETCH     ACCESS:          0 HIT:          0 MISS:          0 MSHR_MERGE:          0
cpu0->cpu0_L1I WRITE        ACCESS:          0 HIT:          0 MISS:          0 MSHR_MERGE:          0
cpu0->cpu0_L1I TRANSLATION  ACCESS:          0 HIT:          0 MISS:          0 MSHR_MERGE:          0
cpu0->cpu0_L1I PREFETCH REQUESTED:          0 ISSUED:          0 USEFUL:          0 USELESS:          0
cpu0->cpu0_L1I AVERAGE MISS LATENCY: 267.1 cycles
cpu0->cpu0_L1D TOTAL        ACCESS:   14810386 HIT:   12356680 MISS:    2453706 MSHR_MERGE:     222797
cpu0->cpu0_L1D LOAD         ACCESS:   11730765 HIT:   10585814 MISS:    1144951 MSHR_MERGE:     142198
cpu0->cpu0_L1D RFO          ACCESS:          0 HIT:          0 MISS:          0 MSHR_MERGE:          0
cpu0->cpu0_L1D PREFETCH     ACCESS:    1569491 HIT:     357774 MISS:    1211717 MSHR_MERGE:       9909
cpu0->cpu0_L1D WRITE        ACCESS:    1395142 HIT:    1310617 MISS:      84525 MSHR_MERGE:      70519
cpu0->cpu0_L1D TRANSLATION  ACCESS:     114988 HIT:     102475 MISS:      12513 MSHR_MERGE:        171
cpu0->cpu0_L1D PREFETCH REQUESTED:    1571389 ISSUED:    1569483 USEFUL:     751702 USELESS:     450079
cpu0->cpu0_L1D AVERAGE MISS LATENCY: 80.73 cycles
cpu0->cpu0_ITLB TOTAL        ACCESS:     236196 HIT:     236194 MISS:          2 MSHR_MERGE:          1
cpu0->cpu0_ITLB LOAD         ACCESS:     236196 HIT:     236194 MISS:          2 MSHR_MERGE:          1
cpu0->cpu0_ITLB RFO          ACCESS:          0 HIT:          0 MISS:          0 MSHR_MERGE:          0
cpu0->cpu0_ITLB PREFETCH     ACCESS:          0 HIT:          0 MISS:          0 MSHR_MERGE:          0
cpu0->cpu0_ITLB WRITE        ACCESS:          0 HIT:          0 MISS:          0 MSHR_MERGE:          0
cpu0->cpu0_ITLB TRANSLATION  ACCESS:          0 HIT:          0 MISS:          0 MSHR_MERGE:          0
cpu0->cpu0_ITLB PREFETCH REQUESTED:          0 ISSUED:          0 USEFUL:          0 USELESS:          0
cpu0->cpu0_ITLB AVERAGE MISS LATENCY: 643 cycles
cpu0->cpu0_DTLB TOTAL        ACCESS:   14530127 HIT:   14438461 MISS:      91666 MSHR_MERGE:      21574
cpu0->cpu0_DTLB LOAD         ACCESS:   14530127 HIT:   14438461 MISS:      91666 MSHR_MERGE:      21574
cpu0->cpu0_DTLB RFO          ACCESS:          0 HIT:          0 MISS:          0 MSHR_MERGE:          0
cpu0->cpu0_DTLB PREFETCH     ACCESS:          0 HIT:          0 MISS:          0 MSHR_MERGE:          0
cpu0->cpu0_DTLB WRITE        ACCESS:          0 HIT:          0 MISS:          0 MSHR_MERGE:          0
cpu0->cpu0_DTLB TRANSLATION  ACCESS:          0 HIT:          0 MISS:          0 MSHR_MERGE:          0
cpu0->cpu0_DTLB PREFETCH REQUESTED:          0 ISSUED:          0 USEFUL:          0 USELESS:          0
cpu0->cpu0_DTLB AVERAGE MISS LATENCY: 121.6 cycles
cpu0->LLC TOTAL        ACCESS:    1477630 HIT:     111838 MISS:    1365792 MSHR_MERGE:         71
cpu0->LLC LOAD         ACCESS:     297793 HIT:      13658 MISS:     284135 MSHR_MERGE:          0
cpu0->LLC RFO          ACCESS:       8780 HIT:        597 MISS:       8183 MSHR_MERGE:          0
cpu0->LLC PREFETCH     ACCESS:    1002375 HIT:      50987 MISS:     951388 MSHR_MERGE:         71
cpu0->LLC WRITE        ACCESS:     159000 HIT:      46553 MISS:     112447 MSHR_MERGE:          0
cpu0->LLC TRANSLATION  ACCESS:       9682 HIT:         43 MISS:       9639 MSHR_MERGE:          0
cpu0->LLC PREFETCH REQUESTED:          0 ISSUED:          0 USEFUL:          0 USELESS:          0
cpu0->LLC AVERAGE MISS LATENCY: 161.6 cycles

DRAM Statistics

Channel 0 RQ ROW_BUFFER_HIT:     102795
  ROW_BUFFER_MISS:    1150448
  AVG DBUS CONGESTED CYCLE: 29.06
Channel 0 WQ ROW_BUFFER_HIT:      39662
  ROW_BUFFER_MISS:      98481
  FULL:          0
Channel 0 REFRESHES ISSUED:      11323
