[VMEM] WARNING: physical memory size is smaller than virtual memory size.

*** ChampSim Multicore Out-of-Order Simulator ***
Warmup Instructions: 10000000
Simulation Instructions: 50000000
Number of CPUs: 1
Page size: 4096
Core 0: traces/cc-5.trace.gz
 L1D Berti prefetcher
Off-chip DRAM Size: 64 GiB Channels: 1 Width: 64-bit Data Rate: 4807 MT/s
Heartbeat CPU 0 instructions: 500004 cycles: 151360 heartbeat IPC: 3.303 cumulative IPC: 3.303 (Simulation time: 00 hr 00 min 01 sec)
Heartbeat CPU 0 instructions: 1000005 cycles: 299075 heartbeat IPC: 3.385 cumulative IPC: 3.344 (Simulation time: 00 hr 00 min 02 sec)
Heartbeat CPU 0 instructions: 1500005 cycles: 446636 heartbeat IPC: 3.388 cumulative IPC: 3.358 (Simulation time: 00 hr 00 min 03 sec)
Heartbeat CPU 0 instructions: 2000010 cycles: 556089 heartbeat IPC: 4.568 cumulative IPC: 3.597 (Simulation time: 00 hr 00 min 04 sec)
Heartbeat CPU 0 instructions: 2500017 cycles: 658033 heartbeat IPC: 4.905 cumulative IPC: 3.799 (Simulation time: 00 hr 00 min 05 sec)
Heartbeat CPU 0 instructions: 3000022 cycles: 760424 heartbeat IPC: 4.883 cumulative IPC: 3.945 (Simulation time: 00 hr 00 min 06 sec)
Heartbeat CPU 0 instructions: 3500026 cycles: 862711 heartbeat IPC: 4.888 cumulative IPC: 4.057 (Simulation time: 00 hr 00 min 07 sec)
Heartbeat CPU 0 instructions: 4000031 cycles: 964954 heartbeat IPC: 4.89 cumulative IPC: 4.145 (Simulation time: 00 hr 00 min 09 sec)
Heartbeat CPU 0 instructions: 4500032 cycles: 1067603 heartbeat IPC: 4.871 cumulative IPC: 4.215 (Simulation time: 00 hr 00 min 10 sec)
Heartbeat CPU 0 instructions: 5000035 cycles: 1169935 heartbeat IPC: 4.886 cumulative IPC: 4.274 (Simulation time: 00 hr 00 min 11 sec)
Heartbeat CPU 0 instructions: 5500038 cycles: 1272498 heartbeat IPC: 4.875 cumulative IPC: 4.322 (Simulation time: 00 hr 00 min 12 sec)
Heartbeat CPU 0 instructions: 6000041 cycles: 1375125 heartbeat IPC: 4.872 cumulative IPC: 4.363 (Simulation time: 00 hr 00 min 13 sec)
Heartbeat CPU 0 instructions: 6500041 cycles: 1477776 heartbeat IPC: 4.871 cumulative IPC: 4.399 (Simulation time: 00 hr 00 min 14 sec)
Heartbeat CPU 0 instructions: 7000047 cycles: 1580330 heartbeat IPC: 4.876 cumulative IPC: 4.429 (Simulation time: 00 hr 00 min 15 sec)
Heartbeat CPU 0 instructions: 7500049 cycles: 1682989 heartbeat IPC: 4.871 cumulative IPC: 4.456 (Simulation time: 00 hr 00 min 16 sec)
Heartbeat CPU 0 instructions: 8000052 cycles: 1785492 heartbeat IPC: 4.878 cumulative IPC: 4.481 (Simulation time: 00 hr 00 min 18 sec)
Heartbeat CPU 0 instructions: 8500057 cycles: 1888266 heartbeat IPC: 4.865 cumulative IPC: 4.502 (Simulation time: 00 hr 00 min 19 sec)
Heartbeat CPU 0 instructions: 9000058 cycles: 1990961 heartbeat IPC: 4.869 cumulative IPC: 4.52 (Simulation time: 00 hr 00 min 20 sec)
Heartbeat CPU 0 instructions: 9500058 cycles: 2093623 heartbeat IPC: 4.87 cumulative IPC: 4.538 (Simulation time: 00 hr 00 min 21 sec)
Warmup finished CPU 0 instructions: 10000002 cycles: 2196237 cumulative IPC: 4.553 (Simulation time: 00 hr 00 min 22 sec)
Warmup complete CPU 0 instructions: 10000002 cycles: 2196237 cumulative IPC: 4.553 (Simulation time: 00 hr 00 min 22 sec)
Heartbeat CPU 0 instructions: 10000059 cycles: 2196262 heartbeat IPC: 4.871 cumulative IPC: 2.28 (Simulation time: 00 hr 00 min 22 sec)
Heartbeat CPU 0 instructions: 10500059 cycles: 3267099 heartbeat IPC: 0.4669 cumulative IPC: 0.467 (Simulation time: 00 hr 00 min 26 sec)
Heartbeat CPU 0 instructions: 11000060 cycles: 4458192 heartbeat IPC: 0.4198 cumulative IPC: 0.4421 (Simulation time: 00 hr 00 min 30 sec)
Heartbeat CPU 0 instructions: 11500061 cycles: 5540050 heartbeat IPC: 0.4622 cumulative IPC: 0.4486 (Simulation time: 00 hr 00 min 34 sec)
Heartbeat CPU 0 instructions: 12000061 cycles: 6642525 heartbeat IPC: 0.4535 cumulative IPC: 0.4498 (Simulation time: 00 hr 00 min 39 sec)
Heartbeat CPU 0 instructions: 12500062 cycles: 7691373 heartbeat IPC: 0.4767 cumulative IPC: 0.455 (Simulation time: 00 hr 00 min 43 sec)
Heartbeat CPU 0 instructions: 13000062 cycles: 8810327 heartbeat IPC: 0.4468 cumulative IPC: 0.4536 (Simulation time: 00 hr 00 min 47 sec)
Heartbeat CPU 0 instructions: 13500067 cycles: 9734896 heartbeat IPC: 0.5408 cumulative IPC: 0.4643 (Simulation time: 00 hr 00 min 51 sec)
Heartbeat CPU 0 instructions: 14000071 cycles: 10685306 heartbeat IPC: 0.5261 cumulative IPC: 0.4712 (Simulation time: 00 hr 00 min 54 sec)
Heartbeat CPU 0 instructions: 14500071 cycles: 11595368 heartbeat IPC: 0.5494 cumulative IPC: 0.4788 (Simulation time: 00 hr 00 min 58 sec)
Heartbeat CPU 0 instructions: 15000072 cycles: 12541349 heartbeat IPC: 0.5286 cumulative IPC: 0.4833 (Simulation time: 00 hr 01 min 02 sec)
Heartbeat CPU 0 instructions: 15500074 cycles: 13520513 heartbeat IPC: 0.5106 cumulative IPC: 0.4857 (Simulation time: 00 hr 01 min 06 sec)
Heartbeat CPU 0 instructions: 16000076 cycles: 14453828 heartbeat IPC: 0.5357 cumulative IPC: 0.4895 (Simulation time: 00 hr 01 min 09 sec)
Heartbeat CPU 0 instructions: 16500076 cycles: 15428884 heartbeat IPC: 0.5128 cumulative IPC: 0.4912 (Simulation time: 00 hr 01 min 13 sec)
Heartbeat CPU 0 instructions: 17000077 cycles: 16438602 heartbeat IPC: 0.4952 cumulative IPC: 0.4915 (Simulation time: 00 hr 01 min 17 sec)
Heartbeat CPU 0 instructions: 17500077 cycles: 17373863 heartbeat IPC: 0.5346 cumulative IPC: 0.4942 (Simulation time: 00 hr 01 min 21 sec)
Heartbeat CPU 0 instructions: 18000080 cycles: 18279070 heartbeat IPC: 0.5524 cumulative IPC: 0.4974 (Simulation time: 00 hr 01 min 24 sec)
Heartbeat CPU 0 instructions: 18500083 cycles: 19281360 heartbeat IPC: 0.4989 cumulative IPC: 0.4975 (Simulation time: 00 hr 01 min 28 sec)
Heartbeat CPU 0 instructions: 19000083 cycles: 20181529 heartbeat IPC: 0.5555 cumulative IPC: 0.5004 (Simulation time: 00 hr 01 min 32 sec)
Heartbeat CPU 0 instructions: 19500084 cycles: 21107974 heartbeat IPC: 0.5397 cumulative IPC: 0.5023 (Simulation time: 00 hr 01 min 36 sec)
Heartbeat CPU 0 instructions: 20000085 cycles: 22060310 heartbeat IPC: 0.525 cumulative IPC: 0.5034 (Simulation time: 00 hr 01 min 39 sec)
Heartbeat CPU 0 instructions: 20500086 cycles: 23020381 heartbeat IPC: 0.5208 cumulative IPC: 0.5042 (Simulation time: 00 hr 01 min 43 sec)
Heartbeat CPU 0 instructions: 21000087 cycles: 23982990 heartbeat IPC: 0.5194 cumulative IPC: 0.5049 (Simulation time: 00 hr 01 min 47 sec)
Heartbeat CPU 0 instructions: 21500087 cycles: 24953526 heartbeat IPC: 0.5152 cumulative IPC: 0.5053 (Simulation time: 00 hr 01 min 51 sec)
Heartbeat CPU 0 instructions: 22000087 cycles: 25930474 heartbeat IPC: 0.5118 cumulative IPC: 0.5056 (Simulation time: 00 hr 01 min 55 sec)
Heartbeat CPU 0 instructions: 22500089 cycles: 26916839 heartbeat IPC: 0.5069 cumulative IPC: 0.5057 (Simulation time: 00 hr 01 min 59 sec)
Heartbeat CPU 0 instructions: 23000091 cycles: 27869912 heartbeat IPC: 0.5246 cumulative IPC: 0.5064 (Simulation time: 00 hr 02 min 03 sec)
Heartbeat CPU 0 instructions: 23500091 cycles: 28808890 heartbeat IPC: 0.5325 cumulative IPC: 0.5073 (Simulation time: 00 hr 02 min 06 sec)
Heartbeat CPU 0 instructions: 24000094 cycles: 29771863 heartbeat IPC: 0.5192 cumulative IPC: 0.5077 (Simulation time: 00 hr 02 min 10 sec)
Heartbeat CPU 0 instructions: 24500094 cycles: 30724415 heartbeat IPC: 0.5249 cumulative IPC: 0.5083 (Simulation time: 00 hr 02 min 14 sec)
Heartbeat CPU 0 instructions: 25000098 cycles: 31622499 heartbeat IPC: 0.5567 cumulative IPC: 0.5098 (Simulation time: 00 hr 02 min 18 sec)
Heartbeat CPU 0 instructions: 25500103 cycles: 32529714 heartbeat IPC: 0.5511 cumulative IPC: 0.511 (Simulation time: 00 hr 02 min 21 sec)
Heartbeat CPU 0 instructions: 26000107 cycles: 33493302 heartbeat IPC: 0.5189 cumulative IPC: 0.5112 (Simulation time: 00 hr 02 min 25 sec)
Heartbeat CPU 0 instructions: 26500110 cycles: 34408497 heartbeat IPC: 0.5463 cumulative IPC: 0.5122 (Simulation time: 00 hr 02 min 29 sec)
Heartbeat CPU 0 instructions: 27000110 cycles: 35291257 heartbeat IPC: 0.5664 cumulative IPC: 0.5137 (Simulation time: 00 hr 02 min 33 sec)
Heartbeat CPU 0 instructions: 27500110 cycles: 36187894 heartbeat IPC: 0.5576 cumulative IPC: 0.5148 (Simulation time: 00 hr 02 min 36 sec)
Heartbeat CPU 0 instructions: 28000112 cycles: 37106339 heartbeat IPC: 0.5444 cumulative IPC: 0.5156 (Simulation time: 00 hr 02 min 40 sec)
Heartbeat CPU 0 instructions: 28500112 cycles: 38026514 heartbeat IPC: 0.5434 cumulative IPC: 0.5163 (Simulation time: 00 hr 02 min 44 sec)
Heartbeat CPU 0 instructions: 29000115 cycles: 38941246 heartbeat IPC: 0.5466 cumulative IPC: 0.5171 (Simulation time: 00 hr 02 min 48 sec)
Heartbeat CPU 0 instructions: 29500115 cycles: 39814676 heartbeat IPC: 0.5725 cumulative IPC: 0.5184 (Simulation time: 00 hr 02 min 51 sec)
Heartbeat CPU 0 instructions: 30000115 cycles: 40753025 heartbeat IPC: 0.5329 cumulative IPC: 0.5187 (Simulation time: 00 hr 02 min 55 sec)
Heartbeat CPU 0 instructions: 30500117 cycles: 41700292 heartbeat IPC: 0.5278 cumulative IPC: 0.5189 (Simulation time: 00 hr 02 min 59 sec)
Heartbeat CPU 0 instructions: 31000117 cycles: 42580163 heartbeat IPC: 0.5683 cumulative IPC: 0.52 (Simulation time: 00 hr 03 min 03 sec)
Heartbeat CPU 0 instructions: 31500117 cycles: 43632955 heartbeat IPC: 0.4749 cumulative IPC: 0.5189 (Simulation time: 00 hr 03 min 07 sec)
Heartbeat CPU 0 instructions: 32000118 cycles: 44460266 heartbeat IPC: 0.6044 cumulative IPC: 0.5205 (Simulation time: 00 hr 03 min 11 sec)
Heartbeat CPU 0 instructions: 32500121 cycles: 45386648 heartbeat IPC: 0.5397 cumulative IPC: 0.521 (Simulation time: 00 hr 03 min 15 sec)
Heartbeat CPU 0 instructions: 33000126 cycles: 46293155 heartbeat IPC: 0.5516 cumulative IPC: 0.5216 (Simulation time: 00 hr 03 min 19 sec)
Heartbeat CPU 0 instructions: 33500131 cycles: 47216717 heartbeat IPC: 0.5414 cumulative IPC: 0.522 (Simulation time: 00 hr 03 min 23 sec)
Heartbeat CPU 0 instructions: 34000132 cycles: 48102845 heartbeat IPC: 0.5643 cumulative IPC: 0.5228 (Simulation time: 00 hr 03 min 27 sec)
Heartbeat CPU 0 instructions: 34500135 cycles: 49022000 heartbeat IPC: 0.544 cumulative IPC: 0.5232 (Simulation time: 00 hr 03 min 31 sec)
Heartbeat CPU 0 instructions: 35000139 cycles: 49951230 heartbeat IPC: 0.5381 cumulative IPC: 0.5235 (Simulation time: 00 hr 03 min 35 sec)
Heartbeat CPU 0 instructions: 35500140 cycles: 50778904 heartbeat IPC: 0.6041 cumulative IPC: 0.5249 (Simulation time: 00 hr 03 min 39 sec)
Heartbeat CPU 0 instructions: 36000140 cycles: 51823976 heartbeat IPC: 0.4784 cumulative IPC: 0.5239 (Simulation time: 00 hr 03 min 43 sec)
Heartbeat CPU 0 instructions: 36500144 cycles: 52858891 heartbeat IPC: 0.4831 cumulative IPC: 0.5231 (Simulation time: 00 hr 03 min 47 sec)
Heartbeat CPU 0 instructions: 37000144 cycles: 53901997 heartbeat IPC: 0.4793 cumulative IPC: 0.5222 (Simulation time: 00 hr 03 min 51 sec)
Heartbeat CPU 0 instructions: 37500144 cycles: 54869245 heartbeat IPC: 0.5169 cumulative IPC: 0.5221 (Simulation time: 00 hr 03 min 55 sec)
Heartbeat CPU 0 instructions: 38000146 cycles: 55716511 heartbeat IPC: 0.5901 cumulative IPC: 0.5232 (Simulation time: 00 hr 03 min 58 sec)
Heartbeat CPU 0 instructions: 38500146 cycles: 56646983 heartbeat IPC: 0.5374 cumulative IPC: 0.5234 (Simulation time: 00 hr 04 min 02 sec)
Heartbeat CPU 0 instructions: 39000146 cycles: 57634744 heartbeat IPC: 0.5062 cumulative IPC: 0.5231 (Simulation time: 00 hr 04 min 06 sec)
Heartbeat CPU 0 instructions: 39500150 cycles: 58546506 heartbeat IPC: 0.5484 cumulative IPC: 0.5235 (Simulation time: 00 hr 04 min 10 sec)
Heartbeat CPU 0 instructions: 40000151 cycles: 59469125 heartbeat IPC: 0.5419 cumulative IPC: 0.5238 (Simulation time: 00 hr 04 min 14 sec)
Heartbeat CPU 0 instructions: 40500153 cycles: 60394296 heartbeat IPC: 0.5404 cumulative IPC: 0.5241 (Simulation time: 00 hr 04 min 18 sec)
Heartbeat CPU 0 instructions: 41000153 cycles: 61401108 heartbeat IPC: 0.4966 cumulative IPC: 0.5236 (Simulation time: 00 hr 04 min 22 sec)
Heartbeat CPU 0 instructions: 41500158 cycles: 62286909 heartbeat IPC: 0.5645 cumulative IPC: 0.5242 (Simulation time: 00 hr 04 min 25 sec)
Heartbeat CPU 0 instructions: 42000158 cycles: 63165626 heartbeat IPC: 0.569 cumulative IPC: 0.5249 (Simulation time: 00 hr 04 min 29 sec)
Heartbeat CPU 0 instructions: 42500159 cycles: 64077527 heartbeat IPC: 0.5483 cumulative IPC: 0.5252 (Simulation time: 00 hr 04 min 33 sec)
Heartbeat CPU 0 instructions: 43000160 cycles: 64915823 heartbeat IPC: 0.5964 cumulative IPC: 0.5262 (Simulation time: 00 hr 04 min 36 sec)
Heartbeat CPU 0 instructions: 43500164 cycles: 65831519 heartbeat IPC: 0.546 cumulative IPC: 0.5264 (Simulation time: 00 hr 04 min 40 sec)
Heartbeat CPU 0 instructions: 44000166 cycles: 66784575 heartbeat IPC: 0.5246 cumulative IPC: 0.5264 (Simulation time: 00 hr 04 min 44 sec)
Heartbeat CPU 0 instructions: 44500166 cycles: 67656653 heartbeat IPC: 0.5733 cumulative IPC: 0.527 (Simulation time: 00 hr 04 min 48 sec)
Heartbeat CPU 0 instructions: 45000166 cycles: 68484418 heartbeat IPC: 0.604 cumulative IPC: 0.528 (Simulation time: 00 hr 04 min 51 sec)
Heartbeat CPU 0 instructions: 45500169 cycles: 69353874 heartbeat IPC: 0.5751 cumulative IPC: 0.5286 (Simulation time: 00 hr 04 min 55 sec)
Heartbeat CPU 0 instructions: 46000173 cycles: 70179385 heartbeat IPC: 0.6057 cumulative IPC: 0.5295 (Simulation time: 00 hr 04 min 59 sec)
Heartbeat CPU 0 instructions: 46500174 cycles: 71109169 heartbeat IPC: 0.5378 cumulative IPC: 0.5297 (Simulation time: 00 hr 05 min 03 sec)
Heartbeat CPU 0 instructions: 47000175 cycles: 72039645 heartbeat IPC: 0.5374 cumulative IPC: 0.5298 (Simulation time: 00 hr 05 min 07 sec)
Heartbeat CPU 0 instructions: 47500175 cycles: 72949490 heartbeat IPC: 0.5495 cumulative IPC: 0.53 (Simulation time: 00 hr 05 min 10 sec)
Heartbeat CPU 0 instructions: 48000176 cycles: 73811011 heartbeat IPC: 0.5804 cumulative IPC: 0.5306 (Simulation time: 00 hr 05 min 14 sec)
Heartbeat CPU 0 instructions: 48500176 cycles: 74732997 heartbeat IPC: 0.5423 cumulative IPC: 0.5308 (Simulation time: 00 hr 05 min 18 sec)
Heartbeat CPU 0 instructions: 49000176 cycles: 75649925 heartbeat IPC: 0.5453 cumulative IPC: 0.5309 (Simulation time: 00 hr 05 min 22 sec)
Heartbeat CPU 0 instructions: 49500177 cycles: 76555197 heartbeat IPC: 0.5523 cumulative IPC: 0.5312 (Simulation time: 00 hr 05 min 25 sec)
Heartbeat CPU 0 instructions: 50000180 cycles: 77364075 heartbeat IPC: 0.6181 cumulative IPC: 0.5321 (Simulation time: 00 hr 05 min 29 sec)
Heartbeat CPU 0 instructions: 50500184 cycles: 78320066 heartbeat IPC: 0.523 cumulative IPC: 0.532 (Simulation time: 00 hr 05 min 33 sec)
Heartbeat CPU 0 instructions: 51000186 cycles: 79128077 heartbeat IPC: 0.6188 cumulative IPC: 0.5329 (Simulation time: 00 hr 05 min 36 sec)
Heartbeat CPU 0 instructions: 51500191 cycles: 80086592 heartbeat IPC: 0.5216 cumulative IPC: 0.5328 (Simulation time: 00 hr 05 min 40 sec)
Heartbeat CPU 0 instructions: 52000191 cycles: 80929368 heartbeat IPC: 0.5933 cumulative IPC: 0.5335 (Simulation time: 00 hr 05 min 44 sec)
Heartbeat CPU 0 instructions: 52500193 cycles: 81873920 heartbeat IPC: 0.5294 cumulative IPC: 0.5334 (Simulation time: 00 hr 05 min 48 sec)
Heartbeat CPU 0 instructions: 53000195 cycles: 82814385 heartbeat IPC: 0.5317 cumulative IPC: 0.5334 (Simulation time: 00 hr 05 min 51 sec)
Heartbeat CPU 0 instructions: 53500196 cycles: 83744653 heartbeat IPC: 0.5375 cumulative IPC: 0.5334 (Simulation time: 00 hr 05 min 55 sec)
Heartbeat CPU 0 instructions: 54000196 cycles: 84620007 heartbeat IPC: 0.5712 cumulative IPC: 0.5338 (Simulation time: 00 hr 05 min 59 sec)
Heartbeat CPU 0 instructions: 54500197 cycles: 85625152 heartbeat IPC: 0.4974 cumulative IPC: 0.5334 (Simulation time: 00 hr 06 min 03 sec)
Heartbeat CPU 0 instructions: 55000201 cycles: 86609411 heartbeat IPC: 0.508 cumulative IPC: 0.5331 (Simulation time: 00 hr 06 min 07 sec)
Heartbeat CPU 0 instructions: 55500201 cycles: 87554495 heartbeat IPC: 0.5291 cumulative IPC: 0.533 (Simulation time: 00 hr 06 min 11 sec)
Heartbeat CPU 0 instructions: 56000201 cycles: 88412791 heartbeat IPC: 0.5825 cumulative IPC: 0.5335 (Simulation time: 00 hr 06 min 14 sec)
Heartbeat CPU 0 instructions: 56500202 cycles: 89279040 heartbeat IPC: 0.5772 cumulative IPC: 0.534 (Simulation time: 00 hr 06 min 18 sec)
Heartbeat CPU 0 instructions: 57000203 cycles: 90206320 heartbeat IPC: 0.5392 cumulative IPC: 0.534 (Simulation time: 00 hr 06 min 22 sec)
Heartbeat CPU 0 instructions: 57500208 cycles: 91109690 heartbeat IPC: 0.5535 cumulative IPC: 0.5342 (Simulation time: 00 hr 06 min 25 sec)
Heartbeat CPU 0 instructions: 58000209 cycles: 91951664 heartbeat IPC: 0.5938 cumulative IPC: 0.5348 (Simulation time: 00 hr 06 min 29 sec)
Heartbeat CPU 0 instructions: 58500212 cycles: 92839237 heartbeat IPC: 0.5633 cumulative IPC: 0.5351 (Simulation time: 00 hr 06 min 33 sec)
Heartbeat CPU 0 instructions: 59000216 cycles: 93739480 heartbeat IPC: 0.5554 cumulative IPC: 0.5353 (Simulation time: 00 hr 06 min 36 sec)
Heartbeat CPU 0 instructions: 59500218 cycles: 94591498 heartbeat IPC: 0.5868 cumulative IPC: 0.5357 (Simulation time: 00 hr 06 min 40 sec)
Simulation finished CPU 0 instructions: 50000000 cycles: 93256075 cumulative IPC: 0.5362 (Simulation time: 00 hr 06 min 44 sec)
Simulation complete CPU 0 instructions: 50000000 cycles: 93256075 cumulative IPC: 0.5362 (Simulation time: 00 hr 06 min 44 sec)

ChampSim completed all CPUs

=== Simulation ===
CPU 0 runs traces/cc-5.trace.gz

Region of Interest Statistics

CPU 0 cumulative IPC: 0.5362 instructions: 50000000 cycles: 93256075
CPU 0 Branch Prediction Accuracy: 93.05% MPKI: 13.72 Average ROB Occupancy at Mispredict: 46.5
Branch type MPKI
BRANCH_DIRECT_JUMP: 0
BRANCH_INDIRECT: 0
BRANCH_CONDITIONAL: 13.72
BRANCH_DIRECT_CALL: 0
BRANCH_INDIRECT_CALL: 0
BRANCH_RETURN: 0

cpu0->cpu0_STLB TOTAL        ACCESS:    2357326 HIT:    2353847 MISS:       3479 MSHR_MERGE:          0
cpu0->cpu0_STLB LOAD         ACCESS:    2357326 HIT:    2353847 MISS:       3479 MSHR_MERGE:          0
cpu0->cpu0_STLB RFO          ACCESS:          0 HIT:          0 MISS:          0 MSHR_MERGE:          0
cpu0->cpu0_STLB PREFETCH     ACCESS:          0 HIT:          0 MISS:          0 MSHR_MERGE:          0
cpu0->cpu0_STLB WRITE        ACCESS:          0 HIT:          0 MISS:          0 MSHR_MERGE:          0
cpu0->cpu0_STLB TRANSLATION  ACCESS:          0 HIT:          0 MISS:          0 MSHR_MERGE:          0
cpu0->cpu0_STLB PREFETCH REQUESTED:          0 ISSUED:          0 USEFUL:          0 USELESS:          0
cpu0->cpu0_STLB AVERAGE MISS LATENCY: 249.8 cycles
cpu0->cpu0_L2C TOTAL        ACCESS:    4609668 HIT:    3137783 MISS:    1471885 MSHR_MERGE:      24406
cpu0->cpu0_L2C LOAD         ACCESS:    3356499 HIT:    2423131 MISS:     933368 MSHR_MERGE:       1451
cpu0->cpu0_L2C RFO          ACCESS:          0 HIT:          0 MISS:          0 MSHR_MERGE:          0
cpu0->cpu0_L2C PREFETCH     ACCESS:    1044524 HIT:     506462 MISS:     538062 MSHR_MERGE:      22955
cpu0->cpu0_L2C WRITE        ACCESS:     205223 HIT:     205219 MISS:          4 MSHR_MERGE:          0
cpu0->cpu0_L2C TRANSLATION  ACCESS:       3422 HIT:       2971 MISS:        451 MSHR_MERGE:          0
cpu0->cpu0_L2C PREFETCH REQUESTED:     301351 ISSUED:     299129 USEFUL:     114288 USELESS:      32260
cpu0->cpu0_L2C AVERAGE MISS LATENCY: 86.48 cycles
cpu0->cpu0_L1I TOTAL        ACCESS:     105839 HIT:     105839 MISS:          0 MSHR_MERGE:          0
cpu0->cpu0_L1I LOAD         ACCESS:     105839 HIT:     105839 MISS:          0 MSHR_MERGE:          0
cpu0->cpu0_L1I RFO          ACCESS:          0 HIT:          0 MISS:          0 MSHR_MERGE:          0
cpu0->cpu0_L1I PREFETCH     ACCESS:          0 HIT:          0 MISS:          0 MSHR_MERGE:          0
cpu0->cpu0_L1I WRITE        ACCESS:          0 HIT:          0 MISS:          0 MSHR_MERGE:          0
cpu0->cpu0_L1I TRANSLATION  ACCESS:          0 HIT:          0 MISS:          0 MSHR_MERGE:          0
cpu0->cpu0_L1I PREFETCH REQUESTED:          0 ISSUED:          0 USEFUL:          0 USELESS:          0
cpu0->cpu0_L1I AVERAGE MISS LATENCY: - cycles
cpu0->cpu0_L1D TOTAL        ACCESS:   13857066 HIT:    9485186 MISS:    4371880 MSHR_MERGE:     266563
cpu0->cpu0_L1D LOAD         ACCESS:   12496397 HIT:    8897937 MISS:    3598460 MSHR_MERGE:     241960
cpu0->cpu0_L1D RFO          ACCESS:          0 HIT:          0 MISS:          0 MSHR_MERGE:          0
cpu0->cpu0_L1D PREFETCH     ACCESS:    1115454 HIT:     345456 MISS:     769998 MSHR_MERGE:      24603
cpu0->cpu0_L1D WRITE        ACCESS:     238250 HIT:     238250 MISS:          0 MSHR_MERGE:          0
cpu0->cpu0_L1D TRANSLATION  ACCESS:       6965 HIT:       3543 MISS:       3422 MSHR_MERGE:          0
cpu0->cpu0_L1D PREFETCH REQUESTED:    1121898 ISSUED:    1115454 USEFUL:     222619 USELESS:     522887
cpu0->cpu0_L1D AVERAGE MISS LATENCY: 32.93 cycles
cpu0->cpu0_ITLB TOTAL        ACCESS:     101220 HIT:     101220 MISS:          0 MSHR_MERGE:          0
cpu0->cpu0_ITLB LOAD         ACCESS:     101220 HIT:     101220 MISS:          0 MSHR_MERGE:          0
cpu0->cpu0_ITLB RFO          ACCESS:          0 HIT:          0 MISS:          0 MSHR_MERGE:          0
cpu0->cpu0_ITLB PREFETCH     ACCESS:          0 HIT:          0 MISS:          0 MSHR_MERGE:          0
cpu0->cpu0_ITLB WRITE        ACCESS:          0 HIT:          0 MISS:          0 MSHR_MERGE:          0
cpu0->cpu0_ITLB TRANSLATION  ACCESS:          0 HIT:          0 MISS:          0 MSHR_MERGE:          0
cpu0->cpu0_ITLB PREFETCH REQUESTED:          0 ISSUED:          0 USEFUL:          0 USELESS:          0
cpu0->cpu0_ITLB AVERAGE MISS LATENCY: - cycles
cpu0->cpu0_DTLB TOTAL        ACCESS:   13510067 HIT:   10748407 MISS:    2761660 MSHR_MERGE:     404334
cpu0->cpu0_DTLB LOAD         ACCESS:   13510067 HIT:   10748407 MISS:    2761660 MSHR_MERGE:     404334
cpu0->cpu0_DTLB RFO          ACCESS:          0 HIT:          0 MISS:          0 MSHR_MERGE:          0
cpu0->cpu0_DTLB PREFETCH     ACCESS:          0 HIT:          0 MISS:          0 MSHR_MERGE:          0
cpu0->cpu0_DTLB WRITE        ACCESS:          0 HIT:          0 MISS:          0 MSHR_MERGE:          0
cpu0->cpu0_DTLB TRANSLATION  ACCESS:          0 HIT:          0 MISS:          0 MSHR_MERGE:          0
cpu0->cpu0_DTLB PREFETCH REQUESTED:          0 ISSUED:          0 USEFUL:          0 USELESS:          0
cpu0->cpu0_DTLB AVERAGE MISS LATENCY: 5.381 cycles
cpu0->LLC TOTAL        ACCESS:    1641700 HIT:     990200 MISS:     651500 MSHR_MERGE:         87
cpu0->LLC LOAD         ACCESS:     931914 HIT:     656607 MISS:     275307 MSHR_MERGE:         16
cpu0->LLC RFO          ACCESS:          0 HIT:          0 MISS:          0 MSHR_MERGE:          0
cpu0->LLC PREFETCH     ACCESS:     515107 HIT:     198908 MISS:     316199 MSHR_MERGE:         71
cpu0->LLC WRITE        ACCESS:     194228 HIT:     134685 MISS:      59543 MSHR_MERGE:          0
cpu0->LLC TRANSLATION  ACCESS:        451 HIT:          0 MISS:        451 MSHR_MERGE:          0
cpu0->LLC PREFETCH REQUESTED:          0 ISSUED:          0 USEFUL:          0 USELESS:          0
cpu0->LLC AVERAGE MISS LATENCY: 181.5 cycles

DRAM Statistics

Channel 0 RQ ROW_BUFFER_HIT:       5509
  ROW_BUFFER_MISS:     586256
  AVG DBUS CONGESTED CYCLE: 28.5
Channel 0 WQ ROW_BUFFER_HIT:      18950
  ROW_BUFFER_MISS:      61918
  FULL:          0
Channel 0 REFRESHES ISSUED:       7770
