[VMEM] WARNING: physical memory size is smaller than virtual memory size.

*** ChampSim Multicore Out-of-Order Simulator ***
Warmup Instructions: 10000000
Simulation Instructions: 50000000
Number of CPUs: 1
Page size: 4096
Core 0: traces/charlie_0000.champsim.gz
 L1D Berti prefetcher
Off-chip DRAM Size: 64 GiB Channels: 1 Width: 64-bit Data Rate: 4807 MT/s
[BTB] WARNING: target of return is a lower address than the corresponding call. This is usually a problem with your trace.
[BTB] WARNING: target of return is a lower address than the corresponding call. This is usually a problem with your trace.
Heartbeat CPU 0 instructions: 500003 cycles: 301665 heartbeat IPC: 1.657 cumulative IPC: 1.657 (Simulation time: 00 hr 00 min 03 sec)
Heartbeat CPU 0 instructions: 1000004 cycles: 490094 heartbeat IPC: 2.654 cumulative IPC: 2.04 (Simulation time: 00 hr 00 min 04 sec)
[BTB] WARNING: target of return is a lower address than the corresponding call. This is usually a problem with your trace.
Heartbeat CPU 0 instructions: 1500004 cycles: 659012 heartbeat IPC: 2.96 cumulative IPC: 2.276 (Simulation time: 00 hr 00 min 06 sec)
[BTB] WARNING: target of return is a lower address than the corresponding call. This is usually a problem with your trace.
[BTB] WARNING: target of return is a lower address than the corresponding call. This is usually a problem with your trace.
Heartbeat CPU 0 instructions: 2000004 cycles: 792916 heartbeat IPC: 3.734 cumulative IPC: 2.522 (Simulation time: 00 hr 00 min 07 sec)
[BTB] WARNING: target of return is a lower address than the corresponding call. This is usually a problem with your trace.
[BTB] WARNING: target of return is a lower address than the corresponding call. This is usually a problem with your trace.
[BTB] WARNING: target of return is a lower address than the corresponding call. This is usually a problem with your trace.
[BTB] WARNING: target of return is a lower address than the corresponding call. This is usually a problem with your trace.
[BTB] WARNING: target of return is a lower address than the corresponding call. This is usually a problem with your trace.
Heartbeat CPU 0 instructions: 2500006 cycles: 941860 heartbeat IPC: 3.357 cumulative IPC: 2.654 (Simulation time: 00 hr 00 min 08 sec)
Heartbeat CPU 0 instructions: 3000013 cycles: 1050799 heartbeat IPC: 4.59 cumulative IPC: 2.855 (Simulation time: 00 hr 00 min 09 sec)
Heartbeat CPU 0 instructions: 3500013 cycles: 1157979 heartbeat IPC: 4.665 cumulative IPC: 3.023 (Simulation time: 00 hr 00 min 10 sec)
Heartbeat CPU 0 instructions: 4000019 cycles: 1265840 heartbeat IPC: 4.636 cumulative IPC: 3.16 (Simulation time: 00 hr 00 min 11 sec)
Heartbeat CPU 0 instructions: 4500026 cycles: 1371683 heartbeat IPC: 4.724 cumulative IPC: 3.281 (Simulation time: 00 hr 00 min 12 sec)
Heartbeat CPU 0 instructions: 5000026 cycles: 1477290 heartbeat IPC: 4.735 cumulative IPC: 3.385 (Simulation time: 00 hr 00 min 14 sec)
Heartbeat CPU 0 instructions: 5500032 cycles: 1581943 heartbeat IPC: 4.778 cumulative IPC: 3.477 (Simulation time: 00 hr 00 min 14 sec)
Heartbeat CPU 0 instructions: 6000033 cycles: 1686505 heartbeat IPC: 4.782 cumulative IPC: 3.558 (Simulation time: 00 hr 00 min 15 sec)
Heartbeat CPU 0 instructions: 6500040 cycles: 1793524 heartbeat IPC: 4.672 cumulative IPC: 3.624 (Simulation time: 00 hr 00 min 16 sec)
Heartbeat CPU 0 instructions: 7000044 cycles: 1899626 heartbeat IPC: 4.712 cumulative IPC: 3.685 (Simulation time: 00 hr 00 min 17 sec)
Heartbeat CPU 0 instructions: 7500049 cycles: 2008962 heartbeat IPC: 4.573 cumulative IPC: 3.733 (Simulation time: 00 hr 00 min 19 sec)
Heartbeat CPU 0 instructions: 8000055 cycles: 2114180 heartbeat IPC: 4.752 cumulative IPC: 3.784 (Simulation time: 00 hr 00 min 20 sec)
Heartbeat CPU 0 instructions: 8500058 cycles: 2221252 heartbeat IPC: 4.67 cumulative IPC: 3.827 (Simulation time: 00 hr 00 min 21 sec)
Heartbeat CPU 0 instructions: 9000060 cycles: 2331685 heartbeat IPC: 4.528 cumulative IPC: 3.86 (Simulation time: 00 hr 00 min 22 sec)
Heartbeat CPU 0 instructions: 9500062 cycles: 2434879 heartbeat IPC: 4.845 cumulative IPC: 3.902 (Simulation time: 00 hr 00 min 23 sec)
Warmup finished CPU 0 instructions: 10000005 cycles: 2538784 cumulative IPC: 3.939 (Simulation time: 00 hr 00 min 24 sec)
Warmup complete CPU 0 instructions: 10000005 cycles: 2538784 cumulative IPC: 3.939 (Simulation time: 00 hr 00 min 24 sec)
Heartbeat CPU 0 instructions: 10000065 cycles: 2538792 heartbeat IPC: 4.812 cumulative IPC: 7.5 (Simulation time: 00 hr 00 min 24 sec)
Heartbeat CPU 0 instructions: 10500066 cycles: 2881546 heartbeat IPC: 1.459 cumulative IPC: 1.459 (Simulation time: 00 hr 00 min 25 sec)
Heartbeat CPU 0 instructions: 11000066 cycles: 3245899 heartbeat IPC: 1.372 cumulative IPC: 1.414 (Simulation time: 00 hr 00 min 27 sec)
Heartbeat CPU 0 instructions: 11500067 cycles: 3596385 heartbeat IPC: 1.427 cumulative IPC: 1.418 (Simulation time: 00 hr 00 min 29 sec)
Heartbeat CPU 0 instructions: 12000072 cycles: 4234728 heartbeat IPC: 0.7833 cumulative IPC: 1.179 (Simulation time: 00 hr 00 min 32 sec)
Heartbeat CPU 0 instructions: 12500072 cycles: 4959808 heartbeat IPC: 0.6896 cumulative IPC: 1.033 (Simulation time: 00 hr 00 min 35 sec)
Heartbeat CPU 0 instructions: 13000073 cycles: 5444809 heartbeat IPC: 1.031 cumulative IPC: 1.032 (Simulation time: 00 hr 00 min 37 sec)
Heartbeat CPU 0 instructions: 13500075 cycles: 5771336 heartbeat IPC: 1.531 cumulative IPC: 1.083 (Simulation time: 00 hr 00 min 39 sec)
Heartbeat CPU 0 instructions: 14000079 cycles: 6170548 heartbeat IPC: 1.252 cumulative IPC: 1.101 (Simulation time: 00 hr 00 min 41 sec)
Heartbeat CPU 0 instructions: 14500083 cycles: 6470570 heartbeat IPC: 1.667 cumulative IPC: 1.145 (Simulation time: 00 hr 00 min 42 sec)
Heartbeat CPU 0 instructions: 15000086 cycles: 6823447 heartbeat IPC: 1.417 cumulative IPC: 1.167 (Simulation time: 00 hr 00 min 44 sec)
Heartbeat CPU 0 instructions: 15500086 cycles: 7177302 heartbeat IPC: 1.413 cumulative IPC: 1.186 (Simulation time: 00 hr 00 min 46 sec)
Heartbeat CPU 0 instructions: 16000092 cycles: 7539365 heartbeat IPC: 1.381 cumulative IPC: 1.2 (Simulation time: 00 hr 00 min 48 sec)
Heartbeat CPU 0 instructions: 16500094 cycles: 8006901 heartbeat IPC: 1.069 cumulative IPC: 1.189 (Simulation time: 00 hr 00 min 50 sec)
Heartbeat CPU 0 instructions: 17000097 cycles: 8427078 heartbeat IPC: 1.19 cumulative IPC: 1.189 (Simulation time: 00 hr 00 min 52 sec)
Heartbeat CPU 0 instructions: 17500100 cycles: 8834326 heartbeat IPC: 1.228 cumulative IPC: 1.191 (Simulation time: 00 hr 00 min 54 sec)
Heartbeat CPU 0 instructions: 18000100 cycles: 9226890 heartbeat IPC: 1.274 cumulative IPC: 1.196 (Simulation time: 00 hr 00 min 56 sec)
Heartbeat CPU 0 instructions: 18500100 cycles: 9627049 heartbeat IPC: 1.25 cumulative IPC: 1.199 (Simulation time: 00 hr 00 min 58 sec)
Heartbeat CPU 0 instructions: 19000100 cycles: 10462387 heartbeat IPC: 0.5986 cumulative IPC: 1.136 (Simulation time: 00 hr 01 min 01 sec)
Heartbeat CPU 0 instructions: 19500100 cycles: 10771200 heartbeat IPC: 1.619 cumulative IPC: 1.154 (Simulation time: 00 hr 01 min 03 sec)
Heartbeat CPU 0 instructions: 20000101 cycles: 11057568 heartbeat IPC: 1.746 cumulative IPC: 1.174 (Simulation time: 00 hr 01 min 04 sec)
Heartbeat CPU 0 instructions: 20500102 cycles: 11371605 heartbeat IPC: 1.592 cumulative IPC: 1.189 (Simulation time: 00 hr 01 min 05 sec)
Heartbeat CPU 0 instructions: 21000104 cycles: 11636193 heartbeat IPC: 1.89 cumulative IPC: 1.209 (Simulation time: 00 hr 01 min 07 sec)
Heartbeat CPU 0 instructions: 21500105 cycles: 11906305 heartbeat IPC: 1.851 cumulative IPC: 1.228 (Simulation time: 00 hr 01 min 08 sec)
Heartbeat CPU 0 instructions: 22000111 cycles: 13454662 heartbeat IPC: 0.3229 cumulative IPC: 1.099 (Simulation time: 00 hr 01 min 14 sec)
Heartbeat CPU 0 instructions: 22500111 cycles: 15984650 heartbeat IPC: 0.1976 cumulative IPC: 0.9297 (Simulation time: 00 hr 01 min 23 sec)
Heartbeat CPU 0 instructions: 23000117 cycles: 16612127 heartbeat IPC: 0.7969 cumulative IPC: 0.9237 (Simulation time: 00 hr 01 min 26 sec)
Heartbeat CPU 0 instructions: 23500119 cycles: 17403953 heartbeat IPC: 0.6315 cumulative IPC: 0.9082 (Simulation time: 00 hr 01 min 30 sec)
Heartbeat CPU 0 instructions: 24000125 cycles: 19144063 heartbeat IPC: 0.2873 cumulative IPC: 0.8431 (Simulation time: 00 hr 01 min 36 sec)
Heartbeat CPU 0 instructions: 24500126 cycles: 19422327 heartbeat IPC: 1.797 cumulative IPC: 0.8588 (Simulation time: 00 hr 01 min 38 sec)
Heartbeat CPU 0 instructions: 25000129 cycles: 19650702 heartbeat IPC: 2.189 cumulative IPC: 0.8766 (Simulation time: 00 hr 01 min 40 sec)
Heartbeat CPU 0 instructions: 25500134 cycles: 20007452 heartbeat IPC: 1.402 cumulative IPC: 0.8873 (Simulation time: 00 hr 01 min 42 sec)
Heartbeat CPU 0 instructions: 26000134 cycles: 20284225 heartbeat IPC: 1.807 cumulative IPC: 0.9016 (Simulation time: 00 hr 01 min 44 sec)
Heartbeat CPU 0 instructions: 26500140 cycles: 20520824 heartbeat IPC: 2.113 cumulative IPC: 0.9176 (Simulation time: 00 hr 01 min 45 sec)
Heartbeat CPU 0 instructions: 27000147 cycles: 20742369 heartbeat IPC: 2.257 cumulative IPC: 0.9339 (Simulation time: 00 hr 01 min 47 sec)
Heartbeat CPU 0 instructions: 27500147 cycles: 21159385 heartbeat IPC: 1.199 cumulative IPC: 0.9398 (Simulation time: 00 hr 01 min 50 sec)
Heartbeat CPU 0 instructions: 28000151 cycles: 21376390 heartbeat IPC: 2.304 cumulative IPC: 0.9555 (Simulation time: 00 hr 01 min 52 sec)
Heartbeat CPU 0 instructions: 28500156 cycles: 21594716 heartbeat IPC: 2.29 cumulative IPC: 0.9708 (Simulation time: 00 hr 01 min 54 sec)
Heartbeat CPU 0 instructions: 29000157 cycles: 21959526 heartbeat IPC: 1.371 cumulative IPC: 0.9783 (Simulation time: 00 hr 01 min 56 sec)
Heartbeat CPU 0 instructions: 29500158 cycles: 23139608 heartbeat IPC: 0.4237 cumulative IPC: 0.9466 (Simulation time: 00 hr 02 min 00 sec)
Heartbeat CPU 0 instructions: 30000162 cycles: 23440076 heartbeat IPC: 1.664 cumulative IPC: 0.9569 (Simulation time: 00 hr 02 min 02 sec)
Heartbeat CPU 0 instructions: 30500163 cycles: 23727179 heartbeat IPC: 1.742 cumulative IPC: 0.9675 (Simulation time: 00 hr 02 min 03 sec)
Heartbeat CPU 0 instructions: 31000163 cycles: 24030456 heartbeat IPC: 1.649 cumulative IPC: 0.9771 (Simulation time: 00 hr 02 min 04 sec)
Heartbeat CPU 0 instructions: 31500164 cycles: 24290017 heartbeat IPC: 1.926 cumulative IPC: 0.9885 (Simulation time: 00 hr 02 min 06 sec)
Heartbeat CPU 0 instructions: 32000170 cycles: 24550622 heartbeat IPC: 1.919 cumulative IPC: 0.9995 (Simulation time: 00 hr 02 min 07 sec)
Heartbeat CPU 0 instructions: 32500171 cycles: 25223197 heartbeat IPC: 0.7434 cumulative IPC: 0.9919 (Simulation time: 00 hr 02 min 10 sec)
Heartbeat CPU 0 instructions: 33000171 cycles: 25690472 heartbeat IPC: 1.07 cumulative IPC: 0.9935 (Simulation time: 00 hr 02 min 12 sec)
Heartbeat CPU 0 instructions: 33500172 cycles: 26254924 heartbeat IPC: 0.8858 cumulative IPC: 0.9909 (Simulation time: 00 hr 02 min 15 sec)
Heartbeat CPU 0 instructions: 34000173 cycles: 26746972 heartbeat IPC: 1.016 cumulative IPC: 0.9914 (Simulation time: 00 hr 02 min 18 sec)
Heartbeat CPU 0 instructions: 34500179 cycles: 27281781 heartbeat IPC: 0.9349 cumulative IPC: 0.9902 (Simulation time: 00 hr 02 min 21 sec)
Heartbeat CPU 0 instructions: 35000183 cycles: 27791326 heartbeat IPC: 0.9813 cumulative IPC: 0.99 (Simulation time: 00 hr 02 min 24 sec)
Heartbeat CPU 0 instructions: 35500184 cycles: 28395829 heartbeat IPC: 0.8271 cumulative IPC: 0.9862 (Simulation time: 00 hr 02 min 28 sec)
Heartbeat CPU 0 instructions: 36000184 cycles: 28900197 heartbeat IPC: 0.9913 cumulative IPC: 0.9863 (Simulation time: 00 hr 02 min 30 sec)
Heartbeat CPU 0 instructions: 36500186 cycles: 30156993 heartbeat IPC: 0.3978 cumulative IPC: 0.9595 (Simulation time: 00 hr 02 min 35 sec)
Heartbeat CPU 0 instructions: 37000186 cycles: 30460065 heartbeat IPC: 1.65 cumulative IPC: 0.967 (Simulation time: 00 hr 02 min 37 sec)
Heartbeat CPU 0 instructions: 37500186 cycles: 30741128 heartbeat IPC: 1.779 cumulative IPC: 0.9751 (Simulation time: 00 hr 02 min 38 sec)
Heartbeat CPU 0 instructions: 38000186 cycles: 31047013 heartbeat IPC: 1.635 cumulative IPC: 0.9822 (Simulation time: 00 hr 02 min 39 sec)
Heartbeat CPU 0 instructions: 38500186 cycles: 31298668 heartbeat IPC: 1.987 cumulative IPC: 0.991 (Simulation time: 00 hr 02 min 41 sec)
Heartbeat CPU 0 instructions: 39000187 cycles: 31584398 heartbeat IPC: 1.75 cumulative IPC: 0.9984 (Simulation time: 00 hr 02 min 42 sec)
Heartbeat CPU 0 instructions: 39500192 cycles: 32441135 heartbeat IPC: 0.5836 cumulative IPC: 0.9866 (Simulation time: 00 hr 02 min 46 sec)
Heartbeat CPU 0 instructions: 40000192 cycles: 33018701 heartbeat IPC: 0.8657 cumulative IPC: 0.9843 (Simulation time: 00 hr 02 min 48 sec)
Heartbeat CPU 0 instructions: 40500192 cycles: 33444053 heartbeat IPC: 1.175 cumulative IPC: 0.9869 (Simulation time: 00 hr 02 min 50 sec)
Heartbeat CPU 0 instructions: 41000193 cycles: 33783568 heartbeat IPC: 1.473 cumulative IPC: 0.9922 (Simulation time: 00 hr 02 min 52 sec)
Heartbeat CPU 0 instructions: 41500193 cycles: 34219975 heartbeat IPC: 1.146 cumulative IPC: 0.9943 (Simulation time: 00 hr 02 min 54 sec)
Heartbeat CPU 0 instructions: 42000200 cycles: 34630877 heartbeat IPC: 1.217 cumulative IPC: 0.9971 (Simulation time: 00 hr 02 min 56 sec)
Heartbeat CPU 0 instructions: 42500203 cycles: 35037427 heartbeat IPC: 1.23 cumulative IPC: 1 (Simulation time: 00 hr 02 min 57 sec)
Heartbeat CPU 0 instructions: 43000208 cycles: 35364556 heartbeat IPC: 1.528 cumulative IPC: 1.005 (Simulation time: 00 hr 02 min 59 sec)
Heartbeat CPU 0 instructions: 43500211 cycles: 35760062 heartbeat IPC: 1.264 cumulative IPC: 1.008 (Simulation time: 00 hr 03 min 01 sec)
Heartbeat CPU 0 instructions: 44000213 cycles: 36152461 heartbeat IPC: 1.274 cumulative IPC: 1.011 (Simulation time: 00 hr 03 min 03 sec)
Heartbeat CPU 0 instructions: 44500215 cycles: 36504770 heartbeat IPC: 1.419 cumulative IPC: 1.016 (Simulation time: 00 hr 03 min 05 sec)
Heartbeat CPU 0 instructions: 45000221 cycles: 36845962 heartbeat IPC: 1.465 cumulative IPC: 1.02 (Simulation time: 00 hr 03 min 06 sec)
Heartbeat CPU 0 instructions: 45500225 cycles: 37222033 heartbeat IPC: 1.33 cumulative IPC: 1.024 (Simulation time: 00 hr 03 min 08 sec)
Heartbeat CPU 0 instructions: 46000226 cycles: 37701790 heartbeat IPC: 1.042 cumulative IPC: 1.024 (Simulation time: 00 hr 03 min 10 sec)
Heartbeat CPU 0 instructions: 46500229 cycles: 38025924 heartbeat IPC: 1.543 cumulative IPC: 1.029 (Simulation time: 00 hr 03 min 12 sec)
Heartbeat CPU 0 instructions: 47000230 cycles: 38351478 heartbeat IPC: 1.536 cumulative IPC: 1.033 (Simulation time: 00 hr 03 min 14 sec)
Heartbeat CPU 0 instructions: 47500232 cycles: 39636409 heartbeat IPC: 0.3891 cumulative IPC: 1.011 (Simulation time: 00 hr 03 min 18 sec)
Heartbeat CPU 0 instructions: 48000235 cycles: 39929515 heartbeat IPC: 1.706 cumulative IPC: 1.016 (Simulation time: 00 hr 03 min 20 sec)
Heartbeat CPU 0 instructions: 48500236 cycles: 41193580 heartbeat IPC: 0.3956 cumulative IPC: 0.996 (Simulation time: 00 hr 03 min 25 sec)
Heartbeat CPU 0 instructions: 49000236 cycles: 41501262 heartbeat IPC: 1.625 cumulative IPC: 1.001 (Simulation time: 00 hr 03 min 26 sec)
Heartbeat CPU 0 instructions: 49500236 cycles: 41761003 heartbeat IPC: 1.925 cumulative IPC: 1.007 (Simulation time: 00 hr 03 min 27 sec)
Heartbeat CPU 0 instructions: 50000239 cycles: 42011399 heartbeat IPC: 1.997 cumulative IPC: 1.013 (Simulation time: 00 hr 03 min 28 sec)
Heartbeat CPU 0 instructions: 50500241 cycles: 42839516 heartbeat IPC: 0.6038 cumulative IPC: 1.005 (Simulation time: 00 hr 03 min 32 sec)
Heartbeat CPU 0 instructions: 51000241 cycles: 43497677 heartbeat IPC: 0.7597 cumulative IPC: 1.001 (Simulation time: 00 hr 03 min 35 sec)
Heartbeat CPU 0 instructions: 51500246 cycles: 43888012 heartbeat IPC: 1.281 cumulative IPC: 1.004 (Simulation time: 00 hr 03 min 37 sec)
Heartbeat CPU 0 instructions: 52000247 cycles: 44247273 heartbeat IPC: 1.392 cumulative IPC: 1.007 (Simulation time: 00 hr 03 min 38 sec)
Heartbeat CPU 0 instructions: 52500250 cycles: 44648974 heartbeat IPC: 1.245 cumulative IPC: 1.009 (Simulation time: 00 hr 03 min 40 sec)
Heartbeat CPU 0 instructions: 53000252 cycles: 45163309 heartbeat IPC: 0.9721 cumulative IPC: 1.009 (Simulation time: 00 hr 03 min 43 sec)
Heartbeat CPU 0 instructions: 53500252 cycles: 45462664 heartbeat IPC: 1.67 cumulative IPC: 1.013 (Simulation time: 00 hr 03 min 44 sec)
Heartbeat CPU 0 instructions: 54000254 cycles: 45744259 heartbeat IPC: 1.776 cumulative IPC: 1.018 (Simulation time: 00 hr 03 min 45 sec)
Heartbeat CPU 0 instructions: 54500257 cycles: 46033037 heartbeat IPC: 1.731 cumulative IPC: 1.023 (Simulation time: 00 hr 03 min 46 sec)
Heartbeat CPU 0 instructions: 55000259 cycles: 46285665 heartbeat IPC: 1.979 cumulative IPC: 1.029 (Simulation time: 00 hr 03 min 48 sec)
Heartbeat CPU 0 instructions: 55500260 cycles: 46529220 heartbeat IPC: 2.053 cumulative IPC: 1.034 (Simulation time: 00 hr 03 min 49 sec)
Heartbeat CPU 0 instructions: 56000262 cycles: 47507331 heartbeat IPC: 0.5112 cumulative IPC: 1.023 (Simulation time: 00 hr 03 min 54 sec)
Heartbeat CPU 0 instructions: 56500263 cycles: 48726718 heartbeat IPC: 0.41 cumulative IPC: 1.007 (Simulation time: 00 hr 04 min 00 sec)
Heartbeat CPU 0 instructions: 57000266 cycles: 50756052 heartbeat IPC: 0.2464 cumulative IPC: 0.9748 (Simulation time: 00 hr 04 min 07 sec)
Heartbeat CPU 0 instructions: 57500266 cycles: 51365369 heartbeat IPC: 0.8206 cumulative IPC: 0.9728 (Simulation time: 00 hr 04 min 10 sec)
Heartbeat CPU 0 instructions: 58000266 cycles: 51728051 heartbeat IPC: 1.379 cumulative IPC: 0.9758 (Simulation time: 00 hr 04 min 12 sec)
Heartbeat CPU 0 instructions: 58500268 cycles: 52214784 heartbeat IPC: 1.027 cumulative IPC: 0.9763 (Simulation time: 00 hr 04 min 14 sec)
Heartbeat CPU 0 instructions: 59000273 cycles: 52577970 heartbeat IPC: 1.377 cumulative IPC: 0.9792 (Simulation time: 00 hr 04 min 16 sec)
Heartbeat CPU 0 instructions: 59500275 cycles: 52952712 heartbeat IPC: 1.334 cumulative IPC: 0.9819 (Simulation time: 00 hr 04 min 18 sec)
Simulation finished CPU 0 instructions: 50000006 cycles: 50782023 cumulative IPC: 0.9846 (Simulation time: 00 hr 04 min 20 sec)
Simulation complete CPU 0 instructions: 50000006 cycles: 50782023 cumulative IPC: 0.9846 (Simulation time: 00 hr 04 min 20 sec)

ChampSim completed all CPUs

=== Simulation ===
CPU 0 runs traces/charlie_0000.champsim.gz

Region of Interest Statistics

CPU 0 cumulative IPC: 0.9846 instructions: 50000006 cycles: 50782023
CPU 0 Branch Prediction Accuracy: 92.87% MPKI: 15.34 Average ROB Occupancy at Mispredict: 29.62
Branch type MPKI
BRANCH_DIRECT_JUMP: 0.2727
BRANCH_INDIRECT: 0.5188
BRANCH_CONDITIONAL: 13.8
BRANCH_DIRECT_CALL: 0.1681
BRANCH_INDIRECT_CALL: 0.3757
BRANCH_RETURN: 0.2019

cpu0->cpu0_STLB TOTAL        ACCESS:      84874 HIT:      59855 MISS:      25019 MSHR_MERGE:          0
cpu0->cpu0_STLB LOAD         ACCESS:      84874 HIT:      59855 MISS:      25019 MSHR_MERGE:          0
cpu0->cpu0_STLB RFO          ACCESS:          0 HIT:          0 MISS:          0 MSHR_MERGE:          0
cpu0->cpu0_STLB PREFETCH     ACCESS:          0 HIT:          0 MISS:          0 MSHR_MERGE:          0
cpu0->cpu0_STLB WRITE        ACCESS:          0 HIT:          0 MISS:          0 MSHR_MERGE:          0
cpu0->cpu0_STLB TRANSLATION  ACCESS:          0 HIT:          0 MISS:          0 MSHR_MERGE:          0
cpu0->cpu0_STLB PREFETCH REQUESTED:          0 ISSUED:          0 USEFUL:          0 USELESS:          0
cpu0->cpu0_STLB AVERAGE MISS LATENCY: 291.9 cycles
cpu0->cpu0_L2C TOTAL        ACCESS:    1000022 HIT:     603607 MISS:     396415 MSHR_MERGE:      21109
cpu0->cpu0_L2C LOAD         ACCESS:     343690 HIT:     228651 MISS:     115039 MSHR_MERGE:       2929
cpu0->cpu0_L2C RFO          ACCESS:     101997 HIT:      15333 MISS:      86664 MSHR_MERGE:        190
cpu0->cpu0_L2C PREFETCH     ACCESS:     323452 HIT:     143923 MISS:     179529 MSHR_MERGE:      17990
cpu0->cpu0_L2C WRITE        ACCESS:     205191 HIT:     205189 MISS:          2 MSHR_MERGE:          0
cpu0->cpu0_L2C TRANSLATION  ACCESS:      25692 HIT:      10511 MISS:      15181 MSHR_MERGE:          0
cpu0->cpu0_L2C PREFETCH REQUESTED:     136064 ISSUED:     129466 USEFUL:      46014 USELESS:       6056
cpu0->cpu0_L2C AVERAGE MISS LATENCY: 271.7 cycles
cpu0->cpu0_L1I TOTAL        ACCESS:    2645934 HIT:    2414906 MISS:     231028 MSHR_MERGE:      55372
cpu0->cpu0_L1I LOAD         ACCESS:    2645934 HIT:    2414906 MISS:     231028 MSHR_MERGE:      55372
cpu0->cpu0_L1I RFO          ACCESS:          0 HIT:          0 MISS:          0 MSHR_MERGE:          0
cpu0->cpu0_L1I PREFETCH     ACCESS:          0 HIT:          0 MISS:          0 MSHR_MERGE:          0
cpu0->cpu0_L1I WRITE        ACCESS:          0 HIT:          0 MISS:          0 MSHR_MERGE:          0
cpu0->cpu0_L1I TRANSLATION  ACCESS:          0 HIT:          0 MISS:          0 MSHR_MERGE:          0
cpu0->cpu0_L1I PREFETCH REQUESTED:          0 ISSUED:          0 USEFUL:          0 USELESS:          0
cpu0->cpu0_L1I AVERAGE MISS LATENCY: 70.32 cycles
cpu0->cpu0_L1D TOTAL        ACCESS:   13035742 HIT:   12174550 MISS:     861192 MSHR_MERGE:     371483
cpu0->cpu0_L1D LOAD         ACCESS:    8311487 HIT:    8058845 MISS:     252642 MSHR_MERGE:      84608
cpu0->cpu0_L1D RFO          ACCESS:          0 HIT:          0 MISS:          0 MSHR_MERGE:          0
cpu0->cpu0_L1D PREFETCH     ACCESS:     285427 HIT:      78658 MISS:     206769 MSHR_MERGE:      12783
cpu0->cpu0_L1D WRITE        ACCESS:    4373171 HIT:    3997517 MISS:     375654 MSHR_MERGE:     273657
cpu0->cpu0_L1D TRANSLATION  ACCESS:      65657 HIT:      39530 MISS:      26127 MSHR_MERGE:        435
cpu0->cpu0_L1D PREFETCH REQUESTED:     307413 ISSUED:     285426 USEFUL:     143825 USELESS:      50131
cpu0->cpu0_L1D AVERAGE MISS LATENCY: 169.4 cycles
cpu0->cpu0_ITLB TOTAL        ACCESS:    2208958 HIT:    2188841 MISS:      20117 MSHR_MERGE:       8571
cpu0->cpu0_ITLB LOAD         ACCESS:    2208958 HIT:    2188841 MISS:      20117 MSHR_MERGE:       8571
cpu0->cpu0_ITLB RFO          ACCESS:          0 HIT:          0 MISS:          0 MSHR_MERGE:          0
cpu0->cpu0_ITLB PREFETCH     ACCESS:          0 HIT:          0 MISS:          0 MSHR_MERGE:          0
cpu0->cpu0_ITLB WRITE        ACCESS:          0 HIT:          0 MISS:          0 MSHR_MERGE:          0
cpu0->cpu0_ITLB TRANSLATION  ACCESS:          0 HIT:          0 MISS:          0 MSHR_MERGE:          0
cpu0->cpu0_ITLB PREFETCH REQUESTED:          0 ISSUED:          0 USEFUL:          0 USELESS:          0
cpu0->cpu0_ITLB AVERAGE MISS LATENCY: 58.59 cycles
cpu0->cpu0_DTLB TOTAL        ACCESS:   12361903 HIT:   12221636 MISS:     140267 MSHR_MERGE:      66939
cpu0->cpu0_DTLB LOAD         ACCESS:   12361903 HIT:   12221636 MISS:     140267 MSHR_MERGE:      66939
cpu0->cpu0_DTLB RFO          ACCESS:          0 HIT:          0 MISS:          0 MSHR_MERGE:          0
cpu0->cpu0_DTLB PREFETCH     ACCESS:          0 HIT:          0 MISS:          0 MSHR_MERGE:          0
cpu0->cpu0_DTLB WRITE        ACCESS:          0 HIT:          0 MISS:          0 MSHR_MERGE:          0
cpu0->cpu0_DTLB TRANSLATION  ACCESS:          0 HIT:          0 MISS:          0 MSHR_MERGE:          0
cpu0->cpu0_DTLB PREFETCH REQUESTED:          0 ISSUED:          0 USEFUL:          0 USELESS:          0
cpu0->cpu0_DTLB AVERAGE MISS LATENCY: 96.5 cycles
cpu0->LLC TOTAL        ACCESS:     566003 HIT:      67102 MISS:     498901 MSHR_MERGE:       8703
cpu0->LLC LOAD         ACCESS:     112110 HIT:      12046 MISS:     100064 MSHR_MERGE:       3039
cpu0->LLC RFO          ACCESS:      86474 HIT:        850 MISS:      85624 MSHR_MERGE:          0
cpu0->LLC PREFETCH     ACCESS:     161539 HIT:       3229 MISS:     158310 MSHR_MERGE:       5664
cpu0->LLC WRITE        ACCESS:     190699 HIT:      49794 MISS:     140905 MSHR_MERGE:          0
cpu0->LLC TRANSLATION  ACCESS:      15181 HIT:       1183 MISS:      13998 MSHR_MERGE:          0
cpu0->LLC PREFETCH REQUESTED:          0 ISSUED:          0 USEFUL:          0 USELESS:          0
cpu0->LLC AVERAGE MISS LATENCY: 163.8 cycles

DRAM Statistics

Channel 0 RQ ROW_BUFFER_HIT:      22031
  ROW_BUFFER_MISS:     327261
  AVG DBUS CONGESTED CYCLE: 22.07
Channel 0 WQ ROW_BUFFER_HIT:      42430
  ROW_BUFFER_MISS:     149726
  FULL:       2153
Channel 0 REFRESHES ISSUED:       4232
