[VMEM] WARNING: physical memory size is smaller than virtual memory size.

*** ChampSim Multicore Out-of-Order Simulator ***
Warmup Instructions: 10000000
Simulation Instructions: 50000000
Number of CPUs: 1
Page size: 4096
Core 0: traces/sssp-14.trace.gz
 L1D Berti prefetcher
Off-chip DRAM Size: 64 GiB Channels: 1 Width: 64-bit Data Rate: 4807 MT/s
Heartbeat CPU 0 instructions: 500004 cycles: 181447 heartbeat IPC: 2.756 cumulative IPC: 2.756 (Simulation time: 00 hr 00 min 01 sec)
Heartbeat CPU 0 instructions: 1000004 cycles: 358695 heartbeat IPC: 2.821 cumulative IPC: 2.788 (Simulation time: 00 hr 00 min 02 sec)
Heartbeat CPU 0 instructions: 1500004 cycles: 511619 heartbeat IPC: 3.27 cumulative IPC: 2.932 (Simulation time: 00 hr 00 min 03 sec)
Heartbeat CPU 0 instructions: 2000010 cycles: 615090 heartbeat IPC: 4.832 cumulative IPC: 3.252 (Simulation time: 00 hr 00 min 04 sec)
Heartbeat CPU 0 instructions: 2500010 cycles: 718247 heartbeat IPC: 4.847 cumulative IPC: 3.481 (Simulation time: 00 hr 00 min 05 sec)
Heartbeat CPU 0 instructions: 3000011 cycles: 824578 heartbeat IPC: 4.702 cumulative IPC: 3.638 (Simulation time: 00 hr 00 min 07 sec)
Heartbeat CPU 0 instructions: 3500013 cycles: 930985 heartbeat IPC: 4.699 cumulative IPC: 3.759 (Simulation time: 00 hr 00 min 08 sec)
Heartbeat CPU 0 instructions: 4000019 cycles: 1036105 heartbeat IPC: 4.757 cumulative IPC: 3.861 (Simulation time: 00 hr 00 min 09 sec)
Heartbeat CPU 0 instructions: 4500020 cycles: 1142721 heartbeat IPC: 4.69 cumulative IPC: 3.938 (Simulation time: 00 hr 00 min 10 sec)
Heartbeat CPU 0 instructions: 5000023 cycles: 1247816 heartbeat IPC: 4.758 cumulative IPC: 4.007 (Simulation time: 00 hr 00 min 11 sec)
Heartbeat CPU 0 instructions: 5500024 cycles: 1355238 heartbeat IPC: 4.655 cumulative IPC: 4.058 (Simulation time: 00 hr 00 min 12 sec)
Heartbeat CPU 0 instructions: 6000024 cycles: 1461976 heartbeat IPC: 4.684 cumulative IPC: 4.104 (Simulation time: 00 hr 00 min 13 sec)
Heartbeat CPU 0 instructions: 6500024 cycles: 1568024 heartbeat IPC: 4.715 cumulative IPC: 4.145 (Simulation time: 00 hr 00 min 14 sec)
Heartbeat CPU 0 instructions: 7000024 cycles: 1674459 heartbeat IPC: 4.698 cumulative IPC: 4.18 (Simulation time: 00 hr 00 min 16 sec)
Heartbeat CPU 0 instructions: 7500028 cycles: 1780985 heartbeat IPC: 4.694 cumulative IPC: 4.211 (Simulation time: 00 hr 00 min 17 sec)
Heartbeat CPU 0 instructions: 8000030 cycles: 1887588 heartbeat IPC: 4.69 cumulative IPC: 4.238 (Simulation time: 00 hr 00 min 18 sec)
Heartbeat CPU 0 instructions: 8500032 cycles: 1995867 heartbeat IPC: 4.618 cumulative IPC: 4.259 (Simulation time: 00 hr 00 min 19 sec)
Heartbeat CPU 0 instructions: 9000033 cycles: 2102447 heartbeat IPC: 4.691 cumulative IPC: 4.281 (Simulation time: 00 hr 00 min 20 sec)
Heartbeat CPU 0 instructions: 9500040 cycles: 2208873 heartbeat IPC: 4.698 cumulative IPC: 4.301 (Simulation time: 00 hr 00 min 21 sec)
Warmup finished CPU 0 instructions: 10000004 cycles: 2314757 cumulative IPC: 4.32 (Simulation time: 00 hr 00 min 22 sec)
Warmup complete CPU 0 instructions: 10000004 cycles: 2314757 cumulative IPC: 4.32 (Simulation time: 00 hr 00 min 22 sec)
Heartbeat CPU 0 instructions: 10000041 cycles: 2314763 heartbeat IPC: 4.722 cumulative IPC: 6.167 (Simulation time: 00 hr 00 min 22 sec)
Heartbeat CPU 0 instructions: 10500043 cycles: 3327377 heartbeat IPC: 0.4938 cumulative IPC: 0.4938 (Simulation time: 00 hr 00 min 26 sec)
Heartbeat CPU 0 instructions: 11000044 cycles: 4370851 heartbeat IPC: 0.4792 cumulative IPC: 0.4864 (Simulation time: 00 hr 00 min 30 sec)
Heartbeat CPU 0 instructions: 11500049 cycles: 5385868 heartbeat IPC: 0.4926 cumulative IPC: 0.4884 (Simulation time: 00 hr 00 min 34 sec)
Heartbeat CPU 0 instructions: 12000056 cycles: 6398880 heartbeat IPC: 0.4936 cumulative IPC: 0.4897 (Simulation time: 00 hr 00 min 37 sec)
Heartbeat CPU 0 instructions: 12500063 cycles: 7435788 heartbeat IPC: 0.4822 cumulative IPC: 0.4882 (Simulation time: 00 hr 00 min 41 sec)
Heartbeat CPU 0 instructions: 13000063 cycles: 8416924 heartbeat IPC: 0.5096 cumulative IPC: 0.4916 (Simulation time: 00 hr 00 min 45 sec)
Heartbeat CPU 0 instructions: 13500066 cycles: 9456786 heartbeat IPC: 0.4808 cumulative IPC: 0.4901 (Simulation time: 00 hr 00 min 49 sec)
Heartbeat CPU 0 instructions: 14000067 cycles: 10458838 heartbeat IPC: 0.499 cumulative IPC: 0.4912 (Simulation time: 00 hr 00 min 53 sec)
Heartbeat CPU 0 instructions: 14500071 cycles: 11457947 heartbeat IPC: 0.5004 cumulative IPC: 0.4922 (Simulation time: 00 hr 00 min 57 sec)
Heartbeat CPU 0 instructions: 15000072 cycles: 12436681 heartbeat IPC: 0.5109 cumulative IPC: 0.494 (Simulation time: 00 hr 01 min 00 sec)
Heartbeat CPU 0 instructions: 15500077 cycles: 13413020 heartbeat IPC: 0.5121 cumulative IPC: 0.4956 (Simulation time: 00 hr 01 min 04 sec)
Heartbeat CPU 0 instructions: 16000078 cycles: 14407325 heartbeat IPC: 0.5029 cumulative IPC: 0.4962 (Simulation time: 00 hr 01 min 08 sec)
Heartbeat CPU 0 instructions: 16500080 cycles: 15390828 heartbeat IPC: 0.5084 cumulative IPC: 0.4971 (Simulation time: 00 hr 01 min 12 sec)
Heartbeat CPU 0 instructions: 17000080 cycles: 16223142 heartbeat IPC: 0.6007 cumulative IPC: 0.5033 (Simulation time: 00 hr 01 min 15 sec)
Heartbeat CPU 0 instructions: 17500084 cycles: 16965727 heartbeat IPC: 0.6733 cumulative IPC: 0.5119 (Simulation time: 00 hr 01 min 18 sec)
Heartbeat CPU 0 instructions: 18000086 cycles: 17751001 heartbeat IPC: 0.6367 cumulative IPC: 0.5183 (Simulation time: 00 hr 01 min 22 sec)
Heartbeat CPU 0 instructions: 18500090 cycles: 18587119 heartbeat IPC: 0.598 cumulative IPC: 0.5224 (Simulation time: 00 hr 01 min 25 sec)
Heartbeat CPU 0 instructions: 19000091 cycles: 19485887 heartbeat IPC: 0.5563 cumulative IPC: 0.5241 (Simulation time: 00 hr 01 min 29 sec)
Heartbeat CPU 0 instructions: 19500091 cycles: 20427740 heartbeat IPC: 0.5309 cumulative IPC: 0.5245 (Simulation time: 00 hr 01 min 33 sec)
Heartbeat CPU 0 instructions: 20000093 cycles: 21352343 heartbeat IPC: 0.5408 cumulative IPC: 0.5253 (Simulation time: 00 hr 01 min 36 sec)
Heartbeat CPU 0 instructions: 20500098 cycles: 22317185 heartbeat IPC: 0.5182 cumulative IPC: 0.5249 (Simulation time: 00 hr 01 min 40 sec)
Heartbeat CPU 0 instructions: 21000100 cycles: 23258894 heartbeat IPC: 0.531 cumulative IPC: 0.5252 (Simulation time: 00 hr 01 min 44 sec)
Heartbeat CPU 0 instructions: 21500101 cycles: 24220509 heartbeat IPC: 0.52 cumulative IPC: 0.525 (Simulation time: 00 hr 01 min 48 sec)
Heartbeat CPU 0 instructions: 22000102 cycles: 25162377 heartbeat IPC: 0.5309 cumulative IPC: 0.5252 (Simulation time: 00 hr 01 min 51 sec)
Heartbeat CPU 0 instructions: 22500104 cycles: 26076531 heartbeat IPC: 0.547 cumulative IPC: 0.5261 (Simulation time: 00 hr 01 min 55 sec)
Heartbeat CPU 0 instructions: 23000110 cycles: 27006731 heartbeat IPC: 0.5375 cumulative IPC: 0.5265 (Simulation time: 00 hr 01 min 59 sec)
Heartbeat CPU 0 instructions: 23500110 cycles: 27910940 heartbeat IPC: 0.553 cumulative IPC: 0.5274 (Simulation time: 00 hr 02 min 02 sec)
Heartbeat CPU 0 instructions: 24000113 cycles: 28870213 heartbeat IPC: 0.5212 cumulative IPC: 0.5272 (Simulation time: 00 hr 02 min 06 sec)
Heartbeat CPU 0 instructions: 24500115 cycles: 29813085 heartbeat IPC: 0.5303 cumulative IPC: 0.5273 (Simulation time: 00 hr 02 min 10 sec)
Heartbeat CPU 0 instructions: 25000116 cycles: 30695496 heartbeat IPC: 0.5666 cumulative IPC: 0.5285 (Simulation time: 00 hr 02 min 14 sec)
Heartbeat CPU 0 instructions: 25500123 cycles: 31569707 heartbeat IPC: 0.572 cumulative IPC: 0.5298 (Simulation time: 00 hr 02 min 17 sec)
Heartbeat CPU 0 instructions: 26000130 cycles: 32443239 heartbeat IPC: 0.5724 cumulative IPC: 0.5311 (Simulation time: 00 hr 02 min 21 sec)
Heartbeat CPU 0 instructions: 26500135 cycles: 33338217 heartbeat IPC: 0.5587 cumulative IPC: 0.5319 (Simulation time: 00 hr 02 min 24 sec)
Heartbeat CPU 0 instructions: 27000142 cycles: 34229669 heartbeat IPC: 0.5609 cumulative IPC: 0.5327 (Simulation time: 00 hr 02 min 28 sec)
Heartbeat CPU 0 instructions: 27500149 cycles: 35113784 heartbeat IPC: 0.5655 cumulative IPC: 0.5336 (Simulation time: 00 hr 02 min 31 sec)
Heartbeat CPU 0 instructions: 28000154 cycles: 35977944 heartbeat IPC: 0.5786 cumulative IPC: 0.5347 (Simulation time: 00 hr 02 min 35 sec)
Heartbeat CPU 0 instructions: 28500158 cycles: 36856124 heartbeat IPC: 0.5694 cumulative IPC: 0.5356 (Simulation time: 00 hr 02 min 38 sec)
Heartbeat CPU 0 instructions: 29000163 cycles: 37751448 heartbeat IPC: 0.5585 cumulative IPC: 0.5362 (Simulation time: 00 hr 02 min 42 sec)
Heartbeat CPU 0 instructions: 29500170 cycles: 38664184 heartbeat IPC: 0.5478 cumulative IPC: 0.5365 (Simulation time: 00 hr 02 min 46 sec)
Heartbeat CPU 0 instructions: 30000176 cycles: 39547024 heartbeat IPC: 0.5664 cumulative IPC: 0.5372 (Simulation time: 00 hr 02 min 49 sec)
Heartbeat CPU 0 instructions: 30500180 cycles: 40402657 heartbeat IPC: 0.5844 cumulative IPC: 0.5382 (Simulation time: 00 hr 02 min 53 sec)
Heartbeat CPU 0 instructions: 31000183 cycles: 41277755 heartbeat IPC: 0.5714 cumulative IPC: 0.539 (Simulation time: 00 hr 02 min 57 sec)
Heartbeat CPU 0 instructions: 31500187 cycles: 42108129 heartbeat IPC: 0.6021 cumulative IPC: 0.5403 (Simulation time: 00 hr 03 min 00 sec)
Heartbeat CPU 0 instructions: 32000194 cycles: 42937102 heartbeat IPC: 0.6032 cumulative IPC: 0.5416 (Simulation time: 00 hr 03 min 03 sec)
Heartbeat CPU 0 instructions: 32500195 cycles: 43797533 heartbeat IPC: 0.5811 cumulative IPC: 0.5424 (Simulation time: 00 hr 03 min 07 sec)
Heartbeat CPU 0 instructions: 33000197 cycles: 44706141 heartbeat IPC: 0.5503 cumulative IPC: 0.5426 (Simulation time: 00 hr 03 min 11 sec)
Heartbeat CPU 0 instructions: 33500199 cycles: 45571067 heartbeat IPC: 0.5781 cumulative IPC: 0.5433 (Simulation time: 00 hr 03 min 15 sec)
Heartbeat CPU 0 instructions: 34000201 cycles: 46464717 heartbeat IPC: 0.5595 cumulative IPC: 0.5436 (Simulation time: 00 hr 03 min 18 sec)
Heartbeat CPU 0 instructions: 34500202 cycles: 47354462 heartbeat IPC: 0.562 cumulative IPC: 0.544 (Simulation time: 00 hr 03 min 22 sec)
Heartbeat CPU 0 instructions: 35000207 cycles: 48176112 heartbeat IPC: 0.6085 cumulative IPC: 0.5451 (Simulation time: 00 hr 03 min 25 sec)
Heartbeat CPU 0 instructions: 35500213 cycles: 49005999 heartbeat IPC: 0.6025 cumulative IPC: 0.5461 (Simulation time: 00 hr 03 min 29 sec)
Heartbeat CPU 0 instructions: 36000215 cycles: 49896790 heartbeat IPC: 0.5613 cumulative IPC: 0.5464 (Simulation time: 00 hr 03 min 33 sec)
Heartbeat CPU 0 instructions: 36500215 cycles: 50759373 heartbeat IPC: 0.5797 cumulative IPC: 0.547 (Simulation time: 00 hr 03 min 36 sec)
Heartbeat CPU 0 instructions: 37000215 cycles: 51586477 heartbeat IPC: 0.6045 cumulative IPC: 0.548 (Simulation time: 00 hr 03 min 40 sec)
Heartbeat CPU 0 instructions: 37500215 cycles: 52404985 heartbeat IPC: 0.6109 cumulative IPC: 0.549 (Simulation time: 00 hr 03 min 43 sec)
Heartbeat CPU 0 instructions: 38000216 cycles: 53273120 heartbeat IPC: 0.5759 cumulative IPC: 0.5495 (Simulation time: 00 hr 03 min 47 sec)
Heartbeat CPU 0 instructions: 38500221 cycles: 54092119 heartbeat IPC: 0.6105 cumulative IPC: 0.5504 (Simulation time: 00 hr 03 min 50 sec)
Heartbeat CPU 0 instructions: 39000222 cycles: 54941218 heartbeat IPC: 0.5889 cumulative IPC: 0.5511 (Simulation time: 00 hr 03 min 54 sec)
Heartbeat CPU 0 instructions: 39500229 cycles: 55775864 heartbeat IPC: 0.5991 cumulative IPC: 0.5518 (Simulation time: 00 hr 03 min 58 sec)
Heartbeat CPU 0 instructions: 40000229 cycles: 56579330 heartbeat IPC: 0.6223 cumulative IPC: 0.5529 (Simulation time: 00 hr 04 min 01 sec)
Heartbeat CPU 0 instructions: 40500230 cycles: 57375769 heartbeat IPC: 0.6278 cumulative IPC: 0.5539 (Simulation time: 00 hr 04 min 04 sec)
Heartbeat CPU 0 instructions: 41000231 cycles: 58197283 heartbeat IPC: 0.6086 cumulative IPC: 0.5547 (Simulation time: 00 hr 04 min 08 sec)
Heartbeat CPU 0 instructions: 41500234 cycles: 58982192 heartbeat IPC: 0.637 cumulative IPC: 0.5559 (Simulation time: 00 hr 04 min 11 sec)
Heartbeat CPU 0 instructions: 42000238 cycles: 59815389 heartbeat IPC: 0.6001 cumulative IPC: 0.5565 (Simulation time: 00 hr 04 min 15 sec)
Heartbeat CPU 0 instructions: 42500242 cycles: 60666615 heartbeat IPC: 0.5874 cumulative IPC: 0.557 (Simulation time: 00 hr 04 min 18 sec)
Heartbeat CPU 0 instructions: 43000248 cycles: 61476840 heartbeat IPC: 0.6171 cumulative IPC: 0.5578 (Simulation time: 00 hr 04 min 22 sec)
Heartbeat CPU 0 instructions: 43500252 cycles: 62310450 heartbeat IPC: 0.5998 cumulative IPC: 0.5584 (Simulation time: 00 hr 04 min 25 sec)
Heartbeat CPU 0 instructions: 44000253 cycles: 63122247 heartbeat IPC: 0.6159 cumulative IPC: 0.5591 (Simulation time: 00 hr 04 min 29 sec)
Heartbeat CPU 0 instructions: 44500254 cycles: 63930264 heartbeat IPC: 0.6188 cumulative IPC: 0.5599 (Simulation time: 00 hr 04 min 32 sec)
Heartbeat CPU 0 instructions: 45000257 cycles: 64727654 heartbeat IPC: 0.627 cumulative IPC: 0.5608 (Simulation time: 00 hr 04 min 36 sec)
Heartbeat CPU 0 instructions: 45500261 cycles: 65555972 heartbeat IPC: 0.6036 cumulative IPC: 0.5613 (Simulation time: 00 hr 04 min 39 sec)
Heartbeat CPU 0 instructions: 46000267 cycles: 66370104 heartbeat IPC: 0.6142 cumulative IPC: 0.562 (Simulation time: 00 hr 04 min 43 sec)
Heartbeat CPU 0 instructions: 46500268 cycles: 67182166 heartbeat IPC: 0.6157 cumulative IPC: 0.5627 (Simulation time: 00 hr 04 min 46 sec)
Heartbeat CPU 0 instructions: 47000269 cycles: 67975482 heartbeat IPC: 0.6303 cumulative IPC: 0.5635 (Simulation time: 00 hr 04 min 50 sec)
Heartbeat CPU 0 instructions: 47500275 cycles: 68758492 heartbeat IPC: 0.6386 cumulative IPC: 0.5644 (Simulation time: 00 hr 04 min 53 sec)
Heartbeat CPU 0 instructions: 48000275 cycles: 69550197 heartbeat IPC: 0.6315 cumulative IPC: 0.5652 (Simulation time: 00 hr 04 min 56 sec)
Heartbeat CPU 0 instructions: 48500277 cycles: 70357858 heartbeat IPC: 0.6191 cumulative IPC: 0.5658 (Simulation time: 00 hr 05 min 00 sec)
Heartbeat CPU 0 instructions: 49000277 cycles: 71126877 heartbeat IPC: 0.6502 cumulative IPC: 0.5668 (Simulation time: 00 hr 05 min 03 sec)
Heartbeat CPU 0 instructions: 49500283 cycles: 71900568 heartbeat IPC: 0.6463 cumulative IPC: 0.5676 (Simulation time: 00 hr 05 min 07 sec)
Heartbeat CPU 0 instructions: 50000286 cycles: 72666742 heartbeat IPC: 0.6526 cumulative IPC: 0.5686 (Simulation time: 00 hr 05 min 10 sec)
Heartbeat CPU 0 instructions: 50500288 cycles: 73463356 heartbeat IPC: 0.6277 cumulative IPC: 0.5692 (Simulation time: 00 hr 05 min 13 sec)
Heartbeat CPU 0 instructions: 51000288 cycles: 74251913 heartbeat IPC: 0.6341 cumulative IPC: 0.5699 (Simulation time: 00 hr 05 min 17 sec)
Heartbeat CPU 0 instructions: 51500293 cycles: 75005309 heartbeat IPC: 0.6637 cumulative IPC: 0.5709 (Simulation time: 00 hr 05 min 20 sec)
Heartbeat CPU 0 instructions: 52000297 cycles: 75787581 heartbeat IPC: 0.6392 cumulative IPC: 0.5716 (Simulation time: 00 hr 05 min 24 sec)
Heartbeat CPU 0 instructions: 52500298 cycles: 76547490 heartbeat IPC: 0.658 cumulative IPC: 0.5725 (Simulation time: 00 hr 05 min 27 sec)
Heartbeat CPU 0 instructions: 53000301 cycles: 77325114 heartbeat IPC: 0.643 cumulative IPC: 0.5733 (Simulation time: 00 hr 05 min 30 sec)
Heartbeat CPU 0 instructions: 53500302 cycles: 78118967 heartbeat IPC: 0.6298 cumulative IPC: 0.5739 (Simulation time: 00 hr 05 min 34 sec)
Heartbeat CPU 0 instructions: 54000306 cycles: 78955957 heartbeat IPC: 0.5974 cumulative IPC: 0.5741 (Simulation time: 00 hr 05 min 38 sec)
Heartbeat CPU 0 instructions: 54500312 cycles: 79779660 heartbeat IPC: 0.607 cumulative IPC: 0.5745 (Simulation time: 00 hr 05 min 42 sec)
Heartbeat CPU 0 instructions: 55000319 cycles: 80618329 heartbeat IPC: 0.5962 cumulative IPC: 0.5747 (Simulation time: 00 hr 05 min 45 sec)
Heartbeat CPU 0 instructions: 55500326 cycles: 81402973 heartbeat IPC: 0.6372 cumulative IPC: 0.5753 (Simulation time: 00 hr 05 min 49 sec)
Heartbeat CPU 0 instructions: 56000328 cycles: 82165352 heartbeat IPC: 0.6558 cumulative IPC: 0.5761 (Simulation time: 00 hr 05 min 52 sec)
Heartbeat CPU 0 instructions: 56500328 cycles: 82920649 heartbeat IPC: 0.662 cumulative IPC: 0.5769 (Simulation time: 00 hr 05 min 56 sec)
Heartbeat CPU 0 instructions: 57000328 cycles: 83692585 heartbeat IPC: 0.6477 cumulative IPC: 0.5776 (Simulation time: 00 hr 05 min 59 sec)
Heartbeat CPU 0 instructions: 57500329 cycles: 84466072 heartbeat IPC: 0.6464 cumulative IPC: 0.5782 (Simulation time: 00 hr 06 min 03 sec)
Heartbeat CPU 0 instructions: 58000334 cycles: 85289386 heartbeat IPC: 0.6073 cumulative IPC: 0.5785 (Simulation time: 00 hr 06 min 06 sec)
Heartbeat CPU 0 instructions: 58500337 cycles: 86096887 heartbeat IPC: 0.6192 cumulative IPC: 0.5789 (Simulation time: 00 hr 06 min 10 sec)
Heartbeat CPU 0 instructions: 59000338 cycles: 86865985 heartbeat IPC: 0.6501 cumulative IPC: 0.5795 (Simulation time: 00 hr 06 min 13 sec)
Heartbeat CPU 0 instructions: 59500338 cycles: 87626330 heartbeat IPC: 0.6576 cumulative IPC: 0.5802 (Simulation time: 00 hr 06 min 17 sec)
Simulation finished CPU 0 instructions: 50000002 cycles: 86129054 cumulative IPC: 0.5805 (Simulation time: 00 hr 06 min 21 sec)
Simulation complete CPU 0 instructions: 50000002 cycles: 86129054 cumulative IPC: 0.5805 (Simulation time: 00 hr 06 min 21 sec)

ChampSim completed all CPUs

=== Simulation ===
CPU 0 runs traces/sssp-14.trace.gz

Region of Interest Statistics

CPU 0 cumulative IPC: 0.5805 instructions: 50000002 cycles: 86129054
CPU 0 Branch Prediction Accuracy: 94.07% MPKI: 8.732 Average ROB Occupancy at Mispredict: 57.65
Branch type MPKI
BRANCH_DIRECT_JUMP: 6e-05
BRANCH_INDIRECT: 0
BRANCH_CONDITIONAL: 8.732
BRANCH_DIRECT_CALL: 0
BRANCH_INDIRECT_CALL: 0
BRANCH_RETURN: 0

cpu0->cpu0_STLB TOTAL        ACCESS:     949995 HIT:     939371 MISS:      10624 MSHR_MERGE:          0
cpu0->cpu0_STLB LOAD         ACCESS:     949995 HIT:     939371 MISS:      10624 MSHR_MERGE:          0
cpu0->cpu0_STLB RFO          ACCESS:          0 HIT:          0 MISS:          0 MSHR_MERGE:          0
cpu0->cpu0_STLB PREFETCH     ACCESS:          0 HIT:          0 MISS:          0 MSHR_MERGE:          0
cpu0->cpu0_STLB WRITE        ACCESS:          0 HIT:          0 MISS:          0 MSHR_MERGE:          0
cpu0->cpu0_STLB TRANSLATION  ACCESS:          0 HIT:          0 MISS:          0 MSHR_MERGE:          0
cpu0->cpu0_STLB PREFETCH REQUESTED:          0 ISSUED:          0 USEFUL:          0 USELESS:          0
cpu0->cpu0_STLB AVERAGE MISS LATENCY: 278.7 cycles
cpu0->cpu0_L2C TOTAL        ACCESS:    4524227 HIT:    2668094 MISS:    1856133 MSHR_MERGE:      82651
cpu0->cpu0_L2C LOAD         ACCESS:    1895699 HIT:    1099781 MISS:     795918 MSHR_MERGE:      14678
cpu0->cpu0_L2C RFO          ACCESS:     297164 HIT:     243129 MISS:      54035 MSHR_MERGE:          0
cpu0->cpu0_L2C PREFETCH     ACCESS:    1529193 HIT:     529035 MISS:    1000158 MSHR_MERGE:      67973
cpu0->cpu0_L2C WRITE        ACCESS:     792493 HIT:     792316 MISS:        177 MSHR_MERGE:          0
cpu0->cpu0_L2C TRANSLATION  ACCESS:       9678 HIT:       3833 MISS:       5845 MSHR_MERGE:          0
cpu0->cpu0_L2C PREFETCH REQUESTED:     402791 ISSUED:     391522 USEFUL:     134443 USELESS:      52386
cpu0->cpu0_L2C AVERAGE MISS LATENCY: 112.8 cycles
cpu0->cpu0_L1I TOTAL        ACCESS:    2025980 HIT:    2025979 MISS:          1 MSHR_MERGE:          0
cpu0->cpu0_L1I LOAD         ACCESS:    2025980 HIT:    2025979 MISS:          1 MSHR_MERGE:          0
cpu0->cpu0_L1I RFO          ACCESS:          0 HIT:          0 MISS:          0 MSHR_MERGE:          0
cpu0->cpu0_L1I PREFETCH     ACCESS:          0 HIT:          0 MISS:          0 MSHR_MERGE:          0
cpu0->cpu0_L1I WRITE        ACCESS:          0 HIT:          0 MISS:          0 MSHR_MERGE:          0
cpu0->cpu0_L1I TRANSLATION  ACCESS:          0 HIT:          0 MISS:          0 MSHR_MERGE:          0
cpu0->cpu0_L1I PREFETCH REQUESTED:          0 ISSUED:          0 USEFUL:          0 USELESS:          0
cpu0->cpu0_L1I AVERAGE MISS LATENCY: 236 cycles
cpu0->cpu0_L1D TOTAL        ACCESS:   15595940 HIT:   11827707 MISS:    3768233 MSHR_MERGE:     428016
cpu0->cpu0_L1D LOAD         ACCESS:   12695266 HIT:   10518255 MISS:    2177011 MSHR_MERGE:     281311
cpu0->cpu0_L1D RFO          ACCESS:          0 HIT:          0 MISS:          0 MSHR_MERGE:          0
cpu0->cpu0_L1D PREFETCH     ACCESS:    1417615 HIT:     247272 MISS:    1170343 MSHR_MERGE:      32671
cpu0->cpu0_L1D WRITE        ACCESS:    1460634 HIT:    1049489 MISS:     411145 MSHR_MERGE:     113978
cpu0->cpu0_L1D TRANSLATION  ACCESS:      22425 HIT:      12691 MISS:       9734 MSHR_MERGE:         56
cpu0->cpu0_L1D PREFETCH REQUESTED:    1434644 ISSUED:    1417610 USEFUL:     364877 USELESS:     772718
cpu0->cpu0_L1D AVERAGE MISS LATENCY: 53.47 cycles
cpu0->cpu0_ITLB TOTAL        ACCESS:    2022906 HIT:    2022906 MISS:          0 MSHR_MERGE:          0
cpu0->cpu0_ITLB LOAD         ACCESS:    2022906 HIT:    2022906 MISS:          0 MSHR_MERGE:          0
cpu0->cpu0_ITLB RFO          ACCESS:          0 HIT:          0 MISS:          0 MSHR_MERGE:          0
cpu0->cpu0_ITLB PREFETCH     ACCESS:          0 HIT:          0 MISS:          0 MSHR_MERGE:          0
cpu0->cpu0_ITLB WRITE        ACCESS:          0 HIT:          0 MISS:          0 MSHR_MERGE:          0
cpu0->cpu0_ITLB TRANSLATION  ACCESS:          0 HIT:          0 MISS:          0 MSHR_MERGE:          0
cpu0->cpu0_ITLB PREFETCH REQUESTED:          0 ISSUED:          0 USEFUL:          0 USELESS:          0
cpu0->cpu0_ITLB AVERAGE MISS LATENCY: - cycles
cpu0->cpu0_DTLB TOTAL        ACCESS:   15163062 HIT:   13941453 MISS:    1221609 MSHR_MERGE:     271614
cpu0->cpu0_DTLB LOAD         ACCESS:   15163062 HIT:   13941453 MISS:    1221609 MSHR_MERGE:     271614
cpu0->cpu0_DTLB RFO          ACCESS:          0 HIT:          0 MISS:          0 MSHR_MERGE:          0
cpu0->cpu0_DTLB PREFETCH     ACCESS:          0 HIT:          0 MISS:          0 MSHR_MERGE:          0
cpu0->cpu0_DTLB WRITE        ACCESS:          0 HIT:          0 MISS:          0 MSHR_MERGE:          0
cpu0->cpu0_DTLB TRANSLATION  ACCESS:          0 HIT:          0 MISS:          0 MSHR_MERGE:          0
cpu0->cpu0_DTLB PREFETCH REQUESTED:          0 ISSUED:          0 USEFUL:          0 USELESS:          0
cpu0->cpu0_DTLB AVERAGE MISS LATENCY: 8.135 cycles
cpu0->LLC TOTAL        ACCESS:    2216486 HIT:    1141272 MISS:    1075214 MSHR_MERGE:      32156
cpu0->LLC LOAD         ACCESS:     781240 HIT:     505864 MISS:     275376 MSHR_MERGE:       5572
cpu0->LLC RFO          ACCESS:      54035 HIT:       2962 MISS:      51073 MSHR_MERGE:          0
cpu0->LLC PREFETCH     ACCESS:     932182 HIT:     373054 MISS:     559128 MSHR_MERGE:      26584
cpu0->LLC WRITE        ACCESS:     443184 HIT:     259198 MISS:     183986 MSHR_MERGE:          0
cpu0->LLC TRANSLATION  ACCESS:       5845 HIT:        194 MISS:       5651 MSHR_MERGE:          0
cpu0->LLC PREFETCH REQUESTED:          0 ISSUED:          0 USEFUL:          0 USELESS:          0
cpu0->LLC AVERAGE MISS LATENCY: 152.4 cycles

DRAM Statistics

Channel 0 RQ ROW_BUFFER_HIT:      19889
  ROW_BUFFER_MISS:     838774
  AVG DBUS CONGESTED CYCLE: 28.21
Channel 0 WQ ROW_BUFFER_HIT:      59169
  ROW_BUFFER_MISS:     160151
  FULL:          0
Channel 0 REFRESHES ISSUED:       7177
