[VMEM] WARNING: physical memory size is smaller than virtual memory size.

*** ChampSim Multicore Out-of-Order Simulator ***
Warmup Instructions: 10000000
Simulation Instructions: 50000000
Number of CPUs: 1
Page size: 4096
Core 0: traces/bc-0.trace.gz
Off-chip DRAM Size: 64 GiB Channels: 1 Width: 64-bit Data Rate: 800 MT/s
Heartbeat CPU 0 instructions: 500003 cycles: 508752 heartbeat IPC: 0.9828 cumulative IPC: 0.9828 (Simulation time: 00 hr 00 min 02 sec)
Heartbeat CPU 0 instructions: 1000003 cycles: 1015389 heartbeat IPC: 0.9869 cumulative IPC: 0.9848 (Simulation time: 00 hr 00 min 05 sec)
Heartbeat CPU 0 instructions: 1500003 cycles: 1521529 heartbeat IPC: 0.9879 cumulative IPC: 0.9859 (Simulation time: 00 hr 00 min 07 sec)
Heartbeat CPU 0 instructions: 2000003 cycles: 1877223 heartbeat IPC: 1.406 cumulative IPC: 1.065 (Simulation time: 00 hr 00 min 09 sec)
Heartbeat CPU 0 instructions: 2500007 cycles: 1986127 heartbeat IPC: 4.591 cumulative IPC: 1.259 (Simulation time: 00 hr 00 min 10 sec)
Heartbeat CPU 0 instructions: 3000011 cycles: 2091099 heartbeat IPC: 4.763 cumulative IPC: 1.435 (Simulation time: 00 hr 00 min 11 sec)
Heartbeat CPU 0 instructions: 3500014 cycles: 2198901 heartbeat IPC: 4.638 cumulative IPC: 1.592 (Simulation time: 00 hr 00 min 12 sec)
Heartbeat CPU 0 instructions: 4000017 cycles: 2301420 heartbeat IPC: 4.877 cumulative IPC: 1.738 (Simulation time: 00 hr 00 min 13 sec)
Heartbeat CPU 0 instructions: 4500022 cycles: 2413437 heartbeat IPC: 4.464 cumulative IPC: 1.865 (Simulation time: 00 hr 00 min 15 sec)
Heartbeat CPU 0 instructions: 5000027 cycles: 2524889 heartbeat IPC: 4.486 cumulative IPC: 1.98 (Simulation time: 00 hr 00 min 16 sec)
Heartbeat CPU 0 instructions: 5500034 cycles: 2630730 heartbeat IPC: 4.724 cumulative IPC: 2.091 (Simulation time: 00 hr 00 min 17 sec)
Heartbeat CPU 0 instructions: 6000036 cycles: 2742058 heartbeat IPC: 4.491 cumulative IPC: 2.188 (Simulation time: 00 hr 00 min 18 sec)
Heartbeat CPU 0 instructions: 6500039 cycles: 2848605 heartbeat IPC: 4.693 cumulative IPC: 2.282 (Simulation time: 00 hr 00 min 19 sec)
Heartbeat CPU 0 instructions: 7000045 cycles: 2957031 heartbeat IPC: 4.611 cumulative IPC: 2.367 (Simulation time: 00 hr 00 min 20 sec)
Heartbeat CPU 0 instructions: 7500045 cycles: 3059316 heartbeat IPC: 4.888 cumulative IPC: 2.452 (Simulation time: 00 hr 00 min 21 sec)
Heartbeat CPU 0 instructions: 8000048 cycles: 3167092 heartbeat IPC: 4.639 cumulative IPC: 2.526 (Simulation time: 00 hr 00 min 22 sec)
Heartbeat CPU 0 instructions: 8500052 cycles: 3272289 heartbeat IPC: 4.753 cumulative IPC: 2.598 (Simulation time: 00 hr 00 min 24 sec)
Heartbeat CPU 0 instructions: 9000057 cycles: 3383544 heartbeat IPC: 4.494 cumulative IPC: 2.66 (Simulation time: 00 hr 00 min 25 sec)
Heartbeat CPU 0 instructions: 9500063 cycles: 3489502 heartbeat IPC: 4.719 cumulative IPC: 2.722 (Simulation time: 00 hr 00 min 26 sec)
Warmup finished CPU 0 instructions: 10000001 cycles: 3594368 cumulative IPC: 2.782 (Simulation time: 00 hr 00 min 27 sec)
Warmup complete CPU 0 instructions: 10000001 cycles: 3594368 cumulative IPC: 2.782 (Simulation time: 00 hr 00 min 27 sec)
Heartbeat CPU 0 instructions: 10000069 cycles: 3594813 heartbeat IPC: 4.748 cumulative IPC: 0.1528 (Simulation time: 00 hr 00 min 27 sec)
Heartbeat CPU 0 instructions: 10500070 cycles: 6604722 heartbeat IPC: 0.1661 cumulative IPC: 0.1661 (Simulation time: 00 hr 00 min 37 sec)
Heartbeat CPU 0 instructions: 11000070 cycles: 9613933 heartbeat IPC: 0.1662 cumulative IPC: 0.1661 (Simulation time: 00 hr 00 min 47 sec)
Heartbeat CPU 0 instructions: 11500071 cycles: 12508052 heartbeat IPC: 0.1728 cumulative IPC: 0.1683 (Simulation time: 00 hr 00 min 56 sec)
Heartbeat CPU 0 instructions: 12000076 cycles: 15863332 heartbeat IPC: 0.149 cumulative IPC: 0.163 (Simulation time: 00 hr 01 min 07 sec)
Heartbeat CPU 0 instructions: 12500077 cycles: 19072267 heartbeat IPC: 0.1558 cumulative IPC: 0.1615 (Simulation time: 00 hr 01 min 17 sec)
Heartbeat CPU 0 instructions: 13000081 cycles: 22132542 heartbeat IPC: 0.1634 cumulative IPC: 0.1618 (Simulation time: 00 hr 01 min 27 sec)
Heartbeat CPU 0 instructions: 13500085 cycles: 25208384 heartbeat IPC: 0.1626 cumulative IPC: 0.1619 (Simulation time: 00 hr 01 min 37 sec)
Heartbeat CPU 0 instructions: 14000091 cycles: 28233998 heartbeat IPC: 0.1653 cumulative IPC: 0.1623 (Simulation time: 00 hr 01 min 47 sec)
Heartbeat CPU 0 instructions: 14500093 cycles: 31277818 heartbeat IPC: 0.1643 cumulative IPC: 0.1626 (Simulation time: 00 hr 01 min 57 sec)
Heartbeat CPU 0 instructions: 15000097 cycles: 34268447 heartbeat IPC: 0.1672 cumulative IPC: 0.163 (Simulation time: 00 hr 02 min 06 sec)
Heartbeat CPU 0 instructions: 15500099 cycles: 37290735 heartbeat IPC: 0.1654 cumulative IPC: 0.1632 (Simulation time: 00 hr 02 min 16 sec)
Heartbeat CPU 0 instructions: 16000100 cycles: 40287463 heartbeat IPC: 0.1668 cumulative IPC: 0.1635 (Simulation time: 00 hr 02 min 26 sec)
Heartbeat CPU 0 instructions: 16500104 cycles: 43260035 heartbeat IPC: 0.1682 cumulative IPC: 0.1639 (Simulation time: 00 hr 02 min 35 sec)
Heartbeat CPU 0 instructions: 17000106 cycles: 46374883 heartbeat IPC: 0.1605 cumulative IPC: 0.1636 (Simulation time: 00 hr 02 min 46 sec)
Heartbeat CPU 0 instructions: 17500108 cycles: 49446879 heartbeat IPC: 0.1628 cumulative IPC: 0.1636 (Simulation time: 00 hr 02 min 55 sec)
Heartbeat CPU 0 instructions: 18000109 cycles: 53020782 heartbeat IPC: 0.1399 cumulative IPC: 0.1619 (Simulation time: 00 hr 03 min 07 sec)
Heartbeat CPU 0 instructions: 18500112 cycles: 56102114 heartbeat IPC: 0.1623 cumulative IPC: 0.1619 (Simulation time: 00 hr 03 min 17 sec)
Heartbeat CPU 0 instructions: 19000118 cycles: 59125395 heartbeat IPC: 0.1654 cumulative IPC: 0.1621 (Simulation time: 00 hr 03 min 26 sec)
Heartbeat CPU 0 instructions: 19500123 cycles: 62164786 heartbeat IPC: 0.1645 cumulative IPC: 0.1622 (Simulation time: 00 hr 03 min 36 sec)
Heartbeat CPU 0 instructions: 20000129 cycles: 65266243 heartbeat IPC: 0.1612 cumulative IPC: 0.1622 (Simulation time: 00 hr 03 min 46 sec)
Heartbeat CPU 0 instructions: 20500131 cycles: 68303193 heartbeat IPC: 0.1646 cumulative IPC: 0.1623 (Simulation time: 00 hr 03 min 56 sec)
Heartbeat CPU 0 instructions: 21000134 cycles: 71399716 heartbeat IPC: 0.1615 cumulative IPC: 0.1622 (Simulation time: 00 hr 04 min 06 sec)
Heartbeat CPU 0 instructions: 21500136 cycles: 74336501 heartbeat IPC: 0.1703 cumulative IPC: 0.1626 (Simulation time: 00 hr 04 min 15 sec)
Heartbeat CPU 0 instructions: 22000136 cycles: 77458594 heartbeat IPC: 0.1601 cumulative IPC: 0.1625 (Simulation time: 00 hr 04 min 25 sec)
Heartbeat CPU 0 instructions: 22500138 cycles: 80602816 heartbeat IPC: 0.159 cumulative IPC: 0.1623 (Simulation time: 00 hr 04 min 35 sec)
Heartbeat CPU 0 instructions: 23000140 cycles: 83723896 heartbeat IPC: 0.1602 cumulative IPC: 0.1622 (Simulation time: 00 hr 04 min 45 sec)
Heartbeat CPU 0 instructions: 23500145 cycles: 86835912 heartbeat IPC: 0.1607 cumulative IPC: 0.1622 (Simulation time: 00 hr 04 min 55 sec)
Heartbeat CPU 0 instructions: 24000150 cycles: 90017877 heartbeat IPC: 0.1571 cumulative IPC: 0.162 (Simulation time: 00 hr 05 min 05 sec)
Heartbeat CPU 0 instructions: 24500150 cycles: 93087030 heartbeat IPC: 0.1629 cumulative IPC: 0.162 (Simulation time: 00 hr 05 min 15 sec)
Heartbeat CPU 0 instructions: 25000151 cycles: 96257375 heartbeat IPC: 0.1577 cumulative IPC: 0.1619 (Simulation time: 00 hr 05 min 25 sec)
Heartbeat CPU 0 instructions: 25500152 cycles: 99381474 heartbeat IPC: 0.16 cumulative IPC: 0.1618 (Simulation time: 00 hr 05 min 35 sec)
Heartbeat CPU 0 instructions: 26000158 cycles: 102478417 heartbeat IPC: 0.1615 cumulative IPC: 0.1618 (Simulation time: 00 hr 05 min 45 sec)
Heartbeat CPU 0 instructions: 26500162 cycles: 105597370 heartbeat IPC: 0.1603 cumulative IPC: 0.1618 (Simulation time: 00 hr 05 min 55 sec)
Heartbeat CPU 0 instructions: 27000169 cycles: 108650456 heartbeat IPC: 0.1638 cumulative IPC: 0.1618 (Simulation time: 00 hr 06 min 05 sec)
Heartbeat CPU 0 instructions: 27500170 cycles: 111793731 heartbeat IPC: 0.1591 cumulative IPC: 0.1617 (Simulation time: 00 hr 06 min 15 sec)
Heartbeat CPU 0 instructions: 28000174 cycles: 114771224 heartbeat IPC: 0.1679 cumulative IPC: 0.1619 (Simulation time: 00 hr 06 min 24 sec)
Heartbeat CPU 0 instructions: 28500181 cycles: 117823140 heartbeat IPC: 0.1638 cumulative IPC: 0.162 (Simulation time: 00 hr 06 min 34 sec)
Heartbeat CPU 0 instructions: 29000183 cycles: 120952553 heartbeat IPC: 0.1598 cumulative IPC: 0.1619 (Simulation time: 00 hr 06 min 44 sec)
Heartbeat CPU 0 instructions: 29500184 cycles: 124018704 heartbeat IPC: 0.1631 cumulative IPC: 0.1619 (Simulation time: 00 hr 06 min 54 sec)
Heartbeat CPU 0 instructions: 30000186 cycles: 127184053 heartbeat IPC: 0.158 cumulative IPC: 0.1618 (Simulation time: 00 hr 07 min 04 sec)
Heartbeat CPU 0 instructions: 30500187 cycles: 130279575 heartbeat IPC: 0.1615 cumulative IPC: 0.1618 (Simulation time: 00 hr 07 min 14 sec)
Heartbeat CPU 0 instructions: 31000190 cycles: 133318661 heartbeat IPC: 0.1645 cumulative IPC: 0.1619 (Simulation time: 00 hr 07 min 23 sec)
Heartbeat CPU 0 instructions: 31500194 cycles: 136449935 heartbeat IPC: 0.1597 cumulative IPC: 0.1618 (Simulation time: 00 hr 07 min 33 sec)
Heartbeat CPU 0 instructions: 32000197 cycles: 139620232 heartbeat IPC: 0.1577 cumulative IPC: 0.1617 (Simulation time: 00 hr 07 min 43 sec)
Heartbeat CPU 0 instructions: 32500200 cycles: 143278069 heartbeat IPC: 0.1367 cumulative IPC: 0.1611 (Simulation time: 00 hr 07 min 55 sec)
Heartbeat CPU 0 instructions: 33000204 cycles: 146561162 heartbeat IPC: 0.1523 cumulative IPC: 0.1609 (Simulation time: 00 hr 08 min 05 sec)
Heartbeat CPU 0 instructions: 33500204 cycles: 149641749 heartbeat IPC: 0.1623 cumulative IPC: 0.1609 (Simulation time: 00 hr 08 min 15 sec)
Heartbeat CPU 0 instructions: 34000206 cycles: 152682102 heartbeat IPC: 0.1645 cumulative IPC: 0.161 (Simulation time: 00 hr 08 min 25 sec)
Heartbeat CPU 0 instructions: 34500207 cycles: 155790326 heartbeat IPC: 0.1609 cumulative IPC: 0.161 (Simulation time: 00 hr 08 min 35 sec)
Heartbeat CPU 0 instructions: 35000207 cycles: 158901070 heartbeat IPC: 0.1607 cumulative IPC: 0.161 (Simulation time: 00 hr 08 min 44 sec)
Heartbeat CPU 0 instructions: 35500211 cycles: 162175119 heartbeat IPC: 0.1527 cumulative IPC: 0.1608 (Simulation time: 00 hr 08 min 55 sec)
Heartbeat CPU 0 instructions: 36000215 cycles: 165705613 heartbeat IPC: 0.1416 cumulative IPC: 0.1604 (Simulation time: 00 hr 09 min 06 sec)
Heartbeat CPU 0 instructions: 36500215 cycles: 168930486 heartbeat IPC: 0.155 cumulative IPC: 0.1603 (Simulation time: 00 hr 09 min 16 sec)
Heartbeat CPU 0 instructions: 37000219 cycles: 172053462 heartbeat IPC: 0.1601 cumulative IPC: 0.1603 (Simulation time: 00 hr 09 min 26 sec)
Heartbeat CPU 0 instructions: 37500219 cycles: 175334249 heartbeat IPC: 0.1524 cumulative IPC: 0.1601 (Simulation time: 00 hr 09 min 36 sec)
Heartbeat CPU 0 instructions: 38000219 cycles: 178551932 heartbeat IPC: 0.1554 cumulative IPC: 0.16 (Simulation time: 00 hr 09 min 46 sec)
Heartbeat CPU 0 instructions: 38500219 cycles: 181569296 heartbeat IPC: 0.1657 cumulative IPC: 0.1601 (Simulation time: 00 hr 09 min 56 sec)
Heartbeat CPU 0 instructions: 39000219 cycles: 184714251 heartbeat IPC: 0.159 cumulative IPC: 0.1601 (Simulation time: 00 hr 10 min 06 sec)
Heartbeat CPU 0 instructions: 39500226 cycles: 188292132 heartbeat IPC: 0.1397 cumulative IPC: 0.1597 (Simulation time: 00 hr 10 min 17 sec)
Heartbeat CPU 0 instructions: 40000228 cycles: 191431996 heartbeat IPC: 0.1592 cumulative IPC: 0.1597 (Simulation time: 00 hr 10 min 27 sec)
Heartbeat CPU 0 instructions: 40500228 cycles: 194467487 heartbeat IPC: 0.1647 cumulative IPC: 0.1598 (Simulation time: 00 hr 14 min 24 sec)
Heartbeat CPU 0 instructions: 41000228 cycles: 197718845 heartbeat IPC: 0.1538 cumulative IPC: 0.1597 (Simulation time: 00 hr 14 min 34 sec)
Heartbeat CPU 0 instructions: 41500229 cycles: 200942347 heartbeat IPC: 0.1551 cumulative IPC: 0.1596 (Simulation time: 00 hr 14 min 45 sec)
Heartbeat CPU 0 instructions: 42000229 cycles: 204154503 heartbeat IPC: 0.1557 cumulative IPC: 0.1596 (Simulation time: 00 hr 14 min 55 sec)
Heartbeat CPU 0 instructions: 42500230 cycles: 207395893 heartbeat IPC: 0.1543 cumulative IPC: 0.1595 (Simulation time: 00 hr 15 min 47 sec)
Heartbeat CPU 0 instructions: 43000235 cycles: 210819639 heartbeat IPC: 0.146 cumulative IPC: 0.1592 (Simulation time: 00 hr 15 min 58 sec)
Heartbeat CPU 0 instructions: 43500236 cycles: 214175577 heartbeat IPC: 0.149 cumulative IPC: 0.1591 (Simulation time: 00 hr 16 min 08 sec)
Heartbeat CPU 0 instructions: 44000236 cycles: 217333464 heartbeat IPC: 0.1583 cumulative IPC: 0.1591 (Simulation time: 00 hr 16 min 18 sec)
Heartbeat CPU 0 instructions: 44500237 cycles: 220918096 heartbeat IPC: 0.1395 cumulative IPC: 0.1588 (Simulation time: 00 hr 16 min 29 sec)
Heartbeat CPU 0 instructions: 45000237 cycles: 224153213 heartbeat IPC: 0.1546 cumulative IPC: 0.1587 (Simulation time: 00 hr 16 min 39 sec)
Heartbeat CPU 0 instructions: 45500240 cycles: 227842726 heartbeat IPC: 0.1355 cumulative IPC: 0.1583 (Simulation time: 00 hr 16 min 51 sec)
Heartbeat CPU 0 instructions: 46000243 cycles: 231049803 heartbeat IPC: 0.1559 cumulative IPC: 0.1583 (Simulation time: 00 hr 17 min 01 sec)
Heartbeat CPU 0 instructions: 46500243 cycles: 234258374 heartbeat IPC: 0.1558 cumulative IPC: 0.1582 (Simulation time: 00 hr 17 min 11 sec)
Heartbeat CPU 0 instructions: 47000243 cycles: 237447476 heartbeat IPC: 0.1568 cumulative IPC: 0.1582 (Simulation time: 00 hr 17 min 21 sec)
Heartbeat CPU 0 instructions: 47500243 cycles: 240542253 heartbeat IPC: 0.1616 cumulative IPC: 0.1583 (Simulation time: 00 hr 17 min 31 sec)
Heartbeat CPU 0 instructions: 48000244 cycles: 243711906 heartbeat IPC: 0.1577 cumulative IPC: 0.1583 (Simulation time: 00 hr 17 min 41 sec)
Heartbeat CPU 0 instructions: 48500244 cycles: 246847592 heartbeat IPC: 0.1595 cumulative IPC: 0.1583 (Simulation time: 00 hr 17 min 51 sec)
Heartbeat CPU 0 instructions: 49000244 cycles: 250047707 heartbeat IPC: 0.1562 cumulative IPC: 0.1582 (Simulation time: 00 hr 18 min 01 sec)
Heartbeat CPU 0 instructions: 49500245 cycles: 253165822 heartbeat IPC: 0.1604 cumulative IPC: 0.1583 (Simulation time: 00 hr 18 min 11 sec)
Heartbeat CPU 0 instructions: 50000245 cycles: 256336667 heartbeat IPC: 0.1577 cumulative IPC: 0.1583 (Simulation time: 00 hr 18 min 21 sec)
Heartbeat CPU 0 instructions: 50500249 cycles: 259479890 heartbeat IPC: 0.1591 cumulative IPC: 0.1583 (Simulation time: 00 hr 18 min 30 sec)
Heartbeat CPU 0 instructions: 51000254 cycles: 262635892 heartbeat IPC: 0.1584 cumulative IPC: 0.1583 (Simulation time: 00 hr 18 min 40 sec)
Heartbeat CPU 0 instructions: 51500260 cycles: 265848193 heartbeat IPC: 0.1557 cumulative IPC: 0.1582 (Simulation time: 00 hr 18 min 51 sec)
Heartbeat CPU 0 instructions: 52000260 cycles: 269022891 heartbeat IPC: 0.1575 cumulative IPC: 0.1582 (Simulation time: 00 hr 19 min 01 sec)
Heartbeat CPU 0 instructions: 52500267 cycles: 272225347 heartbeat IPC: 0.1561 cumulative IPC: 0.1582 (Simulation time: 00 hr 19 min 11 sec)
Heartbeat CPU 0 instructions: 53000268 cycles: 275829423 heartbeat IPC: 0.1387 cumulative IPC: 0.158 (Simulation time: 00 hr 19 min 22 sec)
Heartbeat CPU 0 instructions: 53500268 cycles: 279064235 heartbeat IPC: 0.1546 cumulative IPC: 0.1579 (Simulation time: 00 hr 19 min 32 sec)
Heartbeat CPU 0 instructions: 54000275 cycles: 282152928 heartbeat IPC: 0.1619 cumulative IPC: 0.158 (Simulation time: 00 hr 19 min 42 sec)
Heartbeat CPU 0 instructions: 54500276 cycles: 285188890 heartbeat IPC: 0.1647 cumulative IPC: 0.158 (Simulation time: 00 hr 19 min 51 sec)
Heartbeat CPU 0 instructions: 55000279 cycles: 288237497 heartbeat IPC: 0.164 cumulative IPC: 0.1581 (Simulation time: 00 hr 20 min 01 sec)
Heartbeat CPU 0 instructions: 55500284 cycles: 291381096 heartbeat IPC: 0.1591 cumulative IPC: 0.1581 (Simulation time: 00 hr 20 min 11 sec)
Heartbeat CPU 0 instructions: 56000290 cycles: 294545664 heartbeat IPC: 0.158 cumulative IPC: 0.1581 (Simulation time: 00 hr 20 min 21 sec)
Heartbeat CPU 0 instructions: 56500296 cycles: 297756080 heartbeat IPC: 0.1557 cumulative IPC: 0.1581 (Simulation time: 00 hr 20 min 31 sec)
Heartbeat CPU 0 instructions: 57000302 cycles: 300852003 heartbeat IPC: 0.1615 cumulative IPC: 0.1581 (Simulation time: 00 hr 20 min 41 sec)
Heartbeat CPU 0 instructions: 57500309 cycles: 304087886 heartbeat IPC: 0.1545 cumulative IPC: 0.1581 (Simulation time: 00 hr 20 min 51 sec)
Heartbeat CPU 0 instructions: 58000315 cycles: 307397937 heartbeat IPC: 0.1511 cumulative IPC: 0.158 (Simulation time: 00 hr 21 min 01 sec)
Heartbeat CPU 0 instructions: 58500316 cycles: 311072806 heartbeat IPC: 0.1361 cumulative IPC: 0.1577 (Simulation time: 00 hr 21 min 13 sec)
Heartbeat CPU 0 instructions: 59000318 cycles: 314280204 heartbeat IPC: 0.1559 cumulative IPC: 0.1577 (Simulation time: 00 hr 21 min 23 sec)
Heartbeat CPU 0 instructions: 59500318 cycles: 317639288 heartbeat IPC: 0.1489 cumulative IPC: 0.1576 (Simulation time: 00 hr 21 min 33 sec)
Simulation finished CPU 0 instructions: 50000000 cycles: 317640428 cumulative IPC: 0.1574 (Simulation time: 00 hr 21 min 44 sec)
Simulation complete CPU 0 instructions: 50000000 cycles: 317640428 cumulative IPC: 0.1574 (Simulation time: 00 hr 21 min 44 sec)

ChampSim completed all CPUs

=== Simulation ===
CPU 0 runs traces/bc-0.trace.gz

Region of Interest Statistics

CPU 0 cumulative IPC: 0.1574 instructions: 50000000 cycles: 317640428
CPU 0 Branch Prediction Accuracy: 87.71% MPKI: 23.18 Average ROB Occupancy at Mispredict: 38.77
Branch type MPKI
BRANCH_DIRECT_JUMP: 0
BRANCH_INDIRECT: 0
BRANCH_CONDITIONAL: 23.18
BRANCH_DIRECT_CALL: 0
BRANCH_INDIRECT_CALL: 0
BRANCH_RETURN: 0

cpu0->cpu0_STLB TOTAL        ACCESS:    1444049 HIT:     769807 MISS:     674242 MSHR_MERGE:          0
cpu0->cpu0_STLB LOAD         ACCESS:    1444049 HIT:     769807 MISS:     674242 MSHR_MERGE:          0
cpu0->cpu0_STLB RFO          ACCESS:          0 HIT:          0 MISS:          0 MSHR_MERGE:          0
cpu0->cpu0_STLB PREFETCH     ACCESS:          0 HIT:          0 MISS:          0 MSHR_MERGE:          0
cpu0->cpu0_STLB WRITE        ACCESS:          0 HIT:          0 MISS:          0 MSHR_MERGE:          0
cpu0->cpu0_STLB TRANSLATION  ACCESS:          0 HIT:          0 MISS:          0 MSHR_MERGE:          0
cpu0->cpu0_STLB PREFETCH REQUESTED:          0 ISSUED:          0 USEFUL:          0 USELESS:          0
cpu0->cpu0_STLB AVERAGE MISS LATENCY: 16.85 cycles
cpu0->cpu0_L2C TOTAL        ACCESS:    5690618 HIT:    3272837 MISS:    2417781 MSHR_MERGE:          0
cpu0->cpu0_L2C LOAD         ACCESS:    4115474 HIT:    1726751 MISS:    2388723 MSHR_MERGE:          0
cpu0->cpu0_L2C RFO          ACCESS:      28946 HIT:       3161 MISS:      25785 MSHR_MERGE:          0
cpu0->cpu0_L2C PREFETCH     ACCESS:          0 HIT:          0 MISS:          0 MSHR_MERGE:          0
cpu0->cpu0_L2C WRITE        ACCESS:    1329547 HIT:    1329519 MISS:         28 MSHR_MERGE:          0
cpu0->cpu0_L2C TRANSLATION  ACCESS:     216651 HIT:     213406 MISS:       3245 MSHR_MERGE:          0
cpu0->cpu0_L2C PREFETCH REQUESTED:          0 ISSUED:          0 USEFUL:          0 USELESS:          0
cpu0->cpu0_L2C AVERAGE MISS LATENCY: 218.3 cycles
cpu0->cpu0_L1I TOTAL        ACCESS:      58637 HIT:      58637 MISS:          0 MSHR_MERGE:          0
cpu0->cpu0_L1I LOAD         ACCESS:      58637 HIT:      58637 MISS:          0 MSHR_MERGE:          0
cpu0->cpu0_L1I RFO          ACCESS:          0 HIT:          0 MISS:          0 MSHR_MERGE:          0
cpu0->cpu0_L1I PREFETCH     ACCESS:          0 HIT:          0 MISS:          0 MSHR_MERGE:          0
cpu0->cpu0_L1I WRITE        ACCESS:          0 HIT:          0 MISS:          0 MSHR_MERGE:          0
cpu0->cpu0_L1I TRANSLATION  ACCESS:          0 HIT:          0 MISS:          0 MSHR_MERGE:          0
cpu0->cpu0_L1I PREFETCH REQUESTED:          0 ISSUED:          0 USEFUL:          0 USELESS:          0
cpu0->cpu0_L1I AVERAGE MISS LATENCY: - cycles
cpu0->cpu0_L1D TOTAL        ACCESS:   16786512 HIT:   11992026 MISS:    4794486 MSHR_MERGE:     433415
cpu0->cpu0_L1D LOAD         ACCESS:   12759997 HIT:    8266490 MISS:    4493507 MSHR_MERGE:     378033
cpu0->cpu0_L1D RFO          ACCESS:          0 HIT:          0 MISS:          0 MSHR_MERGE:          0
cpu0->cpu0_L1D PREFETCH     ACCESS:          0 HIT:          0 MISS:          0 MSHR_MERGE:          0
cpu0->cpu0_L1D WRITE        ACCESS:    2701667 HIT:    2628674 MISS:      72993 MSHR_MERGE:      44047
cpu0->cpu0_L1D TRANSLATION  ACCESS:    1324848 HIT:    1096862 MISS:     227986 MSHR_MERGE:      11335
cpu0->cpu0_L1D PREFETCH REQUESTED:          0 ISSUED:          0 USEFUL:          0 USELESS:          0
cpu0->cpu0_L1D AVERAGE MISS LATENCY: 129.8 cycles
cpu0->cpu0_ITLB TOTAL        ACCESS:      44425 HIT:      44425 MISS:          0 MSHR_MERGE:          0
cpu0->cpu0_ITLB LOAD         ACCESS:      44425 HIT:      44425 MISS:          0 MSHR_MERGE:          0
cpu0->cpu0_ITLB RFO          ACCESS:          0 HIT:          0 MISS:          0 MSHR_MERGE:          0
cpu0->cpu0_ITLB PREFETCH     ACCESS:          0 HIT:          0 MISS:          0 MSHR_MERGE:          0
cpu0->cpu0_ITLB WRITE        ACCESS:          0 HIT:          0 MISS:          0 MSHR_MERGE:          0
cpu0->cpu0_ITLB TRANSLATION  ACCESS:          0 HIT:          0 MISS:          0 MSHR_MERGE:          0
cpu0->cpu0_ITLB PREFETCH REQUESTED:          0 ISSUED:          0 USEFUL:          0 USELESS:          0
cpu0->cpu0_ITLB AVERAGE MISS LATENCY: - cycles
cpu0->cpu0_DTLB TOTAL        ACCESS:   15279490 HIT:   13372607 MISS:    1906883 MSHR_MERGE:     462835
cpu0->cpu0_DTLB LOAD         ACCESS:   15279490 HIT:   13372607 MISS:    1906883 MSHR_MERGE:     462835
cpu0->cpu0_DTLB RFO          ACCESS:          0 HIT:          0 MISS:          0 MSHR_MERGE:          0
cpu0->cpu0_DTLB PREFETCH     ACCESS:          0 HIT:          0 MISS:          0 MSHR_MERGE:          0
cpu0->cpu0_DTLB WRITE        ACCESS:          0 HIT:          0 MISS:          0 MSHR_MERGE:          0
cpu0->cpu0_DTLB TRANSLATION  ACCESS:          0 HIT:          0 MISS:          0 MSHR_MERGE:          0
cpu0->cpu0_DTLB PREFETCH REQUESTED:          0 ISSUED:          0 USEFUL:          0 USELESS:          0
cpu0->cpu0_DTLB AVERAGE MISS LATENCY: 13.34 cycles
cpu0->LLC TOTAL        ACCESS:    3522748 HIT:    1460354 MISS:    2062394 MSHR_MERGE:          0
cpu0->LLC LOAD         ACCESS:    2388723 HIT:     948341 MISS:    1440382 MSHR_MERGE:          0
cpu0->LLC RFO          ACCESS:      25785 HIT:       5340 MISS:      20445 MSHR_MERGE:          0
cpu0->LLC PREFETCH     ACCESS:          0 HIT:          0 MISS:          0 MSHR_MERGE:          0
cpu0->LLC WRITE        ACCESS:    1104995 HIT:     506667 MISS:     598328 MSHR_MERGE:          0
cpu0->LLC TRANSLATION  ACCESS:       3245 HIT:          6 MISS:       3239 MSHR_MERGE:          0
cpu0->LLC PREFETCH REQUESTED:          0 ISSUED:          0 USEFUL:          0 USELESS:          0
cpu0->LLC AVERAGE MISS LATENCY: 234.4 cycles

DRAM Statistics

Channel 0 RQ ROW_BUFFER_HIT:       6710
  ROW_BUFFER_MISS:    1456418
  AVG DBUS CONGESTED CYCLE: 3.899
Channel 0 WQ ROW_BUFFER_HIT:     124708
  ROW_BUFFER_MISS:     563829
  FULL:          0
Channel 0 REFRESHES ISSUED:      26470
