[VMEM] WARNING: physical memory size is smaller than virtual memory size.

*** ChampSim Multicore Out-of-Order Simulator ***
Warmup Instructions: 10000000
Simulation Instructions: 50000000
Number of CPUs: 1
Page size: 4096
Core 0: traces/bfs-14.trace.gz
Off-chip DRAM Size: 64 GiB Channels: 1 Width: 64-bit Data Rate: 800 MT/s
Heartbeat CPU 0 instructions: 500007 cycles: 118734 heartbeat IPC: 4.211 cumulative IPC: 4.211 (Simulation time: 00 hr 00 min 01 sec)
Heartbeat CPU 0 instructions: 1000007 cycles: 232974 heartbeat IPC: 4.377 cumulative IPC: 4.292 (Simulation time: 00 hr 00 min 02 sec)
Heartbeat CPU 0 instructions: 1500014 cycles: 347399 heartbeat IPC: 4.37 cumulative IPC: 4.318 (Simulation time: 00 hr 00 min 03 sec)
Heartbeat CPU 0 instructions: 2000014 cycles: 461562 heartbeat IPC: 4.38 cumulative IPC: 4.333 (Simulation time: 00 hr 00 min 04 sec)
Heartbeat CPU 0 instructions: 2500016 cycles: 576410 heartbeat IPC: 4.354 cumulative IPC: 4.337 (Simulation time: 00 hr 00 min 05 sec)
Heartbeat CPU 0 instructions: 3000018 cycles: 690768 heartbeat IPC: 4.372 cumulative IPC: 4.343 (Simulation time: 00 hr 00 min 07 sec)
Heartbeat CPU 0 instructions: 3500024 cycles: 805366 heartbeat IPC: 4.363 cumulative IPC: 4.346 (Simulation time: 00 hr 00 min 08 sec)
Heartbeat CPU 0 instructions: 4000031 cycles: 920484 heartbeat IPC: 4.343 cumulative IPC: 4.346 (Simulation time: 00 hr 00 min 09 sec)
Heartbeat CPU 0 instructions: 4500037 cycles: 1034930 heartbeat IPC: 4.369 cumulative IPC: 4.348 (Simulation time: 00 hr 00 min 10 sec)
Heartbeat CPU 0 instructions: 5000042 cycles: 1150073 heartbeat IPC: 4.342 cumulative IPC: 4.348 (Simulation time: 00 hr 00 min 11 sec)
Heartbeat CPU 0 instructions: 5500046 cycles: 1264448 heartbeat IPC: 4.372 cumulative IPC: 4.35 (Simulation time: 00 hr 00 min 12 sec)
Heartbeat CPU 0 instructions: 6000048 cycles: 1379212 heartbeat IPC: 4.357 cumulative IPC: 4.35 (Simulation time: 00 hr 00 min 13 sec)
Heartbeat CPU 0 instructions: 6500053 cycles: 1493050 heartbeat IPC: 4.392 cumulative IPC: 4.354 (Simulation time: 00 hr 00 min 14 sec)
Heartbeat CPU 0 instructions: 7000057 cycles: 1608111 heartbeat IPC: 4.346 cumulative IPC: 4.353 (Simulation time: 00 hr 00 min 15 sec)
Heartbeat CPU 0 instructions: 7500059 cycles: 1722662 heartbeat IPC: 4.365 cumulative IPC: 4.354 (Simulation time: 00 hr 00 min 16 sec)
Heartbeat CPU 0 instructions: 8000064 cycles: 1836784 heartbeat IPC: 4.381 cumulative IPC: 4.355 (Simulation time: 00 hr 00 min 17 sec)
Heartbeat CPU 0 instructions: 8500065 cycles: 1950248 heartbeat IPC: 4.407 cumulative IPC: 4.358 (Simulation time: 00 hr 00 min 18 sec)
Heartbeat CPU 0 instructions: 9000065 cycles: 2065038 heartbeat IPC: 4.356 cumulative IPC: 4.358 (Simulation time: 00 hr 00 min 19 sec)
Heartbeat CPU 0 instructions: 9500072 cycles: 2179599 heartbeat IPC: 4.365 cumulative IPC: 4.359 (Simulation time: 00 hr 00 min 20 sec)
Warmup finished CPU 0 instructions: 10000005 cycles: 2293764 cumulative IPC: 4.36 (Simulation time: 00 hr 00 min 21 sec)
Warmup complete CPU 0 instructions: 10000005 cycles: 2293764 cumulative IPC: 4.36 (Simulation time: 00 hr 00 min 21 sec)
Heartbeat CPU 0 instructions: 10000077 cycles: 2293773 heartbeat IPC: 4.379 cumulative IPC: 8 (Simulation time: 00 hr 00 min 21 sec)
Heartbeat CPU 0 instructions: 10500077 cycles: 4511378 heartbeat IPC: 0.2255 cumulative IPC: 0.2255 (Simulation time: 00 hr 00 min 29 sec)
Heartbeat CPU 0 instructions: 11000078 cycles: 5813368 heartbeat IPC: 0.384 cumulative IPC: 0.2841 (Simulation time: 00 hr 00 min 33 sec)
Heartbeat CPU 0 instructions: 11500078 cycles: 8636362 heartbeat IPC: 0.1771 cumulative IPC: 0.2365 (Simulation time: 00 hr 00 min 41 sec)
Heartbeat CPU 0 instructions: 12000084 cycles: 11462341 heartbeat IPC: 0.1769 cumulative IPC: 0.2181 (Simulation time: 00 hr 00 min 49 sec)
Heartbeat CPU 0 instructions: 12500087 cycles: 14279845 heartbeat IPC: 0.1775 cumulative IPC: 0.2086 (Simulation time: 00 hr 00 min 56 sec)
Heartbeat CPU 0 instructions: 13000087 cycles: 17086962 heartbeat IPC: 0.1781 cumulative IPC: 0.2028 (Simulation time: 00 hr 01 min 04 sec)
Heartbeat CPU 0 instructions: 13500090 cycles: 19877981 heartbeat IPC: 0.1791 cumulative IPC: 0.199 (Simulation time: 00 hr 01 min 11 sec)
Heartbeat CPU 0 instructions: 14000091 cycles: 22652899 heartbeat IPC: 0.1802 cumulative IPC: 0.1965 (Simulation time: 00 hr 01 min 19 sec)
Heartbeat CPU 0 instructions: 14500092 cycles: 25420936 heartbeat IPC: 0.1806 cumulative IPC: 0.1946 (Simulation time: 00 hr 01 min 26 sec)
Heartbeat CPU 0 instructions: 15000093 cycles: 28178241 heartbeat IPC: 0.1813 cumulative IPC: 0.1932 (Simulation time: 00 hr 01 min 34 sec)
Heartbeat CPU 0 instructions: 15500099 cycles: 30926734 heartbeat IPC: 0.1819 cumulative IPC: 0.1921 (Simulation time: 00 hr 01 min 41 sec)
Heartbeat CPU 0 instructions: 16000099 cycles: 33703483 heartbeat IPC: 0.1801 cumulative IPC: 0.191 (Simulation time: 00 hr 01 min 49 sec)
Heartbeat CPU 0 instructions: 16500099 cycles: 36455558 heartbeat IPC: 0.1817 cumulative IPC: 0.1903 (Simulation time: 00 hr 01 min 56 sec)
Heartbeat CPU 0 instructions: 17000099 cycles: 39236343 heartbeat IPC: 0.1798 cumulative IPC: 0.1895 (Simulation time: 00 hr 02 min 04 sec)
Heartbeat CPU 0 instructions: 17500099 cycles: 41961762 heartbeat IPC: 0.1835 cumulative IPC: 0.1891 (Simulation time: 00 hr 02 min 11 sec)
Heartbeat CPU 0 instructions: 18000099 cycles: 44711993 heartbeat IPC: 0.1818 cumulative IPC: 0.1886 (Simulation time: 00 hr 02 min 19 sec)
Heartbeat CPU 0 instructions: 18500099 cycles: 47485565 heartbeat IPC: 0.1803 cumulative IPC: 0.1881 (Simulation time: 00 hr 02 min 26 sec)
Heartbeat CPU 0 instructions: 19000100 cycles: 50269833 heartbeat IPC: 0.1796 cumulative IPC: 0.1876 (Simulation time: 00 hr 02 min 34 sec)
Heartbeat CPU 0 instructions: 19500100 cycles: 53068993 heartbeat IPC: 0.1786 cumulative IPC: 0.1871 (Simulation time: 00 hr 02 min 41 sec)
Heartbeat CPU 0 instructions: 20000102 cycles: 55869203 heartbeat IPC: 0.1786 cumulative IPC: 0.1867 (Simulation time: 00 hr 02 min 49 sec)
Heartbeat CPU 0 instructions: 20500102 cycles: 58682386 heartbeat IPC: 0.1777 cumulative IPC: 0.1862 (Simulation time: 00 hr 02 min 56 sec)
Heartbeat CPU 0 instructions: 21000102 cycles: 61498822 heartbeat IPC: 0.1775 cumulative IPC: 0.1858 (Simulation time: 00 hr 03 min 04 sec)
Heartbeat CPU 0 instructions: 21500102 cycles: 64306192 heartbeat IPC: 0.1781 cumulative IPC: 0.1854 (Simulation time: 00 hr 03 min 12 sec)
Heartbeat CPU 0 instructions: 22000107 cycles: 67110461 heartbeat IPC: 0.1783 cumulative IPC: 0.1851 (Simulation time: 00 hr 03 min 19 sec)
Heartbeat CPU 0 instructions: 22500108 cycles: 69939578 heartbeat IPC: 0.1767 cumulative IPC: 0.1848 (Simulation time: 00 hr 03 min 27 sec)
Heartbeat CPU 0 instructions: 23000114 cycles: 72735179 heartbeat IPC: 0.1789 cumulative IPC: 0.1846 (Simulation time: 00 hr 03 min 34 sec)
Heartbeat CPU 0 instructions: 23500118 cycles: 75548901 heartbeat IPC: 0.1777 cumulative IPC: 0.1843 (Simulation time: 00 hr 03 min 42 sec)
Heartbeat CPU 0 instructions: 24000121 cycles: 78341752 heartbeat IPC: 0.179 cumulative IPC: 0.1841 (Simulation time: 00 hr 03 min 50 sec)
Heartbeat CPU 0 instructions: 24500123 cycles: 81179860 heartbeat IPC: 0.1762 cumulative IPC: 0.1838 (Simulation time: 00 hr 03 min 57 sec)
Heartbeat CPU 0 instructions: 25000123 cycles: 83981531 heartbeat IPC: 0.1785 cumulative IPC: 0.1836 (Simulation time: 00 hr 04 min 05 sec)
Heartbeat CPU 0 instructions: 25500128 cycles: 86805590 heartbeat IPC: 0.1771 cumulative IPC: 0.1834 (Simulation time: 00 hr 04 min 12 sec)
Heartbeat CPU 0 instructions: 26000128 cycles: 89606640 heartbeat IPC: 0.1785 cumulative IPC: 0.1833 (Simulation time: 00 hr 04 min 20 sec)
Heartbeat CPU 0 instructions: 26500129 cycles: 92427931 heartbeat IPC: 0.1772 cumulative IPC: 0.1831 (Simulation time: 00 hr 04 min 28 sec)
Heartbeat CPU 0 instructions: 27000129 cycles: 95240552 heartbeat IPC: 0.1778 cumulative IPC: 0.1829 (Simulation time: 00 hr 04 min 35 sec)
Heartbeat CPU 0 instructions: 27500130 cycles: 98057240 heartbeat IPC: 0.1775 cumulative IPC: 0.1827 (Simulation time: 00 hr 04 min 43 sec)
Heartbeat CPU 0 instructions: 28000130 cycles: 100862181 heartbeat IPC: 0.1783 cumulative IPC: 0.1826 (Simulation time: 00 hr 04 min 50 sec)
Heartbeat CPU 0 instructions: 28500132 cycles: 103682434 heartbeat IPC: 0.1773 cumulative IPC: 0.1825 (Simulation time: 00 hr 04 min 58 sec)
Heartbeat CPU 0 instructions: 29000135 cycles: 106499077 heartbeat IPC: 0.1775 cumulative IPC: 0.1823 (Simulation time: 00 hr 05 min 06 sec)
Heartbeat CPU 0 instructions: 29500135 cycles: 109337702 heartbeat IPC: 0.1761 cumulative IPC: 0.1822 (Simulation time: 00 hr 05 min 13 sec)
Heartbeat CPU 0 instructions: 30000135 cycles: 112156922 heartbeat IPC: 0.1774 cumulative IPC: 0.182 (Simulation time: 00 hr 05 min 21 sec)
Heartbeat CPU 0 instructions: 30500139 cycles: 114964226 heartbeat IPC: 0.1781 cumulative IPC: 0.1819 (Simulation time: 00 hr 05 min 28 sec)
Heartbeat CPU 0 instructions: 31000139 cycles: 117789623 heartbeat IPC: 0.177 cumulative IPC: 0.1818 (Simulation time: 00 hr 05 min 36 sec)
Heartbeat CPU 0 instructions: 31500139 cycles: 120599449 heartbeat IPC: 0.1779 cumulative IPC: 0.1817 (Simulation time: 00 hr 05 min 44 sec)
Heartbeat CPU 0 instructions: 32000144 cycles: 123398236 heartbeat IPC: 0.1787 cumulative IPC: 0.1817 (Simulation time: 00 hr 05 min 51 sec)
Heartbeat CPU 0 instructions: 32500149 cycles: 126237451 heartbeat IPC: 0.1761 cumulative IPC: 0.1815 (Simulation time: 00 hr 05 min 59 sec)
Heartbeat CPU 0 instructions: 33000150 cycles: 129069147 heartbeat IPC: 0.1766 cumulative IPC: 0.1814 (Simulation time: 00 hr 06 min 06 sec)
Heartbeat CPU 0 instructions: 33500150 cycles: 131913363 heartbeat IPC: 0.1758 cumulative IPC: 0.1813 (Simulation time: 00 hr 06 min 14 sec)
Heartbeat CPU 0 instructions: 34000151 cycles: 134757667 heartbeat IPC: 0.1758 cumulative IPC: 0.1812 (Simulation time: 00 hr 06 min 22 sec)
Heartbeat CPU 0 instructions: 34500155 cycles: 137606520 heartbeat IPC: 0.1755 cumulative IPC: 0.1811 (Simulation time: 00 hr 06 min 29 sec)
Heartbeat CPU 0 instructions: 35000156 cycles: 140419934 heartbeat IPC: 0.1777 cumulative IPC: 0.181 (Simulation time: 00 hr 06 min 37 sec)
Heartbeat CPU 0 instructions: 35500156 cycles: 143253701 heartbeat IPC: 0.1764 cumulative IPC: 0.1809 (Simulation time: 00 hr 06 min 45 sec)
Heartbeat CPU 0 instructions: 36000156 cycles: 146072732 heartbeat IPC: 0.1774 cumulative IPC: 0.1808 (Simulation time: 00 hr 06 min 52 sec)
Heartbeat CPU 0 instructions: 36500157 cycles: 148911124 heartbeat IPC: 0.1762 cumulative IPC: 0.1807 (Simulation time: 00 hr 07 min 00 sec)
Heartbeat CPU 0 instructions: 37000160 cycles: 151758655 heartbeat IPC: 0.1756 cumulative IPC: 0.1806 (Simulation time: 00 hr 07 min 08 sec)
Heartbeat CPU 0 instructions: 37500160 cycles: 154594181 heartbeat IPC: 0.1763 cumulative IPC: 0.1806 (Simulation time: 00 hr 07 min 15 sec)
Heartbeat CPU 0 instructions: 38000167 cycles: 157434737 heartbeat IPC: 0.176 cumulative IPC: 0.1805 (Simulation time: 00 hr 07 min 23 sec)
Heartbeat CPU 0 instructions: 38500171 cycles: 161130242 heartbeat IPC: 0.1353 cumulative IPC: 0.1794 (Simulation time: 00 hr 07 min 33 sec)
Heartbeat CPU 0 instructions: 39000171 cycles: 164750212 heartbeat IPC: 0.1381 cumulative IPC: 0.1785 (Simulation time: 00 hr 07 min 43 sec)
Heartbeat CPU 0 instructions: 39500174 cycles: 168386144 heartbeat IPC: 0.1375 cumulative IPC: 0.1776 (Simulation time: 00 hr 07 min 52 sec)
Heartbeat CPU 0 instructions: 40000181 cycles: 171967749 heartbeat IPC: 0.1396 cumulative IPC: 0.1768 (Simulation time: 00 hr 08 min 02 sec)
Heartbeat CPU 0 instructions: 40500183 cycles: 175552896 heartbeat IPC: 0.1395 cumulative IPC: 0.176 (Simulation time: 00 hr 08 min 12 sec)
Heartbeat CPU 0 instructions: 41000186 cycles: 179093172 heartbeat IPC: 0.1412 cumulative IPC: 0.1753 (Simulation time: 00 hr 08 min 21 sec)
Heartbeat CPU 0 instructions: 41500187 cycles: 182686093 heartbeat IPC: 0.1392 cumulative IPC: 0.1746 (Simulation time: 00 hr 08 min 31 sec)
Heartbeat CPU 0 instructions: 42000189 cycles: 186263766 heartbeat IPC: 0.1398 cumulative IPC: 0.1739 (Simulation time: 00 hr 08 min 40 sec)
Heartbeat CPU 0 instructions: 42500189 cycles: 189877681 heartbeat IPC: 0.1384 cumulative IPC: 0.1733 (Simulation time: 00 hr 08 min 50 sec)
Heartbeat CPU 0 instructions: 43000189 cycles: 193482926 heartbeat IPC: 0.1387 cumulative IPC: 0.1726 (Simulation time: 00 hr 09 min 00 sec)
Heartbeat CPU 0 instructions: 43500189 cycles: 197089789 heartbeat IPC: 0.1386 cumulative IPC: 0.172 (Simulation time: 00 hr 09 min 10 sec)
Heartbeat CPU 0 instructions: 44000194 cycles: 200696390 heartbeat IPC: 0.1386 cumulative IPC: 0.1714 (Simulation time: 00 hr 09 min 19 sec)
Heartbeat CPU 0 instructions: 44500201 cycles: 204275260 heartbeat IPC: 0.1397 cumulative IPC: 0.1708 (Simulation time: 00 hr 09 min 29 sec)
Heartbeat CPU 0 instructions: 45000203 cycles: 207873207 heartbeat IPC: 0.139 cumulative IPC: 0.1703 (Simulation time: 00 hr 09 min 38 sec)
Heartbeat CPU 0 instructions: 45500203 cycles: 211479907 heartbeat IPC: 0.1386 cumulative IPC: 0.1697 (Simulation time: 00 hr 09 min 48 sec)
Heartbeat CPU 0 instructions: 46000203 cycles: 215098791 heartbeat IPC: 0.1382 cumulative IPC: 0.1692 (Simulation time: 00 hr 09 min 58 sec)
Heartbeat CPU 0 instructions: 46500207 cycles: 218711280 heartbeat IPC: 0.1384 cumulative IPC: 0.1687 (Simulation time: 00 hr 10 min 08 sec)
Heartbeat CPU 0 instructions: 47000212 cycles: 222311442 heartbeat IPC: 0.1389 cumulative IPC: 0.1682 (Simulation time: 00 hr 10 min 17 sec)
Heartbeat CPU 0 instructions: 47500212 cycles: 225909357 heartbeat IPC: 0.139 cumulative IPC: 0.1677 (Simulation time: 00 hr 10 min 27 sec)
Heartbeat CPU 0 instructions: 48000212 cycles: 229507835 heartbeat IPC: 0.1389 cumulative IPC: 0.1672 (Simulation time: 00 hr 10 min 37 sec)
Heartbeat CPU 0 instructions: 48500216 cycles: 233116731 heartbeat IPC: 0.1385 cumulative IPC: 0.1668 (Simulation time: 00 hr 10 min 46 sec)
Heartbeat CPU 0 instructions: 49000216 cycles: 236739988 heartbeat IPC: 0.138 cumulative IPC: 0.1664 (Simulation time: 00 hr 10 min 56 sec)
Heartbeat CPU 0 instructions: 49500216 cycles: 240309760 heartbeat IPC: 0.1401 cumulative IPC: 0.166 (Simulation time: 00 hr 11 min 06 sec)
Heartbeat CPU 0 instructions: 50000217 cycles: 243665646 heartbeat IPC: 0.149 cumulative IPC: 0.1657 (Simulation time: 00 hr 11 min 15 sec)
Heartbeat CPU 0 instructions: 50500217 cycles: 246817488 heartbeat IPC: 0.1586 cumulative IPC: 0.1656 (Simulation time: 00 hr 11 min 24 sec)
Heartbeat CPU 0 instructions: 51000217 cycles: 249877562 heartbeat IPC: 0.1634 cumulative IPC: 0.1656 (Simulation time: 00 hr 11 min 32 sec)
Heartbeat CPU 0 instructions: 51500218 cycles: 252968231 heartbeat IPC: 0.1618 cumulative IPC: 0.1656 (Simulation time: 00 hr 11 min 40 sec)
Heartbeat CPU 0 instructions: 52000220 cycles: 255918776 heartbeat IPC: 0.1695 cumulative IPC: 0.1656 (Simulation time: 00 hr 11 min 48 sec)
Heartbeat CPU 0 instructions: 52500220 cycles: 258821439 heartbeat IPC: 0.1723 cumulative IPC: 0.1657 (Simulation time: 00 hr 11 min 56 sec)
Heartbeat CPU 0 instructions: 53000221 cycles: 261704536 heartbeat IPC: 0.1734 cumulative IPC: 0.1658 (Simulation time: 00 hr 12 min 04 sec)
Heartbeat CPU 0 instructions: 53500221 cycles: 264513436 heartbeat IPC: 0.178 cumulative IPC: 0.1659 (Simulation time: 00 hr 12 min 11 sec)
Heartbeat CPU 0 instructions: 54000223 cycles: 267349835 heartbeat IPC: 0.1763 cumulative IPC: 0.166 (Simulation time: 00 hr 12 min 19 sec)
Heartbeat CPU 0 instructions: 54500223 cycles: 270078864 heartbeat IPC: 0.1832 cumulative IPC: 0.1662 (Simulation time: 00 hr 12 min 26 sec)
Heartbeat CPU 0 instructions: 55000223 cycles: 272727783 heartbeat IPC: 0.1888 cumulative IPC: 0.1664 (Simulation time: 00 hr 12 min 33 sec)
Heartbeat CPU 0 instructions: 55500223 cycles: 275394731 heartbeat IPC: 0.1875 cumulative IPC: 0.1666 (Simulation time: 00 hr 12 min 41 sec)
Heartbeat CPU 0 instructions: 56000223 cycles: 278021236 heartbeat IPC: 0.1904 cumulative IPC: 0.1668 (Simulation time: 00 hr 12 min 48 sec)
Heartbeat CPU 0 instructions: 56500223 cycles: 280624551 heartbeat IPC: 0.1921 cumulative IPC: 0.1671 (Simulation time: 00 hr 12 min 55 sec)
Heartbeat CPU 0 instructions: 57000223 cycles: 283191707 heartbeat IPC: 0.1948 cumulative IPC: 0.1673 (Simulation time: 00 hr 13 min 02 sec)
Heartbeat CPU 0 instructions: 57500224 cycles: 285738105 heartbeat IPC: 0.1964 cumulative IPC: 0.1676 (Simulation time: 00 hr 13 min 08 sec)
Heartbeat CPU 0 instructions: 58000226 cycles: 288265226 heartbeat IPC: 0.1979 cumulative IPC: 0.1678 (Simulation time: 00 hr 13 min 15 sec)
Heartbeat CPU 0 instructions: 58500229 cycles: 290805039 heartbeat IPC: 0.1969 cumulative IPC: 0.1681 (Simulation time: 00 hr 13 min 22 sec)
Heartbeat CPU 0 instructions: 59000229 cycles: 293329560 heartbeat IPC: 0.1981 cumulative IPC: 0.1684 (Simulation time: 00 hr 13 min 29 sec)
Heartbeat CPU 0 instructions: 59500229 cycles: 294188753 heartbeat IPC: 0.5819 cumulative IPC: 0.1696 (Simulation time: 00 hr 13 min 32 sec)
Simulation finished CPU 0 instructions: 50000006 cycles: 291998264 cumulative IPC: 0.1712 (Simulation time: 00 hr 13 min 33 sec)
Simulation complete CPU 0 instructions: 50000006 cycles: 291998264 cumulative IPC: 0.1712 (Simulation time: 00 hr 13 min 33 sec)

ChampSim completed all CPUs

=== Simulation ===
CPU 0 runs traces/bfs-14.trace.gz

Region of Interest Statistics

CPU 0 cumulative IPC: 0.1712 instructions: 50000006 cycles: 291998264
CPU 0 Branch Prediction Accuracy: 78.82% MPKI: 43.94 Average ROB Occupancy at Mispredict: 3.527
Branch type MPKI
BRANCH_DIRECT_JUMP: 0.00018
BRANCH_INDIRECT: 0
BRANCH_CONDITIONAL: 43.94
BRANCH_DIRECT_CALL: 0.0004
BRANCH_INDIRECT_CALL: 0
BRANCH_RETURN: 0.00044

cpu0->cpu0_STLB TOTAL        ACCESS:      67059 HIT:      10768 MISS:      56291 MSHR_MERGE:          0
cpu0->cpu0_STLB LOAD         ACCESS:      67059 HIT:      10768 MISS:      56291 MSHR_MERGE:          0
cpu0->cpu0_STLB RFO          ACCESS:          0 HIT:          0 MISS:          0 MSHR_MERGE:          0
cpu0->cpu0_STLB PREFETCH     ACCESS:          0 HIT:          0 MISS:          0 MSHR_MERGE:          0
cpu0->cpu0_STLB WRITE        ACCESS:          0 HIT:          0 MISS:          0 MSHR_MERGE:          0
cpu0->cpu0_STLB TRANSLATION  ACCESS:          0 HIT:          0 MISS:          0 MSHR_MERGE:          0
cpu0->cpu0_STLB PREFETCH REQUESTED:          0 ISSUED:          0 USEFUL:          0 USELESS:          0
cpu0->cpu0_STLB AVERAGE MISS LATENCY: 143.9 cycles
cpu0->cpu0_L2C TOTAL        ACCESS:    1884080 HIT:     854773 MISS:    1029307 MSHR_MERGE:          0
cpu0->cpu0_L2C LOAD         ACCESS:    1698422 HIT:     687286 MISS:    1011136 MSHR_MERGE:          0
cpu0->cpu0_L2C RFO          ACCESS:      14047 HIT:       5520 MISS:       8527 MSHR_MERGE:          0
cpu0->cpu0_L2C PREFETCH     ACCESS:          0 HIT:          0 MISS:          0 MSHR_MERGE:          0
cpu0->cpu0_L2C WRITE        ACCESS:     160142 HIT:     160140 MISS:          2 MSHR_MERGE:          0
cpu0->cpu0_L2C TRANSLATION  ACCESS:      11469 HIT:       1827 MISS:       9642 MSHR_MERGE:          0
cpu0->cpu0_L2C PREFETCH REQUESTED:          0 ISSUED:          0 USEFUL:          0 USELESS:          0
cpu0->cpu0_L2C AVERAGE MISS LATENCY: 250.3 cycles
cpu0->cpu0_L1I TOTAL        ACCESS:     243461 HIT:     243415 MISS:         46 MSHR_MERGE:          4
cpu0->cpu0_L1I LOAD         ACCESS:     243461 HIT:     243415 MISS:         46 MSHR_MERGE:          4
cpu0->cpu0_L1I RFO          ACCESS:          0 HIT:          0 MISS:          0 MSHR_MERGE:          0
cpu0->cpu0_L1I PREFETCH     ACCESS:          0 HIT:          0 MISS:          0 MSHR_MERGE:          0
cpu0->cpu0_L1I WRITE        ACCESS:          0 HIT:          0 MISS:          0 MSHR_MERGE:          0
cpu0->cpu0_L1I TRANSLATION  ACCESS:          0 HIT:          0 MISS:          0 MSHR_MERGE:          0
cpu0->cpu0_L1I PREFETCH REQUESTED:          0 ISSUED:          0 USEFUL:          0 USELESS:          0
cpu0->cpu0_L1I AVERAGE MISS LATENCY: 347.5 cycles
cpu0->cpu0_L1D TOTAL        ACCESS:   13246765 HIT:   11115321 MISS:    2131444 MSHR_MERGE:     407548
cpu0->cpu0_L1D LOAD         ACCESS:   11739069 HIT:    9679265 MISS:    2059804 MSHR_MERGE:     361424
cpu0->cpu0_L1D RFO          ACCESS:          0 HIT:          0 MISS:          0 MSHR_MERGE:          0
cpu0->cpu0_L1D PREFETCH     ACCESS:          0 HIT:          0 MISS:          0 MSHR_MERGE:          0
cpu0->cpu0_L1D WRITE        ACCESS:    1395081 HIT:    1335074 MISS:      60007 MSHR_MERGE:      45960
cpu0->cpu0_L1D TRANSLATION  ACCESS:     112615 HIT:     100982 MISS:      11633 MSHR_MERGE:        164
cpu0->cpu0_L1D PREFETCH REQUESTED:          0 ISSUED:          0 USEFUL:          0 USELESS:          0
cpu0->cpu0_L1D AVERAGE MISS LATENCY: 158.1 cycles
cpu0->cpu0_ITLB TOTAL        ACCESS:     237888 HIT:     237886 MISS:          2 MSHR_MERGE:          1
cpu0->cpu0_ITLB LOAD         ACCESS:     237888 HIT:     237886 MISS:          2 MSHR_MERGE:          1
cpu0->cpu0_ITLB RFO          ACCESS:          0 HIT:          0 MISS:          0 MSHR_MERGE:          0
cpu0->cpu0_ITLB PREFETCH     ACCESS:          0 HIT:          0 MISS:          0 MSHR_MERGE:          0
cpu0->cpu0_ITLB WRITE        ACCESS:          0 HIT:          0 MISS:          0 MSHR_MERGE:          0
cpu0->cpu0_ITLB TRANSLATION  ACCESS:          0 HIT:          0 MISS:          0 MSHR_MERGE:          0
cpu0->cpu0_ITLB PREFETCH REQUESTED:          0 ISSUED:          0 USEFUL:          0 USELESS:          0
cpu0->cpu0_ITLB AVERAGE MISS LATENCY: 676 cycles
cpu0->cpu0_DTLB TOTAL        ACCESS:   13121297 HIT:   13033482 MISS:      87815 MSHR_MERGE:      20757
cpu0->cpu0_DTLB LOAD         ACCESS:   13121297 HIT:   13033482 MISS:      87815 MSHR_MERGE:      20757
cpu0->cpu0_DTLB RFO          ACCESS:          0 HIT:          0 MISS:          0 MSHR_MERGE:          0
cpu0->cpu0_DTLB PREFETCH     ACCESS:          0 HIT:          0 MISS:          0 MSHR_MERGE:          0
cpu0->cpu0_DTLB WRITE        ACCESS:          0 HIT:          0 MISS:          0 MSHR_MERGE:          0
cpu0->cpu0_DTLB TRANSLATION  ACCESS:          0 HIT:          0 MISS:          0 MSHR_MERGE:          0
cpu0->cpu0_DTLB PREFETCH REQUESTED:          0 ISSUED:          0 USEFUL:          0 USELESS:          0
cpu0->cpu0_DTLB AVERAGE MISS LATENCY: 126.6 cycles
cpu0->LLC TOTAL        ACCESS:    1187401 HIT:     107869 MISS:    1079532 MSHR_MERGE:          0
cpu0->LLC LOAD         ACCESS:    1011136 HIT:      61521 MISS:     949615 MSHR_MERGE:          0
cpu0->LLC RFO          ACCESS:       8527 HIT:        332 MISS:       8195 MSHR_MERGE:          0
cpu0->LLC PREFETCH     ACCESS:          0 HIT:          0 MISS:          0 MSHR_MERGE:          0
cpu0->LLC WRITE        ACCESS:     158096 HIT:      45954 MISS:     112142 MSHR_MERGE:          0
cpu0->LLC TRANSLATION  ACCESS:       9642 HIT:         62 MISS:       9580 MSHR_MERGE:          0
cpu0->LLC PREFETCH REQUESTED:          0 ISSUED:          0 USEFUL:          0 USELESS:          0
cpu0->LLC AVERAGE MISS LATENCY: 218.6 cycles

DRAM Statistics

Channel 0 RQ ROW_BUFFER_HIT:      20072
  ROW_BUFFER_MISS:     947298
  AVG DBUS CONGESTED CYCLE: 5.214
Channel 0 WQ ROW_BUFFER_HIT:      39650
  ROW_BUFFER_MISS:      96581
  FULL:          0
Channel 0 REFRESHES ISSUED:      24333
