[VMEM] WARNING: physical memory size is smaller than virtual memory size.

*** ChampSim Multicore Out-of-Order Simulator ***
Warmup Instructions: 10000000
Simulation Instructions: 50000000
Number of CPUs: 1
Page size: 4096
Core 0: traces/bfs-10.trace.gz
Off-chip DRAM Size: 64 GiB Channels: 1 Width: 64-bit Data Rate: 800 MT/s
Heartbeat CPU 0 instructions: 500003 cycles: 118936 heartbeat IPC: 4.204 cumulative IPC: 4.204 (Simulation time: 00 hr 00 min 01 sec)
Heartbeat CPU 0 instructions: 1000010 cycles: 233355 heartbeat IPC: 4.37 cumulative IPC: 4.285 (Simulation time: 00 hr 00 min 02 sec)
Heartbeat CPU 0 instructions: 1500014 cycles: 347249 heartbeat IPC: 4.39 cumulative IPC: 4.32 (Simulation time: 00 hr 00 min 03 sec)
Heartbeat CPU 0 instructions: 2000021 cycles: 462314 heartbeat IPC: 4.345 cumulative IPC: 4.326 (Simulation time: 00 hr 00 min 04 sec)
Heartbeat CPU 0 instructions: 2500028 cycles: 576454 heartbeat IPC: 4.381 cumulative IPC: 4.337 (Simulation time: 00 hr 00 min 06 sec)
Heartbeat CPU 0 instructions: 3000028 cycles: 691323 heartbeat IPC: 4.353 cumulative IPC: 4.34 (Simulation time: 00 hr 00 min 07 sec)
Heartbeat CPU 0 instructions: 3500028 cycles: 805697 heartbeat IPC: 4.372 cumulative IPC: 4.344 (Simulation time: 00 hr 00 min 08 sec)
Heartbeat CPU 0 instructions: 4000033 cycles: 920038 heartbeat IPC: 4.373 cumulative IPC: 4.348 (Simulation time: 00 hr 00 min 09 sec)
Heartbeat CPU 0 instructions: 4500039 cycles: 1034076 heartbeat IPC: 4.385 cumulative IPC: 4.352 (Simulation time: 00 hr 00 min 10 sec)
Heartbeat CPU 0 instructions: 5000043 cycles: 1149287 heartbeat IPC: 4.34 cumulative IPC: 4.351 (Simulation time: 00 hr 00 min 11 sec)
Heartbeat CPU 0 instructions: 5500043 cycles: 1263774 heartbeat IPC: 4.367 cumulative IPC: 4.352 (Simulation time: 00 hr 00 min 12 sec)
Heartbeat CPU 0 instructions: 6000045 cycles: 1377974 heartbeat IPC: 4.378 cumulative IPC: 4.354 (Simulation time: 00 hr 00 min 13 sec)
Heartbeat CPU 0 instructions: 6500045 cycles: 1491461 heartbeat IPC: 4.406 cumulative IPC: 4.358 (Simulation time: 00 hr 00 min 14 sec)
Heartbeat CPU 0 instructions: 7000046 cycles: 1605470 heartbeat IPC: 4.386 cumulative IPC: 4.36 (Simulation time: 00 hr 00 min 15 sec)
Heartbeat CPU 0 instructions: 7500052 cycles: 1720568 heartbeat IPC: 4.344 cumulative IPC: 4.359 (Simulation time: 00 hr 00 min 16 sec)
Heartbeat CPU 0 instructions: 8000054 cycles: 1834510 heartbeat IPC: 4.388 cumulative IPC: 4.361 (Simulation time: 00 hr 00 min 17 sec)
Heartbeat CPU 0 instructions: 8500060 cycles: 1949326 heartbeat IPC: 4.355 cumulative IPC: 4.361 (Simulation time: 00 hr 00 min 18 sec)
Heartbeat CPU 0 instructions: 9000061 cycles: 2064213 heartbeat IPC: 4.352 cumulative IPC: 4.36 (Simulation time: 00 hr 00 min 19 sec)
Heartbeat CPU 0 instructions: 9500068 cycles: 2177630 heartbeat IPC: 4.409 cumulative IPC: 4.363 (Simulation time: 00 hr 00 min 20 sec)
Warmup finished CPU 0 instructions: 10000006 cycles: 2292429 cumulative IPC: 4.362 (Simulation time: 00 hr 00 min 21 sec)
Warmup complete CPU 0 instructions: 10000006 cycles: 2292429 cumulative IPC: 4.362 (Simulation time: 00 hr 00 min 21 sec)
Heartbeat CPU 0 instructions: 10000075 cycles: 2293263 heartbeat IPC: 4.324 cumulative IPC: 0.08273 (Simulation time: 00 hr 00 min 21 sec)
Heartbeat CPU 0 instructions: 10500075 cycles: 4519699 heartbeat IPC: 0.2246 cumulative IPC: 0.2245 (Simulation time: 00 hr 00 min 28 sec)
Heartbeat CPU 0 instructions: 11000076 cycles: 6471123 heartbeat IPC: 0.2562 cumulative IPC: 0.2393 (Simulation time: 00 hr 00 min 34 sec)
Heartbeat CPU 0 instructions: 11500077 cycles: 8431389 heartbeat IPC: 0.2551 cumulative IPC: 0.2444 (Simulation time: 00 hr 00 min 40 sec)
Heartbeat CPU 0 instructions: 12000077 cycles: 10400773 heartbeat IPC: 0.2539 cumulative IPC: 0.2467 (Simulation time: 00 hr 00 min 46 sec)
Heartbeat CPU 0 instructions: 12500078 cycles: 12359976 heartbeat IPC: 0.2552 cumulative IPC: 0.2483 (Simulation time: 00 hr 00 min 52 sec)
Heartbeat CPU 0 instructions: 13000078 cycles: 14313590 heartbeat IPC: 0.2559 cumulative IPC: 0.2496 (Simulation time: 00 hr 00 min 58 sec)
Heartbeat CPU 0 instructions: 13500080 cycles: 16252535 heartbeat IPC: 0.2579 cumulative IPC: 0.2507 (Simulation time: 00 hr 01 min 03 sec)
Heartbeat CPU 0 instructions: 14000081 cycles: 18197031 heartbeat IPC: 0.2571 cumulative IPC: 0.2515 (Simulation time: 00 hr 01 min 09 sec)
Heartbeat CPU 0 instructions: 14500081 cycles: 20143971 heartbeat IPC: 0.2568 cumulative IPC: 0.2521 (Simulation time: 00 hr 01 min 15 sec)
Heartbeat CPU 0 instructions: 15000086 cycles: 22082095 heartbeat IPC: 0.258 cumulative IPC: 0.2527 (Simulation time: 00 hr 01 min 21 sec)
Heartbeat CPU 0 instructions: 15500086 cycles: 23964104 heartbeat IPC: 0.2657 cumulative IPC: 0.2538 (Simulation time: 00 hr 01 min 26 sec)
Heartbeat CPU 0 instructions: 16000086 cycles: 25891842 heartbeat IPC: 0.2594 cumulative IPC: 0.2542 (Simulation time: 00 hr 01 min 32 sec)
Heartbeat CPU 0 instructions: 16500086 cycles: 27810164 heartbeat IPC: 0.2606 cumulative IPC: 0.2547 (Simulation time: 00 hr 01 min 38 sec)
Heartbeat CPU 0 instructions: 17000090 cycles: 29716863 heartbeat IPC: 0.2622 cumulative IPC: 0.2552 (Simulation time: 00 hr 01 min 44 sec)
Heartbeat CPU 0 instructions: 17500094 cycles: 31620190 heartbeat IPC: 0.2627 cumulative IPC: 0.2557 (Simulation time: 00 hr 01 min 49 sec)
Heartbeat CPU 0 instructions: 18000094 cycles: 33497913 heartbeat IPC: 0.2663 cumulative IPC: 0.2564 (Simulation time: 00 hr 01 min 55 sec)
Heartbeat CPU 0 instructions: 18500094 cycles: 35427294 heartbeat IPC: 0.2592 cumulative IPC: 0.2565 (Simulation time: 00 hr 02 min 01 sec)
Heartbeat CPU 0 instructions: 19000094 cycles: 37351909 heartbeat IPC: 0.2598 cumulative IPC: 0.2567 (Simulation time: 00 hr 02 min 06 sec)
Heartbeat CPU 0 instructions: 19500094 cycles: 39256478 heartbeat IPC: 0.2625 cumulative IPC: 0.257 (Simulation time: 00 hr 02 min 12 sec)
Heartbeat CPU 0 instructions: 20000094 cycles: 41180775 heartbeat IPC: 0.2598 cumulative IPC: 0.2571 (Simulation time: 00 hr 02 min 18 sec)
Heartbeat CPU 0 instructions: 20500094 cycles: 43066812 heartbeat IPC: 0.2651 cumulative IPC: 0.2575 (Simulation time: 00 hr 02 min 23 sec)
Heartbeat CPU 0 instructions: 21000094 cycles: 44961282 heartbeat IPC: 0.2639 cumulative IPC: 0.2578 (Simulation time: 00 hr 02 min 29 sec)
Heartbeat CPU 0 instructions: 21500094 cycles: 46877856 heartbeat IPC: 0.2609 cumulative IPC: 0.2579 (Simulation time: 00 hr 02 min 35 sec)
Heartbeat CPU 0 instructions: 22000095 cycles: 48769245 heartbeat IPC: 0.2644 cumulative IPC: 0.2582 (Simulation time: 00 hr 02 min 40 sec)
Heartbeat CPU 0 instructions: 22500095 cycles: 50691669 heartbeat IPC: 0.2601 cumulative IPC: 0.2583 (Simulation time: 00 hr 02 min 46 sec)
Heartbeat CPU 0 instructions: 23000095 cycles: 52605240 heartbeat IPC: 0.2613 cumulative IPC: 0.2584 (Simulation time: 00 hr 02 min 52 sec)
Heartbeat CPU 0 instructions: 23500095 cycles: 54534718 heartbeat IPC: 0.2591 cumulative IPC: 0.2584 (Simulation time: 00 hr 02 min 57 sec)
Heartbeat CPU 0 instructions: 24000096 cycles: 56471220 heartbeat IPC: 0.2582 cumulative IPC: 0.2584 (Simulation time: 00 hr 03 min 03 sec)
Heartbeat CPU 0 instructions: 24500097 cycles: 58390280 heartbeat IPC: 0.2605 cumulative IPC: 0.2585 (Simulation time: 00 hr 04 min 10 sec)
Heartbeat CPU 0 instructions: 25000102 cycles: 60282660 heartbeat IPC: 0.2642 cumulative IPC: 0.2587 (Simulation time: 00 hr 04 min 16 sec)
Heartbeat CPU 0 instructions: 25500103 cycles: 62243241 heartbeat IPC: 0.255 cumulative IPC: 0.2585 (Simulation time: 00 hr 04 min 22 sec)
Heartbeat CPU 0 instructions: 26000103 cycles: 64180355 heartbeat IPC: 0.2581 cumulative IPC: 0.2585 (Simulation time: 00 hr 04 min 28 sec)
Heartbeat CPU 0 instructions: 26500109 cycles: 66118858 heartbeat IPC: 0.2579 cumulative IPC: 0.2585 (Simulation time: 00 hr 04 min 33 sec)
Heartbeat CPU 0 instructions: 27000109 cycles: 68058603 heartbeat IPC: 0.2578 cumulative IPC: 0.2585 (Simulation time: 00 hr 04 min 39 sec)
Heartbeat CPU 0 instructions: 27500110 cycles: 69994463 heartbeat IPC: 0.2583 cumulative IPC: 0.2585 (Simulation time: 00 hr 04 min 45 sec)
Heartbeat CPU 0 instructions: 28000110 cycles: 71898133 heartbeat IPC: 0.2627 cumulative IPC: 0.2586 (Simulation time: 00 hr 04 min 50 sec)
Heartbeat CPU 0 instructions: 28500116 cycles: 73809576 heartbeat IPC: 0.2616 cumulative IPC: 0.2587 (Simulation time: 00 hr 04 min 56 sec)
Heartbeat CPU 0 instructions: 29000118 cycles: 75734971 heartbeat IPC: 0.2597 cumulative IPC: 0.2587 (Simulation time: 00 hr 05 min 02 sec)
Heartbeat CPU 0 instructions: 29500119 cycles: 77678407 heartbeat IPC: 0.2573 cumulative IPC: 0.2587 (Simulation time: 00 hr 05 min 08 sec)
Heartbeat CPU 0 instructions: 30000123 cycles: 79594127 heartbeat IPC: 0.261 cumulative IPC: 0.2587 (Simulation time: 00 hr 05 min 13 sec)
Heartbeat CPU 0 instructions: 30500125 cycles: 81542819 heartbeat IPC: 0.2566 cumulative IPC: 0.2587 (Simulation time: 00 hr 05 min 19 sec)
Heartbeat CPU 0 instructions: 31000125 cycles: 83494194 heartbeat IPC: 0.2562 cumulative IPC: 0.2586 (Simulation time: 00 hr 05 min 25 sec)
Heartbeat CPU 0 instructions: 31500126 cycles: 85432742 heartbeat IPC: 0.2579 cumulative IPC: 0.2586 (Simulation time: 00 hr 05 min 31 sec)
Heartbeat CPU 0 instructions: 32000132 cycles: 87376354 heartbeat IPC: 0.2573 cumulative IPC: 0.2586 (Simulation time: 00 hr 05 min 36 sec)
Heartbeat CPU 0 instructions: 32500132 cycles: 89317530 heartbeat IPC: 0.2576 cumulative IPC: 0.2585 (Simulation time: 00 hr 05 min 42 sec)
Heartbeat CPU 0 instructions: 33000133 cycles: 91257035 heartbeat IPC: 0.2578 cumulative IPC: 0.2585 (Simulation time: 00 hr 05 min 48 sec)
Heartbeat CPU 0 instructions: 33500134 cycles: 93180130 heartbeat IPC: 0.26 cumulative IPC: 0.2586 (Simulation time: 00 hr 05 min 54 sec)
Heartbeat CPU 0 instructions: 34000135 cycles: 95123988 heartbeat IPC: 0.2572 cumulative IPC: 0.2585 (Simulation time: 00 hr 05 min 59 sec)
Heartbeat CPU 0 instructions: 34500135 cycles: 97066658 heartbeat IPC: 0.2574 cumulative IPC: 0.2585 (Simulation time: 00 hr 06 min 05 sec)
Heartbeat CPU 0 instructions: 35000137 cycles: 99011847 heartbeat IPC: 0.257 cumulative IPC: 0.2585 (Simulation time: 00 hr 06 min 11 sec)
Heartbeat CPU 0 instructions: 35500138 cycles: 100949610 heartbeat IPC: 0.258 cumulative IPC: 0.2585 (Simulation time: 00 hr 06 min 17 sec)
Heartbeat CPU 0 instructions: 36000143 cycles: 102909650 heartbeat IPC: 0.2551 cumulative IPC: 0.2584 (Simulation time: 00 hr 06 min 22 sec)
Heartbeat CPU 0 instructions: 36500144 cycles: 104831956 heartbeat IPC: 0.2601 cumulative IPC: 0.2584 (Simulation time: 00 hr 06 min 28 sec)
Heartbeat CPU 0 instructions: 37000147 cycles: 106753296 heartbeat IPC: 0.2602 cumulative IPC: 0.2585 (Simulation time: 00 hr 06 min 34 sec)
Heartbeat CPU 0 instructions: 37500152 cycles: 108675923 heartbeat IPC: 0.2601 cumulative IPC: 0.2585 (Simulation time: 00 hr 06 min 40 sec)
Heartbeat CPU 0 instructions: 38000153 cycles: 110620266 heartbeat IPC: 0.2572 cumulative IPC: 0.2585 (Simulation time: 00 hr 06 min 45 sec)
Heartbeat CPU 0 instructions: 38500153 cycles: 112592243 heartbeat IPC: 0.2536 cumulative IPC: 0.2584 (Simulation time: 00 hr 06 min 51 sec)
Heartbeat CPU 0 instructions: 39000153 cycles: 114532593 heartbeat IPC: 0.2577 cumulative IPC: 0.2584 (Simulation time: 00 hr 06 min 57 sec)
Heartbeat CPU 0 instructions: 39500156 cycles: 116464911 heartbeat IPC: 0.2588 cumulative IPC: 0.2584 (Simulation time: 00 hr 07 min 03 sec)
Heartbeat CPU 0 instructions: 40000156 cycles: 118415159 heartbeat IPC: 0.2564 cumulative IPC: 0.2583 (Simulation time: 00 hr 07 min 09 sec)
Heartbeat CPU 0 instructions: 40500156 cycles: 120358484 heartbeat IPC: 0.2573 cumulative IPC: 0.2583 (Simulation time: 00 hr 07 min 14 sec)
Heartbeat CPU 0 instructions: 41000156 cycles: 122301592 heartbeat IPC: 0.2573 cumulative IPC: 0.2583 (Simulation time: 00 hr 07 min 20 sec)
Heartbeat CPU 0 instructions: 41500156 cycles: 124240341 heartbeat IPC: 0.2579 cumulative IPC: 0.2583 (Simulation time: 00 hr 07 min 26 sec)
Heartbeat CPU 0 instructions: 42000156 cycles: 126177742 heartbeat IPC: 0.2581 cumulative IPC: 0.2583 (Simulation time: 00 hr 07 min 32 sec)
Heartbeat CPU 0 instructions: 42500157 cycles: 128105661 heartbeat IPC: 0.2593 cumulative IPC: 0.2583 (Simulation time: 00 hr 07 min 37 sec)
Heartbeat CPU 0 instructions: 43000163 cycles: 130053343 heartbeat IPC: 0.2567 cumulative IPC: 0.2583 (Simulation time: 00 hr 07 min 43 sec)
Heartbeat CPU 0 instructions: 43500167 cycles: 131983599 heartbeat IPC: 0.259 cumulative IPC: 0.2583 (Simulation time: 00 hr 07 min 49 sec)
Heartbeat CPU 0 instructions: 44000168 cycles: 133910593 heartbeat IPC: 0.2595 cumulative IPC: 0.2583 (Simulation time: 00 hr 07 min 55 sec)
Heartbeat CPU 0 instructions: 44500171 cycles: 135869672 heartbeat IPC: 0.2552 cumulative IPC: 0.2583 (Simulation time: 00 hr 08 min 00 sec)
Heartbeat CPU 0 instructions: 45000172 cycles: 137799540 heartbeat IPC: 0.2591 cumulative IPC: 0.2583 (Simulation time: 00 hr 08 min 06 sec)
Heartbeat CPU 0 instructions: 45500172 cycles: 139722358 heartbeat IPC: 0.26 cumulative IPC: 0.2583 (Simulation time: 00 hr 08 min 12 sec)
Heartbeat CPU 0 instructions: 46000175 cycles: 141655042 heartbeat IPC: 0.2587 cumulative IPC: 0.2583 (Simulation time: 00 hr 08 min 18 sec)
Heartbeat CPU 0 instructions: 46500175 cycles: 143584849 heartbeat IPC: 0.2591 cumulative IPC: 0.2583 (Simulation time: 00 hr 08 min 23 sec)
Heartbeat CPU 0 instructions: 47000178 cycles: 145518639 heartbeat IPC: 0.2586 cumulative IPC: 0.2583 (Simulation time: 00 hr 08 min 29 sec)
Heartbeat CPU 0 instructions: 47500178 cycles: 147469565 heartbeat IPC: 0.2563 cumulative IPC: 0.2583 (Simulation time: 00 hr 08 min 35 sec)
Heartbeat CPU 0 instructions: 48000178 cycles: 149415649 heartbeat IPC: 0.2569 cumulative IPC: 0.2583 (Simulation time: 00 hr 08 min 41 sec)
Heartbeat CPU 0 instructions: 48500179 cycles: 151351197 heartbeat IPC: 0.2583 cumulative IPC: 0.2583 (Simulation time: 00 hr 08 min 46 sec)
Heartbeat CPU 0 instructions: 49000179 cycles: 153274277 heartbeat IPC: 0.26 cumulative IPC: 0.2583 (Simulation time: 00 hr 08 min 52 sec)
Heartbeat CPU 0 instructions: 49500179 cycles: 155194892 heartbeat IPC: 0.2603 cumulative IPC: 0.2583 (Simulation time: 00 hr 08 min 58 sec)
Heartbeat CPU 0 instructions: 50000179 cycles: 157124111 heartbeat IPC: 0.2592 cumulative IPC: 0.2583 (Simulation time: 00 hr 09 min 04 sec)
Heartbeat CPU 0 instructions: 50500182 cycles: 159058722 heartbeat IPC: 0.2585 cumulative IPC: 0.2583 (Simulation time: 00 hr 09 min 09 sec)
Heartbeat CPU 0 instructions: 51000182 cycles: 161008872 heartbeat IPC: 0.2564 cumulative IPC: 0.2583 (Simulation time: 00 hr 09 min 15 sec)
Heartbeat CPU 0 instructions: 51500182 cycles: 162953869 heartbeat IPC: 0.2571 cumulative IPC: 0.2583 (Simulation time: 00 hr 09 min 21 sec)
Heartbeat CPU 0 instructions: 52000185 cycles: 164911538 heartbeat IPC: 0.2554 cumulative IPC: 0.2583 (Simulation time: 00 hr 09 min 27 sec)
Heartbeat CPU 0 instructions: 52500185 cycles: 166868842 heartbeat IPC: 0.2555 cumulative IPC: 0.2582 (Simulation time: 00 hr 09 min 32 sec)
Heartbeat CPU 0 instructions: 53000185 cycles: 168822331 heartbeat IPC: 0.256 cumulative IPC: 0.2582 (Simulation time: 00 hr 09 min 38 sec)
Heartbeat CPU 0 instructions: 53500187 cycles: 170753865 heartbeat IPC: 0.2589 cumulative IPC: 0.2582 (Simulation time: 00 hr 09 min 44 sec)
Heartbeat CPU 0 instructions: 54000187 cycles: 172706032 heartbeat IPC: 0.2561 cumulative IPC: 0.2582 (Simulation time: 00 hr 09 min 50 sec)
Heartbeat CPU 0 instructions: 54500193 cycles: 174655615 heartbeat IPC: 0.2565 cumulative IPC: 0.2582 (Simulation time: 00 hr 09 min 55 sec)
Heartbeat CPU 0 instructions: 55000197 cycles: 177197004 heartbeat IPC: 0.1967 cumulative IPC: 0.2573 (Simulation time: 00 hr 10 min 03 sec)
Heartbeat CPU 0 instructions: 55500197 cycles: 180466452 heartbeat IPC: 0.1529 cumulative IPC: 0.2554 (Simulation time: 00 hr 10 min 12 sec)
Heartbeat CPU 0 instructions: 56000197 cycles: 183676028 heartbeat IPC: 0.1558 cumulative IPC: 0.2536 (Simulation time: 00 hr 10 min 20 sec)
Heartbeat CPU 0 instructions: 56500197 cycles: 186931331 heartbeat IPC: 0.1536 cumulative IPC: 0.2518 (Simulation time: 00 hr 10 min 29 sec)
Heartbeat CPU 0 instructions: 57000197 cycles: 190189238 heartbeat IPC: 0.1535 cumulative IPC: 0.2501 (Simulation time: 00 hr 10 min 38 sec)
Heartbeat CPU 0 instructions: 57500201 cycles: 193431020 heartbeat IPC: 0.1542 cumulative IPC: 0.2485 (Simulation time: 00 hr 10 min 47 sec)
Heartbeat CPU 0 instructions: 58000202 cycles: 196685442 heartbeat IPC: 0.1536 cumulative IPC: 0.2469 (Simulation time: 00 hr 10 min 56 sec)
Heartbeat CPU 0 instructions: 58500206 cycles: 199877584 heartbeat IPC: 0.1566 cumulative IPC: 0.2455 (Simulation time: 00 hr 11 min 05 sec)
Heartbeat CPU 0 instructions: 59000209 cycles: 203087070 heartbeat IPC: 0.1558 cumulative IPC: 0.244 (Simulation time: 00 hr 11 min 14 sec)
Heartbeat CPU 0 instructions: 59500213 cycles: 206297250 heartbeat IPC: 0.1558 cumulative IPC: 0.2426 (Simulation time: 00 hr 11 min 22 sec)
Simulation finished CPU 0 instructions: 50000002 cycles: 207246611 cumulative IPC: 0.2413 (Simulation time: 00 hr 11 min 31 sec)
Simulation complete CPU 0 instructions: 50000002 cycles: 207246611 cumulative IPC: 0.2413 (Simulation time: 00 hr 11 min 31 sec)

ChampSim completed all CPUs

=== Simulation ===
CPU 0 runs traces/bfs-10.trace.gz

Region of Interest Statistics

CPU 0 cumulative IPC: 0.2413 instructions: 50000002 cycles: 207246611
CPU 0 Branch Prediction Accuracy: 87.15% MPKI: 26.33 Average ROB Occupancy at Mispredict: 16.18
Branch type MPKI
BRANCH_DIRECT_JUMP: 0.00016
BRANCH_INDIRECT: 0
BRANCH_CONDITIONAL: 26.33
BRANCH_DIRECT_CALL: 0.00034
BRANCH_INDIRECT_CALL: 0
BRANCH_RETURN: 0.00038

cpu0->cpu0_STLB TOTAL        ACCESS:      41514 HIT:       5364 MISS:      36150 MSHR_MERGE:          0
cpu0->cpu0_STLB LOAD         ACCESS:      41514 HIT:       5364 MISS:      36150 MSHR_MERGE:          0
cpu0->cpu0_STLB RFO          ACCESS:          0 HIT:          0 MISS:          0 MSHR_MERGE:          0
cpu0->cpu0_STLB PREFETCH     ACCESS:          0 HIT:          0 MISS:          0 MSHR_MERGE:          0
cpu0->cpu0_STLB WRITE        ACCESS:          0 HIT:          0 MISS:          0 MSHR_MERGE:          0
cpu0->cpu0_STLB TRANSLATION  ACCESS:          0 HIT:          0 MISS:          0 MSHR_MERGE:          0
cpu0->cpu0_STLB PREFETCH REQUESTED:          0 ISSUED:          0 USEFUL:          0 USELESS:          0
cpu0->cpu0_STLB AVERAGE MISS LATENCY: 190.2 cycles
cpu0->cpu0_L2C TOTAL        ACCESS:    2523697 HIT:    1800902 MISS:     722795 MSHR_MERGE:          0
cpu0->cpu0_L2C LOAD         ACCESS:    2403217 HIT:    1692399 MISS:     710818 MSHR_MERGE:          0
cpu0->cpu0_L2C RFO          ACCESS:      10204 HIT:       3850 MISS:       6354 MSHR_MERGE:          0
cpu0->cpu0_L2C PREFETCH     ACCESS:          0 HIT:          0 MISS:          0 MSHR_MERGE:          0
cpu0->cpu0_L2C WRITE        ACCESS:     101739 HIT:     101738 MISS:          1 MSHR_MERGE:          0
cpu0->cpu0_L2C TRANSLATION  ACCESS:       8537 HIT:       2915 MISS:       5622 MSHR_MERGE:          0
cpu0->cpu0_L2C PREFETCH REQUESTED:          0 ISSUED:          0 USEFUL:          0 USELESS:          0
cpu0->cpu0_L2C AVERAGE MISS LATENCY: 261.5 cycles
cpu0->cpu0_L1I TOTAL        ACCESS:      27701 HIT:      27660 MISS:         41 MSHR_MERGE:          3
cpu0->cpu0_L1I LOAD         ACCESS:      27701 HIT:      27660 MISS:         41 MSHR_MERGE:          3
cpu0->cpu0_L1I RFO          ACCESS:          0 HIT:          0 MISS:          0 MSHR_MERGE:          0
cpu0->cpu0_L1I PREFETCH     ACCESS:          0 HIT:          0 MISS:          0 MSHR_MERGE:          0
cpu0->cpu0_L1I WRITE        ACCESS:          0 HIT:          0 MISS:          0 MSHR_MERGE:          0
cpu0->cpu0_L1I TRANSLATION  ACCESS:          0 HIT:          0 MISS:          0 MSHR_MERGE:          0
cpu0->cpu0_L1I PREFETCH REQUESTED:          0 ISSUED:          0 USEFUL:          0 USELESS:          0
cpu0->cpu0_L1I AVERAGE MISS LATENCY: 355.8 cycles
cpu0->cpu0_L1D TOTAL        ACCESS:   12672082 HIT:    8909171 MISS:    3762911 MSHR_MERGE:    1340991
cpu0->cpu0_L1D LOAD         ACCESS:   11668257 HIT:    7956142 MISS:    3712115 MSHR_MERGE:    1308936
cpu0->cpu0_L1D RFO          ACCESS:          0 HIT:          0 MISS:          0 MSHR_MERGE:          0
cpu0->cpu0_L1D PREFETCH     ACCESS:          0 HIT:          0 MISS:          0 MSHR_MERGE:          0
cpu0->cpu0_L1D WRITE        ACCESS:     931654 HIT:     889634 MISS:      42020 MSHR_MERGE:      31816
cpu0->cpu0_L1D TRANSLATION  ACCESS:      72171 HIT:      63395 MISS:       8776 MSHR_MERGE:        239
cpu0->cpu0_L1D PREFETCH REQUESTED:          0 ISSUED:          0 USEFUL:          0 USELESS:          0
cpu0->cpu0_L1D AVERAGE MISS LATENCY: 86.37 cycles
cpu0->cpu0_ITLB TOTAL        ACCESS:      26818 HIT:      26816 MISS:          2 MSHR_MERGE:          1
cpu0->cpu0_ITLB LOAD         ACCESS:      26818 HIT:      26816 MISS:          2 MSHR_MERGE:          1
cpu0->cpu0_ITLB RFO          ACCESS:          0 HIT:          0 MISS:          0 MSHR_MERGE:          0
cpu0->cpu0_ITLB PREFETCH     ACCESS:          0 HIT:          0 MISS:          0 MSHR_MERGE:          0
cpu0->cpu0_ITLB WRITE        ACCESS:          0 HIT:          0 MISS:          0 MSHR_MERGE:          0
cpu0->cpu0_ITLB TRANSLATION  ACCESS:          0 HIT:          0 MISS:          0 MSHR_MERGE:          0
cpu0->cpu0_ITLB PREFETCH REQUESTED:          0 ISSUED:          0 USEFUL:          0 USELESS:          0
cpu0->cpu0_ITLB AVERAGE MISS LATENCY: 1575 cycles
cpu0->cpu0_DTLB TOTAL        ACCESS:   12582524 HIT:   12450284 MISS:     132240 MSHR_MERGE:      90727
cpu0->cpu0_DTLB LOAD         ACCESS:   12582524 HIT:   12450284 MISS:     132240 MSHR_MERGE:      90727
cpu0->cpu0_DTLB RFO          ACCESS:          0 HIT:          0 MISS:          0 MSHR_MERGE:          0
cpu0->cpu0_DTLB PREFETCH     ACCESS:          0 HIT:          0 MISS:          0 MSHR_MERGE:          0
cpu0->cpu0_DTLB WRITE        ACCESS:          0 HIT:          0 MISS:          0 MSHR_MERGE:          0
cpu0->cpu0_DTLB TRANSLATION  ACCESS:          0 HIT:          0 MISS:          0 MSHR_MERGE:          0
cpu0->cpu0_DTLB PREFETCH REQUESTED:          0 ISSUED:          0 USEFUL:          0 USELESS:          0
cpu0->cpu0_DTLB AVERAGE MISS LATENCY: 171.5 cycles
cpu0->LLC TOTAL        ACCESS:     824054 HIT:      32364 MISS:     791690 MSHR_MERGE:          0
cpu0->LLC LOAD         ACCESS:     710818 HIT:      11042 MISS:     699776 MSHR_MERGE:          0
cpu0->LLC RFO          ACCESS:       6354 HIT:          1 MISS:       6353 MSHR_MERGE:          0
cpu0->LLC PREFETCH     ACCESS:          0 HIT:          0 MISS:          0 MSHR_MERGE:          0
cpu0->LLC WRITE        ACCESS:     101260 HIT:      21314 MISS:      79946 MSHR_MERGE:          0
cpu0->LLC TRANSLATION  ACCESS:       5622 HIT:          7 MISS:       5615 MSHR_MERGE:          0
cpu0->LLC PREFETCH REQUESTED:          0 ISSUED:          0 USEFUL:          0 USELESS:          0
cpu0->LLC AVERAGE MISS LATENCY: 219.5 cycles

DRAM Statistics

Channel 0 RQ ROW_BUFFER_HIT:      25539
  ROW_BUFFER_MISS:     686203
  AVG DBUS CONGESTED CYCLE: 5.274
Channel 0 WQ ROW_BUFFER_HIT:      23654
  ROW_BUFFER_MISS:      72669
  FULL:          0
Channel 0 REFRESHES ISSUED:      17270
