[VMEM] WARNING: physical memory size is smaller than virtual memory size.

*** ChampSim Multicore Out-of-Order Simulator ***
Warmup Instructions: 10000000
Simulation Instructions: 50000000
Number of CPUs: 1
Page size: 4096
Core 0: traces/cc-14.trace.gz
Off-chip DRAM Size: 64 GiB Channels: 1 Width: 64-bit Data Rate: 800 MT/s
Heartbeat CPU 0 instructions: 500004 cycles: 151561 heartbeat IPC: 3.299 cumulative IPC: 3.299 (Simulation time: 00 hr 00 min 01 sec)
Heartbeat CPU 0 instructions: 1000005 cycles: 299548 heartbeat IPC: 3.379 cumulative IPC: 3.338 (Simulation time: 00 hr 00 min 02 sec)
Heartbeat CPU 0 instructions: 1500005 cycles: 447179 heartbeat IPC: 3.387 cumulative IPC: 3.354 (Simulation time: 00 hr 00 min 03 sec)
Heartbeat CPU 0 instructions: 2000009 cycles: 557320 heartbeat IPC: 4.54 cumulative IPC: 3.589 (Simulation time: 00 hr 00 min 04 sec)
Heartbeat CPU 0 instructions: 2500011 cycles: 660447 heartbeat IPC: 4.848 cumulative IPC: 3.785 (Simulation time: 00 hr 00 min 05 sec)
Heartbeat CPU 0 instructions: 3000018 cycles: 763826 heartbeat IPC: 4.837 cumulative IPC: 3.928 (Simulation time: 00 hr 00 min 06 sec)
Heartbeat CPU 0 instructions: 3500022 cycles: 867273 heartbeat IPC: 4.833 cumulative IPC: 4.036 (Simulation time: 00 hr 00 min 07 sec)
Heartbeat CPU 0 instructions: 4000029 cycles: 970643 heartbeat IPC: 4.837 cumulative IPC: 4.121 (Simulation time: 00 hr 00 min 08 sec)
Heartbeat CPU 0 instructions: 4500032 cycles: 1074094 heartbeat IPC: 4.833 cumulative IPC: 4.19 (Simulation time: 00 hr 00 min 09 sec)
Heartbeat CPU 0 instructions: 5000034 cycles: 1177764 heartbeat IPC: 4.823 cumulative IPC: 4.245 (Simulation time: 00 hr 00 min 09 sec)
Heartbeat CPU 0 instructions: 5500034 cycles: 1281358 heartbeat IPC: 4.827 cumulative IPC: 4.292 (Simulation time: 00 hr 00 min 10 sec)
Heartbeat CPU 0 instructions: 6000041 cycles: 1384726 heartbeat IPC: 4.837 cumulative IPC: 4.333 (Simulation time: 00 hr 00 min 11 sec)
Heartbeat CPU 0 instructions: 6500048 cycles: 1488336 heartbeat IPC: 4.826 cumulative IPC: 4.367 (Simulation time: 00 hr 00 min 12 sec)
Heartbeat CPU 0 instructions: 7000054 cycles: 1591931 heartbeat IPC: 4.827 cumulative IPC: 4.397 (Simulation time: 00 hr 00 min 13 sec)
Heartbeat CPU 0 instructions: 7500058 cycles: 1695147 heartbeat IPC: 4.844 cumulative IPC: 4.424 (Simulation time: 00 hr 00 min 14 sec)
Heartbeat CPU 0 instructions: 8000063 cycles: 1798747 heartbeat IPC: 4.826 cumulative IPC: 4.448 (Simulation time: 00 hr 00 min 15 sec)
Heartbeat CPU 0 instructions: 8500068 cycles: 1902289 heartbeat IPC: 4.829 cumulative IPC: 4.468 (Simulation time: 00 hr 00 min 16 sec)
Heartbeat CPU 0 instructions: 9000068 cycles: 2005885 heartbeat IPC: 4.826 cumulative IPC: 4.487 (Simulation time: 00 hr 00 min 17 sec)
Heartbeat CPU 0 instructions: 9500073 cycles: 2109353 heartbeat IPC: 4.832 cumulative IPC: 4.504 (Simulation time: 00 hr 00 min 18 sec)
Warmup finished CPU 0 instructions: 10000005 cycles: 2212816 cumulative IPC: 4.519 (Simulation time: 00 hr 00 min 19 sec)
Warmup complete CPU 0 instructions: 10000005 cycles: 2212816 cumulative IPC: 4.519 (Simulation time: 00 hr 00 min 19 sec)
Heartbeat CPU 0 instructions: 10000074 cycles: 2212859 heartbeat IPC: 4.831 cumulative IPC: 1.605 (Simulation time: 00 hr 00 min 19 sec)
Heartbeat CPU 0 instructions: 10500077 cycles: 3927403 heartbeat IPC: 0.2916 cumulative IPC: 0.2917 (Simulation time: 00 hr 00 min 24 sec)
Heartbeat CPU 0 instructions: 11000082 cycles: 5560512 heartbeat IPC: 0.3062 cumulative IPC: 0.2987 (Simulation time: 00 hr 00 min 29 sec)
Heartbeat CPU 0 instructions: 11500083 cycles: 7223404 heartbeat IPC: 0.3007 cumulative IPC: 0.2994 (Simulation time: 00 hr 00 min 35 sec)
Heartbeat CPU 0 instructions: 12000085 cycles: 8929719 heartbeat IPC: 0.293 cumulative IPC: 0.2978 (Simulation time: 00 hr 00 min 40 sec)
Heartbeat CPU 0 instructions: 12500087 cycles: 10436237 heartbeat IPC: 0.3319 cumulative IPC: 0.304 (Simulation time: 00 hr 00 min 45 sec)
Heartbeat CPU 0 instructions: 13000087 cycles: 12059787 heartbeat IPC: 0.308 cumulative IPC: 0.3047 (Simulation time: 00 hr 00 min 50 sec)
Heartbeat CPU 0 instructions: 13500087 cycles: 13623727 heartbeat IPC: 0.3197 cumulative IPC: 0.3067 (Simulation time: 00 hr 00 min 55 sec)
Heartbeat CPU 0 instructions: 14000087 cycles: 15276307 heartbeat IPC: 0.3026 cumulative IPC: 0.3062 (Simulation time: 00 hr 01 min 01 sec)
Heartbeat CPU 0 instructions: 14500087 cycles: 16934733 heartbeat IPC: 0.3015 cumulative IPC: 0.3057 (Simulation time: 00 hr 01 min 06 sec)
Heartbeat CPU 0 instructions: 15000087 cycles: 18704936 heartbeat IPC: 0.2825 cumulative IPC: 0.3032 (Simulation time: 00 hr 01 min 12 sec)
Heartbeat CPU 0 instructions: 15500088 cycles: 20373796 heartbeat IPC: 0.2996 cumulative IPC: 0.3029 (Simulation time: 00 hr 01 min 17 sec)
Heartbeat CPU 0 instructions: 16000088 cycles: 22006869 heartbeat IPC: 0.3062 cumulative IPC: 0.3031 (Simulation time: 00 hr 01 min 22 sec)
Heartbeat CPU 0 instructions: 16500089 cycles: 23695452 heartbeat IPC: 0.2961 cumulative IPC: 0.3026 (Simulation time: 00 hr 01 min 27 sec)
Heartbeat CPU 0 instructions: 17000094 cycles: 25362853 heartbeat IPC: 0.2999 cumulative IPC: 0.3024 (Simulation time: 00 hr 01 min 33 sec)
Heartbeat CPU 0 instructions: 17500094 cycles: 26986129 heartbeat IPC: 0.308 cumulative IPC: 0.3027 (Simulation time: 00 hr 01 min 38 sec)
Heartbeat CPU 0 instructions: 18000096 cycles: 28611209 heartbeat IPC: 0.3077 cumulative IPC: 0.3031 (Simulation time: 00 hr 01 min 43 sec)
Heartbeat CPU 0 instructions: 18500096 cycles: 30215049 heartbeat IPC: 0.3118 cumulative IPC: 0.3036 (Simulation time: 00 hr 01 min 48 sec)
Heartbeat CPU 0 instructions: 19000098 cycles: 31809086 heartbeat IPC: 0.3137 cumulative IPC: 0.3041 (Simulation time: 00 hr 01 min 54 sec)
Heartbeat CPU 0 instructions: 19500099 cycles: 33273004 heartbeat IPC: 0.3415 cumulative IPC: 0.3059 (Simulation time: 00 hr 01 min 59 sec)
Heartbeat CPU 0 instructions: 20000099 cycles: 34794383 heartbeat IPC: 0.3286 cumulative IPC: 0.3069 (Simulation time: 00 hr 02 min 04 sec)
Heartbeat CPU 0 instructions: 20500100 cycles: 36291300 heartbeat IPC: 0.334 cumulative IPC: 0.3081 (Simulation time: 00 hr 02 min 09 sec)
Heartbeat CPU 0 instructions: 21000101 cycles: 37963283 heartbeat IPC: 0.299 cumulative IPC: 0.3077 (Simulation time: 00 hr 02 min 14 sec)
Heartbeat CPU 0 instructions: 21500101 cycles: 39637452 heartbeat IPC: 0.2987 cumulative IPC: 0.3073 (Simulation time: 00 hr 02 min 20 sec)
Heartbeat CPU 0 instructions: 22000104 cycles: 41209547 heartbeat IPC: 0.318 cumulative IPC: 0.3077 (Simulation time: 00 hr 02 min 25 sec)
Heartbeat CPU 0 instructions: 22500104 cycles: 42782699 heartbeat IPC: 0.3178 cumulative IPC: 0.3081 (Simulation time: 00 hr 02 min 30 sec)
Heartbeat CPU 0 instructions: 23000106 cycles: 44333432 heartbeat IPC: 0.3224 cumulative IPC: 0.3086 (Simulation time: 00 hr 02 min 35 sec)
Heartbeat CPU 0 instructions: 23500108 cycles: 45854909 heartbeat IPC: 0.3286 cumulative IPC: 0.3093 (Simulation time: 00 hr 02 min 40 sec)
Heartbeat CPU 0 instructions: 24000114 cycles: 47330877 heartbeat IPC: 0.3388 cumulative IPC: 0.3103 (Simulation time: 00 hr 02 min 45 sec)
Heartbeat CPU 0 instructions: 24500114 cycles: 48809624 heartbeat IPC: 0.3381 cumulative IPC: 0.3112 (Simulation time: 00 hr 02 min 50 sec)
Heartbeat CPU 0 instructions: 25000120 cycles: 50238480 heartbeat IPC: 0.3499 cumulative IPC: 0.3123 (Simulation time: 00 hr 02 min 55 sec)
Heartbeat CPU 0 instructions: 25500120 cycles: 51741727 heartbeat IPC: 0.3326 cumulative IPC: 0.313 (Simulation time: 00 hr 03 min 00 sec)
Heartbeat CPU 0 instructions: 26000124 cycles: 53378810 heartbeat IPC: 0.3054 cumulative IPC: 0.3127 (Simulation time: 00 hr 03 min 06 sec)
Heartbeat CPU 0 instructions: 26500130 cycles: 55089253 heartbeat IPC: 0.2923 cumulative IPC: 0.3121 (Simulation time: 00 hr 03 min 11 sec)
Heartbeat CPU 0 instructions: 27000130 cycles: 56583877 heartbeat IPC: 0.3345 cumulative IPC: 0.3127 (Simulation time: 00 hr 03 min 16 sec)
Heartbeat CPU 0 instructions: 27500133 cycles: 58293857 heartbeat IPC: 0.2924 cumulative IPC: 0.3121 (Simulation time: 00 hr 03 min 22 sec)
Heartbeat CPU 0 instructions: 28000134 cycles: 59725551 heartbeat IPC: 0.3492 cumulative IPC: 0.313 (Simulation time: 00 hr 03 min 27 sec)
Heartbeat CPU 0 instructions: 28500135 cycles: 61098461 heartbeat IPC: 0.3642 cumulative IPC: 0.3142 (Simulation time: 00 hr 03 min 32 sec)
Heartbeat CPU 0 instructions: 29000138 cycles: 62542232 heartbeat IPC: 0.3463 cumulative IPC: 0.3149 (Simulation time: 00 hr 03 min 37 sec)
Heartbeat CPU 0 instructions: 29500139 cycles: 64015748 heartbeat IPC: 0.3393 cumulative IPC: 0.3155 (Simulation time: 00 hr 03 min 42 sec)
Heartbeat CPU 0 instructions: 30000140 cycles: 65481104 heartbeat IPC: 0.3412 cumulative IPC: 0.3161 (Simulation time: 00 hr 03 min 47 sec)
Heartbeat CPU 0 instructions: 30500141 cycles: 67143684 heartbeat IPC: 0.3007 cumulative IPC: 0.3157 (Simulation time: 00 hr 03 min 52 sec)
Heartbeat CPU 0 instructions: 31000142 cycles: 68687376 heartbeat IPC: 0.3239 cumulative IPC: 0.3159 (Simulation time: 00 hr 03 min 57 sec)
Heartbeat CPU 0 instructions: 31500144 cycles: 70213577 heartbeat IPC: 0.3276 cumulative IPC: 0.3162 (Simulation time: 00 hr 04 min 02 sec)
Heartbeat CPU 0 instructions: 32000147 cycles: 71624300 heartbeat IPC: 0.3544 cumulative IPC: 0.317 (Simulation time: 00 hr 04 min 07 sec)
Heartbeat CPU 0 instructions: 32500149 cycles: 73176421 heartbeat IPC: 0.3221 cumulative IPC: 0.3171 (Simulation time: 00 hr 04 min 13 sec)
Heartbeat CPU 0 instructions: 33000149 cycles: 74572543 heartbeat IPC: 0.3581 cumulative IPC: 0.3179 (Simulation time: 00 hr 04 min 17 sec)
Heartbeat CPU 0 instructions: 33500149 cycles: 76060640 heartbeat IPC: 0.336 cumulative IPC: 0.3182 (Simulation time: 00 hr 04 min 23 sec)
Heartbeat CPU 0 instructions: 34000152 cycles: 77659546 heartbeat IPC: 0.3127 cumulative IPC: 0.3181 (Simulation time: 00 hr 04 min 28 sec)
Heartbeat CPU 0 instructions: 34500153 cycles: 79083388 heartbeat IPC: 0.3512 cumulative IPC: 0.3187 (Simulation time: 00 hr 04 min 33 sec)
Heartbeat CPU 0 instructions: 35000156 cycles: 80470322 heartbeat IPC: 0.3605 cumulative IPC: 0.3195 (Simulation time: 00 hr 04 min 38 sec)
Heartbeat CPU 0 instructions: 35500161 cycles: 81946406 heartbeat IPC: 0.3387 cumulative IPC: 0.3198 (Simulation time: 00 hr 04 min 43 sec)
Heartbeat CPU 0 instructions: 36000162 cycles: 83502062 heartbeat IPC: 0.3214 cumulative IPC: 0.3198 (Simulation time: 00 hr 04 min 48 sec)
Heartbeat CPU 0 instructions: 36500166 cycles: 85062623 heartbeat IPC: 0.3204 cumulative IPC: 0.3199 (Simulation time: 00 hr 04 min 53 sec)
Heartbeat CPU 0 instructions: 37000166 cycles: 86489135 heartbeat IPC: 0.3505 cumulative IPC: 0.3204 (Simulation time: 00 hr 04 min 58 sec)
Heartbeat CPU 0 instructions: 37500168 cycles: 87961630 heartbeat IPC: 0.3396 cumulative IPC: 0.3207 (Simulation time: 00 hr 05 min 03 sec)
Heartbeat CPU 0 instructions: 38000168 cycles: 89479786 heartbeat IPC: 0.3293 cumulative IPC: 0.3209 (Simulation time: 00 hr 05 min 08 sec)
Heartbeat CPU 0 instructions: 38500171 cycles: 91082848 heartbeat IPC: 0.3119 cumulative IPC: 0.3207 (Simulation time: 00 hr 05 min 14 sec)
Heartbeat CPU 0 instructions: 39000172 cycles: 92658361 heartbeat IPC: 0.3174 cumulative IPC: 0.3206 (Simulation time: 00 hr 05 min 19 sec)
Heartbeat CPU 0 instructions: 39500173 cycles: 94205611 heartbeat IPC: 0.3232 cumulative IPC: 0.3207 (Simulation time: 00 hr 05 min 24 sec)
Heartbeat CPU 0 instructions: 40000175 cycles: 95596075 heartbeat IPC: 0.3596 cumulative IPC: 0.3213 (Simulation time: 00 hr 05 min 29 sec)
Heartbeat CPU 0 instructions: 40500175 cycles: 97091467 heartbeat IPC: 0.3344 cumulative IPC: 0.3215 (Simulation time: 00 hr 05 min 34 sec)
Heartbeat CPU 0 instructions: 41000175 cycles: 98670806 heartbeat IPC: 0.3166 cumulative IPC: 0.3214 (Simulation time: 00 hr 05 min 40 sec)
Heartbeat CPU 0 instructions: 41500175 cycles: 100257070 heartbeat IPC: 0.3152 cumulative IPC: 0.3213 (Simulation time: 00 hr 05 min 45 sec)
Heartbeat CPU 0 instructions: 42000180 cycles: 101826376 heartbeat IPC: 0.3186 cumulative IPC: 0.3212 (Simulation time: 00 hr 05 min 50 sec)
Heartbeat CPU 0 instructions: 42500186 cycles: 103395348 heartbeat IPC: 0.3187 cumulative IPC: 0.3212 (Simulation time: 00 hr 05 min 55 sec)
Heartbeat CPU 0 instructions: 43000188 cycles: 105043559 heartbeat IPC: 0.3034 cumulative IPC: 0.3209 (Simulation time: 00 hr 06 min 00 sec)
Heartbeat CPU 0 instructions: 43500191 cycles: 106564725 heartbeat IPC: 0.3287 cumulative IPC: 0.321 (Simulation time: 00 hr 06 min 06 sec)
Heartbeat CPU 0 instructions: 44000192 cycles: 108138352 heartbeat IPC: 0.3177 cumulative IPC: 0.321 (Simulation time: 00 hr 06 min 11 sec)
Heartbeat CPU 0 instructions: 44500192 cycles: 109683417 heartbeat IPC: 0.3236 cumulative IPC: 0.321 (Simulation time: 00 hr 06 min 16 sec)
Heartbeat CPU 0 instructions: 45000198 cycles: 111139080 heartbeat IPC: 0.3435 cumulative IPC: 0.3213 (Simulation time: 00 hr 06 min 21 sec)
Heartbeat CPU 0 instructions: 45500198 cycles: 112631594 heartbeat IPC: 0.335 cumulative IPC: 0.3215 (Simulation time: 00 hr 06 min 26 sec)
Heartbeat CPU 0 instructions: 46000198 cycles: 114089905 heartbeat IPC: 0.3429 cumulative IPC: 0.3218 (Simulation time: 00 hr 06 min 31 sec)
Heartbeat CPU 0 instructions: 46500199 cycles: 115433886 heartbeat IPC: 0.372 cumulative IPC: 0.3224 (Simulation time: 00 hr 07 min 56 sec)
Heartbeat CPU 0 instructions: 47000201 cycles: 116856233 heartbeat IPC: 0.3515 cumulative IPC: 0.3227 (Simulation time: 00 hr 08 min 01 sec)
Heartbeat CPU 0 instructions: 47500201 cycles: 118218673 heartbeat IPC: 0.367 cumulative IPC: 0.3233 (Simulation time: 00 hr 08 min 06 sec)
Heartbeat CPU 0 instructions: 48000203 cycles: 119548219 heartbeat IPC: 0.3761 cumulative IPC: 0.3239 (Simulation time: 00 hr 08 min 11 sec)
Heartbeat CPU 0 instructions: 48500204 cycles: 120957952 heartbeat IPC: 0.3547 cumulative IPC: 0.3242 (Simulation time: 00 hr 08 min 16 sec)
Heartbeat CPU 0 instructions: 49000208 cycles: 122433391 heartbeat IPC: 0.3389 cumulative IPC: 0.3244 (Simulation time: 00 hr 08 min 21 sec)
Heartbeat CPU 0 instructions: 49500209 cycles: 123828207 heartbeat IPC: 0.3585 cumulative IPC: 0.3248 (Simulation time: 00 hr 08 min 26 sec)
Heartbeat CPU 0 instructions: 50000209 cycles: 125341257 heartbeat IPC: 0.3305 cumulative IPC: 0.3249 (Simulation time: 00 hr 08 min 31 sec)
Heartbeat CPU 0 instructions: 50500210 cycles: 126858975 heartbeat IPC: 0.3294 cumulative IPC: 0.3249 (Simulation time: 00 hr 08 min 36 sec)
Heartbeat CPU 0 instructions: 51000213 cycles: 128295778 heartbeat IPC: 0.348 cumulative IPC: 0.3252 (Simulation time: 00 hr 08 min 41 sec)
Heartbeat CPU 0 instructions: 51500216 cycles: 129774408 heartbeat IPC: 0.3382 cumulative IPC: 0.3253 (Simulation time: 00 hr 08 min 47 sec)
Heartbeat CPU 0 instructions: 52000217 cycles: 131138207 heartbeat IPC: 0.3666 cumulative IPC: 0.3258 (Simulation time: 00 hr 08 min 52 sec)
Heartbeat CPU 0 instructions: 52500217 cycles: 132546052 heartbeat IPC: 0.3552 cumulative IPC: 0.3261 (Simulation time: 00 hr 08 min 57 sec)
Heartbeat CPU 0 instructions: 53000217 cycles: 133978750 heartbeat IPC: 0.349 cumulative IPC: 0.3263 (Simulation time: 00 hr 09 min 02 sec)
Heartbeat CPU 0 instructions: 53500218 cycles: 135379555 heartbeat IPC: 0.3569 cumulative IPC: 0.3267 (Simulation time: 00 hr 09 min 07 sec)
Heartbeat CPU 0 instructions: 54000218 cycles: 136891822 heartbeat IPC: 0.3306 cumulative IPC: 0.3267 (Simulation time: 00 hr 09 min 12 sec)
Heartbeat CPU 0 instructions: 54500221 cycles: 138250765 heartbeat IPC: 0.3679 cumulative IPC: 0.3271 (Simulation time: 00 hr 09 min 17 sec)
Heartbeat CPU 0 instructions: 55000221 cycles: 139708931 heartbeat IPC: 0.3429 cumulative IPC: 0.3273 (Simulation time: 00 hr 09 min 22 sec)
Heartbeat CPU 0 instructions: 55500221 cycles: 141178428 heartbeat IPC: 0.3403 cumulative IPC: 0.3274 (Simulation time: 00 hr 09 min 27 sec)
Heartbeat CPU 0 instructions: 56000221 cycles: 142782540 heartbeat IPC: 0.3117 cumulative IPC: 0.3272 (Simulation time: 00 hr 09 min 32 sec)
Heartbeat CPU 0 instructions: 56500223 cycles: 144300207 heartbeat IPC: 0.3295 cumulative IPC: 0.3273 (Simulation time: 00 hr 09 min 37 sec)
Heartbeat CPU 0 instructions: 57000224 cycles: 145753934 heartbeat IPC: 0.3439 cumulative IPC: 0.3274 (Simulation time: 00 hr 09 min 43 sec)
Heartbeat CPU 0 instructions: 57500224 cycles: 147169566 heartbeat IPC: 0.3532 cumulative IPC: 0.3277 (Simulation time: 00 hr 09 min 48 sec)
Heartbeat CPU 0 instructions: 58000224 cycles: 148755085 heartbeat IPC: 0.3154 cumulative IPC: 0.3276 (Simulation time: 00 hr 09 min 53 sec)
Heartbeat CPU 0 instructions: 58500224 cycles: 150284901 heartbeat IPC: 0.3268 cumulative IPC: 0.3275 (Simulation time: 00 hr 09 min 58 sec)
Heartbeat CPU 0 instructions: 59000224 cycles: 151730263 heartbeat IPC: 0.3459 cumulative IPC: 0.3277 (Simulation time: 00 hr 10 min 03 sec)
Heartbeat CPU 0 instructions: 59500225 cycles: 153434583 heartbeat IPC: 0.2934 cumulative IPC: 0.3273 (Simulation time: 00 hr 10 min 09 sec)
Simulation finished CPU 0 instructions: 50000006 cycles: 152658765 cumulative IPC: 0.3275 (Simulation time: 00 hr 10 min 14 sec)
Simulation complete CPU 0 instructions: 50000006 cycles: 152658765 cumulative IPC: 0.3275 (Simulation time: 00 hr 10 min 14 sec)

ChampSim completed all CPUs

=== Simulation ===
CPU 0 runs traces/cc-14.trace.gz

Region of Interest Statistics

CPU 0 cumulative IPC: 0.3275 instructions: 50000006 cycles: 152658765
CPU 0 Branch Prediction Accuracy: 91.01% MPKI: 17.9 Average ROB Occupancy at Mispredict: 33.71
Branch type MPKI
BRANCH_DIRECT_JUMP: 0
BRANCH_INDIRECT: 0
BRANCH_CONDITIONAL: 17.9
BRANCH_DIRECT_CALL: 0
BRANCH_INDIRECT_CALL: 0
BRANCH_RETURN: 0

cpu0->cpu0_STLB TOTAL        ACCESS:    2366280 HIT:    2362717 MISS:       3563 MSHR_MERGE:          0
cpu0->cpu0_STLB LOAD         ACCESS:    2366280 HIT:    2362717 MISS:       3563 MSHR_MERGE:          0
cpu0->cpu0_STLB RFO          ACCESS:          0 HIT:          0 MISS:          0 MSHR_MERGE:          0
cpu0->cpu0_STLB PREFETCH     ACCESS:          0 HIT:          0 MISS:          0 MSHR_MERGE:          0
cpu0->cpu0_STLB WRITE        ACCESS:          0 HIT:          0 MISS:          0 MSHR_MERGE:          0
cpu0->cpu0_STLB TRANSLATION  ACCESS:          0 HIT:          0 MISS:          0 MSHR_MERGE:          0
cpu0->cpu0_STLB PREFETCH REQUESTED:          0 ISSUED:          0 USEFUL:          0 USELESS:          0
cpu0->cpu0_STLB AVERAGE MISS LATENCY: 253.3 cycles
cpu0->cpu0_L2C TOTAL        ACCESS:    3829383 HIT:    2720744 MISS:    1108639 MSHR_MERGE:          0
cpu0->cpu0_L2C LOAD         ACCESS:    3621437 HIT:    2513251 MISS:    1108186 MSHR_MERGE:          0
cpu0->cpu0_L2C RFO          ACCESS:          0 HIT:          0 MISS:          0 MSHR_MERGE:          0
cpu0->cpu0_L2C PREFETCH     ACCESS:          0 HIT:          0 MISS:          0 MSHR_MERGE:          0
cpu0->cpu0_L2C WRITE        ACCESS:     204546 HIT:     204545 MISS:          1 MSHR_MERGE:          0
cpu0->cpu0_L2C TRANSLATION  ACCESS:       3400 HIT:       2948 MISS:        452 MSHR_MERGE:          0
cpu0->cpu0_L2C PREFETCH REQUESTED:          0 ISSUED:          0 USEFUL:          0 USELESS:          0
cpu0->cpu0_L2C AVERAGE MISS LATENCY: 124.9 cycles
cpu0->cpu0_L1I TOTAL        ACCESS:     123485 HIT:     123485 MISS:          0 MSHR_MERGE:          0
cpu0->cpu0_L1I LOAD         ACCESS:     123485 HIT:     123485 MISS:          0 MSHR_MERGE:          0
cpu0->cpu0_L1I RFO          ACCESS:          0 HIT:          0 MISS:          0 MSHR_MERGE:          0
cpu0->cpu0_L1I PREFETCH     ACCESS:          0 HIT:          0 MISS:          0 MSHR_MERGE:          0
cpu0->cpu0_L1I WRITE        ACCESS:          0 HIT:          0 MISS:          0 MSHR_MERGE:          0
cpu0->cpu0_L1I TRANSLATION  ACCESS:          0 HIT:          0 MISS:          0 MSHR_MERGE:          0
cpu0->cpu0_L1I PREFETCH REQUESTED:          0 ISSUED:          0 USEFUL:          0 USELESS:          0
cpu0->cpu0_L1I AVERAGE MISS LATENCY: - cycles
cpu0->cpu0_L1D TOTAL        ACCESS:   13349093 HIT:    8766559 MISS:    4582534 MSHR_MERGE:     957696
cpu0->cpu0_L1D LOAD         ACCESS:   13104457 HIT:    8525323 MISS:    4579134 MSHR_MERGE:     957696
cpu0->cpu0_L1D RFO          ACCESS:          0 HIT:          0 MISS:          0 MSHR_MERGE:          0
cpu0->cpu0_L1D PREFETCH     ACCESS:          0 HIT:          0 MISS:          0 MSHR_MERGE:          0
cpu0->cpu0_L1D WRITE        ACCESS:     237503 HIT:     237503 MISS:          0 MSHR_MERGE:          0
cpu0->cpu0_L1D TRANSLATION  ACCESS:       7133 HIT:       3733 MISS:       3400 MSHR_MERGE:          0
cpu0->cpu0_L1D PREFETCH REQUESTED:          0 ISSUED:          0 USEFUL:          0 USELESS:          0
cpu0->cpu0_L1D AVERAGE MISS LATENCY: 46.7 cycles
cpu0->cpu0_ITLB TOTAL        ACCESS:     115697 HIT:     115697 MISS:          0 MSHR_MERGE:          0
cpu0->cpu0_ITLB LOAD         ACCESS:     115697 HIT:     115697 MISS:          0 MSHR_MERGE:          0
cpu0->cpu0_ITLB RFO          ACCESS:          0 HIT:          0 MISS:          0 MSHR_MERGE:          0
cpu0->cpu0_ITLB PREFETCH     ACCESS:          0 HIT:          0 MISS:          0 MSHR_MERGE:          0
cpu0->cpu0_ITLB WRITE        ACCESS:          0 HIT:          0 MISS:          0 MSHR_MERGE:          0
cpu0->cpu0_ITLB TRANSLATION  ACCESS:          0 HIT:          0 MISS:          0 MSHR_MERGE:          0
cpu0->cpu0_ITLB PREFETCH REQUESTED:          0 ISSUED:          0 USEFUL:          0 USELESS:          0
cpu0->cpu0_ITLB AVERAGE MISS LATENCY: - cycles
cpu0->cpu0_DTLB TOTAL        ACCESS:   13341745 HIT:   10536842 MISS:    2804903 MSHR_MERGE:     438623
cpu0->cpu0_DTLB LOAD         ACCESS:   13341745 HIT:   10536842 MISS:    2804903 MSHR_MERGE:     438623
cpu0->cpu0_DTLB RFO          ACCESS:          0 HIT:          0 MISS:          0 MSHR_MERGE:          0
cpu0->cpu0_DTLB PREFETCH     ACCESS:          0 HIT:          0 MISS:          0 MSHR_MERGE:          0
cpu0->cpu0_DTLB WRITE        ACCESS:          0 HIT:          0 MISS:          0 MSHR_MERGE:          0
cpu0->cpu0_DTLB TRANSLATION  ACCESS:          0 HIT:          0 MISS:          0 MSHR_MERGE:          0
cpu0->cpu0_DTLB PREFETCH REQUESTED:          0 ISSUED:          0 USEFUL:          0 USELESS:          0
cpu0->cpu0_DTLB AVERAGE MISS LATENCY: 5.434 cycles
cpu0->LLC TOTAL        ACCESS:    1298619 HIT:     772724 MISS:     525895 MSHR_MERGE:          0
cpu0->LLC LOAD         ACCESS:    1108186 HIT:     640905 MISS:     467281 MSHR_MERGE:          0
cpu0->LLC RFO          ACCESS:          0 HIT:          0 MISS:          0 MSHR_MERGE:          0
cpu0->LLC PREFETCH     ACCESS:          0 HIT:          0 MISS:          0 MSHR_MERGE:          0
cpu0->LLC WRITE        ACCESS:     189981 HIT:     131819 MISS:      58162 MSHR_MERGE:          0
cpu0->LLC TRANSLATION  ACCESS:        452 HIT:          0 MISS:        452 MSHR_MERGE:          0
cpu0->LLC PREFETCH REQUESTED:          0 ISSUED:          0 USEFUL:          0 USELESS:          0
cpu0->LLC AVERAGE MISS LATENCY: 218 cycles

DRAM Statistics

Channel 0 RQ ROW_BUFFER_HIT:        484
  ROW_BUFFER_MISS:     467238
  AVG DBUS CONGESTED CYCLE: 5.134
Channel 0 WQ ROW_BUFFER_HIT:      17290
  ROW_BUFFER_MISS:      60345
  FULL:          0
Channel 0 REFRESHES ISSUED:      12721
