[VMEM] WARNING: physical memory size is smaller than virtual memory size.

*** ChampSim Multicore Out-of-Order Simulator ***
Warmup Instructions: 10000000
Simulation Instructions: 50000000
Number of CPUs: 1
Page size: 4096
Core 0: traces/charlie_0002.champsim.gz
Off-chip DRAM Size: 64 GiB Channels: 1 Width: 64-bit Data Rate: 800 MT/s
[BTB] WARNING: target of return is a lower address than the corresponding call. This is usually a problem with your trace.
[BTB] WARNING: target of return is a lower address than the corresponding call. This is usually a problem with your trace.
[BTB] WARNING: target of return is a lower address than the corresponding call. This is usually a problem with your trace.
[BTB] WARNING: target of return is a lower address than the corresponding call. This is usually a problem with your trace.
[BTB] WARNING: target of return is a lower address than the corresponding call. This is usually a problem with your trace.
Heartbeat CPU 0 instructions: 500003 cycles: 264984 heartbeat IPC: 1.887 cumulative IPC: 1.887 (Simulation time: 00 hr 00 min 02 sec)
[BTB] WARNING: target of return is a lower address than the corresponding call. This is usually a problem with your trace.
Heartbeat CPU 0 instructions: 1000004 cycles: 477658 heartbeat IPC: 2.351 cumulative IPC: 2.094 (Simulation time: 00 hr 00 min 04 sec)
Heartbeat CPU 0 instructions: 1500010 cycles: 665461 heartbeat IPC: 2.662 cumulative IPC: 2.254 (Simulation time: 00 hr 00 min 06 sec)
[BTB] WARNING: target of return is a lower address than the corresponding call. This is usually a problem with your trace.
[BTB] WARNING: target of return is a lower address than the corresponding call. This is usually a problem with your trace.
Heartbeat CPU 0 instructions: 2000014 cycles: 845208 heartbeat IPC: 2.782 cumulative IPC: 2.366 (Simulation time: 00 hr 00 min 07 sec)
[BTB] WARNING: target of return is a lower address than the corresponding call. This is usually a problem with your trace.
[BTB] WARNING: target of return is a lower address than the corresponding call. This is usually a problem with your trace.
Heartbeat CPU 0 instructions: 2500019 cycles: 1029537 heartbeat IPC: 2.713 cumulative IPC: 2.428 (Simulation time: 00 hr 00 min 09 sec)
Heartbeat CPU 0 instructions: 3000025 cycles: 1183510 heartbeat IPC: 3.247 cumulative IPC: 2.535 (Simulation time: 00 hr 00 min 10 sec)
Heartbeat CPU 0 instructions: 3500031 cycles: 1330713 heartbeat IPC: 3.397 cumulative IPC: 2.63 (Simulation time: 00 hr 00 min 12 sec)
Heartbeat CPU 0 instructions: 4000037 cycles: 1469490 heartbeat IPC: 3.603 cumulative IPC: 2.722 (Simulation time: 00 hr 00 min 13 sec)
Heartbeat CPU 0 instructions: 4500042 cycles: 1623882 heartbeat IPC: 3.239 cumulative IPC: 2.771 (Simulation time: 00 hr 00 min 15 sec)
Heartbeat CPU 0 instructions: 5000047 cycles: 1770947 heartbeat IPC: 3.4 cumulative IPC: 2.823 (Simulation time: 00 hr 00 min 16 sec)
Heartbeat CPU 0 instructions: 5500050 cycles: 1941540 heartbeat IPC: 2.931 cumulative IPC: 2.833 (Simulation time: 00 hr 00 min 18 sec)
Heartbeat CPU 0 instructions: 6000052 cycles: 2107211 heartbeat IPC: 3.018 cumulative IPC: 2.847 (Simulation time: 00 hr 00 min 19 sec)
Heartbeat CPU 0 instructions: 6500057 cycles: 2284641 heartbeat IPC: 2.818 cumulative IPC: 2.845 (Simulation time: 00 hr 00 min 21 sec)
Heartbeat CPU 0 instructions: 7000058 cycles: 2434299 heartbeat IPC: 3.341 cumulative IPC: 2.876 (Simulation time: 00 hr 00 min 23 sec)
Heartbeat CPU 0 instructions: 7500058 cycles: 2588725 heartbeat IPC: 3.238 cumulative IPC: 2.897 (Simulation time: 00 hr 00 min 24 sec)
Heartbeat CPU 0 instructions: 8000062 cycles: 2739843 heartbeat IPC: 3.309 cumulative IPC: 2.92 (Simulation time: 00 hr 00 min 25 sec)
Heartbeat CPU 0 instructions: 8500063 cycles: 2840825 heartbeat IPC: 4.951 cumulative IPC: 2.992 (Simulation time: 00 hr 00 min 26 sec)
Heartbeat CPU 0 instructions: 9000069 cycles: 2941041 heartbeat IPC: 4.989 cumulative IPC: 3.06 (Simulation time: 00 hr 00 min 27 sec)
Heartbeat CPU 0 instructions: 9500076 cycles: 3041286 heartbeat IPC: 4.988 cumulative IPC: 3.124 (Simulation time: 00 hr 00 min 28 sec)
Warmup finished CPU 0 instructions: 10000000 cycles: 3164000 cumulative IPC: 3.161 (Simulation time: 00 hr 00 min 29 sec)
Warmup complete CPU 0 instructions: 10000000 cycles: 3164000 cumulative IPC: 3.161 (Simulation time: 00 hr 00 min 29 sec)
Heartbeat CPU 0 instructions: 10000077 cycles: 3167325 heartbeat IPC: 3.967 cumulative IPC: 0.02316 (Simulation time: 00 hr 00 min 29 sec)
Heartbeat CPU 0 instructions: 10500078 cycles: 5761311 heartbeat IPC: 0.1928 cumulative IPC: 0.1925 (Simulation time: 00 hr 00 min 37 sec)
Heartbeat CPU 0 instructions: 11000079 cycles: 6903722 heartbeat IPC: 0.4377 cumulative IPC: 0.2674 (Simulation time: 00 hr 00 min 42 sec)
Heartbeat CPU 0 instructions: 11500086 cycles: 9241908 heartbeat IPC: 0.2138 cumulative IPC: 0.2468 (Simulation time: 00 hr 00 min 49 sec)
Heartbeat CPU 0 instructions: 12000088 cycles: 11146906 heartbeat IPC: 0.2625 cumulative IPC: 0.2505 (Simulation time: 00 hr 00 min 55 sec)
Heartbeat CPU 0 instructions: 12500088 cycles: 12252600 heartbeat IPC: 0.4522 cumulative IPC: 0.2751 (Simulation time: 00 hr 00 min 59 sec)
Heartbeat CPU 0 instructions: 13000089 cycles: 12932462 heartbeat IPC: 0.7354 cumulative IPC: 0.3071 (Simulation time: 00 hr 01 min 02 sec)
Heartbeat CPU 0 instructions: 13500089 cycles: 14997097 heartbeat IPC: 0.2422 cumulative IPC: 0.2958 (Simulation time: 00 hr 01 min 08 sec)
Heartbeat CPU 0 instructions: 14000089 cycles: 17019930 heartbeat IPC: 0.2472 cumulative IPC: 0.2887 (Simulation time: 00 hr 01 min 14 sec)
Heartbeat CPU 0 instructions: 14500091 cycles: 18303853 heartbeat IPC: 0.3894 cumulative IPC: 0.2972 (Simulation time: 00 hr 01 min 18 sec)
Heartbeat CPU 0 instructions: 15000092 cycles: 18881830 heartbeat IPC: 0.8651 cumulative IPC: 0.3181 (Simulation time: 00 hr 01 min 21 sec)
Heartbeat CPU 0 instructions: 15500099 cycles: 19430282 heartbeat IPC: 0.9117 cumulative IPC: 0.3381 (Simulation time: 00 hr 01 min 23 sec)
Heartbeat CPU 0 instructions: 16000100 cycles: 19951215 heartbeat IPC: 0.9598 cumulative IPC: 0.3574 (Simulation time: 00 hr 01 min 25 sec)
Heartbeat CPU 0 instructions: 16500107 cycles: 20488477 heartbeat IPC: 0.9307 cumulative IPC: 0.3752 (Simulation time: 00 hr 01 min 28 sec)
Heartbeat CPU 0 instructions: 17000114 cycles: 21043355 heartbeat IPC: 0.9011 cumulative IPC: 0.3915 (Simulation time: 00 hr 01 min 30 sec)
Heartbeat CPU 0 instructions: 17500115 cycles: 21632715 heartbeat IPC: 0.8484 cumulative IPC: 0.4061 (Simulation time: 00 hr 01 min 32 sec)
Heartbeat CPU 0 instructions: 18000115 cycles: 22099224 heartbeat IPC: 1.072 cumulative IPC: 0.4225 (Simulation time: 00 hr 01 min 34 sec)
Heartbeat CPU 0 instructions: 18500116 cycles: 22582447 heartbeat IPC: 1.035 cumulative IPC: 0.4377 (Simulation time: 00 hr 01 min 36 sec)
Heartbeat CPU 0 instructions: 19000122 cycles: 23097804 heartbeat IPC: 0.9702 cumulative IPC: 0.4515 (Simulation time: 00 hr 01 min 39 sec)
Heartbeat CPU 0 instructions: 19500127 cycles: 23641691 heartbeat IPC: 0.9193 cumulative IPC: 0.4639 (Simulation time: 00 hr 01 min 41 sec)
Heartbeat CPU 0 instructions: 20000131 cycles: 24163177 heartbeat IPC: 0.9588 cumulative IPC: 0.4762 (Simulation time: 00 hr 01 min 43 sec)
Heartbeat CPU 0 instructions: 20500131 cycles: 24746867 heartbeat IPC: 0.8566 cumulative IPC: 0.4865 (Simulation time: 00 hr 01 min 46 sec)
Heartbeat CPU 0 instructions: 21000133 cycles: 25235510 heartbeat IPC: 1.023 cumulative IPC: 0.4984 (Simulation time: 00 hr 01 min 48 sec)
Heartbeat CPU 0 instructions: 21500133 cycles: 25732697 heartbeat IPC: 1.006 cumulative IPC: 0.5096 (Simulation time: 00 hr 01 min 50 sec)
Heartbeat CPU 0 instructions: 22000133 cycles: 26271745 heartbeat IPC: 0.9276 cumulative IPC: 0.5193 (Simulation time: 00 hr 01 min 53 sec)
Heartbeat CPU 0 instructions: 22500138 cycles: 26773548 heartbeat IPC: 0.9964 cumulative IPC: 0.5295 (Simulation time: 00 hr 01 min 55 sec)
Heartbeat CPU 0 instructions: 23000138 cycles: 27286369 heartbeat IPC: 0.975 cumulative IPC: 0.5389 (Simulation time: 00 hr 01 min 57 sec)
Heartbeat CPU 0 instructions: 23500138 cycles: 27808563 heartbeat IPC: 0.9575 cumulative IPC: 0.5478 (Simulation time: 00 hr 02 min 00 sec)
Heartbeat CPU 0 instructions: 24000138 cycles: 28435461 heartbeat IPC: 0.7976 cumulative IPC: 0.554 (Simulation time: 00 hr 02 min 02 sec)
Heartbeat CPU 0 instructions: 24500139 cycles: 30403656 heartbeat IPC: 0.254 cumulative IPC: 0.5323 (Simulation time: 00 hr 02 min 09 sec)
Heartbeat CPU 0 instructions: 25000142 cycles: 31268765 heartbeat IPC: 0.578 cumulative IPC: 0.5337 (Simulation time: 00 hr 02 min 14 sec)
Heartbeat CPU 0 instructions: 25500142 cycles: 32185697 heartbeat IPC: 0.5453 cumulative IPC: 0.5341 (Simulation time: 00 hr 02 min 18 sec)
Heartbeat CPU 0 instructions: 26000142 cycles: 33157281 heartbeat IPC: 0.5146 cumulative IPC: 0.5335 (Simulation time: 00 hr 02 min 23 sec)
Heartbeat CPU 0 instructions: 26500149 cycles: 34646746 heartbeat IPC: 0.3357 cumulative IPC: 0.5241 (Simulation time: 00 hr 02 min 29 sec)
Heartbeat CPU 0 instructions: 27000149 cycles: 35825819 heartbeat IPC: 0.4241 cumulative IPC: 0.5205 (Simulation time: 00 hr 02 min 33 sec)
Heartbeat CPU 0 instructions: 27500149 cycles: 36722472 heartbeat IPC: 0.5576 cumulative IPC: 0.5215 (Simulation time: 00 hr 02 min 37 sec)
Heartbeat CPU 0 instructions: 28000149 cycles: 38190351 heartbeat IPC: 0.3406 cumulative IPC: 0.5139 (Simulation time: 00 hr 02 min 42 sec)
Heartbeat CPU 0 instructions: 28500154 cycles: 40080125 heartbeat IPC: 0.2646 cumulative IPC: 0.5011 (Simulation time: 00 hr 02 min 48 sec)
Heartbeat CPU 0 instructions: 29000155 cycles: 40688866 heartbeat IPC: 0.8214 cumulative IPC: 0.5063 (Simulation time: 00 hr 02 min 51 sec)
Heartbeat CPU 0 instructions: 29500162 cycles: 41275439 heartbeat IPC: 0.8524 cumulative IPC: 0.5117 (Simulation time: 00 hr 02 min 54 sec)
Heartbeat CPU 0 instructions: 30000162 cycles: 41977259 heartbeat IPC: 0.7124 cumulative IPC: 0.5153 (Simulation time: 00 hr 02 min 57 sec)
Heartbeat CPU 0 instructions: 30500162 cycles: 43407436 heartbeat IPC: 0.3496 cumulative IPC: 0.5094 (Simulation time: 00 hr 03 min 02 sec)
Heartbeat CPU 0 instructions: 31000167 cycles: 45289984 heartbeat IPC: 0.2656 cumulative IPC: 0.4985 (Simulation time: 00 hr 03 min 08 sec)
Heartbeat CPU 0 instructions: 31500167 cycles: 46952541 heartbeat IPC: 0.3007 cumulative IPC: 0.491 (Simulation time: 00 hr 03 min 14 sec)
Heartbeat CPU 0 instructions: 32000174 cycles: 48425606 heartbeat IPC: 0.3394 cumulative IPC: 0.4861 (Simulation time: 00 hr 03 min 19 sec)
Heartbeat CPU 0 instructions: 32500179 cycles: 48728246 heartbeat IPC: 1.652 cumulative IPC: 0.4938 (Simulation time: 00 hr 03 min 21 sec)
Heartbeat CPU 0 instructions: 33000184 cycles: 49049729 heartbeat IPC: 1.555 cumulative IPC: 0.5012 (Simulation time: 00 hr 03 min 23 sec)
Heartbeat CPU 0 instructions: 33500185 cycles: 49630676 heartbeat IPC: 0.8607 cumulative IPC: 0.5057 (Simulation time: 00 hr 03 min 26 sec)
Heartbeat CPU 0 instructions: 34000185 cycles: 51287529 heartbeat IPC: 0.3018 cumulative IPC: 0.4987 (Simulation time: 00 hr 03 min 32 sec)
Heartbeat CPU 0 instructions: 34500185 cycles: 53062057 heartbeat IPC: 0.2818 cumulative IPC: 0.491 (Simulation time: 00 hr 03 min 37 sec)
Heartbeat CPU 0 instructions: 35000185 cycles: 55801251 heartbeat IPC: 0.1825 cumulative IPC: 0.475 (Simulation time: 00 hr 03 min 46 sec)
Heartbeat CPU 0 instructions: 35500191 cycles: 58051112 heartbeat IPC: 0.2222 cumulative IPC: 0.4646 (Simulation time: 00 hr 03 min 53 sec)
Heartbeat CPU 0 instructions: 36000192 cycles: 59493792 heartbeat IPC: 0.3466 cumulative IPC: 0.4616 (Simulation time: 00 hr 03 min 58 sec)
Heartbeat CPU 0 instructions: 36500197 cycles: 61218914 heartbeat IPC: 0.2898 cumulative IPC: 0.4565 (Simulation time: 00 hr 04 min 04 sec)
Heartbeat CPU 0 instructions: 37000201 cycles: 61873852 heartbeat IPC: 0.7634 cumulative IPC: 0.4599 (Simulation time: 00 hr 04 min 06 sec)
Heartbeat CPU 0 instructions: 37500202 cycles: 62417417 heartbeat IPC: 0.9199 cumulative IPC: 0.4641 (Simulation time: 00 hr 04 min 09 sec)
Heartbeat CPU 0 instructions: 38000204 cycles: 62926666 heartbeat IPC: 0.9818 cumulative IPC: 0.4685 (Simulation time: 00 hr 04 min 11 sec)
Heartbeat CPU 0 instructions: 38500210 cycles: 63409068 heartbeat IPC: 1.036 cumulative IPC: 0.4731 (Simulation time: 00 hr 04 min 13 sec)
Heartbeat CPU 0 instructions: 39000214 cycles: 63942684 heartbeat IPC: 0.937 cumulative IPC: 0.4771 (Simulation time: 00 hr 04 min 15 sec)
Heartbeat CPU 0 instructions: 39500215 cycles: 64463855 heartbeat IPC: 0.9594 cumulative IPC: 0.4812 (Simulation time: 00 hr 04 min 17 sec)
Heartbeat CPU 0 instructions: 40000221 cycles: 64977561 heartbeat IPC: 0.9733 cumulative IPC: 0.4853 (Simulation time: 00 hr 04 min 20 sec)
Heartbeat CPU 0 instructions: 40500221 cycles: 65540667 heartbeat IPC: 0.8879 cumulative IPC: 0.489 (Simulation time: 00 hr 04 min 22 sec)
Heartbeat CPU 0 instructions: 41000227 cycles: 65993206 heartbeat IPC: 1.105 cumulative IPC: 0.4934 (Simulation time: 00 hr 04 min 24 sec)
Heartbeat CPU 0 instructions: 41500227 cycles: 67071027 heartbeat IPC: 0.4639 cumulative IPC: 0.4929 (Simulation time: 00 hr 04 min 29 sec)
Heartbeat CPU 0 instructions: 42000232 cycles: 67964056 heartbeat IPC: 0.5599 cumulative IPC: 0.4938 (Simulation time: 00 hr 04 min 33 sec)
Heartbeat CPU 0 instructions: 42500234 cycles: 68717154 heartbeat IPC: 0.6639 cumulative IPC: 0.4958 (Simulation time: 00 hr 04 min 36 sec)
Heartbeat CPU 0 instructions: 43000235 cycles: 69581587 heartbeat IPC: 0.5784 cumulative IPC: 0.4969 (Simulation time: 00 hr 04 min 41 sec)
Heartbeat CPU 0 instructions: 43500239 cycles: 70383316 heartbeat IPC: 0.6237 cumulative IPC: 0.4984 (Simulation time: 00 hr 04 min 45 sec)
Heartbeat CPU 0 instructions: 44000241 cycles: 71331880 heartbeat IPC: 0.5271 cumulative IPC: 0.4988 (Simulation time: 00 hr 04 min 50 sec)
Heartbeat CPU 0 instructions: 44500248 cycles: 72121223 heartbeat IPC: 0.6334 cumulative IPC: 0.5003 (Simulation time: 00 hr 04 min 54 sec)
Heartbeat CPU 0 instructions: 45000248 cycles: 72981688 heartbeat IPC: 0.5811 cumulative IPC: 0.5013 (Simulation time: 00 hr 04 min 59 sec)
Heartbeat CPU 0 instructions: 45500253 cycles: 73861321 heartbeat IPC: 0.5684 cumulative IPC: 0.5021 (Simulation time: 00 hr 05 min 03 sec)
Heartbeat CPU 0 instructions: 46000253 cycles: 74636077 heartbeat IPC: 0.6454 cumulative IPC: 0.5037 (Simulation time: 00 hr 05 min 07 sec)
Heartbeat CPU 0 instructions: 46500255 cycles: 75501174 heartbeat IPC: 0.578 cumulative IPC: 0.5046 (Simulation time: 00 hr 05 min 12 sec)
Heartbeat CPU 0 instructions: 47000257 cycles: 76422690 heartbeat IPC: 0.5426 cumulative IPC: 0.5051 (Simulation time: 00 hr 05 min 17 sec)
Heartbeat CPU 0 instructions: 47500257 cycles: 77255168 heartbeat IPC: 0.6006 cumulative IPC: 0.5061 (Simulation time: 00 hr 05 min 21 sec)
Heartbeat CPU 0 instructions: 48000258 cycles: 79770854 heartbeat IPC: 0.1988 cumulative IPC: 0.496 (Simulation time: 00 hr 05 min 30 sec)
Heartbeat CPU 0 instructions: 48500258 cycles: 82207057 heartbeat IPC: 0.2052 cumulative IPC: 0.4871 (Simulation time: 00 hr 05 min 39 sec)
Heartbeat CPU 0 instructions: 49000259 cycles: 84801594 heartbeat IPC: 0.1927 cumulative IPC: 0.4777 (Simulation time: 00 hr 05 min 47 sec)
Heartbeat CPU 0 instructions: 49500259 cycles: 85847206 heartbeat IPC: 0.4782 cumulative IPC: 0.4777 (Simulation time: 00 hr 05 min 51 sec)
Heartbeat CPU 0 instructions: 50000260 cycles: 86423574 heartbeat IPC: 0.8675 cumulative IPC: 0.4804 (Simulation time: 00 hr 05 min 53 sec)
Heartbeat CPU 0 instructions: 50500263 cycles: 87033397 heartbeat IPC: 0.8199 cumulative IPC: 0.4829 (Simulation time: 00 hr 05 min 56 sec)
Heartbeat CPU 0 instructions: 51000263 cycles: 87729439 heartbeat IPC: 0.7183 cumulative IPC: 0.4848 (Simulation time: 00 hr 05 min 59 sec)
Heartbeat CPU 0 instructions: 51500264 cycles: 88119651 heartbeat IPC: 1.281 cumulative IPC: 0.4885 (Simulation time: 00 hr 06 min 01 sec)
Heartbeat CPU 0 instructions: 52000266 cycles: 88486227 heartbeat IPC: 1.364 cumulative IPC: 0.4923 (Simulation time: 00 hr 06 min 03 sec)
Heartbeat CPU 0 instructions: 52500267 cycles: 88838264 heartbeat IPC: 1.42 cumulative IPC: 0.4961 (Simulation time: 00 hr 06 min 05 sec)
Heartbeat CPU 0 instructions: 53000270 cycles: 89294186 heartbeat IPC: 1.097 cumulative IPC: 0.4992 (Simulation time: 00 hr 06 min 07 sec)
Heartbeat CPU 0 instructions: 53500275 cycles: 89716237 heartbeat IPC: 1.185 cumulative IPC: 0.5026 (Simulation time: 00 hr 06 min 09 sec)
Heartbeat CPU 0 instructions: 54000276 cycles: 91576261 heartbeat IPC: 0.2688 cumulative IPC: 0.4977 (Simulation time: 00 hr 06 min 15 sec)
Heartbeat CPU 0 instructions: 54500276 cycles: 93738331 heartbeat IPC: 0.2313 cumulative IPC: 0.4913 (Simulation time: 00 hr 06 min 23 sec)
Heartbeat CPU 0 instructions: 55000276 cycles: 94991308 heartbeat IPC: 0.399 cumulative IPC: 0.4901 (Simulation time: 00 hr 06 min 28 sec)
Heartbeat CPU 0 instructions: 55500278 cycles: 97471726 heartbeat IPC: 0.2016 cumulative IPC: 0.4825 (Simulation time: 00 hr 06 min 36 sec)
Heartbeat CPU 0 instructions: 56000283 cycles: 98564614 heartbeat IPC: 0.4575 cumulative IPC: 0.4822 (Simulation time: 00 hr 06 min 40 sec)
Heartbeat CPU 0 instructions: 56500284 cycles: 100691583 heartbeat IPC: 0.2351 cumulative IPC: 0.4768 (Simulation time: 00 hr 06 min 47 sec)
Heartbeat CPU 0 instructions: 57000286 cycles: 103255998 heartbeat IPC: 0.195 cumulative IPC: 0.4696 (Simulation time: 00 hr 06 min 56 sec)
Heartbeat CPU 0 instructions: 57500293 cycles: 104390664 heartbeat IPC: 0.4407 cumulative IPC: 0.4692 (Simulation time: 00 hr 07 min 00 sec)
Heartbeat CPU 0 instructions: 58000295 cycles: 105968525 heartbeat IPC: 0.3169 cumulative IPC: 0.4669 (Simulation time: 00 hr 07 min 05 sec)
Heartbeat CPU 0 instructions: 58500295 cycles: 106960042 heartbeat IPC: 0.5043 cumulative IPC: 0.4673 (Simulation time: 00 hr 07 min 09 sec)
Heartbeat CPU 0 instructions: 59000297 cycles: 107482121 heartbeat IPC: 0.9577 cumulative IPC: 0.4697 (Simulation time: 00 hr 07 min 11 sec)
Heartbeat CPU 0 instructions: 59500303 cycles: 108005294 heartbeat IPC: 0.9557 cumulative IPC: 0.4721 (Simulation time: 00 hr 07 min 13 sec)
Simulation finished CPU 0 instructions: 50000005 cycles: 106454495 cumulative IPC: 0.4697 (Simulation time: 00 hr 07 min 19 sec)
Simulation complete CPU 0 instructions: 50000005 cycles: 106454495 cumulative IPC: 0.4697 (Simulation time: 00 hr 07 min 19 sec)

ChampSim completed all CPUs

=== Simulation ===
CPU 0 runs traces/charlie_0002.champsim.gz

Region of Interest Statistics

CPU 0 cumulative IPC: 0.4697 instructions: 50000005 cycles: 106454495
CPU 0 Branch Prediction Accuracy: 90.7% MPKI: 17.39 Average ROB Occupancy at Mispredict: 34.83
Branch type MPKI
BRANCH_DIRECT_JUMP: 0.5393
BRANCH_INDIRECT: 0.5511
BRANCH_CONDITIONAL: 14.67
BRANCH_DIRECT_CALL: 0.5491
BRANCH_INDIRECT_CALL: 0.6154
BRANCH_RETURN: 0.4658

cpu0->cpu0_STLB TOTAL        ACCESS:     239234 HIT:     175211 MISS:      64023 MSHR_MERGE:          0
cpu0->cpu0_STLB LOAD         ACCESS:     239234 HIT:     175211 MISS:      64023 MSHR_MERGE:          0
cpu0->cpu0_STLB RFO          ACCESS:          0 HIT:          0 MISS:          0 MSHR_MERGE:          0
cpu0->cpu0_STLB PREFETCH     ACCESS:          0 HIT:          0 MISS:          0 MSHR_MERGE:          0
cpu0->cpu0_STLB WRITE        ACCESS:          0 HIT:          0 MISS:          0 MSHR_MERGE:          0
cpu0->cpu0_STLB TRANSLATION  ACCESS:          0 HIT:          0 MISS:          0 MSHR_MERGE:          0
cpu0->cpu0_STLB PREFETCH REQUESTED:          0 ISSUED:          0 USEFUL:          0 USELESS:          0
cpu0->cpu0_STLB AVERAGE MISS LATENCY: 301.3 cycles
cpu0->cpu0_L2C TOTAL        ACCESS:    1304885 HIT:     768037 MISS:     536848 MSHR_MERGE:          0
cpu0->cpu0_L2C LOAD         ACCESS:     717627 HIT:     424636 MISS:     292991 MSHR_MERGE:          0
cpu0->cpu0_L2C RFO          ACCESS:     230310 HIT:      20071 MISS:     210239 MSHR_MERGE:          0
cpu0->cpu0_L2C PREFETCH     ACCESS:          0 HIT:          0 MISS:          0 MSHR_MERGE:          0
cpu0->cpu0_L2C WRITE        ACCESS:     284916 HIT:     284915 MISS:          1 MSHR_MERGE:          0
cpu0->cpu0_L2C TRANSLATION  ACCESS:      72032 HIT:      38415 MISS:      33617 MSHR_MERGE:          0
cpu0->cpu0_L2C PREFETCH REQUESTED:          0 ISSUED:          0 USEFUL:          0 USELESS:          0
cpu0->cpu0_L2C AVERAGE MISS LATENCY: 468.7 cycles
cpu0->cpu0_L1I TOTAL        ACCESS:    3084382 HIT:    2719432 MISS:     364950 MSHR_MERGE:      83518
cpu0->cpu0_L1I LOAD         ACCESS:    3084382 HIT:    2719432 MISS:     364950 MSHR_MERGE:      83518
cpu0->cpu0_L1I RFO          ACCESS:          0 HIT:          0 MISS:          0 MSHR_MERGE:          0
cpu0->cpu0_L1I PREFETCH     ACCESS:          0 HIT:          0 MISS:          0 MSHR_MERGE:          0
cpu0->cpu0_L1I WRITE        ACCESS:          0 HIT:          0 MISS:          0 MSHR_MERGE:          0
cpu0->cpu0_L1I TRANSLATION  ACCESS:          0 HIT:          0 MISS:          0 MSHR_MERGE:          0
cpu0->cpu0_L1I PREFETCH REQUESTED:          0 ISSUED:          0 USEFUL:          0 USELESS:          0
cpu0->cpu0_L1I AVERAGE MISS LATENCY: 130.2 cycles
cpu0->cpu0_L1D TOTAL        ACCESS:   14218806 HIT:   12627823 MISS:    1590983 MSHR_MERGE:     852438
cpu0->cpu0_L1D LOAD         ACCESS:    8602967 HIT:    7939687 MISS:     663280 MSHR_MERGE:     227085
cpu0->cpu0_L1D RFO          ACCESS:          0 HIT:          0 MISS:          0 MSHR_MERGE:          0
cpu0->cpu0_L1D PREFETCH     ACCESS:          0 HIT:          0 MISS:          0 MSHR_MERGE:          0
cpu0->cpu0_L1D WRITE        ACCESS:    5437933 HIT:    4583165 MISS:     854768 MSHR_MERGE:     624449
cpu0->cpu0_L1D TRANSLATION  ACCESS:     177906 HIT:     104971 MISS:      72935 MSHR_MERGE:        904
cpu0->cpu0_L1D PREFETCH REQUESTED:          0 ISSUED:          0 USEFUL:          0 USELESS:          0
cpu0->cpu0_L1D AVERAGE MISS LATENCY: 302.6 cycles
cpu0->cpu0_ITLB TOTAL        ACCESS:    2553601 HIT:    2519299 MISS:      34302 MSHR_MERGE:      13980
cpu0->cpu0_ITLB LOAD         ACCESS:    2553601 HIT:    2519299 MISS:      34302 MSHR_MERGE:      13980
cpu0->cpu0_ITLB RFO          ACCESS:          0 HIT:          0 MISS:          0 MSHR_MERGE:          0
cpu0->cpu0_ITLB PREFETCH     ACCESS:          0 HIT:          0 MISS:          0 MSHR_MERGE:          0
cpu0->cpu0_ITLB WRITE        ACCESS:          0 HIT:          0 MISS:          0 MSHR_MERGE:          0
cpu0->cpu0_ITLB TRANSLATION  ACCESS:          0 HIT:          0 MISS:          0 MSHR_MERGE:          0
cpu0->cpu0_ITLB PREFETCH REQUESTED:          0 ISSUED:          0 USEFUL:          0 USELESS:          0
cpu0->cpu0_ITLB AVERAGE MISS LATENCY: 78.65 cycles
cpu0->cpu0_DTLB TOTAL        ACCESS:   13437998 HIT:   13057764 MISS:     380234 MSHR_MERGE:     161322
cpu0->cpu0_DTLB LOAD         ACCESS:   13437998 HIT:   13057764 MISS:     380234 MSHR_MERGE:     161322
cpu0->cpu0_DTLB RFO          ACCESS:          0 HIT:          0 MISS:          0 MSHR_MERGE:          0
cpu0->cpu0_DTLB PREFETCH     ACCESS:          0 HIT:          0 MISS:          0 MSHR_MERGE:          0
cpu0->cpu0_DTLB WRITE        ACCESS:          0 HIT:          0 MISS:          0 MSHR_MERGE:          0
cpu0->cpu0_DTLB TRANSLATION  ACCESS:          0 HIT:          0 MISS:          0 MSHR_MERGE:          0
cpu0->cpu0_DTLB PREFETCH REQUESTED:          0 ISSUED:          0 USEFUL:          0 USELESS:          0
cpu0->cpu0_DTLB AVERAGE MISS LATENCY: 86.57 cycles
cpu0->LLC TOTAL        ACCESS:     771122 HIT:      43156 MISS:     727966 MSHR_MERGE:          0
cpu0->LLC LOAD         ACCESS:     292991 HIT:       5356 MISS:     287635 MSHR_MERGE:          0
cpu0->LLC RFO          ACCESS:     210239 HIT:       1028 MISS:     209211 MSHR_MERGE:          0
cpu0->LLC PREFETCH     ACCESS:          0 HIT:          0 MISS:          0 MSHR_MERGE:          0
cpu0->LLC WRITE        ACCESS:     234275 HIT:      35314 MISS:     198961 MSHR_MERGE:          0
cpu0->LLC TRANSLATION  ACCESS:      33617 HIT:       1458 MISS:      32159 MSHR_MERGE:          0
cpu0->LLC PREFETCH REQUESTED:          0 ISSUED:          0 USEFUL:          0 USELESS:          0
cpu0->LLC AVERAGE MISS LATENCY: 333.3 cycles

DRAM Statistics

Channel 0 RQ ROW_BUFFER_HIT:      10040
  ROW_BUFFER_MISS:     518960
  AVG DBUS CONGESTED CYCLE: 4.321
Channel 0 WQ ROW_BUFFER_HIT:      45396
  ROW_BUFFER_MISS:     206051
  FULL:          0
Channel 0 REFRESHES ISSUED:       8871
