[VMEM] WARNING: physical memory size is smaller than virtual memory size.

*** ChampSim Multicore Out-of-Order Simulator ***
Warmup Instructions: 10000000
Simulation Instructions: 50000000
Number of CPUs: 1
Page size: 4096
Core 0: traces/bc-12.trace.gz
Off-chip DRAM Size: 64 GiB Channels: 1 Width: 64-bit Data Rate: 4807 MT/s
Heartbeat CPU 0 instructions: 500001 cycles: 508427 heartbeat IPC: 0.9834 cumulative IPC: 0.9834 (Simulation time: 00 hr 00 min 02 sec)
Heartbeat CPU 0 instructions: 1000001 cycles: 1014634 heartbeat IPC: 0.9877 cumulative IPC: 0.9856 (Simulation time: 00 hr 00 min 05 sec)
Heartbeat CPU 0 instructions: 1500001 cycles: 1520612 heartbeat IPC: 0.9882 cumulative IPC: 0.9864 (Simulation time: 00 hr 00 min 07 sec)
Heartbeat CPU 0 instructions: 2000006 cycles: 1873978 heartbeat IPC: 1.415 cumulative IPC: 1.067 (Simulation time: 00 hr 00 min 09 sec)
Heartbeat CPU 0 instructions: 2500007 cycles: 1983550 heartbeat IPC: 4.563 cumulative IPC: 1.26 (Simulation time: 00 hr 00 min 10 sec)
Heartbeat CPU 0 instructions: 3000013 cycles: 2086922 heartbeat IPC: 4.837 cumulative IPC: 1.438 (Simulation time: 00 hr 00 min 11 sec)
Heartbeat CPU 0 instructions: 3500015 cycles: 2198288 heartbeat IPC: 4.49 cumulative IPC: 1.592 (Simulation time: 00 hr 00 min 12 sec)
Heartbeat CPU 0 instructions: 4000015 cycles: 2302322 heartbeat IPC: 4.806 cumulative IPC: 1.737 (Simulation time: 00 hr 00 min 13 sec)
Heartbeat CPU 0 instructions: 4500019 cycles: 2413300 heartbeat IPC: 4.505 cumulative IPC: 1.865 (Simulation time: 00 hr 00 min 15 sec)
Heartbeat CPU 0 instructions: 5000019 cycles: 2517589 heartbeat IPC: 4.794 cumulative IPC: 1.986 (Simulation time: 00 hr 00 min 16 sec)
Heartbeat CPU 0 instructions: 5500025 cycles: 2627467 heartbeat IPC: 4.551 cumulative IPC: 2.093 (Simulation time: 00 hr 00 min 17 sec)
Heartbeat CPU 0 instructions: 6000025 cycles: 2733950 heartbeat IPC: 4.696 cumulative IPC: 2.195 (Simulation time: 00 hr 00 min 18 sec)
Heartbeat CPU 0 instructions: 6500030 cycles: 2844919 heartbeat IPC: 4.506 cumulative IPC: 2.285 (Simulation time: 00 hr 00 min 19 sec)
Heartbeat CPU 0 instructions: 7000034 cycles: 2951428 heartbeat IPC: 4.694 cumulative IPC: 2.372 (Simulation time: 00 hr 00 min 20 sec)
Heartbeat CPU 0 instructions: 7500037 cycles: 3057636 heartbeat IPC: 4.708 cumulative IPC: 2.453 (Simulation time: 00 hr 00 min 21 sec)
Heartbeat CPU 0 instructions: 8000043 cycles: 3168054 heartbeat IPC: 4.528 cumulative IPC: 2.525 (Simulation time: 00 hr 00 min 23 sec)
Heartbeat CPU 0 instructions: 8500046 cycles: 3273448 heartbeat IPC: 4.744 cumulative IPC: 2.597 (Simulation time: 00 hr 00 min 24 sec)
Heartbeat CPU 0 instructions: 9000047 cycles: 3380420 heartbeat IPC: 4.674 cumulative IPC: 2.662 (Simulation time: 00 hr 00 min 25 sec)
Heartbeat CPU 0 instructions: 9500050 cycles: 3490586 heartbeat IPC: 4.539 cumulative IPC: 2.722 (Simulation time: 00 hr 00 min 26 sec)
Warmup finished CPU 0 instructions: 10000000 cycles: 3595601 cumulative IPC: 2.781 (Simulation time: 00 hr 00 min 27 sec)
Warmup complete CPU 0 instructions: 10000000 cycles: 3595601 cumulative IPC: 2.781 (Simulation time: 00 hr 00 min 27 sec)
Heartbeat CPU 0 instructions: 10000051 cycles: 3595615 heartbeat IPC: 4.761 cumulative IPC: 3.643 (Simulation time: 00 hr 00 min 27 sec)
Heartbeat CPU 0 instructions: 10500054 cycles: 5717329 heartbeat IPC: 0.2357 cumulative IPC: 0.2357 (Simulation time: 00 hr 00 min 36 sec)
Heartbeat CPU 0 instructions: 11000054 cycles: 7803115 heartbeat IPC: 0.2397 cumulative IPC: 0.2377 (Simulation time: 00 hr 00 min 44 sec)
Heartbeat CPU 0 instructions: 11500057 cycles: 9868297 heartbeat IPC: 0.2421 cumulative IPC: 0.2391 (Simulation time: 00 hr 00 min 51 sec)
Heartbeat CPU 0 instructions: 12000059 cycles: 11946987 heartbeat IPC: 0.2405 cumulative IPC: 0.2395 (Simulation time: 00 hr 00 min 59 sec)
Heartbeat CPU 0 instructions: 12500064 cycles: 14018111 heartbeat IPC: 0.2414 cumulative IPC: 0.2399 (Simulation time: 00 hr 01 min 07 sec)
Heartbeat CPU 0 instructions: 13000070 cycles: 16103414 heartbeat IPC: 0.2398 cumulative IPC: 0.2399 (Simulation time: 00 hr 01 min 14 sec)
Heartbeat CPU 0 instructions: 13500070 cycles: 18209458 heartbeat IPC: 0.2374 cumulative IPC: 0.2395 (Simulation time: 00 hr 01 min 22 sec)
Heartbeat CPU 0 instructions: 14000070 cycles: 20346359 heartbeat IPC: 0.234 cumulative IPC: 0.2388 (Simulation time: 00 hr 01 min 30 sec)
Heartbeat CPU 0 instructions: 14500077 cycles: 22494277 heartbeat IPC: 0.2328 cumulative IPC: 0.2381 (Simulation time: 00 hr 01 min 38 sec)
Heartbeat CPU 0 instructions: 15000077 cycles: 24665913 heartbeat IPC: 0.2302 cumulative IPC: 0.2373 (Simulation time: 00 hr 01 min 46 sec)
Heartbeat CPU 0 instructions: 15500077 cycles: 26788715 heartbeat IPC: 0.2355 cumulative IPC: 0.2371 (Simulation time: 00 hr 01 min 53 sec)
Heartbeat CPU 0 instructions: 16000084 cycles: 28992250 heartbeat IPC: 0.2269 cumulative IPC: 0.2363 (Simulation time: 00 hr 02 min 02 sec)
Heartbeat CPU 0 instructions: 16500084 cycles: 31122816 heartbeat IPC: 0.2347 cumulative IPC: 0.2361 (Simulation time: 00 hr 02 min 09 sec)
Heartbeat CPU 0 instructions: 17000084 cycles: 33301853 heartbeat IPC: 0.2295 cumulative IPC: 0.2356 (Simulation time: 00 hr 02 min 18 sec)
Heartbeat CPU 0 instructions: 17500085 cycles: 35500139 heartbeat IPC: 0.2275 cumulative IPC: 0.2351 (Simulation time: 00 hr 02 min 26 sec)
Heartbeat CPU 0 instructions: 18000086 cycles: 37641661 heartbeat IPC: 0.2335 cumulative IPC: 0.235 (Simulation time: 00 hr 02 min 33 sec)
Heartbeat CPU 0 instructions: 18500086 cycles: 39818591 heartbeat IPC: 0.2297 cumulative IPC: 0.2347 (Simulation time: 00 hr 02 min 42 sec)
Heartbeat CPU 0 instructions: 19000091 cycles: 42049631 heartbeat IPC: 0.2241 cumulative IPC: 0.234 (Simulation time: 00 hr 02 min 50 sec)
Heartbeat CPU 0 instructions: 19500091 cycles: 44171540 heartbeat IPC: 0.2356 cumulative IPC: 0.2341 (Simulation time: 00 hr 02 min 57 sec)
Heartbeat CPU 0 instructions: 20000092 cycles: 46307971 heartbeat IPC: 0.234 cumulative IPC: 0.2341 (Simulation time: 00 hr 03 min 05 sec)
Heartbeat CPU 0 instructions: 20500093 cycles: 48430002 heartbeat IPC: 0.2356 cumulative IPC: 0.2342 (Simulation time: 00 hr 03 min 12 sec)
Heartbeat CPU 0 instructions: 21000097 cycles: 50601513 heartbeat IPC: 0.2303 cumulative IPC: 0.234 (Simulation time: 00 hr 03 min 20 sec)
Heartbeat CPU 0 instructions: 21500102 cycles: 52830575 heartbeat IPC: 0.2243 cumulative IPC: 0.2336 (Simulation time: 00 hr 03 min 28 sec)
Heartbeat CPU 0 instructions: 22000103 cycles: 54999508 heartbeat IPC: 0.2305 cumulative IPC: 0.2334 (Simulation time: 00 hr 03 min 36 sec)
Heartbeat CPU 0 instructions: 22500104 cycles: 57162938 heartbeat IPC: 0.2311 cumulative IPC: 0.2334 (Simulation time: 00 hr 03 min 43 sec)
Heartbeat CPU 0 instructions: 23000107 cycles: 59321298 heartbeat IPC: 0.2317 cumulative IPC: 0.2333 (Simulation time: 00 hr 03 min 50 sec)
Heartbeat CPU 0 instructions: 23500107 cycles: 61471964 heartbeat IPC: 0.2325 cumulative IPC: 0.2333 (Simulation time: 00 hr 03 min 58 sec)
Heartbeat CPU 0 instructions: 24000109 cycles: 63660983 heartbeat IPC: 0.2284 cumulative IPC: 0.2331 (Simulation time: 00 hr 04 min 05 sec)
Heartbeat CPU 0 instructions: 24500112 cycles: 65850258 heartbeat IPC: 0.2284 cumulative IPC: 0.2329 (Simulation time: 00 hr 04 min 13 sec)
Heartbeat CPU 0 instructions: 25000114 cycles: 68046969 heartbeat IPC: 0.2276 cumulative IPC: 0.2327 (Simulation time: 00 hr 04 min 20 sec)
Heartbeat CPU 0 instructions: 25500120 cycles: 70224503 heartbeat IPC: 0.2296 cumulative IPC: 0.2326 (Simulation time: 00 hr 04 min 28 sec)
Heartbeat CPU 0 instructions: 26000122 cycles: 72460096 heartbeat IPC: 0.2237 cumulative IPC: 0.2323 (Simulation time: 00 hr 04 min 36 sec)
Heartbeat CPU 0 instructions: 26500123 cycles: 74668612 heartbeat IPC: 0.2264 cumulative IPC: 0.2322 (Simulation time: 00 hr 04 min 44 sec)
Heartbeat CPU 0 instructions: 27000125 cycles: 76884868 heartbeat IPC: 0.2256 cumulative IPC: 0.232 (Simulation time: 00 hr 04 min 52 sec)
Heartbeat CPU 0 instructions: 27500129 cycles: 79088528 heartbeat IPC: 0.2269 cumulative IPC: 0.2318 (Simulation time: 00 hr 04 min 59 sec)
Heartbeat CPU 0 instructions: 28000134 cycles: 81277443 heartbeat IPC: 0.2284 cumulative IPC: 0.2317 (Simulation time: 00 hr 05 min 06 sec)
Heartbeat CPU 0 instructions: 28500136 cycles: 83445359 heartbeat IPC: 0.2306 cumulative IPC: 0.2317 (Simulation time: 00 hr 05 min 14 sec)
Heartbeat CPU 0 instructions: 29000139 cycles: 85638910 heartbeat IPC: 0.2279 cumulative IPC: 0.2316 (Simulation time: 00 hr 05 min 21 sec)
Heartbeat CPU 0 instructions: 29500141 cycles: 87832172 heartbeat IPC: 0.228 cumulative IPC: 0.2315 (Simulation time: 00 hr 05 min 28 sec)
Heartbeat CPU 0 instructions: 30000144 cycles: 90027749 heartbeat IPC: 0.2277 cumulative IPC: 0.2314 (Simulation time: 00 hr 05 min 35 sec)
Heartbeat CPU 0 instructions: 30500149 cycles: 92195017 heartbeat IPC: 0.2307 cumulative IPC: 0.2314 (Simulation time: 00 hr 05 min 43 sec)
Heartbeat CPU 0 instructions: 31000150 cycles: 94437185 heartbeat IPC: 0.223 cumulative IPC: 0.2312 (Simulation time: 00 hr 05 min 51 sec)
Heartbeat CPU 0 instructions: 31500154 cycles: 96661796 heartbeat IPC: 0.2248 cumulative IPC: 0.231 (Simulation time: 00 hr 05 min 58 sec)
Heartbeat CPU 0 instructions: 32000157 cycles: 98868354 heartbeat IPC: 0.2266 cumulative IPC: 0.2309 (Simulation time: 00 hr 06 min 05 sec)
Heartbeat CPU 0 instructions: 32500157 cycles: 101120289 heartbeat IPC: 0.222 cumulative IPC: 0.2307 (Simulation time: 00 hr 06 min 13 sec)
Heartbeat CPU 0 instructions: 33000160 cycles: 103337359 heartbeat IPC: 0.2255 cumulative IPC: 0.2306 (Simulation time: 00 hr 06 min 21 sec)
Heartbeat CPU 0 instructions: 33500161 cycles: 105556329 heartbeat IPC: 0.2253 cumulative IPC: 0.2305 (Simulation time: 00 hr 06 min 29 sec)
Heartbeat CPU 0 instructions: 34000165 cycles: 107760305 heartbeat IPC: 0.2269 cumulative IPC: 0.2304 (Simulation time: 00 hr 06 min 36 sec)
Heartbeat CPU 0 instructions: 34500172 cycles: 109966446 heartbeat IPC: 0.2266 cumulative IPC: 0.2303 (Simulation time: 00 hr 06 min 44 sec)
Heartbeat CPU 0 instructions: 35000172 cycles: 112188810 heartbeat IPC: 0.225 cumulative IPC: 0.2302 (Simulation time: 00 hr 06 min 51 sec)
Heartbeat CPU 0 instructions: 35500173 cycles: 114413570 heartbeat IPC: 0.2247 cumulative IPC: 0.2301 (Simulation time: 00 hr 06 min 58 sec)
Heartbeat CPU 0 instructions: 36000173 cycles: 116652668 heartbeat IPC: 0.2233 cumulative IPC: 0.23 (Simulation time: 00 hr 07 min 06 sec)
Heartbeat CPU 0 instructions: 36500175 cycles: 118881182 heartbeat IPC: 0.2244 cumulative IPC: 0.2299 (Simulation time: 00 hr 07 min 14 sec)
Heartbeat CPU 0 instructions: 37000179 cycles: 121056249 heartbeat IPC: 0.2299 cumulative IPC: 0.2299 (Simulation time: 00 hr 07 min 21 sec)
Heartbeat CPU 0 instructions: 37500180 cycles: 123274756 heartbeat IPC: 0.2254 cumulative IPC: 0.2298 (Simulation time: 00 hr 07 min 28 sec)
Heartbeat CPU 0 instructions: 38000182 cycles: 125515817 heartbeat IPC: 0.2231 cumulative IPC: 0.2297 (Simulation time: 00 hr 07 min 36 sec)
Heartbeat CPU 0 instructions: 38500183 cycles: 127771938 heartbeat IPC: 0.2216 cumulative IPC: 0.2295 (Simulation time: 00 hr 07 min 44 sec)
Heartbeat CPU 0 instructions: 39000186 cycles: 129981798 heartbeat IPC: 0.2263 cumulative IPC: 0.2295 (Simulation time: 00 hr 07 min 51 sec)
Heartbeat CPU 0 instructions: 39500189 cycles: 132194381 heartbeat IPC: 0.226 cumulative IPC: 0.2294 (Simulation time: 00 hr 07 min 59 sec)
Heartbeat CPU 0 instructions: 40000194 cycles: 134338161 heartbeat IPC: 0.2332 cumulative IPC: 0.2295 (Simulation time: 00 hr 08 min 06 sec)
Heartbeat CPU 0 instructions: 40500199 cycles: 136683361 heartbeat IPC: 0.2132 cumulative IPC: 0.2292 (Simulation time: 00 hr 08 min 16 sec)
Heartbeat CPU 0 instructions: 41000201 cycles: 138917016 heartbeat IPC: 0.2238 cumulative IPC: 0.2291 (Simulation time: 00 hr 08 min 23 sec)
Heartbeat CPU 0 instructions: 41500204 cycles: 141026124 heartbeat IPC: 0.2371 cumulative IPC: 0.2292 (Simulation time: 00 hr 08 min 31 sec)
Heartbeat CPU 0 instructions: 42000205 cycles: 143290755 heartbeat IPC: 0.2208 cumulative IPC: 0.2291 (Simulation time: 00 hr 08 min 40 sec)
Heartbeat CPU 0 instructions: 42500205 cycles: 145515116 heartbeat IPC: 0.2248 cumulative IPC: 0.229 (Simulation time: 00 hr 08 min 47 sec)
Heartbeat CPU 0 instructions: 43000205 cycles: 147743777 heartbeat IPC: 0.2243 cumulative IPC: 0.2289 (Simulation time: 00 hr 08 min 55 sec)
Heartbeat CPU 0 instructions: 43500207 cycles: 149978496 heartbeat IPC: 0.2237 cumulative IPC: 0.2289 (Simulation time: 00 hr 09 min 02 sec)
Heartbeat CPU 0 instructions: 44000208 cycles: 152174474 heartbeat IPC: 0.2277 cumulative IPC: 0.2288 (Simulation time: 00 hr 09 min 10 sec)
Heartbeat CPU 0 instructions: 44500215 cycles: 154422882 heartbeat IPC: 0.2224 cumulative IPC: 0.2287 (Simulation time: 00 hr 09 min 17 sec)
Heartbeat CPU 0 instructions: 45000215 cycles: 156613727 heartbeat IPC: 0.2282 cumulative IPC: 0.2287 (Simulation time: 00 hr 09 min 25 sec)
Heartbeat CPU 0 instructions: 45500218 cycles: 158872202 heartbeat IPC: 0.2214 cumulative IPC: 0.2286 (Simulation time: 00 hr 09 min 32 sec)
Heartbeat CPU 0 instructions: 46000219 cycles: 161101524 heartbeat IPC: 0.2243 cumulative IPC: 0.2286 (Simulation time: 00 hr 09 min 40 sec)
Heartbeat CPU 0 instructions: 46500220 cycles: 163363609 heartbeat IPC: 0.221 cumulative IPC: 0.2285 (Simulation time: 00 hr 09 min 47 sec)
Heartbeat CPU 0 instructions: 47000221 cycles: 165476809 heartbeat IPC: 0.2366 cumulative IPC: 0.2286 (Simulation time: 00 hr 09 min 55 sec)
Heartbeat CPU 0 instructions: 47500222 cycles: 167838537 heartbeat IPC: 0.2117 cumulative IPC: 0.2283 (Simulation time: 00 hr 10 min 04 sec)
Heartbeat CPU 0 instructions: 48000222 cycles: 170081543 heartbeat IPC: 0.2229 cumulative IPC: 0.2282 (Simulation time: 00 hr 10 min 11 sec)
Heartbeat CPU 0 instructions: 48500222 cycles: 172305700 heartbeat IPC: 0.2248 cumulative IPC: 0.2282 (Simulation time: 00 hr 10 min 19 sec)
Heartbeat CPU 0 instructions: 49000225 cycles: 174545997 heartbeat IPC: 0.2232 cumulative IPC: 0.2281 (Simulation time: 00 hr 10 min 27 sec)
Heartbeat CPU 0 instructions: 49500225 cycles: 176797985 heartbeat IPC: 0.222 cumulative IPC: 0.2281 (Simulation time: 00 hr 10 min 34 sec)
Heartbeat CPU 0 instructions: 50000225 cycles: 179060083 heartbeat IPC: 0.221 cumulative IPC: 0.228 (Simulation time: 00 hr 10 min 42 sec)
Heartbeat CPU 0 instructions: 50500229 cycles: 181301270 heartbeat IPC: 0.2231 cumulative IPC: 0.2279 (Simulation time: 00 hr 10 min 50 sec)
Heartbeat CPU 0 instructions: 51000230 cycles: 183378651 heartbeat IPC: 0.2407 cumulative IPC: 0.2281 (Simulation time: 00 hr 10 min 58 sec)
Heartbeat CPU 0 instructions: 51500235 cycles: 185739671 heartbeat IPC: 0.2118 cumulative IPC: 0.2278 (Simulation time: 00 hr 11 min 06 sec)
Heartbeat CPU 0 instructions: 52000235 cycles: 187997197 heartbeat IPC: 0.2215 cumulative IPC: 0.2278 (Simulation time: 00 hr 11 min 14 sec)
Heartbeat CPU 0 instructions: 52500236 cycles: 190095301 heartbeat IPC: 0.2383 cumulative IPC: 0.2279 (Simulation time: 00 hr 11 min 22 sec)
Heartbeat CPU 0 instructions: 53000238 cycles: 192410980 heartbeat IPC: 0.2159 cumulative IPC: 0.2277 (Simulation time: 00 hr 11 min 31 sec)
Heartbeat CPU 0 instructions: 53500238 cycles: 194684064 heartbeat IPC: 0.22 cumulative IPC: 0.2276 (Simulation time: 00 hr 11 min 38 sec)
Heartbeat CPU 0 instructions: 54000239 cycles: 196919662 heartbeat IPC: 0.2237 cumulative IPC: 0.2276 (Simulation time: 00 hr 11 min 45 sec)
Heartbeat CPU 0 instructions: 54500241 cycles: 199125846 heartbeat IPC: 0.2266 cumulative IPC: 0.2276 (Simulation time: 00 hr 11 min 52 sec)
Heartbeat CPU 0 instructions: 55000242 cycles: 201378038 heartbeat IPC: 0.222 cumulative IPC: 0.2275 (Simulation time: 00 hr 12 min 00 sec)
Heartbeat CPU 0 instructions: 55500242 cycles: 203628883 heartbeat IPC: 0.2221 cumulative IPC: 0.2275 (Simulation time: 00 hr 12 min 08 sec)
Heartbeat CPU 0 instructions: 56000247 cycles: 205908677 heartbeat IPC: 0.2193 cumulative IPC: 0.2274 (Simulation time: 00 hr 12 min 15 sec)
Heartbeat CPU 0 instructions: 56500249 cycles: 208139516 heartbeat IPC: 0.2241 cumulative IPC: 0.2273 (Simulation time: 00 hr 12 min 23 sec)
Heartbeat CPU 0 instructions: 57000249 cycles: 210381118 heartbeat IPC: 0.2231 cumulative IPC: 0.2273 (Simulation time: 00 hr 12 min 30 sec)
Heartbeat CPU 0 instructions: 57500252 cycles: 212611492 heartbeat IPC: 0.2242 cumulative IPC: 0.2273 (Simulation time: 00 hr 12 min 38 sec)
Heartbeat CPU 0 instructions: 58000252 cycles: 214835889 heartbeat IPC: 0.2248 cumulative IPC: 0.2272 (Simulation time: 00 hr 12 min 48 sec)
Heartbeat CPU 0 instructions: 58500252 cycles: 217144550 heartbeat IPC: 0.2166 cumulative IPC: 0.2271 (Simulation time: 00 hr 12 min 55 sec)
Heartbeat CPU 0 instructions: 59000252 cycles: 219391627 heartbeat IPC: 0.2225 cumulative IPC: 0.2271 (Simulation time: 00 hr 13 min 02 sec)
Heartbeat CPU 0 instructions: 59500255 cycles: 221638904 heartbeat IPC: 0.2225 cumulative IPC: 0.227 (Simulation time: 00 hr 13 min 10 sec)
Simulation finished CPU 0 instructions: 50000000 cycles: 220281898 cumulative IPC: 0.227 (Simulation time: 00 hr 13 min 17 sec)
Simulation complete CPU 0 instructions: 50000000 cycles: 220281898 cumulative IPC: 0.227 (Simulation time: 00 hr 13 min 17 sec)

ChampSim completed all CPUs

=== Simulation ===
CPU 0 runs traces/bc-12.trace.gz

Region of Interest Statistics

CPU 0 cumulative IPC: 0.227 instructions: 50000000 cycles: 220281898
CPU 0 Branch Prediction Accuracy: 84.24% MPKI: 27.38 Average ROB Occupancy at Mispredict: 33.98
Branch type MPKI
BRANCH_DIRECT_JUMP: 0
BRANCH_INDIRECT: 0
BRANCH_CONDITIONAL: 27.38
BRANCH_DIRECT_CALL: 0
BRANCH_INDIRECT_CALL: 0
BRANCH_RETURN: 0

cpu0->cpu0_STLB TOTAL        ACCESS:    1668352 HIT:     899378 MISS:     768974 MSHR_MERGE:          0
cpu0->cpu0_STLB LOAD         ACCESS:    1668352 HIT:     899378 MISS:     768974 MSHR_MERGE:          0
cpu0->cpu0_STLB RFO          ACCESS:          0 HIT:          0 MISS:          0 MSHR_MERGE:          0
cpu0->cpu0_STLB PREFETCH     ACCESS:          0 HIT:          0 MISS:          0 MSHR_MERGE:          0
cpu0->cpu0_STLB WRITE        ACCESS:          0 HIT:          0 MISS:          0 MSHR_MERGE:          0
cpu0->cpu0_STLB TRANSLATION  ACCESS:          0 HIT:          0 MISS:          0 MSHR_MERGE:          0
cpu0->cpu0_STLB PREFETCH REQUESTED:          0 ISSUED:          0 USEFUL:          0 USELESS:          0
cpu0->cpu0_STLB AVERAGE MISS LATENCY: 15.8 cycles
cpu0->cpu0_L2C TOTAL        ACCESS:    7147394 HIT:    4443594 MISS:    2703800 MSHR_MERGE:      40859
cpu0->cpu0_L2C LOAD         ACCESS:    4106874 HIT:    1861857 MISS:    2245017 MSHR_MERGE:      10346
cpu0->cpu0_L2C RFO          ACCESS:      27606 HIT:       2567 MISS:      25039 MSHR_MERGE:          0
cpu0->cpu0_L2C PREFETCH     ACCESS:    1224343 HIT:     793601 MISS:     430742 MSHR_MERGE:      30513
cpu0->cpu0_L2C WRITE        ACCESS:    1528897 HIT:    1528883 MISS:         14 MSHR_MERGE:          0
cpu0->cpu0_L2C TRANSLATION  ACCESS:     259674 HIT:     256686 MISS:       2988 MSHR_MERGE:          0
cpu0->cpu0_L2C PREFETCH REQUESTED:    1226325 ISSUED:    1224337 USEFUL:     212322 USELESS:     182116
cpu0->cpu0_L2C AVERAGE MISS LATENCY: 148.5 cycles
cpu0->cpu0_L1I TOTAL        ACCESS:     120872 HIT:     120872 MISS:          0 MSHR_MERGE:          0
cpu0->cpu0_L1I LOAD         ACCESS:     120872 HIT:     120872 MISS:          0 MSHR_MERGE:          0
cpu0->cpu0_L1I RFO          ACCESS:          0 HIT:          0 MISS:          0 MSHR_MERGE:          0
cpu0->cpu0_L1I PREFETCH     ACCESS:          0 HIT:          0 MISS:          0 MSHR_MERGE:          0
cpu0->cpu0_L1I WRITE        ACCESS:          0 HIT:          0 MISS:          0 MSHR_MERGE:          0
cpu0->cpu0_L1I TRANSLATION  ACCESS:          0 HIT:          0 MISS:          0 MSHR_MERGE:          0
cpu0->cpu0_L1I PREFETCH REQUESTED:          0 ISSUED:          0 USEFUL:          0 USELESS:          0
cpu0->cpu0_L1I AVERAGE MISS LATENCY: - cycles
cpu0->cpu0_L1D TOTAL        ACCESS:   18087401 HIT:   13464774 MISS:    4622627 MSHR_MERGE:     228473
cpu0->cpu0_L1D LOAD         ACCESS:   13467433 HIT:    9186183 MISS:    4281250 MSHR_MERGE:     174376
cpu0->cpu0_L1D RFO          ACCESS:          0 HIT:          0 MISS:          0 MSHR_MERGE:          0
cpu0->cpu0_L1D PREFETCH     ACCESS:          0 HIT:          0 MISS:          0 MSHR_MERGE:          0
cpu0->cpu0_L1D WRITE        ACCESS:    3108178 HIT:    3039756 MISS:      68422 MSHR_MERGE:      40816
cpu0->cpu0_L1D TRANSLATION  ACCESS:    1511790 HIT:    1238835 MISS:     272955 MSHR_MERGE:      13281
cpu0->cpu0_L1D PREFETCH REQUESTED:          0 ISSUED:          0 USEFUL:          0 USELESS:          0
cpu0->cpu0_L1D AVERAGE MISS LATENCY: 85.45 cycles
cpu0->cpu0_ITLB TOTAL        ACCESS:     107538 HIT:     107538 MISS:          0 MSHR_MERGE:          0
cpu0->cpu0_ITLB LOAD         ACCESS:     107538 HIT:     107538 MISS:          0 MSHR_MERGE:          0
cpu0->cpu0_ITLB RFO          ACCESS:          0 HIT:          0 MISS:          0 MSHR_MERGE:          0
cpu0->cpu0_ITLB PREFETCH     ACCESS:          0 HIT:          0 MISS:          0 MSHR_MERGE:          0
cpu0->cpu0_ITLB WRITE        ACCESS:          0 HIT:          0 MISS:          0 MSHR_MERGE:          0
cpu0->cpu0_ITLB TRANSLATION  ACCESS:          0 HIT:          0 MISS:          0 MSHR_MERGE:          0
cpu0->cpu0_ITLB PREFETCH REQUESTED:          0 ISSUED:          0 USEFUL:          0 USELESS:          0
cpu0->cpu0_ITLB AVERAGE MISS LATENCY: - cycles
cpu0->cpu0_DTLB TOTAL        ACCESS:   16375857 HIT:   14336227 MISS:    2039630 MSHR_MERGE:     371278
cpu0->cpu0_DTLB LOAD         ACCESS:   16375857 HIT:   14336227 MISS:    2039630 MSHR_MERGE:     371278
cpu0->cpu0_DTLB RFO          ACCESS:          0 HIT:          0 MISS:          0 MSHR_MERGE:          0
cpu0->cpu0_DTLB PREFETCH     ACCESS:          0 HIT:          0 MISS:          0 MSHR_MERGE:          0
cpu0->cpu0_DTLB WRITE        ACCESS:          0 HIT:          0 MISS:          0 MSHR_MERGE:          0
cpu0->cpu0_DTLB TRANSLATION  ACCESS:          0 HIT:          0 MISS:          0 MSHR_MERGE:          0
cpu0->cpu0_DTLB PREFETCH REQUESTED:          0 ISSUED:          0 USEFUL:          0 USELESS:          0
cpu0->cpu0_DTLB AVERAGE MISS LATENCY: 12.75 cycles
cpu0->LLC TOTAL        ACCESS:    3873368 HIT:    1623090 MISS:    2250278 MSHR_MERGE:       4213
cpu0->LLC LOAD         ACCESS:    2234671 HIT:     960228 MISS:    1274443 MSHR_MERGE:       1412
cpu0->LLC RFO          ACCESS:      25039 HIT:       5294 MISS:      19745 MSHR_MERGE:          0
cpu0->LLC PREFETCH     ACCESS:     400225 HIT:      72031 MISS:     328194 MSHR_MERGE:       2801
cpu0->LLC WRITE        ACCESS:    1210445 HIT:     585490 MISS:     624955 MSHR_MERGE:          0
cpu0->LLC TRANSLATION  ACCESS:       2988 HIT:         47 MISS:       2941 MSHR_MERGE:          0
cpu0->LLC PREFETCH REQUESTED:          0 ISSUED:          0 USEFUL:          0 USELESS:          0
cpu0->LLC AVERAGE MISS LATENCY: 153.5 cycles

DRAM Statistics

Channel 0 RQ ROW_BUFFER_HIT:      15034
  ROW_BUFFER_MISS:    1605528
  AVG DBUS CONGESTED CYCLE: 27.81
Channel 0 WQ ROW_BUFFER_HIT:     195378
  ROW_BUFFER_MISS:     524212
  FULL:          0
Channel 0 REFRESHES ISSUED:      18356
