[VMEM] WARNING: physical memory size is smaller than virtual memory size.

*** ChampSim Multicore Out-of-Order Simulator ***
Warmup Instructions: 10000000
Simulation Instructions: 50000000
Number of CPUs: 1
Page size: 4096
Core 0: traces/charlie_0002.champsim.gz
Off-chip DRAM Size: 64 GiB Channels: 1 Width: 64-bit Data Rate: 4807 MT/s
[BTB] WARNING: target of return is a lower address than the corresponding call. This is usually a problem with your trace.
[BTB] WARNING: target of return is a lower address than the corresponding call. This is usually a problem with your trace.
[BTB] WARNING: target of return is a lower address than the corresponding call. This is usually a problem with your trace.
[BTB] WARNING: target of return is a lower address than the corresponding call. This is usually a problem with your trace.
[BTB] WARNING: target of return is a lower address than the corresponding call. This is usually a problem with your trace.
Heartbeat CPU 0 instructions: 500003 cycles: 260909 heartbeat IPC: 1.916 cumulative IPC: 1.916 (Simulation time: 00 hr 00 min 02 sec)
[BTB] WARNING: target of return is a lower address than the corresponding call. This is usually a problem with your trace.
Heartbeat CPU 0 instructions: 1000004 cycles: 470702 heartbeat IPC: 2.383 cumulative IPC: 2.124 (Simulation time: 00 hr 00 min 04 sec)
Heartbeat CPU 0 instructions: 1500010 cycles: 656301 heartbeat IPC: 2.694 cumulative IPC: 2.286 (Simulation time: 00 hr 00 min 06 sec)
[BTB] WARNING: target of return is a lower address than the corresponding call. This is usually a problem with your trace.
[BTB] WARNING: target of return is a lower address than the corresponding call. This is usually a problem with your trace.
Heartbeat CPU 0 instructions: 2000016 cycles: 832491 heartbeat IPC: 2.838 cumulative IPC: 2.402 (Simulation time: 00 hr 00 min 07 sec)
[BTB] WARNING: target of return is a lower address than the corresponding call. This is usually a problem with your trace.
[BTB] WARNING: target of return is a lower address than the corresponding call. This is usually a problem with your trace.
Heartbeat CPU 0 instructions: 2500019 cycles: 1014527 heartbeat IPC: 2.747 cumulative IPC: 2.464 (Simulation time: 00 hr 00 min 09 sec)
Heartbeat CPU 0 instructions: 3000025 cycles: 1165983 heartbeat IPC: 3.301 cumulative IPC: 2.573 (Simulation time: 00 hr 00 min 11 sec)
Heartbeat CPU 0 instructions: 3500031 cycles: 1311822 heartbeat IPC: 3.428 cumulative IPC: 2.668 (Simulation time: 00 hr 00 min 12 sec)
Heartbeat CPU 0 instructions: 4000037 cycles: 1448749 heartbeat IPC: 3.652 cumulative IPC: 2.761 (Simulation time: 00 hr 00 min 13 sec)
Heartbeat CPU 0 instructions: 4500042 cycles: 1601426 heartbeat IPC: 3.275 cumulative IPC: 2.81 (Simulation time: 00 hr 00 min 15 sec)
Heartbeat CPU 0 instructions: 5000047 cycles: 1747157 heartbeat IPC: 3.431 cumulative IPC: 2.862 (Simulation time: 00 hr 00 min 16 sec)
Heartbeat CPU 0 instructions: 5500053 cycles: 1916903 heartbeat IPC: 2.946 cumulative IPC: 2.869 (Simulation time: 00 hr 00 min 18 sec)
Heartbeat CPU 0 instructions: 6000060 cycles: 2080689 heartbeat IPC: 3.053 cumulative IPC: 2.884 (Simulation time: 00 hr 00 min 20 sec)
Heartbeat CPU 0 instructions: 6500065 cycles: 2256589 heartbeat IPC: 2.843 cumulative IPC: 2.88 (Simulation time: 00 hr 00 min 21 sec)
Heartbeat CPU 0 instructions: 7000066 cycles: 2403957 heartbeat IPC: 3.393 cumulative IPC: 2.912 (Simulation time: 00 hr 00 min 23 sec)
Heartbeat CPU 0 instructions: 7500066 cycles: 2556577 heartbeat IPC: 3.276 cumulative IPC: 2.934 (Simulation time: 00 hr 00 min 24 sec)
Heartbeat CPU 0 instructions: 8000070 cycles: 2705866 heartbeat IPC: 3.349 cumulative IPC: 2.957 (Simulation time: 00 hr 00 min 25 sec)
Heartbeat CPU 0 instructions: 8500070 cycles: 2806833 heartbeat IPC: 4.952 cumulative IPC: 3.028 (Simulation time: 00 hr 00 min 26 sec)
Heartbeat CPU 0 instructions: 9000074 cycles: 2907042 heartbeat IPC: 4.99 cumulative IPC: 3.096 (Simulation time: 00 hr 00 min 27 sec)
Heartbeat CPU 0 instructions: 9500076 cycles: 3007268 heartbeat IPC: 4.989 cumulative IPC: 3.159 (Simulation time: 00 hr 00 min 28 sec)
Warmup finished CPU 0 instructions: 10000000 cycles: 3129054 cumulative IPC: 3.196 (Simulation time: 00 hr 00 min 29 sec)
Warmup complete CPU 0 instructions: 10000000 cycles: 3129054 cumulative IPC: 3.196 (Simulation time: 00 hr 00 min 29 sec)
Heartbeat CPU 0 instructions: 10000077 cycles: 3131910 heartbeat IPC: 4.011 cumulative IPC: 0.02696 (Simulation time: 00 hr 00 min 29 sec)
Heartbeat CPU 0 instructions: 10500078 cycles: 5386249 heartbeat IPC: 0.2218 cumulative IPC: 0.2215 (Simulation time: 00 hr 00 min 37 sec)
Heartbeat CPU 0 instructions: 11000079 cycles: 6369766 heartbeat IPC: 0.5084 cumulative IPC: 0.3086 (Simulation time: 00 hr 00 min 40 sec)
Heartbeat CPU 0 instructions: 11500086 cycles: 8412493 heartbeat IPC: 0.2448 cumulative IPC: 0.2839 (Simulation time: 00 hr 00 min 47 sec)
Heartbeat CPU 0 instructions: 12000088 cycles: 10059020 heartbeat IPC: 0.3037 cumulative IPC: 0.2886 (Simulation time: 00 hr 00 min 53 sec)
Heartbeat CPU 0 instructions: 12500088 cycles: 10978870 heartbeat IPC: 0.5436 cumulative IPC: 0.3185 (Simulation time: 00 hr 00 min 56 sec)
Heartbeat CPU 0 instructions: 13000089 cycles: 11518353 heartbeat IPC: 0.9268 cumulative IPC: 0.3576 (Simulation time: 00 hr 00 min 58 sec)
Heartbeat CPU 0 instructions: 13500089 cycles: 13312339 heartbeat IPC: 0.2787 cumulative IPC: 0.3437 (Simulation time: 00 hr 01 min 04 sec)
Heartbeat CPU 0 instructions: 14000089 cycles: 15100098 heartbeat IPC: 0.2797 cumulative IPC: 0.3341 (Simulation time: 00 hr 01 min 10 sec)
Heartbeat CPU 0 instructions: 14500091 cycles: 16188021 heartbeat IPC: 0.4596 cumulative IPC: 0.3446 (Simulation time: 00 hr 01 min 14 sec)
Heartbeat CPU 0 instructions: 15000092 cycles: 16690967 heartbeat IPC: 0.9941 cumulative IPC: 0.3687 (Simulation time: 00 hr 01 min 16 sec)
Heartbeat CPU 0 instructions: 15500099 cycles: 17175246 heartbeat IPC: 1.032 cumulative IPC: 0.3916 (Simulation time: 00 hr 01 min 18 sec)
Heartbeat CPU 0 instructions: 16000100 cycles: 17643244 heartbeat IPC: 1.068 cumulative IPC: 0.4134 (Simulation time: 00 hr 01 min 20 sec)
Heartbeat CPU 0 instructions: 16500107 cycles: 18121329 heartbeat IPC: 1.046 cumulative IPC: 0.4336 (Simulation time: 00 hr 01 min 22 sec)
Heartbeat CPU 0 instructions: 17000114 cycles: 18607716 heartbeat IPC: 1.028 cumulative IPC: 0.4522 (Simulation time: 00 hr 01 min 25 sec)
Heartbeat CPU 0 instructions: 17500115 cycles: 19127526 heartbeat IPC: 0.9619 cumulative IPC: 0.4688 (Simulation time: 00 hr 01 min 27 sec)
Heartbeat CPU 0 instructions: 18000115 cycles: 19548010 heartbeat IPC: 1.189 cumulative IPC: 0.4872 (Simulation time: 00 hr 01 min 29 sec)
Heartbeat CPU 0 instructions: 18500116 cycles: 19986094 heartbeat IPC: 1.141 cumulative IPC: 0.5042 (Simulation time: 00 hr 01 min 31 sec)
Heartbeat CPU 0 instructions: 19000122 cycles: 20440000 heartbeat IPC: 1.102 cumulative IPC: 0.5199 (Simulation time: 00 hr 01 min 33 sec)
Heartbeat CPU 0 instructions: 19500122 cycles: 20921848 heartbeat IPC: 1.038 cumulative IPC: 0.5339 (Simulation time: 00 hr 01 min 35 sec)
Heartbeat CPU 0 instructions: 20000122 cycles: 21372508 heartbeat IPC: 1.109 cumulative IPC: 0.5481 (Simulation time: 00 hr 01 min 37 sec)
Heartbeat CPU 0 instructions: 20500123 cycles: 21891381 heartbeat IPC: 0.9636 cumulative IPC: 0.5596 (Simulation time: 00 hr 01 min 39 sec)
Heartbeat CPU 0 instructions: 21000129 cycles: 22325209 heartbeat IPC: 1.153 cumulative IPC: 0.573 (Simulation time: 00 hr 01 min 41 sec)
Heartbeat CPU 0 instructions: 21500133 cycles: 22767911 heartbeat IPC: 1.129 cumulative IPC: 0.5856 (Simulation time: 00 hr 01 min 43 sec)
Heartbeat CPU 0 instructions: 22000133 cycles: 23248013 heartbeat IPC: 1.041 cumulative IPC: 0.5965 (Simulation time: 00 hr 01 min 46 sec)
Heartbeat CPU 0 instructions: 22500138 cycles: 23692543 heartbeat IPC: 1.125 cumulative IPC: 0.6079 (Simulation time: 00 hr 01 min 48 sec)
Heartbeat CPU 0 instructions: 23000138 cycles: 24152107 heartbeat IPC: 1.088 cumulative IPC: 0.6184 (Simulation time: 00 hr 01 min 50 sec)
Heartbeat CPU 0 instructions: 23500138 cycles: 24609107 heartbeat IPC: 1.094 cumulative IPC: 0.6285 (Simulation time: 00 hr 01 min 52 sec)
Heartbeat CPU 0 instructions: 24000138 cycles: 25126334 heartbeat IPC: 0.9667 cumulative IPC: 0.6364 (Simulation time: 00 hr 01 min 54 sec)
Heartbeat CPU 0 instructions: 24500143 cycles: 26563907 heartbeat IPC: 0.3478 cumulative IPC: 0.6187 (Simulation time: 00 hr 02 min 00 sec)
Heartbeat CPU 0 instructions: 25000146 cycles: 27167034 heartbeat IPC: 0.829 cumulative IPC: 0.624 (Simulation time: 00 hr 02 min 03 sec)
Heartbeat CPU 0 instructions: 25500147 cycles: 27783454 heartbeat IPC: 0.8111 cumulative IPC: 0.6287 (Simulation time: 00 hr 02 min 06 sec)
Heartbeat CPU 0 instructions: 26000149 cycles: 28412086 heartbeat IPC: 0.7954 cumulative IPC: 0.6328 (Simulation time: 00 hr 02 min 09 sec)
Heartbeat CPU 0 instructions: 26500149 cycles: 29633969 heartbeat IPC: 0.4092 cumulative IPC: 0.6225 (Simulation time: 00 hr 02 min 14 sec)
Heartbeat CPU 0 instructions: 27000149 cycles: 30594774 heartbeat IPC: 0.5204 cumulative IPC: 0.619 (Simulation time: 00 hr 02 min 18 sec)
Heartbeat CPU 0 instructions: 27500149 cycles: 31277680 heartbeat IPC: 0.7322 cumulative IPC: 0.6217 (Simulation time: 00 hr 02 min 21 sec)
Heartbeat CPU 0 instructions: 28000149 cycles: 32437716 heartbeat IPC: 0.431 cumulative IPC: 0.6142 (Simulation time: 00 hr 02 min 25 sec)
Heartbeat CPU 0 instructions: 28500154 cycles: 33909203 heartbeat IPC: 0.3398 cumulative IPC: 0.601 (Simulation time: 00 hr 02 min 30 sec)
Heartbeat CPU 0 instructions: 29000155 cycles: 34429197 heartbeat IPC: 0.9616 cumulative IPC: 0.607 (Simulation time: 00 hr 02 min 33 sec)
Heartbeat CPU 0 instructions: 29500162 cycles: 34906807 heartbeat IPC: 1.047 cumulative IPC: 0.6136 (Simulation time: 00 hr 02 min 35 sec)
Heartbeat CPU 0 instructions: 30000162 cycles: 35490566 heartbeat IPC: 0.8565 cumulative IPC: 0.618 (Simulation time: 00 hr 02 min 38 sec)
Heartbeat CPU 0 instructions: 30500162 cycles: 36652183 heartbeat IPC: 0.4304 cumulative IPC: 0.6115 (Simulation time: 00 hr 02 min 42 sec)
Heartbeat CPU 0 instructions: 31000167 cycles: 38188580 heartbeat IPC: 0.3254 cumulative IPC: 0.599 (Simulation time: 00 hr 02 min 47 sec)
Heartbeat CPU 0 instructions: 31500167 cycles: 39480082 heartbeat IPC: 0.3871 cumulative IPC: 0.5915 (Simulation time: 00 hr 02 min 52 sec)
Heartbeat CPU 0 instructions: 32000174 cycles: 40732147 heartbeat IPC: 0.3993 cumulative IPC: 0.5851 (Simulation time: 00 hr 02 min 57 sec)
Heartbeat CPU 0 instructions: 32500179 cycles: 40961450 heartbeat IPC: 2.181 cumulative IPC: 0.5947 (Simulation time: 00 hr 02 min 59 sec)
Heartbeat CPU 0 instructions: 33000183 cycles: 41203274 heartbeat IPC: 2.068 cumulative IPC: 0.6041 (Simulation time: 00 hr 03 min 01 sec)
Heartbeat CPU 0 instructions: 33500185 cycles: 41597019 heartbeat IPC: 1.27 cumulative IPC: 0.6109 (Simulation time: 00 hr 03 min 03 sec)
Heartbeat CPU 0 instructions: 34000185 cycles: 43034064 heartbeat IPC: 0.3479 cumulative IPC: 0.6014 (Simulation time: 00 hr 03 min 08 sec)
Heartbeat CPU 0 instructions: 34500185 cycles: 44560715 heartbeat IPC: 0.3275 cumulative IPC: 0.5913 (Simulation time: 00 hr 03 min 13 sec)
Heartbeat CPU 0 instructions: 35000185 cycles: 46866670 heartbeat IPC: 0.2168 cumulative IPC: 0.5716 (Simulation time: 00 hr 03 min 21 sec)
Heartbeat CPU 0 instructions: 35500191 cycles: 48652596 heartbeat IPC: 0.28 cumulative IPC: 0.5602 (Simulation time: 00 hr 03 min 27 sec)
Heartbeat CPU 0 instructions: 36000192 cycles: 49936440 heartbeat IPC: 0.3895 cumulative IPC: 0.5555 (Simulation time: 00 hr 03 min 32 sec)
Heartbeat CPU 0 instructions: 36500197 cycles: 51374475 heartbeat IPC: 0.3477 cumulative IPC: 0.5493 (Simulation time: 00 hr 03 min 37 sec)
Heartbeat CPU 0 instructions: 37000201 cycles: 51948603 heartbeat IPC: 0.8709 cumulative IPC: 0.5531 (Simulation time: 00 hr 03 min 39 sec)
Heartbeat CPU 0 instructions: 37500202 cycles: 52440360 heartbeat IPC: 1.017 cumulative IPC: 0.5577 (Simulation time: 00 hr 03 min 41 sec)
Heartbeat CPU 0 instructions: 38000204 cycles: 52897048 heartbeat IPC: 1.095 cumulative IPC: 0.5626 (Simulation time: 00 hr 03 min 43 sec)
Heartbeat CPU 0 instructions: 38500210 cycles: 53320573 heartbeat IPC: 1.181 cumulative IPC: 0.5678 (Simulation time: 00 hr 03 min 45 sec)
Heartbeat CPU 0 instructions: 39000214 cycles: 53801592 heartbeat IPC: 1.039 cumulative IPC: 0.5723 (Simulation time: 00 hr 03 min 48 sec)
Heartbeat CPU 0 instructions: 39500215 cycles: 54263878 heartbeat IPC: 1.082 cumulative IPC: 0.5769 (Simulation time: 00 hr 03 min 50 sec)
Heartbeat CPU 0 instructions: 40000221 cycles: 54727675 heartbeat IPC: 1.078 cumulative IPC: 0.5814 (Simulation time: 00 hr 03 min 52 sec)
Heartbeat CPU 0 instructions: 40500221 cycles: 55222138 heartbeat IPC: 1.011 cumulative IPC: 0.5855 (Simulation time: 00 hr 03 min 54 sec)
Heartbeat CPU 0 instructions: 41000227 cycles: 55627526 heartbeat IPC: 1.233 cumulative IPC: 0.5905 (Simulation time: 00 hr 03 min 56 sec)
Heartbeat CPU 0 instructions: 41500227 cycles: 56457293 heartbeat IPC: 0.6026 cumulative IPC: 0.5907 (Simulation time: 00 hr 03 min 59 sec)
Heartbeat CPU 0 instructions: 42000231 cycles: 57073364 heartbeat IPC: 0.8116 cumulative IPC: 0.5932 (Simulation time: 00 hr 04 min 02 sec)
Heartbeat CPU 0 instructions: 42500236 cycles: 57646316 heartbeat IPC: 0.8727 cumulative IPC: 0.5961 (Simulation time: 00 hr 04 min 05 sec)
Heartbeat CPU 0 instructions: 43000241 cycles: 58245690 heartbeat IPC: 0.8342 cumulative IPC: 0.5987 (Simulation time: 00 hr 04 min 08 sec)
Heartbeat CPU 0 instructions: 43500247 cycles: 58808660 heartbeat IPC: 0.8882 cumulative IPC: 0.6017 (Simulation time: 00 hr 04 min 11 sec)
Heartbeat CPU 0 instructions: 44000247 cycles: 59429838 heartbeat IPC: 0.8049 cumulative IPC: 0.6039 (Simulation time: 00 hr 04 min 14 sec)
Heartbeat CPU 0 instructions: 44500248 cycles: 59982793 heartbeat IPC: 0.9042 cumulative IPC: 0.6068 (Simulation time: 00 hr 04 min 17 sec)
Heartbeat CPU 0 instructions: 45000248 cycles: 60572032 heartbeat IPC: 0.8486 cumulative IPC: 0.6093 (Simulation time: 00 hr 04 min 20 sec)
Heartbeat CPU 0 instructions: 45500253 cycles: 61179590 heartbeat IPC: 0.823 cumulative IPC: 0.6115 (Simulation time: 00 hr 04 min 23 sec)
Heartbeat CPU 0 instructions: 46000253 cycles: 61736721 heartbeat IPC: 0.8975 cumulative IPC: 0.6143 (Simulation time: 00 hr 04 min 26 sec)
Heartbeat CPU 0 instructions: 46500255 cycles: 62328171 heartbeat IPC: 0.8454 cumulative IPC: 0.6166 (Simulation time: 00 hr 04 min 29 sec)
Heartbeat CPU 0 instructions: 47000257 cycles: 62937789 heartbeat IPC: 0.8202 cumulative IPC: 0.6186 (Simulation time: 00 hr 04 min 32 sec)
Heartbeat CPU 0 instructions: 47500257 cycles: 63522487 heartbeat IPC: 0.8551 cumulative IPC: 0.6209 (Simulation time: 00 hr 04 min 35 sec)
Heartbeat CPU 0 instructions: 48000258 cycles: 65460745 heartbeat IPC: 0.258 cumulative IPC: 0.6096 (Simulation time: 00 hr 04 min 43 sec)
Heartbeat CPU 0 instructions: 48500258 cycles: 67122658 heartbeat IPC: 0.3009 cumulative IPC: 0.6016 (Simulation time: 00 hr 04 min 50 sec)
Heartbeat CPU 0 instructions: 49000259 cycles: 69278636 heartbeat IPC: 0.2319 cumulative IPC: 0.5896 (Simulation time: 00 hr 04 min 57 sec)
Heartbeat CPU 0 instructions: 49500259 cycles: 70143661 heartbeat IPC: 0.578 cumulative IPC: 0.5894 (Simulation time: 00 hr 05 min 00 sec)
Heartbeat CPU 0 instructions: 50000259 cycles: 70630252 heartbeat IPC: 1.028 cumulative IPC: 0.5926 (Simulation time: 00 hr 05 min 03 sec)
Heartbeat CPU 0 instructions: 50500263 cycles: 71075417 heartbeat IPC: 1.123 cumulative IPC: 0.5961 (Simulation time: 00 hr 05 min 05 sec)
Heartbeat CPU 0 instructions: 51000263 cycles: 71641307 heartbeat IPC: 0.8836 cumulative IPC: 0.5984 (Simulation time: 00 hr 05 min 08 sec)
Heartbeat CPU 0 instructions: 51500264 cycles: 71992280 heartbeat IPC: 1.425 cumulative IPC: 0.6026 (Simulation time: 00 hr 05 min 10 sec)
Heartbeat CPU 0 instructions: 52000266 cycles: 72320492 heartbeat IPC: 1.523 cumulative IPC: 0.607 (Simulation time: 00 hr 05 min 11 sec)
Heartbeat CPU 0 instructions: 52500267 cycles: 72630467 heartbeat IPC: 1.613 cumulative IPC: 0.6115 (Simulation time: 00 hr 05 min 13 sec)
Heartbeat CPU 0 instructions: 53000270 cycles: 73035633 heartbeat IPC: 1.234 cumulative IPC: 0.6151 (Simulation time: 00 hr 05 min 15 sec)
Heartbeat CPU 0 instructions: 53500275 cycles: 73411687 heartbeat IPC: 1.33 cumulative IPC: 0.6189 (Simulation time: 00 hr 05 min 17 sec)
Heartbeat CPU 0 instructions: 54000276 cycles: 74928829 heartbeat IPC: 0.3296 cumulative IPC: 0.6128 (Simulation time: 00 hr 05 min 23 sec)
Heartbeat CPU 0 instructions: 54500276 cycles: 76576137 heartbeat IPC: 0.3035 cumulative IPC: 0.6059 (Simulation time: 00 hr 05 min 29 sec)
Heartbeat CPU 0 instructions: 55000276 cycles: 77499214 heartbeat IPC: 0.5417 cumulative IPC: 0.6051 (Simulation time: 00 hr 05 min 33 sec)
Heartbeat CPU 0 instructions: 55500278 cycles: 79260689 heartbeat IPC: 0.2839 cumulative IPC: 0.5977 (Simulation time: 00 hr 05 min 40 sec)
Heartbeat CPU 0 instructions: 56000283 cycles: 80138333 heartbeat IPC: 0.5697 cumulative IPC: 0.5973 (Simulation time: 00 hr 05 min 43 sec)
Heartbeat CPU 0 instructions: 56500284 cycles: 81804231 heartbeat IPC: 0.3001 cumulative IPC: 0.591 (Simulation time: 00 hr 05 min 49 sec)
Heartbeat CPU 0 instructions: 57000286 cycles: 83584586 heartbeat IPC: 0.2808 cumulative IPC: 0.5842 (Simulation time: 00 hr 05 min 55 sec)
Heartbeat CPU 0 instructions: 57500293 cycles: 84580638 heartbeat IPC: 0.502 cumulative IPC: 0.5832 (Simulation time: 00 hr 05 min 59 sec)
Heartbeat CPU 0 instructions: 58000295 cycles: 85873054 heartbeat IPC: 0.3869 cumulative IPC: 0.5801 (Simulation time: 00 hr 06 min 04 sec)
Heartbeat CPU 0 instructions: 58500295 cycles: 86681186 heartbeat IPC: 0.6187 cumulative IPC: 0.5805 (Simulation time: 00 hr 06 min 07 sec)
Heartbeat CPU 0 instructions: 59000297 cycles: 87144320 heartbeat IPC: 1.08 cumulative IPC: 0.5832 (Simulation time: 00 hr 06 min 09 sec)
Heartbeat CPU 0 instructions: 59500303 cycles: 87603464 heartbeat IPC: 1.089 cumulative IPC: 0.586 (Simulation time: 00 hr 06 min 11 sec)
Simulation finished CPU 0 instructions: 50000005 cycles: 85821928 cumulative IPC: 0.5826 (Simulation time: 00 hr 06 min 16 sec)
Simulation complete CPU 0 instructions: 50000005 cycles: 85821928 cumulative IPC: 0.5826 (Simulation time: 00 hr 06 min 16 sec)

ChampSim completed all CPUs

=== Simulation ===
CPU 0 runs traces/charlie_0002.champsim.gz

Region of Interest Statistics

CPU 0 cumulative IPC: 0.5826 instructions: 50000005 cycles: 85821928
CPU 0 Branch Prediction Accuracy: 90.7% MPKI: 17.39 Average ROB Occupancy at Mispredict: 33.54
Branch type MPKI
BRANCH_DIRECT_JUMP: 0.5393
BRANCH_INDIRECT: 0.5511
BRANCH_CONDITIONAL: 14.67
BRANCH_DIRECT_CALL: 0.5491
BRANCH_INDIRECT_CALL: 0.6154
BRANCH_RETURN: 0.4658

cpu0->cpu0_STLB TOTAL        ACCESS:     239260 HIT:     175237 MISS:      64023 MSHR_MERGE:          0
cpu0->cpu0_STLB LOAD         ACCESS:     239260 HIT:     175237 MISS:      64023 MSHR_MERGE:          0
cpu0->cpu0_STLB RFO          ACCESS:          0 HIT:          0 MISS:          0 MSHR_MERGE:          0
cpu0->cpu0_STLB PREFETCH     ACCESS:          0 HIT:          0 MISS:          0 MSHR_MERGE:          0
cpu0->cpu0_STLB WRITE        ACCESS:          0 HIT:          0 MISS:          0 MSHR_MERGE:          0
cpu0->cpu0_STLB TRANSLATION  ACCESS:          0 HIT:          0 MISS:          0 MSHR_MERGE:          0
cpu0->cpu0_STLB PREFETCH REQUESTED:          0 ISSUED:          0 USEFUL:          0 USELESS:          0
cpu0->cpu0_STLB AVERAGE MISS LATENCY: 258 cycles
cpu0->cpu0_L2C TOTAL        ACCESS:    1429665 HIT:     828457 MISS:     601208 MSHR_MERGE:      26935
cpu0->cpu0_L2C LOAD         ACCESS:     717913 HIT:     440699 MISS:     277214 MSHR_MERGE:      10047
cpu0->cpu0_L2C RFO          ACCESS:     230515 HIT:      20740 MISS:     209775 MSHR_MERGE:          0
cpu0->cpu0_L2C PREFETCH     ACCESS:     124049 HIT:      43626 MISS:      80423 MSHR_MERGE:      16888
cpu0->cpu0_L2C WRITE        ACCESS:     285156 HIT:     285154 MISS:          2 MSHR_MERGE:          0
cpu0->cpu0_L2C TRANSLATION  ACCESS:      72032 HIT:      38238 MISS:      33794 MSHR_MERGE:          0
cpu0->cpu0_L2C PREFETCH REQUESTED:     133268 ISSUED:     124049 USEFUL:      26678 USELESS:       5532
cpu0->cpu0_L2C AVERAGE MISS LATENCY: 260.9 cycles
cpu0->cpu0_L1I TOTAL        ACCESS:    3081412 HIT:    2715081 MISS:     366331 MSHR_MERGE:      84412
cpu0->cpu0_L1I LOAD         ACCESS:    3081412 HIT:    2715081 MISS:     366331 MSHR_MERGE:      84412
cpu0->cpu0_L1I RFO          ACCESS:          0 HIT:          0 MISS:          0 MSHR_MERGE:          0
cpu0->cpu0_L1I PREFETCH     ACCESS:          0 HIT:          0 MISS:          0 MSHR_MERGE:          0
cpu0->cpu0_L1I WRITE        ACCESS:          0 HIT:          0 MISS:          0 MSHR_MERGE:          0
cpu0->cpu0_L1I TRANSLATION  ACCESS:          0 HIT:          0 MISS:          0 MSHR_MERGE:          0
cpu0->cpu0_L1I PREFETCH REQUESTED:          0 ISSUED:          0 USEFUL:          0 USELESS:          0
cpu0->cpu0_L1I AVERAGE MISS LATENCY: 97.89 cycles
cpu0->cpu0_L1D TOTAL        ACCESS:   14238531 HIT:   12674261 MISS:    1564270 MSHR_MERGE:     825723
cpu0->cpu0_L1D LOAD         ACCESS:    8619537 HIT:    7968082 MISS:     651455 MSHR_MERGE:     215461
cpu0->cpu0_L1D RFO          ACCESS:          0 HIT:          0 MISS:          0 MSHR_MERGE:          0
cpu0->cpu0_L1D PREFETCH     ACCESS:          0 HIT:          0 MISS:          0 MSHR_MERGE:          0
cpu0->cpu0_L1D WRITE        ACCESS:    5441093 HIT:    4601168 MISS:     839925 MSHR_MERGE:     609404
cpu0->cpu0_L1D TRANSLATION  ACCESS:     177901 HIT:     105011 MISS:      72890 MSHR_MERGE:        858
cpu0->cpu0_L1D PREFETCH REQUESTED:          0 ISSUED:          0 USEFUL:          0 USELESS:          0
cpu0->cpu0_L1D AVERAGE MISS LATENCY: 158.1 cycles
cpu0->cpu0_ITLB TOTAL        ACCESS:    2551284 HIT:    2516961 MISS:      34323 MSHR_MERGE:      14001
cpu0->cpu0_ITLB LOAD         ACCESS:    2551284 HIT:    2516961 MISS:      34323 MSHR_MERGE:      14001
cpu0->cpu0_ITLB RFO          ACCESS:          0 HIT:          0 MISS:          0 MSHR_MERGE:          0
cpu0->cpu0_ITLB PREFETCH     ACCESS:          0 HIT:          0 MISS:          0 MSHR_MERGE:          0
cpu0->cpu0_ITLB WRITE        ACCESS:          0 HIT:          0 MISS:          0 MSHR_MERGE:          0
cpu0->cpu0_ITLB TRANSLATION  ACCESS:          0 HIT:          0 MISS:          0 MSHR_MERGE:          0
cpu0->cpu0_ITLB PREFETCH REQUESTED:          0 ISSUED:          0 USEFUL:          0 USELESS:          0
cpu0->cpu0_ITLB AVERAGE MISS LATENCY: 70.07 cycles
cpu0->cpu0_DTLB TOTAL        ACCESS:   13448131 HIT:   13064921 MISS:     383210 MSHR_MERGE:     164272
cpu0->cpu0_DTLB LOAD         ACCESS:   13448131 HIT:   13064921 MISS:     383210 MSHR_MERGE:     164272
cpu0->cpu0_DTLB RFO          ACCESS:          0 HIT:          0 MISS:          0 MSHR_MERGE:          0
cpu0->cpu0_DTLB PREFETCH     ACCESS:          0 HIT:          0 MISS:          0 MSHR_MERGE:          0
cpu0->cpu0_DTLB WRITE        ACCESS:          0 HIT:          0 MISS:          0 MSHR_MERGE:          0
cpu0->cpu0_DTLB TRANSLATION  ACCESS:          0 HIT:          0 MISS:          0 MSHR_MERGE:          0
cpu0->cpu0_DTLB PREFETCH REQUESTED:          0 ISSUED:          0 USEFUL:          0 USELESS:          0
cpu0->cpu0_DTLB AVERAGE MISS LATENCY: 74.72 cycles
cpu0->LLC TOTAL        ACCESS:     808730 HIT:      54409 MISS:     754321 MSHR_MERGE:      17410
cpu0->LLC LOAD         ACCESS:     267167 HIT:      15714 MISS:     251453 MSHR_MERGE:       4264
cpu0->LLC RFO          ACCESS:     209775 HIT:       1017 MISS:     208758 MSHR_MERGE:          0
cpu0->LLC PREFETCH     ACCESS:      63535 HIT:       2687 MISS:      60848 MSHR_MERGE:      13146
cpu0->LLC WRITE        ACCESS:     234459 HIT:      33585 MISS:     200874 MSHR_MERGE:          0
cpu0->LLC TRANSLATION  ACCESS:      33794 HIT:       1406 MISS:      32388 MSHR_MERGE:          0
cpu0->LLC PREFETCH REQUESTED:          0 ISSUED:          0 USEFUL:          0 USELESS:          0
cpu0->LLC AVERAGE MISS LATENCY: 180.3 cycles

DRAM Statistics

Channel 0 RQ ROW_BUFFER_HIT:      24001
  ROW_BUFFER_MISS:     512035
  AVG DBUS CONGESTED CYCLE: 25.74
Channel 0 WQ ROW_BUFFER_HIT:      54227
  ROW_BUFFER_MISS:     198765
  FULL:       4549
Channel 0 REFRESHES ISSUED:       7152
