[VMEM] WARNING: physical memory size is smaller than virtual memory size.

*** ChampSim Multicore Out-of-Order Simulator ***
Warmup Instructions: 10000000
Simulation Instructions: 50000000
Number of CPUs: 1
Page size: 4096
Core 0: traces/charlie_0000.champsim.gz
Off-chip DRAM Size: 64 GiB Channels: 1 Width: 64-bit Data Rate: 4807 MT/s
[BTB] WARNING: target of return is a lower address than the corresponding call. This is usually a problem with your trace.
[BTB] WARNING: target of return is a lower address than the corresponding call. This is usually a problem with your trace.
Heartbeat CPU 0 instructions: 500006 cycles: 298197 heartbeat IPC: 1.677 cumulative IPC: 1.677 (Simulation time: 00 hr 00 min 03 sec)
Heartbeat CPU 0 instructions: 1000011 cycles: 483707 heartbeat IPC: 2.695 cumulative IPC: 2.067 (Simulation time: 00 hr 00 min 04 sec)
[BTB] WARNING: target of return is a lower address than the corresponding call. This is usually a problem with your trace.
Heartbeat CPU 0 instructions: 1500012 cycles: 651939 heartbeat IPC: 2.972 cumulative IPC: 2.301 (Simulation time: 00 hr 00 min 06 sec)
[BTB] WARNING: target of return is a lower address than the corresponding call. This is usually a problem with your trace.
[BTB] WARNING: target of return is a lower address than the corresponding call. This is usually a problem with your trace.
Heartbeat CPU 0 instructions: 2000012 cycles: 785523 heartbeat IPC: 3.743 cumulative IPC: 2.546 (Simulation time: 00 hr 00 min 07 sec)
[BTB] WARNING: target of return is a lower address than the corresponding call. This is usually a problem with your trace.
[BTB] WARNING: target of return is a lower address than the corresponding call. This is usually a problem with your trace.
[BTB] WARNING: target of return is a lower address than the corresponding call. This is usually a problem with your trace.
[BTB] WARNING: target of return is a lower address than the corresponding call. This is usually a problem with your trace.
[BTB] WARNING: target of return is a lower address than the corresponding call. This is usually a problem with your trace.
Heartbeat CPU 0 instructions: 2500014 cycles: 933451 heartbeat IPC: 3.38 cumulative IPC: 2.678 (Simulation time: 00 hr 00 min 08 sec)
Heartbeat CPU 0 instructions: 3000021 cycles: 1042455 heartbeat IPC: 4.587 cumulative IPC: 2.878 (Simulation time: 00 hr 00 min 09 sec)
Heartbeat CPU 0 instructions: 3500023 cycles: 1149738 heartbeat IPC: 4.661 cumulative IPC: 3.044 (Simulation time: 00 hr 00 min 10 sec)
Heartbeat CPU 0 instructions: 4000027 cycles: 1257636 heartbeat IPC: 4.634 cumulative IPC: 3.181 (Simulation time: 00 hr 00 min 11 sec)
Heartbeat CPU 0 instructions: 4500034 cycles: 1363605 heartbeat IPC: 4.718 cumulative IPC: 3.3 (Simulation time: 00 hr 00 min 12 sec)
Heartbeat CPU 0 instructions: 5000034 cycles: 1469783 heartbeat IPC: 4.709 cumulative IPC: 3.402 (Simulation time: 00 hr 00 min 13 sec)
Heartbeat CPU 0 instructions: 5500040 cycles: 1574698 heartbeat IPC: 4.766 cumulative IPC: 3.493 (Simulation time: 00 hr 00 min 14 sec)
Heartbeat CPU 0 instructions: 6000040 cycles: 1679469 heartbeat IPC: 4.772 cumulative IPC: 3.573 (Simulation time: 00 hr 00 min 15 sec)
Heartbeat CPU 0 instructions: 6500040 cycles: 1786764 heartbeat IPC: 4.66 cumulative IPC: 3.638 (Simulation time: 00 hr 00 min 16 sec)
Heartbeat CPU 0 instructions: 7000044 cycles: 1893320 heartbeat IPC: 4.692 cumulative IPC: 3.697 (Simulation time: 00 hr 00 min 17 sec)
Heartbeat CPU 0 instructions: 7500049 cycles: 2003226 heartbeat IPC: 4.549 cumulative IPC: 3.744 (Simulation time: 00 hr 00 min 18 sec)
Heartbeat CPU 0 instructions: 8000052 cycles: 2108974 heartbeat IPC: 4.728 cumulative IPC: 3.793 (Simulation time: 00 hr 00 min 19 sec)
Heartbeat CPU 0 instructions: 8500059 cycles: 2216496 heartbeat IPC: 4.65 cumulative IPC: 3.835 (Simulation time: 00 hr 00 min 20 sec)
Heartbeat CPU 0 instructions: 9000060 cycles: 2327432 heartbeat IPC: 4.507 cumulative IPC: 3.867 (Simulation time: 00 hr 00 min 21 sec)
Heartbeat CPU 0 instructions: 9500062 cycles: 2431040 heartbeat IPC: 4.826 cumulative IPC: 3.908 (Simulation time: 00 hr 00 min 22 sec)
Warmup finished CPU 0 instructions: 10000005 cycles: 2534941 cumulative IPC: 3.945 (Simulation time: 00 hr 00 min 23 sec)
Warmup complete CPU 0 instructions: 10000005 cycles: 2534941 cumulative IPC: 3.945 (Simulation time: 00 hr 00 min 23 sec)
Heartbeat CPU 0 instructions: 10000065 cycles: 2534949 heartbeat IPC: 4.812 cumulative IPC: 7.5 (Simulation time: 00 hr 00 min 23 sec)
Heartbeat CPU 0 instructions: 10500066 cycles: 2952063 heartbeat IPC: 1.199 cumulative IPC: 1.199 (Simulation time: 00 hr 00 min 25 sec)
Heartbeat CPU 0 instructions: 11000066 cycles: 3398317 heartbeat IPC: 1.12 cumulative IPC: 1.158 (Simulation time: 00 hr 00 min 27 sec)
Heartbeat CPU 0 instructions: 11500067 cycles: 3840190 heartbeat IPC: 1.132 cumulative IPC: 1.149 (Simulation time: 00 hr 00 min 29 sec)
Heartbeat CPU 0 instructions: 12000072 cycles: 4542576 heartbeat IPC: 0.7119 cumulative IPC: 0.9962 (Simulation time: 00 hr 00 min 32 sec)
Heartbeat CPU 0 instructions: 12500072 cycles: 5322881 heartbeat IPC: 0.6408 cumulative IPC: 0.8967 (Simulation time: 00 hr 00 min 36 sec)
Heartbeat CPU 0 instructions: 13000073 cycles: 5894068 heartbeat IPC: 0.8754 cumulative IPC: 0.8931 (Simulation time: 00 hr 00 min 38 sec)
Heartbeat CPU 0 instructions: 13500075 cycles: 6285438 heartbeat IPC: 1.278 cumulative IPC: 0.9332 (Simulation time: 00 hr 00 min 40 sec)
Heartbeat CPU 0 instructions: 14000079 cycles: 6760104 heartbeat IPC: 1.053 cumulative IPC: 0.9467 (Simulation time: 00 hr 00 min 43 sec)
Heartbeat CPU 0 instructions: 14500083 cycles: 7135590 heartbeat IPC: 1.332 cumulative IPC: 0.9781 (Simulation time: 00 hr 00 min 44 sec)
Heartbeat CPU 0 instructions: 15000086 cycles: 7568760 heartbeat IPC: 1.154 cumulative IPC: 0.9933 (Simulation time: 00 hr 00 min 47 sec)
Heartbeat CPU 0 instructions: 15500086 cycles: 8003217 heartbeat IPC: 1.151 cumulative IPC: 1.006 (Simulation time: 00 hr 00 min 49 sec)
Heartbeat CPU 0 instructions: 16000092 cycles: 8431096 heartbeat IPC: 1.169 cumulative IPC: 1.018 (Simulation time: 00 hr 00 min 51 sec)
Heartbeat CPU 0 instructions: 16500094 cycles: 8974910 heartbeat IPC: 0.9194 cumulative IPC: 1.009 (Simulation time: 00 hr 00 min 54 sec)
Heartbeat CPU 0 instructions: 17000095 cycles: 9476370 heartbeat IPC: 0.9971 cumulative IPC: 1.008 (Simulation time: 00 hr 00 min 56 sec)
Heartbeat CPU 0 instructions: 17500095 cycles: 9964425 heartbeat IPC: 1.024 cumulative IPC: 1.01 (Simulation time: 00 hr 00 min 58 sec)
Heartbeat CPU 0 instructions: 18000097 cycles: 10446846 heartbeat IPC: 1.036 cumulative IPC: 1.011 (Simulation time: 00 hr 01 min 00 sec)
Heartbeat CPU 0 instructions: 18500097 cycles: 10935031 heartbeat IPC: 1.024 cumulative IPC: 1.012 (Simulation time: 00 hr 01 min 03 sec)
Heartbeat CPU 0 instructions: 19000100 cycles: 11814998 heartbeat IPC: 0.5682 cumulative IPC: 0.9698 (Simulation time: 00 hr 01 min 06 sec)
Heartbeat CPU 0 instructions: 19500100 cycles: 12122338 heartbeat IPC: 1.627 cumulative IPC: 0.9909 (Simulation time: 00 hr 01 min 08 sec)
Heartbeat CPU 0 instructions: 20000101 cycles: 12410566 heartbeat IPC: 1.735 cumulative IPC: 1.013 (Simulation time: 00 hr 01 min 09 sec)
Heartbeat CPU 0 instructions: 20500102 cycles: 12726863 heartbeat IPC: 1.581 cumulative IPC: 1.03 (Simulation time: 00 hr 01 min 10 sec)
Heartbeat CPU 0 instructions: 21000104 cycles: 12999308 heartbeat IPC: 1.835 cumulative IPC: 1.051 (Simulation time: 00 hr 01 min 11 sec)
Heartbeat CPU 0 instructions: 21500105 cycles: 13274789 heartbeat IPC: 1.815 cumulative IPC: 1.071 (Simulation time: 00 hr 01 min 13 sec)
Heartbeat CPU 0 instructions: 22000111 cycles: 14827634 heartbeat IPC: 0.322 cumulative IPC: 0.9762 (Simulation time: 00 hr 01 min 18 sec)
Heartbeat CPU 0 instructions: 22500111 cycles: 17345246 heartbeat IPC: 0.1986 cumulative IPC: 0.844 (Simulation time: 00 hr 01 min 27 sec)
Heartbeat CPU 0 instructions: 23000118 cycles: 18022675 heartbeat IPC: 0.7381 cumulative IPC: 0.8394 (Simulation time: 00 hr 01 min 30 sec)
Heartbeat CPU 0 instructions: 23500122 cycles: 18928527 heartbeat IPC: 0.552 cumulative IPC: 0.8235 (Simulation time: 00 hr 01 min 34 sec)
Heartbeat CPU 0 instructions: 24000125 cycles: 20683076 heartbeat IPC: 0.285 cumulative IPC: 0.7714 (Simulation time: 00 hr 01 min 40 sec)
Heartbeat CPU 0 instructions: 24500126 cycles: 21132205 heartbeat IPC: 1.113 cumulative IPC: 0.7797 (Simulation time: 00 hr 01 min 42 sec)
Heartbeat CPU 0 instructions: 25000129 cycles: 21534801 heartbeat IPC: 1.242 cumulative IPC: 0.7895 (Simulation time: 00 hr 01 min 45 sec)
Heartbeat CPU 0 instructions: 25500134 cycles: 22017390 heartbeat IPC: 1.036 cumulative IPC: 0.7956 (Simulation time: 00 hr 01 min 47 sec)
Heartbeat CPU 0 instructions: 26000134 cycles: 22450630 heartbeat IPC: 1.154 cumulative IPC: 0.8034 (Simulation time: 00 hr 01 min 50 sec)
Heartbeat CPU 0 instructions: 26500140 cycles: 22865939 heartbeat IPC: 1.204 cumulative IPC: 0.8116 (Simulation time: 00 hr 01 min 52 sec)
Heartbeat CPU 0 instructions: 27000146 cycles: 23271876 heartbeat IPC: 1.232 cumulative IPC: 0.8198 (Simulation time: 00 hr 01 min 55 sec)
Heartbeat CPU 0 instructions: 27500146 cycles: 23835260 heartbeat IPC: 0.8875 cumulative IPC: 0.8216 (Simulation time: 00 hr 01 min 58 sec)
Heartbeat CPU 0 instructions: 28000146 cycles: 24256008 heartbeat IPC: 1.188 cumulative IPC: 0.8287 (Simulation time: 00 hr 02 min 01 sec)
Heartbeat CPU 0 instructions: 28500150 cycles: 24671433 heartbeat IPC: 1.204 cumulative IPC: 0.8357 (Simulation time: 00 hr 02 min 04 sec)
Heartbeat CPU 0 instructions: 29000151 cycles: 25191068 heartbeat IPC: 0.9622 cumulative IPC: 0.8386 (Simulation time: 00 hr 02 min 07 sec)
Heartbeat CPU 0 instructions: 29500152 cycles: 26409644 heartbeat IPC: 0.4103 cumulative IPC: 0.8168 (Simulation time: 00 hr 02 min 11 sec)
Heartbeat CPU 0 instructions: 30000155 cycles: 26710231 heartbeat IPC: 1.663 cumulative IPC: 0.8273 (Simulation time: 00 hr 02 min 13 sec)
Heartbeat CPU 0 instructions: 30500157 cycles: 26997932 heartbeat IPC: 1.738 cumulative IPC: 0.838 (Simulation time: 00 hr 02 min 14 sec)
Heartbeat CPU 0 instructions: 31000157 cycles: 27307579 heartbeat IPC: 1.615 cumulative IPC: 0.8477 (Simulation time: 00 hr 02 min 15 sec)
Heartbeat CPU 0 instructions: 31500158 cycles: 27577607 heartbeat IPC: 1.852 cumulative IPC: 0.8585 (Simulation time: 00 hr 02 min 17 sec)
Heartbeat CPU 0 instructions: 32000159 cycles: 27844523 heartbeat IPC: 1.873 cumulative IPC: 0.8692 (Simulation time: 00 hr 02 min 18 sec)
Heartbeat CPU 0 instructions: 32500161 cycles: 28541294 heartbeat IPC: 0.7176 cumulative IPC: 0.8652 (Simulation time: 00 hr 02 min 21 sec)
Heartbeat CPU 0 instructions: 33000164 cycles: 29092127 heartbeat IPC: 0.9077 cumulative IPC: 0.8661 (Simulation time: 00 hr 02 min 24 sec)
Heartbeat CPU 0 instructions: 33500169 cycles: 29736217 heartbeat IPC: 0.7763 cumulative IPC: 0.8639 (Simulation time: 00 hr 02 min 27 sec)
Heartbeat CPU 0 instructions: 34000171 cycles: 30311906 heartbeat IPC: 0.8685 cumulative IPC: 0.864 (Simulation time: 00 hr 02 min 30 sec)
Heartbeat CPU 0 instructions: 34500171 cycles: 30935239 heartbeat IPC: 0.8021 cumulative IPC: 0.8627 (Simulation time: 00 hr 02 min 34 sec)
Heartbeat CPU 0 instructions: 35000176 cycles: 31506631 heartbeat IPC: 0.8751 cumulative IPC: 0.8629 (Simulation time: 00 hr 02 min 36 sec)
Heartbeat CPU 0 instructions: 35500176 cycles: 32177750 heartbeat IPC: 0.745 cumulative IPC: 0.8602 (Simulation time: 00 hr 02 min 40 sec)
Heartbeat CPU 0 instructions: 36000176 cycles: 32743092 heartbeat IPC: 0.8844 cumulative IPC: 0.8607 (Simulation time: 00 hr 02 min 43 sec)
Heartbeat CPU 0 instructions: 36500176 cycles: 34024859 heartbeat IPC: 0.3901 cumulative IPC: 0.8415 (Simulation time: 00 hr 02 min 48 sec)
Heartbeat CPU 0 instructions: 37000177 cycles: 34328494 heartbeat IPC: 1.647 cumulative IPC: 0.8492 (Simulation time: 00 hr 02 min 50 sec)
Heartbeat CPU 0 instructions: 37500177 cycles: 34611708 heartbeat IPC: 1.765 cumulative IPC: 0.8573 (Simulation time: 00 hr 02 min 51 sec)
Heartbeat CPU 0 instructions: 38000177 cycles: 34923643 heartbeat IPC: 1.603 cumulative IPC: 0.8645 (Simulation time: 00 hr 02 min 52 sec)
Heartbeat CPU 0 instructions: 38500177 cycles: 35186952 heartbeat IPC: 1.899 cumulative IPC: 0.8728 (Simulation time: 00 hr 02 min 53 sec)
Heartbeat CPU 0 instructions: 39000180 cycles: 35478776 heartbeat IPC: 1.713 cumulative IPC: 0.8803 (Simulation time: 00 hr 02 min 55 sec)
Heartbeat CPU 0 instructions: 39500184 cycles: 36366652 heartbeat IPC: 0.5631 cumulative IPC: 0.872 (Simulation time: 00 hr 02 min 59 sec)
Heartbeat CPU 0 instructions: 40000186 cycles: 37051499 heartbeat IPC: 0.7301 cumulative IPC: 0.8692 (Simulation time: 00 hr 03 min 01 sec)
Heartbeat CPU 0 instructions: 40500187 cycles: 37564991 heartbeat IPC: 0.9737 cumulative IPC: 0.8707 (Simulation time: 00 hr 03 min 04 sec)
Heartbeat CPU 0 instructions: 41000187 cycles: 38013393 heartbeat IPC: 1.115 cumulative IPC: 0.8738 (Simulation time: 00 hr 03 min 06 sec)
Heartbeat CPU 0 instructions: 41500190 cycles: 38534047 heartbeat IPC: 0.9603 cumulative IPC: 0.875 (Simulation time: 00 hr 03 min 08 sec)
Heartbeat CPU 0 instructions: 42000192 cycles: 39029924 heartbeat IPC: 1.008 cumulative IPC: 0.8768 (Simulation time: 00 hr 03 min 10 sec)
Heartbeat CPU 0 instructions: 42500196 cycles: 39523213 heartbeat IPC: 1.014 cumulative IPC: 0.8787 (Simulation time: 00 hr 03 min 12 sec)
Heartbeat CPU 0 instructions: 43000197 cycles: 39951578 heartbeat IPC: 1.167 cumulative IPC: 0.882 (Simulation time: 00 hr 03 min 14 sec)
Heartbeat CPU 0 instructions: 43500199 cycles: 40435521 heartbeat IPC: 1.033 cumulative IPC: 0.8839 (Simulation time: 00 hr 03 min 16 sec)
Heartbeat CPU 0 instructions: 44000205 cycles: 40918987 heartbeat IPC: 1.034 cumulative IPC: 0.8858 (Simulation time: 00 hr 03 min 19 sec)
Heartbeat CPU 0 instructions: 44500205 cycles: 41361359 heartbeat IPC: 1.13 cumulative IPC: 0.8886 (Simulation time: 00 hr 03 min 21 sec)
Heartbeat CPU 0 instructions: 45000205 cycles: 41785938 heartbeat IPC: 1.178 cumulative IPC: 0.8917 (Simulation time: 00 hr 03 min 23 sec)
Heartbeat CPU 0 instructions: 45500205 cycles: 42247851 heartbeat IPC: 1.082 cumulative IPC: 0.8939 (Simulation time: 00 hr 03 min 25 sec)
Heartbeat CPU 0 instructions: 46000206 cycles: 42824304 heartbeat IPC: 0.8674 cumulative IPC: 0.8935 (Simulation time: 00 hr 03 min 27 sec)
Heartbeat CPU 0 instructions: 46500207 cycles: 43230895 heartbeat IPC: 1.23 cumulative IPC: 0.8969 (Simulation time: 00 hr 03 min 29 sec)
Heartbeat CPU 0 instructions: 47000207 cycles: 43627802 heartbeat IPC: 1.26 cumulative IPC: 0.9004 (Simulation time: 00 hr 03 min 31 sec)
Heartbeat CPU 0 instructions: 47500208 cycles: 44991035 heartbeat IPC: 0.3668 cumulative IPC: 0.8833 (Simulation time: 00 hr 03 min 36 sec)
Heartbeat CPU 0 instructions: 48000211 cycles: 45286946 heartbeat IPC: 1.69 cumulative IPC: 0.8889 (Simulation time: 00 hr 03 min 37 sec)
Heartbeat CPU 0 instructions: 48500212 cycles: 46592506 heartbeat IPC: 0.383 cumulative IPC: 0.8739 (Simulation time: 00 hr 03 min 42 sec)
Heartbeat CPU 0 instructions: 49000215 cycles: 46902859 heartbeat IPC: 1.611 cumulative IPC: 0.879 (Simulation time: 00 hr 03 min 44 sec)
Heartbeat CPU 0 instructions: 49500217 cycles: 47174516 heartbeat IPC: 1.841 cumulative IPC: 0.8849 (Simulation time: 00 hr 03 min 45 sec)
Heartbeat CPU 0 instructions: 50000223 cycles: 47430830 heartbeat IPC: 1.951 cumulative IPC: 0.891 (Simulation time: 00 hr 03 min 46 sec)
Heartbeat CPU 0 instructions: 50500224 cycles: 48290721 heartbeat IPC: 0.5815 cumulative IPC: 0.8851 (Simulation time: 00 hr 03 min 50 sec)
Heartbeat CPU 0 instructions: 51000231 cycles: 48978391 heartbeat IPC: 0.7271 cumulative IPC: 0.8828 (Simulation time: 00 hr 03 min 53 sec)
Heartbeat CPU 0 instructions: 51500232 cycles: 49468387 heartbeat IPC: 1.02 cumulative IPC: 0.8842 (Simulation time: 00 hr 03 min 55 sec)
Heartbeat CPU 0 instructions: 52000233 cycles: 49903652 heartbeat IPC: 1.149 cumulative IPC: 0.8867 (Simulation time: 00 hr 03 min 57 sec)
Heartbeat CPU 0 instructions: 52500236 cycles: 50390382 heartbeat IPC: 1.027 cumulative IPC: 0.8881 (Simulation time: 00 hr 03 min 59 sec)
Heartbeat CPU 0 instructions: 53000236 cycles: 50942663 heartbeat IPC: 0.9053 cumulative IPC: 0.8883 (Simulation time: 00 hr 04 min 01 sec)
Heartbeat CPU 0 instructions: 53500239 cycles: 51241333 heartbeat IPC: 1.674 cumulative IPC: 0.8931 (Simulation time: 00 hr 04 min 03 sec)
Heartbeat CPU 0 instructions: 54000239 cycles: 51522268 heartbeat IPC: 1.78 cumulative IPC: 0.8982 (Simulation time: 00 hr 04 min 04 sec)
Heartbeat CPU 0 instructions: 54500240 cycles: 51806877 heartbeat IPC: 1.757 cumulative IPC: 0.9032 (Simulation time: 00 hr 04 min 05 sec)
Heartbeat CPU 0 instructions: 55000241 cycles: 52057237 heartbeat IPC: 1.997 cumulative IPC: 0.9087 (Simulation time: 00 hr 04 min 06 sec)
Heartbeat CPU 0 instructions: 55500241 cycles: 52301624 heartbeat IPC: 2.046 cumulative IPC: 0.9143 (Simulation time: 00 hr 04 min 08 sec)
Heartbeat CPU 0 instructions: 56000241 cycles: 53430218 heartbeat IPC: 0.443 cumulative IPC: 0.9038 (Simulation time: 00 hr 04 min 12 sec)
Heartbeat CPU 0 instructions: 56500245 cycles: 55155459 heartbeat IPC: 0.2898 cumulative IPC: 0.8837 (Simulation time: 00 hr 04 min 20 sec)
Heartbeat CPU 0 instructions: 57000250 cycles: 57443270 heartbeat IPC: 0.2186 cumulative IPC: 0.856 (Simulation time: 00 hr 04 min 28 sec)
Heartbeat CPU 0 instructions: 57500255 cycles: 58122066 heartbeat IPC: 0.7366 cumulative IPC: 0.8545 (Simulation time: 00 hr 04 min 31 sec)
Heartbeat CPU 0 instructions: 58000258 cycles: 58585595 heartbeat IPC: 1.079 cumulative IPC: 0.8564 (Simulation time: 00 hr 04 min 33 sec)
Heartbeat CPU 0 instructions: 58500258 cycles: 59144767 heartbeat IPC: 0.8942 cumulative IPC: 0.8567 (Simulation time: 00 hr 04 min 36 sec)
Heartbeat CPU 0 instructions: 59000261 cycles: 59597086 heartbeat IPC: 1.105 cumulative IPC: 0.8587 (Simulation time: 00 hr 04 min 38 sec)
Heartbeat CPU 0 instructions: 59500262 cycles: 60043229 heartbeat IPC: 1.121 cumulative IPC: 0.8607 (Simulation time: 00 hr 04 min 40 sec)
Simulation finished CPU 0 instructions: 50000006 cycles: 57960967 cumulative IPC: 0.8626 (Simulation time: 00 hr 04 min 42 sec)
Simulation complete CPU 0 instructions: 50000006 cycles: 57960967 cumulative IPC: 0.8626 (Simulation time: 00 hr 04 min 42 sec)

ChampSim completed all CPUs

=== Simulation ===
CPU 0 runs traces/charlie_0000.champsim.gz

Region of Interest Statistics

CPU 0 cumulative IPC: 0.8626 instructions: 50000006 cycles: 57960967
CPU 0 Branch Prediction Accuracy: 92.87% MPKI: 15.34 Average ROB Occupancy at Mispredict: 33.56
Branch type MPKI
BRANCH_DIRECT_JUMP: 0.2727
BRANCH_INDIRECT: 0.5188
BRANCH_CONDITIONAL: 13.8
BRANCH_DIRECT_CALL: 0.1681
BRANCH_INDIRECT_CALL: 0.3757
BRANCH_RETURN: 0.2019

cpu0->cpu0_STLB TOTAL        ACCESS:      82580 HIT:      58578 MISS:      24002 MSHR_MERGE:          0
cpu0->cpu0_STLB LOAD         ACCESS:      82580 HIT:      58578 MISS:      24002 MSHR_MERGE:          0
cpu0->cpu0_STLB RFO          ACCESS:          0 HIT:          0 MISS:          0 MSHR_MERGE:          0
cpu0->cpu0_STLB PREFETCH     ACCESS:          0 HIT:          0 MISS:          0 MSHR_MERGE:          0
cpu0->cpu0_STLB WRITE        ACCESS:          0 HIT:          0 MISS:          0 MSHR_MERGE:          0
cpu0->cpu0_STLB TRANSLATION  ACCESS:          0 HIT:          0 MISS:          0 MSHR_MERGE:          0
cpu0->cpu0_STLB PREFETCH REQUESTED:          0 ISSUED:          0 USEFUL:          0 USELESS:          0
cpu0->cpu0_STLB AVERAGE MISS LATENCY: 291.1 cycles
cpu0->cpu0_L2C TOTAL        ACCESS:     879965 HIT:     521886 MISS:     358079 MSHR_MERGE:       9609
cpu0->cpu0_L2C LOAD         ACCESS:     422045 HIT:     275729 MISS:     146316 MSHR_MERGE:       3248
cpu0->cpu0_L2C RFO          ACCESS:     161692 HIT:       8601 MISS:     153091 MSHR_MERGE:          0
cpu0->cpu0_L2C PREFETCH     ACCESS:      68916 HIT:      24885 MISS:      44031 MSHR_MERGE:       6361
cpu0->cpu0_L2C WRITE        ACCESS:     202767 HIT:     202759 MISS:          8 MSHR_MERGE:          0
cpu0->cpu0_L2C TRANSLATION  ACCESS:      24545 HIT:       9912 MISS:      14633 MSHR_MERGE:          0
cpu0->cpu0_L2C PREFETCH REQUESTED:      74710 ISSUED:      68916 USEFUL:      13896 USELESS:       2861
cpu0->cpu0_L2C AVERAGE MISS LATENCY: 256.8 cycles
cpu0->cpu0_L1I TOTAL        ACCESS:    2654964 HIT:    2423717 MISS:     231247 MSHR_MERGE:      55594
cpu0->cpu0_L1I LOAD         ACCESS:    2654964 HIT:    2423717 MISS:     231247 MSHR_MERGE:      55594
cpu0->cpu0_L1I RFO          ACCESS:          0 HIT:          0 MISS:          0 MSHR_MERGE:          0
cpu0->cpu0_L1I PREFETCH     ACCESS:          0 HIT:          0 MISS:          0 MSHR_MERGE:          0
cpu0->cpu0_L1I WRITE        ACCESS:          0 HIT:          0 MISS:          0 MSHR_MERGE:          0
cpu0->cpu0_L1I TRANSLATION  ACCESS:          0 HIT:          0 MISS:          0 MSHR_MERGE:          0
cpu0->cpu0_L1I PREFETCH REQUESTED:          0 ISSUED:          0 USEFUL:          0 USELESS:          0
cpu0->cpu0_L1I AVERAGE MISS LATENCY: 68.45 cycles
cpu0->cpu0_L1D TOTAL        ACCESS:   12712107 HIT:   11644489 MISS:    1067618 MSHR_MERGE:     634989
cpu0->cpu0_L1D LOAD         ACCESS:    8281314 HIT:    7865446 MISS:     415868 MSHR_MERGE:     169476
cpu0->cpu0_L1D RFO          ACCESS:          0 HIT:          0 MISS:          0 MSHR_MERGE:          0
cpu0->cpu0_L1D PREFETCH     ACCESS:          0 HIT:          0 MISS:          0 MSHR_MERGE:          0
cpu0->cpu0_L1D WRITE        ACCESS:    4367436 HIT:    3740667 MISS:     626769 MSHR_MERGE:     465077
cpu0->cpu0_L1D TRANSLATION  ACCESS:      63357 HIT:      38376 MISS:      24981 MSHR_MERGE:        436
cpu0->cpu0_L1D PREFETCH REQUESTED:          0 ISSUED:          0 USEFUL:          0 USELESS:          0
cpu0->cpu0_L1D AVERAGE MISS LATENCY: 170.4 cycles
cpu0->cpu0_ITLB TOTAL        ACCESS:    2218532 HIT:    2198426 MISS:      20106 MSHR_MERGE:       8559
cpu0->cpu0_ITLB LOAD         ACCESS:    2218532 HIT:    2198426 MISS:      20106 MSHR_MERGE:       8559
cpu0->cpu0_ITLB RFO          ACCESS:          0 HIT:          0 MISS:          0 MSHR_MERGE:          0
cpu0->cpu0_ITLB PREFETCH     ACCESS:          0 HIT:          0 MISS:          0 MSHR_MERGE:          0
cpu0->cpu0_ITLB WRITE        ACCESS:          0 HIT:          0 MISS:          0 MSHR_MERGE:          0
cpu0->cpu0_ITLB TRANSLATION  ACCESS:          0 HIT:          0 MISS:          0 MSHR_MERGE:          0
cpu0->cpu0_ITLB PREFETCH REQUESTED:          0 ISSUED:          0 USEFUL:          0 USELESS:          0
cpu0->cpu0_ITLB AVERAGE MISS LATENCY: 56.69 cycles
cpu0->cpu0_DTLB TOTAL        ACCESS:   12123578 HIT:   11983084 MISS:     140494 MSHR_MERGE:      69461
cpu0->cpu0_DTLB LOAD         ACCESS:   12123578 HIT:   11983084 MISS:     140494 MSHR_MERGE:      69461
cpu0->cpu0_DTLB RFO          ACCESS:          0 HIT:          0 MISS:          0 MSHR_MERGE:          0
cpu0->cpu0_DTLB PREFETCH     ACCESS:          0 HIT:          0 MISS:          0 MSHR_MERGE:          0
cpu0->cpu0_DTLB WRITE        ACCESS:          0 HIT:          0 MISS:          0 MSHR_MERGE:          0
cpu0->cpu0_DTLB TRANSLATION  ACCESS:          0 HIT:          0 MISS:          0 MSHR_MERGE:          0
cpu0->cpu0_DTLB PREFETCH REQUESTED:          0 ISSUED:          0 USEFUL:          0 USELESS:          0
cpu0->cpu0_DTLB AVERAGE MISS LATENCY: 95.32 cycles
cpu0->LLC TOTAL        ACCESS:     537494 HIT:      38410 MISS:     499084 MSHR_MERGE:      11547
cpu0->LLC LOAD         ACCESS:     143068 HIT:      12908 MISS:     130160 MSHR_MERGE:       2757
cpu0->LLC RFO          ACCESS:     153091 HIT:       1350 MISS:     151741 MSHR_MERGE:          0
cpu0->LLC PREFETCH     ACCESS:      37670 HIT:       1912 MISS:      35758 MSHR_MERGE:       8790
cpu0->LLC WRITE        ACCESS:     189032 HIT:      21227 MISS:     167805 MSHR_MERGE:          0
cpu0->LLC TRANSLATION  ACCESS:      14633 HIT:       1013 MISS:      13620 MSHR_MERGE:          0
cpu0->LLC PREFETCH REQUESTED:          0 ISSUED:          0 USEFUL:          0 USELESS:          0
cpu0->LLC AVERAGE MISS LATENCY: 163.4 cycles

DRAM Statistics

Channel 0 RQ ROW_BUFFER_HIT:      17831
  ROW_BUFFER_MISS:     301901
  AVG DBUS CONGESTED CYCLE: 26.55
Channel 0 WQ ROW_BUFFER_HIT:      36393
  ROW_BUFFER_MISS:     135299
  FULL:       3772
Channel 0 REFRESHES ISSUED:       4830
