[VMEM] WARNING: physical memory size is smaller than virtual memory size.

*** ChampSim Multicore Out-of-Order Simulator ***
Warmup Instructions: 10000000
Simulation Instructions: 50000000
Number of CPUs: 1
Page size: 4096
Core 0: traces/bc-12.trace.gz
Off-chip DRAM Size: 64 GiB Channels: 1 Width: 64-bit Data Rate: 800 MT/s
Heartbeat CPU 0 instructions: 500001 cycles: 508754 heartbeat IPC: 0.9828 cumulative IPC: 0.9828 (Simulation time: 00 hr 00 min 02 sec)
Heartbeat CPU 0 instructions: 1000001 cycles: 1015185 heartbeat IPC: 0.9873 cumulative IPC: 0.985 (Simulation time: 00 hr 00 min 04 sec)
Heartbeat CPU 0 instructions: 1500001 cycles: 1521375 heartbeat IPC: 0.9878 cumulative IPC: 0.986 (Simulation time: 00 hr 00 min 07 sec)
Heartbeat CPU 0 instructions: 2000006 cycles: 1874884 heartbeat IPC: 1.414 cumulative IPC: 1.067 (Simulation time: 00 hr 00 min 08 sec)
Heartbeat CPU 0 instructions: 2500008 cycles: 1984652 heartbeat IPC: 4.555 cumulative IPC: 1.26 (Simulation time: 00 hr 00 min 10 sec)
Heartbeat CPU 0 instructions: 3000013 cycles: 2088187 heartbeat IPC: 4.829 cumulative IPC: 1.437 (Simulation time: 00 hr 00 min 11 sec)
Heartbeat CPU 0 instructions: 3500015 cycles: 2199662 heartbeat IPC: 4.485 cumulative IPC: 1.591 (Simulation time: 00 hr 00 min 12 sec)
Heartbeat CPU 0 instructions: 4000019 cycles: 2303831 heartbeat IPC: 4.8 cumulative IPC: 1.736 (Simulation time: 00 hr 00 min 13 sec)
Heartbeat CPU 0 instructions: 4500019 cycles: 2414998 heartbeat IPC: 4.498 cumulative IPC: 1.863 (Simulation time: 00 hr 00 min 14 sec)
Heartbeat CPU 0 instructions: 5000020 cycles: 2519379 heartbeat IPC: 4.79 cumulative IPC: 1.985 (Simulation time: 00 hr 00 min 15 sec)
Heartbeat CPU 0 instructions: 5500025 cycles: 2629458 heartbeat IPC: 4.542 cumulative IPC: 2.092 (Simulation time: 00 hr 00 min 16 sec)
Heartbeat CPU 0 instructions: 6000030 cycles: 2736117 heartbeat IPC: 4.688 cumulative IPC: 2.193 (Simulation time: 00 hr 00 min 17 sec)
Heartbeat CPU 0 instructions: 6500030 cycles: 2847309 heartbeat IPC: 4.497 cumulative IPC: 2.283 (Simulation time: 00 hr 00 min 19 sec)
Heartbeat CPU 0 instructions: 7000034 cycles: 2953989 heartbeat IPC: 4.687 cumulative IPC: 2.37 (Simulation time: 00 hr 00 min 20 sec)
Heartbeat CPU 0 instructions: 7500040 cycles: 3060368 heartbeat IPC: 4.7 cumulative IPC: 2.451 (Simulation time: 00 hr 00 min 21 sec)
Heartbeat CPU 0 instructions: 8000040 cycles: 3171004 heartbeat IPC: 4.519 cumulative IPC: 2.523 (Simulation time: 00 hr 00 min 22 sec)
Heartbeat CPU 0 instructions: 8500046 cycles: 3276595 heartbeat IPC: 4.735 cumulative IPC: 2.594 (Simulation time: 00 hr 00 min 23 sec)
Heartbeat CPU 0 instructions: 9000047 cycles: 3383816 heartbeat IPC: 4.663 cumulative IPC: 2.66 (Simulation time: 00 hr 00 min 24 sec)
Heartbeat CPU 0 instructions: 9500054 cycles: 3494158 heartbeat IPC: 4.531 cumulative IPC: 2.719 (Simulation time: 00 hr 00 min 26 sec)
Warmup finished CPU 0 instructions: 10000007 cycles: 3599306 cumulative IPC: 2.778 (Simulation time: 00 hr 00 min 27 sec)
Warmup complete CPU 0 instructions: 10000007 cycles: 3599306 cumulative IPC: 2.778 (Simulation time: 00 hr 00 min 27 sec)
Heartbeat CPU 0 instructions: 10000055 cycles: 3599312 heartbeat IPC: 4.755 cumulative IPC: 8 (Simulation time: 00 hr 00 min 27 sec)
Heartbeat CPU 0 instructions: 10500062 cycles: 6507217 heartbeat IPC: 0.1719 cumulative IPC: 0.172 (Simulation time: 00 hr 00 min 36 sec)
Heartbeat CPU 0 instructions: 11000062 cycles: 9317683 heartbeat IPC: 0.1779 cumulative IPC: 0.1749 (Simulation time: 00 hr 00 min 45 sec)
Heartbeat CPU 0 instructions: 11500065 cycles: 12088137 heartbeat IPC: 0.1805 cumulative IPC: 0.1767 (Simulation time: 00 hr 00 min 54 sec)
Heartbeat CPU 0 instructions: 12000065 cycles: 14819884 heartbeat IPC: 0.183 cumulative IPC: 0.1782 (Simulation time: 00 hr 01 min 03 sec)
Heartbeat CPU 0 instructions: 12500071 cycles: 17534715 heartbeat IPC: 0.1842 cumulative IPC: 0.1794 (Simulation time: 00 hr 01 min 12 sec)
Heartbeat CPU 0 instructions: 13000071 cycles: 20299032 heartbeat IPC: 0.1809 cumulative IPC: 0.1796 (Simulation time: 00 hr 01 min 21 sec)
Heartbeat CPU 0 instructions: 13500071 cycles: 23117489 heartbeat IPC: 0.1774 cumulative IPC: 0.1793 (Simulation time: 00 hr 01 min 30 sec)
Heartbeat CPU 0 instructions: 14000071 cycles: 25925443 heartbeat IPC: 0.1781 cumulative IPC: 0.1792 (Simulation time: 00 hr 01 min 39 sec)
Heartbeat CPU 0 instructions: 14500077 cycles: 28796913 heartbeat IPC: 0.1741 cumulative IPC: 0.1786 (Simulation time: 00 hr 01 min 49 sec)
Heartbeat CPU 0 instructions: 15000080 cycles: 31712965 heartbeat IPC: 0.1715 cumulative IPC: 0.1779 (Simulation time: 00 hr 01 min 58 sec)
Heartbeat CPU 0 instructions: 15500082 cycles: 34582576 heartbeat IPC: 0.1742 cumulative IPC: 0.1775 (Simulation time: 00 hr 02 min 07 sec)
Heartbeat CPU 0 instructions: 16000084 cycles: 37579301 heartbeat IPC: 0.1668 cumulative IPC: 0.1766 (Simulation time: 00 hr 02 min 17 sec)
Heartbeat CPU 0 instructions: 16500084 cycles: 40318979 heartbeat IPC: 0.1825 cumulative IPC: 0.177 (Simulation time: 00 hr 02 min 25 sec)
Heartbeat CPU 0 instructions: 17000084 cycles: 43287948 heartbeat IPC: 0.1684 cumulative IPC: 0.1764 (Simulation time: 00 hr 02 min 35 sec)
Heartbeat CPU 0 instructions: 17500084 cycles: 46256260 heartbeat IPC: 0.1684 cumulative IPC: 0.1758 (Simulation time: 00 hr 02 min 44 sec)
Heartbeat CPU 0 instructions: 18000086 cycles: 49098698 heartbeat IPC: 0.1759 cumulative IPC: 0.1758 (Simulation time: 00 hr 02 min 54 sec)
Heartbeat CPU 0 instructions: 18500086 cycles: 51962373 heartbeat IPC: 0.1746 cumulative IPC: 0.1758 (Simulation time: 00 hr 03 min 03 sec)
Heartbeat CPU 0 instructions: 19000091 cycles: 55013556 heartbeat IPC: 0.1639 cumulative IPC: 0.1751 (Simulation time: 00 hr 03 min 13 sec)
Heartbeat CPU 0 instructions: 19500091 cycles: 57771642 heartbeat IPC: 0.1813 cumulative IPC: 0.1754 (Simulation time: 00 hr 03 min 21 sec)
Heartbeat CPU 0 instructions: 20000097 cycles: 60533927 heartbeat IPC: 0.181 cumulative IPC: 0.1756 (Simulation time: 00 hr 03 min 30 sec)
Heartbeat CPU 0 instructions: 20500098 cycles: 63319628 heartbeat IPC: 0.1795 cumulative IPC: 0.1758 (Simulation time: 00 hr 03 min 39 sec)
Heartbeat CPU 0 instructions: 21000105 cycles: 66128987 heartbeat IPC: 0.178 cumulative IPC: 0.1759 (Simulation time: 00 hr 03 min 48 sec)
Heartbeat CPU 0 instructions: 21500110 cycles: 69078997 heartbeat IPC: 0.1695 cumulative IPC: 0.1756 (Simulation time: 00 hr 03 min 58 sec)
Heartbeat CPU 0 instructions: 22000115 cycles: 71912914 heartbeat IPC: 0.1764 cumulative IPC: 0.1757 (Simulation time: 00 hr 04 min 07 sec)
Heartbeat CPU 0 instructions: 22500115 cycles: 74737313 heartbeat IPC: 0.177 cumulative IPC: 0.1757 (Simulation time: 00 hr 04 min 16 sec)
Heartbeat CPU 0 instructions: 23000119 cycles: 77512561 heartbeat IPC: 0.1802 cumulative IPC: 0.1759 (Simulation time: 00 hr 04 min 24 sec)
Heartbeat CPU 0 instructions: 23500122 cycles: 80346151 heartbeat IPC: 0.1765 cumulative IPC: 0.1759 (Simulation time: 00 hr 04 min 34 sec)
Heartbeat CPU 0 instructions: 24000125 cycles: 83179338 heartbeat IPC: 0.1765 cumulative IPC: 0.1759 (Simulation time: 00 hr 04 min 43 sec)
Heartbeat CPU 0 instructions: 24500128 cycles: 86026831 heartbeat IPC: 0.1756 cumulative IPC: 0.1759 (Simulation time: 00 hr 04 min 52 sec)
Heartbeat CPU 0 instructions: 25000128 cycles: 88915032 heartbeat IPC: 0.1731 cumulative IPC: 0.1758 (Simulation time: 00 hr 05 min 01 sec)
Heartbeat CPU 0 instructions: 25500131 cycles: 91746400 heartbeat IPC: 0.1766 cumulative IPC: 0.1758 (Simulation time: 00 hr 05 min 10 sec)
Heartbeat CPU 0 instructions: 26000131 cycles: 94858751 heartbeat IPC: 0.1607 cumulative IPC: 0.1753 (Simulation time: 00 hr 05 min 20 sec)
Heartbeat CPU 0 instructions: 26500136 cycles: 97765592 heartbeat IPC: 0.172 cumulative IPC: 0.1752 (Simulation time: 00 hr 05 min 29 sec)
Heartbeat CPU 0 instructions: 27000136 cycles: 100745318 heartbeat IPC: 0.1678 cumulative IPC: 0.175 (Simulation time: 00 hr 05 min 39 sec)
Heartbeat CPU 0 instructions: 27500136 cycles: 103586344 heartbeat IPC: 0.176 cumulative IPC: 0.175 (Simulation time: 00 hr 05 min 48 sec)
Heartbeat CPU 0 instructions: 28000136 cycles: 106421752 heartbeat IPC: 0.1763 cumulative IPC: 0.1751 (Simulation time: 00 hr 05 min 57 sec)
Heartbeat CPU 0 instructions: 28500136 cycles: 109201536 heartbeat IPC: 0.1799 cumulative IPC: 0.1752 (Simulation time: 00 hr 06 min 06 sec)
Heartbeat CPU 0 instructions: 29000139 cycles: 111999964 heartbeat IPC: 0.1787 cumulative IPC: 0.1753 (Simulation time: 00 hr 06 min 15 sec)
Heartbeat CPU 0 instructions: 29500139 cycles: 114823258 heartbeat IPC: 0.1771 cumulative IPC: 0.1753 (Simulation time: 00 hr 06 min 24 sec)
Heartbeat CPU 0 instructions: 30000144 cycles: 117628483 heartbeat IPC: 0.1782 cumulative IPC: 0.1754 (Simulation time: 00 hr 06 min 32 sec)
Heartbeat CPU 0 instructions: 30500149 cycles: 120413558 heartbeat IPC: 0.1795 cumulative IPC: 0.1755 (Simulation time: 00 hr 06 min 41 sec)
Heartbeat CPU 0 instructions: 31000149 cycles: 123433475 heartbeat IPC: 0.1656 cumulative IPC: 0.1752 (Simulation time: 00 hr 06 min 51 sec)
Heartbeat CPU 0 instructions: 31500154 cycles: 126303950 heartbeat IPC: 0.1742 cumulative IPC: 0.1752 (Simulation time: 00 hr 07 min 00 sec)
Heartbeat CPU 0 instructions: 32000157 cycles: 129174697 heartbeat IPC: 0.1742 cumulative IPC: 0.1752 (Simulation time: 00 hr 07 min 09 sec)
Heartbeat CPU 0 instructions: 32500157 cycles: 132130703 heartbeat IPC: 0.1691 cumulative IPC: 0.1751 (Simulation time: 00 hr 07 min 18 sec)
Heartbeat CPU 0 instructions: 33000160 cycles: 135144092 heartbeat IPC: 0.1659 cumulative IPC: 0.1748 (Simulation time: 00 hr 07 min 28 sec)
Heartbeat CPU 0 instructions: 33500162 cycles: 137968779 heartbeat IPC: 0.177 cumulative IPC: 0.1749 (Simulation time: 00 hr 07 min 37 sec)
Heartbeat CPU 0 instructions: 34000165 cycles: 140853522 heartbeat IPC: 0.1733 cumulative IPC: 0.1749 (Simulation time: 00 hr 07 min 46 sec)
Heartbeat CPU 0 instructions: 34500172 cycles: 143773505 heartbeat IPC: 0.1712 cumulative IPC: 0.1748 (Simulation time: 00 hr 07 min 55 sec)
Heartbeat CPU 0 instructions: 35000172 cycles: 146733720 heartbeat IPC: 0.1689 cumulative IPC: 0.1747 (Simulation time: 00 hr 08 min 04 sec)
Heartbeat CPU 0 instructions: 35500173 cycles: 149605696 heartbeat IPC: 0.1741 cumulative IPC: 0.1747 (Simulation time: 00 hr 08 min 13 sec)
Heartbeat CPU 0 instructions: 36000173 cycles: 152558420 heartbeat IPC: 0.1693 cumulative IPC: 0.1745 (Simulation time: 00 hr 08 min 23 sec)
Heartbeat CPU 0 instructions: 36500173 cycles: 155403764 heartbeat IPC: 0.1757 cumulative IPC: 0.1746 (Simulation time: 00 hr 08 min 32 sec)
Heartbeat CPU 0 instructions: 37000175 cycles: 158199692 heartbeat IPC: 0.1788 cumulative IPC: 0.1746 (Simulation time: 00 hr 08 min 41 sec)
Heartbeat CPU 0 instructions: 37500175 cycles: 161059192 heartbeat IPC: 0.1749 cumulative IPC: 0.1746 (Simulation time: 00 hr 08 min 50 sec)
Heartbeat CPU 0 instructions: 38000181 cycles: 164017320 heartbeat IPC: 0.169 cumulative IPC: 0.1745 (Simulation time: 00 hr 08 min 59 sec)
Heartbeat CPU 0 instructions: 38500185 cycles: 167026549 heartbeat IPC: 0.1662 cumulative IPC: 0.1744 (Simulation time: 00 hr 09 min 09 sec)
Heartbeat CPU 0 instructions: 39000186 cycles: 169931459 heartbeat IPC: 0.1721 cumulative IPC: 0.1744 (Simulation time: 00 hr 09 min 18 sec)
Heartbeat CPU 0 instructions: 39500189 cycles: 172816310 heartbeat IPC: 0.1733 cumulative IPC: 0.1743 (Simulation time: 00 hr 09 min 27 sec)
Heartbeat CPU 0 instructions: 40000194 cycles: 175724249 heartbeat IPC: 0.1719 cumulative IPC: 0.1743 (Simulation time: 00 hr 09 min 37 sec)
Heartbeat CPU 0 instructions: 40500199 cycles: 179211907 heartbeat IPC: 0.1434 cumulative IPC: 0.1737 (Simulation time: 00 hr 09 min 48 sec)
Heartbeat CPU 0 instructions: 41000201 cycles: 182113806 heartbeat IPC: 0.1723 cumulative IPC: 0.1737 (Simulation time: 00 hr 09 min 57 sec)
Heartbeat CPU 0 instructions: 41500204 cycles: 184965678 heartbeat IPC: 0.1753 cumulative IPC: 0.1737 (Simulation time: 00 hr 10 min 06 sec)
Heartbeat CPU 0 instructions: 42000205 cycles: 188250285 heartbeat IPC: 0.1522 cumulative IPC: 0.1733 (Simulation time: 00 hr 10 min 17 sec)
Heartbeat CPU 0 instructions: 42500205 cycles: 191073162 heartbeat IPC: 0.1771 cumulative IPC: 0.1734 (Simulation time: 00 hr 10 min 26 sec)
Heartbeat CPU 0 instructions: 43000210 cycles: 194051858 heartbeat IPC: 0.1679 cumulative IPC: 0.1733 (Simulation time: 00 hr 10 min 35 sec)
Heartbeat CPU 0 instructions: 43500217 cycles: 196929587 heartbeat IPC: 0.1738 cumulative IPC: 0.1733 (Simulation time: 00 hr 10 min 44 sec)
Heartbeat CPU 0 instructions: 44000224 cycles: 199811424 heartbeat IPC: 0.1735 cumulative IPC: 0.1733 (Simulation time: 00 hr 10 min 54 sec)
Heartbeat CPU 0 instructions: 44500231 cycles: 202739957 heartbeat IPC: 0.1707 cumulative IPC: 0.1732 (Simulation time: 00 hr 11 min 03 sec)
Heartbeat CPU 0 instructions: 45000234 cycles: 205628102 heartbeat IPC: 0.1731 cumulative IPC: 0.1732 (Simulation time: 00 hr 11 min 13 sec)
Heartbeat CPU 0 instructions: 45500234 cycles: 208461270 heartbeat IPC: 0.1765 cumulative IPC: 0.1733 (Simulation time: 00 hr 11 min 22 sec)
Heartbeat CPU 0 instructions: 46000235 cycles: 211421215 heartbeat IPC: 0.1689 cumulative IPC: 0.1732 (Simulation time: 00 hr 11 min 31 sec)
Heartbeat CPU 0 instructions: 46500237 cycles: 214313979 heartbeat IPC: 0.1728 cumulative IPC: 0.1732 (Simulation time: 00 hr 11 min 40 sec)
Heartbeat CPU 0 instructions: 47000243 cycles: 217317474 heartbeat IPC: 0.1665 cumulative IPC: 0.1731 (Simulation time: 00 hr 11 min 50 sec)
Heartbeat CPU 0 instructions: 47500244 cycles: 220549999 heartbeat IPC: 0.1547 cumulative IPC: 0.1729 (Simulation time: 00 hr 12 min 00 sec)
Heartbeat CPU 0 instructions: 48000244 cycles: 223472965 heartbeat IPC: 0.1711 cumulative IPC: 0.1728 (Simulation time: 00 hr 12 min 09 sec)
Heartbeat CPU 0 instructions: 48500249 cycles: 226403704 heartbeat IPC: 0.1706 cumulative IPC: 0.1728 (Simulation time: 00 hr 12 min 18 sec)
Heartbeat CPU 0 instructions: 49000249 cycles: 229424292 heartbeat IPC: 0.1655 cumulative IPC: 0.1727 (Simulation time: 00 hr 12 min 28 sec)
Heartbeat CPU 0 instructions: 49500254 cycles: 232423904 heartbeat IPC: 0.1667 cumulative IPC: 0.1726 (Simulation time: 00 hr 12 min 37 sec)
Heartbeat CPU 0 instructions: 50000257 cycles: 235394893 heartbeat IPC: 0.1683 cumulative IPC: 0.1726 (Simulation time: 00 hr 12 min 47 sec)
Heartbeat CPU 0 instructions: 50500261 cycles: 238376026 heartbeat IPC: 0.1677 cumulative IPC: 0.1725 (Simulation time: 00 hr 12 min 56 sec)
Heartbeat CPU 0 instructions: 51000261 cycles: 241345956 heartbeat IPC: 0.1684 cumulative IPC: 0.1725 (Simulation time: 00 hr 13 min 06 sec)
Heartbeat CPU 0 instructions: 51500267 cycles: 244631239 heartbeat IPC: 0.1522 cumulative IPC: 0.1722 (Simulation time: 00 hr 13 min 16 sec)
Heartbeat CPU 0 instructions: 52000268 cycles: 247583931 heartbeat IPC: 0.1693 cumulative IPC: 0.1721 (Simulation time: 00 hr 13 min 25 sec)
Heartbeat CPU 0 instructions: 52500271 cycles: 250474870 heartbeat IPC: 0.173 cumulative IPC: 0.1722 (Simulation time: 00 hr 13 min 35 sec)
Heartbeat CPU 0 instructions: 53000276 cycles: 253707563 heartbeat IPC: 0.1547 cumulative IPC: 0.1719 (Simulation time: 00 hr 13 min 45 sec)
Heartbeat CPU 0 instructions: 53500281 cycles: 256532575 heartbeat IPC: 0.177 cumulative IPC: 0.172 (Simulation time: 00 hr 13 min 54 sec)
Heartbeat CPU 0 instructions: 54000282 cycles: 259351751 heartbeat IPC: 0.1774 cumulative IPC: 0.172 (Simulation time: 00 hr 14 min 03 sec)
Heartbeat CPU 0 instructions: 54500282 cycles: 262214557 heartbeat IPC: 0.1747 cumulative IPC: 0.1721 (Simulation time: 00 hr 14 min 12 sec)
Heartbeat CPU 0 instructions: 55000289 cycles: 265170274 heartbeat IPC: 0.1692 cumulative IPC: 0.172 (Simulation time: 00 hr 14 min 21 sec)
Heartbeat CPU 0 instructions: 55500289 cycles: 268149145 heartbeat IPC: 0.1678 cumulative IPC: 0.172 (Simulation time: 00 hr 14 min 30 sec)
Heartbeat CPU 0 instructions: 56000291 cycles: 271064597 heartbeat IPC: 0.1715 cumulative IPC: 0.172 (Simulation time: 00 hr 14 min 40 sec)
Heartbeat CPU 0 instructions: 56500293 cycles: 273887282 heartbeat IPC: 0.1771 cumulative IPC: 0.172 (Simulation time: 00 hr 14 min 48 sec)
Heartbeat CPU 0 instructions: 57000298 cycles: 276822536 heartbeat IPC: 0.1703 cumulative IPC: 0.172 (Simulation time: 00 hr 14 min 58 sec)
Heartbeat CPU 0 instructions: 57500299 cycles: 279786802 heartbeat IPC: 0.1687 cumulative IPC: 0.172 (Simulation time: 00 hr 15 min 07 sec)
Heartbeat CPU 0 instructions: 58000299 cycles: 283117807 heartbeat IPC: 0.1501 cumulative IPC: 0.1717 (Simulation time: 00 hr 15 min 18 sec)
Heartbeat CPU 0 instructions: 58500300 cycles: 286096841 heartbeat IPC: 0.1678 cumulative IPC: 0.1717 (Simulation time: 00 hr 15 min 27 sec)
Heartbeat CPU 0 instructions: 59000301 cycles: 288897543 heartbeat IPC: 0.1785 cumulative IPC: 0.1718 (Simulation time: 00 hr 15 min 36 sec)
Heartbeat CPU 0 instructions: 59500303 cycles: 291709552 heartbeat IPC: 0.1778 cumulative IPC: 0.1718 (Simulation time: 00 hr 15 min 45 sec)
Simulation finished CPU 0 instructions: 50000000 cycles: 290938700 cumulative IPC: 0.1719 (Simulation time: 00 hr 15 min 54 sec)
Simulation complete CPU 0 instructions: 50000000 cycles: 290938700 cumulative IPC: 0.1719 (Simulation time: 00 hr 15 min 54 sec)

ChampSim completed all CPUs

=== Simulation ===
CPU 0 runs traces/bc-12.trace.gz

Region of Interest Statistics

CPU 0 cumulative IPC: 0.1719 instructions: 50000000 cycles: 290938700
CPU 0 Branch Prediction Accuracy: 84.24% MPKI: 27.38 Average ROB Occupancy at Mispredict: 37.6
Branch type MPKI
BRANCH_DIRECT_JUMP: 0
BRANCH_INDIRECT: 0
BRANCH_CONDITIONAL: 27.38
BRANCH_DIRECT_CALL: 0
BRANCH_INDIRECT_CALL: 0
BRANCH_RETURN: 0

cpu0->cpu0_STLB TOTAL        ACCESS:    1668459 HIT:     899482 MISS:     768977 MSHR_MERGE:          0
cpu0->cpu0_STLB LOAD         ACCESS:    1668459 HIT:     899482 MISS:     768977 MSHR_MERGE:          0
cpu0->cpu0_STLB RFO          ACCESS:          0 HIT:          0 MISS:          0 MSHR_MERGE:          0
cpu0->cpu0_STLB PREFETCH     ACCESS:          0 HIT:          0 MISS:          0 MSHR_MERGE:          0
cpu0->cpu0_STLB WRITE        ACCESS:          0 HIT:          0 MISS:          0 MSHR_MERGE:          0
cpu0->cpu0_STLB TRANSLATION  ACCESS:          0 HIT:          0 MISS:          0 MSHR_MERGE:          0
cpu0->cpu0_STLB PREFETCH REQUESTED:          0 ISSUED:          0 USEFUL:          0 USELESS:          0
cpu0->cpu0_STLB AVERAGE MISS LATENCY: 16.36 cycles
cpu0->cpu0_L2C TOTAL        ACCESS:    7018001 HIT:    4211559 MISS:    2806442 MSHR_MERGE:      52523
cpu0->cpu0_L2C LOAD         ACCESS:    4106878 HIT:    1844674 MISS:    2262204 MSHR_MERGE:      14246
cpu0->cpu0_L2C RFO          ACCESS:      27610 HIT:       2532 MISS:      25078 MSHR_MERGE:          0
cpu0->cpu0_L2C PREFETCH     ACCESS:    1094941 HIT:     578800 MISS:     516141 MSHR_MERGE:      38277
cpu0->cpu0_L2C WRITE        ACCESS:    1528904 HIT:    1528890 MISS:         14 MSHR_MERGE:          0
cpu0->cpu0_L2C TRANSLATION  ACCESS:     259668 HIT:     256663 MISS:       3005 MSHR_MERGE:          0
cpu0->cpu0_L2C PREFETCH REQUESTED:    1095536 ISSUED:    1094939 USEFUL:     221425 USELESS:     240649
cpu0->cpu0_L2C AVERAGE MISS LATENCY: 220 cycles
cpu0->cpu0_L1I TOTAL        ACCESS:     120858 HIT:     120858 MISS:          0 MSHR_MERGE:          0
cpu0->cpu0_L1I LOAD         ACCESS:     120858 HIT:     120858 MISS:          0 MSHR_MERGE:          0
cpu0->cpu0_L1I RFO          ACCESS:          0 HIT:          0 MISS:          0 MSHR_MERGE:          0
cpu0->cpu0_L1I PREFETCH     ACCESS:          0 HIT:          0 MISS:          0 MSHR_MERGE:          0
cpu0->cpu0_L1I WRITE        ACCESS:          0 HIT:          0 MISS:          0 MSHR_MERGE:          0
cpu0->cpu0_L1I TRANSLATION  ACCESS:          0 HIT:          0 MISS:          0 MSHR_MERGE:          0
cpu0->cpu0_L1I PREFETCH REQUESTED:          0 ISSUED:          0 USEFUL:          0 USELESS:          0
cpu0->cpu0_L1I AVERAGE MISS LATENCY: - cycles
cpu0->cpu0_L1D TOTAL        ACCESS:   18062948 HIT:   13443131 MISS:    4619817 MSHR_MERGE:     225663
cpu0->cpu0_L1D LOAD         ACCESS:   13442921 HIT:    9164782 MISS:    4278139 MSHR_MERGE:     171262
cpu0->cpu0_L1D RFO          ACCESS:          0 HIT:          0 MISS:          0 MSHR_MERGE:          0
cpu0->cpu0_L1D PREFETCH     ACCESS:          0 HIT:          0 MISS:          0 MSHR_MERGE:          0
cpu0->cpu0_L1D WRITE        ACCESS:    3108133 HIT:    3039375 MISS:      68758 MSHR_MERGE:      41148
cpu0->cpu0_L1D TRANSLATION  ACCESS:    1511894 HIT:    1238974 MISS:     272920 MSHR_MERGE:      13253
cpu0->cpu0_L1D PREFETCH REQUESTED:          0 ISSUED:          0 USEFUL:          0 USELESS:          0
cpu0->cpu0_L1D AVERAGE MISS LATENCY: 123.3 cycles
cpu0->cpu0_ITLB TOTAL        ACCESS:     107524 HIT:     107524 MISS:          0 MSHR_MERGE:          0
cpu0->cpu0_ITLB LOAD         ACCESS:     107524 HIT:     107524 MISS:          0 MSHR_MERGE:          0
cpu0->cpu0_ITLB RFO          ACCESS:          0 HIT:          0 MISS:          0 MSHR_MERGE:          0
cpu0->cpu0_ITLB PREFETCH     ACCESS:          0 HIT:          0 MISS:          0 MSHR_MERGE:          0
cpu0->cpu0_ITLB WRITE        ACCESS:          0 HIT:          0 MISS:          0 MSHR_MERGE:          0
cpu0->cpu0_ITLB TRANSLATION  ACCESS:          0 HIT:          0 MISS:          0 MSHR_MERGE:          0
cpu0->cpu0_ITLB PREFETCH REQUESTED:          0 ISSUED:          0 USEFUL:          0 USELESS:          0
cpu0->cpu0_ITLB AVERAGE MISS LATENCY: - cycles
cpu0->cpu0_DTLB TOTAL        ACCESS:   16376779 HIT:   14336196 MISS:    2040583 MSHR_MERGE:     372124
cpu0->cpu0_DTLB LOAD         ACCESS:   16376779 HIT:   14336196 MISS:    2040583 MSHR_MERGE:     372124
cpu0->cpu0_DTLB RFO          ACCESS:          0 HIT:          0 MISS:          0 MSHR_MERGE:          0
cpu0->cpu0_DTLB PREFETCH     ACCESS:          0 HIT:          0 MISS:          0 MSHR_MERGE:          0
cpu0->cpu0_DTLB WRITE        ACCESS:          0 HIT:          0 MISS:          0 MSHR_MERGE:          0
cpu0->cpu0_DTLB TRANSLATION  ACCESS:          0 HIT:          0 MISS:          0 MSHR_MERGE:          0
cpu0->cpu0_DTLB PREFETCH REQUESTED:          0 ISSUED:          0 USEFUL:          0 USELESS:          0
cpu0->cpu0_DTLB AVERAGE MISS LATENCY: 13 cycles
cpu0->LLC TOTAL        ACCESS:    3970651 HIT:    1638239 MISS:    2332412 MSHR_MERGE:       9948
cpu0->LLC LOAD         ACCESS:    2247958 HIT:     973370 MISS:    1274588 MSHR_MERGE:       1194
cpu0->LLC RFO          ACCESS:      25078 HIT:       5114 MISS:      19964 MSHR_MERGE:          0
cpu0->LLC PREFETCH     ACCESS:     477864 HIT:      71259 MISS:     406605 MSHR_MERGE:       8754
cpu0->LLC WRITE        ACCESS:    1216746 HIT:     588456 MISS:     628290 MSHR_MERGE:          0
cpu0->LLC TRANSLATION  ACCESS:       3005 HIT:         40 MISS:       2965 MSHR_MERGE:          0
cpu0->LLC PREFETCH REQUESTED:          0 ISSUED:          0 USEFUL:          0 USELESS:          0
cpu0->LLC AVERAGE MISS LATENCY: 237.4 cycles

DRAM Statistics

Channel 0 RQ ROW_BUFFER_HIT:      13072
  ROW_BUFFER_MISS:    1679970
  AVG DBUS CONGESTED CYCLE: 3.935
Channel 0 WQ ROW_BUFFER_HIT:     112547
  ROW_BUFFER_MISS:     611503
  FULL:          0
Channel 0 REFRESHES ISSUED:      24245
