[VMEM] WARNING: physical memory size is smaller than virtual memory size.

*** ChampSim Multicore Out-of-Order Simulator ***
Warmup Instructions: 10000000
Simulation Instructions: 50000000
Number of CPUs: 1
Page size: 4096
Core 0: traces/bfs-10.trace.gz
Off-chip DRAM Size: 64 GiB Channels: 1 Width: 64-bit Data Rate: 800 MT/s
Heartbeat CPU 0 instructions: 500001 cycles: 118963 heartbeat IPC: 4.203 cumulative IPC: 4.203 (Simulation time: 00 hr 00 min 01 sec)
Heartbeat CPU 0 instructions: 1000002 cycles: 233484 heartbeat IPC: 4.366 cumulative IPC: 4.283 (Simulation time: 00 hr 00 min 02 sec)
Heartbeat CPU 0 instructions: 1500006 cycles: 347548 heartbeat IPC: 4.384 cumulative IPC: 4.316 (Simulation time: 00 hr 00 min 03 sec)
Heartbeat CPU 0 instructions: 2000013 cycles: 462193 heartbeat IPC: 4.361 cumulative IPC: 4.327 (Simulation time: 00 hr 00 min 04 sec)
Heartbeat CPU 0 instructions: 2500014 cycles: 576600 heartbeat IPC: 4.37 cumulative IPC: 4.336 (Simulation time: 00 hr 00 min 05 sec)
Heartbeat CPU 0 instructions: 3000016 cycles: 690696 heartbeat IPC: 4.382 cumulative IPC: 4.343 (Simulation time: 00 hr 00 min 06 sec)
Heartbeat CPU 0 instructions: 3500020 cycles: 804984 heartbeat IPC: 4.375 cumulative IPC: 4.348 (Simulation time: 00 hr 00 min 07 sec)
Heartbeat CPU 0 instructions: 4000025 cycles: 918972 heartbeat IPC: 4.386 cumulative IPC: 4.353 (Simulation time: 00 hr 00 min 08 sec)
Heartbeat CPU 0 instructions: 4500028 cycles: 1032401 heartbeat IPC: 4.408 cumulative IPC: 4.359 (Simulation time: 00 hr 00 min 09 sec)
Heartbeat CPU 0 instructions: 5000035 cycles: 1147136 heartbeat IPC: 4.358 cumulative IPC: 4.359 (Simulation time: 00 hr 00 min 11 sec)
Heartbeat CPU 0 instructions: 5500036 cycles: 1261529 heartbeat IPC: 4.371 cumulative IPC: 4.36 (Simulation time: 00 hr 00 min 12 sec)
Heartbeat CPU 0 instructions: 6000042 cycles: 1375520 heartbeat IPC: 4.386 cumulative IPC: 4.362 (Simulation time: 00 hr 00 min 13 sec)
Heartbeat CPU 0 instructions: 6500049 cycles: 1488754 heartbeat IPC: 4.416 cumulative IPC: 4.366 (Simulation time: 00 hr 00 min 14 sec)
Heartbeat CPU 0 instructions: 7000052 cycles: 1602732 heartbeat IPC: 4.387 cumulative IPC: 4.368 (Simulation time: 00 hr 00 min 15 sec)
Heartbeat CPU 0 instructions: 7500052 cycles: 1717908 heartbeat IPC: 4.341 cumulative IPC: 4.366 (Simulation time: 00 hr 00 min 16 sec)
Heartbeat CPU 0 instructions: 8000054 cycles: 1831891 heartbeat IPC: 4.387 cumulative IPC: 4.367 (Simulation time: 00 hr 00 min 17 sec)
Heartbeat CPU 0 instructions: 8500060 cycles: 1946388 heartbeat IPC: 4.367 cumulative IPC: 4.367 (Simulation time: 00 hr 00 min 18 sec)
Heartbeat CPU 0 instructions: 9000064 cycles: 2060730 heartbeat IPC: 4.373 cumulative IPC: 4.367 (Simulation time: 00 hr 00 min 19 sec)
Heartbeat CPU 0 instructions: 9500070 cycles: 2174721 heartbeat IPC: 4.386 cumulative IPC: 4.368 (Simulation time: 00 hr 00 min 20 sec)
Warmup finished CPU 0 instructions: 10000002 cycles: 2289684 cumulative IPC: 4.367 (Simulation time: 00 hr 00 min 21 sec)
Warmup complete CPU 0 instructions: 10000002 cycles: 2289684 cumulative IPC: 4.367 (Simulation time: 00 hr 00 min 21 sec)
Heartbeat CPU 0 instructions: 10000075 cycles: 2289712 heartbeat IPC: 4.348 cumulative IPC: 2.607 (Simulation time: 00 hr 00 min 21 sec)
Heartbeat CPU 0 instructions: 10500075 cycles: 3443059 heartbeat IPC: 0.4335 cumulative IPC: 0.4336 (Simulation time: 00 hr 00 min 24 sec)
Heartbeat CPU 0 instructions: 11000076 cycles: 4910576 heartbeat IPC: 0.3407 cumulative IPC: 0.3816 (Simulation time: 00 hr 00 min 29 sec)
Heartbeat CPU 0 instructions: 11500077 cycles: 6395869 heartbeat IPC: 0.3366 cumulative IPC: 0.3653 (Simulation time: 00 hr 00 min 34 sec)
Heartbeat CPU 0 instructions: 12000077 cycles: 7883533 heartbeat IPC: 0.3361 cumulative IPC: 0.3575 (Simulation time: 00 hr 00 min 39 sec)
Heartbeat CPU 0 instructions: 12500078 cycles: 9366103 heartbeat IPC: 0.3373 cumulative IPC: 0.3533 (Simulation time: 00 hr 00 min 43 sec)
Heartbeat CPU 0 instructions: 13000078 cycles: 10854930 heartbeat IPC: 0.3358 cumulative IPC: 0.3503 (Simulation time: 00 hr 00 min 48 sec)
Heartbeat CPU 0 instructions: 13500080 cycles: 12311575 heartbeat IPC: 0.3433 cumulative IPC: 0.3492 (Simulation time: 00 hr 00 min 52 sec)
Heartbeat CPU 0 instructions: 14000081 cycles: 13774821 heartbeat IPC: 0.3417 cumulative IPC: 0.3483 (Simulation time: 00 hr 00 min 57 sec)
Heartbeat CPU 0 instructions: 14500081 cycles: 15245538 heartbeat IPC: 0.34 cumulative IPC: 0.3473 (Simulation time: 00 hr 01 min 01 sec)
Heartbeat CPU 0 instructions: 15000086 cycles: 16713397 heartbeat IPC: 0.3406 cumulative IPC: 0.3467 (Simulation time: 00 hr 01 min 06 sec)
Heartbeat CPU 0 instructions: 15500086 cycles: 18134974 heartbeat IPC: 0.3517 cumulative IPC: 0.3471 (Simulation time: 00 hr 01 min 10 sec)
Heartbeat CPU 0 instructions: 16000086 cycles: 19586103 heartbeat IPC: 0.3446 cumulative IPC: 0.3469 (Simulation time: 00 hr 01 min 15 sec)
Heartbeat CPU 0 instructions: 16500086 cycles: 21052402 heartbeat IPC: 0.341 cumulative IPC: 0.3464 (Simulation time: 00 hr 01 min 20 sec)
Heartbeat CPU 0 instructions: 17000090 cycles: 22506944 heartbeat IPC: 0.3438 cumulative IPC: 0.3462 (Simulation time: 00 hr 01 min 24 sec)
Heartbeat CPU 0 instructions: 17500094 cycles: 23980340 heartbeat IPC: 0.3394 cumulative IPC: 0.3458 (Simulation time: 00 hr 01 min 29 sec)
Heartbeat CPU 0 instructions: 18000094 cycles: 25415687 heartbeat IPC: 0.3483 cumulative IPC: 0.3459 (Simulation time: 00 hr 01 min 33 sec)
Heartbeat CPU 0 instructions: 18500094 cycles: 26897926 heartbeat IPC: 0.3373 cumulative IPC: 0.3454 (Simulation time: 00 hr 01 min 38 sec)
Heartbeat CPU 0 instructions: 19000094 cycles: 28364609 heartbeat IPC: 0.3409 cumulative IPC: 0.3452 (Simulation time: 00 hr 01 min 42 sec)
Heartbeat CPU 0 instructions: 19500094 cycles: 29815508 heartbeat IPC: 0.3446 cumulative IPC: 0.3451 (Simulation time: 00 hr 01 min 47 sec)
Heartbeat CPU 0 instructions: 20000094 cycles: 31269893 heartbeat IPC: 0.3438 cumulative IPC: 0.3451 (Simulation time: 00 hr 01 min 51 sec)
Heartbeat CPU 0 instructions: 20500094 cycles: 32721440 heartbeat IPC: 0.3445 cumulative IPC: 0.345 (Simulation time: 00 hr 01 min 56 sec)
Heartbeat CPU 0 instructions: 21000094 cycles: 34198602 heartbeat IPC: 0.3385 cumulative IPC: 0.3447 (Simulation time: 00 hr 02 min 00 sec)
Heartbeat CPU 0 instructions: 21500094 cycles: 35671636 heartbeat IPC: 0.3394 cumulative IPC: 0.3445 (Simulation time: 00 hr 02 min 05 sec)
Heartbeat CPU 0 instructions: 22000095 cycles: 37125085 heartbeat IPC: 0.344 cumulative IPC: 0.3445 (Simulation time: 00 hr 02 min 10 sec)
Heartbeat CPU 0 instructions: 22500095 cycles: 38590457 heartbeat IPC: 0.3412 cumulative IPC: 0.3443 (Simulation time: 00 hr 02 min 14 sec)
Heartbeat CPU 0 instructions: 23000095 cycles: 40027390 heartbeat IPC: 0.348 cumulative IPC: 0.3445 (Simulation time: 00 hr 02 min 19 sec)
Heartbeat CPU 0 instructions: 23500095 cycles: 41518888 heartbeat IPC: 0.3352 cumulative IPC: 0.3441 (Simulation time: 00 hr 02 min 23 sec)
Heartbeat CPU 0 instructions: 24000096 cycles: 42955810 heartbeat IPC: 0.348 cumulative IPC: 0.3443 (Simulation time: 00 hr 02 min 28 sec)
Heartbeat CPU 0 instructions: 24500097 cycles: 44422104 heartbeat IPC: 0.341 cumulative IPC: 0.3442 (Simulation time: 00 hr 02 min 33 sec)
Heartbeat CPU 0 instructions: 25000102 cycles: 45872350 heartbeat IPC: 0.3448 cumulative IPC: 0.3442 (Simulation time: 00 hr 02 min 37 sec)
Heartbeat CPU 0 instructions: 25500103 cycles: 47349071 heartbeat IPC: 0.3386 cumulative IPC: 0.344 (Simulation time: 00 hr 02 min 42 sec)
Heartbeat CPU 0 instructions: 26000103 cycles: 48831745 heartbeat IPC: 0.3372 cumulative IPC: 0.3438 (Simulation time: 00 hr 02 min 47 sec)
Heartbeat CPU 0 instructions: 26500109 cycles: 50301330 heartbeat IPC: 0.3402 cumulative IPC: 0.3437 (Simulation time: 00 hr 02 min 51 sec)
Heartbeat CPU 0 instructions: 27000109 cycles: 51764709 heartbeat IPC: 0.3417 cumulative IPC: 0.3436 (Simulation time: 00 hr 02 min 56 sec)
Heartbeat CPU 0 instructions: 27500110 cycles: 53218674 heartbeat IPC: 0.3439 cumulative IPC: 0.3436 (Simulation time: 00 hr 03 min 00 sec)
Heartbeat CPU 0 instructions: 28000110 cycles: 54661983 heartbeat IPC: 0.3464 cumulative IPC: 0.3437 (Simulation time: 00 hr 03 min 05 sec)
Heartbeat CPU 0 instructions: 28500116 cycles: 56120616 heartbeat IPC: 0.3428 cumulative IPC: 0.3437 (Simulation time: 00 hr 03 min 09 sec)
Heartbeat CPU 0 instructions: 29000118 cycles: 57571111 heartbeat IPC: 0.3447 cumulative IPC: 0.3437 (Simulation time: 00 hr 03 min 14 sec)
Heartbeat CPU 0 instructions: 29500119 cycles: 59020767 heartbeat IPC: 0.3449 cumulative IPC: 0.3437 (Simulation time: 00 hr 03 min 18 sec)
Heartbeat CPU 0 instructions: 30000123 cycles: 60453052 heartbeat IPC: 0.3491 cumulative IPC: 0.3439 (Simulation time: 00 hr 03 min 23 sec)
Heartbeat CPU 0 instructions: 30500125 cycles: 61925149 heartbeat IPC: 0.3397 cumulative IPC: 0.3438 (Simulation time: 00 hr 03 min 27 sec)
Heartbeat CPU 0 instructions: 31000125 cycles: 63383934 heartbeat IPC: 0.3428 cumulative IPC: 0.3437 (Simulation time: 00 hr 03 min 32 sec)
Heartbeat CPU 0 instructions: 31500126 cycles: 64854242 heartbeat IPC: 0.3401 cumulative IPC: 0.3436 (Simulation time: 00 hr 03 min 37 sec)
Heartbeat CPU 0 instructions: 32000132 cycles: 66318782 heartbeat IPC: 0.3414 cumulative IPC: 0.3436 (Simulation time: 00 hr 03 min 41 sec)
Heartbeat CPU 0 instructions: 32500132 cycles: 67785180 heartbeat IPC: 0.341 cumulative IPC: 0.3435 (Simulation time: 00 hr 03 min 46 sec)
Heartbeat CPU 0 instructions: 33000133 cycles: 69250815 heartbeat IPC: 0.3411 cumulative IPC: 0.3435 (Simulation time: 00 hr 03 min 50 sec)
Heartbeat CPU 0 instructions: 33500134 cycles: 70705510 heartbeat IPC: 0.3437 cumulative IPC: 0.3435 (Simulation time: 00 hr 03 min 55 sec)
Heartbeat CPU 0 instructions: 34000135 cycles: 72167378 heartbeat IPC: 0.342 cumulative IPC: 0.3435 (Simulation time: 00 hr 03 min 59 sec)
Heartbeat CPU 0 instructions: 34500135 cycles: 73616048 heartbeat IPC: 0.3451 cumulative IPC: 0.3435 (Simulation time: 00 hr 04 min 04 sec)
Heartbeat CPU 0 instructions: 35000137 cycles: 75076636 heartbeat IPC: 0.3423 cumulative IPC: 0.3435 (Simulation time: 00 hr 04 min 08 sec)
Heartbeat CPU 0 instructions: 35500138 cycles: 76554170 heartbeat IPC: 0.3384 cumulative IPC: 0.3434 (Simulation time: 00 hr 04 min 13 sec)
Heartbeat CPU 0 instructions: 36000143 cycles: 78032605 heartbeat IPC: 0.3382 cumulative IPC: 0.3433 (Simulation time: 00 hr 04 min 18 sec)
Heartbeat CPU 0 instructions: 36500144 cycles: 79485996 heartbeat IPC: 0.344 cumulative IPC: 0.3433 (Simulation time: 00 hr 04 min 22 sec)
Heartbeat CPU 0 instructions: 37000147 cycles: 80940146 heartbeat IPC: 0.3438 cumulative IPC: 0.3433 (Simulation time: 00 hr 04 min 27 sec)
Heartbeat CPU 0 instructions: 37500152 cycles: 82399283 heartbeat IPC: 0.3427 cumulative IPC: 0.3433 (Simulation time: 00 hr 04 min 31 sec)
Heartbeat CPU 0 instructions: 38000153 cycles: 83876720 heartbeat IPC: 0.3384 cumulative IPC: 0.3432 (Simulation time: 00 hr 04 min 36 sec)
Heartbeat CPU 0 instructions: 38500153 cycles: 85366586 heartbeat IPC: 0.3356 cumulative IPC: 0.3431 (Simulation time: 00 hr 04 min 40 sec)
Heartbeat CPU 0 instructions: 39000153 cycles: 86810973 heartbeat IPC: 0.3462 cumulative IPC: 0.3431 (Simulation time: 00 hr 04 min 45 sec)
Heartbeat CPU 0 instructions: 39500156 cycles: 88254181 heartbeat IPC: 0.3465 cumulative IPC: 0.3432 (Simulation time: 00 hr 04 min 49 sec)
Heartbeat CPU 0 instructions: 40000156 cycles: 89705959 heartbeat IPC: 0.3444 cumulative IPC: 0.3432 (Simulation time: 00 hr 04 min 54 sec)
Heartbeat CPU 0 instructions: 40500156 cycles: 91187554 heartbeat IPC: 0.3375 cumulative IPC: 0.3431 (Simulation time: 00 hr 04 min 58 sec)
Heartbeat CPU 0 instructions: 41000156 cycles: 92657322 heartbeat IPC: 0.3402 cumulative IPC: 0.343 (Simulation time: 00 hr 05 min 03 sec)
Heartbeat CPU 0 instructions: 41500156 cycles: 94101152 heartbeat IPC: 0.3463 cumulative IPC: 0.3431 (Simulation time: 00 hr 05 min 08 sec)
Heartbeat CPU 0 instructions: 42000156 cycles: 95570102 heartbeat IPC: 0.3404 cumulative IPC: 0.3431 (Simulation time: 00 hr 05 min 12 sec)
Heartbeat CPU 0 instructions: 42500157 cycles: 97006221 heartbeat IPC: 0.3482 cumulative IPC: 0.3431 (Simulation time: 00 hr 05 min 17 sec)
Heartbeat CPU 0 instructions: 43000163 cycles: 98482513 heartbeat IPC: 0.3387 cumulative IPC: 0.3431 (Simulation time: 00 hr 05 min 21 sec)
Heartbeat CPU 0 instructions: 43500167 cycles: 99921189 heartbeat IPC: 0.3475 cumulative IPC: 0.3431 (Simulation time: 00 hr 05 min 26 sec)
Heartbeat CPU 0 instructions: 44000168 cycles: 101383653 heartbeat IPC: 0.3419 cumulative IPC: 0.3431 (Simulation time: 00 hr 05 min 30 sec)
Heartbeat CPU 0 instructions: 44500171 cycles: 102861662 heartbeat IPC: 0.3383 cumulative IPC: 0.343 (Simulation time: 00 hr 05 min 35 sec)
Heartbeat CPU 0 instructions: 45000172 cycles: 104332814 heartbeat IPC: 0.3399 cumulative IPC: 0.343 (Simulation time: 00 hr 05 min 39 sec)
Heartbeat CPU 0 instructions: 45500172 cycles: 105805728 heartbeat IPC: 0.3395 cumulative IPC: 0.3429 (Simulation time: 00 hr 05 min 44 sec)
Heartbeat CPU 0 instructions: 46000175 cycles: 107264169 heartbeat IPC: 0.3428 cumulative IPC: 0.3429 (Simulation time: 00 hr 05 min 48 sec)
Heartbeat CPU 0 instructions: 46500175 cycles: 108713069 heartbeat IPC: 0.3451 cumulative IPC: 0.343 (Simulation time: 00 hr 05 min 53 sec)
Heartbeat CPU 0 instructions: 47000178 cycles: 110181256 heartbeat IPC: 0.3406 cumulative IPC: 0.3429 (Simulation time: 00 hr 05 min 57 sec)
Heartbeat CPU 0 instructions: 47500178 cycles: 111650285 heartbeat IPC: 0.3404 cumulative IPC: 0.3429 (Simulation time: 00 hr 06 min 02 sec)
Heartbeat CPU 0 instructions: 48000178 cycles: 113109393 heartbeat IPC: 0.3427 cumulative IPC: 0.3429 (Simulation time: 00 hr 06 min 07 sec)
Heartbeat CPU 0 instructions: 48500179 cycles: 114570227 heartbeat IPC: 0.3423 cumulative IPC: 0.3429 (Simulation time: 00 hr 06 min 11 sec)
Heartbeat CPU 0 instructions: 49000179 cycles: 116015957 heartbeat IPC: 0.3458 cumulative IPC: 0.3429 (Simulation time: 00 hr 06 min 16 sec)
Heartbeat CPU 0 instructions: 49500179 cycles: 117455752 heartbeat IPC: 0.3473 cumulative IPC: 0.343 (Simulation time: 00 hr 06 min 20 sec)
Heartbeat CPU 0 instructions: 50000179 cycles: 118910470 heartbeat IPC: 0.3437 cumulative IPC: 0.343 (Simulation time: 00 hr 06 min 25 sec)
Heartbeat CPU 0 instructions: 50500182 cycles: 120380228 heartbeat IPC: 0.3402 cumulative IPC: 0.343 (Simulation time: 00 hr 06 min 29 sec)
Heartbeat CPU 0 instructions: 51000182 cycles: 121857570 heartbeat IPC: 0.3384 cumulative IPC: 0.3429 (Simulation time: 00 hr 06 min 34 sec)
Heartbeat CPU 0 instructions: 51500182 cycles: 123332539 heartbeat IPC: 0.339 cumulative IPC: 0.3429 (Simulation time: 00 hr 06 min 38 sec)
Heartbeat CPU 0 instructions: 52000185 cycles: 124808998 heartbeat IPC: 0.3387 cumulative IPC: 0.3428 (Simulation time: 00 hr 06 min 43 sec)
Heartbeat CPU 0 instructions: 52500185 cycles: 126275232 heartbeat IPC: 0.341 cumulative IPC: 0.3428 (Simulation time: 00 hr 06 min 47 sec)
Heartbeat CPU 0 instructions: 53000185 cycles: 127750786 heartbeat IPC: 0.3389 cumulative IPC: 0.3427 (Simulation time: 00 hr 06 min 52 sec)
Heartbeat CPU 0 instructions: 53500187 cycles: 129217365 heartbeat IPC: 0.3409 cumulative IPC: 0.3427 (Simulation time: 00 hr 06 min 56 sec)
Heartbeat CPU 0 instructions: 54000187 cycles: 130687302 heartbeat IPC: 0.3402 cumulative IPC: 0.3427 (Simulation time: 00 hr 07 min 01 sec)
Heartbeat CPU 0 instructions: 54500193 cycles: 132165895 heartbeat IPC: 0.3382 cumulative IPC: 0.3426 (Simulation time: 00 hr 07 min 06 sec)
Heartbeat CPU 0 instructions: 55000197 cycles: 134130926 heartbeat IPC: 0.2545 cumulative IPC: 0.3413 (Simulation time: 00 hr 07 min 11 sec)
Heartbeat CPU 0 instructions: 55500197 cycles: 136510783 heartbeat IPC: 0.2101 cumulative IPC: 0.339 (Simulation time: 00 hr 07 min 18 sec)
Heartbeat CPU 0 instructions: 56000197 cycles: 138848408 heartbeat IPC: 0.2139 cumulative IPC: 0.3369 (Simulation time: 00 hr 07 min 25 sec)
Heartbeat CPU 0 instructions: 56500197 cycles: 141195351 heartbeat IPC: 0.213 cumulative IPC: 0.3348 (Simulation time: 00 hr 07 min 31 sec)
Heartbeat CPU 0 instructions: 57000197 cycles: 143550710 heartbeat IPC: 0.2123 cumulative IPC: 0.3327 (Simulation time: 00 hr 07 min 38 sec)
Heartbeat CPU 0 instructions: 57500201 cycles: 145904400 heartbeat IPC: 0.2124 cumulative IPC: 0.3307 (Simulation time: 00 hr 07 min 45 sec)
Heartbeat CPU 0 instructions: 58000202 cycles: 148241352 heartbeat IPC: 0.214 cumulative IPC: 0.3289 (Simulation time: 00 hr 07 min 52 sec)
Heartbeat CPU 0 instructions: 58500206 cycles: 150532884 heartbeat IPC: 0.2182 cumulative IPC: 0.3272 (Simulation time: 00 hr 07 min 59 sec)
Heartbeat CPU 0 instructions: 59000209 cycles: 152888420 heartbeat IPC: 0.2123 cumulative IPC: 0.3254 (Simulation time: 00 hr 08 min 06 sec)
Heartbeat CPU 0 instructions: 59500213 cycles: 155204860 heartbeat IPC: 0.2159 cumulative IPC: 0.3237 (Simulation time: 00 hr 08 min 12 sec)
Simulation finished CPU 0 instructions: 50000006 cycles: 155255686 cumulative IPC: 0.322 (Simulation time: 00 hr 08 min 19 sec)
Simulation complete CPU 0 instructions: 50000006 cycles: 155255686 cumulative IPC: 0.322 (Simulation time: 00 hr 08 min 19 sec)

ChampSim completed all CPUs

=== Simulation ===
CPU 0 runs traces/bfs-10.trace.gz

Region of Interest Statistics

CPU 0 cumulative IPC: 0.322 instructions: 50000006 cycles: 155255686
CPU 0 Branch Prediction Accuracy: 87.15% MPKI: 26.33 Average ROB Occupancy at Mispredict: 15.91
Branch type MPKI
BRANCH_DIRECT_JUMP: 0.00016
BRANCH_INDIRECT: 0
BRANCH_CONDITIONAL: 26.33
BRANCH_DIRECT_CALL: 0.00034
BRANCH_INDIRECT_CALL: 0
BRANCH_RETURN: 0.00038

cpu0->cpu0_STLB TOTAL        ACCESS:      41513 HIT:       5363 MISS:      36150 MSHR_MERGE:          0
cpu0->cpu0_STLB LOAD         ACCESS:      41513 HIT:       5363 MISS:      36150 MSHR_MERGE:          0
cpu0->cpu0_STLB RFO          ACCESS:          0 HIT:          0 MISS:          0 MSHR_MERGE:          0
cpu0->cpu0_STLB PREFETCH     ACCESS:          0 HIT:          0 MISS:          0 MSHR_MERGE:          0
cpu0->cpu0_STLB WRITE        ACCESS:          0 HIT:          0 MISS:          0 MSHR_MERGE:          0
cpu0->cpu0_STLB TRANSLATION  ACCESS:          0 HIT:          0 MISS:          0 MSHR_MERGE:          0
cpu0->cpu0_STLB PREFETCH REQUESTED:          0 ISSUED:          0 USEFUL:          0 USELESS:          0
cpu0->cpu0_STLB AVERAGE MISS LATENCY: 192.7 cycles
cpu0->cpu0_L2C TOTAL        ACCESS:    3709639 HIT:    2807643 MISS:     901996 MSHR_MERGE:      42530
cpu0->cpu0_L2C LOAD         ACCESS:    2403344 HIT:    1996976 MISS:     406368 MSHR_MERGE:      12708
cpu0->cpu0_L2C RFO          ACCESS:      10203 HIT:       3849 MISS:       6354 MSHR_MERGE:          0
cpu0->cpu0_L2C PREFETCH     ACCESS:    1185817 HIT:     702172 MISS:     483645 MSHR_MERGE:      29822
cpu0->cpu0_L2C WRITE        ACCESS:     101738 HIT:     101737 MISS:          1 MSHR_MERGE:          0
cpu0->cpu0_L2C TRANSLATION  ACCESS:       8537 HIT:       2909 MISS:       5628 MSHR_MERGE:          0
cpu0->cpu0_L2C PREFETCH REQUESTED:    1185888 ISSUED:    1185817 USEFUL:     317381 USELESS:     132413
cpu0->cpu0_L2C AVERAGE MISS LATENCY: 282 cycles
cpu0->cpu0_L1I TOTAL        ACCESS:      27565 HIT:      27524 MISS:         41 MSHR_MERGE:          3
cpu0->cpu0_L1I LOAD         ACCESS:      27565 HIT:      27524 MISS:         41 MSHR_MERGE:          3
cpu0->cpu0_L1I RFO          ACCESS:          0 HIT:          0 MISS:          0 MSHR_MERGE:          0
cpu0->cpu0_L1I PREFETCH     ACCESS:          0 HIT:          0 MISS:          0 MSHR_MERGE:          0
cpu0->cpu0_L1I WRITE        ACCESS:          0 HIT:          0 MISS:          0 MSHR_MERGE:          0
cpu0->cpu0_L1I TRANSLATION  ACCESS:          0 HIT:          0 MISS:          0 MSHR_MERGE:          0
cpu0->cpu0_L1I PREFETCH REQUESTED:          0 ISSUED:          0 USEFUL:          0 USELESS:          0
cpu0->cpu0_L1I AVERAGE MISS LATENCY: 401.5 cycles
cpu0->cpu0_L1D TOTAL        ACCESS:   12650896 HIT:    8926958 MISS:    3723938 MSHR_MERGE:    1301892
cpu0->cpu0_L1D LOAD         ACCESS:   11647038 HIT:    7996579 MISS:    3650459 MSHR_MERGE:    1247153
cpu0->cpu0_L1D RFO          ACCESS:          0 HIT:          0 MISS:          0 MSHR_MERGE:          0
cpu0->cpu0_L1D PREFETCH     ACCESS:          0 HIT:          0 MISS:          0 MSHR_MERGE:          0
cpu0->cpu0_L1D WRITE        ACCESS:     931675 HIT:     866996 MISS:      64679 MSHR_MERGE:      54476
cpu0->cpu0_L1D TRANSLATION  ACCESS:      72183 HIT:      63383 MISS:       8800 MSHR_MERGE:        263
cpu0->cpu0_L1D PREFETCH REQUESTED:          0 ISSUED:          0 USEFUL:          0 USELESS:          0
cpu0->cpu0_L1D AVERAGE MISS LATENCY: 56.9 cycles
cpu0->cpu0_ITLB TOTAL        ACCESS:      26719 HIT:      26717 MISS:          2 MSHR_MERGE:          1
cpu0->cpu0_ITLB LOAD         ACCESS:      26719 HIT:      26717 MISS:          2 MSHR_MERGE:          1
cpu0->cpu0_ITLB RFO          ACCESS:          0 HIT:          0 MISS:          0 MSHR_MERGE:          0
cpu0->cpu0_ITLB PREFETCH     ACCESS:          0 HIT:          0 MISS:          0 MSHR_MERGE:          0
cpu0->cpu0_ITLB WRITE        ACCESS:          0 HIT:          0 MISS:          0 MSHR_MERGE:          0
cpu0->cpu0_ITLB TRANSLATION  ACCESS:          0 HIT:          0 MISS:          0 MSHR_MERGE:          0
cpu0->cpu0_ITLB PREFETCH REQUESTED:          0 ISSUED:          0 USEFUL:          0 USELESS:          0
cpu0->cpu0_ITLB AVERAGE MISS LATENCY: 1341 cycles
cpu0->cpu0_DTLB TOTAL        ACCESS:   12561213 HIT:   12428511 MISS:     132702 MSHR_MERGE:      91190
cpu0->cpu0_DTLB LOAD         ACCESS:   12561213 HIT:   12428511 MISS:     132702 MSHR_MERGE:      91190
cpu0->cpu0_DTLB RFO          ACCESS:          0 HIT:          0 MISS:          0 MSHR_MERGE:          0
cpu0->cpu0_DTLB PREFETCH     ACCESS:          0 HIT:          0 MISS:          0 MSHR_MERGE:          0
cpu0->cpu0_DTLB WRITE        ACCESS:          0 HIT:          0 MISS:          0 MSHR_MERGE:          0
cpu0->cpu0_DTLB TRANSLATION  ACCESS:          0 HIT:          0 MISS:          0 MSHR_MERGE:          0
cpu0->cpu0_DTLB PREFETCH REQUESTED:          0 ISSUED:          0 USEFUL:          0 USELESS:          0
cpu0->cpu0_DTLB AVERAGE MISS LATENCY: 173.6 cycles
cpu0->LLC TOTAL        ACCESS:     961604 HIT:      31740 MISS:     929864 MSHR_MERGE:          0
cpu0->LLC LOAD         ACCESS:     393660 HIT:       2244 MISS:     391416 MSHR_MERGE:          0
cpu0->LLC RFO          ACCESS:       6354 HIT:          1 MISS:       6353 MSHR_MERGE:          0
cpu0->LLC PREFETCH     ACCESS:     453823 HIT:       8198 MISS:     445625 MSHR_MERGE:          0
cpu0->LLC WRITE        ACCESS:     102139 HIT:      21289 MISS:      80850 MSHR_MERGE:          0
cpu0->LLC TRANSLATION  ACCESS:       5628 HIT:          8 MISS:       5620 MSHR_MERGE:          0
cpu0->LLC PREFETCH REQUESTED:          0 ISSUED:          0 USEFUL:          0 USELESS:          0
cpu0->LLC AVERAGE MISS LATENCY: 223.6 cycles

DRAM Statistics

Channel 0 RQ ROW_BUFFER_HIT:      48399
  ROW_BUFFER_MISS:     800614
  AVG DBUS CONGESTED CYCLE: 4.683
Channel 0 WQ ROW_BUFFER_HIT:      28001
  ROW_BUFFER_MISS:      70511
  FULL:          0
Channel 0 REFRESHES ISSUED:      12938
