[VMEM] WARNING: physical memory size is smaller than virtual memory size.

*** ChampSim Multicore Out-of-Order Simulator ***
Warmup Instructions: 10000000
Simulation Instructions: 50000000
Number of CPUs: 1
Page size: 4096
Core 0: traces/bfs-14.trace.gz
Off-chip DRAM Size: 64 GiB Channels: 1 Width: 64-bit Data Rate: 800 MT/s
Heartbeat CPU 0 instructions: 500006 cycles: 118746 heartbeat IPC: 4.211 cumulative IPC: 4.211 (Simulation time: 00 hr 00 min 01 sec)
Heartbeat CPU 0 instructions: 1000009 cycles: 232555 heartbeat IPC: 4.393 cumulative IPC: 4.3 (Simulation time: 00 hr 00 min 02 sec)
Heartbeat CPU 0 instructions: 1500014 cycles: 347049 heartbeat IPC: 4.367 cumulative IPC: 4.322 (Simulation time: 00 hr 00 min 03 sec)
Heartbeat CPU 0 instructions: 2000018 cycles: 461206 heartbeat IPC: 4.38 cumulative IPC: 4.336 (Simulation time: 00 hr 00 min 04 sec)
Heartbeat CPU 0 instructions: 2500024 cycles: 575703 heartbeat IPC: 4.367 cumulative IPC: 4.343 (Simulation time: 00 hr 00 min 05 sec)
Heartbeat CPU 0 instructions: 3000026 cycles: 690095 heartbeat IPC: 4.371 cumulative IPC: 4.347 (Simulation time: 00 hr 00 min 07 sec)
Heartbeat CPU 0 instructions: 3500033 cycles: 803839 heartbeat IPC: 4.396 cumulative IPC: 4.354 (Simulation time: 00 hr 00 min 08 sec)
Heartbeat CPU 0 instructions: 4000039 cycles: 918065 heartbeat IPC: 4.377 cumulative IPC: 4.357 (Simulation time: 00 hr 00 min 09 sec)
Heartbeat CPU 0 instructions: 4500045 cycles: 1031981 heartbeat IPC: 4.389 cumulative IPC: 4.361 (Simulation time: 00 hr 00 min 10 sec)
Heartbeat CPU 0 instructions: 5000046 cycles: 1146976 heartbeat IPC: 4.348 cumulative IPC: 4.359 (Simulation time: 00 hr 00 min 11 sec)
Heartbeat CPU 0 instructions: 5500046 cycles: 1260972 heartbeat IPC: 4.386 cumulative IPC: 4.362 (Simulation time: 00 hr 00 min 12 sec)
Heartbeat CPU 0 instructions: 6000051 cycles: 1375645 heartbeat IPC: 4.36 cumulative IPC: 4.362 (Simulation time: 00 hr 00 min 13 sec)
Heartbeat CPU 0 instructions: 6500051 cycles: 1489527 heartbeat IPC: 4.391 cumulative IPC: 4.364 (Simulation time: 00 hr 00 min 14 sec)
Heartbeat CPU 0 instructions: 7000057 cycles: 1604541 heartbeat IPC: 4.347 cumulative IPC: 4.363 (Simulation time: 00 hr 00 min 15 sec)
Heartbeat CPU 0 instructions: 7500059 cycles: 1718972 heartbeat IPC: 4.369 cumulative IPC: 4.363 (Simulation time: 00 hr 00 min 16 sec)
Heartbeat CPU 0 instructions: 8000065 cycles: 1832581 heartbeat IPC: 4.401 cumulative IPC: 4.365 (Simulation time: 00 hr 00 min 17 sec)
Heartbeat CPU 0 instructions: 8500068 cycles: 1946188 heartbeat IPC: 4.401 cumulative IPC: 4.368 (Simulation time: 00 hr 00 min 18 sec)
Heartbeat CPU 0 instructions: 9000073 cycles: 2060622 heartbeat IPC: 4.369 cumulative IPC: 4.368 (Simulation time: 00 hr 00 min 19 sec)
Heartbeat CPU 0 instructions: 9500080 cycles: 2175680 heartbeat IPC: 4.346 cumulative IPC: 4.366 (Simulation time: 00 hr 00 min 20 sec)
Warmup finished CPU 0 instructions: 10000005 cycles: 2290144 cumulative IPC: 4.367 (Simulation time: 00 hr 00 min 21 sec)
Warmup complete CPU 0 instructions: 10000005 cycles: 2290144 cumulative IPC: 4.367 (Simulation time: 00 hr 00 min 21 sec)
Heartbeat CPU 0 instructions: 10000085 cycles: 2290154 heartbeat IPC: 4.368 cumulative IPC: 8 (Simulation time: 00 hr 00 min 21 sec)
Heartbeat CPU 0 instructions: 10500085 cycles: 3468345 heartbeat IPC: 0.4244 cumulative IPC: 0.4244 (Simulation time: 00 hr 00 min 26 sec)
Heartbeat CPU 0 instructions: 11000085 cycles: 4585879 heartbeat IPC: 0.4474 cumulative IPC: 0.4356 (Simulation time: 00 hr 00 min 30 sec)
Heartbeat CPU 0 instructions: 11500085 cycles: 6662761 heartbeat IPC: 0.2407 cumulative IPC: 0.3431 (Simulation time: 00 hr 00 min 36 sec)
Heartbeat CPU 0 instructions: 12000085 cycles: 8752422 heartbeat IPC: 0.2393 cumulative IPC: 0.3095 (Simulation time: 00 hr 00 min 42 sec)
Heartbeat CPU 0 instructions: 12500087 cycles: 10815787 heartbeat IPC: 0.2423 cumulative IPC: 0.2932 (Simulation time: 00 hr 00 min 48 sec)
Heartbeat CPU 0 instructions: 13000087 cycles: 12875962 heartbeat IPC: 0.2427 cumulative IPC: 0.2834 (Simulation time: 00 hr 00 min 53 sec)
Heartbeat CPU 0 instructions: 13500090 cycles: 14941671 heartbeat IPC: 0.242 cumulative IPC: 0.2767 (Simulation time: 00 hr 00 min 59 sec)
Heartbeat CPU 0 instructions: 14000091 cycles: 16990839 heartbeat IPC: 0.244 cumulative IPC: 0.2721 (Simulation time: 00 hr 01 min 05 sec)
Heartbeat CPU 0 instructions: 14500092 cycles: 19039311 heartbeat IPC: 0.2441 cumulative IPC: 0.2687 (Simulation time: 00 hr 01 min 11 sec)
Heartbeat CPU 0 instructions: 15000093 cycles: 21059981 heartbeat IPC: 0.2474 cumulative IPC: 0.2664 (Simulation time: 00 hr 01 min 16 sec)
Heartbeat CPU 0 instructions: 15500099 cycles: 23109841 heartbeat IPC: 0.2439 cumulative IPC: 0.2642 (Simulation time: 00 hr 01 min 22 sec)
Heartbeat CPU 0 instructions: 16000099 cycles: 25136733 heartbeat IPC: 0.2467 cumulative IPC: 0.2626 (Simulation time: 00 hr 01 min 28 sec)
Heartbeat CPU 0 instructions: 16500099 cycles: 27165701 heartbeat IPC: 0.2464 cumulative IPC: 0.2613 (Simulation time: 00 hr 01 min 33 sec)
Heartbeat CPU 0 instructions: 17000099 cycles: 29226925 heartbeat IPC: 0.2426 cumulative IPC: 0.2599 (Simulation time: 00 hr 01 min 39 sec)
Heartbeat CPU 0 instructions: 17500099 cycles: 31259303 heartbeat IPC: 0.246 cumulative IPC: 0.2589 (Simulation time: 00 hr 01 min 45 sec)
Heartbeat CPU 0 instructions: 18000099 cycles: 33275489 heartbeat IPC: 0.248 cumulative IPC: 0.2582 (Simulation time: 00 hr 01 min 51 sec)
Heartbeat CPU 0 instructions: 18500099 cycles: 35310055 heartbeat IPC: 0.2458 cumulative IPC: 0.2574 (Simulation time: 00 hr 01 min 56 sec)
Heartbeat CPU 0 instructions: 19000100 cycles: 37354473 heartbeat IPC: 0.2446 cumulative IPC: 0.2567 (Simulation time: 00 hr 02 min 02 sec)
Heartbeat CPU 0 instructions: 19500100 cycles: 39395239 heartbeat IPC: 0.245 cumulative IPC: 0.256 (Simulation time: 00 hr 02 min 08 sec)
Heartbeat CPU 0 instructions: 20000102 cycles: 41467333 heartbeat IPC: 0.2413 cumulative IPC: 0.2553 (Simulation time: 00 hr 02 min 13 sec)
Heartbeat CPU 0 instructions: 20500102 cycles: 43522556 heartbeat IPC: 0.2433 cumulative IPC: 0.2547 (Simulation time: 00 hr 02 min 19 sec)
Heartbeat CPU 0 instructions: 21000102 cycles: 45602332 heartbeat IPC: 0.2404 cumulative IPC: 0.254 (Simulation time: 00 hr 02 min 25 sec)
Heartbeat CPU 0 instructions: 21500102 cycles: 47657322 heartbeat IPC: 0.2433 cumulative IPC: 0.2535 (Simulation time: 00 hr 02 min 31 sec)
Heartbeat CPU 0 instructions: 22000107 cycles: 49731401 heartbeat IPC: 0.2411 cumulative IPC: 0.2529 (Simulation time: 00 hr 02 min 37 sec)
Heartbeat CPU 0 instructions: 22500108 cycles: 51810667 heartbeat IPC: 0.2405 cumulative IPC: 0.2524 (Simulation time: 00 hr 02 min 42 sec)
Heartbeat CPU 0 instructions: 23000114 cycles: 53870999 heartbeat IPC: 0.2427 cumulative IPC: 0.252 (Simulation time: 00 hr 02 min 48 sec)
Heartbeat CPU 0 instructions: 23500118 cycles: 55919861 heartbeat IPC: 0.244 cumulative IPC: 0.2517 (Simulation time: 00 hr 02 min 54 sec)
Heartbeat CPU 0 instructions: 24000121 cycles: 57965722 heartbeat IPC: 0.2444 cumulative IPC: 0.2515 (Simulation time: 00 hr 03 min 00 sec)
Heartbeat CPU 0 instructions: 24500123 cycles: 60022930 heartbeat IPC: 0.243 cumulative IPC: 0.2512 (Simulation time: 00 hr 03 min 05 sec)
Heartbeat CPU 0 instructions: 25000123 cycles: 62055609 heartbeat IPC: 0.246 cumulative IPC: 0.251 (Simulation time: 00 hr 03 min 11 sec)
Heartbeat CPU 0 instructions: 25500128 cycles: 64132510 heartbeat IPC: 0.2407 cumulative IPC: 0.2506 (Simulation time: 00 hr 03 min 17 sec)
Heartbeat CPU 0 instructions: 26000128 cycles: 66167580 heartbeat IPC: 0.2457 cumulative IPC: 0.2505 (Simulation time: 00 hr 03 min 23 sec)
Heartbeat CPU 0 instructions: 26500129 cycles: 68221991 heartbeat IPC: 0.2434 cumulative IPC: 0.2503 (Simulation time: 00 hr 03 min 28 sec)
Heartbeat CPU 0 instructions: 27000129 cycles: 70280401 heartbeat IPC: 0.2429 cumulative IPC: 0.25 (Simulation time: 00 hr 03 min 34 sec)
Heartbeat CPU 0 instructions: 27500130 cycles: 72347140 heartbeat IPC: 0.2419 cumulative IPC: 0.2498 (Simulation time: 00 hr 03 min 40 sec)
Heartbeat CPU 0 instructions: 28000130 cycles: 74379171 heartbeat IPC: 0.2461 cumulative IPC: 0.2497 (Simulation time: 00 hr 03 min 45 sec)
Heartbeat CPU 0 instructions: 28500132 cycles: 76430374 heartbeat IPC: 0.2438 cumulative IPC: 0.2495 (Simulation time: 00 hr 03 min 51 sec)
Heartbeat CPU 0 instructions: 29000135 cycles: 78476587 heartbeat IPC: 0.2444 cumulative IPC: 0.2494 (Simulation time: 00 hr 03 min 57 sec)
Heartbeat CPU 0 instructions: 29500135 cycles: 80552506 heartbeat IPC: 0.2409 cumulative IPC: 0.2492 (Simulation time: 00 hr 04 min 03 sec)
Heartbeat CPU 0 instructions: 30000135 cycles: 82598542 heartbeat IPC: 0.2444 cumulative IPC: 0.249 (Simulation time: 00 hr 04 min 08 sec)
Heartbeat CPU 0 instructions: 30500139 cycles: 84645109 heartbeat IPC: 0.2443 cumulative IPC: 0.2489 (Simulation time: 00 hr 04 min 14 sec)
Heartbeat CPU 0 instructions: 31000139 cycles: 86706973 heartbeat IPC: 0.2425 cumulative IPC: 0.2488 (Simulation time: 00 hr 04 min 20 sec)
Heartbeat CPU 0 instructions: 31500139 cycles: 88743231 heartbeat IPC: 0.2455 cumulative IPC: 0.2487 (Simulation time: 00 hr 04 min 25 sec)
Heartbeat CPU 0 instructions: 32000144 cycles: 90768126 heartbeat IPC: 0.2469 cumulative IPC: 0.2487 (Simulation time: 00 hr 04 min 31 sec)
Heartbeat CPU 0 instructions: 32500149 cycles: 92806131 heartbeat IPC: 0.2453 cumulative IPC: 0.2486 (Simulation time: 00 hr 04 min 37 sec)
Heartbeat CPU 0 instructions: 33000150 cycles: 94854949 heartbeat IPC: 0.244 cumulative IPC: 0.2485 (Simulation time: 00 hr 04 min 42 sec)
Heartbeat CPU 0 instructions: 33500150 cycles: 96935256 heartbeat IPC: 0.2403 cumulative IPC: 0.2483 (Simulation time: 00 hr 04 min 48 sec)
Heartbeat CPU 0 instructions: 34000151 cycles: 99005677 heartbeat IPC: 0.2415 cumulative IPC: 0.2482 (Simulation time: 00 hr 04 min 54 sec)
Heartbeat CPU 0 instructions: 34500155 cycles: 101079560 heartbeat IPC: 0.2411 cumulative IPC: 0.248 (Simulation time: 00 hr 05 min 00 sec)
Heartbeat CPU 0 instructions: 35000156 cycles: 103115446 heartbeat IPC: 0.2456 cumulative IPC: 0.248 (Simulation time: 00 hr 05 min 05 sec)
Heartbeat CPU 0 instructions: 35500156 cycles: 105140951 heartbeat IPC: 0.2469 cumulative IPC: 0.2479 (Simulation time: 00 hr 05 min 11 sec)
Heartbeat CPU 0 instructions: 36000156 cycles: 107175992 heartbeat IPC: 0.2457 cumulative IPC: 0.2479 (Simulation time: 00 hr 05 min 17 sec)
Heartbeat CPU 0 instructions: 36500157 cycles: 109230451 heartbeat IPC: 0.2434 cumulative IPC: 0.2478 (Simulation time: 00 hr 05 min 22 sec)
Heartbeat CPU 0 instructions: 37000160 cycles: 111273345 heartbeat IPC: 0.2448 cumulative IPC: 0.2477 (Simulation time: 00 hr 05 min 28 sec)
Heartbeat CPU 0 instructions: 37500160 cycles: 113322031 heartbeat IPC: 0.2441 cumulative IPC: 0.2477 (Simulation time: 00 hr 05 min 34 sec)
Heartbeat CPU 0 instructions: 38000167 cycles: 115394579 heartbeat IPC: 0.2413 cumulative IPC: 0.2476 (Simulation time: 00 hr 05 min 40 sec)
Heartbeat CPU 0 instructions: 38500171 cycles: 117895002 heartbeat IPC: 0.2 cumulative IPC: 0.2465 (Simulation time: 00 hr 05 min 47 sec)
Heartbeat CPU 0 instructions: 39000171 cycles: 120243832 heartbeat IPC: 0.2129 cumulative IPC: 0.2459 (Simulation time: 00 hr 05 min 53 sec)
Heartbeat CPU 0 instructions: 39500174 cycles: 122582034 heartbeat IPC: 0.2138 cumulative IPC: 0.2452 (Simulation time: 00 hr 06 min 00 sec)
Heartbeat CPU 0 instructions: 40000181 cycles: 124905789 heartbeat IPC: 0.2152 cumulative IPC: 0.2447 (Simulation time: 00 hr 06 min 06 sec)
Heartbeat CPU 0 instructions: 40500183 cycles: 127212246 heartbeat IPC: 0.2168 cumulative IPC: 0.2442 (Simulation time: 00 hr 06 min 13 sec)
Heartbeat CPU 0 instructions: 41000186 cycles: 129543622 heartbeat IPC: 0.2145 cumulative IPC: 0.2436 (Simulation time: 00 hr 06 min 20 sec)
Heartbeat CPU 0 instructions: 41500187 cycles: 131891901 heartbeat IPC: 0.2129 cumulative IPC: 0.2431 (Simulation time: 00 hr 06 min 26 sec)
Heartbeat CPU 0 instructions: 42000189 cycles: 134206121 heartbeat IPC: 0.2161 cumulative IPC: 0.2426 (Simulation time: 00 hr 06 min 33 sec)
Heartbeat CPU 0 instructions: 42500189 cycles: 136547121 heartbeat IPC: 0.2136 cumulative IPC: 0.2421 (Simulation time: 00 hr 06 min 40 sec)
Heartbeat CPU 0 instructions: 43000189 cycles: 138891396 heartbeat IPC: 0.2133 cumulative IPC: 0.2416 (Simulation time: 00 hr 06 min 46 sec)
Heartbeat CPU 0 instructions: 43500189 cycles: 141201709 heartbeat IPC: 0.2164 cumulative IPC: 0.2412 (Simulation time: 00 hr 06 min 53 sec)
Heartbeat CPU 0 instructions: 44000194 cycles: 143534630 heartbeat IPC: 0.2143 cumulative IPC: 0.2407 (Simulation time: 00 hr 06 min 59 sec)
Heartbeat CPU 0 instructions: 44500201 cycles: 145855000 heartbeat IPC: 0.2155 cumulative IPC: 0.2403 (Simulation time: 00 hr 07 min 06 sec)
Heartbeat CPU 0 instructions: 45000203 cycles: 148200137 heartbeat IPC: 0.2132 cumulative IPC: 0.2399 (Simulation time: 00 hr 07 min 12 sec)
Heartbeat CPU 0 instructions: 45500203 cycles: 150511604 heartbeat IPC: 0.2163 cumulative IPC: 0.2395 (Simulation time: 00 hr 07 min 19 sec)
Heartbeat CPU 0 instructions: 46000203 cycles: 152880211 heartbeat IPC: 0.2111 cumulative IPC: 0.2391 (Simulation time: 00 hr 07 min 25 sec)
Heartbeat CPU 0 instructions: 46500207 cycles: 155241860 heartbeat IPC: 0.2117 cumulative IPC: 0.2386 (Simulation time: 00 hr 07 min 32 sec)
Heartbeat CPU 0 instructions: 47000212 cycles: 157585392 heartbeat IPC: 0.2134 cumulative IPC: 0.2383 (Simulation time: 00 hr 07 min 39 sec)
Heartbeat CPU 0 instructions: 47500212 cycles: 159931818 heartbeat IPC: 0.2131 cumulative IPC: 0.2379 (Simulation time: 00 hr 07 min 45 sec)
Heartbeat CPU 0 instructions: 48000212 cycles: 162270605 heartbeat IPC: 0.2138 cumulative IPC: 0.2375 (Simulation time: 00 hr 07 min 52 sec)
Heartbeat CPU 0 instructions: 48500216 cycles: 164646051 heartbeat IPC: 0.2105 cumulative IPC: 0.2371 (Simulation time: 00 hr 07 min 58 sec)
Heartbeat CPU 0 instructions: 49000218 cycles: 166988448 heartbeat IPC: 0.2135 cumulative IPC: 0.2368 (Simulation time: 00 hr 08 min 05 sec)
Heartbeat CPU 0 instructions: 49500219 cycles: 169329414 heartbeat IPC: 0.2136 cumulative IPC: 0.2365 (Simulation time: 00 hr 08 min 11 sec)
Heartbeat CPU 0 instructions: 50000221 cycles: 171218430 heartbeat IPC: 0.2647 cumulative IPC: 0.2368 (Simulation time: 00 hr 08 min 17 sec)
Heartbeat CPU 0 instructions: 50500223 cycles: 172698736 heartbeat IPC: 0.3378 cumulative IPC: 0.2377 (Simulation time: 00 hr 08 min 21 sec)
Heartbeat CPU 0 instructions: 51000225 cycles: 174173417 heartbeat IPC: 0.3391 cumulative IPC: 0.2385 (Simulation time: 00 hr 08 min 26 sec)
Heartbeat CPU 0 instructions: 51500226 cycles: 175639964 heartbeat IPC: 0.3409 cumulative IPC: 0.2394 (Simulation time: 00 hr 08 min 30 sec)
Heartbeat CPU 0 instructions: 52000228 cycles: 177044424 heartbeat IPC: 0.356 cumulative IPC: 0.2403 (Simulation time: 00 hr 08 min 34 sec)
Heartbeat CPU 0 instructions: 52500231 cycles: 178443975 heartbeat IPC: 0.3573 cumulative IPC: 0.2413 (Simulation time: 00 hr 08 min 38 sec)
Heartbeat CPU 0 instructions: 53000231 cycles: 179850122 heartbeat IPC: 0.3556 cumulative IPC: 0.2422 (Simulation time: 00 hr 08 min 42 sec)
Heartbeat CPU 0 instructions: 53500232 cycles: 181204502 heartbeat IPC: 0.3692 cumulative IPC: 0.2431 (Simulation time: 00 hr 08 min 46 sec)
Heartbeat CPU 0 instructions: 54000233 cycles: 182572498 heartbeat IPC: 0.3655 cumulative IPC: 0.2441 (Simulation time: 00 hr 08 min 50 sec)
Heartbeat CPU 0 instructions: 54500233 cycles: 183926267 heartbeat IPC: 0.3693 cumulative IPC: 0.245 (Simulation time: 00 hr 08 min 54 sec)
Heartbeat CPU 0 instructions: 55000233 cycles: 185262156 heartbeat IPC: 0.3743 cumulative IPC: 0.2459 (Simulation time: 00 hr 08 min 58 sec)
Heartbeat CPU 0 instructions: 55500234 cycles: 186597251 heartbeat IPC: 0.3745 cumulative IPC: 0.2469 (Simulation time: 00 hr 09 min 02 sec)
Heartbeat CPU 0 instructions: 56000234 cycles: 187952139 heartbeat IPC: 0.369 cumulative IPC: 0.2478 (Simulation time: 00 hr 09 min 06 sec)
Heartbeat CPU 0 instructions: 56500234 cycles: 189290543 heartbeat IPC: 0.3736 cumulative IPC: 0.2487 (Simulation time: 00 hr 09 min 10 sec)
Heartbeat CPU 0 instructions: 57000234 cycles: 190649231 heartbeat IPC: 0.368 cumulative IPC: 0.2495 (Simulation time: 00 hr 09 min 14 sec)
Heartbeat CPU 0 instructions: 57500236 cycles: 191970936 heartbeat IPC: 0.3783 cumulative IPC: 0.2504 (Simulation time: 00 hr 09 min 18 sec)
Heartbeat CPU 0 instructions: 58000237 cycles: 193291816 heartbeat IPC: 0.3785 cumulative IPC: 0.2513 (Simulation time: 00 hr 09 min 21 sec)
Heartbeat CPU 0 instructions: 58500239 cycles: 194620322 heartbeat IPC: 0.3764 cumulative IPC: 0.2522 (Simulation time: 00 hr 09 min 26 sec)
Heartbeat CPU 0 instructions: 59000241 cycles: 195940004 heartbeat IPC: 0.3789 cumulative IPC: 0.253 (Simulation time: 00 hr 09 min 29 sec)
Heartbeat CPU 0 instructions: 59500243 cycles: 196420076 heartbeat IPC: 1.042 cumulative IPC: 0.255 (Simulation time: 00 hr 09 min 31 sec)
Simulation finished CPU 0 instructions: 50000006 cycles: 194230447 cumulative IPC: 0.2574 (Simulation time: 00 hr 09 min 32 sec)
Simulation complete CPU 0 instructions: 50000006 cycles: 194230447 cumulative IPC: 0.2574 (Simulation time: 00 hr 09 min 32 sec)

ChampSim completed all CPUs

=== Simulation ===
CPU 0 runs traces/bfs-14.trace.gz

Region of Interest Statistics

CPU 0 cumulative IPC: 0.2574 instructions: 50000006 cycles: 194230447
CPU 0 Branch Prediction Accuracy: 78.82% MPKI: 43.94 Average ROB Occupancy at Mispredict: 3.464
Branch type MPKI
BRANCH_DIRECT_JUMP: 0.00018
BRANCH_INDIRECT: 0
BRANCH_CONDITIONAL: 43.94
BRANCH_DIRECT_CALL: 0.0004
BRANCH_INDIRECT_CALL: 0
BRANCH_RETURN: 0.00044

cpu0->cpu0_STLB TOTAL        ACCESS:      67062 HIT:      10771 MISS:      56291 MSHR_MERGE:          0
cpu0->cpu0_STLB LOAD         ACCESS:      67062 HIT:      10771 MISS:      56291 MSHR_MERGE:          0
cpu0->cpu0_STLB RFO          ACCESS:          0 HIT:          0 MISS:          0 MSHR_MERGE:          0
cpu0->cpu0_STLB PREFETCH     ACCESS:          0 HIT:          0 MISS:          0 MSHR_MERGE:          0
cpu0->cpu0_STLB WRITE        ACCESS:          0 HIT:          0 MISS:          0 MSHR_MERGE:          0
cpu0->cpu0_STLB TRANSLATION  ACCESS:          0 HIT:          0 MISS:          0 MSHR_MERGE:          0
cpu0->cpu0_STLB PREFETCH REQUESTED:          0 ISSUED:          0 USEFUL:          0 USELESS:          0
cpu0->cpu0_STLB AVERAGE MISS LATENCY: 148.4 cycles
cpu0->cpu0_L2C TOTAL        ACCESS:    3816423 HIT:    2483601 MISS:    1332822 MSHR_MERGE:     133548
cpu0->cpu0_L2C LOAD         ACCESS:    1698467 HIT:    1223676 MISS:     474791 MSHR_MERGE:      29650
cpu0->cpu0_L2C RFO          ACCESS:      14047 HIT:       5366 MISS:       8681 MSHR_MERGE:          0
cpu0->cpu0_L2C PREFETCH     ACCESS:    1932296 HIT:    1092604 MISS:     839692 MSHR_MERGE:     103898
cpu0->cpu0_L2C WRITE        ACCESS:     160144 HIT:     160142 MISS:          2 MSHR_MERGE:          0
cpu0->cpu0_L2C TRANSLATION  ACCESS:      11469 HIT:       1813 MISS:       9656 MSHR_MERGE:          0
cpu0->cpu0_L2C PREFETCH REQUESTED:    1932848 ISSUED:    1932296 USEFUL:     567262 USELESS:     167983
cpu0->cpu0_L2C AVERAGE MISS LATENCY: 278.3 cycles
cpu0->cpu0_L1I TOTAL        ACCESS:     243151 HIT:     243105 MISS:         46 MSHR_MERGE:          4
cpu0->cpu0_L1I LOAD         ACCESS:     243151 HIT:     243105 MISS:         46 MSHR_MERGE:          4
cpu0->cpu0_L1I RFO          ACCESS:          0 HIT:          0 MISS:          0 MSHR_MERGE:          0
cpu0->cpu0_L1I PREFETCH     ACCESS:          0 HIT:          0 MISS:          0 MSHR_MERGE:          0
cpu0->cpu0_L1I WRITE        ACCESS:          0 HIT:          0 MISS:          0 MSHR_MERGE:          0
cpu0->cpu0_L1I TRANSLATION  ACCESS:          0 HIT:          0 MISS:          0 MSHR_MERGE:          0
cpu0->cpu0_L1I PREFETCH REQUESTED:          0 ISSUED:          0 USEFUL:          0 USELESS:          0
cpu0->cpu0_L1I AVERAGE MISS LATENCY: 325.4 cycles
cpu0->cpu0_L1D TOTAL        ACCESS:   13244484 HIT:   11110343 MISS:    2134141 MSHR_MERGE:     410200
cpu0->cpu0_L1D LOAD         ACCESS:   11736873 HIT:    9699354 MISS:    2037519 MSHR_MERGE:     339094
cpu0->cpu0_L1D RFO          ACCESS:          0 HIT:          0 MISS:          0 MSHR_MERGE:          0
cpu0->cpu0_L1D PREFETCH     ACCESS:          0 HIT:          0 MISS:          0 MSHR_MERGE:          0
cpu0->cpu0_L1D WRITE        ACCESS:    1394973 HIT:    1310007 MISS:      84966 MSHR_MERGE:      70919
cpu0->cpu0_L1D TRANSLATION  ACCESS:     112638 HIT:     100982 MISS:      11656 MSHR_MERGE:        187
cpu0->cpu0_L1D PREFETCH REQUESTED:          0 ISSUED:          0 USEFUL:          0 USELESS:          0
cpu0->cpu0_L1D AVERAGE MISS LATENCY: 87.9 cycles
cpu0->cpu0_ITLB TOTAL        ACCESS:     237644 HIT:     237642 MISS:          2 MSHR_MERGE:          1
cpu0->cpu0_ITLB LOAD         ACCESS:     237644 HIT:     237642 MISS:          2 MSHR_MERGE:          1
cpu0->cpu0_ITLB RFO          ACCESS:          0 HIT:          0 MISS:          0 MSHR_MERGE:          0
cpu0->cpu0_ITLB PREFETCH     ACCESS:          0 HIT:          0 MISS:          0 MSHR_MERGE:          0
cpu0->cpu0_ITLB WRITE        ACCESS:          0 HIT:          0 MISS:          0 MSHR_MERGE:          0
cpu0->cpu0_ITLB TRANSLATION  ACCESS:          0 HIT:          0 MISS:          0 MSHR_MERGE:          0
cpu0->cpu0_ITLB PREFETCH REQUESTED:          0 ISSUED:          0 USEFUL:          0 USELESS:          0
cpu0->cpu0_ITLB AVERAGE MISS LATENCY: 676 cycles
cpu0->cpu0_DTLB TOTAL        ACCESS:   13118797 HIT:   13030857 MISS:      87940 MSHR_MERGE:      20879
cpu0->cpu0_DTLB LOAD         ACCESS:   13118797 HIT:   13030857 MISS:      87940 MSHR_MERGE:      20879
cpu0->cpu0_DTLB RFO          ACCESS:          0 HIT:          0 MISS:          0 MSHR_MERGE:          0
cpu0->cpu0_DTLB PREFETCH     ACCESS:          0 HIT:          0 MISS:          0 MSHR_MERGE:          0
cpu0->cpu0_DTLB WRITE        ACCESS:          0 HIT:          0 MISS:          0 MSHR_MERGE:          0
cpu0->cpu0_DTLB TRANSLATION  ACCESS:          0 HIT:          0 MISS:          0 MSHR_MERGE:          0
cpu0->cpu0_DTLB PREFETCH REQUESTED:          0 ISSUED:          0 USEFUL:          0 USELESS:          0
cpu0->cpu0_DTLB AVERAGE MISS LATENCY: 130.4 cycles
cpu0->LLC TOTAL        ACCESS:    1357415 HIT:     109015 MISS:    1248400 MSHR_MERGE:         37
cpu0->LLC LOAD         ACCESS:     445141 HIT:      14413 MISS:     430728 MSHR_MERGE:          0
cpu0->LLC RFO          ACCESS:       8681 HIT:        478 MISS:       8203 MSHR_MERGE:          0
cpu0->LLC PREFETCH     ACCESS:     735794 HIT:      47731 MISS:     688063 MSHR_MERGE:         37
cpu0->LLC WRITE        ACCESS:     158143 HIT:      46366 MISS:     111777 MSHR_MERGE:          0
cpu0->LLC TRANSLATION  ACCESS:       9656 HIT:         27 MISS:       9629 MSHR_MERGE:          0
cpu0->LLC PREFETCH REQUESTED:          0 ISSUED:          0 USEFUL:          0 USELESS:          0
cpu0->LLC AVERAGE MISS LATENCY: 221.9 cycles

DRAM Statistics

Channel 0 RQ ROW_BUFFER_HIT:      66784
  ROW_BUFFER_MISS:    1069778
  AVG DBUS CONGESTED CYCLE: 4.596
Channel 0 WQ ROW_BUFFER_HIT:      41015
  ROW_BUFFER_MISS:      95919
  FULL:         55
Channel 0 REFRESHES ISSUED:      16186
