[VMEM] WARNING: physical memory size is smaller than virtual memory size.

*** ChampSim Multicore Out-of-Order Simulator ***
Warmup Instructions: 10000000
Simulation Instructions: 50000000
Number of CPUs: 1
Page size: 4096
Core 0: traces/cc-13.trace.gz
Off-chip DRAM Size: 64 GiB Channels: 1 Width: 64-bit Data Rate: 800 MT/s
Heartbeat CPU 0 instructions: 500004 cycles: 151759 heartbeat IPC: 3.295 cumulative IPC: 3.295 (Simulation time: 00 hr 00 min 01 sec)
Heartbeat CPU 0 instructions: 1000005 cycles: 299536 heartbeat IPC: 3.383 cumulative IPC: 3.339 (Simulation time: 00 hr 00 min 02 sec)
Heartbeat CPU 0 instructions: 1500005 cycles: 447161 heartbeat IPC: 3.387 cumulative IPC: 3.355 (Simulation time: 00 hr 00 min 03 sec)
Heartbeat CPU 0 instructions: 2000012 cycles: 557304 heartbeat IPC: 4.54 cumulative IPC: 3.589 (Simulation time: 00 hr 00 min 04 sec)
Heartbeat CPU 0 instructions: 2500012 cycles: 660539 heartbeat IPC: 4.843 cumulative IPC: 3.785 (Simulation time: 00 hr 00 min 05 sec)
Heartbeat CPU 0 instructions: 3000019 cycles: 763752 heartbeat IPC: 4.844 cumulative IPC: 3.928 (Simulation time: 00 hr 00 min 06 sec)
Heartbeat CPU 0 instructions: 3500026 cycles: 867224 heartbeat IPC: 4.832 cumulative IPC: 4.036 (Simulation time: 00 hr 00 min 07 sec)
Heartbeat CPU 0 instructions: 4000031 cycles: 971013 heartbeat IPC: 4.818 cumulative IPC: 4.119 (Simulation time: 00 hr 00 min 08 sec)
Heartbeat CPU 0 instructions: 4500032 cycles: 1074598 heartbeat IPC: 4.827 cumulative IPC: 4.188 (Simulation time: 00 hr 00 min 09 sec)
Heartbeat CPU 0 instructions: 5000039 cycles: 1177970 heartbeat IPC: 4.837 cumulative IPC: 4.245 (Simulation time: 00 hr 00 min 10 sec)
Heartbeat CPU 0 instructions: 5500041 cycles: 1281549 heartbeat IPC: 4.827 cumulative IPC: 4.292 (Simulation time: 00 hr 00 min 11 sec)
Heartbeat CPU 0 instructions: 6000043 cycles: 1385087 heartbeat IPC: 4.829 cumulative IPC: 4.332 (Simulation time: 00 hr 00 min 11 sec)
Heartbeat CPU 0 instructions: 6500046 cycles: 1488671 heartbeat IPC: 4.827 cumulative IPC: 4.366 (Simulation time: 00 hr 00 min 12 sec)
Heartbeat CPU 0 instructions: 7000050 cycles: 1592231 heartbeat IPC: 4.828 cumulative IPC: 4.396 (Simulation time: 00 hr 00 min 13 sec)
Heartbeat CPU 0 instructions: 7500051 cycles: 1696010 heartbeat IPC: 4.818 cumulative IPC: 4.422 (Simulation time: 00 hr 00 min 14 sec)
Heartbeat CPU 0 instructions: 8000051 cycles: 1799476 heartbeat IPC: 4.833 cumulative IPC: 4.446 (Simulation time: 00 hr 00 min 15 sec)
Heartbeat CPU 0 instructions: 8500054 cycles: 1903290 heartbeat IPC: 4.816 cumulative IPC: 4.466 (Simulation time: 00 hr 00 min 16 sec)
Heartbeat CPU 0 instructions: 9000058 cycles: 2007008 heartbeat IPC: 4.821 cumulative IPC: 4.484 (Simulation time: 00 hr 00 min 17 sec)
Heartbeat CPU 0 instructions: 9500060 cycles: 2110563 heartbeat IPC: 4.828 cumulative IPC: 4.501 (Simulation time: 00 hr 00 min 18 sec)
Warmup finished CPU 0 instructions: 10000004 cycles: 2214364 cumulative IPC: 4.516 (Simulation time: 00 hr 00 min 19 sec)
Warmup complete CPU 0 instructions: 10000004 cycles: 2214364 cumulative IPC: 4.516 (Simulation time: 00 hr 00 min 19 sec)
Heartbeat CPU 0 instructions: 10000062 cycles: 2214388 heartbeat IPC: 4.816 cumulative IPC: 2.417 (Simulation time: 00 hr 00 min 19 sec)
Heartbeat CPU 0 instructions: 10500062 cycles: 3545597 heartbeat IPC: 0.3756 cumulative IPC: 0.3756 (Simulation time: 00 hr 00 min 23 sec)
Heartbeat CPU 0 instructions: 11000063 cycles: 4895502 heartbeat IPC: 0.3704 cumulative IPC: 0.373 (Simulation time: 00 hr 00 min 27 sec)
Heartbeat CPU 0 instructions: 11500063 cycles: 6180009 heartbeat IPC: 0.3893 cumulative IPC: 0.3783 (Simulation time: 00 hr 00 min 32 sec)
Heartbeat CPU 0 instructions: 12000063 cycles: 7410117 heartbeat IPC: 0.4065 cumulative IPC: 0.3849 (Simulation time: 00 hr 00 min 36 sec)
Heartbeat CPU 0 instructions: 12500063 cycles: 8704298 heartbeat IPC: 0.3863 cumulative IPC: 0.3852 (Simulation time: 00 hr 00 min 40 sec)
Heartbeat CPU 0 instructions: 13000066 cycles: 10060517 heartbeat IPC: 0.3687 cumulative IPC: 0.3824 (Simulation time: 00 hr 00 min 44 sec)
Heartbeat CPU 0 instructions: 13500066 cycles: 11359072 heartbeat IPC: 0.385 cumulative IPC: 0.3827 (Simulation time: 00 hr 00 min 48 sec)
Heartbeat CPU 0 instructions: 14000066 cycles: 12747096 heartbeat IPC: 0.3602 cumulative IPC: 0.3798 (Simulation time: 00 hr 00 min 53 sec)
Heartbeat CPU 0 instructions: 14500066 cycles: 14170735 heartbeat IPC: 0.3512 cumulative IPC: 0.3764 (Simulation time: 00 hr 00 min 57 sec)
Heartbeat CPU 0 instructions: 15000068 cycles: 15675906 heartbeat IPC: 0.3322 cumulative IPC: 0.3714 (Simulation time: 00 hr 01 min 02 sec)
Heartbeat CPU 0 instructions: 15500068 cycles: 16926308 heartbeat IPC: 0.3999 cumulative IPC: 0.3739 (Simulation time: 00 hr 01 min 06 sec)
Heartbeat CPU 0 instructions: 16000068 cycles: 18222778 heartbeat IPC: 0.3857 cumulative IPC: 0.3748 (Simulation time: 00 hr 01 min 10 sec)
Heartbeat CPU 0 instructions: 16500070 cycles: 19464510 heartbeat IPC: 0.4027 cumulative IPC: 0.3768 (Simulation time: 00 hr 01 min 14 sec)
Heartbeat CPU 0 instructions: 17000071 cycles: 20685053 heartbeat IPC: 0.4097 cumulative IPC: 0.379 (Simulation time: 00 hr 01 min 18 sec)
Heartbeat CPU 0 instructions: 17500073 cycles: 22002774 heartbeat IPC: 0.3794 cumulative IPC: 0.379 (Simulation time: 00 hr 01 min 22 sec)
Heartbeat CPU 0 instructions: 18000074 cycles: 23326874 heartbeat IPC: 0.3776 cumulative IPC: 0.3789 (Simulation time: 00 hr 01 min 27 sec)
Heartbeat CPU 0 instructions: 18500079 cycles: 24695457 heartbeat IPC: 0.3653 cumulative IPC: 0.3781 (Simulation time: 00 hr 01 min 31 sec)
Heartbeat CPU 0 instructions: 19000083 cycles: 25994397 heartbeat IPC: 0.3849 cumulative IPC: 0.3785 (Simulation time: 00 hr 01 min 35 sec)
Heartbeat CPU 0 instructions: 19500083 cycles: 27491106 heartbeat IPC: 0.3341 cumulative IPC: 0.3758 (Simulation time: 00 hr 01 min 40 sec)
Heartbeat CPU 0 instructions: 20000087 cycles: 28797123 heartbeat IPC: 0.3828 cumulative IPC: 0.3762 (Simulation time: 00 hr 01 min 44 sec)
Heartbeat CPU 0 instructions: 20500088 cycles: 30113445 heartbeat IPC: 0.3798 cumulative IPC: 0.3764 (Simulation time: 00 hr 01 min 48 sec)
Heartbeat CPU 0 instructions: 21000088 cycles: 31358385 heartbeat IPC: 0.4016 cumulative IPC: 0.3774 (Simulation time: 00 hr 01 min 52 sec)
Heartbeat CPU 0 instructions: 21500089 cycles: 32608121 heartbeat IPC: 0.4001 cumulative IPC: 0.3784 (Simulation time: 00 hr 01 min 56 sec)
Heartbeat CPU 0 instructions: 22000091 cycles: 33939706 heartbeat IPC: 0.3755 cumulative IPC: 0.3782 (Simulation time: 00 hr 02 min 00 sec)
Heartbeat CPU 0 instructions: 22500091 cycles: 35269652 heartbeat IPC: 0.376 cumulative IPC: 0.3782 (Simulation time: 00 hr 02 min 04 sec)
Heartbeat CPU 0 instructions: 23000091 cycles: 36581895 heartbeat IPC: 0.381 cumulative IPC: 0.3783 (Simulation time: 00 hr 02 min 09 sec)
Heartbeat CPU 0 instructions: 23500091 cycles: 37835237 heartbeat IPC: 0.3989 cumulative IPC: 0.379 (Simulation time: 00 hr 02 min 13 sec)
Heartbeat CPU 0 instructions: 24000092 cycles: 38968157 heartbeat IPC: 0.4413 cumulative IPC: 0.3809 (Simulation time: 00 hr 02 min 17 sec)
Heartbeat CPU 0 instructions: 24500094 cycles: 40335407 heartbeat IPC: 0.3657 cumulative IPC: 0.3804 (Simulation time: 00 hr 02 min 21 sec)
Heartbeat CPU 0 instructions: 25000094 cycles: 41646647 heartbeat IPC: 0.3813 cumulative IPC: 0.3804 (Simulation time: 00 hr 02 min 25 sec)
Heartbeat CPU 0 instructions: 25500096 cycles: 42864065 heartbeat IPC: 0.4107 cumulative IPC: 0.3813 (Simulation time: 00 hr 02 min 30 sec)
Heartbeat CPU 0 instructions: 26000100 cycles: 44153896 heartbeat IPC: 0.3877 cumulative IPC: 0.3815 (Simulation time: 00 hr 02 min 34 sec)
Heartbeat CPU 0 instructions: 26500100 cycles: 45460396 heartbeat IPC: 0.3827 cumulative IPC: 0.3815 (Simulation time: 00 hr 02 min 38 sec)
Heartbeat CPU 0 instructions: 27000100 cycles: 46574166 heartbeat IPC: 0.4489 cumulative IPC: 0.3832 (Simulation time: 00 hr 02 min 42 sec)
Heartbeat CPU 0 instructions: 27500100 cycles: 47828489 heartbeat IPC: 0.3986 cumulative IPC: 0.3837 (Simulation time: 00 hr 02 min 46 sec)
Heartbeat CPU 0 instructions: 28000105 cycles: 49023892 heartbeat IPC: 0.4183 cumulative IPC: 0.3845 (Simulation time: 00 hr 02 min 50 sec)
Heartbeat CPU 0 instructions: 28500106 cycles: 50252597 heartbeat IPC: 0.4069 cumulative IPC: 0.3851 (Simulation time: 00 hr 02 min 54 sec)
Heartbeat CPU 0 instructions: 29000106 cycles: 51434255 heartbeat IPC: 0.4231 cumulative IPC: 0.386 (Simulation time: 00 hr 02 min 58 sec)
Heartbeat CPU 0 instructions: 29500108 cycles: 52687249 heartbeat IPC: 0.399 cumulative IPC: 0.3863 (Simulation time: 00 hr 03 min 02 sec)
Heartbeat CPU 0 instructions: 30000108 cycles: 53964116 heartbeat IPC: 0.3916 cumulative IPC: 0.3865 (Simulation time: 00 hr 03 min 06 sec)
Heartbeat CPU 0 instructions: 30500108 cycles: 55309741 heartbeat IPC: 0.3716 cumulative IPC: 0.3861 (Simulation time: 00 hr 03 min 10 sec)
Heartbeat CPU 0 instructions: 31000108 cycles: 56550781 heartbeat IPC: 0.4029 cumulative IPC: 0.3865 (Simulation time: 00 hr 03 min 15 sec)
Heartbeat CPU 0 instructions: 31500110 cycles: 57688688 heartbeat IPC: 0.4394 cumulative IPC: 0.3876 (Simulation time: 00 hr 03 min 19 sec)
Heartbeat CPU 0 instructions: 32000110 cycles: 59039297 heartbeat IPC: 0.3702 cumulative IPC: 0.3872 (Simulation time: 00 hr 03 min 23 sec)
Heartbeat CPU 0 instructions: 32500110 cycles: 60303505 heartbeat IPC: 0.3955 cumulative IPC: 0.3873 (Simulation time: 00 hr 03 min 27 sec)
Heartbeat CPU 0 instructions: 33000111 cycles: 61538850 heartbeat IPC: 0.4047 cumulative IPC: 0.3877 (Simulation time: 00 hr 03 min 31 sec)
Heartbeat CPU 0 instructions: 33500111 cycles: 62744760 heartbeat IPC: 0.4146 cumulative IPC: 0.3882 (Simulation time: 00 hr 03 min 35 sec)
Heartbeat CPU 0 instructions: 34000114 cycles: 64029772 heartbeat IPC: 0.3891 cumulative IPC: 0.3883 (Simulation time: 00 hr 03 min 39 sec)
Heartbeat CPU 0 instructions: 34500114 cycles: 65336064 heartbeat IPC: 0.3828 cumulative IPC: 0.3881 (Simulation time: 00 hr 03 min 43 sec)
Heartbeat CPU 0 instructions: 35000115 cycles: 66518248 heartbeat IPC: 0.4229 cumulative IPC: 0.3888 (Simulation time: 00 hr 03 min 48 sec)
Heartbeat CPU 0 instructions: 35500120 cycles: 67874661 heartbeat IPC: 0.3686 cumulative IPC: 0.3884 (Simulation time: 00 hr 03 min 52 sec)
Heartbeat CPU 0 instructions: 36000123 cycles: 69231642 heartbeat IPC: 0.3685 cumulative IPC: 0.388 (Simulation time: 00 hr 03 min 57 sec)
Heartbeat CPU 0 instructions: 36500123 cycles: 70481222 heartbeat IPC: 0.4001 cumulative IPC: 0.3882 (Simulation time: 00 hr 04 min 01 sec)
Heartbeat CPU 0 instructions: 37000125 cycles: 71657223 heartbeat IPC: 0.4252 cumulative IPC: 0.3888 (Simulation time: 00 hr 04 min 05 sec)
Heartbeat CPU 0 instructions: 37500127 cycles: 72879344 heartbeat IPC: 0.4091 cumulative IPC: 0.3892 (Simulation time: 00 hr 04 min 09 sec)
Heartbeat CPU 0 instructions: 38000127 cycles: 74235155 heartbeat IPC: 0.3688 cumulative IPC: 0.3888 (Simulation time: 00 hr 04 min 13 sec)
Heartbeat CPU 0 instructions: 38500130 cycles: 75416296 heartbeat IPC: 0.4233 cumulative IPC: 0.3893 (Simulation time: 00 hr 04 min 17 sec)
Heartbeat CPU 0 instructions: 39000130 cycles: 76702800 heartbeat IPC: 0.3887 cumulative IPC: 0.3893 (Simulation time: 00 hr 04 min 22 sec)
Heartbeat CPU 0 instructions: 39500130 cycles: 77962033 heartbeat IPC: 0.3971 cumulative IPC: 0.3895 (Simulation time: 00 hr 04 min 26 sec)
Heartbeat CPU 0 instructions: 40000134 cycles: 79335023 heartbeat IPC: 0.3642 cumulative IPC: 0.389 (Simulation time: 00 hr 04 min 30 sec)
Heartbeat CPU 0 instructions: 40500138 cycles: 80492904 heartbeat IPC: 0.4318 cumulative IPC: 0.3896 (Simulation time: 00 hr 04 min 34 sec)
Heartbeat CPU 0 instructions: 41000140 cycles: 81894854 heartbeat IPC: 0.3566 cumulative IPC: 0.3891 (Simulation time: 00 hr 04 min 38 sec)
Heartbeat CPU 0 instructions: 41500144 cycles: 83199724 heartbeat IPC: 0.3832 cumulative IPC: 0.389 (Simulation time: 00 hr 04 min 43 sec)
Heartbeat CPU 0 instructions: 42000148 cycles: 84380827 heartbeat IPC: 0.4233 cumulative IPC: 0.3895 (Simulation time: 00 hr 04 min 47 sec)
Heartbeat CPU 0 instructions: 42500148 cycles: 85625247 heartbeat IPC: 0.4018 cumulative IPC: 0.3896 (Simulation time: 00 hr 04 min 51 sec)
Heartbeat CPU 0 instructions: 43000148 cycles: 86961289 heartbeat IPC: 0.3742 cumulative IPC: 0.3894 (Simulation time: 00 hr 04 min 55 sec)
Heartbeat CPU 0 instructions: 43500149 cycles: 88174452 heartbeat IPC: 0.4121 cumulative IPC: 0.3897 (Simulation time: 00 hr 04 min 59 sec)
Heartbeat CPU 0 instructions: 44000150 cycles: 89533449 heartbeat IPC: 0.3679 cumulative IPC: 0.3894 (Simulation time: 00 hr 05 min 03 sec)
Heartbeat CPU 0 instructions: 44500150 cycles: 90811639 heartbeat IPC: 0.3912 cumulative IPC: 0.3894 (Simulation time: 00 hr 05 min 08 sec)
Heartbeat CPU 0 instructions: 45000154 cycles: 92132641 heartbeat IPC: 0.3785 cumulative IPC: 0.3892 (Simulation time: 00 hr 05 min 12 sec)
Heartbeat CPU 0 instructions: 45500154 cycles: 93254501 heartbeat IPC: 0.4457 cumulative IPC: 0.3899 (Simulation time: 00 hr 05 min 16 sec)
Heartbeat CPU 0 instructions: 46000155 cycles: 94587547 heartbeat IPC: 0.3751 cumulative IPC: 0.3897 (Simulation time: 00 hr 05 min 20 sec)
Heartbeat CPU 0 instructions: 46500155 cycles: 95740705 heartbeat IPC: 0.4336 cumulative IPC: 0.3903 (Simulation time: 00 hr 05 min 24 sec)
Heartbeat CPU 0 instructions: 47000158 cycles: 96947810 heartbeat IPC: 0.4142 cumulative IPC: 0.3906 (Simulation time: 00 hr 05 min 28 sec)
Heartbeat CPU 0 instructions: 47500159 cycles: 98251668 heartbeat IPC: 0.3835 cumulative IPC: 0.3905 (Simulation time: 00 hr 05 min 32 sec)
Heartbeat CPU 0 instructions: 48000163 cycles: 99584210 heartbeat IPC: 0.3752 cumulative IPC: 0.3903 (Simulation time: 00 hr 05 min 37 sec)
Heartbeat CPU 0 instructions: 48500165 cycles: 100859467 heartbeat IPC: 0.3921 cumulative IPC: 0.3903 (Simulation time: 00 hr 05 min 41 sec)
Heartbeat CPU 0 instructions: 49000165 cycles: 101982606 heartbeat IPC: 0.4452 cumulative IPC: 0.3909 (Simulation time: 00 hr 05 min 45 sec)
Heartbeat CPU 0 instructions: 49500168 cycles: 103247625 heartbeat IPC: 0.3953 cumulative IPC: 0.391 (Simulation time: 00 hr 05 min 49 sec)
Heartbeat CPU 0 instructions: 50000168 cycles: 104401273 heartbeat IPC: 0.4334 cumulative IPC: 0.3914 (Simulation time: 00 hr 05 min 53 sec)
Heartbeat CPU 0 instructions: 50500169 cycles: 105704129 heartbeat IPC: 0.3838 cumulative IPC: 0.3913 (Simulation time: 00 hr 05 min 57 sec)
Heartbeat CPU 0 instructions: 51000172 cycles: 106979411 heartbeat IPC: 0.3921 cumulative IPC: 0.3914 (Simulation time: 00 hr 06 min 01 sec)
Heartbeat CPU 0 instructions: 51500174 cycles: 108262086 heartbeat IPC: 0.3898 cumulative IPC: 0.3913 (Simulation time: 00 hr 06 min 05 sec)
Heartbeat CPU 0 instructions: 52000174 cycles: 109469703 heartbeat IPC: 0.414 cumulative IPC: 0.3916 (Simulation time: 00 hr 06 min 10 sec)
Heartbeat CPU 0 instructions: 52500174 cycles: 110679717 heartbeat IPC: 0.4132 cumulative IPC: 0.3918 (Simulation time: 00 hr 06 min 14 sec)
Heartbeat CPU 0 instructions: 53000175 cycles: 111891488 heartbeat IPC: 0.4126 cumulative IPC: 0.3921 (Simulation time: 00 hr 06 min 18 sec)
Heartbeat CPU 0 instructions: 53500175 cycles: 113130224 heartbeat IPC: 0.4036 cumulative IPC: 0.3922 (Simulation time: 00 hr 06 min 22 sec)
Heartbeat CPU 0 instructions: 54000175 cycles: 114506531 heartbeat IPC: 0.3633 cumulative IPC: 0.3918 (Simulation time: 00 hr 06 min 26 sec)
Heartbeat CPU 0 instructions: 54500175 cycles: 115669793 heartbeat IPC: 0.4298 cumulative IPC: 0.3922 (Simulation time: 00 hr 06 min 30 sec)
Heartbeat CPU 0 instructions: 55000176 cycles: 116971806 heartbeat IPC: 0.384 cumulative IPC: 0.3921 (Simulation time: 00 hr 06 min 34 sec)
Heartbeat CPU 0 instructions: 55500176 cycles: 118222048 heartbeat IPC: 0.3999 cumulative IPC: 0.3922 (Simulation time: 00 hr 06 min 38 sec)
Heartbeat CPU 0 instructions: 56000178 cycles: 119561561 heartbeat IPC: 0.3733 cumulative IPC: 0.392 (Simulation time: 00 hr 06 min 43 sec)
Heartbeat CPU 0 instructions: 56500178 cycles: 120770366 heartbeat IPC: 0.4136 cumulative IPC: 0.3922 (Simulation time: 00 hr 06 min 47 sec)
Heartbeat CPU 0 instructions: 57000178 cycles: 122053886 heartbeat IPC: 0.3896 cumulative IPC: 0.3922 (Simulation time: 00 hr 06 min 51 sec)
Heartbeat CPU 0 instructions: 57500182 cycles: 123372088 heartbeat IPC: 0.3793 cumulative IPC: 0.3921 (Simulation time: 00 hr 06 min 55 sec)
Heartbeat CPU 0 instructions: 58000182 cycles: 124716538 heartbeat IPC: 0.3719 cumulative IPC: 0.3918 (Simulation time: 00 hr 07 min 00 sec)
Heartbeat CPU 0 instructions: 58500182 cycles: 126032097 heartbeat IPC: 0.3801 cumulative IPC: 0.3917 (Simulation time: 00 hr 07 min 04 sec)
Heartbeat CPU 0 instructions: 59000184 cycles: 127286234 heartbeat IPC: 0.3987 cumulative IPC: 0.3918 (Simulation time: 00 hr 07 min 08 sec)
Heartbeat CPU 0 instructions: 59500190 cycles: 128605744 heartbeat IPC: 0.3789 cumulative IPC: 0.3916 (Simulation time: 00 hr 07 min 12 sec)
Simulation finished CPU 0 instructions: 50000000 cycles: 127947924 cumulative IPC: 0.3908 (Simulation time: 00 hr 07 min 17 sec)
Simulation complete CPU 0 instructions: 50000000 cycles: 127947924 cumulative IPC: 0.3908 (Simulation time: 00 hr 07 min 17 sec)

ChampSim completed all CPUs

=== Simulation ===
CPU 0 runs traces/cc-13.trace.gz

Region of Interest Statistics

CPU 0 cumulative IPC: 0.3908 instructions: 50000000 cycles: 127947924
CPU 0 Branch Prediction Accuracy: 88.82% MPKI: 22.44 Average ROB Occupancy at Mispredict: 24.24
Branch type MPKI
BRANCH_DIRECT_JUMP: 0
BRANCH_INDIRECT: 0
BRANCH_CONDITIONAL: 22.44
BRANCH_DIRECT_CALL: 0
BRANCH_INDIRECT_CALL: 0
BRANCH_RETURN: 0

cpu0->cpu0_STLB TOTAL        ACCESS:    2430187 HIT:    2426521 MISS:       3666 MSHR_MERGE:          0
cpu0->cpu0_STLB LOAD         ACCESS:    2430187 HIT:    2426521 MISS:       3666 MSHR_MERGE:          0
cpu0->cpu0_STLB RFO          ACCESS:          0 HIT:          0 MISS:          0 MSHR_MERGE:          0
cpu0->cpu0_STLB PREFETCH     ACCESS:          0 HIT:          0 MISS:          0 MSHR_MERGE:          0
cpu0->cpu0_STLB WRITE        ACCESS:          0 HIT:          0 MISS:          0 MSHR_MERGE:          0
cpu0->cpu0_STLB TRANSLATION  ACCESS:          0 HIT:          0 MISS:          0 MSHR_MERGE:          0
cpu0->cpu0_STLB PREFETCH REQUESTED:          0 ISSUED:          0 USEFUL:          0 USELESS:          0
cpu0->cpu0_STLB AVERAGE MISS LATENCY: 256.9 cycles
cpu0->cpu0_L2C TOTAL        ACCESS:    5018879 HIT:    3684573 MISS:    1334306 MSHR_MERGE:      53292
cpu0->cpu0_L2C LOAD         ACCESS:    3719029 HIT:    2764734 MISS:     954295 MSHR_MERGE:       2107
cpu0->cpu0_L2C RFO          ACCESS:          0 HIT:          0 MISS:          0 MSHR_MERGE:          0
cpu0->cpu0_L2C PREFETCH     ACCESS:    1086917 HIT:     707384 MISS:     379533 MSHR_MERGE:      51185
cpu0->cpu0_L2C WRITE        ACCESS:     209449 HIT:     209445 MISS:          4 MSHR_MERGE:          0
cpu0->cpu0_L2C TRANSLATION  ACCESS:       3484 HIT:       3010 MISS:        474 MSHR_MERGE:          0
cpu0->cpu0_L2C PREFETCH REQUESTED:    1086944 ISSUED:    1086917 USEFUL:     245491 USELESS:      78875
cpu0->cpu0_L2C AVERAGE MISS LATENCY: 99.84 cycles
cpu0->cpu0_L1I TOTAL        ACCESS:      64872 HIT:      64872 MISS:          0 MSHR_MERGE:          0
cpu0->cpu0_L1I LOAD         ACCESS:      64872 HIT:      64872 MISS:          0 MSHR_MERGE:          0
cpu0->cpu0_L1I RFO          ACCESS:          0 HIT:          0 MISS:          0 MSHR_MERGE:          0
cpu0->cpu0_L1I PREFETCH     ACCESS:          0 HIT:          0 MISS:          0 MSHR_MERGE:          0
cpu0->cpu0_L1I WRITE        ACCESS:          0 HIT:          0 MISS:          0 MSHR_MERGE:          0
cpu0->cpu0_L1I TRANSLATION  ACCESS:          0 HIT:          0 MISS:          0 MSHR_MERGE:          0
cpu0->cpu0_L1I PREFETCH REQUESTED:          0 ISSUED:          0 USEFUL:          0 USELESS:          0
cpu0->cpu0_L1I AVERAGE MISS LATENCY: - cycles
cpu0->cpu0_L1D TOTAL        ACCESS:   13378921 HIT:    9332334 MISS:    4046587 MSHR_MERGE:     324075
cpu0->cpu0_L1D LOAD         ACCESS:   13128298 HIT:    9085195 MISS:    4043103 MSHR_MERGE:     324075
cpu0->cpu0_L1D RFO          ACCESS:          0 HIT:          0 MISS:          0 MSHR_MERGE:          0
cpu0->cpu0_L1D PREFETCH     ACCESS:          0 HIT:          0 MISS:          0 MSHR_MERGE:          0
cpu0->cpu0_L1D WRITE        ACCESS:     243284 HIT:     243284 MISS:          0 MSHR_MERGE:          0
cpu0->cpu0_L1D TRANSLATION  ACCESS:       7339 HIT:       3855 MISS:       3484 MSHR_MERGE:          0
cpu0->cpu0_L1D PREFETCH REQUESTED:          0 ISSUED:          0 USEFUL:          0 USELESS:          0
cpu0->cpu0_L1D AVERAGE MISS LATENCY: 33.97 cycles
cpu0->cpu0_ITLB TOTAL        ACCESS:      62272 HIT:      62272 MISS:          0 MSHR_MERGE:          0
cpu0->cpu0_ITLB LOAD         ACCESS:      62272 HIT:      62272 MISS:          0 MSHR_MERGE:          0
cpu0->cpu0_ITLB RFO          ACCESS:          0 HIT:          0 MISS:          0 MSHR_MERGE:          0
cpu0->cpu0_ITLB PREFETCH     ACCESS:          0 HIT:          0 MISS:          0 MSHR_MERGE:          0
cpu0->cpu0_ITLB WRITE        ACCESS:          0 HIT:          0 MISS:          0 MSHR_MERGE:          0
cpu0->cpu0_ITLB TRANSLATION  ACCESS:          0 HIT:          0 MISS:          0 MSHR_MERGE:          0
cpu0->cpu0_ITLB PREFETCH REQUESTED:          0 ISSUED:          0 USEFUL:          0 USELESS:          0
cpu0->cpu0_ITLB AVERAGE MISS LATENCY: - cycles
cpu0->cpu0_DTLB TOTAL        ACCESS:   13371195 HIT:   10577799 MISS:    2793396 MSHR_MERGE:     363209
cpu0->cpu0_DTLB LOAD         ACCESS:   13371195 HIT:   10577799 MISS:    2793396 MSHR_MERGE:     363209
cpu0->cpu0_DTLB RFO          ACCESS:          0 HIT:          0 MISS:          0 MSHR_MERGE:          0
cpu0->cpu0_DTLB PREFETCH     ACCESS:          0 HIT:          0 MISS:          0 MSHR_MERGE:          0
cpu0->cpu0_DTLB WRITE        ACCESS:          0 HIT:          0 MISS:          0 MSHR_MERGE:          0
cpu0->cpu0_DTLB TRANSLATION  ACCESS:          0 HIT:          0 MISS:          0 MSHR_MERGE:          0
cpu0->cpu0_DTLB PREFETCH REQUESTED:          0 ISSUED:          0 USEFUL:          0 USELESS:          0
cpu0->cpu0_DTLB AVERAGE MISS LATENCY: 5.394 cycles
cpu0->LLC TOTAL        ACCESS:    1477990 HIT:     855351 MISS:     622639 MSHR_MERGE:          7
cpu0->LLC LOAD         ACCESS:     952187 HIT:     680728 MISS:     271459 MSHR_MERGE:          4
cpu0->LLC RFO          ACCESS:          0 HIT:          0 MISS:          0 MSHR_MERGE:          0
cpu0->LLC PREFETCH     ACCESS:     328348 HIT:      39089 MISS:     289259 MSHR_MERGE:          3
cpu0->LLC WRITE        ACCESS:     196981 HIT:     135531 MISS:      61450 MSHR_MERGE:          0
cpu0->LLC TRANSLATION  ACCESS:        474 HIT:          3 MISS:        471 MSHR_MERGE:          0
cpu0->LLC PREFETCH REQUESTED:          0 ISSUED:          0 USEFUL:          0 USELESS:          0
cpu0->LLC AVERAGE MISS LATENCY: 224.5 cycles

DRAM Statistics

Channel 0 RQ ROW_BUFFER_HIT:       2809
  ROW_BUFFER_MISS:     558276
  AVG DBUS CONGESTED CYCLE: 4.654
Channel 0 WQ ROW_BUFFER_HIT:      18502
  ROW_BUFFER_MISS:      63251
  FULL:          0
Channel 0 REFRESHES ISSUED:      10662
