[VMEM] WARNING: physical memory size is smaller than virtual memory size.

*** ChampSim Multicore Out-of-Order Simulator ***
Warmup Instructions: 10000000
Simulation Instructions: 50000000
Number of CPUs: 1
Page size: 4096
Core 0: traces/sssp-10.trace.gz
Off-chip DRAM Size: 64 GiB Channels: 1 Width: 64-bit Data Rate: 800 MT/s
Heartbeat CPU 0 instructions: 500004 cycles: 182374 heartbeat IPC: 2.742 cumulative IPC: 2.742 (Simulation time: 00 hr 00 min 01 sec)
Heartbeat CPU 0 instructions: 1000004 cycles: 359695 heartbeat IPC: 2.82 cumulative IPC: 2.78 (Simulation time: 00 hr 00 min 02 sec)
Heartbeat CPU 0 instructions: 1500011 cycles: 511860 heartbeat IPC: 3.286 cumulative IPC: 2.931 (Simulation time: 00 hr 00 min 03 sec)
Heartbeat CPU 0 instructions: 2000013 cycles: 613799 heartbeat IPC: 4.905 cumulative IPC: 3.258 (Simulation time: 00 hr 00 min 04 sec)
Heartbeat CPU 0 instructions: 2500016 cycles: 719013 heartbeat IPC: 4.752 cumulative IPC: 3.477 (Simulation time: 00 hr 00 min 05 sec)
Heartbeat CPU 0 instructions: 3000022 cycles: 826979 heartbeat IPC: 4.631 cumulative IPC: 3.628 (Simulation time: 00 hr 00 min 06 sec)
Heartbeat CPU 0 instructions: 3500023 cycles: 933654 heartbeat IPC: 4.687 cumulative IPC: 3.749 (Simulation time: 00 hr 00 min 07 sec)
Heartbeat CPU 0 instructions: 4000029 cycles: 1040445 heartbeat IPC: 4.682 cumulative IPC: 3.845 (Simulation time: 00 hr 00 min 08 sec)
Heartbeat CPU 0 instructions: 4500034 cycles: 1149257 heartbeat IPC: 4.595 cumulative IPC: 3.916 (Simulation time: 00 hr 00 min 09 sec)
Heartbeat CPU 0 instructions: 5000036 cycles: 1255112 heartbeat IPC: 4.723 cumulative IPC: 3.984 (Simulation time: 00 hr 00 min 10 sec)
Heartbeat CPU 0 instructions: 5500043 cycles: 1362203 heartbeat IPC: 4.669 cumulative IPC: 4.038 (Simulation time: 00 hr 00 min 11 sec)
Heartbeat CPU 0 instructions: 6000043 cycles: 1469879 heartbeat IPC: 4.644 cumulative IPC: 4.082 (Simulation time: 00 hr 00 min 12 sec)
Heartbeat CPU 0 instructions: 6500048 cycles: 1576371 heartbeat IPC: 4.695 cumulative IPC: 4.123 (Simulation time: 00 hr 00 min 13 sec)
Heartbeat CPU 0 instructions: 7000053 cycles: 1686535 heartbeat IPC: 4.539 cumulative IPC: 4.151 (Simulation time: 00 hr 00 min 14 sec)
Heartbeat CPU 0 instructions: 7500058 cycles: 1794343 heartbeat IPC: 4.638 cumulative IPC: 4.18 (Simulation time: 00 hr 00 min 15 sec)
Heartbeat CPU 0 instructions: 8000062 cycles: 1901367 heartbeat IPC: 4.672 cumulative IPC: 4.208 (Simulation time: 00 hr 00 min 16 sec)
Heartbeat CPU 0 instructions: 8500063 cycles: 2006492 heartbeat IPC: 4.756 cumulative IPC: 4.236 (Simulation time: 00 hr 00 min 17 sec)
Heartbeat CPU 0 instructions: 9000069 cycles: 2111504 heartbeat IPC: 4.761 cumulative IPC: 4.262 (Simulation time: 00 hr 00 min 18 sec)
Heartbeat CPU 0 instructions: 9500071 cycles: 2218478 heartbeat IPC: 4.674 cumulative IPC: 4.282 (Simulation time: 00 hr 00 min 19 sec)
Warmup finished CPU 0 instructions: 10000007 cycles: 2323972 cumulative IPC: 4.303 (Simulation time: 00 hr 00 min 20 sec)
Warmup complete CPU 0 instructions: 10000007 cycles: 2323972 cumulative IPC: 4.303 (Simulation time: 00 hr 00 min 20 sec)
Heartbeat CPU 0 instructions: 10000071 cycles: 2323993 heartbeat IPC: 4.739 cumulative IPC: 3.048 (Simulation time: 00 hr 00 min 20 sec)
Heartbeat CPU 0 instructions: 10500072 cycles: 3515285 heartbeat IPC: 0.4197 cumulative IPC: 0.4198 (Simulation time: 00 hr 00 min 24 sec)
Heartbeat CPU 0 instructions: 11000072 cycles: 4733178 heartbeat IPC: 0.4105 cumulative IPC: 0.4151 (Simulation time: 00 hr 00 min 28 sec)
Heartbeat CPU 0 instructions: 11500077 cycles: 6101971 heartbeat IPC: 0.3653 cumulative IPC: 0.3971 (Simulation time: 00 hr 00 min 33 sec)
Heartbeat CPU 0 instructions: 12000078 cycles: 7422263 heartbeat IPC: 0.3787 cumulative IPC: 0.3923 (Simulation time: 00 hr 00 min 38 sec)
Heartbeat CPU 0 instructions: 12500085 cycles: 8673186 heartbeat IPC: 0.3997 cumulative IPC: 0.3938 (Simulation time: 00 hr 00 min 42 sec)
Heartbeat CPU 0 instructions: 13000092 cycles: 9886113 heartbeat IPC: 0.4122 cumulative IPC: 0.3967 (Simulation time: 00 hr 00 min 46 sec)
Heartbeat CPU 0 instructions: 13500093 cycles: 11278216 heartbeat IPC: 0.3592 cumulative IPC: 0.3909 (Simulation time: 00 hr 00 min 51 sec)
Heartbeat CPU 0 instructions: 14000097 cycles: 12656412 heartbeat IPC: 0.3628 cumulative IPC: 0.3871 (Simulation time: 00 hr 00 min 56 sec)
Heartbeat CPU 0 instructions: 14500103 cycles: 13904885 heartbeat IPC: 0.4005 cumulative IPC: 0.3886 (Simulation time: 00 hr 01 min 00 sec)
Heartbeat CPU 0 instructions: 15000103 cycles: 15286948 heartbeat IPC: 0.3618 cumulative IPC: 0.3857 (Simulation time: 00 hr 01 min 05 sec)
Heartbeat CPU 0 instructions: 15500106 cycles: 16611150 heartbeat IPC: 0.3776 cumulative IPC: 0.385 (Simulation time: 00 hr 01 min 10 sec)
Heartbeat CPU 0 instructions: 16000106 cycles: 17790168 heartbeat IPC: 0.4241 cumulative IPC: 0.3879 (Simulation time: 00 hr 01 min 14 sec)
Heartbeat CPU 0 instructions: 16500109 cycles: 18932117 heartbeat IPC: 0.4379 cumulative IPC: 0.3914 (Simulation time: 00 hr 01 min 18 sec)
Heartbeat CPU 0 instructions: 17000113 cycles: 20114225 heartbeat IPC: 0.423 cumulative IPC: 0.3935 (Simulation time: 00 hr 01 min 22 sec)
Heartbeat CPU 0 instructions: 17500113 cycles: 21245557 heartbeat IPC: 0.442 cumulative IPC: 0.3964 (Simulation time: 00 hr 01 min 26 sec)
Heartbeat CPU 0 instructions: 18000115 cycles: 22355712 heartbeat IPC: 0.4504 cumulative IPC: 0.3994 (Simulation time: 00 hr 01 min 30 sec)
Heartbeat CPU 0 instructions: 18500118 cycles: 23471231 heartbeat IPC: 0.4482 cumulative IPC: 0.4019 (Simulation time: 00 hr 01 min 34 sec)
Heartbeat CPU 0 instructions: 19000124 cycles: 24599123 heartbeat IPC: 0.4433 cumulative IPC: 0.404 (Simulation time: 00 hr 01 min 38 sec)
Heartbeat CPU 0 instructions: 19500125 cycles: 25746412 heartbeat IPC: 0.4358 cumulative IPC: 0.4056 (Simulation time: 00 hr 01 min 42 sec)
Heartbeat CPU 0 instructions: 20000125 cycles: 26948298 heartbeat IPC: 0.416 cumulative IPC: 0.4061 (Simulation time: 00 hr 01 min 47 sec)
Heartbeat CPU 0 instructions: 20500131 cycles: 28041634 heartbeat IPC: 0.4573 cumulative IPC: 0.4083 (Simulation time: 00 hr 01 min 51 sec)
Heartbeat CPU 0 instructions: 21000132 cycles: 29246567 heartbeat IPC: 0.415 cumulative IPC: 0.4086 (Simulation time: 00 hr 01 min 55 sec)
Heartbeat CPU 0 instructions: 21500135 cycles: 30353518 heartbeat IPC: 0.4517 cumulative IPC: 0.4103 (Simulation time: 00 hr 01 min 59 sec)
Heartbeat CPU 0 instructions: 22000137 cycles: 31518519 heartbeat IPC: 0.4292 cumulative IPC: 0.411 (Simulation time: 00 hr 02 min 03 sec)
Heartbeat CPU 0 instructions: 22500144 cycles: 32653875 heartbeat IPC: 0.4404 cumulative IPC: 0.4121 (Simulation time: 00 hr 02 min 07 sec)
Heartbeat CPU 0 instructions: 23000144 cycles: 33770108 heartbeat IPC: 0.4479 cumulative IPC: 0.4134 (Simulation time: 00 hr 02 min 11 sec)
Heartbeat CPU 0 instructions: 23500147 cycles: 34879519 heartbeat IPC: 0.4507 cumulative IPC: 0.4147 (Simulation time: 00 hr 02 min 15 sec)
Heartbeat CPU 0 instructions: 24000151 cycles: 35946772 heartbeat IPC: 0.4685 cumulative IPC: 0.4164 (Simulation time: 00 hr 02 min 19 sec)
Heartbeat CPU 0 instructions: 24500152 cycles: 37027378 heartbeat IPC: 0.4627 cumulative IPC: 0.4178 (Simulation time: 00 hr 02 min 23 sec)
Heartbeat CPU 0 instructions: 25000154 cycles: 38183955 heartbeat IPC: 0.4323 cumulative IPC: 0.4183 (Simulation time: 00 hr 02 min 27 sec)
Heartbeat CPU 0 instructions: 25500156 cycles: 39578180 heartbeat IPC: 0.3586 cumulative IPC: 0.4161 (Simulation time: 00 hr 02 min 32 sec)
Heartbeat CPU 0 instructions: 26000158 cycles: 40661383 heartbeat IPC: 0.4616 cumulative IPC: 0.4174 (Simulation time: 00 hr 02 min 36 sec)
Heartbeat CPU 0 instructions: 26500160 cycles: 41782895 heartbeat IPC: 0.4458 cumulative IPC: 0.4182 (Simulation time: 00 hr 02 min 40 sec)
Heartbeat CPU 0 instructions: 27000164 cycles: 42911383 heartbeat IPC: 0.4431 cumulative IPC: 0.4189 (Simulation time: 00 hr 02 min 44 sec)
Heartbeat CPU 0 instructions: 27500169 cycles: 44002898 heartbeat IPC: 0.4581 cumulative IPC: 0.4199 (Simulation time: 00 hr 02 min 48 sec)
Heartbeat CPU 0 instructions: 28000170 cycles: 45311421 heartbeat IPC: 0.3821 cumulative IPC: 0.4187 (Simulation time: 00 hr 02 min 53 sec)
Heartbeat CPU 0 instructions: 28500170 cycles: 46435378 heartbeat IPC: 0.4449 cumulative IPC: 0.4194 (Simulation time: 00 hr 02 min 57 sec)
Heartbeat CPU 0 instructions: 29000177 cycles: 47476816 heartbeat IPC: 0.4801 cumulative IPC: 0.4208 (Simulation time: 00 hr 03 min 01 sec)
Heartbeat CPU 0 instructions: 29500179 cycles: 48599962 heartbeat IPC: 0.4452 cumulative IPC: 0.4214 (Simulation time: 00 hr 03 min 05 sec)
Heartbeat CPU 0 instructions: 30000184 cycles: 49651905 heartbeat IPC: 0.4753 cumulative IPC: 0.4226 (Simulation time: 00 hr 03 min 09 sec)
Heartbeat CPU 0 instructions: 30500184 cycles: 50650426 heartbeat IPC: 0.5007 cumulative IPC: 0.4242 (Simulation time: 00 hr 03 min 13 sec)
Heartbeat CPU 0 instructions: 31000188 cycles: 51857788 heartbeat IPC: 0.4141 cumulative IPC: 0.424 (Simulation time: 00 hr 03 min 17 sec)
Heartbeat CPU 0 instructions: 31500188 cycles: 53047132 heartbeat IPC: 0.4204 cumulative IPC: 0.4239 (Simulation time: 00 hr 03 min 21 sec)
Heartbeat CPU 0 instructions: 32000190 cycles: 54086685 heartbeat IPC: 0.481 cumulative IPC: 0.425 (Simulation time: 00 hr 03 min 25 sec)
Heartbeat CPU 0 instructions: 32500191 cycles: 55177754 heartbeat IPC: 0.4583 cumulative IPC: 0.4257 (Simulation time: 00 hr 03 min 29 sec)
Heartbeat CPU 0 instructions: 33000193 cycles: 56221309 heartbeat IPC: 0.4791 cumulative IPC: 0.4267 (Simulation time: 00 hr 03 min 33 sec)
Heartbeat CPU 0 instructions: 33500194 cycles: 57292050 heartbeat IPC: 0.467 cumulative IPC: 0.4275 (Simulation time: 00 hr 03 min 37 sec)
Heartbeat CPU 0 instructions: 34000194 cycles: 58278627 heartbeat IPC: 0.5068 cumulative IPC: 0.4289 (Simulation time: 00 hr 03 min 41 sec)
Heartbeat CPU 0 instructions: 34500200 cycles: 59296355 heartbeat IPC: 0.4913 cumulative IPC: 0.43 (Simulation time: 00 hr 03 min 45 sec)
Heartbeat CPU 0 instructions: 35000204 cycles: 60422450 heartbeat IPC: 0.444 cumulative IPC: 0.4303 (Simulation time: 00 hr 03 min 49 sec)
Heartbeat CPU 0 instructions: 35500206 cycles: 61388154 heartbeat IPC: 0.5178 cumulative IPC: 0.4317 (Simulation time: 00 hr 03 min 53 sec)
Heartbeat CPU 0 instructions: 36000212 cycles: 62385116 heartbeat IPC: 0.5015 cumulative IPC: 0.4329 (Simulation time: 00 hr 03 min 57 sec)
Heartbeat CPU 0 instructions: 36500216 cycles: 63483572 heartbeat IPC: 0.4552 cumulative IPC: 0.4333 (Simulation time: 00 hr 04 min 01 sec)
Heartbeat CPU 0 instructions: 37000220 cycles: 64538844 heartbeat IPC: 0.4738 cumulative IPC: 0.434 (Simulation time: 00 hr 04 min 05 sec)
Heartbeat CPU 0 instructions: 37500220 cycles: 65726096 heartbeat IPC: 0.4211 cumulative IPC: 0.4337 (Simulation time: 00 hr 04 min 09 sec)
Heartbeat CPU 0 instructions: 38000220 cycles: 66881773 heartbeat IPC: 0.4326 cumulative IPC: 0.4337 (Simulation time: 00 hr 04 min 13 sec)
Heartbeat CPU 0 instructions: 38500220 cycles: 67890249 heartbeat IPC: 0.4958 cumulative IPC: 0.4347 (Simulation time: 00 hr 04 min 17 sec)
Heartbeat CPU 0 instructions: 39000221 cycles: 68923108 heartbeat IPC: 0.4841 cumulative IPC: 0.4354 (Simulation time: 00 hr 04 min 21 sec)
Heartbeat CPU 0 instructions: 39500226 cycles: 69882216 heartbeat IPC: 0.5213 cumulative IPC: 0.4367 (Simulation time: 00 hr 04 min 25 sec)
Heartbeat CPU 0 instructions: 40000231 cycles: 70891106 heartbeat IPC: 0.4956 cumulative IPC: 0.4375 (Simulation time: 00 hr 04 min 29 sec)
Heartbeat CPU 0 instructions: 40500232 cycles: 71871254 heartbeat IPC: 0.5101 cumulative IPC: 0.4386 (Simulation time: 00 hr 04 min 32 sec)
Heartbeat CPU 0 instructions: 41000232 cycles: 72874872 heartbeat IPC: 0.4982 cumulative IPC: 0.4394 (Simulation time: 00 hr 04 min 36 sec)
Heartbeat CPU 0 instructions: 41500232 cycles: 73922403 heartbeat IPC: 0.4773 cumulative IPC: 0.44 (Simulation time: 00 hr 04 min 40 sec)
Heartbeat CPU 0 instructions: 42000236 cycles: 75033749 heartbeat IPC: 0.4499 cumulative IPC: 0.4401 (Simulation time: 00 hr 04 min 44 sec)
Heartbeat CPU 0 instructions: 42500236 cycles: 76189372 heartbeat IPC: 0.4327 cumulative IPC: 0.44 (Simulation time: 00 hr 04 min 49 sec)
Heartbeat CPU 0 instructions: 43000241 cycles: 77188047 heartbeat IPC: 0.5007 cumulative IPC: 0.4408 (Simulation time: 00 hr 04 min 53 sec)
Heartbeat CPU 0 instructions: 43500248 cycles: 78163983 heartbeat IPC: 0.5123 cumulative IPC: 0.4417 (Simulation time: 00 hr 04 min 56 sec)
Heartbeat CPU 0 instructions: 44000254 cycles: 79147250 heartbeat IPC: 0.5085 cumulative IPC: 0.4426 (Simulation time: 00 hr 05 min 00 sec)
Heartbeat CPU 0 instructions: 44500254 cycles: 80184051 heartbeat IPC: 0.4823 cumulative IPC: 0.4431 (Simulation time: 00 hr 05 min 04 sec)
Heartbeat CPU 0 instructions: 45000260 cycles: 81173555 heartbeat IPC: 0.5053 cumulative IPC: 0.4439 (Simulation time: 00 hr 05 min 08 sec)
Heartbeat CPU 0 instructions: 45500260 cycles: 82310895 heartbeat IPC: 0.4396 cumulative IPC: 0.4438 (Simulation time: 00 hr 05 min 12 sec)
Heartbeat CPU 0 instructions: 46000267 cycles: 83447541 heartbeat IPC: 0.4399 cumulative IPC: 0.4438 (Simulation time: 00 hr 05 min 16 sec)
Heartbeat CPU 0 instructions: 46500269 cycles: 84473586 heartbeat IPC: 0.4873 cumulative IPC: 0.4443 (Simulation time: 00 hr 05 min 20 sec)
Heartbeat CPU 0 instructions: 47000270 cycles: 85524225 heartbeat IPC: 0.4759 cumulative IPC: 0.4447 (Simulation time: 00 hr 05 min 24 sec)
Heartbeat CPU 0 instructions: 47500273 cycles: 86494927 heartbeat IPC: 0.5151 cumulative IPC: 0.4455 (Simulation time: 00 hr 05 min 28 sec)
Heartbeat CPU 0 instructions: 48000273 cycles: 87475727 heartbeat IPC: 0.5098 cumulative IPC: 0.4463 (Simulation time: 00 hr 05 min 32 sec)
Heartbeat CPU 0 instructions: 48500279 cycles: 88455476 heartbeat IPC: 0.5103 cumulative IPC: 0.447 (Simulation time: 00 hr 05 min 36 sec)
Heartbeat CPU 0 instructions: 49000279 cycles: 89398547 heartbeat IPC: 0.5302 cumulative IPC: 0.4479 (Simulation time: 00 hr 05 min 40 sec)
Heartbeat CPU 0 instructions: 49500285 cycles: 90330734 heartbeat IPC: 0.5364 cumulative IPC: 0.4488 (Simulation time: 00 hr 05 min 43 sec)
Heartbeat CPU 0 instructions: 50000285 cycles: 91265373 heartbeat IPC: 0.535 cumulative IPC: 0.4497 (Simulation time: 00 hr 05 min 47 sec)
Heartbeat CPU 0 instructions: 50500285 cycles: 92240324 heartbeat IPC: 0.5128 cumulative IPC: 0.4504 (Simulation time: 00 hr 05 min 51 sec)
Heartbeat CPU 0 instructions: 51000292 cycles: 93352144 heartbeat IPC: 0.4497 cumulative IPC: 0.4504 (Simulation time: 00 hr 05 min 55 sec)
Heartbeat CPU 0 instructions: 51500293 cycles: 94448924 heartbeat IPC: 0.4559 cumulative IPC: 0.4505 (Simulation time: 00 hr 05 min 59 sec)
Heartbeat CPU 0 instructions: 52000294 cycles: 95451586 heartbeat IPC: 0.4987 cumulative IPC: 0.451 (Simulation time: 00 hr 06 min 03 sec)
Heartbeat CPU 0 instructions: 52500298 cycles: 96446429 heartbeat IPC: 0.5026 cumulative IPC: 0.4515 (Simulation time: 00 hr 06 min 07 sec)
Heartbeat CPU 0 instructions: 53000303 cycles: 97394386 heartbeat IPC: 0.5275 cumulative IPC: 0.4523 (Simulation time: 00 hr 06 min 11 sec)
Heartbeat CPU 0 instructions: 53500309 cycles: 98321756 heartbeat IPC: 0.5392 cumulative IPC: 0.4531 (Simulation time: 00 hr 06 min 14 sec)
Heartbeat CPU 0 instructions: 54000309 cycles: 99299907 heartbeat IPC: 0.5112 cumulative IPC: 0.4537 (Simulation time: 00 hr 06 min 18 sec)
Heartbeat CPU 0 instructions: 54500310 cycles: 100257990 heartbeat IPC: 0.5219 cumulative IPC: 0.4544 (Simulation time: 00 hr 06 min 22 sec)
Heartbeat CPU 0 instructions: 55000314 cycles: 101178830 heartbeat IPC: 0.543 cumulative IPC: 0.4552 (Simulation time: 00 hr 06 min 26 sec)
Heartbeat CPU 0 instructions: 55500314 cycles: 102111156 heartbeat IPC: 0.5363 cumulative IPC: 0.456 (Simulation time: 00 hr 06 min 30 sec)
Heartbeat CPU 0 instructions: 56000315 cycles: 103024308 heartbeat IPC: 0.5476 cumulative IPC: 0.4568 (Simulation time: 00 hr 06 min 33 sec)
Heartbeat CPU 0 instructions: 56500316 cycles: 103942080 heartbeat IPC: 0.5448 cumulative IPC: 0.4576 (Simulation time: 00 hr 06 min 37 sec)
Heartbeat CPU 0 instructions: 57000316 cycles: 104873387 heartbeat IPC: 0.5369 cumulative IPC: 0.4583 (Simulation time: 00 hr 06 min 41 sec)
Heartbeat CPU 0 instructions: 57500316 cycles: 105751422 heartbeat IPC: 0.5695 cumulative IPC: 0.4593 (Simulation time: 00 hr 06 min 44 sec)
Heartbeat CPU 0 instructions: 58000317 cycles: 106669996 heartbeat IPC: 0.5443 cumulative IPC: 0.46 (Simulation time: 00 hr 06 min 48 sec)
Heartbeat CPU 0 instructions: 58500324 cycles: 107578915 heartbeat IPC: 0.5501 cumulative IPC: 0.4608 (Simulation time: 00 hr 06 min 52 sec)
Heartbeat CPU 0 instructions: 59000325 cycles: 108470859 heartbeat IPC: 0.5606 cumulative IPC: 0.4616 (Simulation time: 00 hr 06 min 55 sec)
Heartbeat CPU 0 instructions: 59500328 cycles: 109414763 heartbeat IPC: 0.5297 cumulative IPC: 0.4622 (Simulation time: 00 hr 06 min 59 sec)
Simulation finished CPU 0 instructions: 50000000 cycles: 108187615 cumulative IPC: 0.4622 (Simulation time: 00 hr 07 min 03 sec)
Simulation complete CPU 0 instructions: 50000000 cycles: 108187615 cumulative IPC: 0.4622 (Simulation time: 00 hr 07 min 03 sec)

ChampSim completed all CPUs

=== Simulation ===
CPU 0 runs traces/sssp-10.trace.gz

Region of Interest Statistics

CPU 0 cumulative IPC: 0.4622 instructions: 50000000 cycles: 108187615
CPU 0 Branch Prediction Accuracy: 94.11% MPKI: 8.664 Average ROB Occupancy at Mispredict: 58.04
Branch type MPKI
BRANCH_DIRECT_JUMP: 2e-05
BRANCH_INDIRECT: 0
BRANCH_CONDITIONAL: 8.664
BRANCH_DIRECT_CALL: 0
BRANCH_INDIRECT_CALL: 0
BRANCH_RETURN: 0

cpu0->cpu0_STLB TOTAL        ACCESS:     923008 HIT:     912214 MISS:      10794 MSHR_MERGE:          0
cpu0->cpu0_STLB LOAD         ACCESS:     923008 HIT:     912214 MISS:      10794 MSHR_MERGE:          0
cpu0->cpu0_STLB RFO          ACCESS:          0 HIT:          0 MISS:          0 MSHR_MERGE:          0
cpu0->cpu0_STLB PREFETCH     ACCESS:          0 HIT:          0 MISS:          0 MSHR_MERGE:          0
cpu0->cpu0_STLB WRITE        ACCESS:          0 HIT:          0 MISS:          0 MSHR_MERGE:          0
cpu0->cpu0_STLB TRANSLATION  ACCESS:          0 HIT:          0 MISS:          0 MSHR_MERGE:          0
cpu0->cpu0_STLB PREFETCH REQUESTED:          0 ISSUED:          0 USEFUL:          0 USELESS:          0
cpu0->cpu0_STLB AVERAGE MISS LATENCY: 296.8 cycles
cpu0->cpu0_L2C TOTAL        ACCESS:    4644125 HIT:    3101339 MISS:    1542786 MSHR_MERGE:     211839
cpu0->cpu0_L2C LOAD         ACCESS:    2263951 HIT:    1434922 MISS:     829029 MSHR_MERGE:      25482
cpu0->cpu0_L2C RFO          ACCESS:     272103 HIT:     218391 MISS:      53712 MSHR_MERGE:          0
cpu0->cpu0_L2C PREFETCH     ACCESS:    1338425 HIT:     683906 MISS:     654519 MSHR_MERGE:     186357
cpu0->cpu0_L2C WRITE        ACCESS:     760947 HIT:     760815 MISS:        132 MSHR_MERGE:          0
cpu0->cpu0_L2C TRANSLATION  ACCESS:       8699 HIT:       3305 MISS:       5394 MSHR_MERGE:          0
cpu0->cpu0_L2C PREFETCH REQUESTED:    1343524 ISSUED:    1338425 USEFUL:     289135 USELESS:     131401
cpu0->cpu0_L2C AVERAGE MISS LATENCY: 187 cycles
cpu0->cpu0_L1I TOTAL        ACCESS:    2028397 HIT:    2028397 MISS:          0 MSHR_MERGE:          0
cpu0->cpu0_L1I LOAD         ACCESS:    2028397 HIT:    2028397 MISS:          0 MSHR_MERGE:          0
cpu0->cpu0_L1I RFO          ACCESS:          0 HIT:          0 MISS:          0 MSHR_MERGE:          0
cpu0->cpu0_L1I PREFETCH     ACCESS:          0 HIT:          0 MISS:          0 MSHR_MERGE:          0
cpu0->cpu0_L1I WRITE        ACCESS:          0 HIT:          0 MISS:          0 MSHR_MERGE:          0
cpu0->cpu0_L1I TRANSLATION  ACCESS:          0 HIT:          0 MISS:          0 MSHR_MERGE:          0
cpu0->cpu0_L1I PREFETCH REQUESTED:          0 ISSUED:          0 USEFUL:          0 USELESS:          0
cpu0->cpu0_L1I AVERAGE MISS LATENCY: - cycles
cpu0->cpu0_L1D TOTAL        ACCESS:   14329008 HIT:   11330646 MISS:    2998362 MSHR_MERGE:     453606
cpu0->cpu0_L1D LOAD         ACCESS:   12859241 HIT:   10255844 MISS:    2603397 MSHR_MERGE:     339446
cpu0->cpu0_L1D RFO          ACCESS:          0 HIT:          0 MISS:          0 MSHR_MERGE:          0
cpu0->cpu0_L1D PREFETCH     ACCESS:          0 HIT:          0 MISS:          0 MSHR_MERGE:          0
cpu0->cpu0_L1D WRITE        ACCESS:    1446943 HIT:    1060739 MISS:     386204 MSHR_MERGE:     114098
cpu0->cpu0_L1D TRANSLATION  ACCESS:      22824 HIT:      14063 MISS:       8761 MSHR_MERGE:         62
cpu0->cpu0_L1D PREFETCH REQUESTED:          0 ISSUED:          0 USEFUL:          0 USELESS:          0
cpu0->cpu0_L1D AVERAGE MISS LATENCY: 73.81 cycles
cpu0->cpu0_ITLB TOTAL        ACCESS:    2026140 HIT:    2026140 MISS:          0 MSHR_MERGE:          0
cpu0->cpu0_ITLB LOAD         ACCESS:    2026140 HIT:    2026140 MISS:          0 MSHR_MERGE:          0
cpu0->cpu0_ITLB RFO          ACCESS:          0 HIT:          0 MISS:          0 MSHR_MERGE:          0
cpu0->cpu0_ITLB PREFETCH     ACCESS:          0 HIT:          0 MISS:          0 MSHR_MERGE:          0
cpu0->cpu0_ITLB WRITE        ACCESS:          0 HIT:          0 MISS:          0 MSHR_MERGE:          0
cpu0->cpu0_ITLB TRANSLATION  ACCESS:          0 HIT:          0 MISS:          0 MSHR_MERGE:          0
cpu0->cpu0_ITLB PREFETCH REQUESTED:          0 ISSUED:          0 USEFUL:          0 USELESS:          0
cpu0->cpu0_ITLB AVERAGE MISS LATENCY: - cycles
cpu0->cpu0_DTLB TOTAL        ACCESS:   14228463 HIT:   13047150 MISS:    1181313 MSHR_MERGE:     258305
cpu0->cpu0_DTLB LOAD         ACCESS:   14228463 HIT:   13047150 MISS:    1181313 MSHR_MERGE:     258305
cpu0->cpu0_DTLB RFO          ACCESS:          0 HIT:          0 MISS:          0 MSHR_MERGE:          0
cpu0->cpu0_DTLB PREFETCH     ACCESS:          0 HIT:          0 MISS:          0 MSHR_MERGE:          0
cpu0->cpu0_DTLB WRITE        ACCESS:          0 HIT:          0 MISS:          0 MSHR_MERGE:          0
cpu0->cpu0_DTLB TRANSLATION  ACCESS:          0 HIT:          0 MISS:          0 MSHR_MERGE:          0
cpu0->cpu0_DTLB PREFETCH REQUESTED:          0 ISSUED:          0 USEFUL:          0 USELESS:          0
cpu0->cpu0_DTLB AVERAGE MISS LATENCY: 8.489 cycles
cpu0->LLC TOTAL        ACCESS:    1752438 HIT:     827066 MISS:     925372 MSHR_MERGE:      44541
cpu0->LLC LOAD         ACCESS:     803547 HIT:     519494 MISS:     284053 MSHR_MERGE:       6071
cpu0->LLC RFO          ACCESS:      53712 HIT:       2951 MISS:      50761 MSHR_MERGE:          0
cpu0->LLC PREFETCH     ACCESS:     468162 HIT:      62686 MISS:     405476 MSHR_MERGE:      38470
cpu0->LLC WRITE        ACCESS:     421623 HIT:     241614 MISS:     180009 MSHR_MERGE:          0
cpu0->LLC TRANSLATION  ACCESS:       5394 HIT:        321 MISS:       5073 MSHR_MERGE:          0
cpu0->LLC PREFETCH REQUESTED:          0 ISSUED:          0 USEFUL:          0 USELESS:          0
cpu0->LLC AVERAGE MISS LATENCY: 261 cycles

DRAM Statistics

Channel 0 RQ ROW_BUFFER_HIT:       7048
  ROW_BUFFER_MISS:     693132
  AVG DBUS CONGESTED CYCLE: 3.996
Channel 0 WQ ROW_BUFFER_HIT:      36850
  ROW_BUFFER_MISS:     175210
  FULL:          0
Channel 0 REFRESHES ISSUED:       9016
