[VMEM] WARNING: physical memory size is smaller than virtual memory size.

*** ChampSim Multicore Out-of-Order Simulator ***
Warmup Instructions: 10000000
Simulation Instructions: 50000000
Number of CPUs: 1
Page size: 4096
Core 0: traces/bc-0.trace.gz
Off-chip DRAM Size: 64 GiB Channels: 1 Width: 64-bit Data Rate: 4807 MT/s
Heartbeat CPU 0 instructions: 500003 cycles: 508668 heartbeat IPC: 0.983 cumulative IPC: 0.983 (Simulation time: 00 hr 00 min 02 sec)
Heartbeat CPU 0 instructions: 1000003 cycles: 1015072 heartbeat IPC: 0.9874 cumulative IPC: 0.9852 (Simulation time: 00 hr 00 min 05 sec)
Heartbeat CPU 0 instructions: 1500003 cycles: 1521007 heartbeat IPC: 0.9883 cumulative IPC: 0.9862 (Simulation time: 00 hr 00 min 07 sec)
Heartbeat CPU 0 instructions: 2000003 cycles: 1876444 heartbeat IPC: 1.407 cumulative IPC: 1.066 (Simulation time: 00 hr 00 min 09 sec)
Heartbeat CPU 0 instructions: 2500007 cycles: 1985265 heartbeat IPC: 4.595 cumulative IPC: 1.259 (Simulation time: 00 hr 00 min 10 sec)
Heartbeat CPU 0 instructions: 3000011 cycles: 2090147 heartbeat IPC: 4.767 cumulative IPC: 1.435 (Simulation time: 00 hr 00 min 11 sec)
Heartbeat CPU 0 instructions: 3500018 cycles: 2197828 heartbeat IPC: 4.643 cumulative IPC: 1.592 (Simulation time: 00 hr 00 min 12 sec)
Heartbeat CPU 0 instructions: 4000018 cycles: 2300297 heartbeat IPC: 4.88 cumulative IPC: 1.739 (Simulation time: 00 hr 00 min 13 sec)
Heartbeat CPU 0 instructions: 4500025 cycles: 2412162 heartbeat IPC: 4.47 cumulative IPC: 1.866 (Simulation time: 00 hr 00 min 15 sec)
Heartbeat CPU 0 instructions: 5000027 cycles: 2523509 heartbeat IPC: 4.49 cumulative IPC: 1.981 (Simulation time: 00 hr 00 min 16 sec)
Heartbeat CPU 0 instructions: 5500034 cycles: 2629327 heartbeat IPC: 4.725 cumulative IPC: 2.092 (Simulation time: 00 hr 00 min 17 sec)
Heartbeat CPU 0 instructions: 6000036 cycles: 2740481 heartbeat IPC: 4.498 cumulative IPC: 2.189 (Simulation time: 00 hr 00 min 18 sec)
Heartbeat CPU 0 instructions: 6500039 cycles: 2846831 heartbeat IPC: 4.701 cumulative IPC: 2.283 (Simulation time: 00 hr 00 min 19 sec)
Heartbeat CPU 0 instructions: 7000044 cycles: 2955104 heartbeat IPC: 4.618 cumulative IPC: 2.369 (Simulation time: 00 hr 00 min 21 sec)
Heartbeat CPU 0 instructions: 7500045 cycles: 3057339 heartbeat IPC: 4.891 cumulative IPC: 2.453 (Simulation time: 00 hr 00 min 22 sec)
Heartbeat CPU 0 instructions: 8000051 cycles: 3164972 heartbeat IPC: 4.645 cumulative IPC: 2.528 (Simulation time: 00 hr 00 min 23 sec)
Heartbeat CPU 0 instructions: 8500053 cycles: 3269911 heartbeat IPC: 4.765 cumulative IPC: 2.599 (Simulation time: 00 hr 00 min 24 sec)
Heartbeat CPU 0 instructions: 9000057 cycles: 3380914 heartbeat IPC: 4.504 cumulative IPC: 2.662 (Simulation time: 00 hr 00 min 25 sec)
Heartbeat CPU 0 instructions: 9500063 cycles: 3486662 heartbeat IPC: 4.728 cumulative IPC: 2.725 (Simulation time: 00 hr 00 min 26 sec)
Warmup finished CPU 0 instructions: 10000000 cycles: 3591294 cumulative IPC: 2.785 (Simulation time: 00 hr 00 min 27 sec)
Warmup complete CPU 0 instructions: 10000000 cycles: 3591294 cumulative IPC: 2.785 (Simulation time: 00 hr 00 min 27 sec)
Heartbeat CPU 0 instructions: 10000064 cycles: 3591530 heartbeat IPC: 4.768 cumulative IPC: 0.2712 (Simulation time: 00 hr 00 min 27 sec)
Heartbeat CPU 0 instructions: 10500068 cycles: 5562984 heartbeat IPC: 0.2536 cumulative IPC: 0.2536 (Simulation time: 00 hr 00 min 35 sec)
Heartbeat CPU 0 instructions: 11000074 cycles: 7511474 heartbeat IPC: 0.2566 cumulative IPC: 0.2551 (Simulation time: 00 hr 00 min 44 sec)
Heartbeat CPU 0 instructions: 11500079 cycles: 9390996 heartbeat IPC: 0.266 cumulative IPC: 0.2586 (Simulation time: 00 hr 00 min 52 sec)
Heartbeat CPU 0 instructions: 12000084 cycles: 11646440 heartbeat IPC: 0.2217 cumulative IPC: 0.2483 (Simulation time: 00 hr 01 min 02 sec)
Heartbeat CPU 0 instructions: 12500086 cycles: 13742833 heartbeat IPC: 0.2385 cumulative IPC: 0.2463 (Simulation time: 00 hr 01 min 11 sec)
Heartbeat CPU 0 instructions: 13000089 cycles: 15774265 heartbeat IPC: 0.2461 cumulative IPC: 0.2463 (Simulation time: 00 hr 01 min 19 sec)
Heartbeat CPU 0 instructions: 13500093 cycles: 17800417 heartbeat IPC: 0.2468 cumulative IPC: 0.2463 (Simulation time: 00 hr 01 min 28 sec)
Heartbeat CPU 0 instructions: 14000099 cycles: 19799231 heartbeat IPC: 0.2502 cumulative IPC: 0.2468 (Simulation time: 00 hr 01 min 36 sec)
Heartbeat CPU 0 instructions: 14500101 cycles: 21757010 heartbeat IPC: 0.2554 cumulative IPC: 0.2477 (Simulation time: 00 hr 01 min 44 sec)
Heartbeat CPU 0 instructions: 15000107 cycles: 23713369 heartbeat IPC: 0.2556 cumulative IPC: 0.2485 (Simulation time: 00 hr 01 min 52 sec)
Heartbeat CPU 0 instructions: 15500109 cycles: 25702667 heartbeat IPC: 0.2513 cumulative IPC: 0.2487 (Simulation time: 00 hr 02 min 00 sec)
Heartbeat CPU 0 instructions: 16000109 cycles: 27682122 heartbeat IPC: 0.2526 cumulative IPC: 0.2491 (Simulation time: 00 hr 02 min 08 sec)
Heartbeat CPU 0 instructions: 16500112 cycles: 29652609 heartbeat IPC: 0.2537 cumulative IPC: 0.2494 (Simulation time: 00 hr 02 min 16 sec)
Heartbeat CPU 0 instructions: 17000114 cycles: 31696276 heartbeat IPC: 0.2447 cumulative IPC: 0.2491 (Simulation time: 00 hr 02 min 25 sec)
Heartbeat CPU 0 instructions: 17500116 cycles: 33729047 heartbeat IPC: 0.246 cumulative IPC: 0.2489 (Simulation time: 00 hr 02 min 33 sec)
Heartbeat CPU 0 instructions: 18000117 cycles: 36162560 heartbeat IPC: 0.2055 cumulative IPC: 0.2456 (Simulation time: 00 hr 02 min 43 sec)
Heartbeat CPU 0 instructions: 18500120 cycles: 38213560 heartbeat IPC: 0.2438 cumulative IPC: 0.2455 (Simulation time: 00 hr 02 min 52 sec)
Heartbeat CPU 0 instructions: 19000126 cycles: 40182004 heartbeat IPC: 0.254 cumulative IPC: 0.246 (Simulation time: 00 hr 03 min 00 sec)
Heartbeat CPU 0 instructions: 19500131 cycles: 42189618 heartbeat IPC: 0.2491 cumulative IPC: 0.2461 (Simulation time: 00 hr 03 min 08 sec)
Heartbeat CPU 0 instructions: 20000134 cycles: 44260770 heartbeat IPC: 0.2414 cumulative IPC: 0.2459 (Simulation time: 00 hr 03 min 16 sec)
Heartbeat CPU 0 instructions: 20500134 cycles: 46263186 heartbeat IPC: 0.2497 cumulative IPC: 0.2461 (Simulation time: 00 hr 03 min 24 sec)
Heartbeat CPU 0 instructions: 21000134 cycles: 48358440 heartbeat IPC: 0.2386 cumulative IPC: 0.2457 (Simulation time: 00 hr 03 min 32 sec)
Heartbeat CPU 0 instructions: 21500136 cycles: 50293881 heartbeat IPC: 0.2583 cumulative IPC: 0.2462 (Simulation time: 00 hr 03 min 40 sec)
Heartbeat CPU 0 instructions: 22000136 cycles: 52358008 heartbeat IPC: 0.2422 cumulative IPC: 0.2461 (Simulation time: 00 hr 03 min 49 sec)
Heartbeat CPU 0 instructions: 22500138 cycles: 54468277 heartbeat IPC: 0.2369 cumulative IPC: 0.2457 (Simulation time: 00 hr 03 min 57 sec)
Heartbeat CPU 0 instructions: 23000140 cycles: 56549232 heartbeat IPC: 0.2403 cumulative IPC: 0.2455 (Simulation time: 00 hr 04 min 06 sec)
Heartbeat CPU 0 instructions: 23500145 cycles: 58625421 heartbeat IPC: 0.2408 cumulative IPC: 0.2453 (Simulation time: 00 hr 04 min 14 sec)
Heartbeat CPU 0 instructions: 24000145 cycles: 60782725 heartbeat IPC: 0.2318 cumulative IPC: 0.2448 (Simulation time: 00 hr 04 min 23 sec)
Heartbeat CPU 0 instructions: 24500145 cycles: 62850492 heartbeat IPC: 0.2418 cumulative IPC: 0.2447 (Simulation time: 00 hr 04 min 31 sec)
Heartbeat CPU 0 instructions: 25000151 cycles: 64941037 heartbeat IPC: 0.2392 cumulative IPC: 0.2445 (Simulation time: 00 hr 04 min 39 sec)
Heartbeat CPU 0 instructions: 25500152 cycles: 67038181 heartbeat IPC: 0.2384 cumulative IPC: 0.2443 (Simulation time: 00 hr 04 min 48 sec)
Heartbeat CPU 0 instructions: 26000158 cycles: 69097194 heartbeat IPC: 0.2428 cumulative IPC: 0.2443 (Simulation time: 00 hr 04 min 56 sec)
Heartbeat CPU 0 instructions: 26500158 cycles: 71181178 heartbeat IPC: 0.2399 cumulative IPC: 0.2441 (Simulation time: 00 hr 05 min 04 sec)
Heartbeat CPU 0 instructions: 27000161 cycles: 73240843 heartbeat IPC: 0.2428 cumulative IPC: 0.2441 (Simulation time: 00 hr 05 min 12 sec)
Heartbeat CPU 0 instructions: 27500162 cycles: 75332030 heartbeat IPC: 0.2391 cumulative IPC: 0.2439 (Simulation time: 00 hr 05 min 20 sec)
Heartbeat CPU 0 instructions: 28000166 cycles: 77311462 heartbeat IPC: 0.2526 cumulative IPC: 0.2442 (Simulation time: 00 hr 05 min 28 sec)
Heartbeat CPU 0 instructions: 28500173 cycles: 79323486 heartbeat IPC: 0.2485 cumulative IPC: 0.2443 (Simulation time: 00 hr 05 min 36 sec)
Heartbeat CPU 0 instructions: 29000175 cycles: 81430021 heartbeat IPC: 0.2374 cumulative IPC: 0.2441 (Simulation time: 00 hr 05 min 44 sec)
Heartbeat CPU 0 instructions: 29500176 cycles: 83494700 heartbeat IPC: 0.2422 cumulative IPC: 0.244 (Simulation time: 00 hr 05 min 52 sec)
Heartbeat CPU 0 instructions: 30000178 cycles: 85633603 heartbeat IPC: 0.2338 cumulative IPC: 0.2438 (Simulation time: 00 hr 06 min 01 sec)
Heartbeat CPU 0 instructions: 30500183 cycles: 87713162 heartbeat IPC: 0.2404 cumulative IPC: 0.2437 (Simulation time: 00 hr 06 min 09 sec)
Heartbeat CPU 0 instructions: 31000190 cycles: 89727538 heartbeat IPC: 0.2482 cumulative IPC: 0.2438 (Simulation time: 00 hr 06 min 17 sec)
Heartbeat CPU 0 instructions: 31500194 cycles: 91841223 heartbeat IPC: 0.2366 cumulative IPC: 0.2436 (Simulation time: 00 hr 06 min 25 sec)
Heartbeat CPU 0 instructions: 32000198 cycles: 93969014 heartbeat IPC: 0.235 cumulative IPC: 0.2434 (Simulation time: 00 hr 06 min 34 sec)
Heartbeat CPU 0 instructions: 32500200 cycles: 96469941 heartbeat IPC: 0.1999 cumulative IPC: 0.2423 (Simulation time: 00 hr 06 min 44 sec)
Heartbeat CPU 0 instructions: 33000204 cycles: 98705119 heartbeat IPC: 0.2237 cumulative IPC: 0.2418 (Simulation time: 00 hr 06 min 53 sec)
Heartbeat CPU 0 instructions: 33500204 cycles: 100744960 heartbeat IPC: 0.2451 cumulative IPC: 0.2419 (Simulation time: 00 hr 07 min 01 sec)
Heartbeat CPU 0 instructions: 34000206 cycles: 102770705 heartbeat IPC: 0.2468 cumulative IPC: 0.242 (Simulation time: 00 hr 07 min 09 sec)
Heartbeat CPU 0 instructions: 34500210 cycles: 104849770 heartbeat IPC: 0.2405 cumulative IPC: 0.242 (Simulation time: 00 hr 07 min 17 sec)
Heartbeat CPU 0 instructions: 35000215 cycles: 106925396 heartbeat IPC: 0.2409 cumulative IPC: 0.2419 (Simulation time: 00 hr 07 min 25 sec)
Heartbeat CPU 0 instructions: 35500215 cycles: 109133404 heartbeat IPC: 0.2264 cumulative IPC: 0.2416 (Simulation time: 00 hr 07 min 34 sec)
Heartbeat CPU 0 instructions: 36000215 cycles: 111573125 heartbeat IPC: 0.2049 cumulative IPC: 0.2408 (Simulation time: 00 hr 07 min 44 sec)
Heartbeat CPU 0 instructions: 36500222 cycles: 113708485 heartbeat IPC: 0.2342 cumulative IPC: 0.2407 (Simulation time: 00 hr 07 min 52 sec)
Heartbeat CPU 0 instructions: 37000227 cycles: 115779655 heartbeat IPC: 0.2414 cumulative IPC: 0.2407 (Simulation time: 00 hr 08 min 00 sec)
Heartbeat CPU 0 instructions: 37500234 cycles: 118002244 heartbeat IPC: 0.225 cumulative IPC: 0.2404 (Simulation time: 00 hr 08 min 09 sec)
Heartbeat CPU 0 instructions: 38000235 cycles: 120191114 heartbeat IPC: 0.2284 cumulative IPC: 0.2401 (Simulation time: 00 hr 08 min 18 sec)
Heartbeat CPU 0 instructions: 38500235 cycles: 122211233 heartbeat IPC: 0.2475 cumulative IPC: 0.2403 (Simulation time: 00 hr 08 min 25 sec)
Heartbeat CPU 0 instructions: 39000240 cycles: 124325304 heartbeat IPC: 0.2365 cumulative IPC: 0.2402 (Simulation time: 00 hr 08 min 33 sec)
Heartbeat CPU 0 instructions: 39500242 cycles: 126778841 heartbeat IPC: 0.2038 cumulative IPC: 0.2395 (Simulation time: 00 hr 08 min 43 sec)
Heartbeat CPU 0 instructions: 40000244 cycles: 128907008 heartbeat IPC: 0.2349 cumulative IPC: 0.2394 (Simulation time: 00 hr 08 min 51 sec)
Heartbeat CPU 0 instructions: 40500247 cycles: 130911315 heartbeat IPC: 0.2495 cumulative IPC: 0.2396 (Simulation time: 00 hr 08 min 59 sec)
Heartbeat CPU 0 instructions: 41000248 cycles: 133087004 heartbeat IPC: 0.2298 cumulative IPC: 0.2394 (Simulation time: 00 hr 09 min 08 sec)
Heartbeat CPU 0 instructions: 41500253 cycles: 135265896 heartbeat IPC: 0.2295 cumulative IPC: 0.2392 (Simulation time: 00 hr 09 min 16 sec)
Heartbeat CPU 0 instructions: 42000256 cycles: 137436853 heartbeat IPC: 0.2303 cumulative IPC: 0.2391 (Simulation time: 00 hr 09 min 25 sec)
Heartbeat CPU 0 instructions: 42500263 cycles: 139656177 heartbeat IPC: 0.2253 cumulative IPC: 0.2389 (Simulation time: 00 hr 09 min 34 sec)
Heartbeat CPU 0 instructions: 43000265 cycles: 141990452 heartbeat IPC: 0.2142 cumulative IPC: 0.2384 (Simulation time: 00 hr 09 min 43 sec)
Heartbeat CPU 0 instructions: 43500268 cycles: 144260790 heartbeat IPC: 0.2202 cumulative IPC: 0.2381 (Simulation time: 00 hr 09 min 52 sec)
Heartbeat CPU 0 instructions: 44000273 cycles: 146381022 heartbeat IPC: 0.2358 cumulative IPC: 0.2381 (Simulation time: 00 hr 10 min 00 sec)
Heartbeat CPU 0 instructions: 44500277 cycles: 148865158 heartbeat IPC: 0.2013 cumulative IPC: 0.2375 (Simulation time: 00 hr 10 min 10 sec)
Heartbeat CPU 0 instructions: 45000277 cycles: 151041159 heartbeat IPC: 0.2298 cumulative IPC: 0.2374 (Simulation time: 00 hr 10 min 18 sec)
Heartbeat CPU 0 instructions: 45500278 cycles: 153560682 heartbeat IPC: 0.1985 cumulative IPC: 0.2367 (Simulation time: 00 hr 10 min 29 sec)
Heartbeat CPU 0 instructions: 46000278 cycles: 155704925 heartbeat IPC: 0.2332 cumulative IPC: 0.2367 (Simulation time: 00 hr 10 min 37 sec)
Heartbeat CPU 0 instructions: 46500283 cycles: 157878298 heartbeat IPC: 0.2301 cumulative IPC: 0.2366 (Simulation time: 00 hr 10 min 45 sec)
Heartbeat CPU 0 instructions: 47000287 cycles: 160042252 heartbeat IPC: 0.2311 cumulative IPC: 0.2365 (Simulation time: 00 hr 10 min 54 sec)
Heartbeat CPU 0 instructions: 47500291 cycles: 162138373 heartbeat IPC: 0.2385 cumulative IPC: 0.2365 (Simulation time: 00 hr 11 min 01 sec)
Heartbeat CPU 0 instructions: 48000295 cycles: 164277704 heartbeat IPC: 0.2337 cumulative IPC: 0.2365 (Simulation time: 00 hr 11 min 10 sec)
Heartbeat CPU 0 instructions: 48500295 cycles: 166392135 heartbeat IPC: 0.2365 cumulative IPC: 0.2365 (Simulation time: 00 hr 11 min 18 sec)
Heartbeat CPU 0 instructions: 49000300 cycles: 168579591 heartbeat IPC: 0.2286 cumulative IPC: 0.2364 (Simulation time: 00 hr 11 min 26 sec)
Heartbeat CPU 0 instructions: 49500300 cycles: 170667632 heartbeat IPC: 0.2395 cumulative IPC: 0.2364 (Simulation time: 00 hr 11 min 34 sec)
Heartbeat CPU 0 instructions: 50000300 cycles: 172822440 heartbeat IPC: 0.232 cumulative IPC: 0.2364 (Simulation time: 00 hr 11 min 42 sec)
Heartbeat CPU 0 instructions: 50500304 cycles: 174957092 heartbeat IPC: 0.2342 cumulative IPC: 0.2363 (Simulation time: 00 hr 11 min 51 sec)
Heartbeat CPU 0 instructions: 51000304 cycles: 177107260 heartbeat IPC: 0.2325 cumulative IPC: 0.2363 (Simulation time: 00 hr 11 min 59 sec)
Heartbeat CPU 0 instructions: 51500306 cycles: 179254205 heartbeat IPC: 0.2329 cumulative IPC: 0.2362 (Simulation time: 00 hr 12 min 07 sec)
Heartbeat CPU 0 instructions: 52000306 cycles: 181378741 heartbeat IPC: 0.2353 cumulative IPC: 0.2362 (Simulation time: 00 hr 12 min 15 sec)
Heartbeat CPU 0 instructions: 52500307 cycles: 183537528 heartbeat IPC: 0.2316 cumulative IPC: 0.2362 (Simulation time: 00 hr 12 min 24 sec)
Heartbeat CPU 0 instructions: 53000308 cycles: 186015602 heartbeat IPC: 0.2018 cumulative IPC: 0.2357 (Simulation time: 00 hr 12 min 34 sec)
Heartbeat CPU 0 instructions: 53500309 cycles: 188198830 heartbeat IPC: 0.229 cumulative IPC: 0.2356 (Simulation time: 00 hr 12 min 42 sec)
Heartbeat CPU 0 instructions: 54000313 cycles: 190269010 heartbeat IPC: 0.2415 cumulative IPC: 0.2357 (Simulation time: 00 hr 12 min 50 sec)
Heartbeat CPU 0 instructions: 54500320 cycles: 192327027 heartbeat IPC: 0.243 cumulative IPC: 0.2358 (Simulation time: 00 hr 12 min 57 sec)
Heartbeat CPU 0 instructions: 55000322 cycles: 194380573 heartbeat IPC: 0.2435 cumulative IPC: 0.2359 (Simulation time: 00 hr 13 min 04 sec)
Heartbeat CPU 0 instructions: 55500322 cycles: 196498583 heartbeat IPC: 0.2361 cumulative IPC: 0.2359 (Simulation time: 00 hr 13 min 12 sec)
Heartbeat CPU 0 instructions: 56000322 cycles: 198619665 heartbeat IPC: 0.2357 cumulative IPC: 0.2359 (Simulation time: 00 hr 13 min 20 sec)
Heartbeat CPU 0 instructions: 56500322 cycles: 200816241 heartbeat IPC: 0.2276 cumulative IPC: 0.2358 (Simulation time: 00 hr 13 min 29 sec)
Heartbeat CPU 0 instructions: 57000329 cycles: 202915903 heartbeat IPC: 0.2381 cumulative IPC: 0.2358 (Simulation time: 00 hr 13 min 37 sec)
Heartbeat CPU 0 instructions: 57500334 cycles: 205082607 heartbeat IPC: 0.2308 cumulative IPC: 0.2357 (Simulation time: 00 hr 13 min 45 sec)
Heartbeat CPU 0 instructions: 58000336 cycles: 207341430 heartbeat IPC: 0.2214 cumulative IPC: 0.2356 (Simulation time: 00 hr 13 min 54 sec)
Heartbeat CPU 0 instructions: 58500338 cycles: 209886034 heartbeat IPC: 0.1965 cumulative IPC: 0.2351 (Simulation time: 00 hr 14 min 04 sec)
Heartbeat CPU 0 instructions: 59000338 cycles: 212079525 heartbeat IPC: 0.2279 cumulative IPC: 0.235 (Simulation time: 00 hr 14 min 13 sec)
Heartbeat CPU 0 instructions: 59500342 cycles: 214364293 heartbeat IPC: 0.2188 cumulative IPC: 0.2349 (Simulation time: 00 hr 14 min 22 sec)
Simulation finished CPU 0 instructions: 50000002 cycles: 213255309 cumulative IPC: 0.2345 (Simulation time: 00 hr 14 min 31 sec)
Simulation complete CPU 0 instructions: 50000002 cycles: 213255309 cumulative IPC: 0.2345 (Simulation time: 00 hr 14 min 31 sec)

ChampSim completed all CPUs

=== Simulation ===
CPU 0 runs traces/bc-0.trace.gz

Region of Interest Statistics

CPU 0 cumulative IPC: 0.2345 instructions: 50000002 cycles: 213255309
CPU 0 Branch Prediction Accuracy: 87.71% MPKI: 23.18 Average ROB Occupancy at Mispredict: 42.13
Branch type MPKI
BRANCH_DIRECT_JUMP: 0
BRANCH_INDIRECT: 0
BRANCH_CONDITIONAL: 23.18
BRANCH_DIRECT_CALL: 0
BRANCH_INDIRECT_CALL: 0
BRANCH_RETURN: 0

cpu0->cpu0_STLB TOTAL        ACCESS:    1444174 HIT:     769931 MISS:     674243 MSHR_MERGE:          0
cpu0->cpu0_STLB LOAD         ACCESS:    1444174 HIT:     769931 MISS:     674243 MSHR_MERGE:          0
cpu0->cpu0_STLB RFO          ACCESS:          0 HIT:          0 MISS:          0 MSHR_MERGE:          0
cpu0->cpu0_STLB PREFETCH     ACCESS:          0 HIT:          0 MISS:          0 MSHR_MERGE:          0
cpu0->cpu0_STLB WRITE        ACCESS:          0 HIT:          0 MISS:          0 MSHR_MERGE:          0
cpu0->cpu0_STLB TRANSLATION  ACCESS:          0 HIT:          0 MISS:          0 MSHR_MERGE:          0
cpu0->cpu0_STLB PREFETCH REQUESTED:          0 ISSUED:          0 USEFUL:          0 USELESS:          0
cpu0->cpu0_STLB AVERAGE MISS LATENCY: 16.7 cycles
cpu0->cpu0_L2C TOTAL        ACCESS:    6859008 HIT:    4025526 MISS:    2833482 MSHR_MERGE:      60345
cpu0->cpu0_L2C LOAD         ACCESS:    4115482 HIT:    1855743 MISS:    2259739 MSHR_MERGE:      15045
cpu0->cpu0_L2C RFO          ACCESS:      28947 HIT:       2953 MISS:      25994 MSHR_MERGE:          0
cpu0->cpu0_L2C PREFETCH     ACCESS:    1168388 HIT:     624720 MISS:     543668 MSHR_MERGE:      45300
cpu0->cpu0_L2C WRITE        ACCESS:    1329548 HIT:    1329520 MISS:         28 MSHR_MERGE:          0
cpu0->cpu0_L2C TRANSLATION  ACCESS:     216643 HIT:     212590 MISS:       4053 MSHR_MERGE:          0
cpu0->cpu0_L2C PREFETCH REQUESTED:    1169756 ISSUED:    1168388 USEFUL:     241534 USELESS:     244316
cpu0->cpu0_L2C AVERAGE MISS LATENCY: 152.2 cycles
cpu0->cpu0_L1I TOTAL        ACCESS:      60845 HIT:      60845 MISS:          0 MSHR_MERGE:          0
cpu0->cpu0_L1I LOAD         ACCESS:      60845 HIT:      60845 MISS:          0 MSHR_MERGE:          0
cpu0->cpu0_L1I RFO          ACCESS:          0 HIT:          0 MISS:          0 MSHR_MERGE:          0
cpu0->cpu0_L1I PREFETCH     ACCESS:          0 HIT:          0 MISS:          0 MSHR_MERGE:          0
cpu0->cpu0_L1I WRITE        ACCESS:          0 HIT:          0 MISS:          0 MSHR_MERGE:          0
cpu0->cpu0_L1I TRANSLATION  ACCESS:          0 HIT:          0 MISS:          0 MSHR_MERGE:          0
cpu0->cpu0_L1I PREFETCH REQUESTED:          0 ISSUED:          0 USEFUL:          0 USELESS:          0
cpu0->cpu0_L1I AVERAGE MISS LATENCY: - cycles
cpu0->cpu0_L1D TOTAL        ACCESS:   16752692 HIT:   12050056 MISS:    4702636 MSHR_MERGE:     341564
cpu0->cpu0_L1D LOAD         ACCESS:   12726155 HIT:    8324318 MISS:    4401837 MSHR_MERGE:     286355
cpu0->cpu0_L1D RFO          ACCESS:          0 HIT:          0 MISS:          0 MSHR_MERGE:          0
cpu0->cpu0_L1D PREFETCH     ACCESS:          0 HIT:          0 MISS:          0 MSHR_MERGE:          0
cpu0->cpu0_L1D WRITE        ACCESS:    2701633 HIT:    2628497 MISS:      73136 MSHR_MERGE:      44189
cpu0->cpu0_L1D TRANSLATION  ACCESS:    1324904 HIT:    1097241 MISS:     227663 MSHR_MERGE:      11020
cpu0->cpu0_L1D PREFETCH REQUESTED:          0 ISSUED:          0 USEFUL:          0 USELESS:          0
cpu0->cpu0_L1D AVERAGE MISS LATENCY: 88.61 cycles
cpu0->cpu0_ITLB TOTAL        ACCESS:      46635 HIT:      46635 MISS:          0 MSHR_MERGE:          0
cpu0->cpu0_ITLB LOAD         ACCESS:      46635 HIT:      46635 MISS:          0 MSHR_MERGE:          0
cpu0->cpu0_ITLB RFO          ACCESS:          0 HIT:          0 MISS:          0 MSHR_MERGE:          0
cpu0->cpu0_ITLB PREFETCH     ACCESS:          0 HIT:          0 MISS:          0 MSHR_MERGE:          0
cpu0->cpu0_ITLB WRITE        ACCESS:          0 HIT:          0 MISS:          0 MSHR_MERGE:          0
cpu0->cpu0_ITLB TRANSLATION  ACCESS:          0 HIT:          0 MISS:          0 MSHR_MERGE:          0
cpu0->cpu0_ITLB PREFETCH REQUESTED:          0 ISSUED:          0 USEFUL:          0 USELESS:          0
cpu0->cpu0_ITLB AVERAGE MISS LATENCY: - cycles
cpu0->cpu0_DTLB TOTAL        ACCESS:   15236522 HIT:   13313835 MISS:    1922687 MSHR_MERGE:     478513
cpu0->cpu0_DTLB LOAD         ACCESS:   15236522 HIT:   13313835 MISS:    1922687 MSHR_MERGE:     478513
cpu0->cpu0_DTLB RFO          ACCESS:          0 HIT:          0 MISS:          0 MSHR_MERGE:          0
cpu0->cpu0_DTLB PREFETCH     ACCESS:          0 HIT:          0 MISS:          0 MSHR_MERGE:          0
cpu0->cpu0_DTLB WRITE        ACCESS:          0 HIT:          0 MISS:          0 MSHR_MERGE:          0
cpu0->cpu0_DTLB TRANSLATION  ACCESS:          0 HIT:          0 MISS:          0 MSHR_MERGE:          0
cpu0->cpu0_DTLB PREFETCH REQUESTED:          0 ISSUED:          0 USEFUL:          0 USELESS:          0
cpu0->cpu0_DTLB AVERAGE MISS LATENCY: 13.27 cycles
cpu0->LLC TOTAL        ACCESS:    3900438 HIT:    1558316 MISS:    2342122 MSHR_MERGE:       6205
cpu0->LLC LOAD         ACCESS:    2244694 HIT:     965871 MISS:    1278823 MSHR_MERGE:        594
cpu0->LLC RFO          ACCESS:      25994 HIT:       5034 MISS:      20960 MSHR_MERGE:          0
cpu0->LLC PREFETCH     ACCESS:     498368 HIT:      74670 MISS:     423698 MSHR_MERGE:       5611
cpu0->LLC WRITE        ACCESS:    1127329 HIT:     512703 MISS:     614626 MSHR_MERGE:          0
cpu0->LLC TRANSLATION  ACCESS:       4053 HIT:         38 MISS:       4015 MSHR_MERGE:          0
cpu0->LLC PREFETCH REQUESTED:          0 ISSUED:          0 USEFUL:          0 USELESS:          0
cpu0->LLC AVERAGE MISS LATENCY: 158.8 cycles

DRAM Statistics

Channel 0 RQ ROW_BUFFER_HIT:      16631
  ROW_BUFFER_MISS:    1703840
  AVG DBUS CONGESTED CYCLE: 20.31
Channel 0 WQ ROW_BUFFER_HIT:     215404
  ROW_BUFFER_MISS:     494199
  FULL:          0
Channel 0 REFRESHES ISSUED:      17770
