[VMEM] WARNING: physical memory size is smaller than virtual memory size.

*** ChampSim Multicore Out-of-Order Simulator ***
Warmup Instructions: 10000000
Simulation Instructions: 50000000
Number of CPUs: 1
Page size: 4096
Core 0: traces/bc-12.trace.gz
Off-chip DRAM Size: 64 GiB Channels: 1 Width: 64-bit Data Rate: 4807 MT/s
Heartbeat CPU 0 instructions: 500001 cycles: 508427 heartbeat IPC: 0.9834 cumulative IPC: 0.9834 (Simulation time: 00 hr 00 min 02 sec)
Heartbeat CPU 0 instructions: 1000001 cycles: 1014634 heartbeat IPC: 0.9877 cumulative IPC: 0.9856 (Simulation time: 00 hr 00 min 05 sec)
Heartbeat CPU 0 instructions: 1500001 cycles: 1520612 heartbeat IPC: 0.9882 cumulative IPC: 0.9864 (Simulation time: 00 hr 00 min 07 sec)
Heartbeat CPU 0 instructions: 2000001 cycles: 1873940 heartbeat IPC: 1.415 cumulative IPC: 1.067 (Simulation time: 00 hr 00 min 09 sec)
Heartbeat CPU 0 instructions: 2500004 cycles: 1983542 heartbeat IPC: 4.562 cumulative IPC: 1.26 (Simulation time: 00 hr 00 min 10 sec)
Heartbeat CPU 0 instructions: 3000005 cycles: 2086919 heartbeat IPC: 4.837 cumulative IPC: 1.438 (Simulation time: 00 hr 00 min 11 sec)
Heartbeat CPU 0 instructions: 3500007 cycles: 2198226 heartbeat IPC: 4.492 cumulative IPC: 1.592 (Simulation time: 00 hr 00 min 12 sec)
Heartbeat CPU 0 instructions: 4000009 cycles: 2302276 heartbeat IPC: 4.805 cumulative IPC: 1.737 (Simulation time: 00 hr 00 min 13 sec)
Heartbeat CPU 0 instructions: 4500015 cycles: 2413273 heartbeat IPC: 4.505 cumulative IPC: 1.865 (Simulation time: 00 hr 00 min 14 sec)
Heartbeat CPU 0 instructions: 5000015 cycles: 2517541 heartbeat IPC: 4.795 cumulative IPC: 1.986 (Simulation time: 00 hr 00 min 16 sec)
Heartbeat CPU 0 instructions: 5500017 cycles: 2627469 heartbeat IPC: 4.548 cumulative IPC: 2.093 (Simulation time: 00 hr 00 min 17 sec)
Heartbeat CPU 0 instructions: 6000022 cycles: 2733925 heartbeat IPC: 4.697 cumulative IPC: 2.195 (Simulation time: 00 hr 00 min 18 sec)
Heartbeat CPU 0 instructions: 6500022 cycles: 2844912 heartbeat IPC: 4.505 cumulative IPC: 2.285 (Simulation time: 00 hr 00 min 19 sec)
Heartbeat CPU 0 instructions: 7000026 cycles: 2951467 heartbeat IPC: 4.692 cumulative IPC: 2.372 (Simulation time: 00 hr 00 min 20 sec)
Heartbeat CPU 0 instructions: 7500026 cycles: 3057708 heartbeat IPC: 4.706 cumulative IPC: 2.453 (Simulation time: 00 hr 00 min 21 sec)
Heartbeat CPU 0 instructions: 8000027 cycles: 3168105 heartbeat IPC: 4.529 cumulative IPC: 2.525 (Simulation time: 00 hr 00 min 23 sec)
Heartbeat CPU 0 instructions: 8500030 cycles: 3273494 heartbeat IPC: 4.744 cumulative IPC: 2.597 (Simulation time: 00 hr 00 min 24 sec)
Heartbeat CPU 0 instructions: 9000030 cycles: 3380471 heartbeat IPC: 4.674 cumulative IPC: 2.662 (Simulation time: 00 hr 00 min 25 sec)
Heartbeat CPU 0 instructions: 9500032 cycles: 3490675 heartbeat IPC: 4.537 cumulative IPC: 2.722 (Simulation time: 00 hr 00 min 26 sec)
Warmup finished CPU 0 instructions: 10000000 cycles: 3595651 cumulative IPC: 2.781 (Simulation time: 00 hr 00 min 27 sec)
Warmup complete CPU 0 instructions: 10000000 cycles: 3595651 cumulative IPC: 2.781 (Simulation time: 00 hr 00 min 27 sec)
Heartbeat CPU 0 instructions: 10000032 cycles: 3595655 heartbeat IPC: 4.763 cumulative IPC: 8 (Simulation time: 00 hr 00 min 27 sec)
Heartbeat CPU 0 instructions: 10500033 cycles: 5731829 heartbeat IPC: 0.2341 cumulative IPC: 0.2341 (Simulation time: 00 hr 00 min 36 sec)
Heartbeat CPU 0 instructions: 11000037 cycles: 7819329 heartbeat IPC: 0.2395 cumulative IPC: 0.2368 (Simulation time: 00 hr 00 min 44 sec)
Heartbeat CPU 0 instructions: 11500041 cycles: 9874717 heartbeat IPC: 0.2433 cumulative IPC: 0.2389 (Simulation time: 00 hr 00 min 52 sec)
Heartbeat CPU 0 instructions: 12000048 cycles: 11938896 heartbeat IPC: 0.2422 cumulative IPC: 0.2397 (Simulation time: 00 hr 01 min 00 sec)
Heartbeat CPU 0 instructions: 12500048 cycles: 13990031 heartbeat IPC: 0.2438 cumulative IPC: 0.2405 (Simulation time: 00 hr 01 min 08 sec)
Heartbeat CPU 0 instructions: 13000054 cycles: 16077209 heartbeat IPC: 0.2396 cumulative IPC: 0.2404 (Simulation time: 00 hr 01 min 15 sec)
Heartbeat CPU 0 instructions: 13500060 cycles: 18168935 heartbeat IPC: 0.239 cumulative IPC: 0.2402 (Simulation time: 00 hr 01 min 23 sec)
Heartbeat CPU 0 instructions: 14000060 cycles: 20287729 heartbeat IPC: 0.236 cumulative IPC: 0.2396 (Simulation time: 00 hr 01 min 31 sec)
Heartbeat CPU 0 instructions: 14500061 cycles: 22450975 heartbeat IPC: 0.2311 cumulative IPC: 0.2387 (Simulation time: 00 hr 01 min 40 sec)
Heartbeat CPU 0 instructions: 15000061 cycles: 24623719 heartbeat IPC: 0.2301 cumulative IPC: 0.2378 (Simulation time: 00 hr 01 min 48 sec)
Heartbeat CPU 0 instructions: 15500065 cycles: 26745462 heartbeat IPC: 0.2357 cumulative IPC: 0.2376 (Simulation time: 00 hr 01 min 56 sec)
Heartbeat CPU 0 instructions: 16000066 cycles: 28975326 heartbeat IPC: 0.2242 cumulative IPC: 0.2364 (Simulation time: 00 hr 02 min 05 sec)
Heartbeat CPU 0 instructions: 16500067 cycles: 31075092 heartbeat IPC: 0.2381 cumulative IPC: 0.2365 (Simulation time: 00 hr 02 min 12 sec)
Heartbeat CPU 0 instructions: 17000070 cycles: 33269086 heartbeat IPC: 0.2279 cumulative IPC: 0.2359 (Simulation time: 00 hr 02 min 21 sec)
Heartbeat CPU 0 instructions: 17500077 cycles: 35488695 heartbeat IPC: 0.2253 cumulative IPC: 0.2352 (Simulation time: 00 hr 02 min 29 sec)
Heartbeat CPU 0 instructions: 18000077 cycles: 37627672 heartbeat IPC: 0.2338 cumulative IPC: 0.2351 (Simulation time: 00 hr 02 min 37 sec)
Heartbeat CPU 0 instructions: 18500078 cycles: 39801514 heartbeat IPC: 0.23 cumulative IPC: 0.2348 (Simulation time: 00 hr 02 min 45 sec)
Heartbeat CPU 0 instructions: 19000078 cycles: 42052097 heartbeat IPC: 0.2222 cumulative IPC: 0.234 (Simulation time: 00 hr 02 min 54 sec)
Heartbeat CPU 0 instructions: 19500078 cycles: 44179263 heartbeat IPC: 0.2351 cumulative IPC: 0.2341 (Simulation time: 00 hr 03 min 01 sec)
Heartbeat CPU 0 instructions: 20000081 cycles: 46288885 heartbeat IPC: 0.237 cumulative IPC: 0.2342 (Simulation time: 00 hr 03 min 08 sec)
Heartbeat CPU 0 instructions: 20500084 cycles: 48396646 heartbeat IPC: 0.2372 cumulative IPC: 0.2344 (Simulation time: 00 hr 03 min 16 sec)
Heartbeat CPU 0 instructions: 21000089 cycles: 50544186 heartbeat IPC: 0.2328 cumulative IPC: 0.2343 (Simulation time: 00 hr 03 min 23 sec)
Heartbeat CPU 0 instructions: 21500094 cycles: 52772698 heartbeat IPC: 0.2244 cumulative IPC: 0.2339 (Simulation time: 00 hr 03 min 32 sec)
Heartbeat CPU 0 instructions: 22000099 cycles: 54939636 heartbeat IPC: 0.2307 cumulative IPC: 0.2337 (Simulation time: 00 hr 03 min 39 sec)
Heartbeat CPU 0 instructions: 22500099 cycles: 57098460 heartbeat IPC: 0.2316 cumulative IPC: 0.2336 (Simulation time: 00 hr 03 min 47 sec)
Heartbeat CPU 0 instructions: 23000100 cycles: 59237459 heartbeat IPC: 0.2338 cumulative IPC: 0.2336 (Simulation time: 00 hr 03 min 54 sec)
Heartbeat CPU 0 instructions: 23500100 cycles: 61370813 heartbeat IPC: 0.2344 cumulative IPC: 0.2337 (Simulation time: 00 hr 04 min 02 sec)
Heartbeat CPU 0 instructions: 24000101 cycles: 63551461 heartbeat IPC: 0.2293 cumulative IPC: 0.2335 (Simulation time: 00 hr 04 min 09 sec)
Heartbeat CPU 0 instructions: 24500108 cycles: 65723265 heartbeat IPC: 0.2302 cumulative IPC: 0.2334 (Simulation time: 00 hr 04 min 17 sec)
Heartbeat CPU 0 instructions: 25000114 cycles: 67929990 heartbeat IPC: 0.2266 cumulative IPC: 0.2332 (Simulation time: 00 hr 04 min 25 sec)
Heartbeat CPU 0 instructions: 25500117 cycles: 70098343 heartbeat IPC: 0.2306 cumulative IPC: 0.2331 (Simulation time: 00 hr 04 min 33 sec)
Heartbeat CPU 0 instructions: 26000122 cycles: 72383040 heartbeat IPC: 0.2188 cumulative IPC: 0.2326 (Simulation time: 00 hr 04 min 42 sec)
Heartbeat CPU 0 instructions: 26500123 cycles: 74600369 heartbeat IPC: 0.2255 cumulative IPC: 0.2324 (Simulation time: 00 hr 04 min 49 sec)
Heartbeat CPU 0 instructions: 27000125 cycles: 76815288 heartbeat IPC: 0.2257 cumulative IPC: 0.2322 (Simulation time: 00 hr 04 min 57 sec)
Heartbeat CPU 0 instructions: 27500129 cycles: 79010842 heartbeat IPC: 0.2277 cumulative IPC: 0.2321 (Simulation time: 00 hr 05 min 05 sec)
Heartbeat CPU 0 instructions: 28000134 cycles: 81212201 heartbeat IPC: 0.2271 cumulative IPC: 0.2319 (Simulation time: 00 hr 05 min 12 sec)
Heartbeat CPU 0 instructions: 28500140 cycles: 83372100 heartbeat IPC: 0.2315 cumulative IPC: 0.2319 (Simulation time: 00 hr 05 min 20 sec)
Heartbeat CPU 0 instructions: 29000147 cycles: 85548742 heartbeat IPC: 0.2297 cumulative IPC: 0.2318 (Simulation time: 00 hr 05 min 27 sec)
Heartbeat CPU 0 instructions: 29500149 cycles: 87731447 heartbeat IPC: 0.2291 cumulative IPC: 0.2318 (Simulation time: 00 hr 05 min 35 sec)
Heartbeat CPU 0 instructions: 30000152 cycles: 89909200 heartbeat IPC: 0.2296 cumulative IPC: 0.2317 (Simulation time: 00 hr 05 min 42 sec)
Heartbeat CPU 0 instructions: 30500157 cycles: 92069813 heartbeat IPC: 0.2314 cumulative IPC: 0.2317 (Simulation time: 00 hr 05 min 49 sec)
Heartbeat CPU 0 instructions: 31000158 cycles: 94315941 heartbeat IPC: 0.2226 cumulative IPC: 0.2315 (Simulation time: 00 hr 05 min 58 sec)
Heartbeat CPU 0 instructions: 31500162 cycles: 96537859 heartbeat IPC: 0.225 cumulative IPC: 0.2313 (Simulation time: 00 hr 06 min 05 sec)
Heartbeat CPU 0 instructions: 32000163 cycles: 98738535 heartbeat IPC: 0.2272 cumulative IPC: 0.2312 (Simulation time: 00 hr 06 min 13 sec)
Heartbeat CPU 0 instructions: 32500167 cycles: 100983590 heartbeat IPC: 0.2227 cumulative IPC: 0.231 (Simulation time: 00 hr 06 min 21 sec)
Heartbeat CPU 0 instructions: 33000171 cycles: 103241194 heartbeat IPC: 0.2215 cumulative IPC: 0.2308 (Simulation time: 00 hr 06 min 29 sec)
Heartbeat CPU 0 instructions: 33500172 cycles: 105452750 heartbeat IPC: 0.2261 cumulative IPC: 0.2307 (Simulation time: 00 hr 06 min 37 sec)
Heartbeat CPU 0 instructions: 34000173 cycles: 107649917 heartbeat IPC: 0.2276 cumulative IPC: 0.2307 (Simulation time: 00 hr 06 min 44 sec)
Heartbeat CPU 0 instructions: 34500180 cycles: 109870586 heartbeat IPC: 0.2252 cumulative IPC: 0.2305 (Simulation time: 00 hr 06 min 52 sec)
Heartbeat CPU 0 instructions: 35000180 cycles: 112093100 heartbeat IPC: 0.225 cumulative IPC: 0.2304 (Simulation time: 00 hr 07 min 00 sec)
Heartbeat CPU 0 instructions: 35500181 cycles: 114313783 heartbeat IPC: 0.2252 cumulative IPC: 0.2303 (Simulation time: 00 hr 07 min 07 sec)
Heartbeat CPU 0 instructions: 36000183 cycles: 116548905 heartbeat IPC: 0.2237 cumulative IPC: 0.2302 (Simulation time: 00 hr 07 min 15 sec)
Heartbeat CPU 0 instructions: 36500183 cycles: 118773099 heartbeat IPC: 0.2248 cumulative IPC: 0.2301 (Simulation time: 00 hr 07 min 23 sec)
Heartbeat CPU 0 instructions: 37000183 cycles: 120933804 heartbeat IPC: 0.2314 cumulative IPC: 0.2301 (Simulation time: 00 hr 07 min 30 sec)
Heartbeat CPU 0 instructions: 37500188 cycles: 123154533 heartbeat IPC: 0.2252 cumulative IPC: 0.23 (Simulation time: 00 hr 07 min 37 sec)
Heartbeat CPU 0 instructions: 38000191 cycles: 125405893 heartbeat IPC: 0.2221 cumulative IPC: 0.2299 (Simulation time: 00 hr 07 min 45 sec)
Heartbeat CPU 0 instructions: 38500191 cycles: 127678104 heartbeat IPC: 0.22 cumulative IPC: 0.2297 (Simulation time: 00 hr 07 min 54 sec)
Heartbeat CPU 0 instructions: 39000194 cycles: 129898905 heartbeat IPC: 0.2251 cumulative IPC: 0.2296 (Simulation time: 00 hr 08 min 01 sec)
Heartbeat CPU 0 instructions: 39500197 cycles: 132089376 heartbeat IPC: 0.2283 cumulative IPC: 0.2296 (Simulation time: 00 hr 08 min 09 sec)
Heartbeat CPU 0 instructions: 40000199 cycles: 134257471 heartbeat IPC: 0.2306 cumulative IPC: 0.2296 (Simulation time: 00 hr 08 min 17 sec)
Heartbeat CPU 0 instructions: 40500199 cycles: 136696579 heartbeat IPC: 0.205 cumulative IPC: 0.2292 (Simulation time: 00 hr 08 min 27 sec)
Heartbeat CPU 0 instructions: 41000201 cycles: 138946982 heartbeat IPC: 0.2222 cumulative IPC: 0.229 (Simulation time: 00 hr 08 min 34 sec)
Heartbeat CPU 0 instructions: 41500201 cycles: 141067586 heartbeat IPC: 0.2358 cumulative IPC: 0.2291 (Simulation time: 00 hr 08 min 42 sec)
Heartbeat CPU 0 instructions: 42000205 cycles: 143413362 heartbeat IPC: 0.2132 cumulative IPC: 0.2289 (Simulation time: 00 hr 08 min 51 sec)
Heartbeat CPU 0 instructions: 42500205 cycles: 145634891 heartbeat IPC: 0.2251 cumulative IPC: 0.2288 (Simulation time: 00 hr 08 min 59 sec)
Heartbeat CPU 0 instructions: 43000205 cycles: 147875421 heartbeat IPC: 0.2232 cumulative IPC: 0.2287 (Simulation time: 00 hr 09 min 07 sec)
Heartbeat CPU 0 instructions: 43500207 cycles: 150115212 heartbeat IPC: 0.2232 cumulative IPC: 0.2286 (Simulation time: 00 hr 09 min 14 sec)
Heartbeat CPU 0 instructions: 44000208 cycles: 152320330 heartbeat IPC: 0.2267 cumulative IPC: 0.2286 (Simulation time: 00 hr 09 min 22 sec)
Heartbeat CPU 0 instructions: 44500215 cycles: 154567211 heartbeat IPC: 0.2225 cumulative IPC: 0.2285 (Simulation time: 00 hr 09 min 30 sec)
Heartbeat CPU 0 instructions: 45000215 cycles: 156772546 heartbeat IPC: 0.2267 cumulative IPC: 0.2285 (Simulation time: 00 hr 09 min 37 sec)
Heartbeat CPU 0 instructions: 45500218 cycles: 159006369 heartbeat IPC: 0.2238 cumulative IPC: 0.2284 (Simulation time: 00 hr 09 min 45 sec)
Heartbeat CPU 0 instructions: 46000219 cycles: 161253251 heartbeat IPC: 0.2225 cumulative IPC: 0.2283 (Simulation time: 00 hr 09 min 53 sec)
Heartbeat CPU 0 instructions: 46500222 cycles: 163506294 heartbeat IPC: 0.2219 cumulative IPC: 0.2283 (Simulation time: 00 hr 10 min 00 sec)
Heartbeat CPU 0 instructions: 47000229 cycles: 165673102 heartbeat IPC: 0.2308 cumulative IPC: 0.2283 (Simulation time: 00 hr 10 min 09 sec)
Heartbeat CPU 0 instructions: 47500229 cycles: 168079816 heartbeat IPC: 0.2078 cumulative IPC: 0.228 (Simulation time: 00 hr 10 min 18 sec)
Heartbeat CPU 0 instructions: 48000232 cycles: 170321812 heartbeat IPC: 0.223 cumulative IPC: 0.2279 (Simulation time: 00 hr 10 min 25 sec)
Heartbeat CPU 0 instructions: 48500232 cycles: 172579370 heartbeat IPC: 0.2215 cumulative IPC: 0.2278 (Simulation time: 00 hr 10 min 33 sec)
Heartbeat CPU 0 instructions: 49000234 cycles: 174845130 heartbeat IPC: 0.2207 cumulative IPC: 0.2277 (Simulation time: 00 hr 10 min 42 sec)
Heartbeat CPU 0 instructions: 49500238 cycles: 177094037 heartbeat IPC: 0.2223 cumulative IPC: 0.2277 (Simulation time: 00 hr 10 min 49 sec)
Heartbeat CPU 0 instructions: 50000238 cycles: 179350513 heartbeat IPC: 0.2216 cumulative IPC: 0.2276 (Simulation time: 00 hr 10 min 57 sec)
Heartbeat CPU 0 instructions: 50500245 cycles: 181622587 heartbeat IPC: 0.2201 cumulative IPC: 0.2275 (Simulation time: 00 hr 11 min 05 sec)
Heartbeat CPU 0 instructions: 51000248 cycles: 183765707 heartbeat IPC: 0.2333 cumulative IPC: 0.2276 (Simulation time: 00 hr 11 min 14 sec)
Heartbeat CPU 0 instructions: 51500251 cycles: 186171969 heartbeat IPC: 0.2078 cumulative IPC: 0.2273 (Simulation time: 00 hr 11 min 23 sec)
Heartbeat CPU 0 instructions: 52000255 cycles: 188455531 heartbeat IPC: 0.219 cumulative IPC: 0.2272 (Simulation time: 00 hr 11 min 31 sec)
Heartbeat CPU 0 instructions: 52500255 cycles: 190587164 heartbeat IPC: 0.2346 cumulative IPC: 0.2273 (Simulation time: 00 hr 11 min 39 sec)
Heartbeat CPU 0 instructions: 53000255 cycles: 192935923 heartbeat IPC: 0.2129 cumulative IPC: 0.2271 (Simulation time: 00 hr 11 min 48 sec)
Heartbeat CPU 0 instructions: 53500257 cycles: 195196124 heartbeat IPC: 0.2212 cumulative IPC: 0.227 (Simulation time: 00 hr 11 min 55 sec)
Heartbeat CPU 0 instructions: 54000263 cycles: 197419997 heartbeat IPC: 0.2248 cumulative IPC: 0.227 (Simulation time: 00 hr 12 min 02 sec)
Heartbeat CPU 0 instructions: 54500263 cycles: 199638882 heartbeat IPC: 0.2253 cumulative IPC: 0.227 (Simulation time: 00 hr 12 min 10 sec)
Heartbeat CPU 0 instructions: 55000264 cycles: 201898159 heartbeat IPC: 0.2213 cumulative IPC: 0.2269 (Simulation time: 00 hr 12 min 18 sec)
Heartbeat CPU 0 instructions: 55500266 cycles: 204143207 heartbeat IPC: 0.2227 cumulative IPC: 0.2269 (Simulation time: 00 hr 12 min 25 sec)
Heartbeat CPU 0 instructions: 56000267 cycles: 206404312 heartbeat IPC: 0.2211 cumulative IPC: 0.2268 (Simulation time: 00 hr 12 min 33 sec)
Heartbeat CPU 0 instructions: 56500273 cycles: 208618210 heartbeat IPC: 0.2258 cumulative IPC: 0.2268 (Simulation time: 00 hr 12 min 40 sec)
Heartbeat CPU 0 instructions: 57000273 cycles: 210868860 heartbeat IPC: 0.2222 cumulative IPC: 0.2268 (Simulation time: 00 hr 12 min 48 sec)
Heartbeat CPU 0 instructions: 57500280 cycles: 213096613 heartbeat IPC: 0.2244 cumulative IPC: 0.2267 (Simulation time: 00 hr 12 min 56 sec)
Heartbeat CPU 0 instructions: 58000281 cycles: 215417833 heartbeat IPC: 0.2154 cumulative IPC: 0.2266 (Simulation time: 00 hr 13 min 06 sec)
Heartbeat CPU 0 instructions: 58500284 cycles: 217721136 heartbeat IPC: 0.2171 cumulative IPC: 0.2265 (Simulation time: 00 hr 13 min 13 sec)
Heartbeat CPU 0 instructions: 59000285 cycles: 219947015 heartbeat IPC: 0.2246 cumulative IPC: 0.2265 (Simulation time: 00 hr 13 min 21 sec)
Heartbeat CPU 0 instructions: 59500287 cycles: 222192673 heartbeat IPC: 0.2227 cumulative IPC: 0.2264 (Simulation time: 00 hr 13 min 28 sec)
Simulation finished CPU 0 instructions: 50000007 cycles: 220832143 cumulative IPC: 0.2264 (Simulation time: 00 hr 13 min 35 sec)
Simulation complete CPU 0 instructions: 50000007 cycles: 220832143 cumulative IPC: 0.2264 (Simulation time: 00 hr 13 min 35 sec)

ChampSim completed all CPUs

=== Simulation ===
CPU 0 runs traces/bc-12.trace.gz

Region of Interest Statistics

CPU 0 cumulative IPC: 0.2264 instructions: 50000007 cycles: 220832143
CPU 0 Branch Prediction Accuracy: 84.24% MPKI: 27.38 Average ROB Occupancy at Mispredict: 33.97
Branch type MPKI
BRANCH_DIRECT_JUMP: 0
BRANCH_INDIRECT: 0
BRANCH_CONDITIONAL: 27.38
BRANCH_DIRECT_CALL: 0
BRANCH_INDIRECT_CALL: 0
BRANCH_RETURN: 0

cpu0->cpu0_STLB TOTAL        ACCESS:    1668366 HIT:     899399 MISS:     768967 MSHR_MERGE:          0
cpu0->cpu0_STLB LOAD         ACCESS:    1668366 HIT:     899399 MISS:     768967 MSHR_MERGE:          0
cpu0->cpu0_STLB RFO          ACCESS:          0 HIT:          0 MISS:          0 MSHR_MERGE:          0
cpu0->cpu0_STLB PREFETCH     ACCESS:          0 HIT:          0 MISS:          0 MSHR_MERGE:          0
cpu0->cpu0_STLB WRITE        ACCESS:          0 HIT:          0 MISS:          0 MSHR_MERGE:          0
cpu0->cpu0_STLB TRANSLATION  ACCESS:          0 HIT:          0 MISS:          0 MSHR_MERGE:          0
cpu0->cpu0_STLB PREFETCH REQUESTED:          0 ISSUED:          0 USEFUL:          0 USELESS:          0
cpu0->cpu0_STLB AVERAGE MISS LATENCY: 15.84 cycles
cpu0->cpu0_L2C TOTAL        ACCESS:    7013495 HIT:    4208727 MISS:    2804768 MSHR_MERGE:      58136
cpu0->cpu0_L2C LOAD         ACCESS:    4106880 HIT:    1844716 MISS:    2262164 MSHR_MERGE:      14062
cpu0->cpu0_L2C RFO          ACCESS:      27608 HIT:       2524 MISS:      25084 MSHR_MERGE:          0
cpu0->cpu0_L2C PREFETCH     ACCESS:    1090439 HIT:     575941 MISS:     514498 MSHR_MERGE:      44074
cpu0->cpu0_L2C WRITE        ACCESS:    1528903 HIT:    1528889 MISS:         14 MSHR_MERGE:          0
cpu0->cpu0_L2C TRANSLATION  ACCESS:     259665 HIT:     256657 MISS:       3008 MSHR_MERGE:          0
cpu0->cpu0_L2C PREFETCH REQUESTED:    1091888 ISSUED:    1090435 USEFUL:     221065 USELESS:     240050
cpu0->cpu0_L2C AVERAGE MISS LATENCY: 149 cycles
cpu0->cpu0_L1I TOTAL        ACCESS:     121383 HIT:     121383 MISS:          0 MSHR_MERGE:          0
cpu0->cpu0_L1I LOAD         ACCESS:     121383 HIT:     121383 MISS:          0 MSHR_MERGE:          0
cpu0->cpu0_L1I RFO          ACCESS:          0 HIT:          0 MISS:          0 MSHR_MERGE:          0
cpu0->cpu0_L1I PREFETCH     ACCESS:          0 HIT:          0 MISS:          0 MSHR_MERGE:          0
cpu0->cpu0_L1I WRITE        ACCESS:          0 HIT:          0 MISS:          0 MSHR_MERGE:          0
cpu0->cpu0_L1I TRANSLATION  ACCESS:          0 HIT:          0 MISS:          0 MSHR_MERGE:          0
cpu0->cpu0_L1I PREFETCH REQUESTED:          0 ISSUED:          0 USEFUL:          0 USELESS:          0
cpu0->cpu0_L1I AVERAGE MISS LATENCY: - cycles
cpu0->cpu0_L1D TOTAL        ACCESS:   18088706 HIT:   13469429 MISS:    4619277 MSHR_MERGE:     225124
cpu0->cpu0_L1D LOAD         ACCESS:   13468708 HIT:    9190820 MISS:    4277888 MSHR_MERGE:     171008
cpu0->cpu0_L1D RFO          ACCESS:          0 HIT:          0 MISS:          0 MSHR_MERGE:          0
cpu0->cpu0_L1D PREFETCH     ACCESS:          0 HIT:          0 MISS:          0 MSHR_MERGE:          0
cpu0->cpu0_L1D WRITE        ACCESS:    3108179 HIT:    3039724 MISS:      68455 MSHR_MERGE:      40847
cpu0->cpu0_L1D TRANSLATION  ACCESS:    1511819 HIT:    1238885 MISS:     272934 MSHR_MERGE:      13269
cpu0->cpu0_L1D PREFETCH REQUESTED:          0 ISSUED:          0 USEFUL:          0 USELESS:          0
cpu0->cpu0_L1D AVERAGE MISS LATENCY: 86.34 cycles
cpu0->cpu0_ITLB TOTAL        ACCESS:     108051 HIT:     108051 MISS:          0 MSHR_MERGE:          0
cpu0->cpu0_ITLB LOAD         ACCESS:     108051 HIT:     108051 MISS:          0 MSHR_MERGE:          0
cpu0->cpu0_ITLB RFO          ACCESS:          0 HIT:          0 MISS:          0 MSHR_MERGE:          0
cpu0->cpu0_ITLB PREFETCH     ACCESS:          0 HIT:          0 MISS:          0 MSHR_MERGE:          0
cpu0->cpu0_ITLB WRITE        ACCESS:          0 HIT:          0 MISS:          0 MSHR_MERGE:          0
cpu0->cpu0_ITLB TRANSLATION  ACCESS:          0 HIT:          0 MISS:          0 MSHR_MERGE:          0
cpu0->cpu0_ITLB PREFETCH REQUESTED:          0 ISSUED:          0 USEFUL:          0 USELESS:          0
cpu0->cpu0_ITLB AVERAGE MISS LATENCY: - cycles
cpu0->cpu0_DTLB TOTAL        ACCESS:   16378173 HIT:   14337775 MISS:    2040398 MSHR_MERGE:     372032
cpu0->cpu0_DTLB LOAD         ACCESS:   16378173 HIT:   14337775 MISS:    2040398 MSHR_MERGE:     372032
cpu0->cpu0_DTLB RFO          ACCESS:          0 HIT:          0 MISS:          0 MSHR_MERGE:          0
cpu0->cpu0_DTLB PREFETCH     ACCESS:          0 HIT:          0 MISS:          0 MSHR_MERGE:          0
cpu0->cpu0_DTLB WRITE        ACCESS:          0 HIT:          0 MISS:          0 MSHR_MERGE:          0
cpu0->cpu0_DTLB TRANSLATION  ACCESS:          0 HIT:          0 MISS:          0 MSHR_MERGE:          0
cpu0->cpu0_DTLB PREFETCH REQUESTED:          0 ISSUED:          0 USEFUL:          0 USELESS:          0
cpu0->cpu0_DTLB AVERAGE MISS LATENCY: 12.76 cycles
cpu0->LLC TOTAL        ACCESS:    3963335 HIT:    1634229 MISS:    2329106 MSHR_MERGE:       6012
cpu0->LLC LOAD         ACCESS:    2248103 HIT:     973047 MISS:    1275056 MSHR_MERGE:        596
cpu0->LLC RFO          ACCESS:      25084 HIT:       5093 MISS:      19991 MSHR_MERGE:          0
cpu0->LLC PREFETCH     ACCESS:     470424 HIT:      68001 MISS:     402423 MSHR_MERGE:       5416
cpu0->LLC WRITE        ACCESS:    1216716 HIT:     588074 MISS:     628642 MSHR_MERGE:          0
cpu0->LLC TRANSLATION  ACCESS:       3008 HIT:         14 MISS:       2994 MSHR_MERGE:          0
cpu0->LLC PREFETCH REQUESTED:          0 ISSUED:          0 USEFUL:          0 USELESS:          0
cpu0->LLC AVERAGE MISS LATENCY: 154.7 cycles

DRAM Statistics

Channel 0 RQ ROW_BUFFER_HIT:      16477
  ROW_BUFFER_MISS:    1677364
  AVG DBUS CONGESTED CYCLE: 26.18
Channel 0 WQ ROW_BUFFER_HIT:     200653
  ROW_BUFFER_MISS:     523826
  FULL:          0
Channel 0 REFRESHES ISSUED:      18402
