[VMEM] WARNING: physical memory size is smaller than virtual memory size.

*** ChampSim Multicore Out-of-Order Simulator ***
Warmup Instructions: 10000000
Simulation Instructions: 50000000
Number of CPUs: 1
Page size: 4096
Core 0: traces/bfs-14.trace.gz
Off-chip DRAM Size: 64 GiB Channels: 1 Width: 64-bit Data Rate: 4807 MT/s
Heartbeat CPU 0 instructions: 500006 cycles: 116694 heartbeat IPC: 4.285 cumulative IPC: 4.285 (Simulation time: 00 hr 00 min 01 sec)
Heartbeat CPU 0 instructions: 1000009 cycles: 228906 heartbeat IPC: 4.456 cumulative IPC: 4.369 (Simulation time: 00 hr 00 min 02 sec)
Heartbeat CPU 0 instructions: 1500014 cycles: 341322 heartbeat IPC: 4.448 cumulative IPC: 4.395 (Simulation time: 00 hr 00 min 03 sec)
Heartbeat CPU 0 instructions: 2000018 cycles: 453362 heartbeat IPC: 4.463 cumulative IPC: 4.412 (Simulation time: 00 hr 00 min 04 sec)
Heartbeat CPU 0 instructions: 2500025 cycles: 565741 heartbeat IPC: 4.449 cumulative IPC: 4.419 (Simulation time: 00 hr 00 min 05 sec)
Heartbeat CPU 0 instructions: 3000031 cycles: 677888 heartbeat IPC: 4.458 cumulative IPC: 4.426 (Simulation time: 00 hr 00 min 06 sec)
Heartbeat CPU 0 instructions: 3500033 cycles: 790052 heartbeat IPC: 4.458 cumulative IPC: 4.43 (Simulation time: 00 hr 00 min 07 sec)
Heartbeat CPU 0 instructions: 4000039 cycles: 902781 heartbeat IPC: 4.435 cumulative IPC: 4.431 (Simulation time: 00 hr 00 min 09 sec)
Heartbeat CPU 0 instructions: 4500045 cycles: 1014939 heartbeat IPC: 4.458 cumulative IPC: 4.434 (Simulation time: 00 hr 00 min 10 sec)
Heartbeat CPU 0 instructions: 5000047 cycles: 1127099 heartbeat IPC: 4.458 cumulative IPC: 4.436 (Simulation time: 00 hr 00 min 11 sec)
Heartbeat CPU 0 instructions: 5500047 cycles: 1239286 heartbeat IPC: 4.457 cumulative IPC: 4.438 (Simulation time: 00 hr 00 min 12 sec)
Heartbeat CPU 0 instructions: 6000051 cycles: 1351686 heartbeat IPC: 4.448 cumulative IPC: 4.439 (Simulation time: 00 hr 00 min 13 sec)
Heartbeat CPU 0 instructions: 6500051 cycles: 1463451 heartbeat IPC: 4.474 cumulative IPC: 4.442 (Simulation time: 00 hr 00 min 14 sec)
Heartbeat CPU 0 instructions: 7000057 cycles: 1575654 heartbeat IPC: 4.456 cumulative IPC: 4.443 (Simulation time: 00 hr 00 min 15 sec)
Heartbeat CPU 0 instructions: 7500059 cycles: 1687814 heartbeat IPC: 4.458 cumulative IPC: 4.444 (Simulation time: 00 hr 00 min 16 sec)
Heartbeat CPU 0 instructions: 8000065 cycles: 1799880 heartbeat IPC: 4.462 cumulative IPC: 4.445 (Simulation time: 00 hr 00 min 17 sec)
Heartbeat CPU 0 instructions: 8500066 cycles: 1912263 heartbeat IPC: 4.449 cumulative IPC: 4.445 (Simulation time: 00 hr 00 min 18 sec)
Heartbeat CPU 0 instructions: 9000073 cycles: 2024568 heartbeat IPC: 4.452 cumulative IPC: 4.445 (Simulation time: 00 hr 00 min 19 sec)
Heartbeat CPU 0 instructions: 9500080 cycles: 2137150 heartbeat IPC: 4.441 cumulative IPC: 4.445 (Simulation time: 00 hr 00 min 20 sec)
Warmup finished CPU 0 instructions: 10000005 cycles: 2249312 cumulative IPC: 4.446 (Simulation time: 00 hr 00 min 21 sec)
Warmup complete CPU 0 instructions: 10000005 cycles: 2249312 cumulative IPC: 4.446 (Simulation time: 00 hr 00 min 21 sec)
Heartbeat CPU 0 instructions: 10000085 cycles: 2249322 heartbeat IPC: 4.457 cumulative IPC: 8 (Simulation time: 00 hr 00 min 21 sec)
Heartbeat CPU 0 instructions: 10500092 cycles: 3020095 heartbeat IPC: 0.6487 cumulative IPC: 0.6488 (Simulation time: 00 hr 00 min 25 sec)
Heartbeat CPU 0 instructions: 11000094 cycles: 3824791 heartbeat IPC: 0.6214 cumulative IPC: 0.6348 (Simulation time: 00 hr 00 min 28 sec)
Heartbeat CPU 0 instructions: 11500095 cycles: 5640384 heartbeat IPC: 0.2754 cumulative IPC: 0.4424 (Simulation time: 00 hr 00 min 34 sec)
Heartbeat CPU 0 instructions: 12000095 cycles: 7466344 heartbeat IPC: 0.2738 cumulative IPC: 0.3834 (Simulation time: 00 hr 00 min 39 sec)
Heartbeat CPU 0 instructions: 12500095 cycles: 9270636 heartbeat IPC: 0.2771 cumulative IPC: 0.3561 (Simulation time: 00 hr 00 min 44 sec)
Heartbeat CPU 0 instructions: 13000095 cycles: 11070575 heartbeat IPC: 0.2778 cumulative IPC: 0.3401 (Simulation time: 00 hr 00 min 50 sec)
Heartbeat CPU 0 instructions: 13500095 cycles: 12882201 heartbeat IPC: 0.276 cumulative IPC: 0.3292 (Simulation time: 00 hr 00 min 55 sec)
Heartbeat CPU 0 instructions: 14000098 cycles: 14678152 heartbeat IPC: 0.2784 cumulative IPC: 0.3218 (Simulation time: 00 hr 01 min 01 sec)
Heartbeat CPU 0 instructions: 14500098 cycles: 16482800 heartbeat IPC: 0.2771 cumulative IPC: 0.3162 (Simulation time: 00 hr 01 min 06 sec)
Heartbeat CPU 0 instructions: 15000103 cycles: 18257834 heartbeat IPC: 0.2817 cumulative IPC: 0.3123 (Simulation time: 00 hr 01 min 11 sec)
Heartbeat CPU 0 instructions: 15500103 cycles: 20060741 heartbeat IPC: 0.2773 cumulative IPC: 0.3088 (Simulation time: 00 hr 01 min 17 sec)
Heartbeat CPU 0 instructions: 16000106 cycles: 21840889 heartbeat IPC: 0.2809 cumulative IPC: 0.3063 (Simulation time: 00 hr 01 min 22 sec)
Heartbeat CPU 0 instructions: 16500106 cycles: 23623637 heartbeat IPC: 0.2805 cumulative IPC: 0.3041 (Simulation time: 00 hr 01 min 27 sec)
Heartbeat CPU 0 instructions: 17000107 cycles: 25437235 heartbeat IPC: 0.2757 cumulative IPC: 0.3019 (Simulation time: 00 hr 01 min 33 sec)
Heartbeat CPU 0 instructions: 17500107 cycles: 27223087 heartbeat IPC: 0.28 cumulative IPC: 0.3003 (Simulation time: 00 hr 01 min 38 sec)
Heartbeat CPU 0 instructions: 18000107 cycles: 28997573 heartbeat IPC: 0.2818 cumulative IPC: 0.2991 (Simulation time: 00 hr 01 min 43 sec)
Heartbeat CPU 0 instructions: 18500107 cycles: 30783307 heartbeat IPC: 0.28 cumulative IPC: 0.2979 (Simulation time: 00 hr 01 min 49 sec)
Heartbeat CPU 0 instructions: 19000108 cycles: 32577185 heartbeat IPC: 0.2787 cumulative IPC: 0.2968 (Simulation time: 00 hr 01 min 54 sec)
Heartbeat CPU 0 instructions: 19500108 cycles: 34364355 heartbeat IPC: 0.2798 cumulative IPC: 0.2958 (Simulation time: 00 hr 01 min 59 sec)
Heartbeat CPU 0 instructions: 20000109 cycles: 36172211 heartbeat IPC: 0.2766 cumulative IPC: 0.2948 (Simulation time: 00 hr 02 min 05 sec)
Heartbeat CPU 0 instructions: 20500109 cycles: 37968386 heartbeat IPC: 0.2784 cumulative IPC: 0.294 (Simulation time: 00 hr 02 min 10 sec)
Heartbeat CPU 0 instructions: 21000109 cycles: 39798721 heartbeat IPC: 0.2732 cumulative IPC: 0.293 (Simulation time: 00 hr 02 min 15 sec)
Heartbeat CPU 0 instructions: 21500109 cycles: 41594548 heartbeat IPC: 0.2784 cumulative IPC: 0.2923 (Simulation time: 00 hr 02 min 21 sec)
Heartbeat CPU 0 instructions: 22000110 cycles: 43403382 heartbeat IPC: 0.2764 cumulative IPC: 0.2916 (Simulation time: 00 hr 02 min 26 sec)
Heartbeat CPU 0 instructions: 22500114 cycles: 45225955 heartbeat IPC: 0.2743 cumulative IPC: 0.2909 (Simulation time: 00 hr 02 min 32 sec)
Heartbeat CPU 0 instructions: 23000114 cycles: 47029935 heartbeat IPC: 0.2772 cumulative IPC: 0.2903 (Simulation time: 00 hr 02 min 37 sec)
Heartbeat CPU 0 instructions: 23500118 cycles: 48827382 heartbeat IPC: 0.2782 cumulative IPC: 0.2898 (Simulation time: 00 hr 02 min 42 sec)
Heartbeat CPU 0 instructions: 24000121 cycles: 50620444 heartbeat IPC: 0.2789 cumulative IPC: 0.2894 (Simulation time: 00 hr 02 min 48 sec)
Heartbeat CPU 0 instructions: 24500123 cycles: 52426947 heartbeat IPC: 0.2768 cumulative IPC: 0.289 (Simulation time: 00 hr 02 min 53 sec)
Heartbeat CPU 0 instructions: 25000123 cycles: 54209326 heartbeat IPC: 0.2805 cumulative IPC: 0.2887 (Simulation time: 00 hr 02 min 59 sec)
Heartbeat CPU 0 instructions: 25500128 cycles: 56024390 heartbeat IPC: 0.2755 cumulative IPC: 0.2882 (Simulation time: 00 hr 03 min 04 sec)
Heartbeat CPU 0 instructions: 26000128 cycles: 57808925 heartbeat IPC: 0.2802 cumulative IPC: 0.288 (Simulation time: 00 hr 03 min 10 sec)
Heartbeat CPU 0 instructions: 26500129 cycles: 59607434 heartbeat IPC: 0.278 cumulative IPC: 0.2877 (Simulation time: 00 hr 03 min 15 sec)
Heartbeat CPU 0 instructions: 27000129 cycles: 61401258 heartbeat IPC: 0.2787 cumulative IPC: 0.2874 (Simulation time: 00 hr 03 min 20 sec)
Heartbeat CPU 0 instructions: 27500130 cycles: 63211484 heartbeat IPC: 0.2762 cumulative IPC: 0.2871 (Simulation time: 00 hr 03 min 26 sec)
Heartbeat CPU 0 instructions: 28000130 cycles: 64988514 heartbeat IPC: 0.2814 cumulative IPC: 0.2869 (Simulation time: 00 hr 03 min 31 sec)
Heartbeat CPU 0 instructions: 28500132 cycles: 66788840 heartbeat IPC: 0.2777 cumulative IPC: 0.2866 (Simulation time: 00 hr 03 min 37 sec)
Heartbeat CPU 0 instructions: 29000135 cycles: 68587334 heartbeat IPC: 0.278 cumulative IPC: 0.2864 (Simulation time: 00 hr 03 min 42 sec)
Heartbeat CPU 0 instructions: 29500135 cycles: 70398400 heartbeat IPC: 0.2761 cumulative IPC: 0.2861 (Simulation time: 00 hr 03 min 47 sec)
Heartbeat CPU 0 instructions: 30000135 cycles: 72189450 heartbeat IPC: 0.2792 cumulative IPC: 0.286 (Simulation time: 00 hr 03 min 53 sec)
Heartbeat CPU 0 instructions: 30500139 cycles: 73986520 heartbeat IPC: 0.2782 cumulative IPC: 0.2858 (Simulation time: 00 hr 03 min 58 sec)
Heartbeat CPU 0 instructions: 31000139 cycles: 75793915 heartbeat IPC: 0.2766 cumulative IPC: 0.2855 (Simulation time: 00 hr 04 min 03 sec)
Heartbeat CPU 0 instructions: 31500139 cycles: 77578158 heartbeat IPC: 0.2802 cumulative IPC: 0.2854 (Simulation time: 00 hr 04 min 09 sec)
Heartbeat CPU 0 instructions: 32000144 cycles: 79353866 heartbeat IPC: 0.2816 cumulative IPC: 0.2853 (Simulation time: 00 hr 04 min 14 sec)
Heartbeat CPU 0 instructions: 32500149 cycles: 81143501 heartbeat IPC: 0.2794 cumulative IPC: 0.2852 (Simulation time: 00 hr 04 min 19 sec)
Heartbeat CPU 0 instructions: 33000150 cycles: 82937142 heartbeat IPC: 0.2788 cumulative IPC: 0.2851 (Simulation time: 00 hr 04 min 25 sec)
Heartbeat CPU 0 instructions: 33500150 cycles: 84762730 heartbeat IPC: 0.2739 cumulative IPC: 0.2848 (Simulation time: 00 hr 04 min 30 sec)
Heartbeat CPU 0 instructions: 34000151 cycles: 86577250 heartbeat IPC: 0.2756 cumulative IPC: 0.2846 (Simulation time: 00 hr 04 min 36 sec)
Heartbeat CPU 0 instructions: 34500155 cycles: 88389866 heartbeat IPC: 0.2758 cumulative IPC: 0.2844 (Simulation time: 00 hr 04 min 41 sec)
Heartbeat CPU 0 instructions: 35000156 cycles: 90171324 heartbeat IPC: 0.2807 cumulative IPC: 0.2843 (Simulation time: 00 hr 04 min 46 sec)
Heartbeat CPU 0 instructions: 35500156 cycles: 91951709 heartbeat IPC: 0.2808 cumulative IPC: 0.2843 (Simulation time: 00 hr 04 min 51 sec)
Heartbeat CPU 0 instructions: 36000156 cycles: 93729241 heartbeat IPC: 0.2813 cumulative IPC: 0.2842 (Simulation time: 00 hr 04 min 57 sec)
Heartbeat CPU 0 instructions: 36500157 cycles: 95537349 heartbeat IPC: 0.2765 cumulative IPC: 0.2841 (Simulation time: 00 hr 05 min 02 sec)
Heartbeat CPU 0 instructions: 37000160 cycles: 97325202 heartbeat IPC: 0.2797 cumulative IPC: 0.284 (Simulation time: 00 hr 05 min 07 sec)
Heartbeat CPU 0 instructions: 37500160 cycles: 99113157 heartbeat IPC: 0.2796 cumulative IPC: 0.2839 (Simulation time: 00 hr 05 min 13 sec)
Heartbeat CPU 0 instructions: 38000167 cycles: 100921479 heartbeat IPC: 0.2765 cumulative IPC: 0.2838 (Simulation time: 00 hr 05 min 18 sec)
Heartbeat CPU 0 instructions: 38500171 cycles: 103086374 heartbeat IPC: 0.231 cumulative IPC: 0.2826 (Simulation time: 00 hr 05 min 24 sec)
Heartbeat CPU 0 instructions: 39000171 cycles: 105136923 heartbeat IPC: 0.2438 cumulative IPC: 0.2819 (Simulation time: 00 hr 05 min 30 sec)
Heartbeat CPU 0 instructions: 39500174 cycles: 107177725 heartbeat IPC: 0.245 cumulative IPC: 0.2811 (Simulation time: 00 hr 05 min 37 sec)
Heartbeat CPU 0 instructions: 40000181 cycles: 109209234 heartbeat IPC: 0.2461 cumulative IPC: 0.2805 (Simulation time: 00 hr 05 min 43 sec)
Heartbeat CPU 0 instructions: 40500183 cycles: 111207934 heartbeat IPC: 0.2502 cumulative IPC: 0.2799 (Simulation time: 00 hr 05 min 49 sec)
Heartbeat CPU 0 instructions: 41000186 cycles: 113238453 heartbeat IPC: 0.2462 cumulative IPC: 0.2793 (Simulation time: 00 hr 05 min 55 sec)
Heartbeat CPU 0 instructions: 41500187 cycles: 115281694 heartbeat IPC: 0.2447 cumulative IPC: 0.2787 (Simulation time: 00 hr 06 min 01 sec)
Heartbeat CPU 0 instructions: 42000189 cycles: 117291838 heartbeat IPC: 0.2487 cumulative IPC: 0.2782 (Simulation time: 00 hr 06 min 07 sec)
Heartbeat CPU 0 instructions: 42500189 cycles: 119331256 heartbeat IPC: 0.2452 cumulative IPC: 0.2776 (Simulation time: 00 hr 06 min 13 sec)
Heartbeat CPU 0 instructions: 43000189 cycles: 121374392 heartbeat IPC: 0.2447 cumulative IPC: 0.277 (Simulation time: 00 hr 06 min 19 sec)
Heartbeat CPU 0 instructions: 43500189 cycles: 123387043 heartbeat IPC: 0.2484 cumulative IPC: 0.2765 (Simulation time: 00 hr 06 min 25 sec)
Heartbeat CPU 0 instructions: 44000194 cycles: 125415022 heartbeat IPC: 0.2466 cumulative IPC: 0.2761 (Simulation time: 00 hr 06 min 31 sec)
Heartbeat CPU 0 instructions: 44500201 cycles: 127434296 heartbeat IPC: 0.2476 cumulative IPC: 0.2756 (Simulation time: 00 hr 06 min 37 sec)
Heartbeat CPU 0 instructions: 45000203 cycles: 129473083 heartbeat IPC: 0.2452 cumulative IPC: 0.2751 (Simulation time: 00 hr 06 min 43 sec)
Heartbeat CPU 0 instructions: 45500203 cycles: 131488067 heartbeat IPC: 0.2481 cumulative IPC: 0.2747 (Simulation time: 00 hr 06 min 49 sec)
Heartbeat CPU 0 instructions: 46000203 cycles: 133555185 heartbeat IPC: 0.2419 cumulative IPC: 0.2742 (Simulation time: 00 hr 06 min 55 sec)
Heartbeat CPU 0 instructions: 46500207 cycles: 135611508 heartbeat IPC: 0.2432 cumulative IPC: 0.2737 (Simulation time: 00 hr 07 min 01 sec)
Heartbeat CPU 0 instructions: 47000212 cycles: 137644461 heartbeat IPC: 0.246 cumulative IPC: 0.2733 (Simulation time: 00 hr 07 min 07 sec)
Heartbeat CPU 0 instructions: 47500212 cycles: 139693592 heartbeat IPC: 0.244 cumulative IPC: 0.2728 (Simulation time: 00 hr 07 min 13 sec)
Heartbeat CPU 0 instructions: 48000212 cycles: 141725440 heartbeat IPC: 0.2461 cumulative IPC: 0.2724 (Simulation time: 00 hr 07 min 19 sec)
Heartbeat CPU 0 instructions: 48500216 cycles: 143789777 heartbeat IPC: 0.2422 cumulative IPC: 0.272 (Simulation time: 00 hr 07 min 25 sec)
Heartbeat CPU 0 instructions: 49000218 cycles: 145824598 heartbeat IPC: 0.2457 cumulative IPC: 0.2716 (Simulation time: 00 hr 07 min 31 sec)
Heartbeat CPU 0 instructions: 49500219 cycles: 147859813 heartbeat IPC: 0.2457 cumulative IPC: 0.2713 (Simulation time: 00 hr 07 min 37 sec)
Heartbeat CPU 0 instructions: 50000221 cycles: 149485006 heartbeat IPC: 0.3077 cumulative IPC: 0.2717 (Simulation time: 00 hr 07 min 42 sec)
Heartbeat CPU 0 instructions: 50500223 cycles: 150717369 heartbeat IPC: 0.4057 cumulative IPC: 0.2728 (Simulation time: 00 hr 07 min 46 sec)
Heartbeat CPU 0 instructions: 51000225 cycles: 151955908 heartbeat IPC: 0.4037 cumulative IPC: 0.2739 (Simulation time: 00 hr 07 min 50 sec)
Heartbeat CPU 0 instructions: 51500226 cycles: 153198954 heartbeat IPC: 0.4022 cumulative IPC: 0.2749 (Simulation time: 00 hr 07 min 54 sec)
Heartbeat CPU 0 instructions: 52000228 cycles: 154408592 heartbeat IPC: 0.4133 cumulative IPC: 0.276 (Simulation time: 00 hr 07 min 57 sec)
Heartbeat CPU 0 instructions: 52500231 cycles: 155621774 heartbeat IPC: 0.4121 cumulative IPC: 0.2771 (Simulation time: 00 hr 08 min 01 sec)
Heartbeat CPU 0 instructions: 53000231 cycles: 156853502 heartbeat IPC: 0.4059 cumulative IPC: 0.2781 (Simulation time: 00 hr 08 min 05 sec)
Heartbeat CPU 0 instructions: 53500232 cycles: 158023489 heartbeat IPC: 0.4274 cumulative IPC: 0.2793 (Simulation time: 00 hr 08 min 08 sec)
Heartbeat CPU 0 instructions: 54000233 cycles: 159220350 heartbeat IPC: 0.4178 cumulative IPC: 0.2803 (Simulation time: 00 hr 08 min 12 sec)
Heartbeat CPU 0 instructions: 54500233 cycles: 160417448 heartbeat IPC: 0.4177 cumulative IPC: 0.2813 (Simulation time: 00 hr 08 min 16 sec)
Heartbeat CPU 0 instructions: 55000233 cycles: 161595855 heartbeat IPC: 0.4243 cumulative IPC: 0.2824 (Simulation time: 00 hr 08 min 19 sec)
Heartbeat CPU 0 instructions: 55500234 cycles: 162763103 heartbeat IPC: 0.4284 cumulative IPC: 0.2835 (Simulation time: 00 hr 08 min 23 sec)
Heartbeat CPU 0 instructions: 56000234 cycles: 163946043 heartbeat IPC: 0.4227 cumulative IPC: 0.2845 (Simulation time: 00 hr 08 min 27 sec)
Heartbeat CPU 0 instructions: 56500234 cycles: 165130046 heartbeat IPC: 0.4223 cumulative IPC: 0.2855 (Simulation time: 00 hr 08 min 30 sec)
Heartbeat CPU 0 instructions: 57000234 cycles: 166308459 heartbeat IPC: 0.4243 cumulative IPC: 0.2865 (Simulation time: 00 hr 08 min 34 sec)
Heartbeat CPU 0 instructions: 57500236 cycles: 167473014 heartbeat IPC: 0.4294 cumulative IPC: 0.2875 (Simulation time: 00 hr 08 min 37 sec)
Heartbeat CPU 0 instructions: 58000237 cycles: 168652238 heartbeat IPC: 0.424 cumulative IPC: 0.2885 (Simulation time: 00 hr 08 min 41 sec)
Heartbeat CPU 0 instructions: 58500239 cycles: 169813694 heartbeat IPC: 0.4305 cumulative IPC: 0.2894 (Simulation time: 00 hr 08 min 45 sec)
Heartbeat CPU 0 instructions: 59000241 cycles: 170989715 heartbeat IPC: 0.4252 cumulative IPC: 0.2904 (Simulation time: 00 hr 08 min 48 sec)
Heartbeat CPU 0 instructions: 59500243 cycles: 171419487 heartbeat IPC: 1.163 cumulative IPC: 0.2926 (Simulation time: 00 hr 08 min 50 sec)
Simulation finished CPU 0 instructions: 50000006 cycles: 169270655 cumulative IPC: 0.2954 (Simulation time: 00 hr 08 min 51 sec)
Simulation complete CPU 0 instructions: 50000006 cycles: 169270655 cumulative IPC: 0.2954 (Simulation time: 00 hr 08 min 51 sec)

ChampSim completed all CPUs

=== Simulation ===
CPU 0 runs traces/bfs-14.trace.gz

Region of Interest Statistics

CPU 0 cumulative IPC: 0.2954 instructions: 50000006 cycles: 169270655
CPU 0 Branch Prediction Accuracy: 78.82% MPKI: 43.94 Average ROB Occupancy at Mispredict: 3.461
Branch type MPKI
BRANCH_DIRECT_JUMP: 0.00018
BRANCH_INDIRECT: 0
BRANCH_CONDITIONAL: 43.94
BRANCH_DIRECT_CALL: 0.0004
BRANCH_INDIRECT_CALL: 0
BRANCH_RETURN: 0.00044

cpu0->cpu0_STLB TOTAL        ACCESS:      67061 HIT:      10770 MISS:      56291 MSHR_MERGE:          0
cpu0->cpu0_STLB LOAD         ACCESS:      67061 HIT:      10770 MISS:      56291 MSHR_MERGE:          0
cpu0->cpu0_STLB RFO          ACCESS:          0 HIT:          0 MISS:          0 MSHR_MERGE:          0
cpu0->cpu0_STLB PREFETCH     ACCESS:          0 HIT:          0 MISS:          0 MSHR_MERGE:          0
cpu0->cpu0_STLB WRITE        ACCESS:          0 HIT:          0 MISS:          0 MSHR_MERGE:          0
cpu0->cpu0_STLB TRANSLATION  ACCESS:          0 HIT:          0 MISS:          0 MSHR_MERGE:          0
cpu0->cpu0_STLB PREFETCH REQUESTED:          0 ISSUED:          0 USEFUL:          0 USELESS:          0
cpu0->cpu0_STLB AVERAGE MISS LATENCY: 139.3 cycles
cpu0->cpu0_L2C TOTAL        ACCESS:    3816403 HIT:    2518549 MISS:    1297854 MSHR_MERGE:      98713
cpu0->cpu0_L2C LOAD         ACCESS:    1698452 HIT:    1237624 MISS:     460828 MSHR_MERGE:      15693
cpu0->cpu0_L2C RFO          ACCESS:      14047 HIT:       5461 MISS:       8586 MSHR_MERGE:          0
cpu0->cpu0_L2C PREFETCH     ACCESS:    1932292 HIT:    1113513 MISS:     818779 MSHR_MERGE:      83020
cpu0->cpu0_L2C WRITE        ACCESS:     160144 HIT:     160142 MISS:          2 MSHR_MERGE:          0
cpu0->cpu0_L2C TRANSLATION  ACCESS:      11468 HIT:       1809 MISS:       9659 MSHR_MERGE:          0
cpu0->cpu0_L2C PREFETCH REQUESTED:    1933084 ISSUED:    1932292 USEFUL:     567311 USELESS:     167976
cpu0->cpu0_L2C AVERAGE MISS LATENCY: 221.2 cycles
cpu0->cpu0_L1I TOTAL        ACCESS:     241550 HIT:     241504 MISS:         46 MSHR_MERGE:          4
cpu0->cpu0_L1I LOAD         ACCESS:     241550 HIT:     241504 MISS:         46 MSHR_MERGE:          4
cpu0->cpu0_L1I RFO          ACCESS:          0 HIT:          0 MISS:          0 MSHR_MERGE:          0
cpu0->cpu0_L1I PREFETCH     ACCESS:          0 HIT:          0 MISS:          0 MSHR_MERGE:          0
cpu0->cpu0_L1I WRITE        ACCESS:          0 HIT:          0 MISS:          0 MSHR_MERGE:          0
cpu0->cpu0_L1I TRANSLATION  ACCESS:          0 HIT:          0 MISS:          0 MSHR_MERGE:          0
cpu0->cpu0_L1I PREFETCH REQUESTED:          0 ISSUED:          0 USEFUL:          0 USELESS:          0
cpu0->cpu0_L1I AVERAGE MISS LATENCY: 222.6 cycles
cpu0->cpu0_L1D TOTAL        ACCESS:   13244429 HIT:   11112439 MISS:    2131990 MSHR_MERGE:     408065
cpu0->cpu0_L1D LOAD         ACCESS:   11736701 HIT:    9699705 MISS:    2036996 MSHR_MERGE:     338586
cpu0->cpu0_L1D RFO          ACCESS:          0 HIT:          0 MISS:          0 MSHR_MERGE:          0
cpu0->cpu0_L1D PREFETCH     ACCESS:          0 HIT:          0 MISS:          0 MSHR_MERGE:          0
cpu0->cpu0_L1D WRITE        ACCESS:    1395082 HIT:    1311724 MISS:      83358 MSHR_MERGE:      69311
cpu0->cpu0_L1D TRANSLATION  ACCESS:     112646 HIT:     101010 MISS:      11636 MSHR_MERGE:        168
cpu0->cpu0_L1D PREFETCH REQUESTED:          0 ISSUED:          0 USEFUL:          0 USELESS:          0
cpu0->cpu0_L1D AVERAGE MISS LATENCY: 69.75 cycles
cpu0->cpu0_ITLB TOTAL        ACCESS:     236039 HIT:     236037 MISS:          2 MSHR_MERGE:          1
cpu0->cpu0_ITLB LOAD         ACCESS:     236039 HIT:     236037 MISS:          2 MSHR_MERGE:          1
cpu0->cpu0_ITLB RFO          ACCESS:          0 HIT:          0 MISS:          0 MSHR_MERGE:          0
cpu0->cpu0_ITLB PREFETCH     ACCESS:          0 HIT:          0 MISS:          0 MSHR_MERGE:          0
cpu0->cpu0_ITLB WRITE        ACCESS:          0 HIT:          0 MISS:          0 MSHR_MERGE:          0
cpu0->cpu0_ITLB TRANSLATION  ACCESS:          0 HIT:          0 MISS:          0 MSHR_MERGE:          0
cpu0->cpu0_ITLB PREFETCH REQUESTED:          0 ISSUED:          0 USEFUL:          0 USELESS:          0
cpu0->cpu0_ITLB AVERAGE MISS LATENCY: 1409 cycles
cpu0->cpu0_DTLB TOTAL        ACCESS:   13118344 HIT:   13030256 MISS:      88088 MSHR_MERGE:      21028
cpu0->cpu0_DTLB LOAD         ACCESS:   13118344 HIT:   13030256 MISS:      88088 MSHR_MERGE:      21028
cpu0->cpu0_DTLB RFO          ACCESS:          0 HIT:          0 MISS:          0 MSHR_MERGE:          0
cpu0->cpu0_DTLB PREFETCH     ACCESS:          0 HIT:          0 MISS:          0 MSHR_MERGE:          0
cpu0->cpu0_DTLB WRITE        ACCESS:          0 HIT:          0 MISS:          0 MSHR_MERGE:          0
cpu0->cpu0_DTLB TRANSLATION  ACCESS:          0 HIT:          0 MISS:          0 MSHR_MERGE:          0
cpu0->cpu0_DTLB PREFETCH REQUESTED:          0 ISSUED:          0 USEFUL:          0 USELESS:          0
cpu0->cpu0_DTLB AVERAGE MISS LATENCY: 122.7 cycles
cpu0->LLC TOTAL        ACCESS:    1357094 HIT:     109408 MISS:    1247686 MSHR_MERGE:          1
cpu0->LLC LOAD         ACCESS:     445135 HIT:      14521 MISS:     430614 MSHR_MERGE:          0
cpu0->LLC RFO          ACCESS:       8586 HIT:        388 MISS:       8198 MSHR_MERGE:          0
cpu0->LLC PREFETCH     ACCESS:     735759 HIT:      48111 MISS:     687648 MSHR_MERGE:          1
cpu0->LLC WRITE        ACCESS:     157955 HIT:      46357 MISS:     111598 MSHR_MERGE:          0
cpu0->LLC TRANSLATION  ACCESS:       9659 HIT:         31 MISS:       9628 MSHR_MERGE:          0
cpu0->LLC PREFETCH REQUESTED:          0 ISSUED:          0 USEFUL:          0 USELESS:          0
cpu0->LLC AVERAGE MISS LATENCY: 169.8 cycles

DRAM Statistics

Channel 0 RQ ROW_BUFFER_HIT:      69477
  ROW_BUFFER_MISS:    1066596
  AVG DBUS CONGESTED CYCLE: 28.7
Channel 0 WQ ROW_BUFFER_HIT:      34989
  ROW_BUFFER_MISS:     101533
  FULL:        169
Channel 0 REFRESHES ISSUED:      14105
