[VMEM] WARNING: physical memory size is smaller than virtual memory size.

*** ChampSim Multicore Out-of-Order Simulator ***
Warmup Instructions: 10000000
Simulation Instructions: 50000000
Number of CPUs: 1
Page size: 4096
Core 0: traces/cc-5.trace.gz
Off-chip DRAM Size: 64 GiB Channels: 1 Width: 64-bit Data Rate: 4807 MT/s
Heartbeat CPU 0 instructions: 500004 cycles: 151360 heartbeat IPC: 3.303 cumulative IPC: 3.303 (Simulation time: 00 hr 00 min 01 sec)
Heartbeat CPU 0 instructions: 1000005 cycles: 299075 heartbeat IPC: 3.385 cumulative IPC: 3.344 (Simulation time: 00 hr 00 min 02 sec)
Heartbeat CPU 0 instructions: 1500005 cycles: 446636 heartbeat IPC: 3.388 cumulative IPC: 3.358 (Simulation time: 00 hr 00 min 03 sec)
Heartbeat CPU 0 instructions: 2000010 cycles: 556936 heartbeat IPC: 4.533 cumulative IPC: 3.591 (Simulation time: 00 hr 00 min 04 sec)
Heartbeat CPU 0 instructions: 2500017 cycles: 659906 heartbeat IPC: 4.856 cumulative IPC: 3.788 (Simulation time: 00 hr 00 min 05 sec)
Heartbeat CPU 0 instructions: 3000022 cycles: 762998 heartbeat IPC: 4.85 cumulative IPC: 3.932 (Simulation time: 00 hr 00 min 06 sec)
Heartbeat CPU 0 instructions: 3500026 cycles: 866385 heartbeat IPC: 4.836 cumulative IPC: 4.04 (Simulation time: 00 hr 00 min 07 sec)
Heartbeat CPU 0 instructions: 4000031 cycles: 969409 heartbeat IPC: 4.853 cumulative IPC: 4.126 (Simulation time: 00 hr 00 min 08 sec)
Heartbeat CPU 0 instructions: 4500032 cycles: 1072639 heartbeat IPC: 4.844 cumulative IPC: 4.195 (Simulation time: 00 hr 00 min 09 sec)
Heartbeat CPU 0 instructions: 5000035 cycles: 1175882 heartbeat IPC: 4.843 cumulative IPC: 4.252 (Simulation time: 00 hr 00 min 10 sec)
Heartbeat CPU 0 instructions: 5500038 cycles: 1279300 heartbeat IPC: 4.835 cumulative IPC: 4.299 (Simulation time: 00 hr 00 min 11 sec)
Heartbeat CPU 0 instructions: 6000041 cycles: 1382635 heartbeat IPC: 4.839 cumulative IPC: 4.34 (Simulation time: 00 hr 00 min 11 sec)
Heartbeat CPU 0 instructions: 6500041 cycles: 1486006 heartbeat IPC: 4.837 cumulative IPC: 4.374 (Simulation time: 00 hr 00 min 12 sec)
Heartbeat CPU 0 instructions: 7000048 cycles: 1589328 heartbeat IPC: 4.839 cumulative IPC: 4.404 (Simulation time: 00 hr 00 min 13 sec)
Heartbeat CPU 0 instructions: 7500049 cycles: 1692768 heartbeat IPC: 4.834 cumulative IPC: 4.431 (Simulation time: 00 hr 00 min 14 sec)
Heartbeat CPU 0 instructions: 8000052 cycles: 1796113 heartbeat IPC: 4.838 cumulative IPC: 4.454 (Simulation time: 00 hr 00 min 15 sec)
Heartbeat CPU 0 instructions: 8500057 cycles: 1899453 heartbeat IPC: 4.838 cumulative IPC: 4.475 (Simulation time: 00 hr 00 min 16 sec)
Heartbeat CPU 0 instructions: 9000063 cycles: 2002909 heartbeat IPC: 4.833 cumulative IPC: 4.493 (Simulation time: 00 hr 00 min 17 sec)
Heartbeat CPU 0 instructions: 9500065 cycles: 2106332 heartbeat IPC: 4.835 cumulative IPC: 4.51 (Simulation time: 00 hr 00 min 18 sec)
Warmup finished CPU 0 instructions: 10000003 cycles: 2209662 cumulative IPC: 4.526 (Simulation time: 00 hr 00 min 19 sec)
Warmup complete CPU 0 instructions: 10000003 cycles: 2209662 cumulative IPC: 4.526 (Simulation time: 00 hr 00 min 19 sec)
Heartbeat CPU 0 instructions: 10000067 cycles: 2209710 heartbeat IPC: 4.837 cumulative IPC: 1.333 (Simulation time: 00 hr 00 min 19 sec)
Heartbeat CPU 0 instructions: 10500067 cycles: 3246113 heartbeat IPC: 0.4824 cumulative IPC: 0.4825 (Simulation time: 00 hr 00 min 23 sec)
Heartbeat CPU 0 instructions: 11000067 cycles: 4413975 heartbeat IPC: 0.4281 cumulative IPC: 0.4537 (Simulation time: 00 hr 00 min 27 sec)
Heartbeat CPU 0 instructions: 11500069 cycles: 5449866 heartbeat IPC: 0.4827 cumulative IPC: 0.463 (Simulation time: 00 hr 00 min 30 sec)
Heartbeat CPU 0 instructions: 12000071 cycles: 6521499 heartbeat IPC: 0.4666 cumulative IPC: 0.4639 (Simulation time: 00 hr 00 min 34 sec)
Heartbeat CPU 0 instructions: 12500074 cycles: 7529237 heartbeat IPC: 0.4962 cumulative IPC: 0.47 (Simulation time: 00 hr 00 min 38 sec)
Heartbeat CPU 0 instructions: 13000074 cycles: 8609475 heartbeat IPC: 0.4629 cumulative IPC: 0.4688 (Simulation time: 00 hr 00 min 42 sec)
Heartbeat CPU 0 instructions: 13500075 cycles: 9513973 heartbeat IPC: 0.5528 cumulative IPC: 0.4792 (Simulation time: 00 hr 00 min 45 sec)
Heartbeat CPU 0 instructions: 14000078 cycles: 10435575 heartbeat IPC: 0.5425 cumulative IPC: 0.4863 (Simulation time: 00 hr 00 min 48 sec)
Heartbeat CPU 0 instructions: 14500079 cycles: 11309260 heartbeat IPC: 0.5723 cumulative IPC: 0.4945 (Simulation time: 00 hr 00 min 52 sec)
Heartbeat CPU 0 instructions: 15000081 cycles: 12223900 heartbeat IPC: 0.5467 cumulative IPC: 0.4993 (Simulation time: 00 hr 00 min 55 sec)
Heartbeat CPU 0 instructions: 15500086 cycles: 13169125 heartbeat IPC: 0.529 cumulative IPC: 0.5019 (Simulation time: 00 hr 00 min 59 sec)
Heartbeat CPU 0 instructions: 16000091 cycles: 14097756 heartbeat IPC: 0.5384 cumulative IPC: 0.5047 (Simulation time: 00 hr 01 min 02 sec)
Heartbeat CPU 0 instructions: 16500091 cycles: 15036479 heartbeat IPC: 0.5326 cumulative IPC: 0.5068 (Simulation time: 00 hr 01 min 06 sec)
Heartbeat CPU 0 instructions: 17000092 cycles: 16023122 heartbeat IPC: 0.5068 cumulative IPC: 0.5068 (Simulation time: 00 hr 01 min 09 sec)
Heartbeat CPU 0 instructions: 17500092 cycles: 16938478 heartbeat IPC: 0.5462 cumulative IPC: 0.5092 (Simulation time: 00 hr 01 min 13 sec)
Heartbeat CPU 0 instructions: 18000095 cycles: 17828930 heartbeat IPC: 0.5615 cumulative IPC: 0.5122 (Simulation time: 00 hr 01 min 17 sec)
Heartbeat CPU 0 instructions: 18500098 cycles: 18808740 heartbeat IPC: 0.5103 cumulative IPC: 0.5121 (Simulation time: 00 hr 01 min 20 sec)
Heartbeat CPU 0 instructions: 19000098 cycles: 19673142 heartbeat IPC: 0.5784 cumulative IPC: 0.5154 (Simulation time: 00 hr 01 min 24 sec)
Heartbeat CPU 0 instructions: 19500098 cycles: 20573075 heartbeat IPC: 0.5556 cumulative IPC: 0.5173 (Simulation time: 00 hr 01 min 27 sec)
Heartbeat CPU 0 instructions: 20000098 cycles: 21492561 heartbeat IPC: 0.5438 cumulative IPC: 0.5186 (Simulation time: 00 hr 01 min 31 sec)
Heartbeat CPU 0 instructions: 20500099 cycles: 22425072 heartbeat IPC: 0.5362 cumulative IPC: 0.5194 (Simulation time: 00 hr 01 min 34 sec)
Heartbeat CPU 0 instructions: 21000102 cycles: 23366832 heartbeat IPC: 0.5309 cumulative IPC: 0.5199 (Simulation time: 00 hr 01 min 38 sec)
Heartbeat CPU 0 instructions: 21500102 cycles: 24306231 heartbeat IPC: 0.5323 cumulative IPC: 0.5204 (Simulation time: 00 hr 01 min 41 sec)
Heartbeat CPU 0 instructions: 22000102 cycles: 25241041 heartbeat IPC: 0.5349 cumulative IPC: 0.521 (Simulation time: 00 hr 01 min 45 sec)
Heartbeat CPU 0 instructions: 22500103 cycles: 26206446 heartbeat IPC: 0.5179 cumulative IPC: 0.5209 (Simulation time: 00 hr 01 min 48 sec)
Heartbeat CPU 0 instructions: 23000103 cycles: 27138829 heartbeat IPC: 0.5363 cumulative IPC: 0.5215 (Simulation time: 00 hr 01 min 52 sec)
Heartbeat CPU 0 instructions: 23500103 cycles: 28057083 heartbeat IPC: 0.5445 cumulative IPC: 0.5223 (Simulation time: 00 hr 01 min 55 sec)
Heartbeat CPU 0 instructions: 24000104 cycles: 28983699 heartbeat IPC: 0.5396 cumulative IPC: 0.5229 (Simulation time: 00 hr 01 min 59 sec)
Heartbeat CPU 0 instructions: 24500106 cycles: 29886470 heartbeat IPC: 0.5539 cumulative IPC: 0.5239 (Simulation time: 00 hr 02 min 02 sec)
Heartbeat CPU 0 instructions: 25000108 cycles: 30742828 heartbeat IPC: 0.5839 cumulative IPC: 0.5257 (Simulation time: 00 hr 02 min 06 sec)
Heartbeat CPU 0 instructions: 25500111 cycles: 31635628 heartbeat IPC: 0.56 cumulative IPC: 0.5267 (Simulation time: 00 hr 02 min 09 sec)
Heartbeat CPU 0 instructions: 26000115 cycles: 32562722 heartbeat IPC: 0.5393 cumulative IPC: 0.5271 (Simulation time: 00 hr 02 min 13 sec)
Heartbeat CPU 0 instructions: 26500115 cycles: 33462991 heartbeat IPC: 0.5554 cumulative IPC: 0.5279 (Simulation time: 00 hr 02 min 16 sec)
Heartbeat CPU 0 instructions: 27000119 cycles: 34324682 heartbeat IPC: 0.5803 cumulative IPC: 0.5294 (Simulation time: 00 hr 02 min 19 sec)
Heartbeat CPU 0 instructions: 27500122 cycles: 35186552 heartbeat IPC: 0.5801 cumulative IPC: 0.5307 (Simulation time: 00 hr 02 min 23 sec)
Heartbeat CPU 0 instructions: 28000124 cycles: 36090572 heartbeat IPC: 0.5531 cumulative IPC: 0.5313 (Simulation time: 00 hr 02 min 26 sec)
Heartbeat CPU 0 instructions: 28500127 cycles: 36991127 heartbeat IPC: 0.5552 cumulative IPC: 0.5319 (Simulation time: 00 hr 02 min 30 sec)
Heartbeat CPU 0 instructions: 29000132 cycles: 37878475 heartbeat IPC: 0.5635 cumulative IPC: 0.5327 (Simulation time: 00 hr 02 min 33 sec)
Heartbeat CPU 0 instructions: 29500132 cycles: 38734703 heartbeat IPC: 0.584 cumulative IPC: 0.5339 (Simulation time: 00 hr 02 min 36 sec)
Heartbeat CPU 0 instructions: 30000137 cycles: 39631814 heartbeat IPC: 0.5574 cumulative IPC: 0.5344 (Simulation time: 00 hr 02 min 40 sec)
Heartbeat CPU 0 instructions: 30500140 cycles: 40546291 heartbeat IPC: 0.5468 cumulative IPC: 0.5347 (Simulation time: 00 hr 02 min 43 sec)
Heartbeat CPU 0 instructions: 31000140 cycles: 41387320 heartbeat IPC: 0.5945 cumulative IPC: 0.536 (Simulation time: 00 hr 02 min 47 sec)
Heartbeat CPU 0 instructions: 31500140 cycles: 42397673 heartbeat IPC: 0.4949 cumulative IPC: 0.535 (Simulation time: 00 hr 02 min 50 sec)
Heartbeat CPU 0 instructions: 32000145 cycles: 43204662 heartbeat IPC: 0.6196 cumulative IPC: 0.5367 (Simulation time: 00 hr 02 min 54 sec)
Heartbeat CPU 0 instructions: 32500146 cycles: 44098571 heartbeat IPC: 0.5593 cumulative IPC: 0.5371 (Simulation time: 00 hr 02 min 57 sec)
Heartbeat CPU 0 instructions: 33000149 cycles: 44960063 heartbeat IPC: 0.5804 cumulative IPC: 0.538 (Simulation time: 00 hr 03 min 00 sec)
Heartbeat CPU 0 instructions: 33500149 cycles: 45872932 heartbeat IPC: 0.5477 cumulative IPC: 0.5382 (Simulation time: 00 hr 03 min 04 sec)
Heartbeat CPU 0 instructions: 34000150 cycles: 46723017 heartbeat IPC: 0.5882 cumulative IPC: 0.5392 (Simulation time: 00 hr 03 min 07 sec)
Heartbeat CPU 0 instructions: 34500150 cycles: 47611913 heartbeat IPC: 0.5625 cumulative IPC: 0.5396 (Simulation time: 00 hr 03 min 11 sec)
Heartbeat CPU 0 instructions: 35000154 cycles: 48500999 heartbeat IPC: 0.5624 cumulative IPC: 0.5401 (Simulation time: 00 hr 03 min 14 sec)
Heartbeat CPU 0 instructions: 35500154 cycles: 49292500 heartbeat IPC: 0.6317 cumulative IPC: 0.5416 (Simulation time: 00 hr 03 min 18 sec)
Heartbeat CPU 0 instructions: 36000154 cycles: 50295042 heartbeat IPC: 0.4987 cumulative IPC: 0.5407 (Simulation time: 00 hr 03 min 21 sec)
Heartbeat CPU 0 instructions: 36500154 cycles: 51289228 heartbeat IPC: 0.5029 cumulative IPC: 0.5399 (Simulation time: 00 hr 03 min 25 sec)
Heartbeat CPU 0 instructions: 37000156 cycles: 52280141 heartbeat IPC: 0.5046 cumulative IPC: 0.5392 (Simulation time: 00 hr 03 min 28 sec)
Heartbeat CPU 0 instructions: 37500160 cycles: 53194276 heartbeat IPC: 0.547 cumulative IPC: 0.5394 (Simulation time: 00 hr 03 min 32 sec)
Heartbeat CPU 0 instructions: 38000161 cycles: 54020955 heartbeat IPC: 0.6048 cumulative IPC: 0.5404 (Simulation time: 00 hr 03 min 35 sec)
Heartbeat CPU 0 instructions: 38500161 cycles: 54911777 heartbeat IPC: 0.5613 cumulative IPC: 0.5408 (Simulation time: 00 hr 03 min 39 sec)
Heartbeat CPU 0 instructions: 39000161 cycles: 55849384 heartbeat IPC: 0.5333 cumulative IPC: 0.5406 (Simulation time: 00 hr 03 min 42 sec)
Heartbeat CPU 0 instructions: 39500165 cycles: 56738738 heartbeat IPC: 0.5622 cumulative IPC: 0.541 (Simulation time: 00 hr 03 min 46 sec)
Heartbeat CPU 0 instructions: 40000166 cycles: 57620965 heartbeat IPC: 0.5667 cumulative IPC: 0.5414 (Simulation time: 00 hr 03 min 49 sec)
Heartbeat CPU 0 instructions: 40500168 cycles: 58520006 heartbeat IPC: 0.5562 cumulative IPC: 0.5416 (Simulation time: 00 hr 03 min 53 sec)
Heartbeat CPU 0 instructions: 41000168 cycles: 59502858 heartbeat IPC: 0.5087 cumulative IPC: 0.5411 (Simulation time: 00 hr 03 min 56 sec)
Heartbeat CPU 0 instructions: 41500173 cycles: 60356318 heartbeat IPC: 0.5859 cumulative IPC: 0.5417 (Simulation time: 00 hr 04 min 00 sec)
Heartbeat CPU 0 instructions: 42000173 cycles: 61202095 heartbeat IPC: 0.5912 cumulative IPC: 0.5424 (Simulation time: 00 hr 04 min 03 sec)
Heartbeat CPU 0 instructions: 42500173 cycles: 62098567 heartbeat IPC: 0.5577 cumulative IPC: 0.5427 (Simulation time: 00 hr 04 min 06 sec)
Heartbeat CPU 0 instructions: 43000175 cycles: 62933674 heartbeat IPC: 0.5987 cumulative IPC: 0.5434 (Simulation time: 00 hr 04 min 10 sec)
Heartbeat CPU 0 instructions: 43500179 cycles: 63815139 heartbeat IPC: 0.5672 cumulative IPC: 0.5438 (Simulation time: 00 hr 04 min 13 sec)
Heartbeat CPU 0 instructions: 44000179 cycles: 64723126 heartbeat IPC: 0.5507 cumulative IPC: 0.5439 (Simulation time: 00 hr 04 min 17 sec)
Heartbeat CPU 0 instructions: 44500179 cycles: 65558127 heartbeat IPC: 0.5988 cumulative IPC: 0.5446 (Simulation time: 00 hr 04 min 20 sec)
Heartbeat CPU 0 instructions: 45000185 cycles: 66366405 heartbeat IPC: 0.6186 cumulative IPC: 0.5455 (Simulation time: 00 hr 04 min 24 sec)
Heartbeat CPU 0 instructions: 45500187 cycles: 67207436 heartbeat IPC: 0.5945 cumulative IPC: 0.5462 (Simulation time: 00 hr 04 min 27 sec)
Heartbeat CPU 0 instructions: 46000188 cycles: 68023728 heartbeat IPC: 0.6125 cumulative IPC: 0.547 (Simulation time: 00 hr 04 min 31 sec)
Heartbeat CPU 0 instructions: 46500188 cycles: 68909922 heartbeat IPC: 0.5642 cumulative IPC: 0.5472 (Simulation time: 00 hr 04 min 34 sec)
Heartbeat CPU 0 instructions: 47000190 cycles: 69807453 heartbeat IPC: 0.5571 cumulative IPC: 0.5474 (Simulation time: 00 hr 04 min 38 sec)
Heartbeat CPU 0 instructions: 47500191 cycles: 70700347 heartbeat IPC: 0.56 cumulative IPC: 0.5475 (Simulation time: 00 hr 04 min 41 sec)
Heartbeat CPU 0 instructions: 48000192 cycles: 71527289 heartbeat IPC: 0.6046 cumulative IPC: 0.5482 (Simulation time: 00 hr 04 min 44 sec)
Heartbeat CPU 0 instructions: 48500194 cycles: 72403713 heartbeat IPC: 0.5705 cumulative IPC: 0.5485 (Simulation time: 00 hr 04 min 48 sec)
Heartbeat CPU 0 instructions: 49000195 cycles: 73302845 heartbeat IPC: 0.5561 cumulative IPC: 0.5486 (Simulation time: 00 hr 04 min 51 sec)
Heartbeat CPU 0 instructions: 49500195 cycles: 74182383 heartbeat IPC: 0.5685 cumulative IPC: 0.5488 (Simulation time: 00 hr 04 min 55 sec)
Heartbeat CPU 0 instructions: 50000195 cycles: 74965609 heartbeat IPC: 0.6384 cumulative IPC: 0.5498 (Simulation time: 00 hr 04 min 58 sec)
Heartbeat CPU 0 instructions: 50500199 cycles: 75887055 heartbeat IPC: 0.5426 cumulative IPC: 0.5497 (Simulation time: 00 hr 05 min 02 sec)
Heartbeat CPU 0 instructions: 51000201 cycles: 76663835 heartbeat IPC: 0.6437 cumulative IPC: 0.5507 (Simulation time: 00 hr 05 min 05 sec)
Heartbeat CPU 0 instructions: 51500206 cycles: 77591265 heartbeat IPC: 0.5391 cumulative IPC: 0.5505 (Simulation time: 00 hr 05 min 09 sec)
Heartbeat CPU 0 instructions: 52000207 cycles: 78392425 heartbeat IPC: 0.6241 cumulative IPC: 0.5513 (Simulation time: 00 hr 05 min 12 sec)
Heartbeat CPU 0 instructions: 52500208 cycles: 79296559 heartbeat IPC: 0.553 cumulative IPC: 0.5513 (Simulation time: 00 hr 05 min 15 sec)
Heartbeat CPU 0 instructions: 53000208 cycles: 80210298 heartbeat IPC: 0.5472 cumulative IPC: 0.5513 (Simulation time: 00 hr 05 min 19 sec)
Heartbeat CPU 0 instructions: 53500208 cycles: 81103907 heartbeat IPC: 0.5595 cumulative IPC: 0.5514 (Simulation time: 00 hr 05 min 22 sec)
Heartbeat CPU 0 instructions: 54000208 cycles: 81962981 heartbeat IPC: 0.582 cumulative IPC: 0.5517 (Simulation time: 00 hr 05 min 26 sec)
Heartbeat CPU 0 instructions: 54500209 cycles: 82933042 heartbeat IPC: 0.5154 cumulative IPC: 0.5513 (Simulation time: 00 hr 05 min 29 sec)
Heartbeat CPU 0 instructions: 55000209 cycles: 83884189 heartbeat IPC: 0.5257 cumulative IPC: 0.551 (Simulation time: 00 hr 05 min 33 sec)
Heartbeat CPU 0 instructions: 55500209 cycles: 84791200 heartbeat IPC: 0.5513 cumulative IPC: 0.551 (Simulation time: 00 hr 05 min 36 sec)
Heartbeat CPU 0 instructions: 56000209 cycles: 85614851 heartbeat IPC: 0.6071 cumulative IPC: 0.5515 (Simulation time: 00 hr 05 min 40 sec)
Heartbeat CPU 0 instructions: 56500214 cycles: 86444147 heartbeat IPC: 0.6029 cumulative IPC: 0.552 (Simulation time: 00 hr 05 min 43 sec)
Heartbeat CPU 0 instructions: 57000218 cycles: 87329263 heartbeat IPC: 0.5649 cumulative IPC: 0.5522 (Simulation time: 00 hr 05 min 47 sec)
Heartbeat CPU 0 instructions: 57500223 cycles: 88205143 heartbeat IPC: 0.5709 cumulative IPC: 0.5524 (Simulation time: 00 hr 05 min 50 sec)
Heartbeat CPU 0 instructions: 58000223 cycles: 89028783 heartbeat IPC: 0.6071 cumulative IPC: 0.5529 (Simulation time: 00 hr 05 min 53 sec)
Heartbeat CPU 0 instructions: 58500227 cycles: 89899693 heartbeat IPC: 0.5741 cumulative IPC: 0.5531 (Simulation time: 00 hr 05 min 57 sec)
Heartbeat CPU 0 instructions: 59000231 cycles: 90773843 heartbeat IPC: 0.572 cumulative IPC: 0.5533 (Simulation time: 00 hr 06 min 00 sec)
Heartbeat CPU 0 instructions: 59500233 cycles: 91592772 heartbeat IPC: 0.6106 cumulative IPC: 0.5538 (Simulation time: 00 hr 06 min 04 sec)
Simulation finished CPU 0 instructions: 50000000 cycles: 90217978 cumulative IPC: 0.5542 (Simulation time: 00 hr 06 min 07 sec)
Simulation complete CPU 0 instructions: 50000000 cycles: 90217978 cumulative IPC: 0.5542 (Simulation time: 00 hr 06 min 07 sec)

ChampSim completed all CPUs

=== Simulation ===
CPU 0 runs traces/cc-5.trace.gz

Region of Interest Statistics

CPU 0 cumulative IPC: 0.5542 instructions: 50000000 cycles: 90217978
CPU 0 Branch Prediction Accuracy: 93.05% MPKI: 13.72 Average ROB Occupancy at Mispredict: 46.46
Branch type MPKI
BRANCH_DIRECT_JUMP: 0
BRANCH_INDIRECT: 0
BRANCH_CONDITIONAL: 13.72
BRANCH_DIRECT_CALL: 0
BRANCH_INDIRECT_CALL: 0
BRANCH_RETURN: 0

cpu0->cpu0_STLB TOTAL        ACCESS:    2309204 HIT:    2305727 MISS:       3477 MSHR_MERGE:          0
cpu0->cpu0_STLB LOAD         ACCESS:    2309204 HIT:    2305727 MISS:       3477 MSHR_MERGE:          0
cpu0->cpu0_STLB RFO          ACCESS:          0 HIT:          0 MISS:          0 MSHR_MERGE:          0
cpu0->cpu0_STLB PREFETCH     ACCESS:          0 HIT:          0 MISS:          0 MSHR_MERGE:          0
cpu0->cpu0_STLB WRITE        ACCESS:          0 HIT:          0 MISS:          0 MSHR_MERGE:          0
cpu0->cpu0_STLB TRANSLATION  ACCESS:          0 HIT:          0 MISS:          0 MSHR_MERGE:          0
cpu0->cpu0_STLB PREFETCH REQUESTED:          0 ISSUED:          0 USEFUL:          0 USELESS:          0
cpu0->cpu0_STLB AVERAGE MISS LATENCY: 250.6 cycles
cpu0->cpu0_L2C TOTAL        ACCESS:    4779045 HIT:    3519154 MISS:    1259891 MSHR_MERGE:      61403
cpu0->cpu0_L2C LOAD         ACCESS:    3564360 HIT:    2663671 MISS:     900689 MSHR_MERGE:       1389
cpu0->cpu0_L2C RFO          ACCESS:          0 HIT:          0 MISS:          0 MSHR_MERGE:          0
cpu0->cpu0_L2C PREFETCH     ACCESS:    1006131 HIT:     647375 MISS:     358756 MSHR_MERGE:      60014
cpu0->cpu0_L2C WRITE        ACCESS:     205235 HIT:     205234 MISS:          1 MSHR_MERGE:          0
cpu0->cpu0_L2C TRANSLATION  ACCESS:       3319 HIT:       2874 MISS:        445 MSHR_MERGE:          0
cpu0->cpu0_L2C PREFETCH REQUESTED:    1006160 ISSUED:    1006135 USEFUL:     229351 USELESS:      69680
cpu0->cpu0_L2C AVERAGE MISS LATENCY: 84.2 cycles
cpu0->cpu0_L1I TOTAL        ACCESS:      97077 HIT:      97077 MISS:          0 MSHR_MERGE:          0
cpu0->cpu0_L1I LOAD         ACCESS:      97077 HIT:      97077 MISS:          0 MSHR_MERGE:          0
cpu0->cpu0_L1I RFO          ACCESS:          0 HIT:          0 MISS:          0 MSHR_MERGE:          0
cpu0->cpu0_L1I PREFETCH     ACCESS:          0 HIT:          0 MISS:          0 MSHR_MERGE:          0
cpu0->cpu0_L1I WRITE        ACCESS:          0 HIT:          0 MISS:          0 MSHR_MERGE:          0
cpu0->cpu0_L1I TRANSLATION  ACCESS:          0 HIT:          0 MISS:          0 MSHR_MERGE:          0
cpu0->cpu0_L1I PREFETCH REQUESTED:          0 ISSUED:          0 USEFUL:          0 USELESS:          0
cpu0->cpu0_L1I AVERAGE MISS LATENCY: - cycles
cpu0->cpu0_L1D TOTAL        ACCESS:   12773317 HIT:    8836372 MISS:    3936945 MSHR_MERGE:     369264
cpu0->cpu0_L1D LOAD         ACCESS:   12528106 HIT:    8594480 MISS:    3933626 MSHR_MERGE:     369264
cpu0->cpu0_L1D RFO          ACCESS:          0 HIT:          0 MISS:          0 MSHR_MERGE:          0
cpu0->cpu0_L1D PREFETCH     ACCESS:          0 HIT:          0 MISS:          0 MSHR_MERGE:          0
cpu0->cpu0_L1D WRITE        ACCESS:     238250 HIT:     238250 MISS:          0 MSHR_MERGE:          0
cpu0->cpu0_L1D TRANSLATION  ACCESS:       6961 HIT:       3642 MISS:       3319 MSHR_MERGE:          0
cpu0->cpu0_L1D PREFETCH REQUESTED:          0 ISSUED:          0 USEFUL:          0 USELESS:          0
cpu0->cpu0_L1D AVERAGE MISS LATENCY: 29.66 cycles
cpu0->cpu0_ITLB TOTAL        ACCESS:      93218 HIT:      93218 MISS:          0 MSHR_MERGE:          0
cpu0->cpu0_ITLB LOAD         ACCESS:      93218 HIT:      93218 MISS:          0 MSHR_MERGE:          0
cpu0->cpu0_ITLB RFO          ACCESS:          0 HIT:          0 MISS:          0 MSHR_MERGE:          0
cpu0->cpu0_ITLB PREFETCH     ACCESS:          0 HIT:          0 MISS:          0 MSHR_MERGE:          0
cpu0->cpu0_ITLB WRITE        ACCESS:          0 HIT:          0 MISS:          0 MSHR_MERGE:          0
cpu0->cpu0_ITLB TRANSLATION  ACCESS:          0 HIT:          0 MISS:          0 MSHR_MERGE:          0
cpu0->cpu0_ITLB PREFETCH REQUESTED:          0 ISSUED:          0 USEFUL:          0 USELESS:          0
cpu0->cpu0_ITLB AVERAGE MISS LATENCY: - cycles
cpu0->cpu0_DTLB TOTAL        ACCESS:   12765873 HIT:   10039226 MISS:    2726647 MSHR_MERGE:     417443
cpu0->cpu0_DTLB LOAD         ACCESS:   12765873 HIT:   10039226 MISS:    2726647 MSHR_MERGE:     417443
cpu0->cpu0_DTLB RFO          ACCESS:          0 HIT:          0 MISS:          0 MSHR_MERGE:          0
cpu0->cpu0_DTLB PREFETCH     ACCESS:          0 HIT:          0 MISS:          0 MSHR_MERGE:          0
cpu0->cpu0_DTLB WRITE        ACCESS:          0 HIT:          0 MISS:          0 MSHR_MERGE:          0
cpu0->cpu0_DTLB TRANSLATION  ACCESS:          0 HIT:          0 MISS:          0 MSHR_MERGE:          0
cpu0->cpu0_DTLB PREFETCH REQUESTED:          0 ISSUED:          0 USEFUL:          0 USELESS:          0
cpu0->cpu0_DTLB AVERAGE MISS LATENCY: 5.385 cycles
cpu0->LLC TOTAL        ACCESS:    1390391 HIT:     808097 MISS:     582294 MSHR_MERGE:         11
cpu0->LLC LOAD         ACCESS:     899296 HIT:     645038 MISS:     254258 MSHR_MERGE:          1
cpu0->LLC RFO          ACCESS:          0 HIT:          0 MISS:          0 MSHR_MERGE:          0
cpu0->LLC PREFETCH     ACCESS:     298742 HIT:      30441 MISS:     268301 MSHR_MERGE:         10
cpu0->LLC WRITE        ACCESS:     191908 HIT:     132618 MISS:      59290 MSHR_MERGE:          0
cpu0->LLC TRANSLATION  ACCESS:        445 HIT:          0 MISS:        445 MSHR_MERGE:          0
cpu0->LLC PREFETCH REQUESTED:          0 ISSUED:          0 USEFUL:          0 USELESS:          0
cpu0->LLC AVERAGE MISS LATENCY: 180.6 cycles

DRAM Statistics

Channel 0 RQ ROW_BUFFER_HIT:       3547
  ROW_BUFFER_MISS:     519413
  AVG DBUS CONGESTED CYCLE: 31.74
Channel 0 WQ ROW_BUFFER_HIT:      17917
  ROW_BUFFER_MISS:      61100
  FULL:          0
Channel 0 REFRESHES ISSUED:       7517
