[VMEM] WARNING: physical memory size is smaller than virtual memory size.

*** ChampSim Multicore Out-of-Order Simulator ***
Warmup Instructions: 10000000
Simulation Instructions: 50000000
Number of CPUs: 1
Page size: 4096
Core 0: traces/sssp-14.trace.gz
Off-chip DRAM Size: 64 GiB Channels: 1 Width: 64-bit Data Rate: 4807 MT/s
Heartbeat CPU 0 instructions: 500004 cycles: 181447 heartbeat IPC: 2.756 cumulative IPC: 2.756 (Simulation time: 00 hr 00 min 01 sec)
Heartbeat CPU 0 instructions: 1000004 cycles: 358695 heartbeat IPC: 2.821 cumulative IPC: 2.788 (Simulation time: 00 hr 00 min 02 sec)
Heartbeat CPU 0 instructions: 1500004 cycles: 511786 heartbeat IPC: 3.266 cumulative IPC: 2.931 (Simulation time: 00 hr 00 min 03 sec)
Heartbeat CPU 0 instructions: 2000010 cycles: 615198 heartbeat IPC: 4.835 cumulative IPC: 3.251 (Simulation time: 00 hr 00 min 04 sec)
Heartbeat CPU 0 instructions: 2500014 cycles: 718319 heartbeat IPC: 4.849 cumulative IPC: 3.48 (Simulation time: 00 hr 00 min 05 sec)
Heartbeat CPU 0 instructions: 3000019 cycles: 824987 heartbeat IPC: 4.687 cumulative IPC: 3.636 (Simulation time: 00 hr 00 min 06 sec)
Heartbeat CPU 0 instructions: 3500021 cycles: 931686 heartbeat IPC: 4.686 cumulative IPC: 3.757 (Simulation time: 00 hr 00 min 07 sec)
Heartbeat CPU 0 instructions: 4000027 cycles: 1036939 heartbeat IPC: 4.751 cumulative IPC: 3.858 (Simulation time: 00 hr 00 min 08 sec)
Heartbeat CPU 0 instructions: 4500028 cycles: 1143758 heartbeat IPC: 4.681 cumulative IPC: 3.934 (Simulation time: 00 hr 00 min 09 sec)
Heartbeat CPU 0 instructions: 5000031 cycles: 1248852 heartbeat IPC: 4.758 cumulative IPC: 4.004 (Simulation time: 00 hr 00 min 10 sec)
Heartbeat CPU 0 instructions: 5500036 cycles: 1356870 heartbeat IPC: 4.629 cumulative IPC: 4.053 (Simulation time: 00 hr 00 min 12 sec)
Heartbeat CPU 0 instructions: 6000038 cycles: 1463735 heartbeat IPC: 4.679 cumulative IPC: 4.099 (Simulation time: 00 hr 00 min 13 sec)
Heartbeat CPU 0 instructions: 6500044 cycles: 1569767 heartbeat IPC: 4.716 cumulative IPC: 4.141 (Simulation time: 00 hr 00 min 14 sec)
Heartbeat CPU 0 instructions: 7000047 cycles: 1676279 heartbeat IPC: 4.694 cumulative IPC: 4.176 (Simulation time: 00 hr 00 min 15 sec)
Heartbeat CPU 0 instructions: 7500052 cycles: 1782612 heartbeat IPC: 4.702 cumulative IPC: 4.207 (Simulation time: 00 hr 00 min 16 sec)
Heartbeat CPU 0 instructions: 8000056 cycles: 1889288 heartbeat IPC: 4.687 cumulative IPC: 4.234 (Simulation time: 00 hr 00 min 17 sec)
Heartbeat CPU 0 instructions: 8500061 cycles: 1997998 heartbeat IPC: 4.599 cumulative IPC: 4.254 (Simulation time: 00 hr 00 min 18 sec)
Heartbeat CPU 0 instructions: 9000066 cycles: 2104694 heartbeat IPC: 4.686 cumulative IPC: 4.276 (Simulation time: 00 hr 00 min 19 sec)
Heartbeat CPU 0 instructions: 9500069 cycles: 2211062 heartbeat IPC: 4.701 cumulative IPC: 4.297 (Simulation time: 00 hr 00 min 20 sec)
Warmup finished CPU 0 instructions: 10000004 cycles: 2317070 cumulative IPC: 4.316 (Simulation time: 00 hr 00 min 21 sec)
Warmup complete CPU 0 instructions: 10000004 cycles: 2317070 cumulative IPC: 4.316 (Simulation time: 00 hr 00 min 21 sec)
Heartbeat CPU 0 instructions: 10000070 cycles: 2317086 heartbeat IPC: 4.716 cumulative IPC: 4.125 (Simulation time: 00 hr 00 min 21 sec)
Heartbeat CPU 0 instructions: 10500070 cycles: 3323258 heartbeat IPC: 0.4969 cumulative IPC: 0.497 (Simulation time: 00 hr 00 min 24 sec)
Heartbeat CPU 0 instructions: 11000071 cycles: 4377827 heartbeat IPC: 0.4741 cumulative IPC: 0.4853 (Simulation time: 00 hr 00 min 28 sec)
Heartbeat CPU 0 instructions: 11500078 cycles: 5374268 heartbeat IPC: 0.5018 cumulative IPC: 0.4907 (Simulation time: 00 hr 00 min 31 sec)
Heartbeat CPU 0 instructions: 12000082 cycles: 6396272 heartbeat IPC: 0.4892 cumulative IPC: 0.4903 (Simulation time: 00 hr 00 min 34 sec)
Heartbeat CPU 0 instructions: 12500082 cycles: 7440733 heartbeat IPC: 0.4787 cumulative IPC: 0.4879 (Simulation time: 00 hr 00 min 38 sec)
Heartbeat CPU 0 instructions: 13000082 cycles: 8496802 heartbeat IPC: 0.4735 cumulative IPC: 0.4855 (Simulation time: 00 hr 00 min 42 sec)
Heartbeat CPU 0 instructions: 13500082 cycles: 9640776 heartbeat IPC: 0.4371 cumulative IPC: 0.4779 (Simulation time: 00 hr 00 min 46 sec)
Heartbeat CPU 0 instructions: 14000083 cycles: 10638160 heartbeat IPC: 0.5013 cumulative IPC: 0.4807 (Simulation time: 00 hr 00 min 49 sec)
Heartbeat CPU 0 instructions: 14500084 cycles: 11627279 heartbeat IPC: 0.5055 cumulative IPC: 0.4833 (Simulation time: 00 hr 00 min 52 sec)
Heartbeat CPU 0 instructions: 15000085 cycles: 12598540 heartbeat IPC: 0.5148 cumulative IPC: 0.4863 (Simulation time: 00 hr 00 min 56 sec)
Heartbeat CPU 0 instructions: 15500089 cycles: 13586961 heartbeat IPC: 0.5059 cumulative IPC: 0.488 (Simulation time: 00 hr 00 min 59 sec)
Heartbeat CPU 0 instructions: 16000096 cycles: 14555130 heartbeat IPC: 0.5164 cumulative IPC: 0.4903 (Simulation time: 00 hr 01 min 03 sec)
Heartbeat CPU 0 instructions: 16500097 cycles: 15528858 heartbeat IPC: 0.5135 cumulative IPC: 0.492 (Simulation time: 00 hr 01 min 06 sec)
Heartbeat CPU 0 instructions: 17000100 cycles: 16465162 heartbeat IPC: 0.534 cumulative IPC: 0.4948 (Simulation time: 00 hr 01 min 10 sec)
Heartbeat CPU 0 instructions: 17500101 cycles: 17382206 heartbeat IPC: 0.5452 cumulative IPC: 0.4978 (Simulation time: 00 hr 01 min 13 sec)
Heartbeat CPU 0 instructions: 18000106 cycles: 18367862 heartbeat IPC: 0.5073 cumulative IPC: 0.4984 (Simulation time: 00 hr 01 min 17 sec)
Heartbeat CPU 0 instructions: 18500110 cycles: 19411451 heartbeat IPC: 0.4791 cumulative IPC: 0.4972 (Simulation time: 00 hr 01 min 21 sec)
Heartbeat CPU 0 instructions: 19000111 cycles: 20395225 heartbeat IPC: 0.5082 cumulative IPC: 0.4978 (Simulation time: 00 hr 01 min 24 sec)
Heartbeat CPU 0 instructions: 19500111 cycles: 21303386 heartbeat IPC: 0.5506 cumulative IPC: 0.5004 (Simulation time: 00 hr 01 min 28 sec)
Heartbeat CPU 0 instructions: 20000113 cycles: 22207950 heartbeat IPC: 0.5528 cumulative IPC: 0.5027 (Simulation time: 00 hr 01 min 31 sec)
Heartbeat CPU 0 instructions: 20500113 cycles: 23155504 heartbeat IPC: 0.5277 cumulative IPC: 0.5039 (Simulation time: 00 hr 01 min 34 sec)
Heartbeat CPU 0 instructions: 21000113 cycles: 24087572 heartbeat IPC: 0.5364 cumulative IPC: 0.5053 (Simulation time: 00 hr 01 min 38 sec)
Heartbeat CPU 0 instructions: 21500113 cycles: 25059640 heartbeat IPC: 0.5144 cumulative IPC: 0.5057 (Simulation time: 00 hr 01 min 41 sec)
Heartbeat CPU 0 instructions: 22000115 cycles: 25986760 heartbeat IPC: 0.5393 cumulative IPC: 0.507 (Simulation time: 00 hr 01 min 44 sec)
Heartbeat CPU 0 instructions: 22500116 cycles: 26903817 heartbeat IPC: 0.5452 cumulative IPC: 0.5084 (Simulation time: 00 hr 01 min 48 sec)
Heartbeat CPU 0 instructions: 23000121 cycles: 27845553 heartbeat IPC: 0.5309 cumulative IPC: 0.5092 (Simulation time: 00 hr 01 min 51 sec)
Heartbeat CPU 0 instructions: 23500122 cycles: 28776148 heartbeat IPC: 0.5373 cumulative IPC: 0.5102 (Simulation time: 00 hr 01 min 55 sec)
Heartbeat CPU 0 instructions: 24000124 cycles: 29827605 heartbeat IPC: 0.4755 cumulative IPC: 0.5089 (Simulation time: 00 hr 01 min 58 sec)
Heartbeat CPU 0 instructions: 24500127 cycles: 30766687 heartbeat IPC: 0.5324 cumulative IPC: 0.5097 (Simulation time: 00 hr 02 min 02 sec)
Heartbeat CPU 0 instructions: 25000129 cycles: 31640746 heartbeat IPC: 0.572 cumulative IPC: 0.5115 (Simulation time: 00 hr 02 min 05 sec)
Heartbeat CPU 0 instructions: 25500133 cycles: 32519646 heartbeat IPC: 0.5689 cumulative IPC: 0.5132 (Simulation time: 00 hr 02 min 08 sec)
Heartbeat CPU 0 instructions: 26000138 cycles: 33395109 heartbeat IPC: 0.5711 cumulative IPC: 0.5148 (Simulation time: 00 hr 02 min 11 sec)
Heartbeat CPU 0 instructions: 26500140 cycles: 34279975 heartbeat IPC: 0.5651 cumulative IPC: 0.5162 (Simulation time: 00 hr 02 min 15 sec)
Heartbeat CPU 0 instructions: 27000142 cycles: 35173588 heartbeat IPC: 0.5595 cumulative IPC: 0.5174 (Simulation time: 00 hr 02 min 18 sec)
Heartbeat CPU 0 instructions: 27500149 cycles: 36053176 heartbeat IPC: 0.5685 cumulative IPC: 0.5187 (Simulation time: 00 hr 02 min 21 sec)
Heartbeat CPU 0 instructions: 28000154 cycles: 36920044 heartbeat IPC: 0.5768 cumulative IPC: 0.5202 (Simulation time: 00 hr 02 min 25 sec)
Heartbeat CPU 0 instructions: 28500156 cycles: 37781689 heartbeat IPC: 0.5803 cumulative IPC: 0.5217 (Simulation time: 00 hr 02 min 28 sec)
Heartbeat CPU 0 instructions: 29000163 cycles: 38666383 heartbeat IPC: 0.5652 cumulative IPC: 0.5227 (Simulation time: 00 hr 02 min 31 sec)
Heartbeat CPU 0 instructions: 29500170 cycles: 39562094 heartbeat IPC: 0.5582 cumulative IPC: 0.5236 (Simulation time: 00 hr 02 min 34 sec)
Heartbeat CPU 0 instructions: 30000176 cycles: 40440416 heartbeat IPC: 0.5693 cumulative IPC: 0.5246 (Simulation time: 00 hr 02 min 38 sec)
Heartbeat CPU 0 instructions: 30500180 cycles: 41282410 heartbeat IPC: 0.5938 cumulative IPC: 0.5261 (Simulation time: 00 hr 02 min 41 sec)
Heartbeat CPU 0 instructions: 31000183 cycles: 42140271 heartbeat IPC: 0.5828 cumulative IPC: 0.5273 (Simulation time: 00 hr 02 min 44 sec)
Heartbeat CPU 0 instructions: 31500184 cycles: 42953703 heartbeat IPC: 0.6147 cumulative IPC: 0.5291 (Simulation time: 00 hr 02 min 47 sec)
Heartbeat CPU 0 instructions: 32000186 cycles: 43786074 heartbeat IPC: 0.6007 cumulative IPC: 0.5305 (Simulation time: 00 hr 02 min 50 sec)
Heartbeat CPU 0 instructions: 32500192 cycles: 44642271 heartbeat IPC: 0.584 cumulative IPC: 0.5316 (Simulation time: 00 hr 02 min 53 sec)
Heartbeat CPU 0 instructions: 33000197 cycles: 45605431 heartbeat IPC: 0.5191 cumulative IPC: 0.5313 (Simulation time: 00 hr 02 min 57 sec)
Heartbeat CPU 0 instructions: 33500199 cycles: 46472139 heartbeat IPC: 0.5769 cumulative IPC: 0.5322 (Simulation time: 00 hr 03 min 00 sec)
Heartbeat CPU 0 instructions: 34000201 cycles: 47334033 heartbeat IPC: 0.5801 cumulative IPC: 0.5331 (Simulation time: 00 hr 03 min 04 sec)
Heartbeat CPU 0 instructions: 34500202 cycles: 48201161 heartbeat IPC: 0.5766 cumulative IPC: 0.534 (Simulation time: 00 hr 03 min 07 sec)
Heartbeat CPU 0 instructions: 35000207 cycles: 49036388 heartbeat IPC: 0.5986 cumulative IPC: 0.5351 (Simulation time: 00 hr 03 min 10 sec)
Heartbeat CPU 0 instructions: 35500213 cycles: 49887498 heartbeat IPC: 0.5875 cumulative IPC: 0.5361 (Simulation time: 00 hr 03 min 13 sec)
Heartbeat CPU 0 instructions: 36000215 cycles: 50814186 heartbeat IPC: 0.5396 cumulative IPC: 0.5361 (Simulation time: 00 hr 03 min 17 sec)
Heartbeat CPU 0 instructions: 36500215 cycles: 51684048 heartbeat IPC: 0.5748 cumulative IPC: 0.5368 (Simulation time: 00 hr 03 min 20 sec)
Heartbeat CPU 0 instructions: 37000215 cycles: 52518078 heartbeat IPC: 0.5995 cumulative IPC: 0.5378 (Simulation time: 00 hr 03 min 23 sec)
Heartbeat CPU 0 instructions: 37500215 cycles: 53330831 heartbeat IPC: 0.6152 cumulative IPC: 0.5391 (Simulation time: 00 hr 03 min 26 sec)
Heartbeat CPU 0 instructions: 38000216 cycles: 54176295 heartbeat IPC: 0.5914 cumulative IPC: 0.5399 (Simulation time: 00 hr 03 min 30 sec)
Heartbeat CPU 0 instructions: 38500221 cycles: 54978335 heartbeat IPC: 0.6234 cumulative IPC: 0.5412 (Simulation time: 00 hr 03 min 33 sec)
Heartbeat CPU 0 instructions: 39000222 cycles: 55815190 heartbeat IPC: 0.5975 cumulative IPC: 0.5421 (Simulation time: 00 hr 03 min 36 sec)
Heartbeat CPU 0 instructions: 39500229 cycles: 56633152 heartbeat IPC: 0.6113 cumulative IPC: 0.5431 (Simulation time: 00 hr 03 min 39 sec)
Heartbeat CPU 0 instructions: 40000229 cycles: 57427534 heartbeat IPC: 0.6294 cumulative IPC: 0.5444 (Simulation time: 00 hr 03 min 42 sec)
Heartbeat CPU 0 instructions: 40500230 cycles: 58227451 heartbeat IPC: 0.6251 cumulative IPC: 0.5455 (Simulation time: 00 hr 03 min 45 sec)
Heartbeat CPU 0 instructions: 41000231 cycles: 59043677 heartbeat IPC: 0.6126 cumulative IPC: 0.5465 (Simulation time: 00 hr 03 min 49 sec)
Heartbeat CPU 0 instructions: 41500234 cycles: 59817222 heartbeat IPC: 0.6464 cumulative IPC: 0.5478 (Simulation time: 00 hr 03 min 52 sec)
Heartbeat CPU 0 instructions: 42000238 cycles: 60630769 heartbeat IPC: 0.6146 cumulative IPC: 0.5488 (Simulation time: 00 hr 03 min 55 sec)
Heartbeat CPU 0 instructions: 42500242 cycles: 61458233 heartbeat IPC: 0.6043 cumulative IPC: 0.5495 (Simulation time: 00 hr 03 min 58 sec)
Heartbeat CPU 0 instructions: 43000248 cycles: 62257115 heartbeat IPC: 0.6259 cumulative IPC: 0.5506 (Simulation time: 00 hr 04 min 01 sec)
Heartbeat CPU 0 instructions: 43500252 cycles: 63070725 heartbeat IPC: 0.6145 cumulative IPC: 0.5514 (Simulation time: 00 hr 04 min 05 sec)
Heartbeat CPU 0 instructions: 44000252 cycles: 63876745 heartbeat IPC: 0.6203 cumulative IPC: 0.5523 (Simulation time: 00 hr 04 min 08 sec)
Heartbeat CPU 0 instructions: 44500253 cycles: 64670833 heartbeat IPC: 0.6297 cumulative IPC: 0.5533 (Simulation time: 00 hr 04 min 11 sec)
Heartbeat CPU 0 instructions: 45000257 cycles: 65465439 heartbeat IPC: 0.6292 cumulative IPC: 0.5543 (Simulation time: 00 hr 04 min 14 sec)
Heartbeat CPU 0 instructions: 45500261 cycles: 66266252 heartbeat IPC: 0.6244 cumulative IPC: 0.5551 (Simulation time: 00 hr 04 min 17 sec)
Heartbeat CPU 0 instructions: 46000267 cycles: 67062048 heartbeat IPC: 0.6283 cumulative IPC: 0.556 (Simulation time: 00 hr 04 min 20 sec)
Heartbeat CPU 0 instructions: 46500268 cycles: 67872502 heartbeat IPC: 0.6169 cumulative IPC: 0.5568 (Simulation time: 00 hr 04 min 24 sec)
Heartbeat CPU 0 instructions: 47000269 cycles: 68672187 heartbeat IPC: 0.6252 cumulative IPC: 0.5576 (Simulation time: 00 hr 04 min 27 sec)
Heartbeat CPU 0 instructions: 47500275 cycles: 69440875 heartbeat IPC: 0.6505 cumulative IPC: 0.5587 (Simulation time: 00 hr 04 min 30 sec)
Heartbeat CPU 0 instructions: 48000275 cycles: 70224811 heartbeat IPC: 0.6378 cumulative IPC: 0.5596 (Simulation time: 00 hr 04 min 33 sec)
Heartbeat CPU 0 instructions: 48500277 cycles: 71031267 heartbeat IPC: 0.62 cumulative IPC: 0.5603 (Simulation time: 00 hr 04 min 36 sec)
Heartbeat CPU 0 instructions: 49000277 cycles: 71797875 heartbeat IPC: 0.6522 cumulative IPC: 0.5613 (Simulation time: 00 hr 04 min 39 sec)
Heartbeat CPU 0 instructions: 49500283 cycles: 72564105 heartbeat IPC: 0.6526 cumulative IPC: 0.5623 (Simulation time: 00 hr 04 min 42 sec)
Heartbeat CPU 0 instructions: 50000286 cycles: 73323193 heartbeat IPC: 0.6587 cumulative IPC: 0.5633 (Simulation time: 00 hr 04 min 45 sec)
Heartbeat CPU 0 instructions: 50500288 cycles: 74092590 heartbeat IPC: 0.6499 cumulative IPC: 0.5643 (Simulation time: 00 hr 04 min 48 sec)
Heartbeat CPU 0 instructions: 51000288 cycles: 74862694 heartbeat IPC: 0.6493 cumulative IPC: 0.5652 (Simulation time: 00 hr 04 min 52 sec)
Heartbeat CPU 0 instructions: 51500290 cycles: 75617007 heartbeat IPC: 0.6629 cumulative IPC: 0.5662 (Simulation time: 00 hr 04 min 55 sec)
Heartbeat CPU 0 instructions: 52000297 cycles: 76384744 heartbeat IPC: 0.6513 cumulative IPC: 0.5671 (Simulation time: 00 hr 04 min 58 sec)
Heartbeat CPU 0 instructions: 52500298 cycles: 77139726 heartbeat IPC: 0.6623 cumulative IPC: 0.568 (Simulation time: 00 hr 05 min 01 sec)
Heartbeat CPU 0 instructions: 53000301 cycles: 77903515 heartbeat IPC: 0.6546 cumulative IPC: 0.5689 (Simulation time: 00 hr 05 min 04 sec)
Heartbeat CPU 0 instructions: 53500303 cycles: 78698195 heartbeat IPC: 0.6292 cumulative IPC: 0.5695 (Simulation time: 00 hr 05 min 07 sec)
Heartbeat CPU 0 instructions: 54000306 cycles: 79571922 heartbeat IPC: 0.5723 cumulative IPC: 0.5695 (Simulation time: 00 hr 05 min 11 sec)
Heartbeat CPU 0 instructions: 54500312 cycles: 80416190 heartbeat IPC: 0.5922 cumulative IPC: 0.5698 (Simulation time: 00 hr 05 min 14 sec)
Heartbeat CPU 0 instructions: 55000319 cycles: 81244861 heartbeat IPC: 0.6034 cumulative IPC: 0.5701 (Simulation time: 00 hr 05 min 17 sec)
Heartbeat CPU 0 instructions: 55500326 cycles: 81996348 heartbeat IPC: 0.6654 cumulative IPC: 0.571 (Simulation time: 00 hr 05 min 20 sec)
Heartbeat CPU 0 instructions: 56000328 cycles: 82745399 heartbeat IPC: 0.6675 cumulative IPC: 0.5719 (Simulation time: 00 hr 05 min 23 sec)
Heartbeat CPU 0 instructions: 56500328 cycles: 83482913 heartbeat IPC: 0.678 cumulative IPC: 0.5729 (Simulation time: 00 hr 05 min 26 sec)
Heartbeat CPU 0 instructions: 57000328 cycles: 84239111 heartbeat IPC: 0.6612 cumulative IPC: 0.5737 (Simulation time: 00 hr 05 min 29 sec)
Heartbeat CPU 0 instructions: 57500329 cycles: 85004992 heartbeat IPC: 0.6528 cumulative IPC: 0.5745 (Simulation time: 00 hr 05 min 33 sec)
Heartbeat CPU 0 instructions: 58000334 cycles: 85852735 heartbeat IPC: 0.5898 cumulative IPC: 0.5746 (Simulation time: 00 hr 05 min 36 sec)
Heartbeat CPU 0 instructions: 58500337 cycles: 86635758 heartbeat IPC: 0.6386 cumulative IPC: 0.5752 (Simulation time: 00 hr 05 min 39 sec)
Heartbeat CPU 0 instructions: 59000338 cycles: 87388678 heartbeat IPC: 0.6641 cumulative IPC: 0.576 (Simulation time: 00 hr 05 min 42 sec)
Heartbeat CPU 0 instructions: 59500338 cycles: 88163439 heartbeat IPC: 0.6454 cumulative IPC: 0.5766 (Simulation time: 00 hr 05 min 45 sec)
Simulation finished CPU 0 instructions: 50000002 cycles: 86683876 cumulative IPC: 0.5768 (Simulation time: 00 hr 05 min 49 sec)
Simulation complete CPU 0 instructions: 50000002 cycles: 86683876 cumulative IPC: 0.5768 (Simulation time: 00 hr 05 min 49 sec)

ChampSim completed all CPUs

=== Simulation ===
CPU 0 runs traces/sssp-14.trace.gz

Region of Interest Statistics

CPU 0 cumulative IPC: 0.5768 instructions: 50000002 cycles: 86683876
CPU 0 Branch Prediction Accuracy: 94.07% MPKI: 8.732 Average ROB Occupancy at Mispredict: 57.44
Branch type MPKI
BRANCH_DIRECT_JUMP: 6e-05
BRANCH_INDIRECT: 0
BRANCH_CONDITIONAL: 8.732
BRANCH_DIRECT_CALL: 0
BRANCH_INDIRECT_CALL: 0
BRANCH_RETURN: 0

cpu0->cpu0_STLB TOTAL        ACCESS:     928925 HIT:     918596 MISS:      10329 MSHR_MERGE:          0
cpu0->cpu0_STLB LOAD         ACCESS:     928925 HIT:     918596 MISS:      10329 MSHR_MERGE:          0
cpu0->cpu0_STLB RFO          ACCESS:          0 HIT:          0 MISS:          0 MSHR_MERGE:          0
cpu0->cpu0_STLB PREFETCH     ACCESS:          0 HIT:          0 MISS:          0 MSHR_MERGE:          0
cpu0->cpu0_STLB WRITE        ACCESS:          0 HIT:          0 MISS:          0 MSHR_MERGE:          0
cpu0->cpu0_STLB TRANSLATION  ACCESS:          0 HIT:          0 MISS:          0 MSHR_MERGE:          0
cpu0->cpu0_STLB PREFETCH REQUESTED:          0 ISSUED:          0 USEFUL:          0 USELESS:          0
cpu0->cpu0_STLB AVERAGE MISS LATENCY: 271.4 cycles
cpu0->cpu0_L2C TOTAL        ACCESS:    4643814 HIT:    3138189 MISS:    1505625 MSHR_MERGE:     211425
cpu0->cpu0_L2C LOAD         ACCESS:    2251175 HIT:    1442349 MISS:     808826 MSHR_MERGE:      27272
cpu0->cpu0_L2C RFO          ACCESS:     272143 HIT:     219388 MISS:      52755 MSHR_MERGE:          0
cpu0->cpu0_L2C PREFETCH     ACCESS:    1350742 HIT:     712195 MISS:     638547 MSHR_MERGE:     184153
cpu0->cpu0_L2C WRITE        ACCESS:     761483 HIT:     761351 MISS:        132 MSHR_MERGE:          0
cpu0->cpu0_L2C TRANSLATION  ACCESS:       8271 HIT:       2906 MISS:       5365 MSHR_MERGE:          0
cpu0->cpu0_L2C PREFETCH REQUESTED:    1359340 ISSUED:    1350742 USEFUL:     298761 USELESS:     127394
cpu0->cpu0_L2C AVERAGE MISS LATENCY: 115.2 cycles
cpu0->cpu0_L1I TOTAL        ACCESS:    2026557 HIT:    2026556 MISS:          1 MSHR_MERGE:          0
cpu0->cpu0_L1I LOAD         ACCESS:    2026557 HIT:    2026556 MISS:          1 MSHR_MERGE:          0
cpu0->cpu0_L1I RFO          ACCESS:          0 HIT:          0 MISS:          0 MSHR_MERGE:          0
cpu0->cpu0_L1I PREFETCH     ACCESS:          0 HIT:          0 MISS:          0 MSHR_MERGE:          0
cpu0->cpu0_L1I WRITE        ACCESS:          0 HIT:          0 MISS:          0 MSHR_MERGE:          0
cpu0->cpu0_L1I TRANSLATION  ACCESS:          0 HIT:          0 MISS:          0 MSHR_MERGE:          0
cpu0->cpu0_L1I PREFETCH REQUESTED:          0 ISSUED:          0 USEFUL:          0 USELESS:          0
cpu0->cpu0_L1I AVERAGE MISS LATENCY: 236 cycles
cpu0->cpu0_L1D TOTAL        ACCESS:   14353146 HIT:   11375317 MISS:    2977829 MSHR_MERGE:     446233
cpu0->cpu0_L1D LOAD         ACCESS:   12870724 HIT:   10287201 MISS:    2583523 MSHR_MERGE:     332349
cpu0->cpu0_L1D RFO          ACCESS:          0 HIT:          0 MISS:          0 MSHR_MERGE:          0
cpu0->cpu0_L1D PREFETCH     ACCESS:          0 HIT:          0 MISS:          0 MSHR_MERGE:          0
cpu0->cpu0_L1D WRITE        ACCESS:    1460633 HIT:    1074655 MISS:     385978 MSHR_MERGE:     113827
cpu0->cpu0_L1D TRANSLATION  ACCESS:      21789 HIT:      13461 MISS:       8328 MSHR_MERGE:         57
cpu0->cpu0_L1D PREFETCH REQUESTED:          0 ISSUED:          0 USEFUL:          0 USELESS:          0
cpu0->cpu0_L1D AVERAGE MISS LATENCY: 47.99 cycles
cpu0->cpu0_ITLB TOTAL        ACCESS:    2023533 HIT:    2023533 MISS:          0 MSHR_MERGE:          0
cpu0->cpu0_ITLB LOAD         ACCESS:    2023533 HIT:    2023533 MISS:          0 MSHR_MERGE:          0
cpu0->cpu0_ITLB RFO          ACCESS:          0 HIT:          0 MISS:          0 MSHR_MERGE:          0
cpu0->cpu0_ITLB PREFETCH     ACCESS:          0 HIT:          0 MISS:          0 MSHR_MERGE:          0
cpu0->cpu0_ITLB WRITE        ACCESS:          0 HIT:          0 MISS:          0 MSHR_MERGE:          0
cpu0->cpu0_ITLB TRANSLATION  ACCESS:          0 HIT:          0 MISS:          0 MSHR_MERGE:          0
cpu0->cpu0_ITLB PREFETCH REQUESTED:          0 ISSUED:          0 USEFUL:          0 USELESS:          0
cpu0->cpu0_ITLB AVERAGE MISS LATENCY: - cycles
cpu0->cpu0_DTLB TOTAL        ACCESS:   14249250 HIT:   13051321 MISS:    1197929 MSHR_MERGE:     269004
cpu0->cpu0_DTLB LOAD         ACCESS:   14249250 HIT:   13051321 MISS:    1197929 MSHR_MERGE:     269004
cpu0->cpu0_DTLB RFO          ACCESS:          0 HIT:          0 MISS:          0 MSHR_MERGE:          0
cpu0->cpu0_DTLB PREFETCH     ACCESS:          0 HIT:          0 MISS:          0 MSHR_MERGE:          0
cpu0->cpu0_DTLB WRITE        ACCESS:          0 HIT:          0 MISS:          0 MSHR_MERGE:          0
cpu0->cpu0_DTLB TRANSLATION  ACCESS:          0 HIT:          0 MISS:          0 MSHR_MERGE:          0
cpu0->cpu0_DTLB PREFETCH REQUESTED:          0 ISSUED:          0 USEFUL:          0 USELESS:          0
cpu0->cpu0_DTLB AVERAGE MISS LATENCY: 8.035 cycles
cpu0->LLC TOTAL        ACCESS:    1717558 HIT:     809330 MISS:     908228 MSHR_MERGE:      25473
cpu0->LLC LOAD         ACCESS:     781554 HIT:     501575 MISS:     279979 MSHR_MERGE:       2996
cpu0->LLC RFO          ACCESS:      52755 HIT:       2936 MISS:      49819 MSHR_MERGE:          0
cpu0->LLC PREFETCH     ACCESS:     454394 HIT:      64485 MISS:     389909 MSHR_MERGE:      22477
cpu0->LLC WRITE        ACCESS:     423490 HIT:     240112 MISS:     183378 MSHR_MERGE:          0
cpu0->LLC TRANSLATION  ACCESS:       5365 HIT:        222 MISS:       5143 MSHR_MERGE:          0
cpu0->LLC PREFETCH REQUESTED:          0 ISSUED:          0 USEFUL:          0 USELESS:          0
cpu0->LLC AVERAGE MISS LATENCY: 153.2 cycles

DRAM Statistics

Channel 0 RQ ROW_BUFFER_HIT:      15965
  ROW_BUFFER_MISS:     683282
  AVG DBUS CONGESTED CYCLE: 32.83
Channel 0 WQ ROW_BUFFER_HIT:      54766
  ROW_BUFFER_MISS:     160508
  FULL:          0
Channel 0 REFRESHES ISSUED:       7223
