[VMEM] WARNING: physical memory size is smaller than virtual memory size.

*** ChampSim Multicore Out-of-Order Simulator ***
Warmup Instructions: 10000000
Simulation Instructions: 50000000
Number of CPUs: 1
Page size: 4096
Core 0: traces/GAP/bc-0.trace
 L1D Berti prefetcher
Off-chip DRAM Size: 64 GiB Channels: 1 Width: 64-bit Data Rate: 4807 MT/s
Heartbeat CPU 0 instructions: 500003 cycles: 508681 heartbeat IPC: 0.9829 cumulative IPC: 0.9829 (Simulation time: 00 hr 00 min 02 sec)
Heartbeat CPU 0 instructions: 1000003 cycles: 1015094 heartbeat IPC: 0.9873 cumulative IPC: 0.9851 (Simulation time: 00 hr 00 min 04 sec)
Heartbeat CPU 0 instructions: 1500003 cycles: 1521032 heartbeat IPC: 0.9883 cumulative IPC: 0.9862 (Simulation time: 00 hr 00 min 07 sec)
Heartbeat CPU 0 instructions: 2000010 cycles: 1877363 heartbeat IPC: 1.403 cumulative IPC: 1.065 (Simulation time: 00 hr 00 min 09 sec)
Heartbeat CPU 0 instructions: 2500015 cycles: 1986190 heartbeat IPC: 4.594 cumulative IPC: 1.259 (Simulation time: 00 hr 00 min 10 sec)
Heartbeat CPU 0 instructions: 3000019 cycles: 2091449 heartbeat IPC: 4.75 cumulative IPC: 1.434 (Simulation time: 00 hr 00 min 11 sec)
Heartbeat CPU 0 instructions: 3500026 cycles: 2199332 heartbeat IPC: 4.635 cumulative IPC: 1.591 (Simulation time: 00 hr 00 min 12 sec)
Heartbeat CPU 0 instructions: 4000026 cycles: 2301960 heartbeat IPC: 4.872 cumulative IPC: 1.738 (Simulation time: 00 hr 00 min 14 sec)
Heartbeat CPU 0 instructions: 4500030 cycles: 2414717 heartbeat IPC: 4.434 cumulative IPC: 1.864 (Simulation time: 00 hr 00 min 15 sec)
Heartbeat CPU 0 instructions: 5000031 cycles: 2526677 heartbeat IPC: 4.466 cumulative IPC: 1.979 (Simulation time: 00 hr 00 min 17 sec)
Heartbeat CPU 0 instructions: 5500034 cycles: 2632521 heartbeat IPC: 4.724 cumulative IPC: 2.089 (Simulation time: 00 hr 00 min 18 sec)
Heartbeat CPU 0 instructions: 6000037 cycles: 2744727 heartbeat IPC: 4.456 cumulative IPC: 2.186 (Simulation time: 00 hr 00 min 19 sec)
Heartbeat CPU 0 instructions: 6500042 cycles: 2851230 heartbeat IPC: 4.695 cumulative IPC: 2.28 (Simulation time: 00 hr 00 min 21 sec)
Heartbeat CPU 0 instructions: 7000042 cycles: 2960142 heartbeat IPC: 4.591 cumulative IPC: 2.365 (Simulation time: 00 hr 00 min 22 sec)
Heartbeat CPU 0 instructions: 7500045 cycles: 3062401 heartbeat IPC: 4.89 cumulative IPC: 2.449 (Simulation time: 00 hr 00 min 23 sec)
Heartbeat CPU 0 instructions: 8000052 cycles: 3170374 heartbeat IPC: 4.631 cumulative IPC: 2.523 (Simulation time: 00 hr 00 min 24 sec)
Heartbeat CPU 0 instructions: 8500052 cycles: 3275761 heartbeat IPC: 4.744 cumulative IPC: 2.595 (Simulation time: 00 hr 00 min 25 sec)
Heartbeat CPU 0 instructions: 9000052 cycles: 3387576 heartbeat IPC: 4.472 cumulative IPC: 2.657 (Simulation time: 00 hr 00 min 27 sec)
Heartbeat CPU 0 instructions: 9500052 cycles: 3493608 heartbeat IPC: 4.716 cumulative IPC: 2.719 (Simulation time: 00 hr 00 min 28 sec)
Warmup finished CPU 0 instructions: 10000003 cycles: 3598707 cumulative IPC: 2.779 (Simulation time: 00 hr 00 min 30 sec)
Warmup complete CPU 0 instructions: 10000003 cycles: 3598707 cumulative IPC: 2.779 (Simulation time: 00 hr 00 min 30 sec)
Heartbeat CPU 0 instructions: 10000054 cycles: 3598942 heartbeat IPC: 4.747 cumulative IPC: 0.217 (Simulation time: 00 hr 00 min 30 sec)
Heartbeat CPU 0 instructions: 10500060 cycles: 5932116 heartbeat IPC: 0.2143 cumulative IPC: 0.2143 (Simulation time: 00 hr 00 min 40 sec)
Heartbeat CPU 0 instructions: 11000063 cycles: 8148423 heartbeat IPC: 0.2256 cumulative IPC: 0.2198 (Simulation time: 00 hr 00 min 49 sec)
Heartbeat CPU 0 instructions: 11500063 cycles: 10319843 heartbeat IPC: 0.2303 cumulative IPC: 0.2232 (Simulation time: 00 hr 00 min 58 sec)
Heartbeat CPU 0 instructions: 12000064 cycles: 12136328 heartbeat IPC: 0.2753 cumulative IPC: 0.2343 (Simulation time: 00 hr 01 min 07 sec)
Heartbeat CPU 0 instructions: 12500064 cycles: 14406174 heartbeat IPC: 0.2203 cumulative IPC: 0.2313 (Simulation time: 00 hr 01 min 16 sec)
Heartbeat CPU 0 instructions: 13000068 cycles: 16761668 heartbeat IPC: 0.2123 cumulative IPC: 0.2279 (Simulation time: 00 hr 01 min 26 sec)
Heartbeat CPU 0 instructions: 13500068 cycles: 19042481 heartbeat IPC: 0.2192 cumulative IPC: 0.2266 (Simulation time: 00 hr 01 min 36 sec)
Heartbeat CPU 0 instructions: 14000070 cycles: 21301317 heartbeat IPC: 0.2214 cumulative IPC: 0.226 (Simulation time: 00 hr 01 min 46 sec)
Heartbeat CPU 0 instructions: 14500077 cycles: 23507014 heartbeat IPC: 0.2267 cumulative IPC: 0.226 (Simulation time: 00 hr 01 min 55 sec)
Heartbeat CPU 0 instructions: 15000080 cycles: 25648078 heartbeat IPC: 0.2335 cumulative IPC: 0.2268 (Simulation time: 00 hr 02 min 04 sec)
Heartbeat CPU 0 instructions: 15500083 cycles: 27834251 heartbeat IPC: 0.2287 cumulative IPC: 0.2269 (Simulation time: 00 hr 02 min 14 sec)
Heartbeat CPU 0 instructions: 16000088 cycles: 30009012 heartbeat IPC: 0.2299 cumulative IPC: 0.2272 (Simulation time: 00 hr 02 min 23 sec)
Heartbeat CPU 0 instructions: 16500088 cycles: 32260110 heartbeat IPC: 0.2221 cumulative IPC: 0.2268 (Simulation time: 00 hr 02 min 32 sec)
Heartbeat CPU 0 instructions: 17000095 cycles: 34552481 heartbeat IPC: 0.2181 cumulative IPC: 0.2261 (Simulation time: 00 hr 02 min 42 sec)
Heartbeat CPU 0 instructions: 17500102 cycles: 36777017 heartbeat IPC: 0.2248 cumulative IPC: 0.2261 (Simulation time: 00 hr 02 min 52 sec)
Heartbeat CPU 0 instructions: 18000109 cycles: 38641747 heartbeat IPC: 0.2681 cumulative IPC: 0.2283 (Simulation time: 00 hr 03 min 00 sec)
Heartbeat CPU 0 instructions: 18500110 cycles: 41004283 heartbeat IPC: 0.2116 cumulative IPC: 0.2272 (Simulation time: 00 hr 03 min 10 sec)
Heartbeat CPU 0 instructions: 19000110 cycles: 43211152 heartbeat IPC: 0.2266 cumulative IPC: 0.2272 (Simulation time: 00 hr 03 min 19 sec)
Heartbeat CPU 0 instructions: 19500115 cycles: 45443913 heartbeat IPC: 0.2239 cumulative IPC: 0.227 (Simulation time: 00 hr 03 min 29 sec)
Heartbeat CPU 0 instructions: 20000121 cycles: 47772124 heartbeat IPC: 0.2148 cumulative IPC: 0.2264 (Simulation time: 00 hr 03 min 38 sec)
Heartbeat CPU 0 instructions: 20500127 cycles: 49983126 heartbeat IPC: 0.2261 cumulative IPC: 0.2264 (Simulation time: 00 hr 03 min 48 sec)
Heartbeat CPU 0 instructions: 21000134 cycles: 52317969 heartbeat IPC: 0.2142 cumulative IPC: 0.2258 (Simulation time: 00 hr 03 min 58 sec)
Heartbeat CPU 0 instructions: 21500136 cycles: 54482078 heartbeat IPC: 0.231 cumulative IPC: 0.226 (Simulation time: 00 hr 04 min 07 sec)
Heartbeat CPU 0 instructions: 22000136 cycles: 56830821 heartbeat IPC: 0.2129 cumulative IPC: 0.2254 (Simulation time: 00 hr 04 min 17 sec)
Heartbeat CPU 0 instructions: 22500136 cycles: 59186765 heartbeat IPC: 0.2122 cumulative IPC: 0.2249 (Simulation time: 00 hr 04 min 27 sec)
Heartbeat CPU 0 instructions: 23000137 cycles: 61520879 heartbeat IPC: 0.2142 cumulative IPC: 0.2244 (Simulation time: 00 hr 04 min 36 sec)
Heartbeat CPU 0 instructions: 23500142 cycles: 63815848 heartbeat IPC: 0.2179 cumulative IPC: 0.2242 (Simulation time: 00 hr 04 min 46 sec)
Heartbeat CPU 0 instructions: 24000145 cycles: 66244421 heartbeat IPC: 0.2059 cumulative IPC: 0.2235 (Simulation time: 00 hr 04 min 56 sec)
Heartbeat CPU 0 instructions: 24500145 cycles: 68571539 heartbeat IPC: 0.2149 cumulative IPC: 0.2232 (Simulation time: 00 hr 05 min 06 sec)
Heartbeat CPU 0 instructions: 25000146 cycles: 70885537 heartbeat IPC: 0.2161 cumulative IPC: 0.2229 (Simulation time: 00 hr 05 min 16 sec)
Heartbeat CPU 0 instructions: 25500151 cycles: 73198372 heartbeat IPC: 0.2162 cumulative IPC: 0.2227 (Simulation time: 00 hr 05 min 26 sec)
Heartbeat CPU 0 instructions: 26000152 cycles: 75510081 heartbeat IPC: 0.2163 cumulative IPC: 0.2225 (Simulation time: 00 hr 05 min 35 sec)
Heartbeat CPU 0 instructions: 26500153 cycles: 77856316 heartbeat IPC: 0.2131 cumulative IPC: 0.2222 (Simulation time: 00 hr 05 min 45 sec)
Heartbeat CPU 0 instructions: 27000153 cycles: 80108114 heartbeat IPC: 0.222 cumulative IPC: 0.2222 (Simulation time: 00 hr 14 min 18 sec)
Heartbeat CPU 0 instructions: 27500154 cycles: 82474520 heartbeat IPC: 0.2113 cumulative IPC: 0.2219 (Simulation time: 00 hr 14 min 28 sec)
Heartbeat CPU 0 instructions: 28000158 cycles: 84671828 heartbeat IPC: 0.2276 cumulative IPC: 0.222 (Simulation time: 00 hr 14 min 36 sec)
Heartbeat CPU 0 instructions: 28500165 cycles: 86882107 heartbeat IPC: 0.2262 cumulative IPC: 0.2221 (Simulation time: 00 hr 14 min 45 sec)
Heartbeat CPU 0 instructions: 29000167 cycles: 89246329 heartbeat IPC: 0.2115 cumulative IPC: 0.2218 (Simulation time: 00 hr 14 min 55 sec)
Heartbeat CPU 0 instructions: 29500168 cycles: 91500975 heartbeat IPC: 0.2218 cumulative IPC: 0.2218 (Simulation time: 00 hr 15 min 04 sec)
Heartbeat CPU 0 instructions: 30000168 cycles: 93900268 heartbeat IPC: 0.2084 cumulative IPC: 0.2215 (Simulation time: 00 hr 23 min 12 sec)
Heartbeat CPU 0 instructions: 30500175 cycles: 96207889 heartbeat IPC: 0.2167 cumulative IPC: 0.2214 (Simulation time: 00 hr 23 min 21 sec)
Heartbeat CPU 0 instructions: 31000180 cycles: 98419503 heartbeat IPC: 0.2261 cumulative IPC: 0.2215 (Simulation time: 00 hr 23 min 30 sec)
Heartbeat CPU 0 instructions: 31500186 cycles: 100789647 heartbeat IPC: 0.211 cumulative IPC: 0.2212 (Simulation time: 00 hr 23 min 40 sec)
Heartbeat CPU 0 instructions: 32000190 cycles: 103033436 heartbeat IPC: 0.2228 cumulative IPC: 0.2213 (Simulation time: 00 hr 23 min 49 sec)
Heartbeat CPU 0 instructions: 32500190 cycles: 105056708 heartbeat IPC: 0.2471 cumulative IPC: 0.2218 (Simulation time: 00 hr 23 min 58 sec)
Heartbeat CPU 0 instructions: 33000191 cycles: 107544173 heartbeat IPC: 0.201 cumulative IPC: 0.2213 (Simulation time: 00 hr 24 min 09 sec)
Heartbeat CPU 0 instructions: 33500194 cycles: 109846131 heartbeat IPC: 0.2172 cumulative IPC: 0.2212 (Simulation time: 00 hr 24 min 18 sec)
Heartbeat CPU 0 instructions: 34000194 cycles: 112101178 heartbeat IPC: 0.2217 cumulative IPC: 0.2212 (Simulation time: 00 hr 24 min 28 sec)
Heartbeat CPU 0 instructions: 34500195 cycles: 114395898 heartbeat IPC: 0.2179 cumulative IPC: 0.2211 (Simulation time: 00 hr 24 min 37 sec)
Heartbeat CPU 0 instructions: 35000196 cycles: 116727744 heartbeat IPC: 0.2144 cumulative IPC: 0.221 (Simulation time: 00 hr 24 min 47 sec)
Heartbeat CPU 0 instructions: 35500196 cycles: 118852851 heartbeat IPC: 0.2353 cumulative IPC: 0.2213 (Simulation time: 00 hr 24 min 55 sec)
Heartbeat CPU 0 instructions: 36000196 cycles: 121010430 heartbeat IPC: 0.2317 cumulative IPC: 0.2214 (Simulation time: 00 hr 25 min 05 sec)
Heartbeat CPU 0 instructions: 36500199 cycles: 123390886 heartbeat IPC: 0.21 cumulative IPC: 0.2212 (Simulation time: 00 hr 25 min 15 sec)
Heartbeat CPU 0 instructions: 37000203 cycles: 125680871 heartbeat IPC: 0.2183 cumulative IPC: 0.2212 (Simulation time: 00 hr 25 min 24 sec)
Heartbeat CPU 0 instructions: 37500210 cycles: 128227713 heartbeat IPC: 0.1963 cumulative IPC: 0.2207 (Simulation time: 00 hr 25 min 35 sec)
Heartbeat CPU 0 instructions: 38000210 cycles: 130666598 heartbeat IPC: 0.205 cumulative IPC: 0.2204 (Simulation time: 00 hr 25 min 45 sec)
Heartbeat CPU 0 instructions: 38500213 cycles: 132904301 heartbeat IPC: 0.2234 cumulative IPC: 0.2204 (Simulation time: 00 hr 25 min 55 sec)
Heartbeat CPU 0 instructions: 39000213 cycles: 135264417 heartbeat IPC: 0.2119 cumulative IPC: 0.2203 (Simulation time: 00 hr 26 min 05 sec)
Heartbeat CPU 0 instructions: 39500213 cycles: 137130167 heartbeat IPC: 0.268 cumulative IPC: 0.2209 (Simulation time: 00 hr 26 min 13 sec)
Heartbeat CPU 0 instructions: 40000216 cycles: 139465740 heartbeat IPC: 0.2141 cumulative IPC: 0.2208 (Simulation time: 00 hr 26 min 23 sec)
Heartbeat CPU 0 instructions: 40500223 cycles: 141746378 heartbeat IPC: 0.2192 cumulative IPC: 0.2208 (Simulation time: 00 hr 26 min 33 sec)
Heartbeat CPU 0 instructions: 41000223 cycles: 144216407 heartbeat IPC: 0.2024 cumulative IPC: 0.2205 (Simulation time: 00 hr 26 min 43 sec)
Heartbeat CPU 0 instructions: 41500224 cycles: 146671660 heartbeat IPC: 0.2036 cumulative IPC: 0.2202 (Simulation time: 00 hr 26 min 54 sec)
Heartbeat CPU 0 instructions: 42000229 cycles: 149136095 heartbeat IPC: 0.2029 cumulative IPC: 0.2199 (Simulation time: 00 hr 27 min 04 sec)
Heartbeat CPU 0 instructions: 42500230 cycles: 151584404 heartbeat IPC: 0.2042 cumulative IPC: 0.2196 (Simulation time: 00 hr 27 min 14 sec)
Heartbeat CPU 0 instructions: 43000230 cycles: 153530403 heartbeat IPC: 0.2569 cumulative IPC: 0.2201 (Simulation time: 00 hr 27 min 23 sec)
Heartbeat CPU 0 instructions: 43500236 cycles: 155826493 heartbeat IPC: 0.2178 cumulative IPC: 0.2201 (Simulation time: 00 hr 27 min 33 sec)
Heartbeat CPU 0 instructions: 44000238 cycles: 157964378 heartbeat IPC: 0.2339 cumulative IPC: 0.2203 (Simulation time: 00 hr 27 min 42 sec)
Heartbeat CPU 0 instructions: 44500240 cycles: 160023236 heartbeat IPC: 0.2429 cumulative IPC: 0.2206 (Simulation time: 00 hr 27 min 51 sec)
Heartbeat CPU 0 instructions: 45000241 cycles: 162390396 heartbeat IPC: 0.2112 cumulative IPC: 0.2204 (Simulation time: 00 hr 28 min 01 sec)
Heartbeat CPU 0 instructions: 45500247 cycles: 164320388 heartbeat IPC: 0.2591 cumulative IPC: 0.2209 (Simulation time: 00 hr 28 min 10 sec)
Heartbeat CPU 0 instructions: 46000251 cycles: 166719849 heartbeat IPC: 0.2084 cumulative IPC: 0.2207 (Simulation time: 00 hr 28 min 20 sec)
Heartbeat CPU 0 instructions: 46500251 cycles: 169185741 heartbeat IPC: 0.2028 cumulative IPC: 0.2204 (Simulation time: 00 hr 28 min 30 sec)
Heartbeat CPU 0 instructions: 47000254 cycles: 171654403 heartbeat IPC: 0.2025 cumulative IPC: 0.2202 (Simulation time: 00 hr 28 min 40 sec)
Heartbeat CPU 0 instructions: 47500259 cycles: 173971198 heartbeat IPC: 0.2158 cumulative IPC: 0.2201 (Simulation time: 00 hr 28 min 50 sec)
Heartbeat CPU 0 instructions: 48000259 cycles: 176330962 heartbeat IPC: 0.2119 cumulative IPC: 0.22 (Simulation time: 00 hr 29 min 00 sec)
Heartbeat CPU 0 instructions: 48500259 cycles: 178713570 heartbeat IPC: 0.2099 cumulative IPC: 0.2199 (Simulation time: 00 hr 29 min 10 sec)
Heartbeat CPU 0 instructions: 49000260 cycles: 181215937 heartbeat IPC: 0.1998 cumulative IPC: 0.2196 (Simulation time: 00 hr 29 min 21 sec)
Heartbeat CPU 0 instructions: 49500261 cycles: 183533736 heartbeat IPC: 0.2157 cumulative IPC: 0.2195 (Simulation time: 00 hr 29 min 31 sec)
Heartbeat CPU 0 instructions: 50000266 cycles: 185946975 heartbeat IPC: 0.2072 cumulative IPC: 0.2194 (Simulation time: 00 hr 29 min 41 sec)
Heartbeat CPU 0 instructions: 50500272 cycles: 188329248 heartbeat IPC: 0.2099 cumulative IPC: 0.2192 (Simulation time: 00 hr 29 min 51 sec)
Heartbeat CPU 0 instructions: 51000276 cycles: 190696124 heartbeat IPC: 0.2113 cumulative IPC: 0.2191 (Simulation time: 00 hr 30 min 01 sec)
Heartbeat CPU 0 instructions: 51500276 cycles: 193083172 heartbeat IPC: 0.2095 cumulative IPC: 0.219 (Simulation time: 00 hr 30 min 11 sec)
Heartbeat CPU 0 instructions: 52000279 cycles: 195416831 heartbeat IPC: 0.2143 cumulative IPC: 0.219 (Simulation time: 00 hr 30 min 21 sec)
Heartbeat CPU 0 instructions: 52500283 cycles: 197568004 heartbeat IPC: 0.2324 cumulative IPC: 0.2191 (Simulation time: 00 hr 30 min 30 sec)
Heartbeat CPU 0 instructions: 53000286 cycles: 199698377 heartbeat IPC: 0.2347 cumulative IPC: 0.2193 (Simulation time: 00 hr 30 min 39 sec)
Heartbeat CPU 0 instructions: 53500292 cycles: 202200936 heartbeat IPC: 0.1998 cumulative IPC: 0.219 (Simulation time: 00 hr 30 min 50 sec)
Heartbeat CPU 0 instructions: 54000292 cycles: 204507796 heartbeat IPC: 0.2167 cumulative IPC: 0.219 (Simulation time: 00 hr 31 min 00 sec)
Heartbeat CPU 0 instructions: 54500296 cycles: 206776972 heartbeat IPC: 0.2203 cumulative IPC: 0.219 (Simulation time: 00 hr 31 min 09 sec)
Heartbeat CPU 0 instructions: 55000297 cycles: 209088903 heartbeat IPC: 0.2163 cumulative IPC: 0.219 (Simulation time: 00 hr 31 min 19 sec)
Heartbeat CPU 0 instructions: 55500297 cycles: 211486464 heartbeat IPC: 0.2085 cumulative IPC: 0.2189 (Simulation time: 00 hr 31 min 29 sec)
Heartbeat CPU 0 instructions: 56000298 cycles: 213901414 heartbeat IPC: 0.207 cumulative IPC: 0.2187 (Simulation time: 00 hr 31 min 39 sec)
Heartbeat CPU 0 instructions: 56500304 cycles: 216392995 heartbeat IPC: 0.2007 cumulative IPC: 0.2185 (Simulation time: 00 hr 31 min 50 sec)
Heartbeat CPU 0 instructions: 57000305 cycles: 218755546 heartbeat IPC: 0.2116 cumulative IPC: 0.2184 (Simulation time: 00 hr 32 min 00 sec)
Heartbeat CPU 0 instructions: 57500309 cycles: 221168469 heartbeat IPC: 0.2072 cumulative IPC: 0.2183 (Simulation time: 00 hr 32 min 10 sec)
Heartbeat CPU 0 instructions: 58000316 cycles: 223729549 heartbeat IPC: 0.1952 cumulative IPC: 0.2181 (Simulation time: 00 hr 32 min 21 sec)
Heartbeat CPU 0 instructions: 58500316 cycles: 225622449 heartbeat IPC: 0.2641 cumulative IPC: 0.2184 (Simulation time: 00 hr 32 min 30 sec)
Heartbeat CPU 0 instructions: 59000318 cycles: 228050039 heartbeat IPC: 0.206 cumulative IPC: 0.2183 (Simulation time: 00 hr 32 min 40 sec)
Heartbeat CPU 0 instructions: 59500323 cycles: 230286511 heartbeat IPC: 0.2236 cumulative IPC: 0.2184 (Simulation time: 00 hr 32 min 50 sec)
Simulation finished CPU 0 instructions: 50000007 cycles: 228834050 cumulative IPC: 0.2185 (Simulation time: 00 hr 33 min 00 sec)
Simulation complete CPU 0 instructions: 50000007 cycles: 228834050 cumulative IPC: 0.2185 (Simulation time: 00 hr 33 min 00 sec)

ChampSim completed all CPUs

=== Simulation ===
CPU 0 runs traces/GAP/bc-0.trace

Region of Interest Statistics

CPU 0 cumulative IPC: 0.2185 instructions: 50000007 cycles: 228834050
CPU 0 Branch Prediction Accuracy: 87.71% MPKI: 23.18 Average ROB Occupancy at Mispredict: 50.55
Branch type MPKI
BRANCH_DIRECT_JUMP: 0
BRANCH_INDIRECT: 0
BRANCH_CONDITIONAL: 23.18
BRANCH_DIRECT_CALL: 0
BRANCH_INDIRECT_CALL: 0
BRANCH_RETURN: 0

cpu0->cpu0_STLB TOTAL        ACCESS:    1485221 HIT:     782969 MISS:     702252 MSHR_MERGE:          0
cpu0->cpu0_STLB LOAD         ACCESS:    1485221 HIT:     782969 MISS:     702252 MSHR_MERGE:          0
cpu0->cpu0_STLB RFO          ACCESS:          0 HIT:          0 MISS:          0 MSHR_MERGE:          0
cpu0->cpu0_STLB PREFETCH     ACCESS:          0 HIT:          0 MISS:          0 MSHR_MERGE:          0
cpu0->cpu0_STLB WRITE        ACCESS:          0 HIT:          0 MISS:          0 MSHR_MERGE:          0
cpu0->cpu0_STLB TRANSLATION  ACCESS:          0 HIT:          0 MISS:          0 MSHR_MERGE:          0
cpu0->cpu0_STLB PREFETCH REQUESTED:          0 ISSUED:          0 USEFUL:          0 USELESS:          0
cpu0->cpu0_STLB AVERAGE MISS LATENCY: 27.17 cycles
cpu0->cpu0_L2C TOTAL        ACCESS:   20045900 HIT:    7449909 MISS:   12595991 MSHR_MERGE:    2099947
cpu0->cpu0_L2C LOAD         ACCESS:    3758856 HIT:    1339914 MISS:    2418942 MSHR_MERGE:     177259
cpu0->cpu0_L2C RFO          ACCESS:      29982 HIT:       2353 MISS:      27629 MSHR_MERGE:          0
cpu0->cpu0_L2C PREFETCH     ACCESS:   14704263 HIT:    4586418 MISS:   10117845 MSHR_MERGE:    1922688
cpu0->cpu0_L2C WRITE        ACCESS:    1330659 HIT:    1330629 MISS:         30 MSHR_MERGE:          0
cpu0->cpu0_L2C TRANSLATION  ACCESS:     222140 HIT:     190595 MISS:      31545 MSHR_MERGE:          0
cpu0->cpu0_L2C PREFETCH REQUESTED:   14571032 ISSUED:   12543724 USEFUL:    1210834 USELESS:    5545210
cpu0->cpu0_L2C AVERAGE MISS LATENCY: 179.7 cycles
cpu0->cpu0_L1I TOTAL        ACCESS:      64164 HIT:      64164 MISS:          0 MSHR_MERGE:          0
cpu0->cpu0_L1I LOAD         ACCESS:      64164 HIT:      64164 MISS:          0 MSHR_MERGE:          0
cpu0->cpu0_L1I RFO          ACCESS:          0 HIT:          0 MISS:          0 MSHR_MERGE:          0
cpu0->cpu0_L1I PREFETCH     ACCESS:          0 HIT:          0 MISS:          0 MSHR_MERGE:          0
cpu0->cpu0_L1I WRITE        ACCESS:          0 HIT:          0 MISS:          0 MSHR_MERGE:          0
cpu0->cpu0_L1I TRANSLATION  ACCESS:          0 HIT:          0 MISS:          0 MSHR_MERGE:          0
cpu0->cpu0_L1I PREFETCH REQUESTED:          0 ISSUED:          0 USEFUL:          0 USELESS:          0
cpu0->cpu0_L1I AVERAGE MISS LATENCY: - cycles
cpu0->cpu0_L1D TOTAL        ACCESS:   19038401 HIT:   12587526 MISS:    6450875 MSHR_MERGE:     279374
cpu0->cpu0_L1D LOAD         ACCESS:   12635988 HIT:    8698661 MISS:    3937327 MSHR_MERGE:     178472
cpu0->cpu0_L1D RFO          ACCESS:          0 HIT:          0 MISS:          0 MSHR_MERGE:          0
cpu0->cpu0_L1D PREFETCH     ACCESS:    2321769 HIT:     121359 MISS:    2200410 MSHR_MERGE:      39887
cpu0->cpu0_L1D WRITE        ACCESS:    2701459 HIT:    2625106 MISS:      76353 MSHR_MERGE:      46370
cpu0->cpu0_L1D TRANSLATION  ACCESS:    1379185 HIT:    1142400 MISS:     236785 MSHR_MERGE:      14645
cpu0->cpu0_L1D PREFETCH REQUESTED:    2331971 ISSUED:    2321761 USEFUL:     358885 USELESS:    1801517
cpu0->cpu0_L1D AVERAGE MISS LATENCY: 120.9 cycles
cpu0->cpu0_ITLB TOTAL        ACCESS:      49953 HIT:      49953 MISS:          0 MSHR_MERGE:          0
cpu0->cpu0_ITLB LOAD         ACCESS:      49953 HIT:      49953 MISS:          0 MSHR_MERGE:          0
cpu0->cpu0_ITLB RFO          ACCESS:          0 HIT:          0 MISS:          0 MSHR_MERGE:          0
cpu0->cpu0_ITLB PREFETCH     ACCESS:          0 HIT:          0 MISS:          0 MSHR_MERGE:          0
cpu0->cpu0_ITLB WRITE        ACCESS:          0 HIT:          0 MISS:          0 MSHR_MERGE:          0
cpu0->cpu0_ITLB TRANSLATION  ACCESS:          0 HIT:          0 MISS:          0 MSHR_MERGE:          0
cpu0->cpu0_ITLB PREFETCH REQUESTED:          0 ISSUED:          0 USEFUL:          0 USELESS:          0
cpu0->cpu0_ITLB AVERAGE MISS LATENCY: - cycles
cpu0->cpu0_DTLB TOTAL        ACCESS:   17103736 HIT:   15127449 MISS:    1976287 MSHR_MERGE:     491066
cpu0->cpu0_DTLB LOAD         ACCESS:   17103736 HIT:   15127449 MISS:    1976287 MSHR_MERGE:     491066
cpu0->cpu0_DTLB RFO          ACCESS:          0 HIT:          0 MISS:          0 MSHR_MERGE:          0
cpu0->cpu0_DTLB PREFETCH     ACCESS:          0 HIT:          0 MISS:          0 MSHR_MERGE:          0
cpu0->cpu0_DTLB WRITE        ACCESS:          0 HIT:          0 MISS:          0 MSHR_MERGE:          0
cpu0->cpu0_DTLB TRANSLATION  ACCESS:          0 HIT:          0 MISS:          0 MSHR_MERGE:          0
cpu0->cpu0_DTLB PREFETCH REQUESTED:          0 ISSUED:          0 USEFUL:          0 USELESS:          0
cpu0->cpu0_DTLB AVERAGE MISS LATENCY: 18.32 cycles
cpu0->LLC TOTAL        ACCESS:   11777921 HIT:    4480869 MISS:    7297052 MSHR_MERGE:          0
cpu0->LLC LOAD         ACCESS:    2241683 HIT:     966794 MISS:    1274889 MSHR_MERGE:          0
cpu0->LLC RFO          ACCESS:      27629 HIT:        841 MISS:      26788 MSHR_MERGE:          0
cpu0->LLC PREFETCH     ACCESS:    8195155 HIT:    3008533 MISS:    5186622 MSHR_MERGE:          0
cpu0->LLC WRITE        ACCESS:    1281909 HIT:     496537 MISS:     785372 MSHR_MERGE:          0
cpu0->LLC TRANSLATION  ACCESS:      31545 HIT:       8164 MISS:      23381 MSHR_MERGE:          0
cpu0->LLC PREFETCH REQUESTED:          0 ISSUED:          0 USEFUL:          0 USELESS:          0
cpu0->LLC AVERAGE MISS LATENCY: 175.7 cycles

DRAM Statistics

Channel 0 RQ ROW_BUFFER_HIT:     355227
  ROW_BUFFER_MISS:    6152842
  AVG DBUS CONGESTED CYCLE: 10.19
Channel 0 WQ ROW_BUFFER_HIT:     171854
  ROW_BUFFER_MISS:     766353
  FULL:          0
Channel 0 REFRESHES ISSUED:      19069
