[VMEM] WARNING: physical memory size is smaller than virtual memory size.

*** ChampSim Multicore Out-of-Order Simulator ***
Warmup Instructions: 10000000
Simulation Instructions: 50000000
Number of CPUs: 1
Page size: 4096
Core 0: traces/GAP/cc-13.trace
 L1D Berti prefetcher
Off-chip DRAM Size: 64 GiB Channels: 1 Width: 64-bit Data Rate: 4807 MT/s
Heartbeat CPU 0 instructions: 500004 cycles: 151542 heartbeat IPC: 3.299 cumulative IPC: 3.299 (Simulation time: 00 hr 00 min 01 sec)
Heartbeat CPU 0 instructions: 1000005 cycles: 299254 heartbeat IPC: 3.385 cumulative IPC: 3.342 (Simulation time: 00 hr 00 min 02 sec)
Heartbeat CPU 0 instructions: 1500005 cycles: 446818 heartbeat IPC: 3.388 cumulative IPC: 3.357 (Simulation time: 00 hr 00 min 03 sec)
Heartbeat CPU 0 instructions: 2000012 cycles: 556387 heartbeat IPC: 4.563 cumulative IPC: 3.595 (Simulation time: 00 hr 00 min 04 sec)
Heartbeat CPU 0 instructions: 2500014 cycles: 658570 heartbeat IPC: 4.893 cumulative IPC: 3.796 (Simulation time: 00 hr 00 min 05 sec)
Heartbeat CPU 0 instructions: 3000019 cycles: 761024 heartbeat IPC: 4.88 cumulative IPC: 3.942 (Simulation time: 00 hr 00 min 06 sec)
Heartbeat CPU 0 instructions: 3500026 cycles: 863603 heartbeat IPC: 4.874 cumulative IPC: 4.053 (Simulation time: 00 hr 00 min 07 sec)
Heartbeat CPU 0 instructions: 4000031 cycles: 965785 heartbeat IPC: 4.893 cumulative IPC: 4.142 (Simulation time: 00 hr 00 min 09 sec)
Heartbeat CPU 0 instructions: 4500032 cycles: 1068186 heartbeat IPC: 4.883 cumulative IPC: 4.213 (Simulation time: 00 hr 00 min 10 sec)
Heartbeat CPU 0 instructions: 5000033 cycles: 1170743 heartbeat IPC: 4.875 cumulative IPC: 4.271 (Simulation time: 00 hr 00 min 11 sec)
Heartbeat CPU 0 instructions: 5500033 cycles: 1273396 heartbeat IPC: 4.871 cumulative IPC: 4.319 (Simulation time: 00 hr 00 min 12 sec)
Heartbeat CPU 0 instructions: 6000035 cycles: 1376103 heartbeat IPC: 4.868 cumulative IPC: 4.36 (Simulation time: 00 hr 00 min 13 sec)
Heartbeat CPU 0 instructions: 6500037 cycles: 1478795 heartbeat IPC: 4.869 cumulative IPC: 4.395 (Simulation time: 00 hr 00 min 14 sec)
Heartbeat CPU 0 instructions: 7000042 cycles: 1581785 heartbeat IPC: 4.855 cumulative IPC: 4.425 (Simulation time: 00 hr 00 min 16 sec)
Heartbeat CPU 0 instructions: 7500043 cycles: 1684876 heartbeat IPC: 4.85 cumulative IPC: 4.451 (Simulation time: 00 hr 00 min 17 sec)
Heartbeat CPU 0 instructions: 8000046 cycles: 1787467 heartbeat IPC: 4.874 cumulative IPC: 4.476 (Simulation time: 00 hr 00 min 18 sec)
Heartbeat CPU 0 instructions: 8500047 cycles: 1890218 heartbeat IPC: 4.866 cumulative IPC: 4.497 (Simulation time: 00 hr 00 min 19 sec)
Heartbeat CPU 0 instructions: 9000050 cycles: 1993041 heartbeat IPC: 4.863 cumulative IPC: 4.516 (Simulation time: 00 hr 00 min 20 sec)
Heartbeat CPU 0 instructions: 9500057 cycles: 2095477 heartbeat IPC: 4.881 cumulative IPC: 4.534 (Simulation time: 00 hr 00 min 21 sec)
Warmup finished CPU 0 instructions: 10000005 cycles: 2198466 cumulative IPC: 4.549 (Simulation time: 00 hr 00 min 23 sec)
Warmup complete CPU 0 instructions: 10000005 cycles: 2198466 cumulative IPC: 4.549 (Simulation time: 00 hr 00 min 23 sec)
Heartbeat CPU 0 instructions: 10000063 cycles: 2198512 heartbeat IPC: 4.853 cumulative IPC: 1.261 (Simulation time: 00 hr 00 min 23 sec)
Heartbeat CPU 0 instructions: 10500063 cycles: 3539168 heartbeat IPC: 0.373 cumulative IPC: 0.373 (Simulation time: 00 hr 00 min 27 sec)
Heartbeat CPU 0 instructions: 11000063 cycles: 4889738 heartbeat IPC: 0.3702 cumulative IPC: 0.3716 (Simulation time: 00 hr 00 min 32 sec)
Heartbeat CPU 0 instructions: 11500064 cycles: 6171929 heartbeat IPC: 0.39 cumulative IPC: 0.3775 (Simulation time: 00 hr 00 min 36 sec)
Heartbeat CPU 0 instructions: 12000070 cycles: 7401273 heartbeat IPC: 0.4067 cumulative IPC: 0.3844 (Simulation time: 00 hr 00 min 41 sec)
Heartbeat CPU 0 instructions: 12500070 cycles: 8694086 heartbeat IPC: 0.3868 cumulative IPC: 0.3849 (Simulation time: 00 hr 00 min 45 sec)
Heartbeat CPU 0 instructions: 13000070 cycles: 10051048 heartbeat IPC: 0.3685 cumulative IPC: 0.382 (Simulation time: 00 hr 00 min 50 sec)
Heartbeat CPU 0 instructions: 13500070 cycles: 11363058 heartbeat IPC: 0.3811 cumulative IPC: 0.3819 (Simulation time: 00 hr 00 min 54 sec)
Heartbeat CPU 0 instructions: 14000072 cycles: 12805012 heartbeat IPC: 0.3468 cumulative IPC: 0.3771 (Simulation time: 00 hr 00 min 59 sec)
Heartbeat CPU 0 instructions: 14500072 cycles: 14254390 heartbeat IPC: 0.345 cumulative IPC: 0.3733 (Simulation time: 00 hr 01 min 04 sec)
Heartbeat CPU 0 instructions: 15000073 cycles: 15836293 heartbeat IPC: 0.3161 cumulative IPC: 0.3666 (Simulation time: 00 hr 01 min 09 sec)
Heartbeat CPU 0 instructions: 15500074 cycles: 17099902 heartbeat IPC: 0.3957 cumulative IPC: 0.3691 (Simulation time: 00 hr 01 min 14 sec)
Heartbeat CPU 0 instructions: 16000075 cycles: 18371458 heartbeat IPC: 0.3932 cumulative IPC: 0.371 (Simulation time: 00 hr 01 min 18 sec)
Heartbeat CPU 0 instructions: 16500075 cycles: 19641350 heartbeat IPC: 0.3937 cumulative IPC: 0.3726 (Simulation time: 00 hr 01 min 23 sec)
Heartbeat CPU 0 instructions: 17000076 cycles: 20866180 heartbeat IPC: 0.4082 cumulative IPC: 0.375 (Simulation time: 00 hr 01 min 27 sec)
Heartbeat CPU 0 instructions: 17500076 cycles: 22192250 heartbeat IPC: 0.3771 cumulative IPC: 0.3751 (Simulation time: 00 hr 01 min 32 sec)
Heartbeat CPU 0 instructions: 18000081 cycles: 23547982 heartbeat IPC: 0.3688 cumulative IPC: 0.3747 (Simulation time: 00 hr 01 min 36 sec)
Heartbeat CPU 0 instructions: 18500082 cycles: 24953474 heartbeat IPC: 0.3557 cumulative IPC: 0.3735 (Simulation time: 00 hr 01 min 41 sec)
Heartbeat CPU 0 instructions: 19000082 cycles: 26262826 heartbeat IPC: 0.3819 cumulative IPC: 0.374 (Simulation time: 00 hr 01 min 46 sec)
Heartbeat CPU 0 instructions: 19500085 cycles: 27839134 heartbeat IPC: 0.3172 cumulative IPC: 0.3705 (Simulation time: 00 hr 01 min 51 sec)
Heartbeat CPU 0 instructions: 20000087 cycles: 29177767 heartbeat IPC: 0.3735 cumulative IPC: 0.3707 (Simulation time: 00 hr 01 min 56 sec)
Heartbeat CPU 0 instructions: 20500087 cycles: 30470399 heartbeat IPC: 0.3868 cumulative IPC: 0.3714 (Simulation time: 00 hr 02 min 00 sec)
Heartbeat CPU 0 instructions: 21000088 cycles: 31710808 heartbeat IPC: 0.4031 cumulative IPC: 0.3727 (Simulation time: 00 hr 02 min 05 sec)
Heartbeat CPU 0 instructions: 21500089 cycles: 32976096 heartbeat IPC: 0.3952 cumulative IPC: 0.3737 (Simulation time: 00 hr 02 min 10 sec)
Heartbeat CPU 0 instructions: 22000091 cycles: 34350720 heartbeat IPC: 0.3637 cumulative IPC: 0.3732 (Simulation time: 00 hr 02 min 14 sec)
Heartbeat CPU 0 instructions: 22500091 cycles: 35670823 heartbeat IPC: 0.3788 cumulative IPC: 0.3734 (Simulation time: 00 hr 02 min 19 sec)
Heartbeat CPU 0 instructions: 23000091 cycles: 37007317 heartbeat IPC: 0.3741 cumulative IPC: 0.3735 (Simulation time: 00 hr 02 min 24 sec)
Heartbeat CPU 0 instructions: 23500091 cycles: 38269730 heartbeat IPC: 0.3961 cumulative IPC: 0.3743 (Simulation time: 00 hr 02 min 28 sec)
Heartbeat CPU 0 instructions: 24000092 cycles: 39393583 heartbeat IPC: 0.4449 cumulative IPC: 0.3764 (Simulation time: 00 hr 02 min 33 sec)
Heartbeat CPU 0 instructions: 24500094 cycles: 40770815 heartbeat IPC: 0.363 cumulative IPC: 0.3759 (Simulation time: 00 hr 02 min 38 sec)
Heartbeat CPU 0 instructions: 25000094 cycles: 42104623 heartbeat IPC: 0.3749 cumulative IPC: 0.3759 (Simulation time: 00 hr 02 min 42 sec)
Heartbeat CPU 0 instructions: 25500094 cycles: 43325559 heartbeat IPC: 0.4095 cumulative IPC: 0.3769 (Simulation time: 00 hr 02 min 47 sec)
Heartbeat CPU 0 instructions: 26000095 cycles: 44633466 heartbeat IPC: 0.3823 cumulative IPC: 0.377 (Simulation time: 00 hr 02 min 51 sec)
Heartbeat CPU 0 instructions: 26500100 cycles: 45950116 heartbeat IPC: 0.3798 cumulative IPC: 0.3771 (Simulation time: 00 hr 02 min 56 sec)
Heartbeat CPU 0 instructions: 27000100 cycles: 47035866 heartbeat IPC: 0.4605 cumulative IPC: 0.3791 (Simulation time: 00 hr 03 min 00 sec)
Heartbeat CPU 0 instructions: 27500100 cycles: 48304508 heartbeat IPC: 0.3941 cumulative IPC: 0.3796 (Simulation time: 00 hr 03 min 05 sec)
Heartbeat CPU 0 instructions: 28000105 cycles: 49495780 heartbeat IPC: 0.4197 cumulative IPC: 0.3806 (Simulation time: 00 hr 03 min 09 sec)
Heartbeat CPU 0 instructions: 28500106 cycles: 50746256 heartbeat IPC: 0.3998 cumulative IPC: 0.3811 (Simulation time: 00 hr 03 min 14 sec)
Heartbeat CPU 0 instructions: 29000106 cycles: 51913721 heartbeat IPC: 0.4283 cumulative IPC: 0.3822 (Simulation time: 00 hr 03 min 18 sec)
Heartbeat CPU 0 instructions: 29500108 cycles: 53172489 heartbeat IPC: 0.3972 cumulative IPC: 0.3825 (Simulation time: 00 hr 03 min 23 sec)
Heartbeat CPU 0 instructions: 30000108 cycles: 54443906 heartbeat IPC: 0.3933 cumulative IPC: 0.3828 (Simulation time: 00 hr 03 min 27 sec)
Heartbeat CPU 0 instructions: 30500108 cycles: 55824133 heartbeat IPC: 0.3623 cumulative IPC: 0.3823 (Simulation time: 00 hr 03 min 33 sec)
Heartbeat CPU 0 instructions: 31000108 cycles: 57048079 heartbeat IPC: 0.4085 cumulative IPC: 0.3829 (Simulation time: 00 hr 03 min 37 sec)
Heartbeat CPU 0 instructions: 31500110 cycles: 58166109 heartbeat IPC: 0.4472 cumulative IPC: 0.3842 (Simulation time: 00 hr 03 min 41 sec)
Heartbeat CPU 0 instructions: 32000110 cycles: 59522223 heartbeat IPC: 0.3687 cumulative IPC: 0.3838 (Simulation time: 00 hr 03 min 46 sec)
Heartbeat CPU 0 instructions: 32500110 cycles: 60788127 heartbeat IPC: 0.395 cumulative IPC: 0.384 (Simulation time: 00 hr 03 min 50 sec)
Heartbeat CPU 0 instructions: 33000111 cycles: 62028798 heartbeat IPC: 0.403 cumulative IPC: 0.3844 (Simulation time: 00 hr 03 min 55 sec)
Heartbeat CPU 0 instructions: 33500111 cycles: 63239894 heartbeat IPC: 0.4128 cumulative IPC: 0.385 (Simulation time: 00 hr 04 min 00 sec)
Heartbeat CPU 0 instructions: 34000114 cycles: 64521468 heartbeat IPC: 0.3901 cumulative IPC: 0.3851 (Simulation time: 00 hr 04 min 04 sec)
Heartbeat CPU 0 instructions: 34500114 cycles: 65850905 heartbeat IPC: 0.3761 cumulative IPC: 0.3849 (Simulation time: 00 hr 04 min 09 sec)
Heartbeat CPU 0 instructions: 35000114 cycles: 66751798 heartbeat IPC: 0.555 cumulative IPC: 0.3873 (Simulation time: 00 hr 04 min 13 sec)
Heartbeat CPU 0 instructions: 35500120 cycles: 68088123 heartbeat IPC: 0.3742 cumulative IPC: 0.387 (Simulation time: 00 hr 04 min 17 sec)
Heartbeat CPU 0 instructions: 36000123 cycles: 69450840 heartbeat IPC: 0.3669 cumulative IPC: 0.3866 (Simulation time: 00 hr 04 min 22 sec)
Heartbeat CPU 0 instructions: 36500124 cycles: 70707108 heartbeat IPC: 0.398 cumulative IPC: 0.3868 (Simulation time: 00 hr 04 min 27 sec)
Heartbeat CPU 0 instructions: 37000125 cycles: 71883489 heartbeat IPC: 0.425 cumulative IPC: 0.3875 (Simulation time: 00 hr 04 min 31 sec)
Heartbeat CPU 0 instructions: 37500127 cycles: 73012337 heartbeat IPC: 0.4429 cumulative IPC: 0.3883 (Simulation time: 00 hr 04 min 35 sec)
Heartbeat CPU 0 instructions: 38000127 cycles: 74181076 heartbeat IPC: 0.4278 cumulative IPC: 0.389 (Simulation time: 00 hr 04 min 40 sec)
Heartbeat CPU 0 instructions: 38500130 cycles: 75346794 heartbeat IPC: 0.4289 cumulative IPC: 0.3896 (Simulation time: 00 hr 04 min 44 sec)
Heartbeat CPU 0 instructions: 39000130 cycles: 76637079 heartbeat IPC: 0.3875 cumulative IPC: 0.3896 (Simulation time: 00 hr 04 min 49 sec)
Heartbeat CPU 0 instructions: 39500130 cycles: 77900448 heartbeat IPC: 0.3958 cumulative IPC: 0.3897 (Simulation time: 00 hr 04 min 53 sec)
Heartbeat CPU 0 instructions: 40000134 cycles: 79270342 heartbeat IPC: 0.365 cumulative IPC: 0.3892 (Simulation time: 00 hr 04 min 58 sec)
Heartbeat CPU 0 instructions: 40500134 cycles: 80427737 heartbeat IPC: 0.432 cumulative IPC: 0.3899 (Simulation time: 00 hr 05 min 03 sec)
Heartbeat CPU 0 instructions: 41000140 cycles: 81859212 heartbeat IPC: 0.3493 cumulative IPC: 0.3892 (Simulation time: 00 hr 05 min 08 sec)
Heartbeat CPU 0 instructions: 41500144 cycles: 83164264 heartbeat IPC: 0.3831 cumulative IPC: 0.3891 (Simulation time: 00 hr 05 min 12 sec)
Heartbeat CPU 0 instructions: 42000148 cycles: 84350456 heartbeat IPC: 0.4215 cumulative IPC: 0.3895 (Simulation time: 00 hr 05 min 17 sec)
Heartbeat CPU 0 instructions: 42500148 cycles: 85600417 heartbeat IPC: 0.4 cumulative IPC: 0.3897 (Simulation time: 00 hr 05 min 21 sec)
Heartbeat CPU 0 instructions: 43000148 cycles: 86933350 heartbeat IPC: 0.3751 cumulative IPC: 0.3895 (Simulation time: 00 hr 05 min 26 sec)
Heartbeat CPU 0 instructions: 43500149 cycles: 88104840 heartbeat IPC: 0.4268 cumulative IPC: 0.39 (Simulation time: 00 hr 05 min 30 sec)
Heartbeat CPU 0 instructions: 44000150 cycles: 89480388 heartbeat IPC: 0.3635 cumulative IPC: 0.3895 (Simulation time: 00 hr 05 min 35 sec)
Heartbeat CPU 0 instructions: 44500150 cycles: 90758870 heartbeat IPC: 0.3911 cumulative IPC: 0.3896 (Simulation time: 00 hr 05 min 40 sec)
Heartbeat CPU 0 instructions: 45000154 cycles: 92067272 heartbeat IPC: 0.3821 cumulative IPC: 0.3895 (Simulation time: 00 hr 05 min 44 sec)
Heartbeat CPU 0 instructions: 45500154 cycles: 93165484 heartbeat IPC: 0.4553 cumulative IPC: 0.3903 (Simulation time: 00 hr 05 min 48 sec)
Heartbeat CPU 0 instructions: 46000155 cycles: 94532167 heartbeat IPC: 0.3659 cumulative IPC: 0.3899 (Simulation time: 00 hr 05 min 53 sec)
Heartbeat CPU 0 instructions: 46500155 cycles: 95695417 heartbeat IPC: 0.4298 cumulative IPC: 0.3904 (Simulation time: 00 hr 05 min 58 sec)
Heartbeat CPU 0 instructions: 47000158 cycles: 96928032 heartbeat IPC: 0.4056 cumulative IPC: 0.3906 (Simulation time: 00 hr 06 min 03 sec)
Heartbeat CPU 0 instructions: 47500159 cycles: 98228673 heartbeat IPC: 0.3844 cumulative IPC: 0.3905 (Simulation time: 00 hr 06 min 07 sec)
Heartbeat CPU 0 instructions: 48000163 cycles: 99592956 heartbeat IPC: 0.3665 cumulative IPC: 0.3902 (Simulation time: 00 hr 06 min 12 sec)
Heartbeat CPU 0 instructions: 48500165 cycles: 100864477 heartbeat IPC: 0.3932 cumulative IPC: 0.3902 (Simulation time: 00 hr 06 min 17 sec)
Heartbeat CPU 0 instructions: 49000165 cycles: 101984678 heartbeat IPC: 0.4463 cumulative IPC: 0.3908 (Simulation time: 00 hr 06 min 21 sec)
Heartbeat CPU 0 instructions: 49500168 cycles: 103238717 heartbeat IPC: 0.3987 cumulative IPC: 0.3909 (Simulation time: 00 hr 06 min 25 sec)
Heartbeat CPU 0 instructions: 50000168 cycles: 104366760 heartbeat IPC: 0.4432 cumulative IPC: 0.3915 (Simulation time: 00 hr 06 min 30 sec)
Heartbeat CPU 0 instructions: 50500169 cycles: 105677264 heartbeat IPC: 0.3815 cumulative IPC: 0.3914 (Simulation time: 00 hr 06 min 34 sec)
Heartbeat CPU 0 instructions: 51000172 cycles: 106972434 heartbeat IPC: 0.3861 cumulative IPC: 0.3913 (Simulation time: 00 hr 06 min 39 sec)
Heartbeat CPU 0 instructions: 51500174 cycles: 108244262 heartbeat IPC: 0.3931 cumulative IPC: 0.3913 (Simulation time: 00 hr 06 min 43 sec)
Heartbeat CPU 0 instructions: 52000174 cycles: 109436276 heartbeat IPC: 0.4195 cumulative IPC: 0.3917 (Simulation time: 00 hr 06 min 48 sec)
Heartbeat CPU 0 instructions: 52500174 cycles: 110617608 heartbeat IPC: 0.4233 cumulative IPC: 0.392 (Simulation time: 00 hr 06 min 52 sec)
Heartbeat CPU 0 instructions: 53000175 cycles: 111836465 heartbeat IPC: 0.4102 cumulative IPC: 0.3922 (Simulation time: 00 hr 06 min 56 sec)
Heartbeat CPU 0 instructions: 53500175 cycles: 113073421 heartbeat IPC: 0.4042 cumulative IPC: 0.3923 (Simulation time: 00 hr 07 min 01 sec)
Heartbeat CPU 0 instructions: 54000175 cycles: 114460595 heartbeat IPC: 0.3604 cumulative IPC: 0.3919 (Simulation time: 00 hr 07 min 06 sec)
Heartbeat CPU 0 instructions: 54500175 cycles: 115642082 heartbeat IPC: 0.4232 cumulative IPC: 0.3923 (Simulation time: 00 hr 07 min 10 sec)
Heartbeat CPU 0 instructions: 55000176 cycles: 116943374 heartbeat IPC: 0.3842 cumulative IPC: 0.3922 (Simulation time: 00 hr 07 min 15 sec)
Heartbeat CPU 0 instructions: 55500176 cycles: 118210163 heartbeat IPC: 0.3947 cumulative IPC: 0.3922 (Simulation time: 00 hr 07 min 19 sec)
Heartbeat CPU 0 instructions: 56000178 cycles: 119593282 heartbeat IPC: 0.3615 cumulative IPC: 0.3918 (Simulation time: 00 hr 07 min 24 sec)
Heartbeat CPU 0 instructions: 56500178 cycles: 120832741 heartbeat IPC: 0.4034 cumulative IPC: 0.392 (Simulation time: 00 hr 07 min 29 sec)
Heartbeat CPU 0 instructions: 57000178 cycles: 122130459 heartbeat IPC: 0.3853 cumulative IPC: 0.3919 (Simulation time: 00 hr 07 min 33 sec)
Heartbeat CPU 0 instructions: 57500182 cycles: 123462965 heartbeat IPC: 0.3752 cumulative IPC: 0.3917 (Simulation time: 00 hr 07 min 38 sec)
Heartbeat CPU 0 instructions: 58000182 cycles: 124835558 heartbeat IPC: 0.3643 cumulative IPC: 0.3914 (Simulation time: 00 hr 07 min 43 sec)
Heartbeat CPU 0 instructions: 58500182 cycles: 126197945 heartbeat IPC: 0.367 cumulative IPC: 0.3911 (Simulation time: 00 hr 07 min 47 sec)
Heartbeat CPU 0 instructions: 59000184 cycles: 127425504 heartbeat IPC: 0.4073 cumulative IPC: 0.3913 (Simulation time: 00 hr 07 min 52 sec)
Heartbeat CPU 0 instructions: 59500190 cycles: 128618882 heartbeat IPC: 0.419 cumulative IPC: 0.3916 (Simulation time: 00 hr 07 min 56 sec)
Simulation finished CPU 0 instructions: 50000000 cycles: 127728873 cumulative IPC: 0.3915 (Simulation time: 00 hr 08 min 01 sec)
Simulation complete CPU 0 instructions: 50000000 cycles: 127728873 cumulative IPC: 0.3915 (Simulation time: 00 hr 08 min 01 sec)

ChampSim completed all CPUs

=== Simulation ===
CPU 0 runs traces/GAP/cc-13.trace

Region of Interest Statistics

CPU 0 cumulative IPC: 0.3915 instructions: 50000000 cycles: 127728873
CPU 0 Branch Prediction Accuracy: 88.82% MPKI: 22.44 Average ROB Occupancy at Mispredict: 24.37
Branch type MPKI
BRANCH_DIRECT_JUMP: 0
BRANCH_INDIRECT: 0
BRANCH_CONDITIONAL: 22.44
BRANCH_DIRECT_CALL: 0
BRANCH_INDIRECT_CALL: 0
BRANCH_RETURN: 0

cpu0->cpu0_STLB TOTAL        ACCESS:    2488924 HIT:    2485257 MISS:       3667 MSHR_MERGE:          0
cpu0->cpu0_STLB LOAD         ACCESS:    2488924 HIT:    2485257 MISS:       3667 MSHR_MERGE:          0
cpu0->cpu0_STLB RFO          ACCESS:          0 HIT:          0 MISS:          0 MSHR_MERGE:          0
cpu0->cpu0_STLB PREFETCH     ACCESS:          0 HIT:          0 MISS:          0 MSHR_MERGE:          0
cpu0->cpu0_STLB WRITE        ACCESS:          0 HIT:          0 MISS:          0 MSHR_MERGE:          0
cpu0->cpu0_STLB TRANSLATION  ACCESS:          0 HIT:          0 MISS:          0 MSHR_MERGE:          0
cpu0->cpu0_STLB PREFETCH REQUESTED:          0 ISSUED:          0 USEFUL:          0 USELESS:          0
cpu0->cpu0_STLB AVERAGE MISS LATENCY: 255.9 cycles
cpu0->cpu0_L2C TOTAL        ACCESS:   11153224 HIT:    7236670 MISS:    3916554 MSHR_MERGE:     323690
cpu0->cpu0_L2C LOAD         ACCESS:    3488258 HIT:    2318383 MISS:    1169875 MSHR_MERGE:      12917
cpu0->cpu0_L2C RFO          ACCESS:          0 HIT:          0 MISS:          0 MSHR_MERGE:          0
cpu0->cpu0_L2C PREFETCH     ACCESS:    7451913 HIT:    4705790 MISS:    2746123 MSHR_MERGE:     310773
cpu0->cpu0_L2C WRITE        ACCESS:     209447 HIT:     209427 MISS:         20 MSHR_MERGE:          0
cpu0->cpu0_L2C TRANSLATION  ACCESS:       3606 HIT:       3070 MISS:        536 MSHR_MERGE:          0
cpu0->cpu0_L2C PREFETCH REQUESTED:    7230309 ISSUED:    6583575 USEFUL:     675805 USELESS:    1431099
cpu0->cpu0_L2C AVERAGE MISS LATENCY: 89.79 cycles
cpu0->cpu0_L1I TOTAL        ACCESS:      74067 HIT:      74067 MISS:          0 MSHR_MERGE:          0
cpu0->cpu0_L1I LOAD         ACCESS:      74067 HIT:      74067 MISS:          0 MSHR_MERGE:          0
cpu0->cpu0_L1I RFO          ACCESS:          0 HIT:          0 MISS:          0 MSHR_MERGE:          0
cpu0->cpu0_L1I PREFETCH     ACCESS:          0 HIT:          0 MISS:          0 MSHR_MERGE:          0
cpu0->cpu0_L1I WRITE        ACCESS:          0 HIT:          0 MISS:          0 MSHR_MERGE:          0
cpu0->cpu0_L1I TRANSLATION  ACCESS:          0 HIT:          0 MISS:          0 MSHR_MERGE:          0
cpu0->cpu0_L1I PREFETCH REQUESTED:          0 ISSUED:          0 USEFUL:          0 USELESS:          0
cpu0->cpu0_L1I AVERAGE MISS LATENCY: - cycles
cpu0->cpu0_L1D TOTAL        ACCESS:   14519806 HIT:   10043977 MISS:    4475829 MSHR_MERGE:     115635
cpu0->cpu0_L1D LOAD         ACCESS:   13102842 HIT:    9515629 MISS:    3587213 MSHR_MERGE:      98955
cpu0->cpu0_L1D RFO          ACCESS:          0 HIT:          0 MISS:          0 MSHR_MERGE:          0
cpu0->cpu0_L1D PREFETCH     ACCESS:    1166339 HIT:     281329 MISS:     885010 MSHR_MERGE:      16680
cpu0->cpu0_L1D WRITE        ACCESS:     243284 HIT:     243284 MISS:          0 MSHR_MERGE:          0
cpu0->cpu0_L1D TRANSLATION  ACCESS:       7341 HIT:       3735 MISS:       3606 MSHR_MERGE:          0
cpu0->cpu0_L1D PREFETCH REQUESTED:    1167732 ISSUED:    1166339 USEFUL:     249061 USELESS:     619272
cpu0->cpu0_L1D AVERAGE MISS LATENCY: 38.77 cycles
cpu0->cpu0_ITLB TOTAL        ACCESS:      70876 HIT:      70876 MISS:          0 MSHR_MERGE:          0
cpu0->cpu0_ITLB LOAD         ACCESS:      70876 HIT:      70876 MISS:          0 MSHR_MERGE:          0
cpu0->cpu0_ITLB RFO          ACCESS:          0 HIT:          0 MISS:          0 MSHR_MERGE:          0
cpu0->cpu0_ITLB PREFETCH     ACCESS:          0 HIT:          0 MISS:          0 MSHR_MERGE:          0
cpu0->cpu0_ITLB WRITE        ACCESS:          0 HIT:          0 MISS:          0 MSHR_MERGE:          0
cpu0->cpu0_ITLB TRANSLATION  ACCESS:          0 HIT:          0 MISS:          0 MSHR_MERGE:          0
cpu0->cpu0_ITLB PREFETCH REQUESTED:          0 ISSUED:          0 USEFUL:          0 USELESS:          0
cpu0->cpu0_ITLB AVERAGE MISS LATENCY: - cycles
cpu0->cpu0_DTLB TOTAL        ACCESS:   14163392 HIT:   11319787 MISS:    2843605 MSHR_MERGE:     354682
cpu0->cpu0_DTLB LOAD         ACCESS:   14163392 HIT:   11319787 MISS:    2843605 MSHR_MERGE:     354682
cpu0->cpu0_DTLB RFO          ACCESS:          0 HIT:          0 MISS:          0 MSHR_MERGE:          0
cpu0->cpu0_DTLB PREFETCH     ACCESS:          0 HIT:          0 MISS:          0 MSHR_MERGE:          0
cpu0->cpu0_DTLB WRITE        ACCESS:          0 HIT:          0 MISS:          0 MSHR_MERGE:          0
cpu0->cpu0_DTLB TRANSLATION  ACCESS:          0 HIT:          0 MISS:          0 MSHR_MERGE:          0
cpu0->cpu0_DTLB PREFETCH REQUESTED:          0 ISSUED:          0 USEFUL:          0 USELESS:          0
cpu0->cpu0_DTLB AVERAGE MISS LATENCY: 5.381 cycles
cpu0->LLC TOTAL        ACCESS:    3798999 HIT:    2440953 MISS:    1358046 MSHR_MERGE:          0
cpu0->LLC LOAD         ACCESS:    1156958 HIT:     814373 MISS:     342585 MSHR_MERGE:          0
cpu0->LLC RFO          ACCESS:          0 HIT:          0 MISS:          0 MSHR_MERGE:          0
cpu0->LLC PREFETCH     ACCESS:    2435350 HIT:    1481828 MISS:     953522 MSHR_MERGE:          0
cpu0->LLC WRITE        ACCESS:     206155 HIT:     144746 MISS:      61409 MSHR_MERGE:          0
cpu0->LLC TRANSLATION  ACCESS:        536 HIT:          6 MISS:        530 MSHR_MERGE:          0
cpu0->LLC PREFETCH REQUESTED:          0 ISSUED:          0 USEFUL:          0 USELESS:          0
cpu0->LLC AVERAGE MISS LATENCY: 194.5 cycles

DRAM Statistics

Channel 0 RQ ROW_BUFFER_HIT:      25992
  ROW_BUFFER_MISS:    1269963
  AVG DBUS CONGESTED CYCLE: 24.73
Channel 0 WQ ROW_BUFFER_HIT:      25590
  ROW_BUFFER_MISS:      69178
  FULL:          0
Channel 0 REFRESHES ISSUED:      10643
