[VMEM] WARNING: physical memory size is smaller than virtual memory size.

*** ChampSim Multicore Out-of-Order Simulator ***
Warmup Instructions: 10000000
Simulation Instructions: 50000000
Number of CPUs: 1
Page size: 4096
Core 0: traces/cc-14.trace.gz
Off-chip DRAM Size: 64 GiB Channels: 1 Width: 64-bit Data Rate: 4807 MT/s
Heartbeat CPU 0 instructions: 500004 cycles: 151570 heartbeat IPC: 3.299 cumulative IPC: 3.299 (Simulation time: 00 hr 00 min 01 sec)
Heartbeat CPU 0 instructions: 1000005 cycles: 299495 heartbeat IPC: 3.38 cumulative IPC: 3.339 (Simulation time: 00 hr 00 min 02 sec)
Heartbeat CPU 0 instructions: 1500005 cycles: 447062 heartbeat IPC: 3.388 cumulative IPC: 3.355 (Simulation time: 00 hr 00 min 03 sec)
Heartbeat CPU 0 instructions: 2000009 cycles: 557085 heartbeat IPC: 4.545 cumulative IPC: 3.59 (Simulation time: 00 hr 00 min 04 sec)
Heartbeat CPU 0 instructions: 2500011 cycles: 660104 heartbeat IPC: 4.853 cumulative IPC: 3.787 (Simulation time: 00 hr 00 min 05 sec)
Heartbeat CPU 0 instructions: 3000012 cycles: 763334 heartbeat IPC: 4.844 cumulative IPC: 3.93 (Simulation time: 00 hr 00 min 06 sec)
Heartbeat CPU 0 instructions: 3500014 cycles: 866649 heartbeat IPC: 4.84 cumulative IPC: 4.039 (Simulation time: 00 hr 00 min 07 sec)
Heartbeat CPU 0 instructions: 4000020 cycles: 969870 heartbeat IPC: 4.844 cumulative IPC: 4.124 (Simulation time: 00 hr 00 min 08 sec)
Heartbeat CPU 0 instructions: 4500024 cycles: 1073178 heartbeat IPC: 4.84 cumulative IPC: 4.193 (Simulation time: 00 hr 00 min 08 sec)
Heartbeat CPU 0 instructions: 5000030 cycles: 1176717 heartbeat IPC: 4.829 cumulative IPC: 4.249 (Simulation time: 00 hr 00 min 09 sec)
Heartbeat CPU 0 instructions: 5500034 cycles: 1280141 heartbeat IPC: 4.835 cumulative IPC: 4.296 (Simulation time: 00 hr 00 min 10 sec)
Heartbeat CPU 0 instructions: 6000041 cycles: 1383380 heartbeat IPC: 4.843 cumulative IPC: 4.337 (Simulation time: 00 hr 00 min 11 sec)
Heartbeat CPU 0 instructions: 6500048 cycles: 1486814 heartbeat IPC: 4.834 cumulative IPC: 4.372 (Simulation time: 00 hr 00 min 12 sec)
Heartbeat CPU 0 instructions: 7000054 cycles: 1590239 heartbeat IPC: 4.834 cumulative IPC: 4.402 (Simulation time: 00 hr 00 min 13 sec)
Heartbeat CPU 0 instructions: 7500055 cycles: 1693313 heartbeat IPC: 4.851 cumulative IPC: 4.429 (Simulation time: 00 hr 00 min 14 sec)
Heartbeat CPU 0 instructions: 8000055 cycles: 1796741 heartbeat IPC: 4.834 cumulative IPC: 4.453 (Simulation time: 00 hr 00 min 15 sec)
Heartbeat CPU 0 instructions: 8500060 cycles: 1900185 heartbeat IPC: 4.834 cumulative IPC: 4.473 (Simulation time: 00 hr 00 min 16 sec)
Heartbeat CPU 0 instructions: 9000066 cycles: 2003626 heartbeat IPC: 4.834 cumulative IPC: 4.492 (Simulation time: 00 hr 00 min 17 sec)
Heartbeat CPU 0 instructions: 9500073 cycles: 2106953 heartbeat IPC: 4.839 cumulative IPC: 4.509 (Simulation time: 00 hr 00 min 18 sec)
Warmup finished CPU 0 instructions: 10000005 cycles: 2210280 cumulative IPC: 4.524 (Simulation time: 00 hr 00 min 19 sec)
Warmup complete CPU 0 instructions: 10000005 cycles: 2210280 cumulative IPC: 4.524 (Simulation time: 00 hr 00 min 19 sec)
Heartbeat CPU 0 instructions: 10000074 cycles: 2210324 heartbeat IPC: 4.837 cumulative IPC: 1.568 (Simulation time: 00 hr 00 min 19 sec)
Heartbeat CPU 0 instructions: 10500077 cycles: 3371706 heartbeat IPC: 0.4305 cumulative IPC: 0.4306 (Simulation time: 00 hr 00 min 23 sec)
Heartbeat CPU 0 instructions: 11000082 cycles: 4471757 heartbeat IPC: 0.4545 cumulative IPC: 0.4422 (Simulation time: 00 hr 00 min 27 sec)
Heartbeat CPU 0 instructions: 11500083 cycles: 5596267 heartbeat IPC: 0.4446 cumulative IPC: 0.443 (Simulation time: 00 hr 00 min 30 sec)
Heartbeat CPU 0 instructions: 12000085 cycles: 6739360 heartbeat IPC: 0.4374 cumulative IPC: 0.4416 (Simulation time: 00 hr 00 min 34 sec)
Heartbeat CPU 0 instructions: 12500087 cycles: 7749135 heartbeat IPC: 0.4952 cumulative IPC: 0.4514 (Simulation time: 00 hr 00 min 38 sec)
Heartbeat CPU 0 instructions: 13000087 cycles: 8840760 heartbeat IPC: 0.458 cumulative IPC: 0.4525 (Simulation time: 00 hr 00 min 42 sec)
Heartbeat CPU 0 instructions: 13500087 cycles: 9887042 heartbeat IPC: 0.4779 cumulative IPC: 0.4559 (Simulation time: 00 hr 00 min 46 sec)
Heartbeat CPU 0 instructions: 14000087 cycles: 11004773 heartbeat IPC: 0.4473 cumulative IPC: 0.4548 (Simulation time: 00 hr 00 min 49 sec)
Heartbeat CPU 0 instructions: 14500087 cycles: 12127705 heartbeat IPC: 0.4453 cumulative IPC: 0.4538 (Simulation time: 00 hr 00 min 53 sec)
Heartbeat CPU 0 instructions: 15000087 cycles: 13348273 heartbeat IPC: 0.4096 cumulative IPC: 0.4489 (Simulation time: 00 hr 00 min 57 sec)
Heartbeat CPU 0 instructions: 15500088 cycles: 14489599 heartbeat IPC: 0.4381 cumulative IPC: 0.4479 (Simulation time: 00 hr 01 min 01 sec)
Heartbeat CPU 0 instructions: 16000088 cycles: 15593640 heartbeat IPC: 0.4529 cumulative IPC: 0.4483 (Simulation time: 00 hr 01 min 05 sec)
Heartbeat CPU 0 instructions: 16500089 cycles: 16736617 heartbeat IPC: 0.4375 cumulative IPC: 0.4475 (Simulation time: 00 hr 01 min 09 sec)
Heartbeat CPU 0 instructions: 17000094 cycles: 17857336 heartbeat IPC: 0.4461 cumulative IPC: 0.4474 (Simulation time: 00 hr 01 min 13 sec)
Heartbeat CPU 0 instructions: 17500094 cycles: 18940269 heartbeat IPC: 0.4617 cumulative IPC: 0.4483 (Simulation time: 00 hr 01 min 17 sec)
Heartbeat CPU 0 instructions: 18000096 cycles: 20032154 heartbeat IPC: 0.4579 cumulative IPC: 0.4489 (Simulation time: 00 hr 01 min 21 sec)
Heartbeat CPU 0 instructions: 18500096 cycles: 21099112 heartbeat IPC: 0.4686 cumulative IPC: 0.45 (Simulation time: 00 hr 01 min 25 sec)
Heartbeat CPU 0 instructions: 19000098 cycles: 22164053 heartbeat IPC: 0.4695 cumulative IPC: 0.451 (Simulation time: 00 hr 01 min 28 sec)
Heartbeat CPU 0 instructions: 19500099 cycles: 23125778 heartbeat IPC: 0.5199 cumulative IPC: 0.4542 (Simulation time: 00 hr 01 min 32 sec)
Heartbeat CPU 0 instructions: 20000099 cycles: 24133526 heartbeat IPC: 0.4962 cumulative IPC: 0.4561 (Simulation time: 00 hr 01 min 36 sec)
Heartbeat CPU 0 instructions: 20500100 cycles: 25102731 heartbeat IPC: 0.5159 cumulative IPC: 0.4587 (Simulation time: 00 hr 01 min 39 sec)
Heartbeat CPU 0 instructions: 21000101 cycles: 26236669 heartbeat IPC: 0.4409 cumulative IPC: 0.4578 (Simulation time: 00 hr 01 min 43 sec)
Heartbeat CPU 0 instructions: 21500101 cycles: 27358981 heartbeat IPC: 0.4455 cumulative IPC: 0.4573 (Simulation time: 00 hr 01 min 47 sec)
Heartbeat CPU 0 instructions: 22000104 cycles: 28401584 heartbeat IPC: 0.4796 cumulative IPC: 0.4582 (Simulation time: 00 hr 01 min 51 sec)
Heartbeat CPU 0 instructions: 22500104 cycles: 29444009 heartbeat IPC: 0.4797 cumulative IPC: 0.459 (Simulation time: 00 hr 01 min 54 sec)
Heartbeat CPU 0 instructions: 23000106 cycles: 30463464 heartbeat IPC: 0.4905 cumulative IPC: 0.4601 (Simulation time: 00 hr 01 min 58 sec)
Heartbeat CPU 0 instructions: 23500108 cycles: 31459266 heartbeat IPC: 0.5021 cumulative IPC: 0.4616 (Simulation time: 00 hr 02 min 02 sec)
Heartbeat CPU 0 instructions: 24000114 cycles: 32418801 heartbeat IPC: 0.5211 cumulative IPC: 0.4634 (Simulation time: 00 hr 02 min 05 sec)
Heartbeat CPU 0 instructions: 24500114 cycles: 33385483 heartbeat IPC: 0.5172 cumulative IPC: 0.4651 (Simulation time: 00 hr 02 min 09 sec)
Heartbeat CPU 0 instructions: 25000120 cycles: 34312542 heartbeat IPC: 0.5393 cumulative IPC: 0.4673 (Simulation time: 00 hr 02 min 12 sec)
Heartbeat CPU 0 instructions: 25500120 cycles: 35287734 heartbeat IPC: 0.5127 cumulative IPC: 0.4686 (Simulation time: 00 hr 02 min 16 sec)
Heartbeat CPU 0 instructions: 26000124 cycles: 36381349 heartbeat IPC: 0.4572 cumulative IPC: 0.4682 (Simulation time: 00 hr 02 min 20 sec)
Heartbeat CPU 0 instructions: 26500130 cycles: 37535895 heartbeat IPC: 0.4331 cumulative IPC: 0.4671 (Simulation time: 00 hr 02 min 24 sec)
Heartbeat CPU 0 instructions: 27000130 cycles: 38513814 heartbeat IPC: 0.5113 cumulative IPC: 0.4683 (Simulation time: 00 hr 02 min 27 sec)
Heartbeat CPU 0 instructions: 27500133 cycles: 39681233 heartbeat IPC: 0.4283 cumulative IPC: 0.467 (Simulation time: 00 hr 02 min 31 sec)
Heartbeat CPU 0 instructions: 28000134 cycles: 40609319 heartbeat IPC: 0.5387 cumulative IPC: 0.4688 (Simulation time: 00 hr 02 min 35 sec)
Heartbeat CPU 0 instructions: 28500135 cycles: 41498328 heartbeat IPC: 0.5624 cumulative IPC: 0.4709 (Simulation time: 00 hr 02 min 38 sec)
Heartbeat CPU 0 instructions: 29000138 cycles: 42440335 heartbeat IPC: 0.5308 cumulative IPC: 0.4723 (Simulation time: 00 hr 02 min 42 sec)
Heartbeat CPU 0 instructions: 29500139 cycles: 43415083 heartbeat IPC: 0.513 cumulative IPC: 0.4732 (Simulation time: 00 hr 02 min 45 sec)
Heartbeat CPU 0 instructions: 30000140 cycles: 44364614 heartbeat IPC: 0.5266 cumulative IPC: 0.4745 (Simulation time: 00 hr 02 min 49 sec)
Heartbeat CPU 0 instructions: 30500141 cycles: 45473634 heartbeat IPC: 0.4508 cumulative IPC: 0.4738 (Simulation time: 00 hr 02 min 53 sec)
Heartbeat CPU 0 instructions: 31000142 cycles: 46499979 heartbeat IPC: 0.4872 cumulative IPC: 0.4742 (Simulation time: 00 hr 02 min 57 sec)
Heartbeat CPU 0 instructions: 31500144 cycles: 47512260 heartbeat IPC: 0.4939 cumulative IPC: 0.4746 (Simulation time: 00 hr 03 min 00 sec)
Heartbeat CPU 0 instructions: 32000147 cycles: 48429178 heartbeat IPC: 0.5453 cumulative IPC: 0.476 (Simulation time: 00 hr 03 min 04 sec)
Heartbeat CPU 0 instructions: 32500149 cycles: 49458537 heartbeat IPC: 0.4857 cumulative IPC: 0.4762 (Simulation time: 00 hr 03 min 08 sec)
Heartbeat CPU 0 instructions: 33000149 cycles: 50369987 heartbeat IPC: 0.5486 cumulative IPC: 0.4776 (Simulation time: 00 hr 03 min 11 sec)
Heartbeat CPU 0 instructions: 33500149 cycles: 51355411 heartbeat IPC: 0.5074 cumulative IPC: 0.4782 (Simulation time: 00 hr 03 min 15 sec)
Heartbeat CPU 0 instructions: 34000152 cycles: 52416808 heartbeat IPC: 0.4711 cumulative IPC: 0.478 (Simulation time: 00 hr 03 min 18 sec)
Heartbeat CPU 0 instructions: 34500153 cycles: 53335915 heartbeat IPC: 0.544 cumulative IPC: 0.4792 (Simulation time: 00 hr 03 min 22 sec)
Heartbeat CPU 0 instructions: 35000156 cycles: 54230007 heartbeat IPC: 0.5592 cumulative IPC: 0.4806 (Simulation time: 00 hr 03 min 25 sec)
Heartbeat CPU 0 instructions: 35500161 cycles: 55208557 heartbeat IPC: 0.511 cumulative IPC: 0.4812 (Simulation time: 00 hr 03 min 29 sec)
Heartbeat CPU 0 instructions: 36000162 cycles: 56256285 heartbeat IPC: 0.4772 cumulative IPC: 0.4811 (Simulation time: 00 hr 03 min 33 sec)
Heartbeat CPU 0 instructions: 36500166 cycles: 57296674 heartbeat IPC: 0.4806 cumulative IPC: 0.4811 (Simulation time: 00 hr 03 min 37 sec)
Heartbeat CPU 0 instructions: 37000166 cycles: 58235692 heartbeat IPC: 0.5325 cumulative IPC: 0.4819 (Simulation time: 00 hr 03 min 40 sec)
Heartbeat CPU 0 instructions: 37500168 cycles: 59199239 heartbeat IPC: 0.5189 cumulative IPC: 0.4826 (Simulation time: 00 hr 03 min 44 sec)
Heartbeat CPU 0 instructions: 38000168 cycles: 60199861 heartbeat IPC: 0.4997 cumulative IPC: 0.4828 (Simulation time: 00 hr 03 min 47 sec)
Heartbeat CPU 0 instructions: 38500171 cycles: 61280772 heartbeat IPC: 0.4626 cumulative IPC: 0.4825 (Simulation time: 00 hr 03 min 51 sec)
Heartbeat CPU 0 instructions: 39000172 cycles: 62333906 heartbeat IPC: 0.4748 cumulative IPC: 0.4823 (Simulation time: 00 hr 03 min 55 sec)
Heartbeat CPU 0 instructions: 39500173 cycles: 63363472 heartbeat IPC: 0.4856 cumulative IPC: 0.4824 (Simulation time: 00 hr 03 min 59 sec)
Heartbeat CPU 0 instructions: 40000175 cycles: 64264004 heartbeat IPC: 0.5552 cumulative IPC: 0.4835 (Simulation time: 00 hr 04 min 02 sec)
Heartbeat CPU 0 instructions: 40500175 cycles: 65247964 heartbeat IPC: 0.5082 cumulative IPC: 0.4838 (Simulation time: 00 hr 04 min 06 sec)
Heartbeat CPU 0 instructions: 41000175 cycles: 66290854 heartbeat IPC: 0.4794 cumulative IPC: 0.4838 (Simulation time: 00 hr 04 min 10 sec)
Heartbeat CPU 0 instructions: 41500175 cycles: 67341153 heartbeat IPC: 0.4761 cumulative IPC: 0.4836 (Simulation time: 00 hr 04 min 14 sec)
Heartbeat CPU 0 instructions: 42000180 cycles: 68390379 heartbeat IPC: 0.4765 cumulative IPC: 0.4835 (Simulation time: 00 hr 04 min 17 sec)
Heartbeat CPU 0 instructions: 42500186 cycles: 69446553 heartbeat IPC: 0.4734 cumulative IPC: 0.4834 (Simulation time: 00 hr 04 min 21 sec)
Heartbeat CPU 0 instructions: 43000188 cycles: 70549325 heartbeat IPC: 0.4534 cumulative IPC: 0.4829 (Simulation time: 00 hr 04 min 25 sec)
Heartbeat CPU 0 instructions: 43500191 cycles: 71563201 heartbeat IPC: 0.4932 cumulative IPC: 0.483 (Simulation time: 00 hr 04 min 29 sec)
Heartbeat CPU 0 instructions: 44000192 cycles: 72626337 heartbeat IPC: 0.4703 cumulative IPC: 0.4828 (Simulation time: 00 hr 04 min 33 sec)
Heartbeat CPU 0 instructions: 44500192 cycles: 73658073 heartbeat IPC: 0.4846 cumulative IPC: 0.4829 (Simulation time: 00 hr 04 min 37 sec)
Heartbeat CPU 0 instructions: 45000198 cycles: 74618638 heartbeat IPC: 0.5205 cumulative IPC: 0.4834 (Simulation time: 00 hr 04 min 40 sec)
Heartbeat CPU 0 instructions: 45500198 cycles: 75601367 heartbeat IPC: 0.5088 cumulative IPC: 0.4837 (Simulation time: 00 hr 04 min 44 sec)
Heartbeat CPU 0 instructions: 46000198 cycles: 76551815 heartbeat IPC: 0.5261 cumulative IPC: 0.4843 (Simulation time: 00 hr 04 min 48 sec)
Heartbeat CPU 0 instructions: 46500199 cycles: 77411787 heartbeat IPC: 0.5814 cumulative IPC: 0.4854 (Simulation time: 00 hr 04 min 51 sec)
Heartbeat CPU 0 instructions: 47000201 cycles: 78342765 heartbeat IPC: 0.5371 cumulative IPC: 0.486 (Simulation time: 00 hr 04 min 55 sec)
Heartbeat CPU 0 instructions: 47500201 cycles: 79221207 heartbeat IPC: 0.5692 cumulative IPC: 0.4869 (Simulation time: 00 hr 04 min 58 sec)
Heartbeat CPU 0 instructions: 48000203 cycles: 80071762 heartbeat IPC: 0.5879 cumulative IPC: 0.488 (Simulation time: 00 hr 05 min 01 sec)
Heartbeat CPU 0 instructions: 48500204 cycles: 80972459 heartbeat IPC: 0.5551 cumulative IPC: 0.4888 (Simulation time: 00 hr 05 min 05 sec)
Heartbeat CPU 0 instructions: 49000208 cycles: 81943294 heartbeat IPC: 0.515 cumulative IPC: 0.4891 (Simulation time: 00 hr 05 min 08 sec)
Heartbeat CPU 0 instructions: 49500209 cycles: 82855883 heartbeat IPC: 0.5479 cumulative IPC: 0.4898 (Simulation time: 00 hr 05 min 12 sec)
Heartbeat CPU 0 instructions: 50000209 cycles: 83860543 heartbeat IPC: 0.4977 cumulative IPC: 0.4899 (Simulation time: 00 hr 05 min 16 sec)
Heartbeat CPU 0 instructions: 50500210 cycles: 84859807 heartbeat IPC: 0.5004 cumulative IPC: 0.49 (Simulation time: 00 hr 05 min 19 sec)
Heartbeat CPU 0 instructions: 51000213 cycles: 85789596 heartbeat IPC: 0.5378 cumulative IPC: 0.4906 (Simulation time: 00 hr 05 min 23 sec)
Heartbeat CPU 0 instructions: 51500216 cycles: 86757593 heartbeat IPC: 0.5165 cumulative IPC: 0.4909 (Simulation time: 00 hr 05 min 27 sec)
Heartbeat CPU 0 instructions: 52000217 cycles: 87627309 heartbeat IPC: 0.5749 cumulative IPC: 0.4917 (Simulation time: 00 hr 05 min 30 sec)
Heartbeat CPU 0 instructions: 52500217 cycles: 88568803 heartbeat IPC: 0.5311 cumulative IPC: 0.4921 (Simulation time: 00 hr 05 min 34 sec)
Heartbeat CPU 0 instructions: 53000217 cycles: 89519194 heartbeat IPC: 0.5261 cumulative IPC: 0.4925 (Simulation time: 00 hr 05 min 37 sec)
Heartbeat CPU 0 instructions: 53500218 cycles: 90425830 heartbeat IPC: 0.5515 cumulative IPC: 0.4931 (Simulation time: 00 hr 05 min 41 sec)
Heartbeat CPU 0 instructions: 54000218 cycles: 91433497 heartbeat IPC: 0.4962 cumulative IPC: 0.4931 (Simulation time: 00 hr 05 min 45 sec)
Heartbeat CPU 0 instructions: 54500221 cycles: 92318168 heartbeat IPC: 0.5652 cumulative IPC: 0.4939 (Simulation time: 00 hr 05 min 48 sec)
Heartbeat CPU 0 instructions: 55000221 cycles: 93264517 heartbeat IPC: 0.5283 cumulative IPC: 0.4942 (Simulation time: 00 hr 05 min 52 sec)
Heartbeat CPU 0 instructions: 55500221 cycles: 94223422 heartbeat IPC: 0.5214 cumulative IPC: 0.4945 (Simulation time: 00 hr 05 min 55 sec)
Heartbeat CPU 0 instructions: 56000221 cycles: 95304927 heartbeat IPC: 0.4623 cumulative IPC: 0.4941 (Simulation time: 00 hr 05 min 59 sec)
Heartbeat CPU 0 instructions: 56500223 cycles: 96320977 heartbeat IPC: 0.4921 cumulative IPC: 0.4941 (Simulation time: 00 hr 06 min 03 sec)
Heartbeat CPU 0 instructions: 57000224 cycles: 97276465 heartbeat IPC: 0.5233 cumulative IPC: 0.4944 (Simulation time: 00 hr 06 min 06 sec)
Heartbeat CPU 0 instructions: 57500224 cycles: 98192622 heartbeat IPC: 0.5458 cumulative IPC: 0.4949 (Simulation time: 00 hr 06 min 10 sec)
Heartbeat CPU 0 instructions: 58000224 cycles: 99259856 heartbeat IPC: 0.4685 cumulative IPC: 0.4946 (Simulation time: 00 hr 06 min 14 sec)
Heartbeat CPU 0 instructions: 58500224 cycles: 100295740 heartbeat IPC: 0.4827 cumulative IPC: 0.4945 (Simulation time: 00 hr 06 min 18 sec)
Heartbeat CPU 0 instructions: 59000224 cycles: 101254967 heartbeat IPC: 0.5213 cumulative IPC: 0.4947 (Simulation time: 00 hr 06 min 21 sec)
Heartbeat CPU 0 instructions: 59500225 cycles: 102416004 heartbeat IPC: 0.4307 cumulative IPC: 0.494 (Simulation time: 00 hr 06 min 25 sec)
Simulation finished CPU 0 instructions: 50000006 cycles: 101143630 cumulative IPC: 0.4943 (Simulation time: 00 hr 06 min 29 sec)
Simulation complete CPU 0 instructions: 50000006 cycles: 101143630 cumulative IPC: 0.4943 (Simulation time: 00 hr 06 min 29 sec)

ChampSim completed all CPUs

=== Simulation ===
CPU 0 runs traces/cc-14.trace.gz

Region of Interest Statistics

CPU 0 cumulative IPC: 0.4943 instructions: 50000006 cycles: 101143630
CPU 0 Branch Prediction Accuracy: 91.01% MPKI: 17.9 Average ROB Occupancy at Mispredict: 33.2
Branch type MPKI
BRANCH_DIRECT_JUMP: 0
BRANCH_INDIRECT: 0
BRANCH_CONDITIONAL: 17.9
BRANCH_DIRECT_CALL: 0
BRANCH_INDIRECT_CALL: 0
BRANCH_RETURN: 0

cpu0->cpu0_STLB TOTAL        ACCESS:    2366167 HIT:    2362604 MISS:       3563 MSHR_MERGE:          0
cpu0->cpu0_STLB LOAD         ACCESS:    2366167 HIT:    2362604 MISS:       3563 MSHR_MERGE:          0
cpu0->cpu0_STLB RFO          ACCESS:          0 HIT:          0 MISS:          0 MSHR_MERGE:          0
cpu0->cpu0_STLB PREFETCH     ACCESS:          0 HIT:          0 MISS:          0 MSHR_MERGE:          0
cpu0->cpu0_STLB WRITE        ACCESS:          0 HIT:          0 MISS:          0 MSHR_MERGE:          0
cpu0->cpu0_STLB TRANSLATION  ACCESS:          0 HIT:          0 MISS:          0 MSHR_MERGE:          0
cpu0->cpu0_STLB PREFETCH REQUESTED:          0 ISSUED:          0 USEFUL:          0 USELESS:          0
cpu0->cpu0_STLB AVERAGE MISS LATENCY: 250.2 cycles
cpu0->cpu0_L2C TOTAL        ACCESS:    4847462 HIT:    3578115 MISS:    1269347 MSHR_MERGE:      51602
cpu0->cpu0_L2C LOAD         ACCESS:    3621515 HIT:    2703478 MISS:     918037 MSHR_MERGE:        992
cpu0->cpu0_L2C RFO          ACCESS:          0 HIT:          0 MISS:          0 MSHR_MERGE:          0
cpu0->cpu0_L2C PREFETCH     ACCESS:    1018000 HIT:     667147 MISS:     350853 MSHR_MERGE:      50610
cpu0->cpu0_L2C WRITE        ACCESS:     204547 HIT:     204546 MISS:          1 MSHR_MERGE:          0
cpu0->cpu0_L2C TRANSLATION  ACCESS:       3400 HIT:       2944 MISS:        456 MSHR_MERGE:          0
cpu0->cpu0_L2C PREFETCH REQUESTED:    1018008 ISSUED:    1018000 USEFUL:     233372 USELESS:      68348
cpu0->cpu0_L2C AVERAGE MISS LATENCY: 84.14 cycles
cpu0->cpu0_L1I TOTAL        ACCESS:      82132 HIT:      82132 MISS:          0 MSHR_MERGE:          0
cpu0->cpu0_L1I LOAD         ACCESS:      82132 HIT:      82132 MISS:          0 MSHR_MERGE:          0
cpu0->cpu0_L1I RFO          ACCESS:          0 HIT:          0 MISS:          0 MSHR_MERGE:          0
cpu0->cpu0_L1I PREFETCH     ACCESS:          0 HIT:          0 MISS:          0 MSHR_MERGE:          0
cpu0->cpu0_L1I WRITE        ACCESS:          0 HIT:          0 MISS:          0 MSHR_MERGE:          0
cpu0->cpu0_L1I TRANSLATION  ACCESS:          0 HIT:          0 MISS:          0 MSHR_MERGE:          0
cpu0->cpu0_L1I PREFETCH REQUESTED:          0 ISSUED:          0 USEFUL:          0 USELESS:          0
cpu0->cpu0_L1I AVERAGE MISS LATENCY: - cycles
cpu0->cpu0_L1D TOTAL        ACCESS:   13027204 HIT:    9058429 MISS:    3968775 MSHR_MERGE:     343857
cpu0->cpu0_L1D LOAD         ACCESS:   12782568 HIT:    8817193 MISS:    3965375 MSHR_MERGE:     343857
cpu0->cpu0_L1D RFO          ACCESS:          0 HIT:          0 MISS:          0 MSHR_MERGE:          0
cpu0->cpu0_L1D PREFETCH     ACCESS:          0 HIT:          0 MISS:          0 MSHR_MERGE:          0
cpu0->cpu0_L1D WRITE        ACCESS:     237503 HIT:     237503 MISS:          0 MSHR_MERGE:          0
cpu0->cpu0_L1D TRANSLATION  ACCESS:       7133 HIT:       3733 MISS:       3400 MSHR_MERGE:          0
cpu0->cpu0_L1D PREFETCH REQUESTED:          0 ISSUED:          0 USEFUL:          0 USELESS:          0
cpu0->cpu0_L1D AVERAGE MISS LATENCY: 29.7 cycles
cpu0->cpu0_ITLB TOTAL        ACCESS:      78858 HIT:      78858 MISS:          0 MSHR_MERGE:          0
cpu0->cpu0_ITLB LOAD         ACCESS:      78858 HIT:      78858 MISS:          0 MSHR_MERGE:          0
cpu0->cpu0_ITLB RFO          ACCESS:          0 HIT:          0 MISS:          0 MSHR_MERGE:          0
cpu0->cpu0_ITLB PREFETCH     ACCESS:          0 HIT:          0 MISS:          0 MSHR_MERGE:          0
cpu0->cpu0_ITLB WRITE        ACCESS:          0 HIT:          0 MISS:          0 MSHR_MERGE:          0
cpu0->cpu0_ITLB TRANSLATION  ACCESS:          0 HIT:          0 MISS:          0 MSHR_MERGE:          0
cpu0->cpu0_ITLB PREFETCH REQUESTED:          0 ISSUED:          0 USEFUL:          0 USELESS:          0
cpu0->cpu0_ITLB AVERAGE MISS LATENCY: - cycles
cpu0->cpu0_DTLB TOTAL        ACCESS:   13019855 HIT:   10254026 MISS:    2765829 MSHR_MERGE:     399659
cpu0->cpu0_DTLB LOAD         ACCESS:   13019855 HIT:   10254026 MISS:    2765829 MSHR_MERGE:     399659
cpu0->cpu0_DTLB RFO          ACCESS:          0 HIT:          0 MISS:          0 MSHR_MERGE:          0
cpu0->cpu0_DTLB PREFETCH     ACCESS:          0 HIT:          0 MISS:          0 MSHR_MERGE:          0
cpu0->cpu0_DTLB WRITE        ACCESS:          0 HIT:          0 MISS:          0 MSHR_MERGE:          0
cpu0->cpu0_DTLB TRANSLATION  ACCESS:          0 HIT:          0 MISS:          0 MSHR_MERGE:          0
cpu0->cpu0_DTLB PREFETCH REQUESTED:          0 ISSUED:          0 USEFUL:          0 USELESS:          0
cpu0->cpu0_DTLB AVERAGE MISS LATENCY: 5.383 cycles
cpu0->LLC TOTAL        ACCESS:    1408501 HIT:     816164 MISS:     592337 MSHR_MERGE:          4
cpu0->LLC LOAD         ACCESS:     917043 HIT:     657020 MISS:     260023 MSHR_MERGE:          0
cpu0->LLC RFO          ACCESS:          0 HIT:          0 MISS:          0 MSHR_MERGE:          0
cpu0->LLC PREFETCH     ACCESS:     300243 HIT:      27315 MISS:     272928 MSHR_MERGE:          4
cpu0->LLC WRITE        ACCESS:     190759 HIT:     131828 MISS:      58931 MSHR_MERGE:          0
cpu0->LLC TRANSLATION  ACCESS:        456 HIT:          1 MISS:        455 MSHR_MERGE:          0
cpu0->LLC PREFETCH REQUESTED:          0 ISSUED:          0 USEFUL:          0 USELESS:          0
cpu0->LLC AVERAGE MISS LATENCY: 180.8 cycles

DRAM Statistics

Channel 0 RQ ROW_BUFFER_HIT:       2673
  ROW_BUFFER_MISS:     530701
  AVG DBUS CONGESTED CYCLE: 31.12
Channel 0 WQ ROW_BUFFER_HIT:      17025
  ROW_BUFFER_MISS:      61909
  FULL:          0
Channel 0 REFRESHES ISSUED:       8428
