[VMEM] WARNING: physical memory size is smaller than virtual memory size.

*** ChampSim Multicore Out-of-Order Simulator ***
Warmup Instructions: 10000000
Simulation Instructions: 50000000
Number of CPUs: 1
Page size: 4096
Core 0: traces/charlie_0000.champsim.gz
Off-chip DRAM Size: 64 GiB Channels: 1 Width: 64-bit Data Rate: 4807 MT/s
[BTB] WARNING: target of return is a lower address than the corresponding call. This is usually a problem with your trace.
[BTB] WARNING: target of return is a lower address than the corresponding call. This is usually a problem with your trace.
Heartbeat CPU 0 instructions: 500006 cycles: 299757 heartbeat IPC: 1.668 cumulative IPC: 1.668 (Simulation time: 00 hr 00 min 02 sec)
Heartbeat CPU 0 instructions: 1000011 cycles: 486360 heartbeat IPC: 2.68 cumulative IPC: 2.056 (Simulation time: 00 hr 00 min 04 sec)
[BTB] WARNING: target of return is a lower address than the corresponding call. This is usually a problem with your trace.
Heartbeat CPU 0 instructions: 1500012 cycles: 655039 heartbeat IPC: 2.964 cumulative IPC: 2.29 (Simulation time: 00 hr 00 min 06 sec)
[BTB] WARNING: target of return is a lower address than the corresponding call. This is usually a problem with your trace.
[BTB] WARNING: target of return is a lower address than the corresponding call. This is usually a problem with your trace.
Heartbeat CPU 0 instructions: 2000012 cycles: 788871 heartbeat IPC: 3.736 cumulative IPC: 2.535 (Simulation time: 00 hr 00 min 07 sec)
[BTB] WARNING: target of return is a lower address than the corresponding call. This is usually a problem with your trace.
[BTB] WARNING: target of return is a lower address than the corresponding call. This is usually a problem with your trace.
[BTB] WARNING: target of return is a lower address than the corresponding call. This is usually a problem with your trace.
[BTB] WARNING: target of return is a lower address than the corresponding call. This is usually a problem with your trace.
[BTB] WARNING: target of return is a lower address than the corresponding call. This is usually a problem with your trace.
Heartbeat CPU 0 instructions: 2500014 cycles: 936937 heartbeat IPC: 3.377 cumulative IPC: 2.668 (Simulation time: 00 hr 00 min 08 sec)
Heartbeat CPU 0 instructions: 3000021 cycles: 1045931 heartbeat IPC: 4.587 cumulative IPC: 2.868 (Simulation time: 00 hr 00 min 09 sec)
Heartbeat CPU 0 instructions: 3500023 cycles: 1153264 heartbeat IPC: 4.658 cumulative IPC: 3.035 (Simulation time: 00 hr 00 min 10 sec)
Heartbeat CPU 0 instructions: 4000027 cycles: 1261155 heartbeat IPC: 4.634 cumulative IPC: 3.172 (Simulation time: 00 hr 00 min 11 sec)
Heartbeat CPU 0 instructions: 4500034 cycles: 1367188 heartbeat IPC: 4.716 cumulative IPC: 3.291 (Simulation time: 00 hr 00 min 12 sec)
Heartbeat CPU 0 instructions: 5000034 cycles: 1473301 heartbeat IPC: 4.712 cumulative IPC: 3.394 (Simulation time: 00 hr 00 min 13 sec)
Heartbeat CPU 0 instructions: 5500040 cycles: 1578247 heartbeat IPC: 4.764 cumulative IPC: 3.485 (Simulation time: 00 hr 00 min 14 sec)
Heartbeat CPU 0 instructions: 6000040 cycles: 1682995 heartbeat IPC: 4.773 cumulative IPC: 3.565 (Simulation time: 00 hr 00 min 15 sec)
Heartbeat CPU 0 instructions: 6500040 cycles: 1790333 heartbeat IPC: 4.658 cumulative IPC: 3.631 (Simulation time: 00 hr 00 min 16 sec)
Heartbeat CPU 0 instructions: 7000044 cycles: 1896720 heartbeat IPC: 4.7 cumulative IPC: 3.691 (Simulation time: 00 hr 00 min 17 sec)
Heartbeat CPU 0 instructions: 7500049 cycles: 2006627 heartbeat IPC: 4.549 cumulative IPC: 3.738 (Simulation time: 00 hr 00 min 18 sec)
Heartbeat CPU 0 instructions: 8000052 cycles: 2112537 heartbeat IPC: 4.721 cumulative IPC: 3.787 (Simulation time: 00 hr 00 min 19 sec)
Heartbeat CPU 0 instructions: 8500059 cycles: 2220270 heartbeat IPC: 4.641 cumulative IPC: 3.828 (Simulation time: 00 hr 00 min 20 sec)
Heartbeat CPU 0 instructions: 9000060 cycles: 2330940 heartbeat IPC: 4.518 cumulative IPC: 3.861 (Simulation time: 00 hr 00 min 21 sec)
Heartbeat CPU 0 instructions: 9500062 cycles: 2434602 heartbeat IPC: 4.823 cumulative IPC: 3.902 (Simulation time: 00 hr 00 min 21 sec)
Warmup finished CPU 0 instructions: 10000005 cycles: 2538548 cumulative IPC: 3.939 (Simulation time: 00 hr 00 min 22 sec)
Warmup complete CPU 0 instructions: 10000005 cycles: 2538548 cumulative IPC: 3.939 (Simulation time: 00 hr 00 min 22 sec)
Heartbeat CPU 0 instructions: 10000065 cycles: 2538556 heartbeat IPC: 4.81 cumulative IPC: 7.5 (Simulation time: 00 hr 00 min 22 sec)
Heartbeat CPU 0 instructions: 10500066 cycles: 2955597 heartbeat IPC: 1.199 cumulative IPC: 1.199 (Simulation time: 00 hr 00 min 24 sec)
Heartbeat CPU 0 instructions: 11000066 cycles: 3398317 heartbeat IPC: 1.129 cumulative IPC: 1.163 (Simulation time: 00 hr 00 min 26 sec)
Heartbeat CPU 0 instructions: 11500067 cycles: 3841579 heartbeat IPC: 1.128 cumulative IPC: 1.151 (Simulation time: 00 hr 00 min 28 sec)
Heartbeat CPU 0 instructions: 12000072 cycles: 4541168 heartbeat IPC: 0.7147 cumulative IPC: 0.9987 (Simulation time: 00 hr 00 min 31 sec)
Heartbeat CPU 0 instructions: 12500072 cycles: 5322433 heartbeat IPC: 0.64 cumulative IPC: 0.898 (Simulation time: 00 hr 00 min 34 sec)
Heartbeat CPU 0 instructions: 13000073 cycles: 5898131 heartbeat IPC: 0.8685 cumulative IPC: 0.893 (Simulation time: 00 hr 00 min 37 sec)
Heartbeat CPU 0 instructions: 13500075 cycles: 6294838 heartbeat IPC: 1.26 cumulative IPC: 0.9318 (Simulation time: 00 hr 00 min 39 sec)
Heartbeat CPU 0 instructions: 14000079 cycles: 6763013 heartbeat IPC: 1.068 cumulative IPC: 0.9469 (Simulation time: 00 hr 00 min 41 sec)
Heartbeat CPU 0 instructions: 14500083 cycles: 7138328 heartbeat IPC: 1.332 cumulative IPC: 0.9783 (Simulation time: 00 hr 00 min 43 sec)
Heartbeat CPU 0 instructions: 15000086 cycles: 7571646 heartbeat IPC: 1.154 cumulative IPC: 0.9934 (Simulation time: 00 hr 00 min 45 sec)
Heartbeat CPU 0 instructions: 15500086 cycles: 8008747 heartbeat IPC: 1.144 cumulative IPC: 1.005 (Simulation time: 00 hr 00 min 47 sec)
Heartbeat CPU 0 instructions: 16000092 cycles: 8439397 heartbeat IPC: 1.161 cumulative IPC: 1.017 (Simulation time: 00 hr 00 min 49 sec)
Heartbeat CPU 0 instructions: 16500094 cycles: 8984141 heartbeat IPC: 0.9179 cumulative IPC: 1.008 (Simulation time: 00 hr 00 min 51 sec)
Heartbeat CPU 0 instructions: 17000095 cycles: 9488324 heartbeat IPC: 0.9917 cumulative IPC: 1.007 (Simulation time: 00 hr 00 min 53 sec)
Heartbeat CPU 0 instructions: 17500095 cycles: 9974051 heartbeat IPC: 1.029 cumulative IPC: 1.009 (Simulation time: 00 hr 00 min 55 sec)
Heartbeat CPU 0 instructions: 18000097 cycles: 10454241 heartbeat IPC: 1.041 cumulative IPC: 1.011 (Simulation time: 00 hr 00 min 58 sec)
Heartbeat CPU 0 instructions: 18500097 cycles: 10938448 heartbeat IPC: 1.033 cumulative IPC: 1.012 (Simulation time: 00 hr 01 min 00 sec)
Heartbeat CPU 0 instructions: 19000100 cycles: 11811668 heartbeat IPC: 0.5726 cumulative IPC: 0.9706 (Simulation time: 00 hr 01 min 03 sec)
Heartbeat CPU 0 instructions: 19500100 cycles: 12120030 heartbeat IPC: 1.621 cumulative IPC: 0.9915 (Simulation time: 00 hr 01 min 04 sec)
Heartbeat CPU 0 instructions: 20000101 cycles: 12410042 heartbeat IPC: 1.724 cumulative IPC: 1.013 (Simulation time: 00 hr 01 min 06 sec)
Heartbeat CPU 0 instructions: 20500102 cycles: 12726292 heartbeat IPC: 1.581 cumulative IPC: 1.031 (Simulation time: 00 hr 01 min 07 sec)
Heartbeat CPU 0 instructions: 21000104 cycles: 12999466 heartbeat IPC: 1.83 cumulative IPC: 1.052 (Simulation time: 00 hr 01 min 08 sec)
Heartbeat CPU 0 instructions: 21500105 cycles: 13275245 heartbeat IPC: 1.813 cumulative IPC: 1.071 (Simulation time: 00 hr 01 min 10 sec)
Heartbeat CPU 0 instructions: 22000111 cycles: 14828346 heartbeat IPC: 0.3219 cumulative IPC: 0.9764 (Simulation time: 00 hr 01 min 15 sec)
Heartbeat CPU 0 instructions: 22500111 cycles: 17331833 heartbeat IPC: 0.1997 cumulative IPC: 0.845 (Simulation time: 00 hr 01 min 24 sec)
Heartbeat CPU 0 instructions: 23000117 cycles: 18004575 heartbeat IPC: 0.7432 cumulative IPC: 0.8406 (Simulation time: 00 hr 01 min 27 sec)
Heartbeat CPU 0 instructions: 23500122 cycles: 18903624 heartbeat IPC: 0.5561 cumulative IPC: 0.8249 (Simulation time: 00 hr 01 min 31 sec)
Heartbeat CPU 0 instructions: 24000125 cycles: 20657036 heartbeat IPC: 0.2852 cumulative IPC: 0.7727 (Simulation time: 00 hr 01 min 36 sec)
Heartbeat CPU 0 instructions: 24500126 cycles: 21097086 heartbeat IPC: 1.136 cumulative IPC: 0.7813 (Simulation time: 00 hr 01 min 39 sec)
Heartbeat CPU 0 instructions: 25000129 cycles: 21496253 heartbeat IPC: 1.253 cumulative IPC: 0.7912 (Simulation time: 00 hr 01 min 41 sec)
Heartbeat CPU 0 instructions: 25500134 cycles: 21977061 heartbeat IPC: 1.04 cumulative IPC: 0.7974 (Simulation time: 00 hr 01 min 44 sec)
Heartbeat CPU 0 instructions: 26000134 cycles: 22414606 heartbeat IPC: 1.143 cumulative IPC: 0.805 (Simulation time: 00 hr 01 min 46 sec)
Heartbeat CPU 0 instructions: 26500140 cycles: 22829398 heartbeat IPC: 1.205 cumulative IPC: 0.8132 (Simulation time: 00 hr 01 min 49 sec)
Heartbeat CPU 0 instructions: 27000146 cycles: 23236797 heartbeat IPC: 1.227 cumulative IPC: 0.8213 (Simulation time: 00 hr 01 min 52 sec)
Heartbeat CPU 0 instructions: 27500146 cycles: 23802747 heartbeat IPC: 0.8835 cumulative IPC: 0.823 (Simulation time: 00 hr 01 min 55 sec)
Heartbeat CPU 0 instructions: 28000146 cycles: 24219498 heartbeat IPC: 1.2 cumulative IPC: 0.8302 (Simulation time: 00 hr 01 min 58 sec)
Heartbeat CPU 0 instructions: 28500150 cycles: 24634642 heartbeat IPC: 1.204 cumulative IPC: 0.8373 (Simulation time: 00 hr 02 min 01 sec)
Heartbeat CPU 0 instructions: 29000151 cycles: 25153315 heartbeat IPC: 0.964 cumulative IPC: 0.8402 (Simulation time: 00 hr 02 min 03 sec)
Heartbeat CPU 0 instructions: 29500152 cycles: 26385222 heartbeat IPC: 0.4059 cumulative IPC: 0.8177 (Simulation time: 00 hr 02 min 08 sec)
Heartbeat CPU 0 instructions: 30000155 cycles: 26685811 heartbeat IPC: 1.663 cumulative IPC: 0.8283 (Simulation time: 00 hr 02 min 09 sec)
Heartbeat CPU 0 instructions: 30500157 cycles: 26973473 heartbeat IPC: 1.738 cumulative IPC: 0.839 (Simulation time: 00 hr 02 min 11 sec)
Heartbeat CPU 0 instructions: 31000157 cycles: 27283265 heartbeat IPC: 1.614 cumulative IPC: 0.8487 (Simulation time: 00 hr 02 min 12 sec)
Heartbeat CPU 0 instructions: 31500158 cycles: 27552220 heartbeat IPC: 1.859 cumulative IPC: 0.8595 (Simulation time: 00 hr 02 min 13 sec)
Heartbeat CPU 0 instructions: 32000159 cycles: 27820094 heartbeat IPC: 1.867 cumulative IPC: 0.8702 (Simulation time: 00 hr 02 min 14 sec)
Heartbeat CPU 0 instructions: 32500161 cycles: 28522778 heartbeat IPC: 0.7116 cumulative IPC: 0.8659 (Simulation time: 00 hr 02 min 18 sec)
Heartbeat CPU 0 instructions: 33000164 cycles: 29068583 heartbeat IPC: 0.9161 cumulative IPC: 0.8669 (Simulation time: 00 hr 02 min 20 sec)
Heartbeat CPU 0 instructions: 33500169 cycles: 29716317 heartbeat IPC: 0.7719 cumulative IPC: 0.8647 (Simulation time: 00 hr 02 min 24 sec)
Heartbeat CPU 0 instructions: 34000171 cycles: 30292399 heartbeat IPC: 0.8679 cumulative IPC: 0.8648 (Simulation time: 00 hr 02 min 26 sec)
Heartbeat CPU 0 instructions: 34500171 cycles: 30918315 heartbeat IPC: 0.7988 cumulative IPC: 0.8633 (Simulation time: 00 hr 02 min 30 sec)
Heartbeat CPU 0 instructions: 35000176 cycles: 31489319 heartbeat IPC: 0.8757 cumulative IPC: 0.8635 (Simulation time: 00 hr 02 min 33 sec)
Heartbeat CPU 0 instructions: 35500176 cycles: 32168868 heartbeat IPC: 0.7358 cumulative IPC: 0.8606 (Simulation time: 00 hr 02 min 36 sec)
Heartbeat CPU 0 instructions: 36000176 cycles: 32735611 heartbeat IPC: 0.8822 cumulative IPC: 0.861 (Simulation time: 00 hr 02 min 39 sec)
Heartbeat CPU 0 instructions: 36500176 cycles: 34021626 heartbeat IPC: 0.3888 cumulative IPC: 0.8417 (Simulation time: 00 hr 02 min 44 sec)
Heartbeat CPU 0 instructions: 37000177 cycles: 34324309 heartbeat IPC: 1.652 cumulative IPC: 0.8494 (Simulation time: 00 hr 02 min 46 sec)
Heartbeat CPU 0 instructions: 37500177 cycles: 34606112 heartbeat IPC: 1.774 cumulative IPC: 0.8576 (Simulation time: 00 hr 02 min 47 sec)
Heartbeat CPU 0 instructions: 38000177 cycles: 34918371 heartbeat IPC: 1.601 cumulative IPC: 0.8647 (Simulation time: 00 hr 02 min 48 sec)
Heartbeat CPU 0 instructions: 38500177 cycles: 35180390 heartbeat IPC: 1.908 cumulative IPC: 0.8731 (Simulation time: 00 hr 02 min 49 sec)
Heartbeat CPU 0 instructions: 39000180 cycles: 35471903 heartbeat IPC: 1.715 cumulative IPC: 0.8806 (Simulation time: 00 hr 02 min 51 sec)
Heartbeat CPU 0 instructions: 39500184 cycles: 36362239 heartbeat IPC: 0.5616 cumulative IPC: 0.8722 (Simulation time: 00 hr 02 min 55 sec)
Heartbeat CPU 0 instructions: 40000186 cycles: 37049167 heartbeat IPC: 0.7279 cumulative IPC: 0.8693 (Simulation time: 00 hr 02 min 57 sec)
Heartbeat CPU 0 instructions: 40500187 cycles: 37560585 heartbeat IPC: 0.9777 cumulative IPC: 0.8709 (Simulation time: 00 hr 03 min 00 sec)
Heartbeat CPU 0 instructions: 41000187 cycles: 38006271 heartbeat IPC: 1.122 cumulative IPC: 0.874 (Simulation time: 00 hr 03 min 02 sec)
Heartbeat CPU 0 instructions: 41500190 cycles: 38529105 heartbeat IPC: 0.9563 cumulative IPC: 0.8752 (Simulation time: 00 hr 03 min 04 sec)
Heartbeat CPU 0 instructions: 42000192 cycles: 39025469 heartbeat IPC: 1.007 cumulative IPC: 0.877 (Simulation time: 00 hr 03 min 06 sec)
Heartbeat CPU 0 instructions: 42500196 cycles: 39516537 heartbeat IPC: 1.018 cumulative IPC: 0.8789 (Simulation time: 00 hr 03 min 08 sec)
Heartbeat CPU 0 instructions: 43000197 cycles: 39945795 heartbeat IPC: 1.165 cumulative IPC: 0.8822 (Simulation time: 00 hr 03 min 10 sec)
Heartbeat CPU 0 instructions: 43500199 cycles: 40430212 heartbeat IPC: 1.032 cumulative IPC: 0.8841 (Simulation time: 00 hr 03 min 13 sec)
Heartbeat CPU 0 instructions: 44000205 cycles: 40913195 heartbeat IPC: 1.035 cumulative IPC: 0.886 (Simulation time: 00 hr 03 min 15 sec)
Heartbeat CPU 0 instructions: 44500205 cycles: 41356984 heartbeat IPC: 1.127 cumulative IPC: 0.8888 (Simulation time: 00 hr 03 min 17 sec)
Heartbeat CPU 0 instructions: 45000205 cycles: 41783557 heartbeat IPC: 1.172 cumulative IPC: 0.8918 (Simulation time: 00 hr 03 min 19 sec)
Heartbeat CPU 0 instructions: 45500205 cycles: 42245949 heartbeat IPC: 1.081 cumulative IPC: 0.894 (Simulation time: 00 hr 03 min 21 sec)
Heartbeat CPU 0 instructions: 46000206 cycles: 42821738 heartbeat IPC: 0.8684 cumulative IPC: 0.8937 (Simulation time: 00 hr 03 min 23 sec)
Heartbeat CPU 0 instructions: 46500207 cycles: 43226334 heartbeat IPC: 1.236 cumulative IPC: 0.8971 (Simulation time: 00 hr 03 min 25 sec)
Heartbeat CPU 0 instructions: 47000207 cycles: 43626221 heartbeat IPC: 1.25 cumulative IPC: 0.9005 (Simulation time: 00 hr 03 min 27 sec)
Heartbeat CPU 0 instructions: 47500208 cycles: 44979034 heartbeat IPC: 0.3696 cumulative IPC: 0.8836 (Simulation time: 00 hr 03 min 32 sec)
Heartbeat CPU 0 instructions: 48000211 cycles: 45272938 heartbeat IPC: 1.701 cumulative IPC: 0.8892 (Simulation time: 00 hr 03 min 33 sec)
Heartbeat CPU 0 instructions: 48500212 cycles: 46576961 heartbeat IPC: 0.3834 cumulative IPC: 0.8742 (Simulation time: 00 hr 03 min 38 sec)
Heartbeat CPU 0 instructions: 49000215 cycles: 46889372 heartbeat IPC: 1.6 cumulative IPC: 0.8794 (Simulation time: 00 hr 03 min 40 sec)
Heartbeat CPU 0 instructions: 49500217 cycles: 47160164 heartbeat IPC: 1.846 cumulative IPC: 0.8852 (Simulation time: 00 hr 03 min 41 sec)
Heartbeat CPU 0 instructions: 50000223 cycles: 47417127 heartbeat IPC: 1.946 cumulative IPC: 0.8913 (Simulation time: 00 hr 03 min 42 sec)
Heartbeat CPU 0 instructions: 50500224 cycles: 48278574 heartbeat IPC: 0.5804 cumulative IPC: 0.8854 (Simulation time: 00 hr 03 min 46 sec)
Heartbeat CPU 0 instructions: 51000231 cycles: 48960059 heartbeat IPC: 0.7337 cumulative IPC: 0.8832 (Simulation time: 00 hr 03 min 48 sec)
Heartbeat CPU 0 instructions: 51500232 cycles: 49447229 heartbeat IPC: 1.026 cumulative IPC: 0.8847 (Simulation time: 00 hr 03 min 51 sec)
Heartbeat CPU 0 instructions: 52000233 cycles: 49882583 heartbeat IPC: 1.148 cumulative IPC: 0.8871 (Simulation time: 00 hr 03 min 53 sec)
Heartbeat CPU 0 instructions: 52500236 cycles: 50365612 heartbeat IPC: 1.035 cumulative IPC: 0.8886 (Simulation time: 00 hr 03 min 55 sec)
Heartbeat CPU 0 instructions: 53000236 cycles: 50917357 heartbeat IPC: 0.9062 cumulative IPC: 0.8888 (Simulation time: 00 hr 03 min 57 sec)
Heartbeat CPU 0 instructions: 53500239 cycles: 51214864 heartbeat IPC: 1.681 cumulative IPC: 0.8937 (Simulation time: 00 hr 03 min 58 sec)
Heartbeat CPU 0 instructions: 54000239 cycles: 51496725 heartbeat IPC: 1.774 cumulative IPC: 0.8987 (Simulation time: 00 hr 04 min 00 sec)
Heartbeat CPU 0 instructions: 54500240 cycles: 51782706 heartbeat IPC: 1.748 cumulative IPC: 0.9037 (Simulation time: 00 hr 04 min 01 sec)
Heartbeat CPU 0 instructions: 55000241 cycles: 52032781 heartbeat IPC: 1.999 cumulative IPC: 0.9092 (Simulation time: 00 hr 04 min 02 sec)
Heartbeat CPU 0 instructions: 55500241 cycles: 52276671 heartbeat IPC: 2.05 cumulative IPC: 0.9148 (Simulation time: 00 hr 04 min 03 sec)
Heartbeat CPU 0 instructions: 56000241 cycles: 53405101 heartbeat IPC: 0.4431 cumulative IPC: 0.9043 (Simulation time: 00 hr 04 min 08 sec)
Heartbeat CPU 0 instructions: 56500245 cycles: 55136819 heartbeat IPC: 0.2887 cumulative IPC: 0.8841 (Simulation time: 00 hr 04 min 15 sec)
Heartbeat CPU 0 instructions: 57000250 cycles: 57407238 heartbeat IPC: 0.2202 cumulative IPC: 0.8566 (Simulation time: 00 hr 04 min 24 sec)
Heartbeat CPU 0 instructions: 57500255 cycles: 58086283 heartbeat IPC: 0.7363 cumulative IPC: 0.8551 (Simulation time: 00 hr 04 min 26 sec)
Heartbeat CPU 0 instructions: 58000258 cycles: 58549696 heartbeat IPC: 1.079 cumulative IPC: 0.857 (Simulation time: 00 hr 04 min 29 sec)
Heartbeat CPU 0 instructions: 58500258 cycles: 59111147 heartbeat IPC: 0.8905 cumulative IPC: 0.8573 (Simulation time: 00 hr 04 min 31 sec)
Heartbeat CPU 0 instructions: 59000261 cycles: 59566671 heartbeat IPC: 1.098 cumulative IPC: 0.8592 (Simulation time: 00 hr 04 min 33 sec)
Heartbeat CPU 0 instructions: 59500262 cycles: 60015056 heartbeat IPC: 1.115 cumulative IPC: 0.8612 (Simulation time: 00 hr 04 min 35 sec)
Simulation finished CPU 0 instructions: 50000006 cycles: 57931899 cumulative IPC: 0.8631 (Simulation time: 00 hr 04 min 37 sec)
Simulation complete CPU 0 instructions: 50000006 cycles: 57931899 cumulative IPC: 0.8631 (Simulation time: 00 hr 04 min 37 sec)

ChampSim completed all CPUs

=== Simulation ===
CPU 0 runs traces/charlie_0000.champsim.gz

Region of Interest Statistics

CPU 0 cumulative IPC: 0.8631 instructions: 50000006 cycles: 57931899
CPU 0 Branch Prediction Accuracy: 92.87% MPKI: 15.34 Average ROB Occupancy at Mispredict: 33.51
Branch type MPKI
BRANCH_DIRECT_JUMP: 0.2727
BRANCH_INDIRECT: 0.5188
BRANCH_CONDITIONAL: 13.8
BRANCH_DIRECT_CALL: 0.1681
BRANCH_INDIRECT_CALL: 0.3757
BRANCH_RETURN: 0.2019

cpu0->cpu0_STLB TOTAL        ACCESS:      82571 HIT:      58570 MISS:      24001 MSHR_MERGE:          0
cpu0->cpu0_STLB LOAD         ACCESS:      82571 HIT:      58570 MISS:      24001 MSHR_MERGE:          0
cpu0->cpu0_STLB RFO          ACCESS:          0 HIT:          0 MISS:          0 MSHR_MERGE:          0
cpu0->cpu0_STLB PREFETCH     ACCESS:          0 HIT:          0 MISS:          0 MSHR_MERGE:          0
cpu0->cpu0_STLB WRITE        ACCESS:          0 HIT:          0 MISS:          0 MSHR_MERGE:          0
cpu0->cpu0_STLB TRANSLATION  ACCESS:          0 HIT:          0 MISS:          0 MSHR_MERGE:          0
cpu0->cpu0_STLB PREFETCH REQUESTED:          0 ISSUED:          0 USEFUL:          0 USELESS:          0
cpu0->cpu0_STLB AVERAGE MISS LATENCY: 292.1 cycles
cpu0->cpu0_L2C TOTAL        ACCESS:    1565548 HIT:    1076262 MISS:     489286 MSHR_MERGE:     110129
cpu0->cpu0_L2C LOAD         ACCESS:     422356 HIT:     277476 MISS:     144880 MSHR_MERGE:       8092
cpu0->cpu0_L2C RFO          ACCESS:     161684 HIT:       8712 MISS:     152972 MSHR_MERGE:          3
cpu0->cpu0_L2C PREFETCH     ACCESS:     754278 HIT:     577487 MISS:     176791 MSHR_MERGE:     102034
cpu0->cpu0_L2C WRITE        ACCESS:     202690 HIT:     202683 MISS:          7 MSHR_MERGE:          0
cpu0->cpu0_L2C TRANSLATION  ACCESS:      24540 HIT:       9904 MISS:      14636 MSHR_MERGE:          0
cpu0->cpu0_L2C PREFETCH REQUESTED:     788108 ISSUED:     754278 USEFUL:      20252 USELESS:       7385
cpu0->cpu0_L2C AVERAGE MISS LATENCY: 260.5 cycles
cpu0->cpu0_L1I TOTAL        ACCESS:    2654796 HIT:    2422998 MISS:     231798 MSHR_MERGE:      55841
cpu0->cpu0_L1I LOAD         ACCESS:    2654796 HIT:    2422998 MISS:     231798 MSHR_MERGE:      55841
cpu0->cpu0_L1I RFO          ACCESS:          0 HIT:          0 MISS:          0 MSHR_MERGE:          0
cpu0->cpu0_L1I PREFETCH     ACCESS:          0 HIT:          0 MISS:          0 MSHR_MERGE:          0
cpu0->cpu0_L1I WRITE        ACCESS:          0 HIT:          0 MISS:          0 MSHR_MERGE:          0
cpu0->cpu0_L1I TRANSLATION  ACCESS:          0 HIT:          0 MISS:          0 MSHR_MERGE:          0
cpu0->cpu0_L1I PREFETCH REQUESTED:          0 ISSUED:          0 USEFUL:          0 USELESS:          0
cpu0->cpu0_L1I AVERAGE MISS LATENCY: 67.92 cycles
cpu0->cpu0_L1D TOTAL        ACCESS:   12713358 HIT:   11646610 MISS:    1066748 MSHR_MERGE:     634125
cpu0->cpu0_L1D LOAD         ACCESS:    8282112 HIT:    7867129 MISS:     414983 MSHR_MERGE:     168584
cpu0->cpu0_L1D RFO          ACCESS:          0 HIT:          0 MISS:          0 MSHR_MERGE:          0
cpu0->cpu0_L1D PREFETCH     ACCESS:          0 HIT:          0 MISS:          0 MSHR_MERGE:          0
cpu0->cpu0_L1D WRITE        ACCESS:    4367906 HIT:    3741114 MISS:     626792 MSHR_MERGE:     465108
cpu0->cpu0_L1D TRANSLATION  ACCESS:      63340 HIT:      38367 MISS:      24973 MSHR_MERGE:        433
cpu0->cpu0_L1D PREFETCH REQUESTED:          0 ISSUED:          0 USEFUL:          0 USELESS:          0
cpu0->cpu0_L1D AVERAGE MISS LATENCY: 172.3 cycles
cpu0->cpu0_ITLB TOTAL        ACCESS:    2218236 HIT:    2198128 MISS:      20108 MSHR_MERGE:       8561
cpu0->cpu0_ITLB LOAD         ACCESS:    2218236 HIT:    2198128 MISS:      20108 MSHR_MERGE:       8561
cpu0->cpu0_ITLB RFO          ACCESS:          0 HIT:          0 MISS:          0 MSHR_MERGE:          0
cpu0->cpu0_ITLB PREFETCH     ACCESS:          0 HIT:          0 MISS:          0 MSHR_MERGE:          0
cpu0->cpu0_ITLB WRITE        ACCESS:          0 HIT:          0 MISS:          0 MSHR_MERGE:          0
cpu0->cpu0_ITLB TRANSLATION  ACCESS:          0 HIT:          0 MISS:          0 MSHR_MERGE:          0
cpu0->cpu0_ITLB PREFETCH REQUESTED:          0 ISSUED:          0 USEFUL:          0 USELESS:          0
cpu0->cpu0_ITLB AVERAGE MISS LATENCY: 58.48 cycles
cpu0->cpu0_DTLB TOTAL        ACCESS:   12124660 HIT:   11983920 MISS:     140740 MSHR_MERGE:      69716
cpu0->cpu0_DTLB LOAD         ACCESS:   12124660 HIT:   11983920 MISS:     140740 MSHR_MERGE:      69716
cpu0->cpu0_DTLB RFO          ACCESS:          0 HIT:          0 MISS:          0 MSHR_MERGE:          0
cpu0->cpu0_DTLB PREFETCH     ACCESS:          0 HIT:          0 MISS:          0 MSHR_MERGE:          0
cpu0->cpu0_DTLB WRITE        ACCESS:          0 HIT:          0 MISS:          0 MSHR_MERGE:          0
cpu0->cpu0_DTLB TRANSLATION  ACCESS:          0 HIT:          0 MISS:          0 MSHR_MERGE:          0
cpu0->cpu0_DTLB PREFETCH REQUESTED:          0 ISSUED:          0 USEFUL:          0 USELESS:          0
cpu0->cpu0_DTLB AVERAGE MISS LATENCY: 95.37 cycles
cpu0->LLC TOTAL        ACCESS:     567947 HIT:      40672 MISS:     527275 MSHR_MERGE:      33161
cpu0->LLC LOAD         ACCESS:     136788 HIT:      10056 MISS:     126732 MSHR_MERGE:       3999
cpu0->LLC RFO          ACCESS:     152969 HIT:       1306 MISS:     151663 MSHR_MERGE:          1
cpu0->LLC PREFETCH     ACCESS:      74757 HIT:       7090 MISS:      67667 MSHR_MERGE:      29161
cpu0->LLC WRITE        ACCESS:     188797 HIT:      21197 MISS:     167600 MSHR_MERGE:          0
cpu0->LLC TRANSLATION  ACCESS:      14636 HIT:       1023 MISS:      13613 MSHR_MERGE:          0
cpu0->LLC PREFETCH REQUESTED:          0 ISSUED:          0 USEFUL:          0 USELESS:          0
cpu0->LLC AVERAGE MISS LATENCY: 163.6 cycles

DRAM Statistics

Channel 0 RQ ROW_BUFFER_HIT:      18176
  ROW_BUFFER_MISS:     308336
  AVG DBUS CONGESTED CYCLE: 26.25
Channel 0 WQ ROW_BUFFER_HIT:      36249
  ROW_BUFFER_MISS:     135186
  FULL:       1102
Channel 0 REFRESHES ISSUED:       4827
