[VMEM] WARNING: physical memory size is smaller than virtual memory size.

*** ChampSim Multicore Out-of-Order Simulator ***
Warmup Instructions: 10000000
Simulation Instructions: 50000000
Number of CPUs: 1
Page size: 4096
Core 0: traces/charlie_0002.champsim.gz
Off-chip DRAM Size: 64 GiB Channels: 1 Width: 64-bit Data Rate: 4807 MT/s
[BTB] WARNING: target of return is a lower address than the corresponding call. This is usually a problem with your trace.
[BTB] WARNING: target of return is a lower address than the corresponding call. This is usually a problem with your trace.
[BTB] WARNING: target of return is a lower address than the corresponding call. This is usually a problem with your trace.
[BTB] WARNING: target of return is a lower address than the corresponding call. This is usually a problem with your trace.
[BTB] WARNING: target of return is a lower address than the corresponding call. This is usually a problem with your trace.
Heartbeat CPU 0 instructions: 500003 cycles: 260889 heartbeat IPC: 1.917 cumulative IPC: 1.917 (Simulation time: 00 hr 00 min 02 sec)
[BTB] WARNING: target of return is a lower address than the corresponding call. This is usually a problem with your trace.
Heartbeat CPU 0 instructions: 1000004 cycles: 471524 heartbeat IPC: 2.374 cumulative IPC: 2.121 (Simulation time: 00 hr 00 min 04 sec)
Heartbeat CPU 0 instructions: 1500010 cycles: 657341 heartbeat IPC: 2.691 cumulative IPC: 2.282 (Simulation time: 00 hr 00 min 06 sec)
[BTB] WARNING: target of return is a lower address than the corresponding call. This is usually a problem with your trace.
[BTB] WARNING: target of return is a lower address than the corresponding call. This is usually a problem with your trace.
Heartbeat CPU 0 instructions: 2000012 cycles: 833774 heartbeat IPC: 2.834 cumulative IPC: 2.399 (Simulation time: 00 hr 00 min 07 sec)
[BTB] WARNING: target of return is a lower address than the corresponding call. This is usually a problem with your trace.
[BTB] WARNING: target of return is a lower address than the corresponding call. This is usually a problem with your trace.
Heartbeat CPU 0 instructions: 2500019 cycles: 1015715 heartbeat IPC: 2.748 cumulative IPC: 2.461 (Simulation time: 00 hr 00 min 09 sec)
Heartbeat CPU 0 instructions: 3000025 cycles: 1167630 heartbeat IPC: 3.291 cumulative IPC: 2.569 (Simulation time: 00 hr 00 min 11 sec)
Heartbeat CPU 0 instructions: 3500031 cycles: 1313178 heartbeat IPC: 3.435 cumulative IPC: 2.665 (Simulation time: 00 hr 00 min 12 sec)
Heartbeat CPU 0 instructions: 4000037 cycles: 1450205 heartbeat IPC: 3.649 cumulative IPC: 2.758 (Simulation time: 00 hr 00 min 13 sec)
Heartbeat CPU 0 instructions: 4500042 cycles: 1602872 heartbeat IPC: 3.275 cumulative IPC: 2.807 (Simulation time: 00 hr 00 min 15 sec)
Heartbeat CPU 0 instructions: 5000047 cycles: 1748804 heartbeat IPC: 3.426 cumulative IPC: 2.859 (Simulation time: 00 hr 00 min 16 sec)
Heartbeat CPU 0 instructions: 5500053 cycles: 1918179 heartbeat IPC: 2.952 cumulative IPC: 2.867 (Simulation time: 00 hr 00 min 18 sec)
Heartbeat CPU 0 instructions: 6000060 cycles: 2081884 heartbeat IPC: 3.054 cumulative IPC: 2.882 (Simulation time: 00 hr 00 min 19 sec)
Heartbeat CPU 0 instructions: 6500065 cycles: 2257253 heartbeat IPC: 2.851 cumulative IPC: 2.88 (Simulation time: 00 hr 00 min 21 sec)
Heartbeat CPU 0 instructions: 7000066 cycles: 2404641 heartbeat IPC: 3.392 cumulative IPC: 2.911 (Simulation time: 00 hr 00 min 23 sec)
Heartbeat CPU 0 instructions: 7500068 cycles: 2557316 heartbeat IPC: 3.275 cumulative IPC: 2.933 (Simulation time: 00 hr 00 min 24 sec)
Heartbeat CPU 0 instructions: 8000070 cycles: 2707139 heartbeat IPC: 3.337 cumulative IPC: 2.955 (Simulation time: 00 hr 00 min 25 sec)
Heartbeat CPU 0 instructions: 8500071 cycles: 2808094 heartbeat IPC: 4.953 cumulative IPC: 3.027 (Simulation time: 00 hr 00 min 26 sec)
Heartbeat CPU 0 instructions: 9000077 cycles: 2908307 heartbeat IPC: 4.989 cumulative IPC: 3.095 (Simulation time: 00 hr 00 min 27 sec)
Heartbeat CPU 0 instructions: 9500084 cycles: 3008537 heartbeat IPC: 4.989 cumulative IPC: 3.158 (Simulation time: 00 hr 00 min 28 sec)
Warmup finished CPU 0 instructions: 10000000 cycles: 3130289 cumulative IPC: 3.195 (Simulation time: 00 hr 00 min 29 sec)
Warmup complete CPU 0 instructions: 10000000 cycles: 3130289 cumulative IPC: 3.195 (Simulation time: 00 hr 00 min 29 sec)
Heartbeat CPU 0 instructions: 10000089 cycles: 3133814 heartbeat IPC: 3.991 cumulative IPC: 0.02525 (Simulation time: 00 hr 00 min 29 sec)
Heartbeat CPU 0 instructions: 10500089 cycles: 5360951 heartbeat IPC: 0.2245 cumulative IPC: 0.2242 (Simulation time: 00 hr 00 min 36 sec)
Heartbeat CPU 0 instructions: 11000093 cycles: 6333309 heartbeat IPC: 0.5142 cumulative IPC: 0.3122 (Simulation time: 00 hr 00 min 40 sec)
Heartbeat CPU 0 instructions: 11500094 cycles: 8377732 heartbeat IPC: 0.2446 cumulative IPC: 0.2859 (Simulation time: 00 hr 00 min 47 sec)
Heartbeat CPU 0 instructions: 12000096 cycles: 10019573 heartbeat IPC: 0.3045 cumulative IPC: 0.2903 (Simulation time: 00 hr 00 min 52 sec)
Heartbeat CPU 0 instructions: 12500096 cycles: 10941033 heartbeat IPC: 0.5426 cumulative IPC: 0.3201 (Simulation time: 00 hr 00 min 56 sec)
Heartbeat CPU 0 instructions: 13000099 cycles: 11476354 heartbeat IPC: 0.934 cumulative IPC: 0.3595 (Simulation time: 00 hr 00 min 58 sec)
Heartbeat CPU 0 instructions: 13500102 cycles: 13266817 heartbeat IPC: 0.2793 cumulative IPC: 0.3453 (Simulation time: 00 hr 01 min 04 sec)
Heartbeat CPU 0 instructions: 14000103 cycles: 15052168 heartbeat IPC: 0.2801 cumulative IPC: 0.3355 (Simulation time: 00 hr 01 min 09 sec)
Heartbeat CPU 0 instructions: 14500110 cycles: 16136695 heartbeat IPC: 0.461 cumulative IPC: 0.346 (Simulation time: 00 hr 01 min 13 sec)
Heartbeat CPU 0 instructions: 15000113 cycles: 16639952 heartbeat IPC: 0.9935 cumulative IPC: 0.3701 (Simulation time: 00 hr 01 min 15 sec)
Heartbeat CPU 0 instructions: 15500115 cycles: 17120339 heartbeat IPC: 1.041 cumulative IPC: 0.3931 (Simulation time: 00 hr 01 min 18 sec)
Heartbeat CPU 0 instructions: 16000120 cycles: 17582689 heartbeat IPC: 1.081 cumulative IPC: 0.4152 (Simulation time: 00 hr 01 min 20 sec)
Heartbeat CPU 0 instructions: 16500121 cycles: 18058708 heartbeat IPC: 1.05 cumulative IPC: 0.4354 (Simulation time: 00 hr 01 min 22 sec)
Heartbeat CPU 0 instructions: 17000122 cycles: 18549005 heartbeat IPC: 1.02 cumulative IPC: 0.454 (Simulation time: 00 hr 01 min 24 sec)
Heartbeat CPU 0 instructions: 17500123 cycles: 19064873 heartbeat IPC: 0.9692 cumulative IPC: 0.4707 (Simulation time: 00 hr 01 min 26 sec)
Heartbeat CPU 0 instructions: 18000126 cycles: 19483843 heartbeat IPC: 1.193 cumulative IPC: 0.4892 (Simulation time: 00 hr 01 min 28 sec)
Heartbeat CPU 0 instructions: 18500132 cycles: 19920140 heartbeat IPC: 1.146 cumulative IPC: 0.5063 (Simulation time: 00 hr 01 min 30 sec)
Heartbeat CPU 0 instructions: 19000134 cycles: 20377269 heartbeat IPC: 1.094 cumulative IPC: 0.5218 (Simulation time: 00 hr 01 min 32 sec)
Heartbeat CPU 0 instructions: 19500134 cycles: 20860458 heartbeat IPC: 1.035 cumulative IPC: 0.5358 (Simulation time: 00 hr 01 min 34 sec)
Heartbeat CPU 0 instructions: 20000139 cycles: 21309401 heartbeat IPC: 1.114 cumulative IPC: 0.5501 (Simulation time: 00 hr 01 min 36 sec)
Heartbeat CPU 0 instructions: 20500139 cycles: 21825163 heartbeat IPC: 0.9694 cumulative IPC: 0.5617 (Simulation time: 00 hr 01 min 39 sec)
Heartbeat CPU 0 instructions: 21000139 cycles: 22258155 heartbeat IPC: 1.155 cumulative IPC: 0.5751 (Simulation time: 00 hr 01 min 41 sec)
Heartbeat CPU 0 instructions: 21500145 cycles: 22697980 heartbeat IPC: 1.137 cumulative IPC: 0.5877 (Simulation time: 00 hr 01 min 43 sec)
Heartbeat CPU 0 instructions: 22000149 cycles: 23182545 heartbeat IPC: 1.032 cumulative IPC: 0.5984 (Simulation time: 00 hr 01 min 45 sec)
Heartbeat CPU 0 instructions: 22500154 cycles: 23629171 heartbeat IPC: 1.12 cumulative IPC: 0.6098 (Simulation time: 00 hr 01 min 47 sec)
Heartbeat CPU 0 instructions: 23000156 cycles: 24090047 heartbeat IPC: 1.085 cumulative IPC: 0.6202 (Simulation time: 00 hr 01 min 49 sec)
Heartbeat CPU 0 instructions: 23500162 cycles: 24545267 heartbeat IPC: 1.098 cumulative IPC: 0.6304 (Simulation time: 00 hr 01 min 51 sec)
Heartbeat CPU 0 instructions: 24000165 cycles: 25062189 heartbeat IPC: 0.9673 cumulative IPC: 0.6383 (Simulation time: 00 hr 01 min 53 sec)
Heartbeat CPU 0 instructions: 24500165 cycles: 26502408 heartbeat IPC: 0.3472 cumulative IPC: 0.6204 (Simulation time: 00 hr 01 min 59 sec)
Heartbeat CPU 0 instructions: 25000165 cycles: 27108677 heartbeat IPC: 0.8247 cumulative IPC: 0.6256 (Simulation time: 00 hr 02 min 02 sec)
Heartbeat CPU 0 instructions: 25500165 cycles: 27728030 heartbeat IPC: 0.8073 cumulative IPC: 0.6301 (Simulation time: 00 hr 02 min 05 sec)
Heartbeat CPU 0 instructions: 26000165 cycles: 28362839 heartbeat IPC: 0.7876 cumulative IPC: 0.6341 (Simulation time: 00 hr 02 min 08 sec)
Heartbeat CPU 0 instructions: 26500165 cycles: 29574839 heartbeat IPC: 0.4125 cumulative IPC: 0.624 (Simulation time: 00 hr 02 min 13 sec)
Heartbeat CPU 0 instructions: 27000165 cycles: 30533143 heartbeat IPC: 0.5218 cumulative IPC: 0.6204 (Simulation time: 00 hr 02 min 17 sec)
Heartbeat CPU 0 instructions: 27500172 cycles: 31210326 heartbeat IPC: 0.7384 cumulative IPC: 0.6232 (Simulation time: 00 hr 02 min 20 sec)
Heartbeat CPU 0 instructions: 28000178 cycles: 32367497 heartbeat IPC: 0.4321 cumulative IPC: 0.6157 (Simulation time: 00 hr 02 min 24 sec)
Heartbeat CPU 0 instructions: 28500179 cycles: 33830358 heartbeat IPC: 0.3418 cumulative IPC: 0.6026 (Simulation time: 00 hr 02 min 29 sec)
Heartbeat CPU 0 instructions: 29000186 cycles: 34351683 heartbeat IPC: 0.9591 cumulative IPC: 0.6086 (Simulation time: 00 hr 02 min 31 sec)
Heartbeat CPU 0 instructions: 29500190 cycles: 34825761 heartbeat IPC: 1.055 cumulative IPC: 0.6152 (Simulation time: 00 hr 02 min 34 sec)
Heartbeat CPU 0 instructions: 30000193 cycles: 35406647 heartbeat IPC: 0.8608 cumulative IPC: 0.6197 (Simulation time: 00 hr 02 min 36 sec)
Heartbeat CPU 0 instructions: 30500193 cycles: 36572181 heartbeat IPC: 0.429 cumulative IPC: 0.613 (Simulation time: 00 hr 02 min 41 sec)
Heartbeat CPU 0 instructions: 31000195 cycles: 38105925 heartbeat IPC: 0.326 cumulative IPC: 0.6004 (Simulation time: 00 hr 02 min 46 sec)
Heartbeat CPU 0 instructions: 31500197 cycles: 39394845 heartbeat IPC: 0.3879 cumulative IPC: 0.5929 (Simulation time: 00 hr 02 min 51 sec)
Heartbeat CPU 0 instructions: 32000198 cycles: 40632409 heartbeat IPC: 0.404 cumulative IPC: 0.5866 (Simulation time: 00 hr 02 min 56 sec)
Heartbeat CPU 0 instructions: 32500204 cycles: 40858994 heartbeat IPC: 2.207 cumulative IPC: 0.5964 (Simulation time: 00 hr 02 min 58 sec)
Heartbeat CPU 0 instructions: 33000207 cycles: 41101367 heartbeat IPC: 2.063 cumulative IPC: 0.6057 (Simulation time: 00 hr 03 min 00 sec)
Heartbeat CPU 0 instructions: 33500213 cycles: 41492965 heartbeat IPC: 1.277 cumulative IPC: 0.6126 (Simulation time: 00 hr 03 min 02 sec)
Heartbeat CPU 0 instructions: 34000216 cycles: 42934558 heartbeat IPC: 0.3468 cumulative IPC: 0.603 (Simulation time: 00 hr 03 min 07 sec)
Heartbeat CPU 0 instructions: 34500217 cycles: 44467317 heartbeat IPC: 0.3262 cumulative IPC: 0.5927 (Simulation time: 00 hr 03 min 12 sec)
Heartbeat CPU 0 instructions: 35000217 cycles: 46776619 heartbeat IPC: 0.2165 cumulative IPC: 0.5728 (Simulation time: 00 hr 03 min 20 sec)
Heartbeat CPU 0 instructions: 35500223 cycles: 48566867 heartbeat IPC: 0.2793 cumulative IPC: 0.5612 (Simulation time: 00 hr 03 min 26 sec)
Heartbeat CPU 0 instructions: 36000224 cycles: 49837605 heartbeat IPC: 0.3935 cumulative IPC: 0.5567 (Simulation time: 00 hr 03 min 30 sec)
Heartbeat CPU 0 instructions: 36500229 cycles: 51269582 heartbeat IPC: 0.3492 cumulative IPC: 0.5505 (Simulation time: 00 hr 03 min 35 sec)
Heartbeat CPU 0 instructions: 37000231 cycles: 51843357 heartbeat IPC: 0.8714 cumulative IPC: 0.5543 (Simulation time: 00 hr 03 min 38 sec)
Heartbeat CPU 0 instructions: 37500232 cycles: 52332501 heartbeat IPC: 1.022 cumulative IPC: 0.5589 (Simulation time: 00 hr 03 min 40 sec)
Heartbeat CPU 0 instructions: 38000234 cycles: 52794608 heartbeat IPC: 1.082 cumulative IPC: 0.5638 (Simulation time: 00 hr 03 min 42 sec)
Heartbeat CPU 0 instructions: 38500237 cycles: 53220576 heartbeat IPC: 1.174 cumulative IPC: 0.569 (Simulation time: 00 hr 03 min 44 sec)
Heartbeat CPU 0 instructions: 39000237 cycles: 53699486 heartbeat IPC: 1.044 cumulative IPC: 0.5735 (Simulation time: 00 hr 03 min 46 sec)
Heartbeat CPU 0 instructions: 39500239 cycles: 54156437 heartbeat IPC: 1.094 cumulative IPC: 0.5781 (Simulation time: 00 hr 03 min 48 sec)
Heartbeat CPU 0 instructions: 40000245 cycles: 54621830 heartbeat IPC: 1.074 cumulative IPC: 0.5826 (Simulation time: 00 hr 03 min 50 sec)
Heartbeat CPU 0 instructions: 40500249 cycles: 55121040 heartbeat IPC: 1.002 cumulative IPC: 0.5866 (Simulation time: 00 hr 03 min 52 sec)
Heartbeat CPU 0 instructions: 41000251 cycles: 55524904 heartbeat IPC: 1.238 cumulative IPC: 0.5917 (Simulation time: 00 hr 03 min 54 sec)
Heartbeat CPU 0 instructions: 41500253 cycles: 56353000 heartbeat IPC: 0.6038 cumulative IPC: 0.5919 (Simulation time: 00 hr 03 min 57 sec)
Heartbeat CPU 0 instructions: 42000255 cycles: 56972721 heartbeat IPC: 0.8068 cumulative IPC: 0.5943 (Simulation time: 00 hr 04 min 01 sec)
Heartbeat CPU 0 instructions: 42500260 cycles: 57548771 heartbeat IPC: 0.868 cumulative IPC: 0.5972 (Simulation time: 00 hr 04 min 03 sec)
Heartbeat CPU 0 instructions: 43000263 cycles: 58150163 heartbeat IPC: 0.8314 cumulative IPC: 0.5998 (Simulation time: 00 hr 04 min 06 sec)
Heartbeat CPU 0 instructions: 43500263 cycles: 58721549 heartbeat IPC: 0.8751 cumulative IPC: 0.6026 (Simulation time: 00 hr 04 min 09 sec)
Heartbeat CPU 0 instructions: 44000264 cycles: 59337922 heartbeat IPC: 0.8112 cumulative IPC: 0.6049 (Simulation time: 00 hr 04 min 13 sec)
Heartbeat CPU 0 instructions: 44500265 cycles: 59898934 heartbeat IPC: 0.8912 cumulative IPC: 0.6077 (Simulation time: 00 hr 04 min 15 sec)
Heartbeat CPU 0 instructions: 45000265 cycles: 60488110 heartbeat IPC: 0.8486 cumulative IPC: 0.6102 (Simulation time: 00 hr 04 min 18 sec)
Heartbeat CPU 0 instructions: 45500268 cycles: 61095424 heartbeat IPC: 0.8233 cumulative IPC: 0.6124 (Simulation time: 00 hr 04 min 22 sec)
Heartbeat CPU 0 instructions: 46000269 cycles: 61652067 heartbeat IPC: 0.8982 cumulative IPC: 0.6152 (Simulation time: 00 hr 04 min 24 sec)
Heartbeat CPU 0 instructions: 46500272 cycles: 62251057 heartbeat IPC: 0.8347 cumulative IPC: 0.6174 (Simulation time: 00 hr 04 min 27 sec)
Heartbeat CPU 0 instructions: 47000273 cycles: 62859485 heartbeat IPC: 0.8218 cumulative IPC: 0.6195 (Simulation time: 00 hr 04 min 31 sec)
Heartbeat CPU 0 instructions: 47500280 cycles: 63446269 heartbeat IPC: 0.8521 cumulative IPC: 0.6217 (Simulation time: 00 hr 04 min 34 sec)
Heartbeat CPU 0 instructions: 48000282 cycles: 65382700 heartbeat IPC: 0.2582 cumulative IPC: 0.6104 (Simulation time: 00 hr 04 min 41 sec)
Heartbeat CPU 0 instructions: 48500282 cycles: 67026432 heartbeat IPC: 0.3042 cumulative IPC: 0.6025 (Simulation time: 00 hr 04 min 48 sec)
Heartbeat CPU 0 instructions: 49000282 cycles: 69187492 heartbeat IPC: 0.2314 cumulative IPC: 0.5904 (Simulation time: 00 hr 04 min 55 sec)
Heartbeat CPU 0 instructions: 49500282 cycles: 70047842 heartbeat IPC: 0.5812 cumulative IPC: 0.5903 (Simulation time: 00 hr 04 min 59 sec)
Heartbeat CPU 0 instructions: 50000289 cycles: 70533432 heartbeat IPC: 1.03 cumulative IPC: 0.5934 (Simulation time: 00 hr 05 min 01 sec)
Heartbeat CPU 0 instructions: 50500292 cycles: 70975115 heartbeat IPC: 1.132 cumulative IPC: 0.597 (Simulation time: 00 hr 05 min 04 sec)
Heartbeat CPU 0 instructions: 51000297 cycles: 71536163 heartbeat IPC: 0.8912 cumulative IPC: 0.5994 (Simulation time: 00 hr 05 min 06 sec)
Heartbeat CPU 0 instructions: 51500297 cycles: 71886017 heartbeat IPC: 1.429 cumulative IPC: 0.6036 (Simulation time: 00 hr 05 min 08 sec)
Heartbeat CPU 0 instructions: 52000300 cycles: 72213442 heartbeat IPC: 1.527 cumulative IPC: 0.608 (Simulation time: 00 hr 05 min 10 sec)
Heartbeat CPU 0 instructions: 52500301 cycles: 72530362 heartbeat IPC: 1.578 cumulative IPC: 0.6124 (Simulation time: 00 hr 05 min 11 sec)
Heartbeat CPU 0 instructions: 53000303 cycles: 72934512 heartbeat IPC: 1.237 cumulative IPC: 0.616 (Simulation time: 00 hr 05 min 13 sec)
Heartbeat CPU 0 instructions: 53500303 cycles: 73308609 heartbeat IPC: 1.337 cumulative IPC: 0.6199 (Simulation time: 00 hr 05 min 15 sec)
Heartbeat CPU 0 instructions: 54000303 cycles: 74828702 heartbeat IPC: 0.3289 cumulative IPC: 0.6137 (Simulation time: 00 hr 05 min 21 sec)
Heartbeat CPU 0 instructions: 54500310 cycles: 76494943 heartbeat IPC: 0.3001 cumulative IPC: 0.6066 (Simulation time: 00 hr 05 min 27 sec)
Heartbeat CPU 0 instructions: 55000311 cycles: 77415284 heartbeat IPC: 0.5433 cumulative IPC: 0.6058 (Simulation time: 00 hr 05 min 31 sec)
Heartbeat CPU 0 instructions: 55500311 cycles: 79175100 heartbeat IPC: 0.2841 cumulative IPC: 0.5983 (Simulation time: 00 hr 05 min 38 sec)
Heartbeat CPU 0 instructions: 56000318 cycles: 80050940 heartbeat IPC: 0.5709 cumulative IPC: 0.598 (Simulation time: 00 hr 05 min 41 sec)
Heartbeat CPU 0 instructions: 56500318 cycles: 81722487 heartbeat IPC: 0.2991 cumulative IPC: 0.5917 (Simulation time: 00 hr 05 min 47 sec)
Heartbeat CPU 0 instructions: 57000320 cycles: 83520126 heartbeat IPC: 0.2781 cumulative IPC: 0.5847 (Simulation time: 00 hr 05 min 54 sec)
Heartbeat CPU 0 instructions: 57500321 cycles: 84502889 heartbeat IPC: 0.5088 cumulative IPC: 0.5837 (Simulation time: 00 hr 05 min 58 sec)
Heartbeat CPU 0 instructions: 58000321 cycles: 85795114 heartbeat IPC: 0.3869 cumulative IPC: 0.5807 (Simulation time: 00 hr 06 min 02 sec)
Heartbeat CPU 0 instructions: 58500322 cycles: 86597641 heartbeat IPC: 0.623 cumulative IPC: 0.5811 (Simulation time: 00 hr 06 min 06 sec)
Heartbeat CPU 0 instructions: 59000325 cycles: 87060783 heartbeat IPC: 1.08 cumulative IPC: 0.5838 (Simulation time: 00 hr 06 min 08 sec)
Heartbeat CPU 0 instructions: 59500325 cycles: 87518808 heartbeat IPC: 1.092 cumulative IPC: 0.5866 (Simulation time: 00 hr 06 min 10 sec)
Simulation finished CPU 0 instructions: 50000005 cycles: 85738420 cumulative IPC: 0.5832 (Simulation time: 00 hr 06 min 14 sec)
Simulation complete CPU 0 instructions: 50000005 cycles: 85738420 cumulative IPC: 0.5832 (Simulation time: 00 hr 06 min 14 sec)

ChampSim completed all CPUs

=== Simulation ===
CPU 0 runs traces/charlie_0002.champsim.gz

Region of Interest Statistics

CPU 0 cumulative IPC: 0.5832 instructions: 50000005 cycles: 85738420
CPU 0 Branch Prediction Accuracy: 90.7% MPKI: 17.39 Average ROB Occupancy at Mispredict: 33.54
Branch type MPKI
BRANCH_DIRECT_JUMP: 0.5393
BRANCH_INDIRECT: 0.5511
BRANCH_CONDITIONAL: 14.67
BRANCH_DIRECT_CALL: 0.5491
BRANCH_INDIRECT_CALL: 0.6154
BRANCH_RETURN: 0.4658

cpu0->cpu0_STLB TOTAL        ACCESS:     239246 HIT:     175223 MISS:      64023 MSHR_MERGE:          0
cpu0->cpu0_STLB LOAD         ACCESS:     239246 HIT:     175223 MISS:      64023 MSHR_MERGE:          0
cpu0->cpu0_STLB RFO          ACCESS:          0 HIT:          0 MISS:          0 MSHR_MERGE:          0
cpu0->cpu0_STLB PREFETCH     ACCESS:          0 HIT:          0 MISS:          0 MSHR_MERGE:          0
cpu0->cpu0_STLB WRITE        ACCESS:          0 HIT:          0 MISS:          0 MSHR_MERGE:          0
cpu0->cpu0_STLB TRANSLATION  ACCESS:          0 HIT:          0 MISS:          0 MSHR_MERGE:          0
cpu0->cpu0_STLB PREFETCH REQUESTED:          0 ISSUED:          0 USEFUL:          0 USELESS:          0
cpu0->cpu0_STLB AVERAGE MISS LATENCY: 258.5 cycles
cpu0->cpu0_L2C TOTAL        ACCESS:    2415101 HIT:    1580522 MISS:     834579 MSHR_MERGE:     213925
cpu0->cpu0_L2C LOAD         ACCESS:     718404 HIT:     443313 MISS:     275091 MSHR_MERGE:      17514
cpu0->cpu0_L2C RFO          ACCESS:     230512 HIT:      20846 MISS:     209666 MSHR_MERGE:         14
cpu0->cpu0_L2C PREFETCH     ACCESS:    1108983 HIT:     793101 MISS:     315882 MSHR_MERGE:     196397
cpu0->cpu0_L2C WRITE        ACCESS:     285174 HIT:     285172 MISS:          2 MSHR_MERGE:          0
cpu0->cpu0_L2C TRANSLATION  ACCESS:      72028 HIT:      38090 MISS:      33938 MSHR_MERGE:          0
cpu0->cpu0_L2C PREFETCH REQUESTED:    1155688 ISSUED:    1108983 USEFUL:      36764 USELESS:      12982
cpu0->cpu0_L2C AVERAGE MISS LATENCY: 263.7 cycles
cpu0->cpu0_L1I TOTAL        ACCESS:    3080557 HIT:    2713520 MISS:     367037 MSHR_MERGE:      84644
cpu0->cpu0_L1I LOAD         ACCESS:    3080557 HIT:    2713520 MISS:     367037 MSHR_MERGE:      84644
cpu0->cpu0_L1I RFO          ACCESS:          0 HIT:          0 MISS:          0 MSHR_MERGE:          0
cpu0->cpu0_L1I PREFETCH     ACCESS:          0 HIT:          0 MISS:          0 MSHR_MERGE:          0
cpu0->cpu0_L1I WRITE        ACCESS:          0 HIT:          0 MISS:          0 MSHR_MERGE:          0
cpu0->cpu0_L1I TRANSLATION  ACCESS:          0 HIT:          0 MISS:          0 MSHR_MERGE:          0
cpu0->cpu0_L1I PREFETCH REQUESTED:          0 ISSUED:          0 USEFUL:          0 USELESS:          0
cpu0->cpu0_L1I AVERAGE MISS LATENCY: 97.84 cycles
cpu0->cpu0_L1D TOTAL        ACCESS:   14238621 HIT:   12674323 MISS:    1564298 MSHR_MERGE:     825739
cpu0->cpu0_L1D LOAD         ACCESS:    8619565 HIT:    7969053 MISS:     650512 MSHR_MERGE:     214500
cpu0->cpu0_L1D RFO          ACCESS:          0 HIT:          0 MISS:          0 MSHR_MERGE:          0
cpu0->cpu0_L1D PREFETCH     ACCESS:          0 HIT:          0 MISS:          0 MSHR_MERGE:          0
cpu0->cpu0_L1D WRITE        ACCESS:    5441193 HIT:    4600296 MISS:     840897 MSHR_MERGE:     610378
cpu0->cpu0_L1D TRANSLATION  ACCESS:     177863 HIT:     104974 MISS:      72889 MSHR_MERGE:        861
cpu0->cpu0_L1D PREFETCH REQUESTED:          0 ISSUED:          0 USEFUL:          0 USELESS:          0
cpu0->cpu0_L1D AVERAGE MISS LATENCY: 159.3 cycles
cpu0->cpu0_ITLB TOTAL        ACCESS:    2550499 HIT:    2516175 MISS:      34324 MSHR_MERGE:      14002
cpu0->cpu0_ITLB LOAD         ACCESS:    2550499 HIT:    2516175 MISS:      34324 MSHR_MERGE:      14002
cpu0->cpu0_ITLB RFO          ACCESS:          0 HIT:          0 MISS:          0 MSHR_MERGE:          0
cpu0->cpu0_ITLB PREFETCH     ACCESS:          0 HIT:          0 MISS:          0 MSHR_MERGE:          0
cpu0->cpu0_ITLB WRITE        ACCESS:          0 HIT:          0 MISS:          0 MSHR_MERGE:          0
cpu0->cpu0_ITLB TRANSLATION  ACCESS:          0 HIT:          0 MISS:          0 MSHR_MERGE:          0
cpu0->cpu0_ITLB PREFETCH REQUESTED:          0 ISSUED:          0 USEFUL:          0 USELESS:          0
cpu0->cpu0_ITLB AVERAGE MISS LATENCY: 70.57 cycles
cpu0->cpu0_DTLB TOTAL        ACCESS:   13448248 HIT:   13065324 MISS:     382924 MSHR_MERGE:     164000
cpu0->cpu0_DTLB LOAD         ACCESS:   13448248 HIT:   13065324 MISS:     382924 MSHR_MERGE:     164000
cpu0->cpu0_DTLB RFO          ACCESS:          0 HIT:          0 MISS:          0 MSHR_MERGE:          0
cpu0->cpu0_DTLB PREFETCH     ACCESS:          0 HIT:          0 MISS:          0 MSHR_MERGE:          0
cpu0->cpu0_DTLB WRITE        ACCESS:          0 HIT:          0 MISS:          0 MSHR_MERGE:          0
cpu0->cpu0_DTLB TRANSLATION  ACCESS:          0 HIT:          0 MISS:          0 MSHR_MERGE:          0
cpu0->cpu0_DTLB PREFETCH REQUESTED:          0 ISSUED:          0 USEFUL:          0 USELESS:          0
cpu0->cpu0_DTLB AVERAGE MISS LATENCY: 74.81 cycles
cpu0->LLC TOTAL        ACCESS:     855233 HIT:      58294 MISS:     796939 MSHR_MERGE:      48217
cpu0->LLC LOAD         ACCESS:     257577 HIT:      11565 MISS:     246012 MSHR_MERGE:       5661
cpu0->LLC RFO          ACCESS:     209652 HIT:       1034 MISS:     208618 MSHR_MERGE:          0
cpu0->LLC PREFETCH     ACCESS:     119485 HIT:      10790 MISS:     108695 MSHR_MERGE:      42556
cpu0->LLC WRITE        ACCESS:     234581 HIT:      33470 MISS:     201111 MSHR_MERGE:          0
cpu0->LLC TRANSLATION  ACCESS:      33938 HIT:       1435 MISS:      32503 MSHR_MERGE:          0
cpu0->LLC PREFETCH REQUESTED:          0 ISSUED:          0 USEFUL:          0 USELESS:          0
cpu0->LLC AVERAGE MISS LATENCY: 179.8 cycles

DRAM Statistics

Channel 0 RQ ROW_BUFFER_HIT:      23564
  ROW_BUFFER_MISS:     524043
  AVG DBUS CONGESTED CYCLE: 25.48
Channel 0 WQ ROW_BUFFER_HIT:      53224
  ROW_BUFFER_MISS:     199706
  FULL:       2788
Channel 0 REFRESHES ISSUED:       7145
