[VMEM] WARNING: physical memory size is smaller than virtual memory size.

*** ChampSim Multicore Out-of-Order Simulator ***
Warmup Instructions: 10000000
Simulation Instructions: 50000000
Number of CPUs: 1
Page size: 4096
Core 0: traces/bc-0.trace.gz
Off-chip DRAM Size: 64 GiB Channels: 1 Width: 64-bit Data Rate: 800 MT/s
Heartbeat CPU 0 instructions: 500003 cycles: 508752 heartbeat IPC: 0.9828 cumulative IPC: 0.9828 (Simulation time: 00 hr 00 min 02 sec)
Heartbeat CPU 0 instructions: 1000003 cycles: 1015389 heartbeat IPC: 0.9869 cumulative IPC: 0.9848 (Simulation time: 00 hr 00 min 04 sec)
Heartbeat CPU 0 instructions: 1500003 cycles: 1521529 heartbeat IPC: 0.9879 cumulative IPC: 0.9859 (Simulation time: 00 hr 00 min 06 sec)
Heartbeat CPU 0 instructions: 2000003 cycles: 1877013 heartbeat IPC: 1.407 cumulative IPC: 1.066 (Simulation time: 00 hr 00 min 08 sec)
Heartbeat CPU 0 instructions: 2500007 cycles: 1985838 heartbeat IPC: 4.595 cumulative IPC: 1.259 (Simulation time: 00 hr 00 min 09 sec)
Heartbeat CPU 0 instructions: 3000011 cycles: 2090830 heartbeat IPC: 4.762 cumulative IPC: 1.435 (Simulation time: 00 hr 00 min 11 sec)
Heartbeat CPU 0 instructions: 3500014 cycles: 2198631 heartbeat IPC: 4.638 cumulative IPC: 1.592 (Simulation time: 00 hr 00 min 12 sec)
Heartbeat CPU 0 instructions: 4000018 cycles: 2301177 heartbeat IPC: 4.876 cumulative IPC: 1.738 (Simulation time: 00 hr 00 min 13 sec)
Heartbeat CPU 0 instructions: 4500018 cycles: 2413165 heartbeat IPC: 4.465 cumulative IPC: 1.865 (Simulation time: 00 hr 00 min 14 sec)
Heartbeat CPU 0 instructions: 5000019 cycles: 2524598 heartbeat IPC: 4.487 cumulative IPC: 1.981 (Simulation time: 00 hr 00 min 15 sec)
Heartbeat CPU 0 instructions: 5500021 cycles: 2630406 heartbeat IPC: 4.726 cumulative IPC: 2.091 (Simulation time: 00 hr 00 min 16 sec)
Heartbeat CPU 0 instructions: 6000028 cycles: 2741727 heartbeat IPC: 4.492 cumulative IPC: 2.188 (Simulation time: 00 hr 00 min 17 sec)
Heartbeat CPU 0 instructions: 6500031 cycles: 2848224 heartbeat IPC: 4.695 cumulative IPC: 2.282 (Simulation time: 00 hr 00 min 18 sec)
Heartbeat CPU 0 instructions: 7000037 cycles: 2956580 heartbeat IPC: 4.614 cumulative IPC: 2.368 (Simulation time: 00 hr 00 min 19 sec)
Heartbeat CPU 0 instructions: 7500040 cycles: 3058898 heartbeat IPC: 4.887 cumulative IPC: 2.452 (Simulation time: 00 hr 00 min 20 sec)
Heartbeat CPU 0 instructions: 8000043 cycles: 3166616 heartbeat IPC: 4.642 cumulative IPC: 2.526 (Simulation time: 00 hr 00 min 21 sec)
Heartbeat CPU 0 instructions: 8500044 cycles: 3271818 heartbeat IPC: 4.753 cumulative IPC: 2.598 (Simulation time: 00 hr 00 min 23 sec)
Heartbeat CPU 0 instructions: 9000049 cycles: 3383033 heartbeat IPC: 4.496 cumulative IPC: 2.66 (Simulation time: 00 hr 00 min 24 sec)
Heartbeat CPU 0 instructions: 9500052 cycles: 3489006 heartbeat IPC: 4.718 cumulative IPC: 2.723 (Simulation time: 00 hr 00 min 25 sec)
Warmup finished CPU 0 instructions: 10000001 cycles: 3593838 cumulative IPC: 2.783 (Simulation time: 00 hr 00 min 26 sec)
Warmup complete CPU 0 instructions: 10000001 cycles: 3593838 cumulative IPC: 2.783 (Simulation time: 00 hr 00 min 26 sec)
Heartbeat CPU 0 instructions: 10000053 cycles: 3594122 heartbeat IPC: 4.757 cumulative IPC: 0.1831 (Simulation time: 00 hr 00 min 26 sec)
Heartbeat CPU 0 instructions: 10500060 cycles: 6224908 heartbeat IPC: 0.1901 cumulative IPC: 0.1901 (Simulation time: 00 hr 00 min 34 sec)
Heartbeat CPU 0 instructions: 11000060 cycles: 8888456 heartbeat IPC: 0.1877 cumulative IPC: 0.1889 (Simulation time: 00 hr 00 min 43 sec)
Heartbeat CPU 0 instructions: 11500060 cycles: 11418173 heartbeat IPC: 0.1977 cumulative IPC: 0.1917 (Simulation time: 00 hr 00 min 52 sec)
Heartbeat CPU 0 instructions: 12000060 cycles: 14451654 heartbeat IPC: 0.1648 cumulative IPC: 0.1842 (Simulation time: 00 hr 01 min 02 sec)
Heartbeat CPU 0 instructions: 12500061 cycles: 17315236 heartbeat IPC: 0.1746 cumulative IPC: 0.1822 (Simulation time: 00 hr 01 min 11 sec)
Heartbeat CPU 0 instructions: 13000065 cycles: 20024580 heartbeat IPC: 0.1845 cumulative IPC: 0.1826 (Simulation time: 00 hr 01 min 20 sec)
Heartbeat CPU 0 instructions: 13500069 cycles: 22750052 heartbeat IPC: 0.1835 cumulative IPC: 0.1827 (Simulation time: 00 hr 01 min 29 sec)
Heartbeat CPU 0 instructions: 14000075 cycles: 25439559 heartbeat IPC: 0.1859 cumulative IPC: 0.1831 (Simulation time: 00 hr 01 min 38 sec)
Heartbeat CPU 0 instructions: 14500077 cycles: 28116206 heartbeat IPC: 0.1868 cumulative IPC: 0.1835 (Simulation time: 00 hr 01 min 47 sec)
Heartbeat CPU 0 instructions: 15000081 cycles: 30749787 heartbeat IPC: 0.1899 cumulative IPC: 0.1841 (Simulation time: 00 hr 01 min 55 sec)
Heartbeat CPU 0 instructions: 15500083 cycles: 33413103 heartbeat IPC: 0.1877 cumulative IPC: 0.1844 (Simulation time: 00 hr 02 min 04 sec)
Heartbeat CPU 0 instructions: 16000087 cycles: 36075539 heartbeat IPC: 0.1878 cumulative IPC: 0.1847 (Simulation time: 00 hr 02 min 13 sec)
Heartbeat CPU 0 instructions: 16500088 cycles: 38681513 heartbeat IPC: 0.1919 cumulative IPC: 0.1853 (Simulation time: 00 hr 02 min 21 sec)
Heartbeat CPU 0 instructions: 17000095 cycles: 41440929 heartbeat IPC: 0.1812 cumulative IPC: 0.185 (Simulation time: 00 hr 02 min 31 sec)
Heartbeat CPU 0 instructions: 17500100 cycles: 44155378 heartbeat IPC: 0.1842 cumulative IPC: 0.1849 (Simulation time: 00 hr 02 min 39 sec)
Heartbeat CPU 0 instructions: 18000101 cycles: 47400018 heartbeat IPC: 0.1541 cumulative IPC: 0.1826 (Simulation time: 00 hr 02 min 50 sec)
Heartbeat CPU 0 instructions: 18500104 cycles: 50133753 heartbeat IPC: 0.1829 cumulative IPC: 0.1826 (Simulation time: 00 hr 02 min 58 sec)
Heartbeat CPU 0 instructions: 19000110 cycles: 52782627 heartbeat IPC: 0.1888 cumulative IPC: 0.183 (Simulation time: 00 hr 03 min 08 sec)
Heartbeat CPU 0 instructions: 19500115 cycles: 55451635 heartbeat IPC: 0.1873 cumulative IPC: 0.1832 (Simulation time: 00 hr 03 min 16 sec)
Heartbeat CPU 0 instructions: 20000120 cycles: 58185262 heartbeat IPC: 0.1829 cumulative IPC: 0.1832 (Simulation time: 00 hr 03 min 25 sec)
Heartbeat CPU 0 instructions: 20500123 cycles: 60844145 heartbeat IPC: 0.1881 cumulative IPC: 0.1834 (Simulation time: 00 hr 03 min 34 sec)
Heartbeat CPU 0 instructions: 21000126 cycles: 63583535 heartbeat IPC: 0.1825 cumulative IPC: 0.1834 (Simulation time: 00 hr 03 min 43 sec)
Heartbeat CPU 0 instructions: 21500131 cycles: 66165769 heartbeat IPC: 0.1936 cumulative IPC: 0.1838 (Simulation time: 00 hr 03 min 51 sec)
Heartbeat CPU 0 instructions: 22000134 cycles: 68924046 heartbeat IPC: 0.1813 cumulative IPC: 0.1837 (Simulation time: 00 hr 04 min 01 sec)
Heartbeat CPU 0 instructions: 22500138 cycles: 71715966 heartbeat IPC: 0.1791 cumulative IPC: 0.1835 (Simulation time: 00 hr 04 min 10 sec)
Heartbeat CPU 0 instructions: 23000140 cycles: 74459316 heartbeat IPC: 0.1823 cumulative IPC: 0.1834 (Simulation time: 00 hr 04 min 19 sec)
Heartbeat CPU 0 instructions: 23500145 cycles: 77203532 heartbeat IPC: 0.1822 cumulative IPC: 0.1834 (Simulation time: 00 hr 04 min 28 sec)
Heartbeat CPU 0 instructions: 24000145 cycles: 80026082 heartbeat IPC: 0.1771 cumulative IPC: 0.1832 (Simulation time: 00 hr 04 min 37 sec)
Heartbeat CPU 0 instructions: 24500145 cycles: 82717524 heartbeat IPC: 0.1858 cumulative IPC: 0.1833 (Simulation time: 00 hr 04 min 45 sec)
Heartbeat CPU 0 instructions: 25000151 cycles: 85529525 heartbeat IPC: 0.1778 cumulative IPC: 0.1831 (Simulation time: 00 hr 04 min 55 sec)
Heartbeat CPU 0 instructions: 25500152 cycles: 88316654 heartbeat IPC: 0.1794 cumulative IPC: 0.183 (Simulation time: 00 hr 05 min 04 sec)
Heartbeat CPU 0 instructions: 26000158 cycles: 91025337 heartbeat IPC: 0.1846 cumulative IPC: 0.183 (Simulation time: 00 hr 05 min 13 sec)
Heartbeat CPU 0 instructions: 26500158 cycles: 93784714 heartbeat IPC: 0.1812 cumulative IPC: 0.1829 (Simulation time: 00 hr 05 min 22 sec)
Heartbeat CPU 0 instructions: 27000160 cycles: 96489099 heartbeat IPC: 0.1849 cumulative IPC: 0.183 (Simulation time: 00 hr 05 min 30 sec)
Heartbeat CPU 0 instructions: 27500162 cycles: 99253340 heartbeat IPC: 0.1809 cumulative IPC: 0.1829 (Simulation time: 00 hr 05 min 39 sec)
Heartbeat CPU 0 instructions: 28000166 cycles: 101873513 heartbeat IPC: 0.1908 cumulative IPC: 0.1832 (Simulation time: 00 hr 05 min 48 sec)
Heartbeat CPU 0 instructions: 28500173 cycles: 104552329 heartbeat IPC: 0.1867 cumulative IPC: 0.1832 (Simulation time: 00 hr 05 min 57 sec)
Heartbeat CPU 0 instructions: 29000175 cycles: 107311452 heartbeat IPC: 0.1812 cumulative IPC: 0.1832 (Simulation time: 00 hr 06 min 06 sec)
Heartbeat CPU 0 instructions: 29500176 cycles: 110021693 heartbeat IPC: 0.1845 cumulative IPC: 0.1832 (Simulation time: 00 hr 06 min 15 sec)
Heartbeat CPU 0 instructions: 30000178 cycles: 112832262 heartbeat IPC: 0.1779 cumulative IPC: 0.1831 (Simulation time: 00 hr 06 min 24 sec)
Heartbeat CPU 0 instructions: 30500183 cycles: 115564870 heartbeat IPC: 0.183 cumulative IPC: 0.1831 (Simulation time: 00 hr 06 min 32 sec)
Heartbeat CPU 0 instructions: 31000190 cycles: 118216591 heartbeat IPC: 0.1886 cumulative IPC: 0.1832 (Simulation time: 00 hr 06 min 41 sec)
Heartbeat CPU 0 instructions: 31500194 cycles: 120965405 heartbeat IPC: 0.1819 cumulative IPC: 0.1832 (Simulation time: 00 hr 06 min 50 sec)
Heartbeat CPU 0 instructions: 32000198 cycles: 123779892 heartbeat IPC: 0.1777 cumulative IPC: 0.1831 (Simulation time: 00 hr 06 min 59 sec)
Heartbeat CPU 0 instructions: 32500200 cycles: 127129916 heartbeat IPC: 0.1493 cumulative IPC: 0.1821 (Simulation time: 00 hr 07 min 10 sec)
Heartbeat CPU 0 instructions: 33000204 cycles: 130066932 heartbeat IPC: 0.1702 cumulative IPC: 0.1819 (Simulation time: 00 hr 07 min 19 sec)
Heartbeat CPU 0 instructions: 33500210 cycles: 132762151 heartbeat IPC: 0.1855 cumulative IPC: 0.1819 (Simulation time: 00 hr 07 min 28 sec)
Heartbeat CPU 0 instructions: 34000214 cycles: 135437570 heartbeat IPC: 0.1869 cumulative IPC: 0.182 (Simulation time: 00 hr 07 min 37 sec)
Heartbeat CPU 0 instructions: 34500214 cycles: 138158591 heartbeat IPC: 0.1838 cumulative IPC: 0.1821 (Simulation time: 00 hr 07 min 45 sec)
Heartbeat CPU 0 instructions: 35000220 cycles: 140917663 heartbeat IPC: 0.1812 cumulative IPC: 0.1821 (Simulation time: 00 hr 07 min 54 sec)
Heartbeat CPU 0 instructions: 35500221 cycles: 143827122 heartbeat IPC: 0.1719 cumulative IPC: 0.1818 (Simulation time: 00 hr 08 min 04 sec)
Heartbeat CPU 0 instructions: 36000226 cycles: 147031761 heartbeat IPC: 0.156 cumulative IPC: 0.1813 (Simulation time: 00 hr 08 min 14 sec)
Heartbeat CPU 0 instructions: 36500230 cycles: 149887387 heartbeat IPC: 0.1751 cumulative IPC: 0.1811 (Simulation time: 00 hr 08 min 23 sec)
Heartbeat CPU 0 instructions: 37000230 cycles: 152634932 heartbeat IPC: 0.182 cumulative IPC: 0.1812 (Simulation time: 00 hr 08 min 32 sec)
Heartbeat CPU 0 instructions: 37500234 cycles: 155541752 heartbeat IPC: 0.172 cumulative IPC: 0.181 (Simulation time: 00 hr 08 min 41 sec)
Heartbeat CPU 0 instructions: 38000235 cycles: 158389277 heartbeat IPC: 0.1756 cumulative IPC: 0.1809 (Simulation time: 00 hr 08 min 50 sec)
Heartbeat CPU 0 instructions: 38500235 cycles: 161042793 heartbeat IPC: 0.1884 cumulative IPC: 0.181 (Simulation time: 00 hr 08 min 59 sec)
Heartbeat CPU 0 instructions: 39000239 cycles: 163825486 heartbeat IPC: 0.1797 cumulative IPC: 0.181 (Simulation time: 00 hr 09 min 08 sec)
Heartbeat CPU 0 instructions: 39500242 cycles: 167074194 heartbeat IPC: 0.1539 cumulative IPC: 0.1805 (Simulation time: 00 hr 09 min 18 sec)
Heartbeat CPU 0 instructions: 40000244 cycles: 169855293 heartbeat IPC: 0.1798 cumulative IPC: 0.1804 (Simulation time: 00 hr 09 min 27 sec)
Heartbeat CPU 0 instructions: 40500247 cycles: 172489613 heartbeat IPC: 0.1898 cumulative IPC: 0.1806 (Simulation time: 00 hr 09 min 36 sec)
Heartbeat CPU 0 instructions: 41000248 cycles: 175373722 heartbeat IPC: 0.1734 cumulative IPC: 0.1805 (Simulation time: 00 hr 09 min 45 sec)
Heartbeat CPU 0 instructions: 41500253 cycles: 178232924 heartbeat IPC: 0.1749 cumulative IPC: 0.1804 (Simulation time: 00 hr 09 min 54 sec)
Heartbeat CPU 0 instructions: 42000256 cycles: 181073963 heartbeat IPC: 0.176 cumulative IPC: 0.1803 (Simulation time: 00 hr 10 min 04 sec)
Heartbeat CPU 0 instructions: 42500261 cycles: 183953796 heartbeat IPC: 0.1736 cumulative IPC: 0.1802 (Simulation time: 00 hr 10 min 13 sec)
Heartbeat CPU 0 instructions: 43000262 cycles: 187005371 heartbeat IPC: 0.1639 cumulative IPC: 0.1799 (Simulation time: 00 hr 10 min 22 sec)
Heartbeat CPU 0 instructions: 43500268 cycles: 190005281 heartbeat IPC: 0.1667 cumulative IPC: 0.1797 (Simulation time: 00 hr 10 min 32 sec)
Heartbeat CPU 0 instructions: 44000273 cycles: 192761672 heartbeat IPC: 0.1814 cumulative IPC: 0.1797 (Simulation time: 00 hr 10 min 41 sec)
Heartbeat CPU 0 instructions: 44500275 cycles: 196024125 heartbeat IPC: 0.1533 cumulative IPC: 0.1793 (Simulation time: 00 hr 10 min 51 sec)
Heartbeat CPU 0 instructions: 45000275 cycles: 198848715 heartbeat IPC: 0.177 cumulative IPC: 0.1793 (Simulation time: 00 hr 11 min 00 sec)
Heartbeat CPU 0 instructions: 45500278 cycles: 202224140 heartbeat IPC: 0.1481 cumulative IPC: 0.1787 (Simulation time: 00 hr 11 min 11 sec)
Heartbeat CPU 0 instructions: 46000283 cycles: 205037368 heartbeat IPC: 0.1777 cumulative IPC: 0.1787 (Simulation time: 00 hr 11 min 20 sec)
Heartbeat CPU 0 instructions: 46500283 cycles: 207850602 heartbeat IPC: 0.1777 cumulative IPC: 0.1787 (Simulation time: 00 hr 11 min 29 sec)
Heartbeat CPU 0 instructions: 47000287 cycles: 210661232 heartbeat IPC: 0.1779 cumulative IPC: 0.1787 (Simulation time: 00 hr 11 min 38 sec)
Heartbeat CPU 0 instructions: 47500292 cycles: 213389262 heartbeat IPC: 0.1833 cumulative IPC: 0.1787 (Simulation time: 00 hr 11 min 47 sec)
Heartbeat CPU 0 instructions: 48000295 cycles: 216160502 heartbeat IPC: 0.1804 cumulative IPC: 0.1788 (Simulation time: 00 hr 11 min 56 sec)
Heartbeat CPU 0 instructions: 48500295 cycles: 218934848 heartbeat IPC: 0.1802 cumulative IPC: 0.1788 (Simulation time: 00 hr 12 min 04 sec)
Heartbeat CPU 0 instructions: 49000300 cycles: 221785408 heartbeat IPC: 0.1754 cumulative IPC: 0.1787 (Simulation time: 00 hr 12 min 14 sec)
Heartbeat CPU 0 instructions: 49500300 cycles: 224506452 heartbeat IPC: 0.1838 cumulative IPC: 0.1788 (Simulation time: 00 hr 12 min 22 sec)
Heartbeat CPU 0 instructions: 50000300 cycles: 227316175 heartbeat IPC: 0.178 cumulative IPC: 0.1788 (Simulation time: 00 hr 12 min 31 sec)
Heartbeat CPU 0 instructions: 50500301 cycles: 230103191 heartbeat IPC: 0.1794 cumulative IPC: 0.1788 (Simulation time: 00 hr 12 min 40 sec)
Heartbeat CPU 0 instructions: 51000301 cycles: 232891102 heartbeat IPC: 0.1793 cumulative IPC: 0.1788 (Simulation time: 00 hr 12 min 49 sec)
Heartbeat CPU 0 instructions: 51500301 cycles: 235761793 heartbeat IPC: 0.1742 cumulative IPC: 0.1788 (Simulation time: 00 hr 12 min 59 sec)
Heartbeat CPU 0 instructions: 52000303 cycles: 238557134 heartbeat IPC: 0.1789 cumulative IPC: 0.1788 (Simulation time: 00 hr 13 min 08 sec)
Heartbeat CPU 0 instructions: 52500307 cycles: 241417476 heartbeat IPC: 0.1748 cumulative IPC: 0.1787 (Simulation time: 00 hr 13 min 17 sec)
Heartbeat CPU 0 instructions: 53000308 cycles: 244692283 heartbeat IPC: 0.1527 cumulative IPC: 0.1784 (Simulation time: 00 hr 13 min 27 sec)
Heartbeat CPU 0 instructions: 53500309 cycles: 247539038 heartbeat IPC: 0.1756 cumulative IPC: 0.1783 (Simulation time: 00 hr 17 min 24 sec)
Heartbeat CPU 0 instructions: 54000309 cycles: 250235745 heartbeat IPC: 0.1854 cumulative IPC: 0.1784 (Simulation time: 00 hr 17 min 32 sec)
Heartbeat CPU 0 instructions: 54500312 cycles: 252919039 heartbeat IPC: 0.1863 cumulative IPC: 0.1785 (Simulation time: 00 hr 17 min 41 sec)
Heartbeat CPU 0 instructions: 55000314 cycles: 255596896 heartbeat IPC: 0.1867 cumulative IPC: 0.1786 (Simulation time: 00 hr 17 min 50 sec)
Heartbeat CPU 0 instructions: 55500317 cycles: 258345155 heartbeat IPC: 0.1819 cumulative IPC: 0.1786 (Simulation time: 00 hr 17 min 59 sec)
Heartbeat CPU 0 instructions: 56000320 cycles: 261101908 heartbeat IPC: 0.1814 cumulative IPC: 0.1786 (Simulation time: 00 hr 18 min 49 sec)
Heartbeat CPU 0 instructions: 56500322 cycles: 263953629 heartbeat IPC: 0.1753 cumulative IPC: 0.1786 (Simulation time: 00 hr 18 min 59 sec)
Heartbeat CPU 0 instructions: 57000329 cycles: 266687224 heartbeat IPC: 0.1829 cumulative IPC: 0.1786 (Simulation time: 00 hr 19 min 07 sec)
Heartbeat CPU 0 instructions: 57500334 cycles: 269543662 heartbeat IPC: 0.175 cumulative IPC: 0.1786 (Simulation time: 00 hr 19 min 17 sec)
Heartbeat CPU 0 instructions: 58000335 cycles: 272469962 heartbeat IPC: 0.1709 cumulative IPC: 0.1785 (Simulation time: 00 hr 19 min 26 sec)
Heartbeat CPU 0 instructions: 58500335 cycles: 275825303 heartbeat IPC: 0.149 cumulative IPC: 0.1782 (Simulation time: 00 hr 19 min 36 sec)
Heartbeat CPU 0 instructions: 59000342 cycles: 278685757 heartbeat IPC: 0.1748 cumulative IPC: 0.1781 (Simulation time: 00 hr 19 min 46 sec)
Heartbeat CPU 0 instructions: 59500342 cycles: 281666031 heartbeat IPC: 0.1678 cumulative IPC: 0.178 (Simulation time: 00 hr 19 min 55 sec)
Simulation finished CPU 0 instructions: 50000001 cycles: 281326068 cumulative IPC: 0.1777 (Simulation time: 00 hr 20 min 05 sec)
Simulation complete CPU 0 instructions: 50000001 cycles: 281326068 cumulative IPC: 0.1777 (Simulation time: 00 hr 20 min 05 sec)

ChampSim completed all CPUs

=== Simulation ===
CPU 0 runs traces/bc-0.trace.gz

Region of Interest Statistics

CPU 0 cumulative IPC: 0.1777 instructions: 50000001 cycles: 281326068
CPU 0 Branch Prediction Accuracy: 87.71% MPKI: 23.18 Average ROB Occupancy at Mispredict: 45.18
Branch type MPKI
BRANCH_DIRECT_JUMP: 0
BRANCH_INDIRECT: 0
BRANCH_CONDITIONAL: 23.18
BRANCH_DIRECT_CALL: 0
BRANCH_INDIRECT_CALL: 0
BRANCH_RETURN: 0

cpu0->cpu0_STLB TOTAL        ACCESS:    1444260 HIT:     770008 MISS:     674252 MSHR_MERGE:          0
cpu0->cpu0_STLB LOAD         ACCESS:    1444260 HIT:     770008 MISS:     674252 MSHR_MERGE:          0
cpu0->cpu0_STLB RFO          ACCESS:          0 HIT:          0 MISS:          0 MSHR_MERGE:          0
cpu0->cpu0_STLB PREFETCH     ACCESS:          0 HIT:          0 MISS:          0 MSHR_MERGE:          0
cpu0->cpu0_STLB WRITE        ACCESS:          0 HIT:          0 MISS:          0 MSHR_MERGE:          0
cpu0->cpu0_STLB TRANSLATION  ACCESS:          0 HIT:          0 MISS:          0 MSHR_MERGE:          0
cpu0->cpu0_STLB PREFETCH REQUESTED:          0 ISSUED:          0 USEFUL:          0 USELESS:          0
cpu0->cpu0_STLB AVERAGE MISS LATENCY: 17.04 cycles
cpu0->cpu0_L2C TOTAL        ACCESS:    6017876 HIT:    3508573 MISS:    2509303 MSHR_MERGE:       7607
cpu0->cpu0_L2C LOAD         ACCESS:    4115477 HIT:    1881876 MISS:    2233601 MSHR_MERGE:       4446
cpu0->cpu0_L2C RFO          ACCESS:      28944 HIT:       3107 MISS:      25837 MSHR_MERGE:          0
cpu0->cpu0_L2C PREFETCH     ACCESS:     327258 HIT:      80924 MISS:     246334 MSHR_MERGE:       3161
cpu0->cpu0_L2C WRITE        ACCESS:    1329545 HIT:    1329517 MISS:         28 MSHR_MERGE:          0
cpu0->cpu0_L2C TRANSLATION  ACCESS:     216652 HIT:     213149 MISS:       3503 MSHR_MERGE:          0
cpu0->cpu0_L2C PREFETCH REQUESTED:     327258 ISSUED:     327258 USEFUL:     184046 USELESS:      54509
cpu0->cpu0_L2C AVERAGE MISS LATENCY: 220.5 cycles
cpu0->cpu0_L1I TOTAL        ACCESS:      58024 HIT:      58024 MISS:          0 MSHR_MERGE:          0
cpu0->cpu0_L1I LOAD         ACCESS:      58024 HIT:      58024 MISS:          0 MSHR_MERGE:          0
cpu0->cpu0_L1I RFO          ACCESS:          0 HIT:          0 MISS:          0 MSHR_MERGE:          0
cpu0->cpu0_L1I PREFETCH     ACCESS:          0 HIT:          0 MISS:          0 MSHR_MERGE:          0
cpu0->cpu0_L1I WRITE        ACCESS:          0 HIT:          0 MISS:          0 MSHR_MERGE:          0
cpu0->cpu0_L1I TRANSLATION  ACCESS:          0 HIT:          0 MISS:          0 MSHR_MERGE:          0
cpu0->cpu0_L1I PREFETCH REQUESTED:          0 ISSUED:          0 USEFUL:          0 USELESS:          0
cpu0->cpu0_L1I AVERAGE MISS LATENCY: - cycles
cpu0->cpu0_L1D TOTAL        ACCESS:   16734278 HIT:   12022619 MISS:    4711659 MSHR_MERGE:     350586
cpu0->cpu0_L1D LOAD         ACCESS:   12707615 HIT:    8296992 MISS:    4410623 MSHR_MERGE:     295146
cpu0->cpu0_L1D RFO          ACCESS:          0 HIT:          0 MISS:          0 MSHR_MERGE:          0
cpu0->cpu0_L1D PREFETCH     ACCESS:          0 HIT:          0 MISS:          0 MSHR_MERGE:          0
cpu0->cpu0_L1D WRITE        ACCESS:    2701645 HIT:    2628309 MISS:      73336 MSHR_MERGE:      44392
cpu0->cpu0_L1D TRANSLATION  ACCESS:    1325018 HIT:    1097318 MISS:     227700 MSHR_MERGE:      11048
cpu0->cpu0_L1D PREFETCH REQUESTED:          0 ISSUED:          0 USEFUL:          0 USELESS:          0
cpu0->cpu0_L1D AVERAGE MISS LATENCY: 123.1 cycles
cpu0->cpu0_ITLB TOTAL        ACCESS:      43812 HIT:      43812 MISS:          0 MSHR_MERGE:          0
cpu0->cpu0_ITLB LOAD         ACCESS:      43812 HIT:      43812 MISS:          0 MSHR_MERGE:          0
cpu0->cpu0_ITLB RFO          ACCESS:          0 HIT:          0 MISS:          0 MSHR_MERGE:          0
cpu0->cpu0_ITLB PREFETCH     ACCESS:          0 HIT:          0 MISS:          0 MSHR_MERGE:          0
cpu0->cpu0_ITLB WRITE        ACCESS:          0 HIT:          0 MISS:          0 MSHR_MERGE:          0
cpu0->cpu0_ITLB TRANSLATION  ACCESS:          0 HIT:          0 MISS:          0 MSHR_MERGE:          0
cpu0->cpu0_ITLB PREFETCH REQUESTED:          0 ISSUED:          0 USEFUL:          0 USELESS:          0
cpu0->cpu0_ITLB AVERAGE MISS LATENCY: - cycles
cpu0->cpu0_DTLB TOTAL        ACCESS:   15238547 HIT:   13317671 MISS:    1920876 MSHR_MERGE:     476617
cpu0->cpu0_DTLB LOAD         ACCESS:   15238547 HIT:   13317671 MISS:    1920876 MSHR_MERGE:     476617
cpu0->cpu0_DTLB RFO          ACCESS:          0 HIT:          0 MISS:          0 MSHR_MERGE:          0
cpu0->cpu0_DTLB PREFETCH     ACCESS:          0 HIT:          0 MISS:          0 MSHR_MERGE:          0
cpu0->cpu0_DTLB WRITE        ACCESS:          0 HIT:          0 MISS:          0 MSHR_MERGE:          0
cpu0->cpu0_DTLB TRANSLATION  ACCESS:          0 HIT:          0 MISS:          0 MSHR_MERGE:          0
cpu0->cpu0_DTLB PREFETCH REQUESTED:          0 ISSUED:          0 USEFUL:          0 USELESS:          0
cpu0->cpu0_DTLB AVERAGE MISS LATENCY: 13.43 cycles
cpu0->LLC TOTAL        ACCESS:    3611489 HIT:    1485975 MISS:    2125514 MSHR_MERGE:       2991
cpu0->LLC LOAD         ACCESS:    2229155 HIT:     947417 MISS:    1281738 MSHR_MERGE:       2938
cpu0->LLC RFO          ACCESS:      25837 HIT:       5325 MISS:      20512 MSHR_MERGE:          0
cpu0->LLC PREFETCH     ACCESS:     243172 HIT:      25270 MISS:     217902 MSHR_MERGE:         53
cpu0->LLC WRITE        ACCESS:    1109822 HIT:     507956 MISS:     601866 MSHR_MERGE:          0
cpu0->LLC TRANSLATION  ACCESS:       3503 HIT:          7 MISS:       3496 MSHR_MERGE:          0
cpu0->LLC PREFETCH REQUESTED:          0 ISSUED:          0 USEFUL:          0 USELESS:          0
cpu0->LLC AVERAGE MISS LATENCY: 239.1 cycles

DRAM Statistics

Channel 0 RQ ROW_BUFFER_HIT:       7814
  ROW_BUFFER_MISS:    1511847
  AVG DBUS CONGESTED CYCLE: 3.902
Channel 0 WQ ROW_BUFFER_HIT:     113069
  ROW_BUFFER_MISS:     580182
  FULL:          0
Channel 0 REFRESHES ISSUED:      23444
