[VMEM] WARNING: physical memory size is smaller than virtual memory size.

*** ChampSim Multicore Out-of-Order Simulator ***
Warmup Instructions: 10000000
Simulation Instructions: 50000000
Number of CPUs: 1
Page size: 4096
Core 0: traces/charlie_0004.champsim.gz
Off-chip DRAM Size: 64 GiB Channels: 1 Width: 64-bit Data Rate: 800 MT/s
[BTB] WARNING: target of return is a lower address than the corresponding call. This is usually a problem with your trace.
[BTB] WARNING: target of return is a lower address than the corresponding call. This is usually a problem with your trace.
[BTB] WARNING: target of return is a lower address than the corresponding call. This is usually a problem with your trace.
[BTB] WARNING: target of return is a lower address than the corresponding call. This is usually a problem with your trace.
[BTB] WARNING: target of return is a lower address than the corresponding call. This is usually a problem with your trace.
[BTB] WARNING: target of return is a lower address than the corresponding call. This is usually a problem with your trace.
[BTB] WARNING: target of return is a lower address than the corresponding call. This is usually a problem with your trace.
[BTB] WARNING: target of return is a lower address than the corresponding call. This is usually a problem with your trace.
[BTB] WARNING: target of return is a lower address than the corresponding call. This is usually a problem with your trace.
[BTB] WARNING: target of return is a lower address than the corresponding call. This is usually a problem with your trace.
Heartbeat CPU 0 instructions: 500003 cycles: 220486 heartbeat IPC: 2.268 cumulative IPC: 2.268 (Simulation time: 00 hr 00 min 02 sec)
Heartbeat CPU 0 instructions: 1000003 cycles: 332333 heartbeat IPC: 4.47 cumulative IPC: 3.009 (Simulation time: 00 hr 00 min 03 sec)
Heartbeat CPU 0 instructions: 1500005 cycles: 506310 heartbeat IPC: 2.874 cumulative IPC: 2.963 (Simulation time: 00 hr 00 min 04 sec)
Heartbeat CPU 0 instructions: 2000005 cycles: 625814 heartbeat IPC: 4.184 cumulative IPC: 3.196 (Simulation time: 00 hr 00 min 05 sec)
Heartbeat CPU 0 instructions: 2500008 cycles: 732941 heartbeat IPC: 4.667 cumulative IPC: 3.411 (Simulation time: 00 hr 00 min 06 sec)
Heartbeat CPU 0 instructions: 3000014 cycles: 843486 heartbeat IPC: 4.523 cumulative IPC: 3.557 (Simulation time: 00 hr 00 min 07 sec)
Heartbeat CPU 0 instructions: 3500018 cycles: 950731 heartbeat IPC: 4.662 cumulative IPC: 3.681 (Simulation time: 00 hr 00 min 08 sec)
Heartbeat CPU 0 instructions: 4000019 cycles: 1060776 heartbeat IPC: 4.544 cumulative IPC: 3.771 (Simulation time: 00 hr 00 min 09 sec)
Heartbeat CPU 0 instructions: 4500020 cycles: 1165603 heartbeat IPC: 4.77 cumulative IPC: 3.861 (Simulation time: 00 hr 00 min 10 sec)
Heartbeat CPU 0 instructions: 5000026 cycles: 1270841 heartbeat IPC: 4.751 cumulative IPC: 3.934 (Simulation time: 00 hr 00 min 11 sec)
Heartbeat CPU 0 instructions: 5500033 cycles: 1377605 heartbeat IPC: 4.683 cumulative IPC: 3.992 (Simulation time: 00 hr 00 min 12 sec)
Heartbeat CPU 0 instructions: 6000034 cycles: 1483801 heartbeat IPC: 4.708 cumulative IPC: 4.044 (Simulation time: 00 hr 00 min 13 sec)
Heartbeat CPU 0 instructions: 6500035 cycles: 1587448 heartbeat IPC: 4.824 cumulative IPC: 4.095 (Simulation time: 00 hr 00 min 14 sec)
Heartbeat CPU 0 instructions: 7000035 cycles: 1693976 heartbeat IPC: 4.694 cumulative IPC: 4.132 (Simulation time: 00 hr 00 min 15 sec)
Heartbeat CPU 0 instructions: 7500038 cycles: 1848669 heartbeat IPC: 3.232 cumulative IPC: 4.057 (Simulation time: 00 hr 00 min 17 sec)
Heartbeat CPU 0 instructions: 8000040 cycles: 1967517 heartbeat IPC: 4.207 cumulative IPC: 4.066 (Simulation time: 00 hr 00 min 18 sec)
Heartbeat CPU 0 instructions: 8500045 cycles: 2078681 heartbeat IPC: 4.498 cumulative IPC: 4.089 (Simulation time: 00 hr 00 min 19 sec)
Heartbeat CPU 0 instructions: 9000050 cycles: 2193280 heartbeat IPC: 4.363 cumulative IPC: 4.103 (Simulation time: 00 hr 00 min 20 sec)
Heartbeat CPU 0 instructions: 9500051 cycles: 2387402 heartbeat IPC: 2.576 cumulative IPC: 3.979 (Simulation time: 00 hr 00 min 22 sec)
Warmup finished CPU 0 instructions: 10000005 cycles: 2502742 cumulative IPC: 3.996 (Simulation time: 00 hr 00 min 23 sec)
Warmup complete CPU 0 instructions: 10000005 cycles: 2502742 cumulative IPC: 3.996 (Simulation time: 00 hr 00 min 23 sec)
Heartbeat CPU 0 instructions: 10000053 cycles: 2502748 heartbeat IPC: 4.335 cumulative IPC: 8 (Simulation time: 00 hr 00 min 23 sec)
Heartbeat CPU 0 instructions: 10500056 cycles: 3266120 heartbeat IPC: 0.655 cumulative IPC: 0.6551 (Simulation time: 00 hr 00 min 26 sec)
Heartbeat CPU 0 instructions: 11000059 cycles: 4082386 heartbeat IPC: 0.6125 cumulative IPC: 0.6331 (Simulation time: 00 hr 00 min 30 sec)
Heartbeat CPU 0 instructions: 11500061 cycles: 4783056 heartbeat IPC: 0.7136 cumulative IPC: 0.6578 (Simulation time: 00 hr 00 min 34 sec)
Heartbeat CPU 0 instructions: 12000062 cycles: 5753094 heartbeat IPC: 0.5154 cumulative IPC: 0.6153 (Simulation time: 00 hr 00 min 39 sec)
Heartbeat CPU 0 instructions: 12500062 cycles: 6517863 heartbeat IPC: 0.6538 cumulative IPC: 0.6227 (Simulation time: 00 hr 00 min 43 sec)
Heartbeat CPU 0 instructions: 13000064 cycles: 7374369 heartbeat IPC: 0.5838 cumulative IPC: 0.6158 (Simulation time: 00 hr 00 min 47 sec)
Heartbeat CPU 0 instructions: 13500065 cycles: 8139742 heartbeat IPC: 0.6533 cumulative IPC: 0.6209 (Simulation time: 00 hr 00 min 51 sec)
Heartbeat CPU 0 instructions: 14000065 cycles: 8914841 heartbeat IPC: 0.6451 cumulative IPC: 0.6238 (Simulation time: 00 hr 00 min 55 sec)
Heartbeat CPU 0 instructions: 14500066 cycles: 9617497 heartbeat IPC: 0.7116 cumulative IPC: 0.6325 (Simulation time: 00 hr 00 min 59 sec)
Heartbeat CPU 0 instructions: 15000069 cycles: 10661896 heartbeat IPC: 0.4787 cumulative IPC: 0.6128 (Simulation time: 00 hr 01 min 05 sec)
Heartbeat CPU 0 instructions: 15500072 cycles: 11423786 heartbeat IPC: 0.6563 cumulative IPC: 0.6165 (Simulation time: 00 hr 01 min 09 sec)
Heartbeat CPU 0 instructions: 16000076 cycles: 12205249 heartbeat IPC: 0.6398 cumulative IPC: 0.6184 (Simulation time: 00 hr 01 min 13 sec)
Heartbeat CPU 0 instructions: 16500078 cycles: 13005028 heartbeat IPC: 0.6252 cumulative IPC: 0.6189 (Simulation time: 00 hr 01 min 17 sec)
Heartbeat CPU 0 instructions: 17000079 cycles: 14670829 heartbeat IPC: 0.3002 cumulative IPC: 0.5753 (Simulation time: 00 hr 01 min 23 sec)
Heartbeat CPU 0 instructions: 17500084 cycles: 16066079 heartbeat IPC: 0.3584 cumulative IPC: 0.553 (Simulation time: 00 hr 01 min 28 sec)
Heartbeat CPU 0 instructions: 18000084 cycles: 17878020 heartbeat IPC: 0.2759 cumulative IPC: 0.5203 (Simulation time: 00 hr 01 min 34 sec)
Heartbeat CPU 0 instructions: 18500090 cycles: 18963200 heartbeat IPC: 0.4608 cumulative IPC: 0.5164 (Simulation time: 00 hr 01 min 39 sec)
Heartbeat CPU 0 instructions: 19000092 cycles: 19840533 heartbeat IPC: 0.5699 cumulative IPC: 0.5191 (Simulation time: 00 hr 01 min 42 sec)
Heartbeat CPU 0 instructions: 19500096 cycles: 20300906 heartbeat IPC: 1.086 cumulative IPC: 0.5338 (Simulation time: 00 hr 01 min 44 sec)
Heartbeat CPU 0 instructions: 20000101 cycles: 20840531 heartbeat IPC: 0.9266 cumulative IPC: 0.5453 (Simulation time: 00 hr 01 min 47 sec)
Heartbeat CPU 0 instructions: 20500102 cycles: 21428699 heartbeat IPC: 0.8501 cumulative IPC: 0.5548 (Simulation time: 00 hr 01 min 49 sec)
Heartbeat CPU 0 instructions: 21000104 cycles: 21973339 heartbeat IPC: 0.918 cumulative IPC: 0.565 (Simulation time: 00 hr 01 min 52 sec)
Heartbeat CPU 0 instructions: 21500104 cycles: 22694647 heartbeat IPC: 0.6932 cumulative IPC: 0.5695 (Simulation time: 00 hr 01 min 55 sec)
Heartbeat CPU 0 instructions: 22000105 cycles: 23171426 heartbeat IPC: 1.049 cumulative IPC: 0.5806 (Simulation time: 00 hr 01 min 57 sec)
Heartbeat CPU 0 instructions: 22500105 cycles: 23653330 heartbeat IPC: 1.038 cumulative IPC: 0.591 (Simulation time: 00 hr 01 min 59 sec)
Heartbeat CPU 0 instructions: 23000105 cycles: 24133281 heartbeat IPC: 1.042 cumulative IPC: 0.601 (Simulation time: 00 hr 02 min 01 sec)
Heartbeat CPU 0 instructions: 23500106 cycles: 24562247 heartbeat IPC: 1.166 cumulative IPC: 0.612 (Simulation time: 00 hr 02 min 03 sec)
Heartbeat CPU 0 instructions: 24000110 cycles: 25079878 heartbeat IPC: 0.9659 cumulative IPC: 0.6201 (Simulation time: 00 hr 02 min 05 sec)
Heartbeat CPU 0 instructions: 24500116 cycles: 25564290 heartbeat IPC: 1.032 cumulative IPC: 0.6288 (Simulation time: 00 hr 02 min 08 sec)
Heartbeat CPU 0 instructions: 25000123 cycles: 26051528 heartbeat IPC: 1.026 cumulative IPC: 0.637 (Simulation time: 00 hr 02 min 10 sec)
Heartbeat CPU 0 instructions: 25500123 cycles: 26537401 heartbeat IPC: 1.029 cumulative IPC: 0.6449 (Simulation time: 00 hr 02 min 12 sec)
Heartbeat CPU 0 instructions: 26000126 cycles: 27110789 heartbeat IPC: 0.872 cumulative IPC: 0.6502 (Simulation time: 00 hr 02 min 15 sec)
Heartbeat CPU 0 instructions: 26500126 cycles: 27622588 heartbeat IPC: 0.9769 cumulative IPC: 0.6569 (Simulation time: 00 hr 02 min 17 sec)
Heartbeat CPU 0 instructions: 27000133 cycles: 28163495 heartbeat IPC: 0.9244 cumulative IPC: 0.6625 (Simulation time: 00 hr 02 min 19 sec)
Heartbeat CPU 0 instructions: 27500136 cycles: 28598860 heartbeat IPC: 1.148 cumulative IPC: 0.6706 (Simulation time: 00 hr 02 min 21 sec)
Heartbeat CPU 0 instructions: 28000136 cycles: 29063866 heartbeat IPC: 1.075 cumulative IPC: 0.6777 (Simulation time: 00 hr 02 min 24 sec)
Heartbeat CPU 0 instructions: 28500136 cycles: 29589467 heartbeat IPC: 0.9513 cumulative IPC: 0.683 (Simulation time: 00 hr 02 min 26 sec)
Heartbeat CPU 0 instructions: 29000138 cycles: 30051288 heartbeat IPC: 1.083 cumulative IPC: 0.6897 (Simulation time: 00 hr 02 min 28 sec)
Heartbeat CPU 0 instructions: 29500138 cycles: 30552903 heartbeat IPC: 0.9968 cumulative IPC: 0.6952 (Simulation time: 00 hr 02 min 31 sec)
Heartbeat CPU 0 instructions: 30000139 cycles: 31030939 heartbeat IPC: 1.046 cumulative IPC: 0.7011 (Simulation time: 00 hr 02 min 33 sec)
Heartbeat CPU 0 instructions: 30500139 cycles: 31506179 heartbeat IPC: 1.052 cumulative IPC: 0.7068 (Simulation time: 00 hr 02 min 35 sec)
Heartbeat CPU 0 instructions: 31000139 cycles: 31982569 heartbeat IPC: 1.05 cumulative IPC: 0.7124 (Simulation time: 00 hr 02 min 37 sec)
Heartbeat CPU 0 instructions: 31500140 cycles: 32927516 heartbeat IPC: 0.5291 cumulative IPC: 0.7067 (Simulation time: 00 hr 02 min 41 sec)
Heartbeat CPU 0 instructions: 32000144 cycles: 33457929 heartbeat IPC: 0.9427 cumulative IPC: 0.7107 (Simulation time: 00 hr 02 min 43 sec)
Heartbeat CPU 0 instructions: 32500147 cycles: 33934738 heartbeat IPC: 1.049 cumulative IPC: 0.7158 (Simulation time: 00 hr 02 min 45 sec)
Heartbeat CPU 0 instructions: 33000147 cycles: 34370492 heartbeat IPC: 1.147 cumulative IPC: 0.7217 (Simulation time: 00 hr 02 min 47 sec)
Heartbeat CPU 0 instructions: 33500149 cycles: 34855739 heartbeat IPC: 1.03 cumulative IPC: 0.7264 (Simulation time: 00 hr 02 min 49 sec)
Heartbeat CPU 0 instructions: 34000153 cycles: 35314157 heartbeat IPC: 1.091 cumulative IPC: 0.7315 (Simulation time: 00 hr 02 min 52 sec)
Heartbeat CPU 0 instructions: 34500155 cycles: 35780089 heartbeat IPC: 1.073 cumulative IPC: 0.7362 (Simulation time: 00 hr 02 min 54 sec)
Heartbeat CPU 0 instructions: 35000157 cycles: 36264339 heartbeat IPC: 1.033 cumulative IPC: 0.7405 (Simulation time: 00 hr 02 min 56 sec)
Heartbeat CPU 0 instructions: 35500163 cycles: 36682054 heartbeat IPC: 1.197 cumulative IPC: 0.7461 (Simulation time: 00 hr 02 min 58 sec)
Heartbeat CPU 0 instructions: 36000166 cycles: 37126419 heartbeat IPC: 1.125 cumulative IPC: 0.7509 (Simulation time: 00 hr 03 min 00 sec)
Heartbeat CPU 0 instructions: 36500167 cycles: 37600219 heartbeat IPC: 1.055 cumulative IPC: 0.755 (Simulation time: 00 hr 03 min 02 sec)
Heartbeat CPU 0 instructions: 37000168 cycles: 38048708 heartbeat IPC: 1.115 cumulative IPC: 0.7596 (Simulation time: 00 hr 03 min 05 sec)
Heartbeat CPU 0 instructions: 37500169 cycles: 38511477 heartbeat IPC: 1.08 cumulative IPC: 0.7637 (Simulation time: 00 hr 03 min 07 sec)
Heartbeat CPU 0 instructions: 38000170 cycles: 38971701 heartbeat IPC: 1.086 cumulative IPC: 0.7678 (Simulation time: 00 hr 03 min 09 sec)
Heartbeat CPU 0 instructions: 38500177 cycles: 39417014 heartbeat IPC: 1.123 cumulative IPC: 0.7721 (Simulation time: 00 hr 03 min 12 sec)
Heartbeat CPU 0 instructions: 39000183 cycles: 39909698 heartbeat IPC: 1.015 cumulative IPC: 0.7753 (Simulation time: 00 hr 03 min 14 sec)
Heartbeat CPU 0 instructions: 39500183 cycles: 40397647 heartbeat IPC: 1.025 cumulative IPC: 0.7785 (Simulation time: 00 hr 03 min 16 sec)
Heartbeat CPU 0 instructions: 40000185 cycles: 41047566 heartbeat IPC: 0.7693 cumulative IPC: 0.7783 (Simulation time: 00 hr 03 min 19 sec)
Heartbeat CPU 0 instructions: 40500188 cycles: 41561476 heartbeat IPC: 0.9729 cumulative IPC: 0.7809 (Simulation time: 00 hr 03 min 21 sec)
Heartbeat CPU 0 instructions: 41000188 cycles: 42035114 heartbeat IPC: 1.056 cumulative IPC: 0.7842 (Simulation time: 00 hr 03 min 23 sec)
Heartbeat CPU 0 instructions: 41500191 cycles: 43211643 heartbeat IPC: 0.425 cumulative IPC: 0.7738 (Simulation time: 00 hr 03 min 28 sec)
Heartbeat CPU 0 instructions: 42000194 cycles: 43708585 heartbeat IPC: 1.006 cumulative IPC: 0.7766 (Simulation time: 00 hr 03 min 30 sec)
Heartbeat CPU 0 instructions: 42500199 cycles: 44137244 heartbeat IPC: 1.166 cumulative IPC: 0.7806 (Simulation time: 00 hr 03 min 32 sec)
Heartbeat CPU 0 instructions: 43000199 cycles: 44605704 heartbeat IPC: 1.067 cumulative IPC: 0.7838 (Simulation time: 00 hr 03 min 34 sec)
Heartbeat CPU 0 instructions: 43500202 cycles: 45134730 heartbeat IPC: 0.9451 cumulative IPC: 0.7858 (Simulation time: 00 hr 03 min 37 sec)
Heartbeat CPU 0 instructions: 44000208 cycles: 45590088 heartbeat IPC: 1.098 cumulative IPC: 0.7891 (Simulation time: 00 hr 03 min 39 sec)
Heartbeat CPU 0 instructions: 44500212 cycles: 46048185 heartbeat IPC: 1.091 cumulative IPC: 0.7923 (Simulation time: 00 hr 03 min 41 sec)
Heartbeat CPU 0 instructions: 45000215 cycles: 46571039 heartbeat IPC: 0.9563 cumulative IPC: 0.7942 (Simulation time: 00 hr 03 min 43 sec)
Heartbeat CPU 0 instructions: 45500215 cycles: 47049765 heartbeat IPC: 1.044 cumulative IPC: 0.7969 (Simulation time: 00 hr 03 min 45 sec)
Heartbeat CPU 0 instructions: 46000217 cycles: 47567358 heartbeat IPC: 0.966 cumulative IPC: 0.7989 (Simulation time: 00 hr 03 min 48 sec)
Heartbeat CPU 0 instructions: 46500217 cycles: 47980776 heartbeat IPC: 1.209 cumulative IPC: 0.8026 (Simulation time: 00 hr 03 min 50 sec)
Heartbeat CPU 0 instructions: 47000221 cycles: 48472531 heartbeat IPC: 1.017 cumulative IPC: 0.8049 (Simulation time: 00 hr 03 min 52 sec)
Heartbeat CPU 0 instructions: 47500224 cycles: 48905028 heartbeat IPC: 1.156 cumulative IPC: 0.8082 (Simulation time: 00 hr 03 min 54 sec)
Heartbeat CPU 0 instructions: 48000224 cycles: 50673791 heartbeat IPC: 0.2827 cumulative IPC: 0.7889 (Simulation time: 00 hr 04 min 00 sec)
Heartbeat CPU 0 instructions: 48500227 cycles: 51801403 heartbeat IPC: 0.4434 cumulative IPC: 0.781 (Simulation time: 00 hr 04 min 04 sec)
Heartbeat CPU 0 instructions: 49000227 cycles: 52464850 heartbeat IPC: 0.7536 cumulative IPC: 0.7806 (Simulation time: 00 hr 04 min 07 sec)
Heartbeat CPU 0 instructions: 49500227 cycles: 53445604 heartbeat IPC: 0.5098 cumulative IPC: 0.7754 (Simulation time: 00 hr 04 min 11 sec)
Heartbeat CPU 0 instructions: 50000228 cycles: 54587209 heartbeat IPC: 0.438 cumulative IPC: 0.768 (Simulation time: 00 hr 04 min 16 sec)
Heartbeat CPU 0 instructions: 50500235 cycles: 55623628 heartbeat IPC: 0.4824 cumulative IPC: 0.7624 (Simulation time: 00 hr 04 min 21 sec)
Heartbeat CPU 0 instructions: 51000236 cycles: 56918358 heartbeat IPC: 0.3862 cumulative IPC: 0.7535 (Simulation time: 00 hr 04 min 27 sec)
Heartbeat CPU 0 instructions: 51500239 cycles: 59178968 heartbeat IPC: 0.2212 cumulative IPC: 0.7322 (Simulation time: 00 hr 04 min 35 sec)
Heartbeat CPU 0 instructions: 52000240 cycles: 59690263 heartbeat IPC: 0.9779 cumulative IPC: 0.7344 (Simulation time: 00 hr 04 min 38 sec)
Heartbeat CPU 0 instructions: 52500242 cycles: 65435860 heartbeat IPC: 0.08702 cumulative IPC: 0.6753 (Simulation time: 00 hr 04 min 55 sec)
Heartbeat CPU 0 instructions: 53000242 cycles: 69473909 heartbeat IPC: 0.1238 cumulative IPC: 0.6421 (Simulation time: 00 hr 05 min 07 sec)
Heartbeat CPU 0 instructions: 53500249 cycles: 72576999 heartbeat IPC: 0.1611 cumulative IPC: 0.6208 (Simulation time: 00 hr 05 min 17 sec)
Heartbeat CPU 0 instructions: 54000249 cycles: 73950850 heartbeat IPC: 0.3639 cumulative IPC: 0.6158 (Simulation time: 00 hr 05 min 22 sec)
Heartbeat CPU 0 instructions: 54500250 cycles: 75427415 heartbeat IPC: 0.3386 cumulative IPC: 0.6102 (Simulation time: 00 hr 05 min 27 sec)
Heartbeat CPU 0 instructions: 55000251 cycles: 76805223 heartbeat IPC: 0.3629 cumulative IPC: 0.6056 (Simulation time: 00 hr 05 min 32 sec)
Heartbeat CPU 0 instructions: 55500252 cycles: 78112639 heartbeat IPC: 0.3824 cumulative IPC: 0.6018 (Simulation time: 00 hr 05 min 37 sec)
Heartbeat CPU 0 instructions: 56000259 cycles: 78839948 heartbeat IPC: 0.6875 cumulative IPC: 0.6026 (Simulation time: 00 hr 05 min 40 sec)
Heartbeat CPU 0 instructions: 56500260 cycles: 79974572 heartbeat IPC: 0.4407 cumulative IPC: 0.6002 (Simulation time: 00 hr 05 min 44 sec)
Heartbeat CPU 0 instructions: 57000260 cycles: 81199523 heartbeat IPC: 0.4082 cumulative IPC: 0.5972 (Simulation time: 00 hr 05 min 48 sec)
Heartbeat CPU 0 instructions: 57500263 cycles: 82183601 heartbeat IPC: 0.5081 cumulative IPC: 0.5961 (Simulation time: 00 hr 05 min 52 sec)
Heartbeat CPU 0 instructions: 58000263 cycles: 83287515 heartbeat IPC: 0.4529 cumulative IPC: 0.5942 (Simulation time: 00 hr 05 min 56 sec)
Heartbeat CPU 0 instructions: 58500265 cycles: 84692192 heartbeat IPC: 0.356 cumulative IPC: 0.5901 (Simulation time: 00 hr 06 min 01 sec)
Heartbeat CPU 0 instructions: 59000268 cycles: 85203409 heartbeat IPC: 0.9781 cumulative IPC: 0.5925 (Simulation time: 00 hr 06 min 03 sec)
Heartbeat CPU 0 instructions: 59500268 cycles: 86297501 heartbeat IPC: 0.457 cumulative IPC: 0.5907 (Simulation time: 00 hr 06 min 07 sec)
Simulation finished CPU 0 instructions: 50000002 cycles: 84911413 cumulative IPC: 0.5888 (Simulation time: 00 hr 06 min 10 sec)
Simulation complete CPU 0 instructions: 50000002 cycles: 84911413 cumulative IPC: 0.5888 (Simulation time: 00 hr 06 min 10 sec)

ChampSim completed all CPUs

=== Simulation ===
CPU 0 runs traces/charlie_0004.champsim.gz

Region of Interest Statistics

CPU 0 cumulative IPC: 0.5888 instructions: 50000002 cycles: 84911413
CPU 0 Branch Prediction Accuracy: 91.31% MPKI: 17.06 Average ROB Occupancy at Mispredict: 35.84
Branch type MPKI
BRANCH_DIRECT_JUMP: 0.3662
BRANCH_INDIRECT: 0.473
BRANCH_CONDITIONAL: 14.93
BRANCH_DIRECT_CALL: 0.1817
BRANCH_INDIRECT_CALL: 0.615
BRANCH_RETURN: 0.498

cpu0->cpu0_STLB TOTAL        ACCESS:     229060 HIT:     171993 MISS:      57067 MSHR_MERGE:          0
cpu0->cpu0_STLB LOAD         ACCESS:     229060 HIT:     171993 MISS:      57067 MSHR_MERGE:          0
cpu0->cpu0_STLB RFO          ACCESS:          0 HIT:          0 MISS:          0 MSHR_MERGE:          0
cpu0->cpu0_STLB PREFETCH     ACCESS:          0 HIT:          0 MISS:          0 MSHR_MERGE:          0
cpu0->cpu0_STLB WRITE        ACCESS:          0 HIT:          0 MISS:          0 MSHR_MERGE:          0
cpu0->cpu0_STLB TRANSLATION  ACCESS:          0 HIT:          0 MISS:          0 MSHR_MERGE:          0
cpu0->cpu0_STLB PREFETCH REQUESTED:          0 ISSUED:          0 USEFUL:          0 USELESS:          0
cpu0->cpu0_STLB AVERAGE MISS LATENCY: 283.9 cycles
cpu0->cpu0_L2C TOTAL        ACCESS:    1480317 HIT:    1033887 MISS:     446430 MSHR_MERGE:       5769
cpu0->cpu0_L2C LOAD         ACCESS:     881883 HIT:     685636 MISS:     196247 MSHR_MERGE:       4912
cpu0->cpu0_L2C RFO          ACCESS:     204780 HIT:      15898 MISS:     188882 MSHR_MERGE:          0
cpu0->cpu0_L2C PREFETCH     ACCESS:      47415 HIT:      13797 MISS:      33618 MSHR_MERGE:        857
cpu0->cpu0_L2C WRITE        ACCESS:     280688 HIT:     280681 MISS:          7 MSHR_MERGE:          0
cpu0->cpu0_L2C TRANSLATION  ACCESS:      65551 HIT:      37875 MISS:      27676 MSHR_MERGE:          0
cpu0->cpu0_L2C PREFETCH REQUESTED:      47476 ISSUED:      47415 USEFUL:      13389 USELESS:       1739
cpu0->cpu0_L2C AVERAGE MISS LATENCY: 445.5 cycles
cpu0->cpu0_L1I TOTAL        ACCESS:    3422380 HIT:    2824720 MISS:     597660 MSHR_MERGE:     152387
cpu0->cpu0_L1I LOAD         ACCESS:    3422380 HIT:    2824720 MISS:     597660 MSHR_MERGE:     152387
cpu0->cpu0_L1I RFO          ACCESS:          0 HIT:          0 MISS:          0 MSHR_MERGE:          0
cpu0->cpu0_L1I PREFETCH     ACCESS:          0 HIT:          0 MISS:          0 MSHR_MERGE:          0
cpu0->cpu0_L1I WRITE        ACCESS:          0 HIT:          0 MISS:          0 MSHR_MERGE:          0
cpu0->cpu0_L1I TRANSLATION  ACCESS:          0 HIT:          0 MISS:          0 MSHR_MERGE:          0
cpu0->cpu0_L1I PREFETCH REQUESTED:          0 ISSUED:          0 USEFUL:          0 USELESS:          0
cpu0->cpu0_L1I AVERAGE MISS LATENCY: 37.88 cycles
cpu0->cpu0_L1D TOTAL        ACCESS:   14084262 HIT:   12530918 MISS:    1553344 MSHR_MERGE:     846403
cpu0->cpu0_L1D LOAD         ACCESS:    8648654 HIT:    7990410 MISS:     658244 MSHR_MERGE:     221634
cpu0->cpu0_L1D RFO          ACCESS:          0 HIT:          0 MISS:          0 MSHR_MERGE:          0
cpu0->cpu0_L1D PREFETCH     ACCESS:          0 HIT:          0 MISS:          0 MSHR_MERGE:          0
cpu0->cpu0_L1D WRITE        ACCESS:    5277380 HIT:    4449115 MISS:     828265 MSHR_MERGE:     623485
cpu0->cpu0_L1D TRANSLATION  ACCESS:     158228 HIT:      91393 MISS:      66835 MSHR_MERGE:       1284
cpu0->cpu0_L1D PREFETCH REQUESTED:          0 ISSUED:          0 USEFUL:          0 USELESS:          0
cpu0->cpu0_L1D AVERAGE MISS LATENCY: 249.5 cycles
cpu0->cpu0_ITLB TOTAL        ACCESS:    2811213 HIT:    2739732 MISS:      71481 MSHR_MERGE:      34403
cpu0->cpu0_ITLB LOAD         ACCESS:    2811213 HIT:    2739732 MISS:      71481 MSHR_MERGE:      34403
cpu0->cpu0_ITLB RFO          ACCESS:          0 HIT:          0 MISS:          0 MSHR_MERGE:          0
cpu0->cpu0_ITLB PREFETCH     ACCESS:          0 HIT:          0 MISS:          0 MSHR_MERGE:          0
cpu0->cpu0_ITLB WRITE        ACCESS:          0 HIT:          0 MISS:          0 MSHR_MERGE:          0
cpu0->cpu0_ITLB TRANSLATION  ACCESS:          0 HIT:          0 MISS:          0 MSHR_MERGE:          0
cpu0->cpu0_ITLB PREFETCH REQUESTED:          0 ISSUED:          0 USEFUL:          0 USELESS:          0
cpu0->cpu0_ITLB AVERAGE MISS LATENCY: 26.75 cycles
cpu0->cpu0_DTLB TOTAL        ACCESS:   13345842 HIT:   13003787 MISS:     342055 MSHR_MERGE:     150073
cpu0->cpu0_DTLB LOAD         ACCESS:   13345842 HIT:   13003787 MISS:     342055 MSHR_MERGE:     150073
cpu0->cpu0_DTLB RFO          ACCESS:          0 HIT:          0 MISS:          0 MSHR_MERGE:          0
cpu0->cpu0_DTLB PREFETCH     ACCESS:          0 HIT:          0 MISS:          0 MSHR_MERGE:          0
cpu0->cpu0_DTLB WRITE        ACCESS:          0 HIT:          0 MISS:          0 MSHR_MERGE:          0
cpu0->cpu0_DTLB TRANSLATION  ACCESS:          0 HIT:          0 MISS:          0 MSHR_MERGE:          0
cpu0->cpu0_DTLB PREFETCH REQUESTED:          0 ISSUED:          0 USEFUL:          0 USELESS:          0
cpu0->cpu0_DTLB AVERAGE MISS LATENCY: 85.49 cycles
cpu0->LLC TOTAL        ACCESS:     673216 HIT:      55962 MISS:     617254 MSHR_MERGE:       7041
cpu0->LLC LOAD         ACCESS:     191335 HIT:      23972 MISS:     167363 MSHR_MERGE:       6746
cpu0->LLC RFO          ACCESS:     188882 HIT:       3123 MISS:     185759 MSHR_MERGE:          0
cpu0->LLC PREFETCH     ACCESS:      32761 HIT:        531 MISS:      32230 MSHR_MERGE:        295
cpu0->LLC WRITE        ACCESS:     232562 HIT:      26383 MISS:     206179 MSHR_MERGE:          0
cpu0->LLC TRANSLATION  ACCESS:      27676 HIT:       1953 MISS:      25723 MSHR_MERGE:          0
cpu0->LLC PREFETCH REQUESTED:          0 ISSUED:          0 USEFUL:          0 USELESS:          0
cpu0->LLC AVERAGE MISS LATENCY: 299.8 cycles

DRAM Statistics

Channel 0 RQ ROW_BUFFER_HIT:       9874
  ROW_BUFFER_MISS:     394158
  AVG DBUS CONGESTED CYCLE: 4.393
Channel 0 WQ ROW_BUFFER_HIT:      45149
  ROW_BUFFER_MISS:     173847
  FULL:         52
Channel 0 REFRESHES ISSUED:       7076
