[VMEM] WARNING: physical memory size is smaller than virtual memory size.

*** ChampSim Multicore Out-of-Order Simulator ***
Warmup Instructions: 10000000
Simulation Instructions: 50000000
Number of CPUs: 1
Page size: 4096
Core 0: traces/sssp-10.trace.gz
Off-chip DRAM Size: 64 GiB Channels: 1 Width: 64-bit Data Rate: 800 MT/s
Heartbeat CPU 0 instructions: 500004 cycles: 182374 heartbeat IPC: 2.742 cumulative IPC: 2.742 (Simulation time: 00 hr 00 min 01 sec)
Heartbeat CPU 0 instructions: 1000004 cycles: 359695 heartbeat IPC: 2.82 cumulative IPC: 2.78 (Simulation time: 00 hr 00 min 02 sec)
Heartbeat CPU 0 instructions: 1500011 cycles: 511860 heartbeat IPC: 3.286 cumulative IPC: 2.931 (Simulation time: 00 hr 00 min 03 sec)
Heartbeat CPU 0 instructions: 2000015 cycles: 613800 heartbeat IPC: 4.905 cumulative IPC: 3.258 (Simulation time: 00 hr 00 min 04 sec)
Heartbeat CPU 0 instructions: 2500017 cycles: 719010 heartbeat IPC: 4.752 cumulative IPC: 3.477 (Simulation time: 00 hr 00 min 05 sec)
Heartbeat CPU 0 instructions: 3000022 cycles: 826909 heartbeat IPC: 4.634 cumulative IPC: 3.628 (Simulation time: 00 hr 00 min 06 sec)
Heartbeat CPU 0 instructions: 3500025 cycles: 933615 heartbeat IPC: 4.686 cumulative IPC: 3.749 (Simulation time: 00 hr 00 min 07 sec)
Heartbeat CPU 0 instructions: 4000025 cycles: 1040414 heartbeat IPC: 4.682 cumulative IPC: 3.845 (Simulation time: 00 hr 00 min 08 sec)
Heartbeat CPU 0 instructions: 4500026 cycles: 1149456 heartbeat IPC: 4.585 cumulative IPC: 3.915 (Simulation time: 00 hr 00 min 09 sec)
Heartbeat CPU 0 instructions: 5000028 cycles: 1255357 heartbeat IPC: 4.721 cumulative IPC: 3.983 (Simulation time: 00 hr 00 min 10 sec)
Heartbeat CPU 0 instructions: 5500035 cycles: 1362442 heartbeat IPC: 4.669 cumulative IPC: 4.037 (Simulation time: 00 hr 00 min 11 sec)
Heartbeat CPU 0 instructions: 6000035 cycles: 1470138 heartbeat IPC: 4.643 cumulative IPC: 4.081 (Simulation time: 00 hr 00 min 12 sec)
Heartbeat CPU 0 instructions: 6500040 cycles: 1576680 heartbeat IPC: 4.693 cumulative IPC: 4.123 (Simulation time: 00 hr 00 min 13 sec)
Heartbeat CPU 0 instructions: 7000043 cycles: 1686923 heartbeat IPC: 4.535 cumulative IPC: 4.15 (Simulation time: 00 hr 00 min 14 sec)
Heartbeat CPU 0 instructions: 7500050 cycles: 1794732 heartbeat IPC: 4.638 cumulative IPC: 4.179 (Simulation time: 00 hr 00 min 15 sec)
Heartbeat CPU 0 instructions: 8000054 cycles: 1901736 heartbeat IPC: 4.673 cumulative IPC: 4.207 (Simulation time: 00 hr 00 min 16 sec)
Heartbeat CPU 0 instructions: 8500058 cycles: 2006788 heartbeat IPC: 4.76 cumulative IPC: 4.236 (Simulation time: 00 hr 00 min 17 sec)
Heartbeat CPU 0 instructions: 9000064 cycles: 2111903 heartbeat IPC: 4.757 cumulative IPC: 4.262 (Simulation time: 00 hr 00 min 18 sec)
Heartbeat CPU 0 instructions: 9500071 cycles: 2218818 heartbeat IPC: 4.677 cumulative IPC: 4.282 (Simulation time: 00 hr 00 min 19 sec)
Warmup finished CPU 0 instructions: 10000007 cycles: 2324332 cumulative IPC: 4.302 (Simulation time: 00 hr 00 min 20 sec)
Warmup complete CPU 0 instructions: 10000007 cycles: 2324332 cumulative IPC: 4.302 (Simulation time: 00 hr 00 min 20 sec)
Heartbeat CPU 0 instructions: 10000071 cycles: 2324353 heartbeat IPC: 4.738 cumulative IPC: 3.048 (Simulation time: 00 hr 00 min 20 sec)
Heartbeat CPU 0 instructions: 10500072 cycles: 3481377 heartbeat IPC: 0.4321 cumulative IPC: 0.4322 (Simulation time: 00 hr 00 min 24 sec)
Heartbeat CPU 0 instructions: 11000072 cycles: 4659291 heartbeat IPC: 0.4245 cumulative IPC: 0.4283 (Simulation time: 00 hr 00 min 28 sec)
Heartbeat CPU 0 instructions: 11500077 cycles: 5942236 heartbeat IPC: 0.3897 cumulative IPC: 0.4146 (Simulation time: 00 hr 00 min 33 sec)
Heartbeat CPU 0 instructions: 12000078 cycles: 7196699 heartbeat IPC: 0.3986 cumulative IPC: 0.4105 (Simulation time: 00 hr 00 min 37 sec)
Heartbeat CPU 0 instructions: 12500085 cycles: 8401796 heartbeat IPC: 0.4149 cumulative IPC: 0.4114 (Simulation time: 00 hr 00 min 41 sec)
Heartbeat CPU 0 instructions: 13000092 cycles: 9569433 heartbeat IPC: 0.4282 cumulative IPC: 0.4141 (Simulation time: 00 hr 00 min 45 sec)
Heartbeat CPU 0 instructions: 13500093 cycles: 10905750 heartbeat IPC: 0.3742 cumulative IPC: 0.4079 (Simulation time: 00 hr 00 min 49 sec)
Heartbeat CPU 0 instructions: 14000097 cycles: 12205302 heartbeat IPC: 0.3848 cumulative IPC: 0.4048 (Simulation time: 00 hr 00 min 54 sec)
Heartbeat CPU 0 instructions: 14500103 cycles: 13418455 heartbeat IPC: 0.4122 cumulative IPC: 0.4056 (Simulation time: 00 hr 00 min 58 sec)
Heartbeat CPU 0 instructions: 15000103 cycles: 14726368 heartbeat IPC: 0.3823 cumulative IPC: 0.4032 (Simulation time: 00 hr 01 min 02 sec)
Heartbeat CPU 0 instructions: 15500106 cycles: 15987907 heartbeat IPC: 0.3963 cumulative IPC: 0.4025 (Simulation time: 00 hr 01 min 07 sec)
Heartbeat CPU 0 instructions: 16000106 cycles: 17141385 heartbeat IPC: 0.4335 cumulative IPC: 0.4049 (Simulation time: 00 hr 01 min 11 sec)
Heartbeat CPU 0 instructions: 16500109 cycles: 18279255 heartbeat IPC: 0.4394 cumulative IPC: 0.4074 (Simulation time: 00 hr 01 min 15 sec)
Heartbeat CPU 0 instructions: 17000113 cycles: 19426555 heartbeat IPC: 0.4358 cumulative IPC: 0.4093 (Simulation time: 00 hr 01 min 19 sec)
Heartbeat CPU 0 instructions: 17500113 cycles: 20556318 heartbeat IPC: 0.4426 cumulative IPC: 0.4114 (Simulation time: 00 hr 01 min 23 sec)
Heartbeat CPU 0 instructions: 18000115 cycles: 21656670 heartbeat IPC: 0.4544 cumulative IPC: 0.4138 (Simulation time: 00 hr 01 min 26 sec)
Heartbeat CPU 0 instructions: 18500118 cycles: 22768821 heartbeat IPC: 0.4496 cumulative IPC: 0.4158 (Simulation time: 00 hr 01 min 30 sec)
Heartbeat CPU 0 instructions: 19000124 cycles: 23896922 heartbeat IPC: 0.4432 cumulative IPC: 0.4172 (Simulation time: 00 hr 01 min 34 sec)
Heartbeat CPU 0 instructions: 19500125 cycles: 25004922 heartbeat IPC: 0.4513 cumulative IPC: 0.4189 (Simulation time: 00 hr 01 min 38 sec)
Heartbeat CPU 0 instructions: 20000125 cycles: 26162768 heartbeat IPC: 0.4318 cumulative IPC: 0.4195 (Simulation time: 00 hr 01 min 42 sec)
Heartbeat CPU 0 instructions: 20500131 cycles: 27245215 heartbeat IPC: 0.4619 cumulative IPC: 0.4213 (Simulation time: 00 hr 01 min 46 sec)
Heartbeat CPU 0 instructions: 21000132 cycles: 28422605 heartbeat IPC: 0.4247 cumulative IPC: 0.4215 (Simulation time: 00 hr 01 min 50 sec)
Heartbeat CPU 0 instructions: 21500135 cycles: 29510798 heartbeat IPC: 0.4595 cumulative IPC: 0.423 (Simulation time: 00 hr 01 min 54 sec)
Heartbeat CPU 0 instructions: 22000137 cycles: 30653318 heartbeat IPC: 0.4376 cumulative IPC: 0.4236 (Simulation time: 00 hr 01 min 58 sec)
Heartbeat CPU 0 instructions: 22500144 cycles: 31760999 heartbeat IPC: 0.4514 cumulative IPC: 0.4246 (Simulation time: 00 hr 02 min 02 sec)
Heartbeat CPU 0 instructions: 23000144 cycles: 32849544 heartbeat IPC: 0.4593 cumulative IPC: 0.4259 (Simulation time: 00 hr 02 min 06 sec)
Heartbeat CPU 0 instructions: 23500147 cycles: 33940727 heartbeat IPC: 0.4582 cumulative IPC: 0.427 (Simulation time: 00 hr 02 min 10 sec)
Heartbeat CPU 0 instructions: 24000151 cycles: 35005280 heartbeat IPC: 0.4697 cumulative IPC: 0.4284 (Simulation time: 00 hr 02 min 14 sec)
Heartbeat CPU 0 instructions: 24500152 cycles: 36083485 heartbeat IPC: 0.4637 cumulative IPC: 0.4295 (Simulation time: 00 hr 02 min 18 sec)
Heartbeat CPU 0 instructions: 25000154 cycles: 37208391 heartbeat IPC: 0.4445 cumulative IPC: 0.43 (Simulation time: 00 hr 02 min 22 sec)
Heartbeat CPU 0 instructions: 25500156 cycles: 38546748 heartbeat IPC: 0.3736 cumulative IPC: 0.4279 (Simulation time: 00 hr 02 min 27 sec)
Heartbeat CPU 0 instructions: 26000158 cycles: 39612212 heartbeat IPC: 0.4693 cumulative IPC: 0.4291 (Simulation time: 00 hr 02 min 31 sec)
Heartbeat CPU 0 instructions: 26500160 cycles: 40701021 heartbeat IPC: 0.4592 cumulative IPC: 0.43 (Simulation time: 00 hr 02 min 34 sec)
Heartbeat CPU 0 instructions: 27000164 cycles: 41827688 heartbeat IPC: 0.4438 cumulative IPC: 0.4303 (Simulation time: 00 hr 02 min 39 sec)
Heartbeat CPU 0 instructions: 27500169 cycles: 42908138 heartbeat IPC: 0.4628 cumulative IPC: 0.4312 (Simulation time: 00 hr 02 min 43 sec)
Heartbeat CPU 0 instructions: 28000170 cycles: 44166497 heartbeat IPC: 0.3973 cumulative IPC: 0.4302 (Simulation time: 00 hr 02 min 47 sec)
Heartbeat CPU 0 instructions: 28500170 cycles: 45247208 heartbeat IPC: 0.4627 cumulative IPC: 0.431 (Simulation time: 00 hr 02 min 51 sec)
Heartbeat CPU 0 instructions: 29000177 cycles: 46282895 heartbeat IPC: 0.4828 cumulative IPC: 0.4322 (Simulation time: 00 hr 02 min 55 sec)
Heartbeat CPU 0 instructions: 29500179 cycles: 47376082 heartbeat IPC: 0.4574 cumulative IPC: 0.4328 (Simulation time: 00 hr 02 min 59 sec)
Heartbeat CPU 0 instructions: 30000184 cycles: 48411363 heartbeat IPC: 0.483 cumulative IPC: 0.434 (Simulation time: 00 hr 03 min 03 sec)
Heartbeat CPU 0 instructions: 30500184 cycles: 49413145 heartbeat IPC: 0.4991 cumulative IPC: 0.4354 (Simulation time: 00 hr 03 min 06 sec)
Heartbeat CPU 0 instructions: 31000188 cycles: 50571698 heartbeat IPC: 0.4316 cumulative IPC: 0.4353 (Simulation time: 00 hr 03 min 10 sec)
Heartbeat CPU 0 instructions: 31500188 cycles: 51720282 heartbeat IPC: 0.4353 cumulative IPC: 0.4353 (Simulation time: 00 hr 03 min 15 sec)
Heartbeat CPU 0 instructions: 32000190 cycles: 52739187 heartbeat IPC: 0.4907 cumulative IPC: 0.4364 (Simulation time: 00 hr 03 min 18 sec)
Heartbeat CPU 0 instructions: 32500191 cycles: 53811860 heartbeat IPC: 0.4661 cumulative IPC: 0.437 (Simulation time: 00 hr 03 min 22 sec)
Heartbeat CPU 0 instructions: 33000193 cycles: 54846379 heartbeat IPC: 0.4833 cumulative IPC: 0.4379 (Simulation time: 00 hr 03 min 26 sec)
Heartbeat CPU 0 instructions: 33500194 cycles: 55900311 heartbeat IPC: 0.4744 cumulative IPC: 0.4386 (Simulation time: 00 hr 03 min 30 sec)
Heartbeat CPU 0 instructions: 34000194 cycles: 56884782 heartbeat IPC: 0.5079 cumulative IPC: 0.4399 (Simulation time: 00 hr 03 min 34 sec)
Heartbeat CPU 0 instructions: 34500200 cycles: 57897445 heartbeat IPC: 0.4938 cumulative IPC: 0.4409 (Simulation time: 00 hr 03 min 38 sec)
Heartbeat CPU 0 instructions: 35000204 cycles: 59001617 heartbeat IPC: 0.4528 cumulative IPC: 0.4411 (Simulation time: 00 hr 03 min 42 sec)
Heartbeat CPU 0 instructions: 35500206 cycles: 59961414 heartbeat IPC: 0.5209 cumulative IPC: 0.4424 (Simulation time: 00 hr 03 min 46 sec)
Heartbeat CPU 0 instructions: 36000212 cycles: 60945656 heartbeat IPC: 0.508 cumulative IPC: 0.4435 (Simulation time: 00 hr 03 min 50 sec)
Heartbeat CPU 0 instructions: 36500216 cycles: 62010232 heartbeat IPC: 0.4697 cumulative IPC: 0.444 (Simulation time: 00 hr 03 min 54 sec)
Heartbeat CPU 0 instructions: 37000220 cycles: 63043904 heartbeat IPC: 0.4837 cumulative IPC: 0.4447 (Simulation time: 00 hr 03 min 57 sec)
Heartbeat CPU 0 instructions: 37500220 cycles: 64178626 heartbeat IPC: 0.4406 cumulative IPC: 0.4446 (Simulation time: 00 hr 04 min 01 sec)
Heartbeat CPU 0 instructions: 38000220 cycles: 65290603 heartbeat IPC: 0.4496 cumulative IPC: 0.4447 (Simulation time: 00 hr 04 min 06 sec)
Heartbeat CPU 0 instructions: 38500220 cycles: 66269839 heartbeat IPC: 0.5106 cumulative IPC: 0.4457 (Simulation time: 00 hr 04 min 09 sec)
Heartbeat CPU 0 instructions: 39000221 cycles: 67263770 heartbeat IPC: 0.5031 cumulative IPC: 0.4466 (Simulation time: 00 hr 04 min 13 sec)
Heartbeat CPU 0 instructions: 39500226 cycles: 68211916 heartbeat IPC: 0.5274 cumulative IPC: 0.4477 (Simulation time: 00 hr 04 min 17 sec)
Heartbeat CPU 0 instructions: 40000231 cycles: 69213586 heartbeat IPC: 0.4992 cumulative IPC: 0.4485 (Simulation time: 00 hr 04 min 21 sec)
Heartbeat CPU 0 instructions: 40500232 cycles: 70186634 heartbeat IPC: 0.5139 cumulative IPC: 0.4494 (Simulation time: 00 hr 04 min 24 sec)
Heartbeat CPU 0 instructions: 41000232 cycles: 71159292 heartbeat IPC: 0.5141 cumulative IPC: 0.4504 (Simulation time: 00 hr 04 min 28 sec)
Heartbeat CPU 0 instructions: 41500232 cycles: 72180033 heartbeat IPC: 0.4898 cumulative IPC: 0.4509 (Simulation time: 00 hr 04 min 32 sec)
Heartbeat CPU 0 instructions: 42000236 cycles: 73255394 heartbeat IPC: 0.465 cumulative IPC: 0.4511 (Simulation time: 00 hr 04 min 36 sec)
Heartbeat CPU 0 instructions: 42500236 cycles: 74363352 heartbeat IPC: 0.4513 cumulative IPC: 0.4511 (Simulation time: 00 hr 04 min 40 sec)
Heartbeat CPU 0 instructions: 43000241 cycles: 75353323 heartbeat IPC: 0.5051 cumulative IPC: 0.4519 (Simulation time: 00 hr 04 min 44 sec)
Heartbeat CPU 0 instructions: 43500248 cycles: 76313983 heartbeat IPC: 0.5205 cumulative IPC: 0.4528 (Simulation time: 00 hr 04 min 48 sec)
Heartbeat CPU 0 instructions: 44000254 cycles: 77274761 heartbeat IPC: 0.5204 cumulative IPC: 0.4536 (Simulation time: 00 hr 04 min 51 sec)
Heartbeat CPU 0 instructions: 44500254 cycles: 78294758 heartbeat IPC: 0.4902 cumulative IPC: 0.4541 (Simulation time: 00 hr 04 min 55 sec)
Heartbeat CPU 0 instructions: 45000260 cycles: 79259425 heartbeat IPC: 0.5183 cumulative IPC: 0.4549 (Simulation time: 00 hr 04 min 59 sec)
Heartbeat CPU 0 instructions: 45500260 cycles: 80368985 heartbeat IPC: 0.4506 cumulative IPC: 0.4549 (Simulation time: 00 hr 05 min 03 sec)
Heartbeat CPU 0 instructions: 46000267 cycles: 81460991 heartbeat IPC: 0.4579 cumulative IPC: 0.4549 (Simulation time: 00 hr 05 min 07 sec)
Heartbeat CPU 0 instructions: 46500269 cycles: 82458226 heartbeat IPC: 0.5014 cumulative IPC: 0.4555 (Simulation time: 00 hr 05 min 11 sec)
Heartbeat CPU 0 instructions: 47000270 cycles: 83499185 heartbeat IPC: 0.4803 cumulative IPC: 0.4558 (Simulation time: 00 hr 05 min 15 sec)
Heartbeat CPU 0 instructions: 47500273 cycles: 84447488 heartbeat IPC: 0.5273 cumulative IPC: 0.4566 (Simulation time: 00 hr 05 min 19 sec)
Heartbeat CPU 0 instructions: 48000273 cycles: 85415572 heartbeat IPC: 0.5165 cumulative IPC: 0.4573 (Simulation time: 00 hr 05 min 23 sec)
Heartbeat CPU 0 instructions: 48500279 cycles: 86374256 heartbeat IPC: 0.5216 cumulative IPC: 0.4581 (Simulation time: 00 hr 05 min 26 sec)
Heartbeat CPU 0 instructions: 49000279 cycles: 87307320 heartbeat IPC: 0.5359 cumulative IPC: 0.4589 (Simulation time: 00 hr 05 min 30 sec)
Heartbeat CPU 0 instructions: 49500285 cycles: 88234654 heartbeat IPC: 0.5392 cumulative IPC: 0.4598 (Simulation time: 00 hr 05 min 34 sec)
Heartbeat CPU 0 instructions: 50000285 cycles: 89168876 heartbeat IPC: 0.5352 cumulative IPC: 0.4606 (Simulation time: 00 hr 05 min 38 sec)
Heartbeat CPU 0 instructions: 50500285 cycles: 90119198 heartbeat IPC: 0.5261 cumulative IPC: 0.4613 (Simulation time: 00 hr 05 min 41 sec)
Heartbeat CPU 0 instructions: 51000292 cycles: 91198739 heartbeat IPC: 0.4632 cumulative IPC: 0.4613 (Simulation time: 00 hr 05 min 45 sec)
Heartbeat CPU 0 instructions: 51500293 cycles: 92259834 heartbeat IPC: 0.4712 cumulative IPC: 0.4614 (Simulation time: 00 hr 05 min 50 sec)
Heartbeat CPU 0 instructions: 52000294 cycles: 93231833 heartbeat IPC: 0.5144 cumulative IPC: 0.462 (Simulation time: 00 hr 05 min 53 sec)
Heartbeat CPU 0 instructions: 52500298 cycles: 94223197 heartbeat IPC: 0.5044 cumulative IPC: 0.4625 (Simulation time: 00 hr 05 min 57 sec)
Heartbeat CPU 0 instructions: 53000303 cycles: 95152156 heartbeat IPC: 0.5382 cumulative IPC: 0.4632 (Simulation time: 00 hr 06 min 01 sec)
Heartbeat CPU 0 instructions: 53500309 cycles: 96087155 heartbeat IPC: 0.5348 cumulative IPC: 0.4639 (Simulation time: 00 hr 06 min 05 sec)
Heartbeat CPU 0 instructions: 54000309 cycles: 97039837 heartbeat IPC: 0.5248 cumulative IPC: 0.4646 (Simulation time: 00 hr 06 min 08 sec)
Heartbeat CPU 0 instructions: 54500310 cycles: 97973589 heartbeat IPC: 0.5355 cumulative IPC: 0.4652 (Simulation time: 00 hr 06 min 12 sec)
Heartbeat CPU 0 instructions: 55000314 cycles: 98875653 heartbeat IPC: 0.5543 cumulative IPC: 0.4661 (Simulation time: 00 hr 06 min 16 sec)
Heartbeat CPU 0 instructions: 55500314 cycles: 99789346 heartbeat IPC: 0.5472 cumulative IPC: 0.4668 (Simulation time: 00 hr 06 min 19 sec)
Heartbeat CPU 0 instructions: 56000315 cycles: 100674716 heartbeat IPC: 0.5647 cumulative IPC: 0.4677 (Simulation time: 00 hr 06 min 23 sec)
Heartbeat CPU 0 instructions: 56500316 cycles: 101581930 heartbeat IPC: 0.5511 cumulative IPC: 0.4685 (Simulation time: 00 hr 06 min 27 sec)
Heartbeat CPU 0 instructions: 57000316 cycles: 102512874 heartbeat IPC: 0.5371 cumulative IPC: 0.4691 (Simulation time: 00 hr 06 min 31 sec)
Heartbeat CPU 0 instructions: 57500316 cycles: 103384562 heartbeat IPC: 0.5736 cumulative IPC: 0.47 (Simulation time: 00 hr 06 min 34 sec)
Heartbeat CPU 0 instructions: 58000317 cycles: 104280186 heartbeat IPC: 0.5583 cumulative IPC: 0.4708 (Simulation time: 00 hr 06 min 38 sec)
Heartbeat CPU 0 instructions: 58500324 cycles: 105194865 heartbeat IPC: 0.5466 cumulative IPC: 0.4715 (Simulation time: 00 hr 06 min 41 sec)
Heartbeat CPU 0 instructions: 59000325 cycles: 106086193 heartbeat IPC: 0.561 cumulative IPC: 0.4722 (Simulation time: 00 hr 06 min 45 sec)
Heartbeat CPU 0 instructions: 59500328 cycles: 107023773 heartbeat IPC: 0.5333 cumulative IPC: 0.4728 (Simulation time: 00 hr 06 min 49 sec)
Simulation finished CPU 0 instructions: 50000000 cycles: 105720168 cumulative IPC: 0.4729 (Simulation time: 00 hr 08 min 12 sec)
Simulation complete CPU 0 instructions: 50000000 cycles: 105720168 cumulative IPC: 0.4729 (Simulation time: 00 hr 08 min 12 sec)

ChampSim completed all CPUs

=== Simulation ===
CPU 0 runs traces/sssp-10.trace.gz

Region of Interest Statistics

CPU 0 cumulative IPC: 0.4729 instructions: 50000000 cycles: 105720168
CPU 0 Branch Prediction Accuracy: 94.11% MPKI: 8.664 Average ROB Occupancy at Mispredict: 58.05
Branch type MPKI
BRANCH_DIRECT_JUMP: 2e-05
BRANCH_INDIRECT: 0
BRANCH_CONDITIONAL: 8.664
BRANCH_DIRECT_CALL: 0
BRANCH_INDIRECT_CALL: 0
BRANCH_RETURN: 0

cpu0->cpu0_STLB TOTAL        ACCESS:     923004 HIT:     912209 MISS:      10795 MSHR_MERGE:          0
cpu0->cpu0_STLB LOAD         ACCESS:     923004 HIT:     912209 MISS:      10795 MSHR_MERGE:          0
cpu0->cpu0_STLB RFO          ACCESS:          0 HIT:          0 MISS:          0 MSHR_MERGE:          0
cpu0->cpu0_STLB PREFETCH     ACCESS:          0 HIT:          0 MISS:          0 MSHR_MERGE:          0
cpu0->cpu0_STLB WRITE        ACCESS:          0 HIT:          0 MISS:          0 MSHR_MERGE:          0
cpu0->cpu0_STLB TRANSLATION  ACCESS:          0 HIT:          0 MISS:          0 MSHR_MERGE:          0
cpu0->cpu0_STLB PREFETCH REQUESTED:          0 ISSUED:          0 USEFUL:          0 USELESS:          0
cpu0->cpu0_STLB AVERAGE MISS LATENCY: 289.5 cycles
cpu0->cpu0_L2C TOTAL        ACCESS:    3754110 HIT:    2530959 MISS:    1223151 MSHR_MERGE:      72778
cpu0->cpu0_L2C LOAD         ACCESS:    2263957 HIT:    1450792 MISS:     813165 MSHR_MERGE:      10022
cpu0->cpu0_L2C RFO          ACCESS:     272093 HIT:     218943 MISS:      53150 MSHR_MERGE:          0
cpu0->cpu0_L2C PREFETCH     ACCESS:     448412 HIT:      96947 MISS:     351465 MSHR_MERGE:      62756
cpu0->cpu0_L2C WRITE        ACCESS:     760946 HIT:     760836 MISS:        110 MSHR_MERGE:          0
cpu0->cpu0_L2C TRANSLATION  ACCESS:       8702 HIT:       3441 MISS:       5261 MSHR_MERGE:          0
cpu0->cpu0_L2C PREFETCH REQUESTED:     448451 ISSUED:     448412 USEFUL:     242586 USELESS:      32080
cpu0->cpu0_L2C AVERAGE MISS LATENCY: 181.5 cycles
cpu0->cpu0_L1I TOTAL        ACCESS:    2028453 HIT:    2028453 MISS:          0 MSHR_MERGE:          0
cpu0->cpu0_L1I LOAD         ACCESS:    2028453 HIT:    2028453 MISS:          0 MSHR_MERGE:          0
cpu0->cpu0_L1I RFO          ACCESS:          0 HIT:          0 MISS:          0 MSHR_MERGE:          0
cpu0->cpu0_L1I PREFETCH     ACCESS:          0 HIT:          0 MISS:          0 MSHR_MERGE:          0
cpu0->cpu0_L1I WRITE        ACCESS:          0 HIT:          0 MISS:          0 MSHR_MERGE:          0
cpu0->cpu0_L1I TRANSLATION  ACCESS:          0 HIT:          0 MISS:          0 MSHR_MERGE:          0
cpu0->cpu0_L1I PREFETCH REQUESTED:          0 ISSUED:          0 USEFUL:          0 USELESS:          0
cpu0->cpu0_L1I AVERAGE MISS LATENCY: - cycles
cpu0->cpu0_L1D TOTAL        ACCESS:   14334861 HIT:   11282919 MISS:    3051942 MSHR_MERGE:     507187
cpu0->cpu0_L1D LOAD         ACCESS:   12865089 HIT:   10207619 MISS:    2657470 MSHR_MERGE:     393513
cpu0->cpu0_L1D RFO          ACCESS:          0 HIT:          0 MISS:          0 MSHR_MERGE:          0
cpu0->cpu0_L1D PREFETCH     ACCESS:          0 HIT:          0 MISS:          0 MSHR_MERGE:          0
cpu0->cpu0_L1D WRITE        ACCESS:    1446943 HIT:    1061231 MISS:     385712 MSHR_MERGE:     113616
cpu0->cpu0_L1D TRANSLATION  ACCESS:      22829 HIT:      14069 MISS:       8760 MSHR_MERGE:         58
cpu0->cpu0_L1D PREFETCH REQUESTED:          0 ISSUED:          0 USEFUL:          0 USELESS:          0
cpu0->cpu0_L1D AVERAGE MISS LATENCY: 70.71 cycles
cpu0->cpu0_ITLB TOTAL        ACCESS:    2026178 HIT:    2026178 MISS:          0 MSHR_MERGE:          0
cpu0->cpu0_ITLB LOAD         ACCESS:    2026178 HIT:    2026178 MISS:          0 MSHR_MERGE:          0
cpu0->cpu0_ITLB RFO          ACCESS:          0 HIT:          0 MISS:          0 MSHR_MERGE:          0
cpu0->cpu0_ITLB PREFETCH     ACCESS:          0 HIT:          0 MISS:          0 MSHR_MERGE:          0
cpu0->cpu0_ITLB WRITE        ACCESS:          0 HIT:          0 MISS:          0 MSHR_MERGE:          0
cpu0->cpu0_ITLB TRANSLATION  ACCESS:          0 HIT:          0 MISS:          0 MSHR_MERGE:          0
cpu0->cpu0_ITLB PREFETCH REQUESTED:          0 ISSUED:          0 USEFUL:          0 USELESS:          0
cpu0->cpu0_ITLB AVERAGE MISS LATENCY: - cycles
cpu0->cpu0_DTLB TOTAL        ACCESS:   14234213 HIT:   13049490 MISS:    1184723 MSHR_MERGE:     261719
cpu0->cpu0_DTLB LOAD         ACCESS:   14234213 HIT:   13049490 MISS:    1184723 MSHR_MERGE:     261719
cpu0->cpu0_DTLB RFO          ACCESS:          0 HIT:          0 MISS:          0 MSHR_MERGE:          0
cpu0->cpu0_DTLB PREFETCH     ACCESS:          0 HIT:          0 MISS:          0 MSHR_MERGE:          0
cpu0->cpu0_DTLB WRITE        ACCESS:          0 HIT:          0 MISS:          0 MSHR_MERGE:          0
cpu0->cpu0_DTLB TRANSLATION  ACCESS:          0 HIT:          0 MISS:          0 MSHR_MERGE:          0
cpu0->cpu0_DTLB PREFETCH REQUESTED:          0 ISSUED:          0 USEFUL:          0 USELESS:          0
cpu0->cpu0_DTLB AVERAGE MISS LATENCY: 8.406 cycles
cpu0->LLC TOTAL        ACCESS:    1562184 HIT:     762020 MISS:     800164 MSHR_MERGE:      14628
cpu0->LLC LOAD         ACCESS:     803143 HIT:     501646 MISS:     301497 MSHR_MERGE:      14394
cpu0->LLC RFO          ACCESS:      53150 HIT:       3131 MISS:      50019 MSHR_MERGE:          0
cpu0->LLC PREFETCH     ACCESS:     288709 HIT:      21964 MISS:     266745 MSHR_MERGE:        234
cpu0->LLC WRITE        ACCESS:     411921 HIT:     234975 MISS:     176946 MSHR_MERGE:          0
cpu0->LLC TRANSLATION  ACCESS:       5261 HIT:        304 MISS:       4957 MSHR_MERGE:          0
cpu0->LLC PREFETCH REQUESTED:          0 ISSUED:          0 USEFUL:          0 USELESS:          0
cpu0->LLC AVERAGE MISS LATENCY: 255.9 cycles

DRAM Statistics

Channel 0 RQ ROW_BUFFER_HIT:       5417
  ROW_BUFFER_MISS:     602660
  AVG DBUS CONGESTED CYCLE: 4.103
Channel 0 WQ ROW_BUFFER_HIT:      45009
  ROW_BUFFER_MISS:     163114
  FULL:          0
Channel 0 REFRESHES ISSUED:       8810
