[VMEM] WARNING: physical memory size is smaller than virtual memory size.

*** ChampSim Multicore Out-of-Order Simulator ***
Warmup Instructions: 10000000
Simulation Instructions: 50000000
Number of CPUs: 1
Page size: 4096
Core 0: traces/GAP/bc-12.trace.gz
 L1D Berti prefetcher
Off-chip DRAM Size: 64 GiB Channels: 1 Width: 64-bit Data Rate: 4807 MT/s
Heartbeat CPU 0 instructions: 500001 cycles: 508635 heartbeat IPC: 0.983 cumulative IPC: 0.983 (Simulation time: 00 hr 00 min 03 sec)
Heartbeat CPU 0 instructions: 1000001 cycles: 1014842 heartbeat IPC: 0.9877 cumulative IPC: 0.9854 (Simulation time: 00 hr 00 min 09 sec)
Heartbeat CPU 0 instructions: 1500001 cycles: 1520823 heartbeat IPC: 0.9882 cumulative IPC: 0.9863 (Simulation time: 00 hr 00 min 11 sec)
Heartbeat CPU 0 instructions: 2000006 cycles: 1874930 heartbeat IPC: 1.412 cumulative IPC: 1.067 (Simulation time: 00 hr 00 min 14 sec)
Heartbeat CPU 0 instructions: 2500012 cycles: 1986899 heartbeat IPC: 4.466 cumulative IPC: 1.258 (Simulation time: 00 hr 04 min 43 sec)
Heartbeat CPU 0 instructions: 3000013 cycles: 2090369 heartbeat IPC: 4.832 cumulative IPC: 1.435 (Simulation time: 00 hr 04 min 44 sec)
Heartbeat CPU 0 instructions: 3500014 cycles: 2203948 heartbeat IPC: 4.402 cumulative IPC: 1.588 (Simulation time: 00 hr 04 min 45 sec)
Heartbeat CPU 0 instructions: 4000019 cycles: 2308120 heartbeat IPC: 4.8 cumulative IPC: 1.733 (Simulation time: 00 hr 04 min 47 sec)
Heartbeat CPU 0 instructions: 4500020 cycles: 2419751 heartbeat IPC: 4.479 cumulative IPC: 1.86 (Simulation time: 00 hr 04 min 49 sec)
Heartbeat CPU 0 instructions: 5000020 cycles: 2524204 heartbeat IPC: 4.787 cumulative IPC: 1.981 (Simulation time: 00 hr 04 min 51 sec)
Heartbeat CPU 0 instructions: 5500025 cycles: 2634887 heartbeat IPC: 4.517 cumulative IPC: 2.087 (Simulation time: 00 hr 04 min 52 sec)
Heartbeat CPU 0 instructions: 6000030 cycles: 2741897 heartbeat IPC: 4.673 cumulative IPC: 2.188 (Simulation time: 00 hr 19 min 15 sec)
Heartbeat CPU 0 instructions: 6500031 cycles: 2853622 heartbeat IPC: 4.475 cumulative IPC: 2.278 (Simulation time: 00 hr 19 min 17 sec)
Heartbeat CPU 0 instructions: 7000034 cycles: 2960751 heartbeat IPC: 4.667 cumulative IPC: 2.364 (Simulation time: 00 hr 19 min 19 sec)
Heartbeat CPU 0 instructions: 7500034 cycles: 3067302 heartbeat IPC: 4.693 cumulative IPC: 2.445 (Simulation time: 00 hr 19 min 21 sec)
Heartbeat CPU 0 instructions: 8000034 cycles: 3178551 heartbeat IPC: 4.494 cumulative IPC: 2.517 (Simulation time: 00 hr 19 min 23 sec)
Heartbeat CPU 0 instructions: 8500037 cycles: 3284191 heartbeat IPC: 4.733 cumulative IPC: 2.588 (Simulation time: 00 hr 19 min 25 sec)
Heartbeat CPU 0 instructions: 9000040 cycles: 3392013 heartbeat IPC: 4.637 cumulative IPC: 2.653 (Simulation time: 00 hr 19 min 27 sec)
Heartbeat CPU 0 instructions: 9500043 cycles: 3502841 heartbeat IPC: 4.512 cumulative IPC: 2.712 (Simulation time: 00 hr 19 min 29 sec)
Warmup finished CPU 0 instructions: 10000000 cycles: 3608247 cumulative IPC: 2.771 (Simulation time: 00 hr 19 min 31 sec)
Warmup complete CPU 0 instructions: 10000000 cycles: 3608247 cumulative IPC: 2.771 (Simulation time: 00 hr 19 min 31 sec)
Heartbeat CPU 0 instructions: 10000048 cycles: 3608260 heartbeat IPC: 4.743 cumulative IPC: 3.692 (Simulation time: 00 hr 19 min 31 sec)
Heartbeat CPU 0 instructions: 10500054 cycles: 6175683 heartbeat IPC: 0.1948 cumulative IPC: 0.1948 (Simulation time: 00 hr 27 min 37 sec)
Heartbeat CPU 0 instructions: 11000054 cycles: 8601038 heartbeat IPC: 0.2062 cumulative IPC: 0.2003 (Simulation time: 00 hr 27 min 47 sec)
Heartbeat CPU 0 instructions: 11500057 cycles: 10968635 heartbeat IPC: 0.2112 cumulative IPC: 0.2038 (Simulation time: 00 hr 27 min 56 sec)
Heartbeat CPU 0 instructions: 12000059 cycles: 13286587 heartbeat IPC: 0.2157 cumulative IPC: 0.2067 (Simulation time: 00 hr 28 min 05 sec)
Heartbeat CPU 0 instructions: 12500063 cycles: 15636943 heartbeat IPC: 0.2127 cumulative IPC: 0.2078 (Simulation time: 00 hr 28 min 15 sec)
Heartbeat CPU 0 instructions: 13000070 cycles: 18051434 heartbeat IPC: 0.2071 cumulative IPC: 0.2077 (Simulation time: 00 hr 28 min 24 sec)
Heartbeat CPU 0 instructions: 13500072 cycles: 20452631 heartbeat IPC: 0.2082 cumulative IPC: 0.2078 (Simulation time: 00 hr 28 min 34 sec)
Heartbeat CPU 0 instructions: 14000072 cycles: 22842214 heartbeat IPC: 0.2092 cumulative IPC: 0.208 (Simulation time: 00 hr 28 min 43 sec)
Heartbeat CPU 0 instructions: 14500077 cycles: 25319265 heartbeat IPC: 0.2019 cumulative IPC: 0.2073 (Simulation time: 00 hr 28 min 53 sec)
Heartbeat CPU 0 instructions: 15000077 cycles: 27789875 heartbeat IPC: 0.2024 cumulative IPC: 0.2068 (Simulation time: 00 hr 29 min 03 sec)
Heartbeat CPU 0 instructions: 15500082 cycles: 30241711 heartbeat IPC: 0.2039 cumulative IPC: 0.2065 (Simulation time: 00 hr 29 min 13 sec)
Heartbeat CPU 0 instructions: 16000084 cycles: 32868851 heartbeat IPC: 0.1903 cumulative IPC: 0.2051 (Simulation time: 00 hr 29 min 24 sec)
Heartbeat CPU 0 instructions: 16500091 cycles: 35191482 heartbeat IPC: 0.2153 cumulative IPC: 0.2058 (Simulation time: 00 hr 29 min 33 sec)
Heartbeat CPU 0 instructions: 17000092 cycles: 37700130 heartbeat IPC: 0.1993 cumulative IPC: 0.2053 (Simulation time: 00 hr 29 min 43 sec)
Heartbeat CPU 0 instructions: 17500092 cycles: 40300372 heartbeat IPC: 0.1923 cumulative IPC: 0.2044 (Simulation time: 00 hr 29 min 54 sec)
Heartbeat CPU 0 instructions: 18000092 cycles: 42718005 heartbeat IPC: 0.2068 cumulative IPC: 0.2046 (Simulation time: 00 hr 30 min 03 sec)
Heartbeat CPU 0 instructions: 18500094 cycles: 45206717 heartbeat IPC: 0.2009 cumulative IPC: 0.2043 (Simulation time: 00 hr 30 min 13 sec)
Heartbeat CPU 0 instructions: 19000099 cycles: 47841016 heartbeat IPC: 0.1898 cumulative IPC: 0.2035 (Simulation time: 00 hr 30 min 24 sec)
Heartbeat CPU 0 instructions: 19500099 cycles: 50245668 heartbeat IPC: 0.2079 cumulative IPC: 0.2037 (Simulation time: 00 hr 30 min 33 sec)
Heartbeat CPU 0 instructions: 20000100 cycles: 52719086 heartbeat IPC: 0.2021 cumulative IPC: 0.2036 (Simulation time: 00 hr 30 min 43 sec)
Heartbeat CPU 0 instructions: 20500101 cycles: 55097451 heartbeat IPC: 0.2102 cumulative IPC: 0.2039 (Simulation time: 00 hr 30 min 52 sec)
Heartbeat CPU 0 instructions: 21000105 cycles: 57572157 heartbeat IPC: 0.202 cumulative IPC: 0.2038 (Simulation time: 00 hr 31 min 02 sec)
Heartbeat CPU 0 instructions: 21500110 cycles: 60137680 heartbeat IPC: 0.1949 cumulative IPC: 0.2034 (Simulation time: 00 hr 31 min 12 sec)
Heartbeat CPU 0 instructions: 22000115 cycles: 62594662 heartbeat IPC: 0.2035 cumulative IPC: 0.2034 (Simulation time: 00 hr 31 min 22 sec)
Heartbeat CPU 0 instructions: 22500115 cycles: 65073615 heartbeat IPC: 0.2017 cumulative IPC: 0.2034 (Simulation time: 00 hr 31 min 32 sec)
Heartbeat CPU 0 instructions: 23000119 cycles: 67568802 heartbeat IPC: 0.2004 cumulative IPC: 0.2033 (Simulation time: 00 hr 31 min 42 sec)
Heartbeat CPU 0 instructions: 23500119 cycles: 70027897 heartbeat IPC: 0.2033 cumulative IPC: 0.2033 (Simulation time: 00 hr 31 min 52 sec)
Heartbeat CPU 0 instructions: 24000124 cycles: 72523494 heartbeat IPC: 0.2004 cumulative IPC: 0.2031 (Simulation time: 00 hr 32 min 02 sec)
Heartbeat CPU 0 instructions: 24500128 cycles: 74936522 heartbeat IPC: 0.2072 cumulative IPC: 0.2033 (Simulation time: 00 hr 32 min 12 sec)
Heartbeat CPU 0 instructions: 25000128 cycles: 77499544 heartbeat IPC: 0.1951 cumulative IPC: 0.203 (Simulation time: 00 hr 32 min 22 sec)
Heartbeat CPU 0 instructions: 25500128 cycles: 79984960 heartbeat IPC: 0.2012 cumulative IPC: 0.2029 (Simulation time: 00 hr 32 min 32 sec)
Heartbeat CPU 0 instructions: 26000128 cycles: 82659580 heartbeat IPC: 0.1869 cumulative IPC: 0.2024 (Simulation time: 00 hr 32 min 43 sec)
Heartbeat CPU 0 instructions: 26500128 cycles: 85232345 heartbeat IPC: 0.1943 cumulative IPC: 0.2021 (Simulation time: 00 hr 32 min 54 sec)
Heartbeat CPU 0 instructions: 27000128 cycles: 87782965 heartbeat IPC: 0.196 cumulative IPC: 0.202 (Simulation time: 00 hr 33 min 04 sec)
Heartbeat CPU 0 instructions: 27500132 cycles: 90263788 heartbeat IPC: 0.2015 cumulative IPC: 0.202 (Simulation time: 00 hr 33 min 14 sec)
Heartbeat CPU 0 instructions: 28000134 cycles: 92784997 heartbeat IPC: 0.1983 cumulative IPC: 0.2018 (Simulation time: 00 hr 33 min 24 sec)
Heartbeat CPU 0 instructions: 28500136 cycles: 95250194 heartbeat IPC: 0.2028 cumulative IPC: 0.2019 (Simulation time: 00 hr 33 min 35 sec)
Heartbeat CPU 0 instructions: 29000139 cycles: 97732529 heartbeat IPC: 0.2014 cumulative IPC: 0.2019 (Simulation time: 00 hr 33 min 45 sec)
Heartbeat CPU 0 instructions: 29500139 cycles: 100294198 heartbeat IPC: 0.1952 cumulative IPC: 0.2017 (Simulation time: 00 hr 33 min 55 sec)
Heartbeat CPU 0 instructions: 30000144 cycles: 102723448 heartbeat IPC: 0.2058 cumulative IPC: 0.2018 (Simulation time: 00 hr 34 min 05 sec)
Heartbeat CPU 0 instructions: 30500147 cycles: 105189309 heartbeat IPC: 0.2028 cumulative IPC: 0.2018 (Simulation time: 00 hr 34 min 14 sec)
Heartbeat CPU 0 instructions: 31000150 cycles: 107756758 heartbeat IPC: 0.1947 cumulative IPC: 0.2016 (Simulation time: 00 hr 34 min 25 sec)
Heartbeat CPU 0 instructions: 31500154 cycles: 110301190 heartbeat IPC: 0.1965 cumulative IPC: 0.2015 (Simulation time: 00 hr 34 min 35 sec)
Heartbeat CPU 0 instructions: 32000154 cycles: 112809604 heartbeat IPC: 0.1993 cumulative IPC: 0.2015 (Simulation time: 00 hr 34 min 46 sec)
Heartbeat CPU 0 instructions: 32500155 cycles: 115387036 heartbeat IPC: 0.194 cumulative IPC: 0.2013 (Simulation time: 00 hr 34 min 56 sec)
Heartbeat CPU 0 instructions: 33000160 cycles: 117989611 heartbeat IPC: 0.1921 cumulative IPC: 0.2011 (Simulation time: 00 hr 35 min 07 sec)
Heartbeat CPU 0 instructions: 33500166 cycles: 120506396 heartbeat IPC: 0.1987 cumulative IPC: 0.201 (Simulation time: 00 hr 35 min 17 sec)
Heartbeat CPU 0 instructions: 34000173 cycles: 123121780 heartbeat IPC: 0.1912 cumulative IPC: 0.2008 (Simulation time: 00 hr 35 min 28 sec)
Heartbeat CPU 0 instructions: 34500180 cycles: 125706401 heartbeat IPC: 0.1935 cumulative IPC: 0.2007 (Simulation time: 00 hr 35 min 39 sec)
Heartbeat CPU 0 instructions: 35000180 cycles: 128238356 heartbeat IPC: 0.1975 cumulative IPC: 0.2006 (Simulation time: 00 hr 35 min 49 sec)
Heartbeat CPU 0 instructions: 35500181 cycles: 130813497 heartbeat IPC: 0.1942 cumulative IPC: 0.2005 (Simulation time: 00 hr 36 min 00 sec)
Heartbeat CPU 0 instructions: 36000181 cycles: 133417119 heartbeat IPC: 0.192 cumulative IPC: 0.2003 (Simulation time: 00 hr 36 min 10 sec)
Heartbeat CPU 0 instructions: 36500181 cycles: 135938364 heartbeat IPC: 0.1983 cumulative IPC: 0.2003 (Simulation time: 00 hr 36 min 21 sec)
Heartbeat CPU 0 instructions: 37000181 cycles: 138402630 heartbeat IPC: 0.2029 cumulative IPC: 0.2003 (Simulation time: 00 hr 36 min 31 sec)
Heartbeat CPU 0 instructions: 37500188 cycles: 140923483 heartbeat IPC: 0.1983 cumulative IPC: 0.2003 (Simulation time: 00 hr 36 min 42 sec)
Heartbeat CPU 0 instructions: 38000188 cycles: 143536336 heartbeat IPC: 0.1914 cumulative IPC: 0.2001 (Simulation time: 00 hr 36 min 53 sec)
Heartbeat CPU 0 instructions: 38500190 cycles: 146186879 heartbeat IPC: 0.1886 cumulative IPC: 0.1999 (Simulation time: 00 hr 37 min 04 sec)
Heartbeat CPU 0 instructions: 39000194 cycles: 148745309 heartbeat IPC: 0.1954 cumulative IPC: 0.1998 (Simulation time: 00 hr 37 min 14 sec)
Heartbeat CPU 0 instructions: 39500194 cycles: 151237020 heartbeat IPC: 0.2007 cumulative IPC: 0.1998 (Simulation time: 00 hr 37 min 25 sec)
Heartbeat CPU 0 instructions: 40000196 cycles: 153474483 heartbeat IPC: 0.2235 cumulative IPC: 0.2002 (Simulation time: 00 hr 37 min 34 sec)
Heartbeat CPU 0 instructions: 40500196 cycles: 155472838 heartbeat IPC: 0.2502 cumulative IPC: 0.2008 (Simulation time: 00 hr 37 min 43 sec)
Heartbeat CPU 0 instructions: 41000196 cycles: 158132303 heartbeat IPC: 0.188 cumulative IPC: 0.2006 (Simulation time: 00 hr 37 min 55 sec)
Heartbeat CPU 0 instructions: 41500196 cycles: 160346682 heartbeat IPC: 0.2258 cumulative IPC: 0.201 (Simulation time: 00 hr 38 min 04 sec)
Heartbeat CPU 0 instructions: 42000197 cycles: 162370456 heartbeat IPC: 0.2471 cumulative IPC: 0.2016 (Simulation time: 00 hr 38 min 13 sec)
Heartbeat CPU 0 instructions: 42500197 cycles: 164993884 heartbeat IPC: 0.1906 cumulative IPC: 0.2014 (Simulation time: 00 hr 38 min 24 sec)
Heartbeat CPU 0 instructions: 43000198 cycles: 167586922 heartbeat IPC: 0.1928 cumulative IPC: 0.2012 (Simulation time: 00 hr 38 min 35 sec)
Heartbeat CPU 0 instructions: 43500201 cycles: 170217114 heartbeat IPC: 0.1901 cumulative IPC: 0.2011 (Simulation time: 00 hr 38 min 46 sec)
Heartbeat CPU 0 instructions: 44000208 cycles: 172728799 heartbeat IPC: 0.1991 cumulative IPC: 0.201 (Simulation time: 00 hr 38 min 57 sec)
Heartbeat CPU 0 instructions: 44500208 cycles: 175349288 heartbeat IPC: 0.1908 cumulative IPC: 0.2009 (Simulation time: 00 hr 39 min 08 sec)
Heartbeat CPU 0 instructions: 45000211 cycles: 177925560 heartbeat IPC: 0.1941 cumulative IPC: 0.2008 (Simulation time: 00 hr 39 min 19 sec)
Heartbeat CPU 0 instructions: 45500215 cycles: 180485203 heartbeat IPC: 0.1953 cumulative IPC: 0.2007 (Simulation time: 00 hr 39 min 29 sec)
Heartbeat CPU 0 instructions: 46000222 cycles: 183023100 heartbeat IPC: 0.197 cumulative IPC: 0.2007 (Simulation time: 00 hr 39 min 40 sec)
Heartbeat CPU 0 instructions: 46500222 cycles: 185603142 heartbeat IPC: 0.1938 cumulative IPC: 0.2006 (Simulation time: 00 hr 39 min 51 sec)
Heartbeat CPU 0 instructions: 47000229 cycles: 187537420 heartbeat IPC: 0.2585 cumulative IPC: 0.2012 (Simulation time: 00 hr 39 min 59 sec)
Heartbeat CPU 0 instructions: 47500229 cycles: 189961785 heartbeat IPC: 0.2062 cumulative IPC: 0.2012 (Simulation time: 00 hr 40 min 10 sec)
Heartbeat CPU 0 instructions: 48000232 cycles: 192546141 heartbeat IPC: 0.1935 cumulative IPC: 0.2011 (Simulation time: 00 hr 40 min 21 sec)
Heartbeat CPU 0 instructions: 48500233 cycles: 195154650 heartbeat IPC: 0.1917 cumulative IPC: 0.201 (Simulation time: 00 hr 40 min 32 sec)
Heartbeat CPU 0 instructions: 49000234 cycles: 197772067 heartbeat IPC: 0.191 cumulative IPC: 0.2009 (Simulation time: 00 hr 40 min 43 sec)
Heartbeat CPU 0 instructions: 49500237 cycles: 200361102 heartbeat IPC: 0.1931 cumulative IPC: 0.2008 (Simulation time: 00 hr 40 min 54 sec)
Heartbeat CPU 0 instructions: 50000238 cycles: 202978370 heartbeat IPC: 0.191 cumulative IPC: 0.2006 (Simulation time: 00 hr 41 min 05 sec)
Heartbeat CPU 0 instructions: 50500245 cycles: 205567189 heartbeat IPC: 0.1931 cumulative IPC: 0.2005 (Simulation time: 00 hr 41 min 16 sec)
Heartbeat CPU 0 instructions: 51000249 cycles: 207600894 heartbeat IPC: 0.2459 cumulative IPC: 0.201 (Simulation time: 00 hr 41 min 24 sec)
Heartbeat CPU 0 instructions: 51500254 cycles: 209946804 heartbeat IPC: 0.2131 cumulative IPC: 0.2011 (Simulation time: 00 hr 41 min 35 sec)
Heartbeat CPU 0 instructions: 52000255 cycles: 212565292 heartbeat IPC: 0.191 cumulative IPC: 0.201 (Simulation time: 00 hr 41 min 46 sec)
Heartbeat CPU 0 instructions: 52500255 cycles: 214614660 heartbeat IPC: 0.244 cumulative IPC: 0.2014 (Simulation time: 00 hr 41 min 55 sec)
Heartbeat CPU 0 instructions: 53000255 cycles: 216827537 heartbeat IPC: 0.226 cumulative IPC: 0.2017 (Simulation time: 00 hr 42 min 04 sec)
Heartbeat CPU 0 instructions: 53500257 cycles: 219397180 heartbeat IPC: 0.1946 cumulative IPC: 0.2016 (Simulation time: 00 hr 42 min 15 sec)
Heartbeat CPU 0 instructions: 54000263 cycles: 221977925 heartbeat IPC: 0.1937 cumulative IPC: 0.2015 (Simulation time: 00 hr 42 min 25 sec)
Heartbeat CPU 0 instructions: 54500263 cycles: 224507787 heartbeat IPC: 0.1976 cumulative IPC: 0.2015 (Simulation time: 00 hr 42 min 36 sec)
Heartbeat CPU 0 instructions: 55000264 cycles: 227180825 heartbeat IPC: 0.1871 cumulative IPC: 0.2013 (Simulation time: 00 hr 42 min 48 sec)
Heartbeat CPU 0 instructions: 55500266 cycles: 229691853 heartbeat IPC: 0.1991 cumulative IPC: 0.2013 (Simulation time: 00 hr 42 min 59 sec)
Heartbeat CPU 0 instructions: 56000267 cycles: 232313264 heartbeat IPC: 0.1907 cumulative IPC: 0.2011 (Simulation time: 00 hr 43 min 09 sec)
Heartbeat CPU 0 instructions: 56500273 cycles: 234868587 heartbeat IPC: 0.1957 cumulative IPC: 0.2011 (Simulation time: 00 hr 43 min 20 sec)
Heartbeat CPU 0 instructions: 57000273 cycles: 237469417 heartbeat IPC: 0.1922 cumulative IPC: 0.201 (Simulation time: 00 hr 43 min 31 sec)
Heartbeat CPU 0 instructions: 57500280 cycles: 239926273 heartbeat IPC: 0.2035 cumulative IPC: 0.201 (Simulation time: 00 hr 43 min 41 sec)
Heartbeat CPU 0 instructions: 58000281 cycles: 241769344 heartbeat IPC: 0.2713 cumulative IPC: 0.2015 (Simulation time: 00 hr 43 min 49 sec)
Heartbeat CPU 0 instructions: 58500284 cycles: 244418251 heartbeat IPC: 0.1888 cumulative IPC: 0.2014 (Simulation time: 00 hr 44 min 01 sec)
Heartbeat CPU 0 instructions: 59000285 cycles: 246999420 heartbeat IPC: 0.1937 cumulative IPC: 0.2013 (Simulation time: 00 hr 44 min 12 sec)
Heartbeat CPU 0 instructions: 59500287 cycles: 249578579 heartbeat IPC: 0.1939 cumulative IPC: 0.2012 (Simulation time: 00 hr 44 min 22 sec)
Simulation finished CPU 0 instructions: 50000007 cycles: 248571772 cumulative IPC: 0.2011 (Simulation time: 00 hr 44 min 33 sec)
Simulation complete CPU 0 instructions: 50000007 cycles: 248571772 cumulative IPC: 0.2011 (Simulation time: 00 hr 44 min 33 sec)

ChampSim completed all CPUs

=== Simulation ===
CPU 0 runs traces/GAP/bc-12.trace.gz

Region of Interest Statistics

CPU 0 cumulative IPC: 0.2011 instructions: 50000007 cycles: 248571772
CPU 0 Branch Prediction Accuracy: 84.24% MPKI: 27.38 Average ROB Occupancy at Mispredict: 40.13
Branch type MPKI
BRANCH_DIRECT_JUMP: 0
BRANCH_INDIRECT: 0
BRANCH_CONDITIONAL: 27.38
BRANCH_DIRECT_CALL: 0
BRANCH_INDIRECT_CALL: 0
BRANCH_RETURN: 0

cpu0->cpu0_STLB TOTAL        ACCESS:    1716964 HIT:     915193 MISS:     801771 MSHR_MERGE:          0
cpu0->cpu0_STLB LOAD         ACCESS:    1716964 HIT:     915193 MISS:     801771 MSHR_MERGE:          0
cpu0->cpu0_STLB RFO          ACCESS:          0 HIT:          0 MISS:          0 MSHR_MERGE:          0
cpu0->cpu0_STLB PREFETCH     ACCESS:          0 HIT:          0 MISS:          0 MSHR_MERGE:          0
cpu0->cpu0_STLB WRITE        ACCESS:          0 HIT:          0 MISS:          0 MSHR_MERGE:          0
cpu0->cpu0_STLB TRANSLATION  ACCESS:          0 HIT:          0 MISS:          0 MSHR_MERGE:          0
cpu0->cpu0_STLB PREFETCH REQUESTED:          0 ISSUED:          0 USEFUL:          0 USELESS:          0
cpu0->cpu0_STLB AVERAGE MISS LATENCY: 23.07 cycles
cpu0->cpu0_L2C TOTAL        ACCESS:   19129823 HIT:    7246368 MISS:   11883455 MSHR_MERGE:    1682071
cpu0->cpu0_L2C LOAD         ACCESS:    3808690 HIT:    1336775 MISS:    2471915 MSHR_MERGE:     141995
cpu0->cpu0_L2C RFO          ACCESS:      28605 HIT:       2109 MISS:      26496 MSHR_MERGE:          0
cpu0->cpu0_L2C PREFETCH     ACCESS:   13494092 HIT:    4131064 MISS:    9363028 MSHR_MERGE:    1540076
cpu0->cpu0_L2C WRITE        ACCESS:    1530052 HIT:    1530034 MISS:         18 MSHR_MERGE:          0
cpu0->cpu0_L2C TRANSLATION  ACCESS:     268384 HIT:     246386 MISS:      21998 MSHR_MERGE:          0
cpu0->cpu0_L2C PREFETCH REQUESTED:   12902343 ISSUED:   11473916 USEFUL:    1080925 USELESS:    5366142
cpu0->cpu0_L2C AVERAGE MISS LATENCY: 179.8 cycles
cpu0->cpu0_L1I TOTAL        ACCESS:     122300 HIT:     122300 MISS:          0 MSHR_MERGE:          0
cpu0->cpu0_L1I LOAD         ACCESS:     122300 HIT:     122300 MISS:          0 MSHR_MERGE:          0
cpu0->cpu0_L1I RFO          ACCESS:          0 HIT:          0 MISS:          0 MSHR_MERGE:          0
cpu0->cpu0_L1I PREFETCH     ACCESS:          0 HIT:          0 MISS:          0 MSHR_MERGE:          0
cpu0->cpu0_L1I WRITE        ACCESS:          0 HIT:          0 MISS:          0 MSHR_MERGE:          0
cpu0->cpu0_L1I TRANSLATION  ACCESS:          0 HIT:          0 MISS:          0 MSHR_MERGE:          0
cpu0->cpu0_L1I PREFETCH REQUESTED:          0 ISSUED:          0 USEFUL:          0 USELESS:          0
cpu0->cpu0_L1I AVERAGE MISS LATENCY: - cycles
cpu0->cpu0_L1D TOTAL        ACCESS:   20248139 HIT:   13908806 MISS:    6339333 MSHR_MERGE:     213494
cpu0->cpu0_L1D LOAD         ACCESS:   13388210 HIT:    9454277 MISS:    3933933 MSHR_MERGE:     125244
cpu0->cpu0_L1D RFO          ACCESS:          0 HIT:          0 MISS:          0 MSHR_MERGE:          0
cpu0->cpu0_L1D PREFETCH     ACCESS:    2176400 HIT:     126855 MISS:    2049545 MSHR_MERGE:      29385
cpu0->cpu0_L1D WRITE        ACCESS:    3107799 HIT:    3036547 MISS:      71252 MSHR_MERGE:      42646
cpu0->cpu0_L1D TRANSLATION  ACCESS:    1575730 HIT:    1291127 MISS:     284603 MSHR_MERGE:      16219
cpu0->cpu0_L1D PREFETCH REQUESTED:    2185444 ISSUED:    2176392 USEFUL:     301046 USELESS:    1719020
cpu0->cpu0_L1D AVERAGE MISS LATENCY: 120.1 cycles
cpu0->cpu0_ITLB TOTAL        ACCESS:     108968 HIT:     108968 MISS:          0 MSHR_MERGE:          0
cpu0->cpu0_ITLB LOAD         ACCESS:     108968 HIT:     108968 MISS:          0 MSHR_MERGE:          0
cpu0->cpu0_ITLB RFO          ACCESS:          0 HIT:          0 MISS:          0 MSHR_MERGE:          0
cpu0->cpu0_ITLB PREFETCH     ACCESS:          0 HIT:          0 MISS:          0 MSHR_MERGE:          0
cpu0->cpu0_ITLB WRITE        ACCESS:          0 HIT:          0 MISS:          0 MSHR_MERGE:          0
cpu0->cpu0_ITLB TRANSLATION  ACCESS:          0 HIT:          0 MISS:          0 MSHR_MERGE:          0
cpu0->cpu0_ITLB PREFETCH REQUESTED:          0 ISSUED:          0 USEFUL:          0 USELESS:          0
cpu0->cpu0_ITLB AVERAGE MISS LATENCY: - cycles
cpu0->cpu0_DTLB TOTAL        ACCESS:   18207428 HIT:   16104641 MISS:    2102787 MSHR_MERGE:     385823
cpu0->cpu0_DTLB LOAD         ACCESS:   18207428 HIT:   16104641 MISS:    2102787 MSHR_MERGE:     385823
cpu0->cpu0_DTLB RFO          ACCESS:          0 HIT:          0 MISS:          0 MSHR_MERGE:          0
cpu0->cpu0_DTLB PREFETCH     ACCESS:          0 HIT:          0 MISS:          0 MSHR_MERGE:          0
cpu0->cpu0_DTLB WRITE        ACCESS:          0 HIT:          0 MISS:          0 MSHR_MERGE:          0
cpu0->cpu0_DTLB TRANSLATION  ACCESS:          0 HIT:          0 MISS:          0 MSHR_MERGE:          0
cpu0->cpu0_DTLB PREFETCH REQUESTED:          0 ISSUED:          0 USEFUL:          0 USELESS:          0
cpu0->cpu0_DTLB AVERAGE MISS LATENCY: 16.24 cycles
cpu0->LLC TOTAL        ACCESS:   11641484 HIT:    4357651 MISS:    7283833 MSHR_MERGE:          0
cpu0->LLC LOAD         ACCESS:    2329919 HIT:     987329 MISS:    1342590 MSHR_MERGE:          0
cpu0->LLC RFO          ACCESS:      26496 HIT:        858 MISS:      25638 MSHR_MERGE:          0
cpu0->LLC PREFETCH     ACCESS:    7822953 HIT:    2748962 MISS:    5073991 MSHR_MERGE:          0
cpu0->LLC WRITE        ACCESS:    1440118 HIT:     616896 MISS:     823222 MSHR_MERGE:          0
cpu0->LLC TRANSLATION  ACCESS:      21998 HIT:       3606 MISS:      18392 MSHR_MERGE:          0
cpu0->LLC PREFETCH REQUESTED:          0 ISSUED:          0 USEFUL:          0 USELESS:          0
cpu0->LLC AVERAGE MISS LATENCY: 174.1 cycles

DRAM Statistics

Channel 0 RQ ROW_BUFFER_HIT:     325560
  ROW_BUFFER_MISS:    6131076
  AVG DBUS CONGESTED CYCLE: 10.55
Channel 0 WQ ROW_BUFFER_HIT:     193724
  ROW_BUFFER_MISS:     788054
  FULL:          0
Channel 0 REFRESHES ISSUED:      20713
