[VMEM] WARNING: physical memory size is smaller than virtual memory size.

*** ChampSim Multicore Out-of-Order Simulator ***
Warmup Instructions: 10000000
Simulation Instructions: 50000000
Number of CPUs: 1
Page size: 4096
Core 0: traces/GAP/cc-14.trace.gz
 L1D Berti prefetcher
Off-chip DRAM Size: 64 GiB Channels: 1 Width: 64-bit Data Rate: 4807 MT/s
Heartbeat CPU 0 instructions: 500004 cycles: 151555 heartbeat IPC: 3.299 cumulative IPC: 3.299 (Simulation time: 00 hr 00 min 01 sec)
Heartbeat CPU 0 instructions: 1000005 cycles: 299472 heartbeat IPC: 3.38 cumulative IPC: 3.339 (Simulation time: 00 hr 00 min 02 sec)
Heartbeat CPU 0 instructions: 1500005 cycles: 447038 heartbeat IPC: 3.388 cumulative IPC: 3.355 (Simulation time: 00 hr 00 min 03 sec)
Heartbeat CPU 0 instructions: 2000012 cycles: 556475 heartbeat IPC: 4.569 cumulative IPC: 3.594 (Simulation time: 00 hr 00 min 04 sec)
Heartbeat CPU 0 instructions: 2500013 cycles: 658741 heartbeat IPC: 4.889 cumulative IPC: 3.795 (Simulation time: 00 hr 00 min 05 sec)
Heartbeat CPU 0 instructions: 3000020 cycles: 761034 heartbeat IPC: 4.888 cumulative IPC: 3.942 (Simulation time: 00 hr 00 min 06 sec)
Heartbeat CPU 0 instructions: 3500022 cycles: 863524 heartbeat IPC: 4.879 cumulative IPC: 4.053 (Simulation time: 00 hr 00 min 07 sec)
Heartbeat CPU 0 instructions: 4000027 cycles: 965967 heartbeat IPC: 4.881 cumulative IPC: 4.141 (Simulation time: 00 hr 00 min 09 sec)
Heartbeat CPU 0 instructions: 4500032 cycles: 1068463 heartbeat IPC: 4.878 cumulative IPC: 4.212 (Simulation time: 00 hr 00 min 10 sec)
Heartbeat CPU 0 instructions: 5000038 cycles: 1171352 heartbeat IPC: 4.86 cumulative IPC: 4.269 (Simulation time: 00 hr 00 min 11 sec)
Heartbeat CPU 0 instructions: 5500042 cycles: 1273972 heartbeat IPC: 4.872 cumulative IPC: 4.317 (Simulation time: 00 hr 00 min 13 sec)
Heartbeat CPU 0 instructions: 6000044 cycles: 1376575 heartbeat IPC: 4.873 cumulative IPC: 4.359 (Simulation time: 00 hr 00 min 14 sec)
Heartbeat CPU 0 instructions: 6500050 cycles: 1478916 heartbeat IPC: 4.886 cumulative IPC: 4.395 (Simulation time: 00 hr 00 min 15 sec)
Heartbeat CPU 0 instructions: 7000052 cycles: 1581551 heartbeat IPC: 4.872 cumulative IPC: 4.426 (Simulation time: 00 hr 00 min 16 sec)
Heartbeat CPU 0 instructions: 7500057 cycles: 1684270 heartbeat IPC: 4.868 cumulative IPC: 4.453 (Simulation time: 00 hr 00 min 17 sec)
Heartbeat CPU 0 instructions: 8000063 cycles: 1787042 heartbeat IPC: 4.865 cumulative IPC: 4.477 (Simulation time: 00 hr 00 min 18 sec)
Heartbeat CPU 0 instructions: 8500063 cycles: 1889861 heartbeat IPC: 4.863 cumulative IPC: 4.498 (Simulation time: 00 hr 00 min 20 sec)
Heartbeat CPU 0 instructions: 9000063 cycles: 1992334 heartbeat IPC: 4.879 cumulative IPC: 4.517 (Simulation time: 00 hr 00 min 21 sec)
Heartbeat CPU 0 instructions: 9500065 cycles: 2094934 heartbeat IPC: 4.873 cumulative IPC: 4.535 (Simulation time: 00 hr 00 min 22 sec)
Warmup finished CPU 0 instructions: 10000000 cycles: 2197639 cumulative IPC: 4.55 (Simulation time: 00 hr 00 min 23 sec)
Warmup complete CPU 0 instructions: 10000000 cycles: 2197639 cumulative IPC: 4.55 (Simulation time: 00 hr 00 min 23 sec)
Heartbeat CPU 0 instructions: 10000066 cycles: 2197834 heartbeat IPC: 4.859 cumulative IPC: 0.3385 (Simulation time: 00 hr 00 min 23 sec)
Heartbeat CPU 0 instructions: 10500066 cycles: 3467787 heartbeat IPC: 0.3937 cumulative IPC: 0.3937 (Simulation time: 00 hr 00 min 28 sec)
Heartbeat CPU 0 instructions: 11000067 cycles: 4645618 heartbeat IPC: 0.4245 cumulative IPC: 0.4085 (Simulation time: 00 hr 00 min 32 sec)
Heartbeat CPU 0 instructions: 11500072 cycles: 5896929 heartbeat IPC: 0.3996 cumulative IPC: 0.4055 (Simulation time: 00 hr 00 min 37 sec)
Heartbeat CPU 0 instructions: 12000077 cycles: 7124870 heartbeat IPC: 0.4072 cumulative IPC: 0.4059 (Simulation time: 00 hr 00 min 42 sec)
Heartbeat CPU 0 instructions: 12500077 cycles: 8227404 heartbeat IPC: 0.4535 cumulative IPC: 0.4146 (Simulation time: 00 hr 00 min 46 sec)
Heartbeat CPU 0 instructions: 13000083 cycles: 9442680 heartbeat IPC: 0.4114 cumulative IPC: 0.4141 (Simulation time: 00 hr 00 min 51 sec)
Heartbeat CPU 0 instructions: 13500086 cycles: 10617744 heartbeat IPC: 0.4255 cumulative IPC: 0.4157 (Simulation time: 00 hr 00 min 55 sec)
Heartbeat CPU 0 instructions: 14000087 cycles: 11853010 heartbeat IPC: 0.4048 cumulative IPC: 0.4143 (Simulation time: 00 hr 01 min 00 sec)
Heartbeat CPU 0 instructions: 14500087 cycles: 13075554 heartbeat IPC: 0.409 cumulative IPC: 0.4137 (Simulation time: 00 hr 01 min 04 sec)
Heartbeat CPU 0 instructions: 15000087 cycles: 14424234 heartbeat IPC: 0.3707 cumulative IPC: 0.409 (Simulation time: 00 hr 01 min 09 sec)
Heartbeat CPU 0 instructions: 15500088 cycles: 15693471 heartbeat IPC: 0.3939 cumulative IPC: 0.4075 (Simulation time: 00 hr 01 min 14 sec)
Heartbeat CPU 0 instructions: 16000088 cycles: 16908364 heartbeat IPC: 0.4116 cumulative IPC: 0.4079 (Simulation time: 00 hr 01 min 18 sec)
Heartbeat CPU 0 instructions: 16500088 cycles: 18152676 heartbeat IPC: 0.4018 cumulative IPC: 0.4074 (Simulation time: 00 hr 01 min 23 sec)
Heartbeat CPU 0 instructions: 17000094 cycles: 19380579 heartbeat IPC: 0.4072 cumulative IPC: 0.4074 (Simulation time: 00 hr 01 min 27 sec)
Heartbeat CPU 0 instructions: 17500094 cycles: 20586547 heartbeat IPC: 0.4146 cumulative IPC: 0.4079 (Simulation time: 00 hr 01 min 32 sec)
Heartbeat CPU 0 instructions: 18000096 cycles: 21804823 heartbeat IPC: 0.4104 cumulative IPC: 0.408 (Simulation time: 00 hr 01 min 36 sec)
Heartbeat CPU 0 instructions: 18500096 cycles: 22968962 heartbeat IPC: 0.4295 cumulative IPC: 0.4092 (Simulation time: 00 hr 01 min 41 sec)
Heartbeat CPU 0 instructions: 19000098 cycles: 24144511 heartbeat IPC: 0.4253 cumulative IPC: 0.4101 (Simulation time: 00 hr 01 min 45 sec)
Heartbeat CPU 0 instructions: 19500098 cycles: 25185440 heartbeat IPC: 0.4803 cumulative IPC: 0.4133 (Simulation time: 00 hr 01 min 49 sec)
Heartbeat CPU 0 instructions: 20000099 cycles: 26356982 heartbeat IPC: 0.4268 cumulative IPC: 0.4139 (Simulation time: 00 hr 01 min 54 sec)
Heartbeat CPU 0 instructions: 20500100 cycles: 27436471 heartbeat IPC: 0.4632 cumulative IPC: 0.416 (Simulation time: 00 hr 01 min 58 sec)
Heartbeat CPU 0 instructions: 21000101 cycles: 28684232 heartbeat IPC: 0.4007 cumulative IPC: 0.4153 (Simulation time: 00 hr 02 min 03 sec)
Heartbeat CPU 0 instructions: 21500101 cycles: 29949957 heartbeat IPC: 0.395 cumulative IPC: 0.4144 (Simulation time: 00 hr 02 min 07 sec)
Heartbeat CPU 0 instructions: 22000104 cycles: 31096319 heartbeat IPC: 0.4362 cumulative IPC: 0.4152 (Simulation time: 00 hr 02 min 12 sec)
Heartbeat CPU 0 instructions: 22500104 cycles: 32255662 heartbeat IPC: 0.4313 cumulative IPC: 0.4159 (Simulation time: 00 hr 02 min 16 sec)
Heartbeat CPU 0 instructions: 23000106 cycles: 33369281 heartbeat IPC: 0.449 cumulative IPC: 0.417 (Simulation time: 00 hr 02 min 20 sec)
Heartbeat CPU 0 instructions: 23500108 cycles: 34461851 heartbeat IPC: 0.4576 cumulative IPC: 0.4184 (Simulation time: 00 hr 02 min 24 sec)
Heartbeat CPU 0 instructions: 24000114 cycles: 35561351 heartbeat IPC: 0.4548 cumulative IPC: 0.4196 (Simulation time: 00 hr 02 min 29 sec)
Heartbeat CPU 0 instructions: 24500114 cycles: 36612276 heartbeat IPC: 0.4758 cumulative IPC: 0.4213 (Simulation time: 00 hr 02 min 33 sec)
Heartbeat CPU 0 instructions: 25000120 cycles: 37650143 heartbeat IPC: 0.4818 cumulative IPC: 0.4231 (Simulation time: 00 hr 02 min 37 sec)
Heartbeat CPU 0 instructions: 25500120 cycles: 38721768 heartbeat IPC: 0.4666 cumulative IPC: 0.4244 (Simulation time: 00 hr 02 min 41 sec)
Heartbeat CPU 0 instructions: 26000124 cycles: 39929843 heartbeat IPC: 0.4139 cumulative IPC: 0.424 (Simulation time: 00 hr 02 min 46 sec)
Heartbeat CPU 0 instructions: 26500130 cycles: 41209367 heartbeat IPC: 0.3908 cumulative IPC: 0.423 (Simulation time: 00 hr 02 min 50 sec)
Heartbeat CPU 0 instructions: 27000130 cycles: 42282401 heartbeat IPC: 0.466 cumulative IPC: 0.4241 (Simulation time: 00 hr 02 min 55 sec)
Heartbeat CPU 0 instructions: 27500133 cycles: 43582404 heartbeat IPC: 0.3846 cumulative IPC: 0.4229 (Simulation time: 00 hr 02 min 59 sec)
Heartbeat CPU 0 instructions: 28000138 cycles: 44602787 heartbeat IPC: 0.49 cumulative IPC: 0.4245 (Simulation time: 00 hr 03 min 03 sec)
Heartbeat CPU 0 instructions: 28500140 cycles: 45612918 heartbeat IPC: 0.495 cumulative IPC: 0.4261 (Simulation time: 00 hr 03 min 08 sec)
Heartbeat CPU 0 instructions: 29000140 cycles: 46651018 heartbeat IPC: 0.4816 cumulative IPC: 0.4274 (Simulation time: 00 hr 03 min 12 sec)
Heartbeat CPU 0 instructions: 29500144 cycles: 47690971 heartbeat IPC: 0.4808 cumulative IPC: 0.4286 (Simulation time: 00 hr 03 min 16 sec)
Heartbeat CPU 0 instructions: 30000147 cycles: 48721759 heartbeat IPC: 0.4851 cumulative IPC: 0.4299 (Simulation time: 00 hr 03 min 20 sec)
Heartbeat CPU 0 instructions: 30500148 cycles: 49957832 heartbeat IPC: 0.4045 cumulative IPC: 0.4292 (Simulation time: 00 hr 03 min 25 sec)
Heartbeat CPU 0 instructions: 31000150 cycles: 51084774 heartbeat IPC: 0.4437 cumulative IPC: 0.4296 (Simulation time: 00 hr 03 min 29 sec)
Heartbeat CPU 0 instructions: 31500156 cycles: 52214827 heartbeat IPC: 0.4425 cumulative IPC: 0.4299 (Simulation time: 00 hr 03 min 34 sec)
Heartbeat CPU 0 instructions: 32000162 cycles: 53254794 heartbeat IPC: 0.4808 cumulative IPC: 0.4309 (Simulation time: 00 hr 03 min 38 sec)
Heartbeat CPU 0 instructions: 32500164 cycles: 54379853 heartbeat IPC: 0.4444 cumulative IPC: 0.4312 (Simulation time: 00 hr 03 min 42 sec)
Heartbeat CPU 0 instructions: 33000164 cycles: 55373907 heartbeat IPC: 0.503 cumulative IPC: 0.4325 (Simulation time: 00 hr 03 min 47 sec)
Heartbeat CPU 0 instructions: 33500167 cycles: 56480121 heartbeat IPC: 0.452 cumulative IPC: 0.4329 (Simulation time: 00 hr 03 min 51 sec)
Heartbeat CPU 0 instructions: 34000167 cycles: 57643521 heartbeat IPC: 0.4298 cumulative IPC: 0.4329 (Simulation time: 00 hr 03 min 55 sec)
Heartbeat CPU 0 instructions: 34500168 cycles: 58665136 heartbeat IPC: 0.4894 cumulative IPC: 0.4339 (Simulation time: 00 hr 03 min 59 sec)
Heartbeat CPU 0 instructions: 35000171 cycles: 59700983 heartbeat IPC: 0.4827 cumulative IPC: 0.4348 (Simulation time: 00 hr 04 min 04 sec)
Heartbeat CPU 0 instructions: 35500172 cycles: 60768254 heartbeat IPC: 0.4685 cumulative IPC: 0.4354 (Simulation time: 00 hr 04 min 08 sec)
Heartbeat CPU 0 instructions: 36000174 cycles: 61943933 heartbeat IPC: 0.4253 cumulative IPC: 0.4352 (Simulation time: 00 hr 04 min 13 sec)
Heartbeat CPU 0 instructions: 36500174 cycles: 63106942 heartbeat IPC: 0.4299 cumulative IPC: 0.4351 (Simulation time: 00 hr 04 min 17 sec)
Heartbeat CPU 0 instructions: 37000174 cycles: 64145309 heartbeat IPC: 0.4815 cumulative IPC: 0.4359 (Simulation time: 00 hr 04 min 21 sec)
Heartbeat CPU 0 instructions: 37500174 cycles: 65239659 heartbeat IPC: 0.4569 cumulative IPC: 0.4362 (Simulation time: 00 hr 04 min 26 sec)
Heartbeat CPU 0 instructions: 38000180 cycles: 66338827 heartbeat IPC: 0.4549 cumulative IPC: 0.4365 (Simulation time: 00 hr 04 min 30 sec)
Heartbeat CPU 0 instructions: 38500186 cycles: 67541581 heartbeat IPC: 0.4157 cumulative IPC: 0.4362 (Simulation time: 00 hr 04 min 35 sec)
Heartbeat CPU 0 instructions: 39000187 cycles: 68709469 heartbeat IPC: 0.4281 cumulative IPC: 0.436 (Simulation time: 00 hr 04 min 39 sec)
Heartbeat CPU 0 instructions: 39500188 cycles: 69829554 heartbeat IPC: 0.4464 cumulative IPC: 0.4362 (Simulation time: 00 hr 04 min 43 sec)
Heartbeat CPU 0 instructions: 40000190 cycles: 70843323 heartbeat IPC: 0.4932 cumulative IPC: 0.437 (Simulation time: 00 hr 04 min 48 sec)
Heartbeat CPU 0 instructions: 40500190 cycles: 71929219 heartbeat IPC: 0.4604 cumulative IPC: 0.4374 (Simulation time: 00 hr 04 min 52 sec)
Heartbeat CPU 0 instructions: 41000191 cycles: 73097069 heartbeat IPC: 0.4281 cumulative IPC: 0.4372 (Simulation time: 00 hr 04 min 57 sec)
Heartbeat CPU 0 instructions: 41500191 cycles: 74275978 heartbeat IPC: 0.4241 cumulative IPC: 0.437 (Simulation time: 00 hr 05 min 01 sec)
Heartbeat CPU 0 instructions: 42000195 cycles: 75442722 heartbeat IPC: 0.4285 cumulative IPC: 0.4369 (Simulation time: 00 hr 05 min 05 sec)
Heartbeat CPU 0 instructions: 42500199 cycles: 76656008 heartbeat IPC: 0.4121 cumulative IPC: 0.4365 (Simulation time: 00 hr 05 min 10 sec)
Heartbeat CPU 0 instructions: 43000200 cycles: 77911397 heartbeat IPC: 0.3983 cumulative IPC: 0.4359 (Simulation time: 00 hr 05 min 15 sec)
Heartbeat CPU 0 instructions: 43500206 cycles: 79020874 heartbeat IPC: 0.4507 cumulative IPC: 0.4361 (Simulation time: 00 hr 05 min 19 sec)
Heartbeat CPU 0 instructions: 44000207 cycles: 80183750 heartbeat IPC: 0.43 cumulative IPC: 0.436 (Simulation time: 00 hr 05 min 24 sec)
Heartbeat CPU 0 instructions: 44500207 cycles: 81331936 heartbeat IPC: 0.4355 cumulative IPC: 0.436 (Simulation time: 00 hr 05 min 28 sec)
Heartbeat CPU 0 instructions: 45000213 cycles: 82367666 heartbeat IPC: 0.4828 cumulative IPC: 0.4366 (Simulation time: 00 hr 05 min 32 sec)
Heartbeat CPU 0 instructions: 45500216 cycles: 83448620 heartbeat IPC: 0.4626 cumulative IPC: 0.4369 (Simulation time: 00 hr 05 min 36 sec)
Heartbeat CPU 0 instructions: 46000216 cycles: 84516294 heartbeat IPC: 0.4683 cumulative IPC: 0.4373 (Simulation time: 00 hr 05 min 41 sec)
Heartbeat CPU 0 instructions: 46500221 cycles: 85448299 heartbeat IPC: 0.5365 cumulative IPC: 0.4384 (Simulation time: 00 hr 05 min 45 sec)
Heartbeat CPU 0 instructions: 47000223 cycles: 86480159 heartbeat IPC: 0.4846 cumulative IPC: 0.439 (Simulation time: 00 hr 05 min 49 sec)
Heartbeat CPU 0 instructions: 47500226 cycles: 87469954 heartbeat IPC: 0.5052 cumulative IPC: 0.4398 (Simulation time: 00 hr 05 min 54 sec)
Heartbeat CPU 0 instructions: 48000226 cycles: 88405593 heartbeat IPC: 0.5344 cumulative IPC: 0.4408 (Simulation time: 00 hr 05 min 58 sec)
Heartbeat CPU 0 instructions: 48500226 cycles: 89412783 heartbeat IPC: 0.4964 cumulative IPC: 0.4414 (Simulation time: 00 hr 06 min 02 sec)
Heartbeat CPU 0 instructions: 49000230 cycles: 90465389 heartbeat IPC: 0.475 cumulative IPC: 0.4418 (Simulation time: 00 hr 06 min 06 sec)
Heartbeat CPU 0 instructions: 49500231 cycles: 91510263 heartbeat IPC: 0.4785 cumulative IPC: 0.4423 (Simulation time: 00 hr 06 min 11 sec)
Heartbeat CPU 0 instructions: 50000232 cycles: 92650189 heartbeat IPC: 0.4386 cumulative IPC: 0.4422 (Simulation time: 00 hr 06 min 15 sec)
Heartbeat CPU 0 instructions: 50500237 cycles: 93743831 heartbeat IPC: 0.4572 cumulative IPC: 0.4424 (Simulation time: 00 hr 06 min 19 sec)
Heartbeat CPU 0 instructions: 51000237 cycles: 94755448 heartbeat IPC: 0.4943 cumulative IPC: 0.443 (Simulation time: 00 hr 06 min 23 sec)
Heartbeat CPU 0 instructions: 51500239 cycles: 95835450 heartbeat IPC: 0.463 cumulative IPC: 0.4432 (Simulation time: 00 hr 06 min 28 sec)
Heartbeat CPU 0 instructions: 52000240 cycles: 96757739 heartbeat IPC: 0.5421 cumulative IPC: 0.4442 (Simulation time: 00 hr 06 min 32 sec)
Heartbeat CPU 0 instructions: 52500240 cycles: 97753638 heartbeat IPC: 0.5021 cumulative IPC: 0.4448 (Simulation time: 00 hr 06 min 37 sec)
Heartbeat CPU 0 instructions: 53000242 cycles: 98803611 heartbeat IPC: 0.4762 cumulative IPC: 0.4451 (Simulation time: 00 hr 06 min 41 sec)
Heartbeat CPU 0 instructions: 53500242 cycles: 99785325 heartbeat IPC: 0.5093 cumulative IPC: 0.4458 (Simulation time: 00 hr 06 min 45 sec)
Heartbeat CPU 0 instructions: 54000246 cycles: 100904575 heartbeat IPC: 0.4467 cumulative IPC: 0.4458 (Simulation time: 00 hr 06 min 50 sec)
Heartbeat CPU 0 instructions: 54500246 cycles: 101893677 heartbeat IPC: 0.5055 cumulative IPC: 0.4464 (Simulation time: 00 hr 06 min 54 sec)
Heartbeat CPU 0 instructions: 55000249 cycles: 102909657 heartbeat IPC: 0.4921 cumulative IPC: 0.4468 (Simulation time: 00 hr 06 min 58 sec)
Heartbeat CPU 0 instructions: 55500250 cycles: 103948601 heartbeat IPC: 0.4813 cumulative IPC: 0.4472 (Simulation time: 00 hr 07 min 02 sec)
Heartbeat CPU 0 instructions: 56000251 cycles: 105123911 heartbeat IPC: 0.4254 cumulative IPC: 0.4469 (Simulation time: 00 hr 07 min 07 sec)
Heartbeat CPU 0 instructions: 56500251 cycles: 106286991 heartbeat IPC: 0.4299 cumulative IPC: 0.4467 (Simulation time: 00 hr 07 min 11 sec)
Heartbeat CPU 0 instructions: 57000251 cycles: 107318006 heartbeat IPC: 0.485 cumulative IPC: 0.4471 (Simulation time: 00 hr 07 min 15 sec)
Heartbeat CPU 0 instructions: 57500252 cycles: 108338817 heartbeat IPC: 0.4898 cumulative IPC: 0.4475 (Simulation time: 00 hr 07 min 20 sec)
Heartbeat CPU 0 instructions: 58000252 cycles: 109536598 heartbeat IPC: 0.4174 cumulative IPC: 0.4472 (Simulation time: 00 hr 07 min 24 sec)
Heartbeat CPU 0 instructions: 58500256 cycles: 110734504 heartbeat IPC: 0.4174 cumulative IPC: 0.4469 (Simulation time: 00 hr 07 min 29 sec)
Heartbeat CPU 0 instructions: 59000258 cycles: 111796388 heartbeat IPC: 0.4709 cumulative IPC: 0.4471 (Simulation time: 00 hr 07 min 33 sec)
Heartbeat CPU 0 instructions: 59500261 cycles: 113094064 heartbeat IPC: 0.3853 cumulative IPC: 0.4464 (Simulation time: 00 hr 07 min 38 sec)
Simulation finished CPU 0 instructions: 50000004 cycles: 111931695 cumulative IPC: 0.4467 (Simulation time: 00 hr 07 min 43 sec)
Simulation complete CPU 0 instructions: 50000004 cycles: 111931695 cumulative IPC: 0.4467 (Simulation time: 00 hr 07 min 43 sec)

ChampSim completed all CPUs

=== Simulation ===
CPU 0 runs traces/GAP/cc-14.trace.gz

Region of Interest Statistics

CPU 0 cumulative IPC: 0.4467 instructions: 50000004 cycles: 111931695
CPU 0 Branch Prediction Accuracy: 91.01% MPKI: 17.9 Average ROB Occupancy at Mispredict: 33.49
Branch type MPKI
BRANCH_DIRECT_JUMP: 0
BRANCH_INDIRECT: 0
BRANCH_CONDITIONAL: 17.9
BRANCH_DIRECT_CALL: 0
BRANCH_INDIRECT_CALL: 0
BRANCH_RETURN: 0

cpu0->cpu0_STLB TOTAL        ACCESS:    2420324 HIT:    2416758 MISS:       3566 MSHR_MERGE:          0
cpu0->cpu0_STLB LOAD         ACCESS:    2420324 HIT:    2416758 MISS:       3566 MSHR_MERGE:          0
cpu0->cpu0_STLB RFO          ACCESS:          0 HIT:          0 MISS:          0 MSHR_MERGE:          0
cpu0->cpu0_STLB PREFETCH     ACCESS:          0 HIT:          0 MISS:          0 MSHR_MERGE:          0
cpu0->cpu0_STLB WRITE        ACCESS:          0 HIT:          0 MISS:          0 MSHR_MERGE:          0
cpu0->cpu0_STLB TRANSLATION  ACCESS:          0 HIT:          0 MISS:          0 MSHR_MERGE:          0
cpu0->cpu0_STLB PREFETCH REQUESTED:          0 ISSUED:          0 USEFUL:          0 USELESS:          0
cpu0->cpu0_STLB AVERAGE MISS LATENCY: 254.2 cycles
cpu0->cpu0_L2C TOTAL        ACCESS:   10196858 HIT:    6677236 MISS:    3519622 MSHR_MERGE:     205361
cpu0->cpu0_L2C LOAD         ACCESS:    3408622 HIT:    2269854 MISS:    1138768 MSHR_MERGE:       6205
cpu0->cpu0_L2C RFO          ACCESS:          0 HIT:          0 MISS:          0 MSHR_MERGE:          0
cpu0->cpu0_L2C PREFETCH     ACCESS:    6580183 HIT:    4199840 MISS:    2380343 MSHR_MERGE:     199156
cpu0->cpu0_L2C WRITE        ACCESS:     204543 HIT:     204531 MISS:         12 MSHR_MERGE:          0
cpu0->cpu0_L2C TRANSLATION  ACCESS:       3510 HIT:       3011 MISS:        499 MSHR_MERGE:          0
cpu0->cpu0_L2C PREFETCH REQUESTED:    6408649 ISSUED:    5811699 USEFUL:     607804 USELESS:    1301661
cpu0->cpu0_L2C AVERAGE MISS LATENCY: 90.43 cycles
cpu0->cpu0_L1I TOTAL        ACCESS:      95609 HIT:      95609 MISS:          0 MSHR_MERGE:          0
cpu0->cpu0_L1I LOAD         ACCESS:      95609 HIT:      95609 MISS:          0 MSHR_MERGE:          0
cpu0->cpu0_L1I RFO          ACCESS:          0 HIT:          0 MISS:          0 MSHR_MERGE:          0
cpu0->cpu0_L1I PREFETCH     ACCESS:          0 HIT:          0 MISS:          0 MSHR_MERGE:          0
cpu0->cpu0_L1I WRITE        ACCESS:          0 HIT:          0 MISS:          0 MSHR_MERGE:          0
cpu0->cpu0_L1I TRANSLATION  ACCESS:          0 HIT:          0 MISS:          0 MSHR_MERGE:          0
cpu0->cpu0_L1I PREFETCH REQUESTED:          0 ISSUED:          0 USEFUL:          0 USELESS:          0
cpu0->cpu0_L1I AVERAGE MISS LATENCY: - cycles
cpu0->cpu0_L1D TOTAL        ACCESS:   14115861 HIT:    9809323 MISS:    4306538 MSHR_MERGE:     125936
cpu0->cpu0_L1D LOAD         ACCESS:   12762864 HIT:    9243559 MISS:    3519305 MSHR_MERGE:     110683
cpu0->cpu0_L1D RFO          ACCESS:          0 HIT:          0 MISS:          0 MSHR_MERGE:          0
cpu0->cpu0_L1D PREFETCH     ACCESS:    1108355 HIT:     324632 MISS:     783723 MSHR_MERGE:      15253
cpu0->cpu0_L1D WRITE        ACCESS:     237503 HIT:     237503 MISS:          0 MSHR_MERGE:          0
cpu0->cpu0_L1D TRANSLATION  ACCESS:       7139 HIT:       3629 MISS:       3510 MSHR_MERGE:          0
cpu0->cpu0_L1D PREFETCH REQUESTED:    1112222 ISSUED:    1108347 USEFUL:     226741 USELESS:     541774
cpu0->cpu0_L1D AVERAGE MISS LATENCY: 38.85 cycles
cpu0->cpu0_ITLB TOTAL        ACCESS:      91499 HIT:      91499 MISS:          0 MSHR_MERGE:          0
cpu0->cpu0_ITLB LOAD         ACCESS:      91499 HIT:      91499 MISS:          0 MSHR_MERGE:          0
cpu0->cpu0_ITLB RFO          ACCESS:          0 HIT:          0 MISS:          0 MSHR_MERGE:          0
cpu0->cpu0_ITLB PREFETCH     ACCESS:          0 HIT:          0 MISS:          0 MSHR_MERGE:          0
cpu0->cpu0_ITLB WRITE        ACCESS:          0 HIT:          0 MISS:          0 MSHR_MERGE:          0
cpu0->cpu0_ITLB TRANSLATION  ACCESS:          0 HIT:          0 MISS:          0 MSHR_MERGE:          0
cpu0->cpu0_ITLB PREFETCH REQUESTED:          0 ISSUED:          0 USEFUL:          0 USELESS:          0
cpu0->cpu0_ITLB AVERAGE MISS LATENCY: - cycles
cpu0->cpu0_DTLB TOTAL        ACCESS:   13779073 HIT:   10973688 MISS:    2805385 MSHR_MERGE:     385060
cpu0->cpu0_DTLB LOAD         ACCESS:   13779073 HIT:   10973688 MISS:    2805385 MSHR_MERGE:     385060
cpu0->cpu0_DTLB RFO          ACCESS:          0 HIT:          0 MISS:          0 MSHR_MERGE:          0
cpu0->cpu0_DTLB PREFETCH     ACCESS:          0 HIT:          0 MISS:          0 MSHR_MERGE:          0
cpu0->cpu0_DTLB WRITE        ACCESS:          0 HIT:          0 MISS:          0 MSHR_MERGE:          0
cpu0->cpu0_DTLB TRANSLATION  ACCESS:          0 HIT:          0 MISS:          0 MSHR_MERGE:          0
cpu0->cpu0_DTLB PREFETCH REQUESTED:          0 ISSUED:          0 USEFUL:          0 USELESS:          0
cpu0->cpu0_DTLB AVERAGE MISS LATENCY: 5.38 cycles
cpu0->LLC TOTAL        ACCESS:    3514199 HIT:    2261497 MISS:    1252702 MSHR_MERGE:          0
cpu0->LLC LOAD         ACCESS:    1132563 HIT:     796598 MISS:     335965 MSHR_MERGE:          0
cpu0->LLC RFO          ACCESS:          0 HIT:          0 MISS:          0 MSHR_MERGE:          0
cpu0->LLC PREFETCH     ACCESS:    2181187 HIT:    1324359 MISS:     856828 MSHR_MERGE:          0
cpu0->LLC WRITE        ACCESS:     199950 HIT:     140540 MISS:      59410 MSHR_MERGE:          0
cpu0->LLC TRANSLATION  ACCESS:        499 HIT:          0 MISS:        499 MSHR_MERGE:          0
cpu0->LLC PREFETCH REQUESTED:          0 ISSUED:          0 USEFUL:          0 USELESS:          0
cpu0->LLC AVERAGE MISS LATENCY: 197 cycles

DRAM Statistics

Channel 0 RQ ROW_BUFFER_HIT:      18003
  ROW_BUFFER_MISS:    1174512
  AVG DBUS CONGESTED CYCLE: 24.6
Channel 0 WQ ROW_BUFFER_HIT:      25195
  ROW_BUFFER_MISS:      66586
  FULL:          0
Channel 0 REFRESHES ISSUED:       9327
