[VMEM] WARNING: physical memory size is smaller than virtual memory size.

*** ChampSim Multicore Out-of-Order Simulator ***
Warmup Instructions: 10000000
Simulation Instructions: 50000000
Number of CPUs: 1
Page size: 4096
Core 0: traces/GAP/cc-5.trace.gz
 L1D Berti prefetcher
Off-chip DRAM Size: 64 GiB Channels: 1 Width: 64-bit Data Rate: 4807 MT/s
Heartbeat CPU 0 instructions: 500004 cycles: 151360 heartbeat IPC: 3.303 cumulative IPC: 3.303 (Simulation time: 00 hr 00 min 01 sec)
Heartbeat CPU 0 instructions: 1000005 cycles: 299075 heartbeat IPC: 3.385 cumulative IPC: 3.344 (Simulation time: 00 hr 00 min 02 sec)
Heartbeat CPU 0 instructions: 1500005 cycles: 446636 heartbeat IPC: 3.388 cumulative IPC: 3.358 (Simulation time: 00 hr 00 min 03 sec)
Heartbeat CPU 0 instructions: 2000010 cycles: 556086 heartbeat IPC: 4.568 cumulative IPC: 3.597 (Simulation time: 00 hr 00 min 04 sec)
Heartbeat CPU 0 instructions: 2500017 cycles: 658031 heartbeat IPC: 4.905 cumulative IPC: 3.799 (Simulation time: 00 hr 00 min 05 sec)
Heartbeat CPU 0 instructions: 3000022 cycles: 760404 heartbeat IPC: 4.884 cumulative IPC: 3.945 (Simulation time: 00 hr 00 min 06 sec)
Heartbeat CPU 0 instructions: 3500026 cycles: 862657 heartbeat IPC: 4.89 cumulative IPC: 4.057 (Simulation time: 00 hr 00 min 07 sec)
Heartbeat CPU 0 instructions: 4000032 cycles: 964761 heartbeat IPC: 4.897 cumulative IPC: 4.146 (Simulation time: 00 hr 00 min 09 sec)
Heartbeat CPU 0 instructions: 4500032 cycles: 1067158 heartbeat IPC: 4.883 cumulative IPC: 4.217 (Simulation time: 00 hr 00 min 10 sec)
Heartbeat CPU 0 instructions: 5000035 cycles: 1169571 heartbeat IPC: 4.882 cumulative IPC: 4.275 (Simulation time: 00 hr 00 min 11 sec)
Heartbeat CPU 0 instructions: 5500038 cycles: 1272193 heartbeat IPC: 4.872 cumulative IPC: 4.323 (Simulation time: 00 hr 00 min 12 sec)
Heartbeat CPU 0 instructions: 6000041 cycles: 1374638 heartbeat IPC: 4.881 cumulative IPC: 4.365 (Simulation time: 00 hr 00 min 13 sec)
Heartbeat CPU 0 instructions: 6500041 cycles: 1477017 heartbeat IPC: 4.884 cumulative IPC: 4.401 (Simulation time: 00 hr 00 min 15 sec)
Heartbeat CPU 0 instructions: 7000047 cycles: 1579440 heartbeat IPC: 4.882 cumulative IPC: 4.432 (Simulation time: 00 hr 00 min 16 sec)
Heartbeat CPU 0 instructions: 7500049 cycles: 1682044 heartbeat IPC: 4.873 cumulative IPC: 4.459 (Simulation time: 00 hr 00 min 17 sec)
Heartbeat CPU 0 instructions: 8000052 cycles: 1784635 heartbeat IPC: 4.874 cumulative IPC: 4.483 (Simulation time: 00 hr 00 min 18 sec)
Heartbeat CPU 0 instructions: 8500057 cycles: 1887491 heartbeat IPC: 4.861 cumulative IPC: 4.503 (Simulation time: 00 hr 00 min 19 sec)
Heartbeat CPU 0 instructions: 9000058 cycles: 1989947 heartbeat IPC: 4.88 cumulative IPC: 4.523 (Simulation time: 00 hr 00 min 21 sec)
Heartbeat CPU 0 instructions: 9500058 cycles: 2092513 heartbeat IPC: 4.875 cumulative IPC: 4.54 (Simulation time: 00 hr 00 min 22 sec)
Warmup finished CPU 0 instructions: 10000002 cycles: 2194838 cumulative IPC: 4.556 (Simulation time: 00 hr 00 min 23 sec)
Warmup complete CPU 0 instructions: 10000002 cycles: 2194838 cumulative IPC: 4.556 (Simulation time: 00 hr 00 min 23 sec)
Heartbeat CPU 0 instructions: 10000060 cycles: 2194889 heartbeat IPC: 4.884 cumulative IPC: 1.137 (Simulation time: 00 hr 00 min 23 sec)
Heartbeat CPU 0 instructions: 10500062 cycles: 3322557 heartbeat IPC: 0.4434 cumulative IPC: 0.4434 (Simulation time: 00 hr 00 min 27 sec)
Heartbeat CPU 0 instructions: 11000067 cycles: 4616385 heartbeat IPC: 0.3865 cumulative IPC: 0.413 (Simulation time: 00 hr 00 min 32 sec)
Heartbeat CPU 0 instructions: 11500069 cycles: 5762640 heartbeat IPC: 0.4362 cumulative IPC: 0.4204 (Simulation time: 00 hr 00 min 36 sec)
Heartbeat CPU 0 instructions: 12000071 cycles: 6962575 heartbeat IPC: 0.4167 cumulative IPC: 0.4195 (Simulation time: 00 hr 00 min 40 sec)
Heartbeat CPU 0 instructions: 12500074 cycles: 8119755 heartbeat IPC: 0.4321 cumulative IPC: 0.422 (Simulation time: 00 hr 00 min 45 sec)
Heartbeat CPU 0 instructions: 13000074 cycles: 9314944 heartbeat IPC: 0.4183 cumulative IPC: 0.4214 (Simulation time: 00 hr 00 min 50 sec)
Heartbeat CPU 0 instructions: 13500075 cycles: 10301394 heartbeat IPC: 0.5069 cumulative IPC: 0.4318 (Simulation time: 00 hr 00 min 53 sec)
Heartbeat CPU 0 instructions: 14000078 cycles: 11300611 heartbeat IPC: 0.5004 cumulative IPC: 0.4393 (Simulation time: 00 hr 00 min 57 sec)
Heartbeat CPU 0 instructions: 14500079 cycles: 12255426 heartbeat IPC: 0.5237 cumulative IPC: 0.4473 (Simulation time: 00 hr 01 min 01 sec)
Heartbeat CPU 0 instructions: 15000081 cycles: 13255615 heartbeat IPC: 0.4999 cumulative IPC: 0.4521 (Simulation time: 00 hr 01 min 05 sec)
Heartbeat CPU 0 instructions: 15500086 cycles: 14311784 heartbeat IPC: 0.4734 cumulative IPC: 0.4539 (Simulation time: 00 hr 01 min 09 sec)
Heartbeat CPU 0 instructions: 16000091 cycles: 15314598 heartbeat IPC: 0.4986 cumulative IPC: 0.4573 (Simulation time: 00 hr 01 min 13 sec)
Heartbeat CPU 0 instructions: 16500091 cycles: 16331204 heartbeat IPC: 0.4918 cumulative IPC: 0.4598 (Simulation time: 00 hr 01 min 17 sec)
Heartbeat CPU 0 instructions: 17000092 cycles: 17411887 heartbeat IPC: 0.4627 cumulative IPC: 0.46 (Simulation time: 00 hr 01 min 21 sec)
Heartbeat CPU 0 instructions: 17500092 cycles: 18402525 heartbeat IPC: 0.5047 cumulative IPC: 0.4627 (Simulation time: 00 hr 01 min 25 sec)
Heartbeat CPU 0 instructions: 18000095 cycles: 19350647 heartbeat IPC: 0.5274 cumulative IPC: 0.4663 (Simulation time: 00 hr 01 min 29 sec)
Heartbeat CPU 0 instructions: 18500098 cycles: 20437454 heartbeat IPC: 0.4601 cumulative IPC: 0.4659 (Simulation time: 00 hr 01 min 34 sec)
Heartbeat CPU 0 instructions: 19000098 cycles: 21395429 heartbeat IPC: 0.5219 cumulative IPC: 0.4687 (Simulation time: 00 hr 01 min 38 sec)
Heartbeat CPU 0 instructions: 19500098 cycles: 22371487 heartbeat IPC: 0.5123 cumulative IPC: 0.4708 (Simulation time: 00 hr 01 min 42 sec)
Heartbeat CPU 0 instructions: 20000098 cycles: 23384382 heartbeat IPC: 0.4936 cumulative IPC: 0.4719 (Simulation time: 00 hr 01 min 46 sec)
Heartbeat CPU 0 instructions: 20500101 cycles: 24393039 heartbeat IPC: 0.4957 cumulative IPC: 0.473 (Simulation time: 00 hr 01 min 50 sec)
Heartbeat CPU 0 instructions: 21000102 cycles: 25408250 heartbeat IPC: 0.4925 cumulative IPC: 0.4739 (Simulation time: 00 hr 01 min 54 sec)
Heartbeat CPU 0 instructions: 21500102 cycles: 26434206 heartbeat IPC: 0.4874 cumulative IPC: 0.4744 (Simulation time: 00 hr 01 min 58 sec)
Heartbeat CPU 0 instructions: 22000102 cycles: 27483960 heartbeat IPC: 0.4763 cumulative IPC: 0.4745 (Simulation time: 00 hr 02 min 02 sec)
Heartbeat CPU 0 instructions: 22500103 cycles: 28547876 heartbeat IPC: 0.47 cumulative IPC: 0.4743 (Simulation time: 00 hr 02 min 06 sec)
Heartbeat CPU 0 instructions: 23000103 cycles: 29577519 heartbeat IPC: 0.4856 cumulative IPC: 0.4748 (Simulation time: 00 hr 02 min 10 sec)
Heartbeat CPU 0 instructions: 23500103 cycles: 30596907 heartbeat IPC: 0.4905 cumulative IPC: 0.4753 (Simulation time: 00 hr 02 min 14 sec)
Heartbeat CPU 0 instructions: 24000104 cycles: 31609091 heartbeat IPC: 0.494 cumulative IPC: 0.476 (Simulation time: 00 hr 02 min 18 sec)
Heartbeat CPU 0 instructions: 24500106 cycles: 32645729 heartbeat IPC: 0.4823 cumulative IPC: 0.4762 (Simulation time: 00 hr 02 min 23 sec)
Heartbeat CPU 0 instructions: 25000108 cycles: 33583877 heartbeat IPC: 0.533 cumulative IPC: 0.4779 (Simulation time: 00 hr 02 min 27 sec)
Heartbeat CPU 0 instructions: 25500111 cycles: 34556626 heartbeat IPC: 0.514 cumulative IPC: 0.479 (Simulation time: 00 hr 02 min 31 sec)
Heartbeat CPU 0 instructions: 26000113 cycles: 35587668 heartbeat IPC: 0.4849 cumulative IPC: 0.4791 (Simulation time: 00 hr 02 min 35 sec)
Heartbeat CPU 0 instructions: 26500114 cycles: 36582783 heartbeat IPC: 0.5025 cumulative IPC: 0.4798 (Simulation time: 00 hr 02 min 39 sec)
Heartbeat CPU 0 instructions: 27000114 cycles: 37544988 heartbeat IPC: 0.5196 cumulative IPC: 0.4809 (Simulation time: 00 hr 02 min 43 sec)
Heartbeat CPU 0 instructions: 27500114 cycles: 38496708 heartbeat IPC: 0.5254 cumulative IPC: 0.4821 (Simulation time: 00 hr 02 min 47 sec)
Heartbeat CPU 0 instructions: 28000117 cycles: 39472026 heartbeat IPC: 0.5127 cumulative IPC: 0.4829 (Simulation time: 00 hr 02 min 51 sec)
Heartbeat CPU 0 instructions: 28500120 cycles: 40455805 heartbeat IPC: 0.5082 cumulative IPC: 0.4835 (Simulation time: 00 hr 02 min 55 sec)
Heartbeat CPU 0 instructions: 29000120 cycles: 41428280 heartbeat IPC: 0.5142 cumulative IPC: 0.4843 (Simulation time: 00 hr 02 min 59 sec)
Heartbeat CPU 0 instructions: 29500120 cycles: 42364650 heartbeat IPC: 0.534 cumulative IPC: 0.4854 (Simulation time: 00 hr 03 min 03 sec)
Heartbeat CPU 0 instructions: 30000120 cycles: 43374196 heartbeat IPC: 0.4953 cumulative IPC: 0.4857 (Simulation time: 00 hr 03 min 07 sec)
Heartbeat CPU 0 instructions: 30500120 cycles: 44389045 heartbeat IPC: 0.4927 cumulative IPC: 0.4859 (Simulation time: 00 hr 03 min 11 sec)
Heartbeat CPU 0 instructions: 31000120 cycles: 45306648 heartbeat IPC: 0.5449 cumulative IPC: 0.4871 (Simulation time: 00 hr 03 min 15 sec)
Heartbeat CPU 0 instructions: 31500122 cycles: 46448569 heartbeat IPC: 0.4379 cumulative IPC: 0.4858 (Simulation time: 00 hr 03 min 20 sec)
Heartbeat CPU 0 instructions: 32000123 cycles: 47334626 heartbeat IPC: 0.5643 cumulative IPC: 0.4874 (Simulation time: 00 hr 03 min 24 sec)
Heartbeat CPU 0 instructions: 32500128 cycles: 48341384 heartbeat IPC: 0.4966 cumulative IPC: 0.4876 (Simulation time: 00 hr 03 min 28 sec)
Heartbeat CPU 0 instructions: 33000129 cycles: 49318210 heartbeat IPC: 0.5119 cumulative IPC: 0.4881 (Simulation time: 00 hr 03 min 32 sec)
Heartbeat CPU 0 instructions: 33500131 cycles: 50293442 heartbeat IPC: 0.5127 cumulative IPC: 0.4886 (Simulation time: 00 hr 03 min 36 sec)
Heartbeat CPU 0 instructions: 34000132 cycles: 51228831 heartbeat IPC: 0.5345 cumulative IPC: 0.4895 (Simulation time: 00 hr 03 min 40 sec)
Heartbeat CPU 0 instructions: 34500135 cycles: 52255320 heartbeat IPC: 0.4871 cumulative IPC: 0.4894 (Simulation time: 00 hr 03 min 44 sec)
Heartbeat CPU 0 instructions: 35000139 cycles: 53247430 heartbeat IPC: 0.504 cumulative IPC: 0.4897 (Simulation time: 00 hr 03 min 48 sec)
Heartbeat CPU 0 instructions: 35500140 cycles: 54167166 heartbeat IPC: 0.5436 cumulative IPC: 0.4906 (Simulation time: 00 hr 03 min 53 sec)
Heartbeat CPU 0 instructions: 36000140 cycles: 55332735 heartbeat IPC: 0.429 cumulative IPC: 0.4893 (Simulation time: 00 hr 03 min 58 sec)
Heartbeat CPU 0 instructions: 36500144 cycles: 56484414 heartbeat IPC: 0.4342 cumulative IPC: 0.4881 (Simulation time: 00 hr 04 min 02 sec)
Heartbeat CPU 0 instructions: 37000144 cycles: 57622952 heartbeat IPC: 0.4392 cumulative IPC: 0.4871 (Simulation time: 00 hr 04 min 07 sec)
Heartbeat CPU 0 instructions: 37500145 cycles: 58682079 heartbeat IPC: 0.4721 cumulative IPC: 0.4868 (Simulation time: 00 hr 04 min 11 sec)
Heartbeat CPU 0 instructions: 38000146 cycles: 59598902 heartbeat IPC: 0.5454 cumulative IPC: 0.4878 (Simulation time: 00 hr 04 min 15 sec)
Heartbeat CPU 0 instructions: 38500146 cycles: 60569848 heartbeat IPC: 0.515 cumulative IPC: 0.4882 (Simulation time: 00 hr 04 min 19 sec)
Heartbeat CPU 0 instructions: 39000146 cycles: 61694707 heartbeat IPC: 0.4445 cumulative IPC: 0.4874 (Simulation time: 00 hr 04 min 24 sec)
Heartbeat CPU 0 instructions: 39500150 cycles: 62664262 heartbeat IPC: 0.5157 cumulative IPC: 0.4879 (Simulation time: 00 hr 04 min 28 sec)
Heartbeat CPU 0 instructions: 40000151 cycles: 63669838 heartbeat IPC: 0.4972 cumulative IPC: 0.488 (Simulation time: 00 hr 04 min 32 sec)
Heartbeat CPU 0 instructions: 40500153 cycles: 64652258 heartbeat IPC: 0.5089 cumulative IPC: 0.4883 (Simulation time: 00 hr 04 min 36 sec)
Heartbeat CPU 0 instructions: 41000153 cycles: 65731787 heartbeat IPC: 0.4632 cumulative IPC: 0.4879 (Simulation time: 00 hr 04 min 41 sec)
Heartbeat CPU 0 instructions: 41500158 cycles: 66669050 heartbeat IPC: 0.5335 cumulative IPC: 0.4886 (Simulation time: 00 hr 04 min 45 sec)
Heartbeat CPU 0 instructions: 42000158 cycles: 67582160 heartbeat IPC: 0.5476 cumulative IPC: 0.4894 (Simulation time: 00 hr 04 min 49 sec)
Heartbeat CPU 0 instructions: 42500159 cycles: 68564555 heartbeat IPC: 0.509 cumulative IPC: 0.4897 (Simulation time: 00 hr 04 min 53 sec)
Heartbeat CPU 0 instructions: 43000160 cycles: 69426404 heartbeat IPC: 0.5801 cumulative IPC: 0.4908 (Simulation time: 00 hr 04 min 57 sec)
Heartbeat CPU 0 instructions: 43500164 cycles: 70363730 heartbeat IPC: 0.5334 cumulative IPC: 0.4914 (Simulation time: 00 hr 05 min 01 sec)
Heartbeat CPU 0 instructions: 44000166 cycles: 71384456 heartbeat IPC: 0.4898 cumulative IPC: 0.4914 (Simulation time: 00 hr 05 min 05 sec)
Heartbeat CPU 0 instructions: 44500166 cycles: 72314439 heartbeat IPC: 0.5376 cumulative IPC: 0.492 (Simulation time: 00 hr 05 min 09 sec)
Heartbeat CPU 0 instructions: 45000170 cycles: 73203425 heartbeat IPC: 0.5624 cumulative IPC: 0.4929 (Simulation time: 00 hr 05 min 13 sec)
Heartbeat CPU 0 instructions: 45500172 cycles: 74116296 heartbeat IPC: 0.5477 cumulative IPC: 0.4936 (Simulation time: 00 hr 05 min 17 sec)
Heartbeat CPU 0 instructions: 46000173 cycles: 74914288 heartbeat IPC: 0.6266 cumulative IPC: 0.4951 (Simulation time: 00 hr 05 min 21 sec)
Heartbeat CPU 0 instructions: 46500174 cycles: 75907440 heartbeat IPC: 0.5034 cumulative IPC: 0.4952 (Simulation time: 00 hr 05 min 26 sec)
Heartbeat CPU 0 instructions: 47000175 cycles: 76904509 heartbeat IPC: 0.5015 cumulative IPC: 0.4953 (Simulation time: 00 hr 05 min 30 sec)
Heartbeat CPU 0 instructions: 47500175 cycles: 77879571 heartbeat IPC: 0.5128 cumulative IPC: 0.4955 (Simulation time: 00 hr 05 min 34 sec)
Heartbeat CPU 0 instructions: 48000177 cycles: 78775379 heartbeat IPC: 0.5582 cumulative IPC: 0.4962 (Simulation time: 00 hr 05 min 38 sec)
Heartbeat CPU 0 instructions: 48500179 cycles: 79769110 heartbeat IPC: 0.5032 cumulative IPC: 0.4963 (Simulation time: 00 hr 05 min 42 sec)
Heartbeat CPU 0 instructions: 49000179 cycles: 80753542 heartbeat IPC: 0.5079 cumulative IPC: 0.4964 (Simulation time: 00 hr 05 min 46 sec)
Heartbeat CPU 0 instructions: 49500180 cycles: 81706652 heartbeat IPC: 0.5246 cumulative IPC: 0.4968 (Simulation time: 00 hr 05 min 50 sec)
Heartbeat CPU 0 instructions: 50000180 cycles: 82568420 heartbeat IPC: 0.5802 cumulative IPC: 0.4977 (Simulation time: 00 hr 05 min 54 sec)
Heartbeat CPU 0 instructions: 50500184 cycles: 83599071 heartbeat IPC: 0.4851 cumulative IPC: 0.4975 (Simulation time: 00 hr 05 min 58 sec)
Heartbeat CPU 0 instructions: 51000186 cycles: 84451073 heartbeat IPC: 0.5869 cumulative IPC: 0.4984 (Simulation time: 00 hr 06 min 02 sec)
Heartbeat CPU 0 instructions: 51500187 cycles: 85472444 heartbeat IPC: 0.4895 cumulative IPC: 0.4983 (Simulation time: 00 hr 06 min 07 sec)
Heartbeat CPU 0 instructions: 52000192 cycles: 86354033 heartbeat IPC: 0.5672 cumulative IPC: 0.4991 (Simulation time: 00 hr 06 min 11 sec)
Heartbeat CPU 0 instructions: 52500193 cycles: 87367093 heartbeat IPC: 0.4936 cumulative IPC: 0.499 (Simulation time: 00 hr 06 min 15 sec)
Heartbeat CPU 0 instructions: 53000195 cycles: 88375587 heartbeat IPC: 0.4958 cumulative IPC: 0.499 (Simulation time: 00 hr 06 min 19 sec)
Heartbeat CPU 0 instructions: 53500196 cycles: 89352553 heartbeat IPC: 0.5118 cumulative IPC: 0.4991 (Simulation time: 00 hr 06 min 23 sec)
Heartbeat CPU 0 instructions: 54000196 cycles: 90284687 heartbeat IPC: 0.5364 cumulative IPC: 0.4995 (Simulation time: 00 hr 06 min 27 sec)
Heartbeat CPU 0 instructions: 54500197 cycles: 91340903 heartbeat IPC: 0.4734 cumulative IPC: 0.4992 (Simulation time: 00 hr 06 min 32 sec)
Heartbeat CPU 0 instructions: 55000201 cycles: 92405242 heartbeat IPC: 0.4698 cumulative IPC: 0.4988 (Simulation time: 00 hr 06 min 37 sec)
Heartbeat CPU 0 instructions: 55500201 cycles: 93404386 heartbeat IPC: 0.5004 cumulative IPC: 0.4989 (Simulation time: 00 hr 06 min 41 sec)
Heartbeat CPU 0 instructions: 56000201 cycles: 94307796 heartbeat IPC: 0.5535 cumulative IPC: 0.4994 (Simulation time: 00 hr 06 min 45 sec)
Heartbeat CPU 0 instructions: 56500202 cycles: 95212587 heartbeat IPC: 0.5526 cumulative IPC: 0.4999 (Simulation time: 00 hr 06 min 49 sec)
Heartbeat CPU 0 instructions: 57000203 cycles: 96184761 heartbeat IPC: 0.5143 cumulative IPC: 0.5001 (Simulation time: 00 hr 06 min 53 sec)
Heartbeat CPU 0 instructions: 57500208 cycles: 97117794 heartbeat IPC: 0.5359 cumulative IPC: 0.5004 (Simulation time: 00 hr 06 min 57 sec)
Heartbeat CPU 0 instructions: 58000209 cycles: 98004584 heartbeat IPC: 0.5638 cumulative IPC: 0.501 (Simulation time: 00 hr 07 min 01 sec)
Heartbeat CPU 0 instructions: 58500212 cycles: 98949701 heartbeat IPC: 0.529 cumulative IPC: 0.5013 (Simulation time: 00 hr 07 min 05 sec)
Heartbeat CPU 0 instructions: 59000216 cycles: 99905975 heartbeat IPC: 0.5229 cumulative IPC: 0.5015 (Simulation time: 00 hr 07 min 09 sec)
Heartbeat CPU 0 instructions: 59500218 cycles: 100812442 heartbeat IPC: 0.5516 cumulative IPC: 0.5019 (Simulation time: 00 hr 07 min 13 sec)
Simulation finished CPU 0 instructions: 50000000 cycles: 99526179 cumulative IPC: 0.5024 (Simulation time: 00 hr 07 min 17 sec)
Simulation complete CPU 0 instructions: 50000000 cycles: 99526179 cumulative IPC: 0.5024 (Simulation time: 00 hr 07 min 17 sec)

ChampSim completed all CPUs

=== Simulation ===
CPU 0 runs traces/GAP/cc-5.trace.gz

Region of Interest Statistics

CPU 0 cumulative IPC: 0.5024 instructions: 50000000 cycles: 99526179
CPU 0 Branch Prediction Accuracy: 93.05% MPKI: 13.72 Average ROB Occupancy at Mispredict: 46.86
Branch type MPKI
BRANCH_DIRECT_JUMP: 0
BRANCH_INDIRECT: 0
BRANCH_CONDITIONAL: 13.72
BRANCH_DIRECT_CALL: 0
BRANCH_INDIRECT_CALL: 0
BRANCH_RETURN: 0

cpu0->cpu0_STLB TOTAL        ACCESS:    2356773 HIT:    2353294 MISS:       3479 MSHR_MERGE:          0
cpu0->cpu0_STLB LOAD         ACCESS:    2356773 HIT:    2353294 MISS:       3479 MSHR_MERGE:          0
cpu0->cpu0_STLB RFO          ACCESS:          0 HIT:          0 MISS:          0 MSHR_MERGE:          0
cpu0->cpu0_STLB PREFETCH     ACCESS:          0 HIT:          0 MISS:          0 MSHR_MERGE:          0
cpu0->cpu0_STLB WRITE        ACCESS:          0 HIT:          0 MISS:          0 MSHR_MERGE:          0
cpu0->cpu0_STLB TRANSLATION  ACCESS:          0 HIT:          0 MISS:          0 MSHR_MERGE:          0
cpu0->cpu0_STLB PREFETCH REQUESTED:          0 ISSUED:          0 USEFUL:          0 USELESS:          0
cpu0->cpu0_STLB AVERAGE MISS LATENCY: 255.5 cycles
cpu0->cpu0_L2C TOTAL        ACCESS:   10099316 HIT:    6646351 MISS:    3452965 MSHR_MERGE:     238866
cpu0->cpu0_L2C LOAD         ACCESS:    3347830 HIT:    2233755 MISS:    1114075 MSHR_MERGE:       7219
cpu0->cpu0_L2C RFO          ACCESS:          0 HIT:          0 MISS:          0 MSHR_MERGE:          0
cpu0->cpu0_L2C PREFETCH     ACCESS:    6542849 HIT:    4204476 MISS:    2338373 MSHR_MERGE:     231647
cpu0->cpu0_L2C WRITE        ACCESS:     205219 HIT:     205204 MISS:         15 MSHR_MERGE:          0
cpu0->cpu0_L2C TRANSLATION  ACCESS:       3418 HIT:       2916 MISS:        502 MSHR_MERGE:          0
cpu0->cpu0_L2C PREFETCH REQUESTED:    6487556 ISSUED:    5799258 USEFUL:     583082 USELESS:    1263741
cpu0->cpu0_L2C AVERAGE MISS LATENCY: 90.59 cycles
cpu0->cpu0_L1I TOTAL        ACCESS:     112214 HIT:     112214 MISS:          0 MSHR_MERGE:          0
cpu0->cpu0_L1I LOAD         ACCESS:     112214 HIT:     112214 MISS:          0 MSHR_MERGE:          0
cpu0->cpu0_L1I RFO          ACCESS:          0 HIT:          0 MISS:          0 MSHR_MERGE:          0
cpu0->cpu0_L1I PREFETCH     ACCESS:          0 HIT:          0 MISS:          0 MSHR_MERGE:          0
cpu0->cpu0_L1I WRITE        ACCESS:          0 HIT:          0 MISS:          0 MSHR_MERGE:          0
cpu0->cpu0_L1I TRANSLATION  ACCESS:          0 HIT:          0 MISS:          0 MSHR_MERGE:          0
cpu0->cpu0_L1I PREFETCH REQUESTED:          0 ISSUED:          0 USEFUL:          0 USELESS:          0
cpu0->cpu0_L1I AVERAGE MISS LATENCY: - cycles
cpu0->cpu0_L1D TOTAL        ACCESS:   13867702 HIT:    9633492 MISS:    4234210 MSHR_MERGE:     139378
cpu0->cpu0_L1D LOAD         ACCESS:   12507362 HIT:    9036899 MISS:    3470463 MSHR_MERGE:     122630
cpu0->cpu0_L1D RFO          ACCESS:          0 HIT:          0 MISS:          0 MSHR_MERGE:          0
cpu0->cpu0_L1D PREFETCH     ACCESS:    1115125 HIT:     354796 MISS:     760329 MSHR_MERGE:      16748
cpu0->cpu0_L1D WRITE        ACCESS:     238250 HIT:     238250 MISS:          0 MSHR_MERGE:          0
cpu0->cpu0_L1D TRANSLATION  ACCESS:       6965 HIT:       3547 MISS:       3418 MSHR_MERGE:          0
cpu0->cpu0_L1D PREFETCH REQUESTED:    1119909 ISSUED:    1115120 USEFUL:     230968 USELESS:     512732
cpu0->cpu0_L1D AVERAGE MISS LATENCY: 38.82 cycles
cpu0->cpu0_ITLB TOTAL        ACCESS:     107335 HIT:     107335 MISS:          0 MSHR_MERGE:          0
cpu0->cpu0_ITLB LOAD         ACCESS:     107335 HIT:     107335 MISS:          0 MSHR_MERGE:          0
cpu0->cpu0_ITLB RFO          ACCESS:          0 HIT:          0 MISS:          0 MSHR_MERGE:          0
cpu0->cpu0_ITLB PREFETCH     ACCESS:          0 HIT:          0 MISS:          0 MSHR_MERGE:          0
cpu0->cpu0_ITLB WRITE        ACCESS:          0 HIT:          0 MISS:          0 MSHR_MERGE:          0
cpu0->cpu0_ITLB TRANSLATION  ACCESS:          0 HIT:          0 MISS:          0 MSHR_MERGE:          0
cpu0->cpu0_ITLB PREFETCH REQUESTED:          0 ISSUED:          0 USEFUL:          0 USELESS:          0
cpu0->cpu0_ITLB AVERAGE MISS LATENCY: - cycles
cpu0->cpu0_DTLB TOTAL        ACCESS:   13522785 HIT:   10767428 MISS:    2755357 MSHR_MERGE:     398584
cpu0->cpu0_DTLB LOAD         ACCESS:   13522785 HIT:   10767428 MISS:    2755357 MSHR_MERGE:     398584
cpu0->cpu0_DTLB RFO          ACCESS:          0 HIT:          0 MISS:          0 MSHR_MERGE:          0
cpu0->cpu0_DTLB PREFETCH     ACCESS:          0 HIT:          0 MISS:          0 MSHR_MERGE:          0
cpu0->cpu0_DTLB WRITE        ACCESS:          0 HIT:          0 MISS:          0 MSHR_MERGE:          0
cpu0->cpu0_DTLB TRANSLATION  ACCESS:          0 HIT:          0 MISS:          0 MSHR_MERGE:          0
cpu0->cpu0_DTLB PREFETCH REQUESTED:          0 ISSUED:          0 USEFUL:          0 USELESS:          0
cpu0->cpu0_DTLB AVERAGE MISS LATENCY: 5.383 cycles
cpu0->LLC TOTAL        ACCESS:    3414812 HIT:    2199949 MISS:    1214863 MSHR_MERGE:          0
cpu0->LLC LOAD         ACCESS:    1106855 HIT:     779324 MISS:     327531 MSHR_MERGE:          0
cpu0->LLC RFO          ACCESS:          0 HIT:          0 MISS:          0 MSHR_MERGE:          0
cpu0->LLC PREFETCH     ACCESS:    2106724 HIT:    1279301 MISS:     827423 MSHR_MERGE:          0
cpu0->LLC WRITE        ACCESS:     200731 HIT:     141315 MISS:      59416 MSHR_MERGE:          0
cpu0->LLC TRANSLATION  ACCESS:        502 HIT:          9 MISS:        493 MSHR_MERGE:          0
cpu0->LLC PREFETCH REQUESTED:          0 ISSUED:          0 USEFUL:          0 USELESS:          0
cpu0->LLC AVERAGE MISS LATENCY: 197.2 cycles

DRAM Statistics

Channel 0 RQ ROW_BUFFER_HIT:      20196
  ROW_BUFFER_MISS:    1134468
  AVG DBUS CONGESTED CYCLE: 24.68
Channel 0 WQ ROW_BUFFER_HIT:      25311
  ROW_BUFFER_MISS:      65857
  FULL:          0
Channel 0 REFRESHES ISSUED:       8294
