[VMEM] WARNING: physical memory size is smaller than virtual memory size.

*** ChampSim Multicore Out-of-Order Simulator ***
Warmup Instructions: 10000000
Simulation Instructions: 50000000
Number of CPUs: 1
Page size: 4096
Core 0: traces/GAP/charlie_0003.champsim.gz
 L1D Berti prefetcher
Off-chip DRAM Size: 64 GiB Channels: 1 Width: 64-bit Data Rate: 4807 MT/s
[BTB] WARNING: target of return is a lower address than the corresponding call. This is usually a problem with your trace.
Heartbeat CPU 0 instructions: 500002 cycles: 249860 heartbeat IPC: 2.001 cumulative IPC: 2.001 (Simulation time: 00 hr 00 min 02 sec)
Heartbeat CPU 0 instructions: 1000006 cycles: 508063 heartbeat IPC: 1.936 cumulative IPC: 1.968 (Simulation time: 00 hr 00 min 04 sec)
[BTB] WARNING: target of return is a lower address than the corresponding call. This is usually a problem with your trace.
Heartbeat CPU 0 instructions: 1500009 cycles: 689754 heartbeat IPC: 2.752 cumulative IPC: 2.175 (Simulation time: 00 hr 00 min 06 sec)
[BTB] WARNING: target of return is a lower address than the corresponding call. This is usually a problem with your trace.
Heartbeat CPU 0 instructions: 2000010 cycles: 835148 heartbeat IPC: 3.439 cumulative IPC: 2.395 (Simulation time: 00 hr 00 min 07 sec)
[BTB] WARNING: target of return is a lower address than the corresponding call. This is usually a problem with your trace.
Heartbeat CPU 0 instructions: 2500017 cycles: 983340 heartbeat IPC: 3.374 cumulative IPC: 2.542 (Simulation time: 00 hr 00 min 09 sec)
[BTB] WARNING: target of return is a lower address than the corresponding call. This is usually a problem with your trace.
Heartbeat CPU 0 instructions: 3000021 cycles: 1096466 heartbeat IPC: 4.42 cumulative IPC: 2.736 (Simulation time: 00 hr 00 min 10 sec)
[BTB] WARNING: target of return is a lower address than the corresponding call. This is usually a problem with your trace.
[BTB] WARNING: target of return is a lower address than the corresponding call. This is usually a problem with your trace.
[BTB] WARNING: target of return is a lower address than the corresponding call. This is usually a problem with your trace.
[BTB] WARNING: target of return is a lower address than the corresponding call. This is usually a problem with your trace.
[BTB] WARNING: target of return is a lower address than the corresponding call. This is usually a problem with your trace.
Heartbeat CPU 0 instructions: 3500024 cycles: 1214262 heartbeat IPC: 4.245 cumulative IPC: 2.882 (Simulation time: 00 hr 00 min 11 sec)
Heartbeat CPU 0 instructions: 4000027 cycles: 1319966 heartbeat IPC: 4.73 cumulative IPC: 3.03 (Simulation time: 00 hr 00 min 12 sec)
Heartbeat CPU 0 instructions: 4500027 cycles: 1455377 heartbeat IPC: 3.692 cumulative IPC: 3.092 (Simulation time: 00 hr 00 min 13 sec)
Heartbeat CPU 0 instructions: 5000032 cycles: 1656157 heartbeat IPC: 2.49 cumulative IPC: 3.019 (Simulation time: 00 hr 00 min 15 sec)
Heartbeat CPU 0 instructions: 5500034 cycles: 1799989 heartbeat IPC: 3.476 cumulative IPC: 3.056 (Simulation time: 00 hr 00 min 16 sec)
Heartbeat CPU 0 instructions: 6000035 cycles: 1905915 heartbeat IPC: 4.72 cumulative IPC: 3.148 (Simulation time: 00 hr 00 min 17 sec)
Heartbeat CPU 0 instructions: 6500038 cycles: 2010175 heartbeat IPC: 4.796 cumulative IPC: 3.234 (Simulation time: 00 hr 00 min 18 sec)
Heartbeat CPU 0 instructions: 7000044 cycles: 2115591 heartbeat IPC: 4.743 cumulative IPC: 3.309 (Simulation time: 00 hr 00 min 19 sec)
Heartbeat CPU 0 instructions: 7500045 cycles: 2220502 heartbeat IPC: 4.766 cumulative IPC: 3.378 (Simulation time: 00 hr 00 min 20 sec)
Heartbeat CPU 0 instructions: 8000052 cycles: 2325350 heartbeat IPC: 4.769 cumulative IPC: 3.44 (Simulation time: 00 hr 00 min 21 sec)
Heartbeat CPU 0 instructions: 8500055 cycles: 2429561 heartbeat IPC: 4.798 cumulative IPC: 3.499 (Simulation time: 00 hr 00 min 22 sec)
Heartbeat CPU 0 instructions: 9000058 cycles: 2533290 heartbeat IPC: 4.82 cumulative IPC: 3.553 (Simulation time: 00 hr 00 min 23 sec)
Heartbeat CPU 0 instructions: 9500060 cycles: 2637662 heartbeat IPC: 4.791 cumulative IPC: 3.602 (Simulation time: 00 hr 00 min 24 sec)
Warmup finished CPU 0 instructions: 10000000 cycles: 2741767 cumulative IPC: 3.647 (Simulation time: 00 hr 00 min 25 sec)
Warmup complete CPU 0 instructions: 10000000 cycles: 2741767 cumulative IPC: 3.647 (Simulation time: 00 hr 00 min 25 sec)
Heartbeat CPU 0 instructions: 10000067 cycles: 2741788 heartbeat IPC: 4.802 cumulative IPC: 3.19 (Simulation time: 00 hr 00 min 25 sec)
Heartbeat CPU 0 instructions: 10500067 cycles: 3073493 heartbeat IPC: 1.507 cumulative IPC: 1.507 (Simulation time: 00 hr 00 min 27 sec)
Heartbeat CPU 0 instructions: 11000073 cycles: 3421143 heartbeat IPC: 1.438 cumulative IPC: 1.472 (Simulation time: 00 hr 00 min 29 sec)
Heartbeat CPU 0 instructions: 11500074 cycles: 3769532 heartbeat IPC: 1.435 cumulative IPC: 1.46 (Simulation time: 00 hr 00 min 30 sec)
Heartbeat CPU 0 instructions: 12000075 cycles: 4108788 heartbeat IPC: 1.474 cumulative IPC: 1.463 (Simulation time: 00 hr 00 min 32 sec)
Heartbeat CPU 0 instructions: 12500075 cycles: 4472287 heartbeat IPC: 1.376 cumulative IPC: 1.445 (Simulation time: 00 hr 00 min 34 sec)
Heartbeat CPU 0 instructions: 13000075 cycles: 4904591 heartbeat IPC: 1.157 cumulative IPC: 1.387 (Simulation time: 00 hr 00 min 36 sec)
Heartbeat CPU 0 instructions: 13500076 cycles: 5348587 heartbeat IPC: 1.126 cumulative IPC: 1.343 (Simulation time: 00 hr 00 min 37 sec)
Heartbeat CPU 0 instructions: 14000077 cycles: 5665147 heartbeat IPC: 1.579 cumulative IPC: 1.368 (Simulation time: 00 hr 00 min 39 sec)
Heartbeat CPU 0 instructions: 14500079 cycles: 6115199 heartbeat IPC: 1.111 cumulative IPC: 1.334 (Simulation time: 00 hr 00 min 41 sec)
Heartbeat CPU 0 instructions: 15000079 cycles: 7195435 heartbeat IPC: 0.4629 cumulative IPC: 1.123 (Simulation time: 00 hr 00 min 45 sec)
Heartbeat CPU 0 instructions: 15500080 cycles: 7569336 heartbeat IPC: 1.337 cumulative IPC: 1.139 (Simulation time: 00 hr 00 min 46 sec)
Heartbeat CPU 0 instructions: 16000082 cycles: 8007508 heartbeat IPC: 1.141 cumulative IPC: 1.139 (Simulation time: 00 hr 00 min 48 sec)
Heartbeat CPU 0 instructions: 16500083 cycles: 8337897 heartbeat IPC: 1.513 cumulative IPC: 1.162 (Simulation time: 00 hr 00 min 50 sec)
Heartbeat CPU 0 instructions: 17000086 cycles: 8677473 heartbeat IPC: 1.472 cumulative IPC: 1.179 (Simulation time: 00 hr 00 min 52 sec)
Heartbeat CPU 0 instructions: 17500092 cycles: 9018389 heartbeat IPC: 1.467 cumulative IPC: 1.195 (Simulation time: 00 hr 00 min 54 sec)
Heartbeat CPU 0 instructions: 18000096 cycles: 9358991 heartbeat IPC: 1.468 cumulative IPC: 1.209 (Simulation time: 00 hr 00 min 56 sec)
Heartbeat CPU 0 instructions: 18500100 cycles: 9654853 heartbeat IPC: 1.69 cumulative IPC: 1.23 (Simulation time: 00 hr 00 min 57 sec)
Heartbeat CPU 0 instructions: 19000103 cycles: 9966967 heartbeat IPC: 1.602 cumulative IPC: 1.246 (Simulation time: 00 hr 00 min 59 sec)
Heartbeat CPU 0 instructions: 19500103 cycles: 10295344 heartbeat IPC: 1.523 cumulative IPC: 1.258 (Simulation time: 00 hr 01 min 01 sec)
Heartbeat CPU 0 instructions: 20000104 cycles: 10620605 heartbeat IPC: 1.537 cumulative IPC: 1.269 (Simulation time: 00 hr 01 min 02 sec)
Heartbeat CPU 0 instructions: 20500106 cycles: 11010014 heartbeat IPC: 1.284 cumulative IPC: 1.27 (Simulation time: 00 hr 01 min 04 sec)
Heartbeat CPU 0 instructions: 21000109 cycles: 11348595 heartbeat IPC: 1.477 cumulative IPC: 1.278 (Simulation time: 00 hr 01 min 06 sec)
Heartbeat CPU 0 instructions: 21500109 cycles: 11699953 heartbeat IPC: 1.423 cumulative IPC: 1.284 (Simulation time: 00 hr 01 min 08 sec)
Heartbeat CPU 0 instructions: 22000114 cycles: 12127496 heartbeat IPC: 1.169 cumulative IPC: 1.279 (Simulation time: 00 hr 01 min 10 sec)
Heartbeat CPU 0 instructions: 22500115 cycles: 12437036 heartbeat IPC: 1.615 cumulative IPC: 1.289 (Simulation time: 00 hr 01 min 11 sec)
Heartbeat CPU 0 instructions: 23000116 cycles: 12741280 heartbeat IPC: 1.643 cumulative IPC: 1.3 (Simulation time: 00 hr 01 min 13 sec)
Heartbeat CPU 0 instructions: 23500119 cycles: 13057982 heartbeat IPC: 1.579 cumulative IPC: 1.309 (Simulation time: 00 hr 01 min 15 sec)
Heartbeat CPU 0 instructions: 24000121 cycles: 13395388 heartbeat IPC: 1.482 cumulative IPC: 1.314 (Simulation time: 00 hr 01 min 16 sec)
Heartbeat CPU 0 instructions: 24500128 cycles: 13723769 heartbeat IPC: 1.523 cumulative IPC: 1.32 (Simulation time: 00 hr 01 min 18 sec)
Heartbeat CPU 0 instructions: 25000129 cycles: 14193782 heartbeat IPC: 1.064 cumulative IPC: 1.31 (Simulation time: 00 hr 01 min 20 sec)
Heartbeat CPU 0 instructions: 25500131 cycles: 14594449 heartbeat IPC: 1.248 cumulative IPC: 1.308 (Simulation time: 00 hr 01 min 22 sec)
Heartbeat CPU 0 instructions: 26000131 cycles: 15038255 heartbeat IPC: 1.127 cumulative IPC: 1.301 (Simulation time: 00 hr 01 min 24 sec)
Heartbeat CPU 0 instructions: 26500132 cycles: 15479927 heartbeat IPC: 1.132 cumulative IPC: 1.295 (Simulation time: 00 hr 01 min 27 sec)
Heartbeat CPU 0 instructions: 27000134 cycles: 15905439 heartbeat IPC: 1.175 cumulative IPC: 1.291 (Simulation time: 00 hr 01 min 29 sec)
Heartbeat CPU 0 instructions: 27500134 cycles: 16349302 heartbeat IPC: 1.126 cumulative IPC: 1.286 (Simulation time: 00 hr 01 min 32 sec)
Heartbeat CPU 0 instructions: 28000134 cycles: 16795092 heartbeat IPC: 1.122 cumulative IPC: 1.281 (Simulation time: 00 hr 01 min 34 sec)
Heartbeat CPU 0 instructions: 28500136 cycles: 17223516 heartbeat IPC: 1.167 cumulative IPC: 1.277 (Simulation time: 00 hr 01 min 36 sec)
Heartbeat CPU 0 instructions: 29000136 cycles: 17625045 heartbeat IPC: 1.245 cumulative IPC: 1.277 (Simulation time: 00 hr 01 min 38 sec)
Heartbeat CPU 0 instructions: 29500139 cycles: 21341423 heartbeat IPC: 0.1345 cumulative IPC: 1.048 (Simulation time: 00 hr 01 min 52 sec)
Heartbeat CPU 0 instructions: 30000139 cycles: 22148278 heartbeat IPC: 0.6197 cumulative IPC: 1.031 (Simulation time: 00 hr 01 min 55 sec)
Heartbeat CPU 0 instructions: 30500141 cycles: 22677392 heartbeat IPC: 0.945 cumulative IPC: 1.028 (Simulation time: 00 hr 01 min 57 sec)
Heartbeat CPU 0 instructions: 31000141 cycles: 23389304 heartbeat IPC: 0.7023 cumulative IPC: 1.017 (Simulation time: 00 hr 01 min 59 sec)
Heartbeat CPU 0 instructions: 31500141 cycles: 24350170 heartbeat IPC: 0.5204 cumulative IPC: 0.995 (Simulation time: 00 hr 02 min 03 sec)
Heartbeat CPU 0 instructions: 32000142 cycles: 25300366 heartbeat IPC: 0.5262 cumulative IPC: 0.9752 (Simulation time: 00 hr 02 min 06 sec)
Heartbeat CPU 0 instructions: 32500146 cycles: 26239673 heartbeat IPC: 0.5323 cumulative IPC: 0.9575 (Simulation time: 00 hr 02 min 09 sec)
Heartbeat CPU 0 instructions: 33000148 cycles: 27188901 heartbeat IPC: 0.5267 cumulative IPC: 0.9408 (Simulation time: 00 hr 02 min 12 sec)
Heartbeat CPU 0 instructions: 33500148 cycles: 28128859 heartbeat IPC: 0.5319 cumulative IPC: 0.9257 (Simulation time: 00 hr 02 min 16 sec)
Heartbeat CPU 0 instructions: 34000150 cycles: 29077001 heartbeat IPC: 0.5273 cumulative IPC: 0.9113 (Simulation time: 00 hr 02 min 19 sec)
Heartbeat CPU 0 instructions: 34500151 cycles: 30019403 heartbeat IPC: 0.5306 cumulative IPC: 0.8982 (Simulation time: 00 hr 02 min 22 sec)
Heartbeat CPU 0 instructions: 35000153 cycles: 30967063 heartbeat IPC: 0.5276 cumulative IPC: 0.8857 (Simulation time: 00 hr 02 min 25 sec)
Heartbeat CPU 0 instructions: 35500153 cycles: 31916812 heartbeat IPC: 0.5265 cumulative IPC: 0.874 (Simulation time: 00 hr 02 min 29 sec)
Heartbeat CPU 0 instructions: 36000155 cycles: 32853872 heartbeat IPC: 0.5336 cumulative IPC: 0.8634 (Simulation time: 00 hr 02 min 32 sec)
Heartbeat CPU 0 instructions: 36500156 cycles: 33802939 heartbeat IPC: 0.5268 cumulative IPC: 0.8532 (Simulation time: 00 hr 02 min 35 sec)
Heartbeat CPU 0 instructions: 37000156 cycles: 34741029 heartbeat IPC: 0.533 cumulative IPC: 0.8438 (Simulation time: 00 hr 02 min 38 sec)
Heartbeat CPU 0 instructions: 37500156 cycles: 35687063 heartbeat IPC: 0.5285 cumulative IPC: 0.8347 (Simulation time: 00 hr 02 min 41 sec)
Heartbeat CPU 0 instructions: 38000157 cycles: 36628766 heartbeat IPC: 0.531 cumulative IPC: 0.8263 (Simulation time: 00 hr 02 min 45 sec)
Heartbeat CPU 0 instructions: 38500161 cycles: 37571500 heartbeat IPC: 0.5304 cumulative IPC: 0.8183 (Simulation time: 00 hr 02 min 48 sec)
Heartbeat CPU 0 instructions: 39000164 cycles: 38518023 heartbeat IPC: 0.5283 cumulative IPC: 0.8106 (Simulation time: 00 hr 02 min 51 sec)
Heartbeat CPU 0 instructions: 39500166 cycles: 39152443 heartbeat IPC: 0.7881 cumulative IPC: 0.8102 (Simulation time: 00 hr 02 min 53 sec)
Heartbeat CPU 0 instructions: 40000166 cycles: 39793045 heartbeat IPC: 0.7805 cumulative IPC: 0.8097 (Simulation time: 00 hr 02 min 56 sec)
Heartbeat CPU 0 instructions: 40500166 cycles: 40471873 heartbeat IPC: 0.7366 cumulative IPC: 0.8084 (Simulation time: 00 hr 02 min 59 sec)
Heartbeat CPU 0 instructions: 41000166 cycles: 40677609 heartbeat IPC: 2.43 cumulative IPC: 0.8172 (Simulation time: 00 hr 03 min 00 sec)
Heartbeat CPU 0 instructions: 41500172 cycles: 40800979 heartbeat IPC: 4.053 cumulative IPC: 0.8277 (Simulation time: 00 hr 03 min 02 sec)
Heartbeat CPU 0 instructions: 42000174 cycles: 41149467 heartbeat IPC: 1.435 cumulative IPC: 0.8332 (Simulation time: 00 hr 03 min 04 sec)
Heartbeat CPU 0 instructions: 42500177 cycles: 41422750 heartbeat IPC: 1.83 cumulative IPC: 0.8402 (Simulation time: 00 hr 03 min 05 sec)
Heartbeat CPU 0 instructions: 43000179 cycles: 41856567 heartbeat IPC: 1.153 cumulative IPC: 0.8437 (Simulation time: 00 hr 03 min 07 sec)
Heartbeat CPU 0 instructions: 43500183 cycles: 42205369 heartbeat IPC: 1.433 cumulative IPC: 0.8489 (Simulation time: 00 hr 03 min 09 sec)
Heartbeat CPU 0 instructions: 44000183 cycles: 42513180 heartbeat IPC: 1.624 cumulative IPC: 0.8549 (Simulation time: 00 hr 03 min 10 sec)
Heartbeat CPU 0 instructions: 44500185 cycles: 42845809 heartbeat IPC: 1.503 cumulative IPC: 0.8603 (Simulation time: 00 hr 03 min 12 sec)
Heartbeat CPU 0 instructions: 45000191 cycles: 43069523 heartbeat IPC: 2.235 cumulative IPC: 0.8679 (Simulation time: 00 hr 03 min 14 sec)
Heartbeat CPU 0 instructions: 45500192 cycles: 43269266 heartbeat IPC: 2.503 cumulative IPC: 0.876 (Simulation time: 00 hr 03 min 15 sec)
Heartbeat CPU 0 instructions: 46000193 cycles: 43472621 heartbeat IPC: 2.459 cumulative IPC: 0.8839 (Simulation time: 00 hr 03 min 17 sec)
Heartbeat CPU 0 instructions: 46500194 cycles: 43792369 heartbeat IPC: 1.564 cumulative IPC: 0.8892 (Simulation time: 00 hr 03 min 18 sec)
Heartbeat CPU 0 instructions: 47000195 cycles: 44141847 heartbeat IPC: 1.431 cumulative IPC: 0.8937 (Simulation time: 00 hr 03 min 20 sec)
Heartbeat CPU 0 instructions: 47500199 cycles: 44314100 heartbeat IPC: 2.903 cumulative IPC: 0.902 (Simulation time: 00 hr 03 min 22 sec)
Heartbeat CPU 0 instructions: 48000201 cycles: 44468540 heartbeat IPC: 3.238 cumulative IPC: 0.9107 (Simulation time: 00 hr 03 min 23 sec)
Heartbeat CPU 0 instructions: 48500204 cycles: 44589881 heartbeat IPC: 4.121 cumulative IPC: 0.92 (Simulation time: 00 hr 03 min 25 sec)
Heartbeat CPU 0 instructions: 49000209 cycles: 44750911 heartbeat IPC: 3.105 cumulative IPC: 0.9284 (Simulation time: 00 hr 03 min 26 sec)
Heartbeat CPU 0 instructions: 49500211 cycles: 44929240 heartbeat IPC: 2.804 cumulative IPC: 0.9363 (Simulation time: 00 hr 03 min 28 sec)
Heartbeat CPU 0 instructions: 50000211 cycles: 45564784 heartbeat IPC: 0.7867 cumulative IPC: 0.9341 (Simulation time: 00 hr 03 min 31 sec)
Heartbeat CPU 0 instructions: 50500211 cycles: 46028930 heartbeat IPC: 1.077 cumulative IPC: 0.9356 (Simulation time: 00 hr 03 min 33 sec)
Heartbeat CPU 0 instructions: 51000212 cycles: 46453359 heartbeat IPC: 1.178 cumulative IPC: 0.938 (Simulation time: 00 hr 03 min 35 sec)
Heartbeat CPU 0 instructions: 51500213 cycles: 46885017 heartbeat IPC: 1.158 cumulative IPC: 0.9401 (Simulation time: 00 hr 03 min 38 sec)
Heartbeat CPU 0 instructions: 52000213 cycles: 47298570 heartbeat IPC: 1.209 cumulative IPC: 0.9426 (Simulation time: 00 hr 03 min 40 sec)
Heartbeat CPU 0 instructions: 52500218 cycles: 47714024 heartbeat IPC: 1.204 cumulative IPC: 0.945 (Simulation time: 00 hr 03 min 42 sec)
Heartbeat CPU 0 instructions: 53000220 cycles: 48122537 heartbeat IPC: 1.224 cumulative IPC: 0.9475 (Simulation time: 00 hr 03 min 44 sec)
Heartbeat CPU 0 instructions: 53500220 cycles: 48549910 heartbeat IPC: 1.17 cumulative IPC: 0.9496 (Simulation time: 00 hr 03 min 47 sec)
Heartbeat CPU 0 instructions: 54000220 cycles: 49026708 heartbeat IPC: 1.049 cumulative IPC: 0.9506 (Simulation time: 00 hr 03 min 50 sec)
Heartbeat CPU 0 instructions: 54500222 cycles: 49494224 heartbeat IPC: 1.069 cumulative IPC: 0.9518 (Simulation time: 00 hr 03 min 52 sec)
Heartbeat CPU 0 instructions: 55000223 cycles: 49956537 heartbeat IPC: 1.082 cumulative IPC: 0.9531 (Simulation time: 00 hr 03 min 55 sec)
Heartbeat CPU 0 instructions: 55500230 cycles: 50373634 heartbeat IPC: 1.199 cumulative IPC: 0.9552 (Simulation time: 00 hr 03 min 57 sec)
Heartbeat CPU 0 instructions: 56000232 cycles: 51487788 heartbeat IPC: 0.4488 cumulative IPC: 0.9437 (Simulation time: 00 hr 04 min 03 sec)
Heartbeat CPU 0 instructions: 56500232 cycles: 54512015 heartbeat IPC: 0.1653 cumulative IPC: 0.8982 (Simulation time: 00 hr 04 min 16 sec)
Heartbeat CPU 0 instructions: 57000232 cycles: 54956871 heartbeat IPC: 1.124 cumulative IPC: 0.9001 (Simulation time: 00 hr 04 min 18 sec)
Heartbeat CPU 0 instructions: 57500232 cycles: 55405786 heartbeat IPC: 1.114 cumulative IPC: 0.9019 (Simulation time: 00 hr 04 min 20 sec)
Heartbeat CPU 0 instructions: 58000232 cycles: 55816489 heartbeat IPC: 1.217 cumulative IPC: 0.9044 (Simulation time: 00 hr 04 min 23 sec)
Heartbeat CPU 0 instructions: 58500233 cycles: 56247366 heartbeat IPC: 1.16 cumulative IPC: 0.9065 (Simulation time: 00 hr 04 min 25 sec)
Heartbeat CPU 0 instructions: 59000235 cycles: 56672249 heartbeat IPC: 1.177 cumulative IPC: 0.9086 (Simulation time: 00 hr 04 min 27 sec)
Heartbeat CPU 0 instructions: 59500237 cycles: 57106173 heartbeat IPC: 1.152 cumulative IPC: 0.9105 (Simulation time: 00 hr 04 min 30 sec)
Simulation finished CPU 0 instructions: 50000000 cycles: 54794736 cumulative IPC: 0.9125 (Simulation time: 00 hr 04 min 32 sec)
Simulation complete CPU 0 instructions: 50000000 cycles: 54794736 cumulative IPC: 0.9125 (Simulation time: 00 hr 04 min 32 sec)

ChampSim completed all CPUs

=== Simulation ===
CPU 0 runs traces/GAP/charlie_0003.champsim.gz

Region of Interest Statistics

CPU 0 cumulative IPC: 0.9125 instructions: 50000000 cycles: 54794736
CPU 0 Branch Prediction Accuracy: 90.87% MPKI: 24.92 Average ROB Occupancy at Mispredict: 15.2
Branch type MPKI
BRANCH_DIRECT_JUMP: 1.244
BRANCH_INDIRECT: 0.2987
BRANCH_CONDITIONAL: 22.86
BRANCH_DIRECT_CALL: 0.0355
BRANCH_INDIRECT_CALL: 0.4181
BRANCH_RETURN: 0.0638

cpu0->cpu0_STLB TOTAL        ACCESS:    1052183 HIT:    1028190 MISS:      23993 MSHR_MERGE:          0
cpu0->cpu0_STLB LOAD         ACCESS:    1052183 HIT:    1028190 MISS:      23993 MSHR_MERGE:          0
cpu0->cpu0_STLB RFO          ACCESS:          0 HIT:          0 MISS:          0 MSHR_MERGE:          0
cpu0->cpu0_STLB PREFETCH     ACCESS:          0 HIT:          0 MISS:          0 MSHR_MERGE:          0
cpu0->cpu0_STLB WRITE        ACCESS:          0 HIT:          0 MISS:          0 MSHR_MERGE:          0
cpu0->cpu0_STLB TRANSLATION  ACCESS:          0 HIT:          0 MISS:          0 MSHR_MERGE:          0
cpu0->cpu0_STLB PREFETCH REQUESTED:          0 ISSUED:          0 USEFUL:          0 USELESS:          0
cpu0->cpu0_STLB AVERAGE MISS LATENCY: 214.7 cycles
cpu0->cpu0_L2C TOTAL        ACCESS:    5024621 HIT:    4543600 MISS:     481021 MSHR_MERGE:     140822
cpu0->cpu0_L2C LOAD         ACCESS:    1171821 HIT:    1092222 MISS:      79599 MSHR_MERGE:      19833
cpu0->cpu0_L2C RFO          ACCESS:      85330 HIT:      22617 MISS:      62713 MSHR_MERGE:        893
cpu0->cpu0_L2C PREFETCH     ACCESS:    3588444 HIT:    3259186 MISS:     329258 MSHR_MERGE:     120096
cpu0->cpu0_L2C WRITE        ACCESS:     159150 HIT:     159148 MISS:          2 MSHR_MERGE:          0
cpu0->cpu0_L2C TRANSLATION  ACCESS:      19876 HIT:      10427 MISS:       9449 MSHR_MERGE:          0
cpu0->cpu0_L2C PREFETCH REQUESTED:    3352934 ISSUED:    3051344 USEFUL:     112673 USELESS:      74491
cpu0->cpu0_L2C AVERAGE MISS LATENCY: 284.1 cycles
cpu0->cpu0_L1I TOTAL        ACCESS:    2453597 HIT:    2372819 MISS:      80778 MSHR_MERGE:      19240
cpu0->cpu0_L1I LOAD         ACCESS:    2453597 HIT:    2372819 MISS:      80778 MSHR_MERGE:      19240
cpu0->cpu0_L1I RFO          ACCESS:          0 HIT:          0 MISS:          0 MSHR_MERGE:          0
cpu0->cpu0_L1I PREFETCH     ACCESS:          0 HIT:          0 MISS:          0 MSHR_MERGE:          0
cpu0->cpu0_L1I WRITE        ACCESS:          0 HIT:          0 MISS:          0 MSHR_MERGE:          0
cpu0->cpu0_L1I TRANSLATION  ACCESS:          0 HIT:          0 MISS:          0 MSHR_MERGE:          0
cpu0->cpu0_L1I PREFETCH REQUESTED:          0 ISSUED:          0 USEFUL:          0 USELESS:          0
cpu0->cpu0_L1I AVERAGE MISS LATENCY: 44.82 cycles
cpu0->cpu0_L1D TOTAL        ACCESS:   11949540 HIT:    9919053 MISS:    2030487 MSHR_MERGE:     277898
cpu0->cpu0_L1D LOAD         ACCESS:    8344937 HIT:    7117946 MISS:    1226991 MSHR_MERGE:     116708
cpu0->cpu0_L1D RFO          ACCESS:          0 HIT:          0 MISS:          0 MSHR_MERGE:          0
cpu0->cpu0_L1D PREFETCH     ACCESS:     799645 HIT:     237867 MISS:     561778 MSHR_MERGE:      24678
cpu0->cpu0_L1D WRITE        ACCESS:    2748389 HIT:    2526839 MISS:     221550 MSHR_MERGE:     136220
cpu0->cpu0_L1D TRANSLATION  ACCESS:      56569 HIT:      36401 MISS:      20168 MSHR_MERGE:        292
cpu0->cpu0_L1D PREFETCH REQUESTED:     827995 ISSUED:     799645 USEFUL:     454147 USELESS:      82966
cpu0->cpu0_L1D AVERAGE MISS LATENCY: 41.89 cycles
cpu0->cpu0_ITLB TOTAL        ACCESS:    1981385 HIT:    1973720 MISS:       7665 MSHR_MERGE:       3530
cpu0->cpu0_ITLB LOAD         ACCESS:    1981385 HIT:    1973720 MISS:       7665 MSHR_MERGE:       3530
cpu0->cpu0_ITLB RFO          ACCESS:          0 HIT:          0 MISS:          0 MSHR_MERGE:          0
cpu0->cpu0_ITLB PREFETCH     ACCESS:          0 HIT:          0 MISS:          0 MSHR_MERGE:          0
cpu0->cpu0_ITLB WRITE        ACCESS:          0 HIT:          0 MISS:          0 MSHR_MERGE:          0
cpu0->cpu0_ITLB TRANSLATION  ACCESS:          0 HIT:          0 MISS:          0 MSHR_MERGE:          0
cpu0->cpu0_ITLB PREFETCH REQUESTED:          0 ISSUED:          0 USEFUL:          0 USELESS:          0
cpu0->cpu0_ITLB AVERAGE MISS LATENCY: 64.21 cycles
cpu0->cpu0_DTLB TOTAL        ACCESS:   11370937 HIT:   10243240 MISS:    1127697 MSHR_MERGE:      79649
cpu0->cpu0_DTLB LOAD         ACCESS:   11370937 HIT:   10243240 MISS:    1127697 MSHR_MERGE:      79649
cpu0->cpu0_DTLB RFO          ACCESS:          0 HIT:          0 MISS:          0 MSHR_MERGE:          0
cpu0->cpu0_DTLB PREFETCH     ACCESS:          0 HIT:          0 MISS:          0 MSHR_MERGE:          0
cpu0->cpu0_DTLB WRITE        ACCESS:          0 HIT:          0 MISS:          0 MSHR_MERGE:          0
cpu0->cpu0_DTLB TRANSLATION  ACCESS:          0 HIT:          0 MISS:          0 MSHR_MERGE:          0
cpu0->cpu0_DTLB PREFETCH REQUESTED:          0 ISSUED:          0 USEFUL:          0 USELESS:          0
cpu0->cpu0_DTLB AVERAGE MISS LATENCY: 9.71 cycles
cpu0->LLC TOTAL        ACCESS:     471924 HIT:      25690 MISS:     446234 MSHR_MERGE:          0
cpu0->LLC LOAD         ACCESS:      59766 HIT:       3897 MISS:      55869 MSHR_MERGE:          0
cpu0->LLC RFO          ACCESS:      61820 HIT:        268 MISS:      61552 MSHR_MERGE:          0
cpu0->LLC PREFETCH     ACCESS:     209162 HIT:       3426 MISS:     205736 MSHR_MERGE:          0
cpu0->LLC WRITE        ACCESS:     131727 HIT:      16958 MISS:     114769 MSHR_MERGE:          0
cpu0->LLC TRANSLATION  ACCESS:       9449 HIT:       1141 MISS:       8308 MSHR_MERGE:          0
cpu0->LLC PREFETCH REQUESTED:          0 ISSUED:          0 USEFUL:          0 USELESS:          0
cpu0->LLC AVERAGE MISS LATENCY: 154.9 cycles

DRAM Statistics

Channel 0 RQ ROW_BUFFER_HIT:      22711
  ROW_BUFFER_MISS:     308737
  AVG DBUS CONGESTED CYCLE: 17.52
Channel 0 WQ ROW_BUFFER_HIT:      20688
  ROW_BUFFER_MISS:      83382
  FULL:          0
Channel 0 REFRESHES ISSUED:       4566
