[VMEM] WARNING: physical memory size is smaller than virtual memory size.

*** ChampSim Multicore Out-of-Order Simulator ***
Warmup Instructions: 10000000
Simulation Instructions: 50000000
Number of CPUs: 1
Page size: 4096
Core 0: traces/GAP/charlie_0000.champsim.gz
 L1D Berti prefetcher
Off-chip DRAM Size: 64 GiB Channels: 1 Width: 64-bit Data Rate: 4807 MT/s
[BTB] WARNING: target of return is a lower address than the corresponding call. This is usually a problem with your trace.
[BTB] WARNING: target of return is a lower address than the corresponding call. This is usually a problem with your trace.
Heartbeat CPU 0 instructions: 500006 cycles: 300027 heartbeat IPC: 1.667 cumulative IPC: 1.667 (Simulation time: 00 hr 00 min 02 sec)
Heartbeat CPU 0 instructions: 1000012 cycles: 488351 heartbeat IPC: 2.655 cumulative IPC: 2.048 (Simulation time: 00 hr 00 min 04 sec)
[BTB] WARNING: target of return is a lower address than the corresponding call. This is usually a problem with your trace.
Heartbeat CPU 0 instructions: 1500013 cycles: 656213 heartbeat IPC: 2.979 cumulative IPC: 2.286 (Simulation time: 00 hr 00 min 06 sec)
[BTB] WARNING: target of return is a lower address than the corresponding call. This is usually a problem with your trace.
[BTB] WARNING: target of return is a lower address than the corresponding call. This is usually a problem with your trace.
Heartbeat CPU 0 instructions: 2000013 cycles: 789795 heartbeat IPC: 3.743 cumulative IPC: 2.532 (Simulation time: 00 hr 00 min 07 sec)
[BTB] WARNING: target of return is a lower address than the corresponding call. This is usually a problem with your trace.
[BTB] WARNING: target of return is a lower address than the corresponding call. This is usually a problem with your trace.
[BTB] WARNING: target of return is a lower address than the corresponding call. This is usually a problem with your trace.
[BTB] WARNING: target of return is a lower address than the corresponding call. This is usually a problem with your trace.
[BTB] WARNING: target of return is a lower address than the corresponding call. This is usually a problem with your trace.
Heartbeat CPU 0 instructions: 2500014 cycles: 937473 heartbeat IPC: 3.386 cumulative IPC: 2.667 (Simulation time: 00 hr 00 min 08 sec)
Heartbeat CPU 0 instructions: 3000021 cycles: 1046264 heartbeat IPC: 4.596 cumulative IPC: 2.867 (Simulation time: 00 hr 00 min 09 sec)
Heartbeat CPU 0 instructions: 3500023 cycles: 1153494 heartbeat IPC: 4.663 cumulative IPC: 3.034 (Simulation time: 00 hr 00 min 10 sec)
Heartbeat CPU 0 instructions: 4000027 cycles: 1261057 heartbeat IPC: 4.648 cumulative IPC: 3.172 (Simulation time: 00 hr 00 min 11 sec)
Heartbeat CPU 0 instructions: 4500034 cycles: 1367088 heartbeat IPC: 4.716 cumulative IPC: 3.292 (Simulation time: 00 hr 00 min 12 sec)
Heartbeat CPU 0 instructions: 5000034 cycles: 1472877 heartbeat IPC: 4.726 cumulative IPC: 3.395 (Simulation time: 00 hr 00 min 13 sec)
Heartbeat CPU 0 instructions: 5500040 cycles: 1577606 heartbeat IPC: 4.774 cumulative IPC: 3.486 (Simulation time: 00 hr 00 min 14 sec)
Heartbeat CPU 0 instructions: 6000040 cycles: 1682284 heartbeat IPC: 4.777 cumulative IPC: 3.567 (Simulation time: 00 hr 00 min 15 sec)
Heartbeat CPU 0 instructions: 6500040 cycles: 1789512 heartbeat IPC: 4.663 cumulative IPC: 3.632 (Simulation time: 00 hr 00 min 16 sec)
Heartbeat CPU 0 instructions: 7000044 cycles: 1895680 heartbeat IPC: 4.71 cumulative IPC: 3.693 (Simulation time: 00 hr 00 min 17 sec)
Heartbeat CPU 0 instructions: 7500049 cycles: 2005007 heartbeat IPC: 4.573 cumulative IPC: 3.741 (Simulation time: 00 hr 00 min 19 sec)
Heartbeat CPU 0 instructions: 8000052 cycles: 2110669 heartbeat IPC: 4.732 cumulative IPC: 3.79 (Simulation time: 00 hr 00 min 20 sec)
Heartbeat CPU 0 instructions: 8500058 cycles: 2217633 heartbeat IPC: 4.675 cumulative IPC: 3.833 (Simulation time: 00 hr 00 min 21 sec)
Heartbeat CPU 0 instructions: 9000060 cycles: 2328442 heartbeat IPC: 4.512 cumulative IPC: 3.865 (Simulation time: 00 hr 00 min 22 sec)
Heartbeat CPU 0 instructions: 9500062 cycles: 2431636 heartbeat IPC: 4.845 cumulative IPC: 3.907 (Simulation time: 00 hr 00 min 23 sec)
Warmup finished CPU 0 instructions: 10000005 cycles: 2535545 cumulative IPC: 3.944 (Simulation time: 00 hr 00 min 24 sec)
Warmup complete CPU 0 instructions: 10000005 cycles: 2535545 cumulative IPC: 3.944 (Simulation time: 00 hr 00 min 24 sec)
Heartbeat CPU 0 instructions: 10000065 cycles: 2535553 heartbeat IPC: 4.812 cumulative IPC: 7.5 (Simulation time: 00 hr 00 min 24 sec)
Heartbeat CPU 0 instructions: 10500066 cycles: 2853833 heartbeat IPC: 1.571 cumulative IPC: 1.571 (Simulation time: 00 hr 00 min 25 sec)
Heartbeat CPU 0 instructions: 11000066 cycles: 3202316 heartbeat IPC: 1.435 cumulative IPC: 1.5 (Simulation time: 00 hr 00 min 27 sec)
Heartbeat CPU 0 instructions: 11500067 cycles: 3537542 heartbeat IPC: 1.492 cumulative IPC: 1.497 (Simulation time: 00 hr 00 min 29 sec)
Heartbeat CPU 0 instructions: 12000072 cycles: 4144283 heartbeat IPC: 0.8241 cumulative IPC: 1.243 (Simulation time: 00 hr 00 min 31 sec)
Heartbeat CPU 0 instructions: 12500072 cycles: 4799693 heartbeat IPC: 0.7629 cumulative IPC: 1.104 (Simulation time: 00 hr 00 min 34 sec)
Heartbeat CPU 0 instructions: 13000073 cycles: 5268845 heartbeat IPC: 1.066 cumulative IPC: 1.098 (Simulation time: 00 hr 00 min 37 sec)
Heartbeat CPU 0 instructions: 13500075 cycles: 5577845 heartbeat IPC: 1.618 cumulative IPC: 1.15 (Simulation time: 00 hr 00 min 38 sec)
Heartbeat CPU 0 instructions: 14000077 cycles: 5948246 heartbeat IPC: 1.35 cumulative IPC: 1.172 (Simulation time: 00 hr 00 min 40 sec)
Heartbeat CPU 0 instructions: 14500083 cycles: 6239424 heartbeat IPC: 1.717 cumulative IPC: 1.215 (Simulation time: 00 hr 00 min 42 sec)
Heartbeat CPU 0 instructions: 15000086 cycles: 6571532 heartbeat IPC: 1.506 cumulative IPC: 1.239 (Simulation time: 00 hr 00 min 43 sec)
Heartbeat CPU 0 instructions: 15500086 cycles: 6909347 heartbeat IPC: 1.48 cumulative IPC: 1.258 (Simulation time: 00 hr 00 min 45 sec)
Heartbeat CPU 0 instructions: 16000091 cycles: 7245329 heartbeat IPC: 1.488 cumulative IPC: 1.274 (Simulation time: 00 hr 00 min 47 sec)
Heartbeat CPU 0 instructions: 16500091 cycles: 7669075 heartbeat IPC: 1.18 cumulative IPC: 1.266 (Simulation time: 00 hr 00 min 49 sec)
Heartbeat CPU 0 instructions: 17000097 cycles: 8073013 heartbeat IPC: 1.238 cumulative IPC: 1.264 (Simulation time: 00 hr 00 min 51 sec)
Heartbeat CPU 0 instructions: 17500100 cycles: 8459493 heartbeat IPC: 1.294 cumulative IPC: 1.266 (Simulation time: 00 hr 00 min 53 sec)
Heartbeat CPU 0 instructions: 18000100 cycles: 8824961 heartbeat IPC: 1.368 cumulative IPC: 1.272 (Simulation time: 00 hr 00 min 55 sec)
Heartbeat CPU 0 instructions: 18500100 cycles: 9208458 heartbeat IPC: 1.304 cumulative IPC: 1.274 (Simulation time: 00 hr 00 min 57 sec)
Heartbeat CPU 0 instructions: 19000100 cycles: 9930871 heartbeat IPC: 0.6921 cumulative IPC: 1.217 (Simulation time: 00 hr 01 min 00 sec)
Heartbeat CPU 0 instructions: 19500100 cycles: 10236527 heartbeat IPC: 1.636 cumulative IPC: 1.234 (Simulation time: 00 hr 01 min 01 sec)
Heartbeat CPU 0 instructions: 20000101 cycles: 10525908 heartbeat IPC: 1.728 cumulative IPC: 1.252 (Simulation time: 00 hr 01 min 03 sec)
Heartbeat CPU 0 instructions: 20500102 cycles: 10826389 heartbeat IPC: 1.664 cumulative IPC: 1.266 (Simulation time: 00 hr 01 min 04 sec)
Heartbeat CPU 0 instructions: 21000104 cycles: 11084222 heartbeat IPC: 1.939 cumulative IPC: 1.287 (Simulation time: 00 hr 01 min 05 sec)
Heartbeat CPU 0 instructions: 21500105 cycles: 11348704 heartbeat IPC: 1.89 cumulative IPC: 1.305 (Simulation time: 00 hr 01 min 07 sec)
Heartbeat CPU 0 instructions: 22000111 cycles: 12599120 heartbeat IPC: 0.3999 cumulative IPC: 1.192 (Simulation time: 00 hr 01 min 12 sec)
Heartbeat CPU 0 instructions: 22500111 cycles: 14591213 heartbeat IPC: 0.251 cumulative IPC: 1.037 (Simulation time: 00 hr 01 min 19 sec)
Heartbeat CPU 0 instructions: 23000117 cycles: 15048524 heartbeat IPC: 1.093 cumulative IPC: 1.039 (Simulation time: 00 hr 01 min 21 sec)
Heartbeat CPU 0 instructions: 23500119 cycles: 15631971 heartbeat IPC: 0.857 cumulative IPC: 1.031 (Simulation time: 00 hr 01 min 24 sec)
Heartbeat CPU 0 instructions: 24000125 cycles: 16699443 heartbeat IPC: 0.4684 cumulative IPC: 0.9884 (Simulation time: 00 hr 01 min 28 sec)
Heartbeat CPU 0 instructions: 24500126 cycles: 16936668 heartbeat IPC: 2.108 cumulative IPC: 1.007 (Simulation time: 00 hr 01 min 30 sec)
Heartbeat CPU 0 instructions: 25000129 cycles: 17139778 heartbeat IPC: 2.462 cumulative IPC: 1.027 (Simulation time: 00 hr 01 min 32 sec)
Heartbeat CPU 0 instructions: 25500134 cycles: 17458340 heartbeat IPC: 1.57 cumulative IPC: 1.039 (Simulation time: 00 hr 01 min 33 sec)
Heartbeat CPU 0 instructions: 26000134 cycles: 17707826 heartbeat IPC: 2.004 cumulative IPC: 1.055 (Simulation time: 00 hr 01 min 35 sec)
Heartbeat CPU 0 instructions: 26500140 cycles: 17910043 heartbeat IPC: 2.473 cumulative IPC: 1.073 (Simulation time: 00 hr 01 min 37 sec)
Heartbeat CPU 0 instructions: 27000147 cycles: 18091612 heartbeat IPC: 2.754 cumulative IPC: 1.093 (Simulation time: 00 hr 01 min 39 sec)
Heartbeat CPU 0 instructions: 27500147 cycles: 18463650 heartbeat IPC: 1.344 cumulative IPC: 1.099 (Simulation time: 00 hr 01 min 41 sec)
Heartbeat CPU 0 instructions: 28000151 cycles: 18643537 heartbeat IPC: 2.78 cumulative IPC: 1.117 (Simulation time: 00 hr 01 min 43 sec)
Heartbeat CPU 0 instructions: 28500156 cycles: 18824198 heartbeat IPC: 2.768 cumulative IPC: 1.136 (Simulation time: 00 hr 01 min 44 sec)
Heartbeat CPU 0 instructions: 29000157 cycles: 19143990 heartbeat IPC: 1.564 cumulative IPC: 1.144 (Simulation time: 00 hr 01 min 46 sec)
Heartbeat CPU 0 instructions: 29500158 cycles: 20147329 heartbeat IPC: 0.4983 cumulative IPC: 1.107 (Simulation time: 00 hr 01 min 51 sec)
Heartbeat CPU 0 instructions: 30000162 cycles: 20445446 heartbeat IPC: 1.677 cumulative IPC: 1.117 (Simulation time: 00 hr 01 min 52 sec)
Heartbeat CPU 0 instructions: 30500163 cycles: 20731987 heartbeat IPC: 1.745 cumulative IPC: 1.127 (Simulation time: 00 hr 01 min 53 sec)
Heartbeat CPU 0 instructions: 31000163 cycles: 21027573 heartbeat IPC: 1.692 cumulative IPC: 1.136 (Simulation time: 00 hr 01 min 55 sec)
Heartbeat CPU 0 instructions: 31500164 cycles: 21282033 heartbeat IPC: 1.965 cumulative IPC: 1.147 (Simulation time: 00 hr 01 min 56 sec)
Heartbeat CPU 0 instructions: 32000170 cycles: 21538723 heartbeat IPC: 1.948 cumulative IPC: 1.158 (Simulation time: 00 hr 01 min 57 sec)
Heartbeat CPU 0 instructions: 32500171 cycles: 22110160 heartbeat IPC: 0.875 cumulative IPC: 1.149 (Simulation time: 00 hr 02 min 00 sec)
Heartbeat CPU 0 instructions: 33000171 cycles: 22538882 heartbeat IPC: 1.166 cumulative IPC: 1.15 (Simulation time: 00 hr 02 min 02 sec)
Heartbeat CPU 0 instructions: 33500172 cycles: 23063743 heartbeat IPC: 0.9526 cumulative IPC: 1.145 (Simulation time: 00 hr 02 min 06 sec)
Heartbeat CPU 0 instructions: 34000173 cycles: 23513475 heartbeat IPC: 1.112 cumulative IPC: 1.144 (Simulation time: 00 hr 02 min 08 sec)
Heartbeat CPU 0 instructions: 34500179 cycles: 24007856 heartbeat IPC: 1.011 cumulative IPC: 1.141 (Simulation time: 00 hr 02 min 11 sec)
Heartbeat CPU 0 instructions: 35000183 cycles: 24468538 heartbeat IPC: 1.085 cumulative IPC: 1.14 (Simulation time: 00 hr 02 min 13 sec)
Heartbeat CPU 0 instructions: 35500184 cycles: 25027064 heartbeat IPC: 0.8952 cumulative IPC: 1.134 (Simulation time: 00 hr 02 min 17 sec)
Heartbeat CPU 0 instructions: 36000184 cycles: 25502886 heartbeat IPC: 1.051 cumulative IPC: 1.132 (Simulation time: 00 hr 02 min 19 sec)
Heartbeat CPU 0 instructions: 36500186 cycles: 26523456 heartbeat IPC: 0.4899 cumulative IPC: 1.105 (Simulation time: 00 hr 02 min 24 sec)
Heartbeat CPU 0 instructions: 37000186 cycles: 26827856 heartbeat IPC: 1.643 cumulative IPC: 1.111 (Simulation time: 00 hr 02 min 25 sec)
Heartbeat CPU 0 instructions: 37500186 cycles: 27108466 heartbeat IPC: 1.782 cumulative IPC: 1.119 (Simulation time: 00 hr 02 min 26 sec)
Heartbeat CPU 0 instructions: 38000186 cycles: 27402705 heartbeat IPC: 1.699 cumulative IPC: 1.126 (Simulation time: 00 hr 02 min 28 sec)
Heartbeat CPU 0 instructions: 38500186 cycles: 27653002 heartbeat IPC: 1.998 cumulative IPC: 1.135 (Simulation time: 00 hr 02 min 29 sec)
Heartbeat CPU 0 instructions: 39000187 cycles: 27931377 heartbeat IPC: 1.796 cumulative IPC: 1.142 (Simulation time: 00 hr 02 min 30 sec)
Heartbeat CPU 0 instructions: 39500192 cycles: 28653364 heartbeat IPC: 0.6925 cumulative IPC: 1.13 (Simulation time: 00 hr 02 min 34 sec)
Heartbeat CPU 0 instructions: 40000192 cycles: 29114033 heartbeat IPC: 1.085 cumulative IPC: 1.129 (Simulation time: 00 hr 02 min 36 sec)
Heartbeat CPU 0 instructions: 40500192 cycles: 29498016 heartbeat IPC: 1.302 cumulative IPC: 1.131 (Simulation time: 00 hr 02 min 38 sec)
Heartbeat CPU 0 instructions: 41000193 cycles: 29828104 heartbeat IPC: 1.515 cumulative IPC: 1.136 (Simulation time: 00 hr 02 min 39 sec)
Heartbeat CPU 0 instructions: 41500193 cycles: 30224004 heartbeat IPC: 1.263 cumulative IPC: 1.138 (Simulation time: 00 hr 02 min 41 sec)
Heartbeat CPU 0 instructions: 42000200 cycles: 30606062 heartbeat IPC: 1.309 cumulative IPC: 1.14 (Simulation time: 00 hr 02 min 43 sec)
Heartbeat CPU 0 instructions: 42500203 cycles: 30986765 heartbeat IPC: 1.313 cumulative IPC: 1.142 (Simulation time: 00 hr 02 min 45 sec)
Heartbeat CPU 0 instructions: 43000208 cycles: 31294794 heartbeat IPC: 1.623 cumulative IPC: 1.147 (Simulation time: 00 hr 02 min 47 sec)
Heartbeat CPU 0 instructions: 43500211 cycles: 31670020 heartbeat IPC: 1.333 cumulative IPC: 1.15 (Simulation time: 00 hr 02 min 49 sec)
Heartbeat CPU 0 instructions: 44000213 cycles: 32034967 heartbeat IPC: 1.37 cumulative IPC: 1.153 (Simulation time: 00 hr 02 min 50 sec)
Heartbeat CPU 0 instructions: 44500215 cycles: 32365628 heartbeat IPC: 1.512 cumulative IPC: 1.157 (Simulation time: 00 hr 02 min 52 sec)
Heartbeat CPU 0 instructions: 45000221 cycles: 32691235 heartbeat IPC: 1.536 cumulative IPC: 1.161 (Simulation time: 00 hr 02 min 54 sec)
Heartbeat CPU 0 instructions: 45500225 cycles: 33046904 heartbeat IPC: 1.406 cumulative IPC: 1.164 (Simulation time: 00 hr 02 min 56 sec)
Heartbeat CPU 0 instructions: 46000226 cycles: 33491753 heartbeat IPC: 1.124 cumulative IPC: 1.163 (Simulation time: 00 hr 02 min 58 sec)
Heartbeat CPU 0 instructions: 46500229 cycles: 33802192 heartbeat IPC: 1.611 cumulative IPC: 1.167 (Simulation time: 00 hr 03 min 00 sec)
Heartbeat CPU 0 instructions: 47000230 cycles: 34110397 heartbeat IPC: 1.622 cumulative IPC: 1.172 (Simulation time: 00 hr 03 min 01 sec)
Heartbeat CPU 0 instructions: 47500232 cycles: 35243914 heartbeat IPC: 0.4411 cumulative IPC: 1.147 (Simulation time: 00 hr 03 min 06 sec)
Heartbeat CPU 0 instructions: 48000235 cycles: 35536467 heartbeat IPC: 1.709 cumulative IPC: 1.151 (Simulation time: 00 hr 03 min 07 sec)
Heartbeat CPU 0 instructions: 48500236 cycles: 36475137 heartbeat IPC: 0.5327 cumulative IPC: 1.134 (Simulation time: 00 hr 03 min 11 sec)
Heartbeat CPU 0 instructions: 49000236 cycles: 36770500 heartbeat IPC: 1.693 cumulative IPC: 1.139 (Simulation time: 00 hr 03 min 13 sec)
Heartbeat CPU 0 instructions: 49500236 cycles: 37027309 heartbeat IPC: 1.947 cumulative IPC: 1.145 (Simulation time: 00 hr 03 min 14 sec)
Heartbeat CPU 0 instructions: 50000239 cycles: 37274042 heartbeat IPC: 2.026 cumulative IPC: 1.151 (Simulation time: 00 hr 03 min 15 sec)
Heartbeat CPU 0 instructions: 50500241 cycles: 38030395 heartbeat IPC: 0.6611 cumulative IPC: 1.141 (Simulation time: 00 hr 03 min 19 sec)
Heartbeat CPU 0 instructions: 51000241 cycles: 38633099 heartbeat IPC: 0.8296 cumulative IPC: 1.136 (Simulation time: 00 hr 03 min 21 sec)
Heartbeat CPU 0 instructions: 51500246 cycles: 38997704 heartbeat IPC: 1.371 cumulative IPC: 1.138 (Simulation time: 00 hr 03 min 23 sec)
Heartbeat CPU 0 instructions: 52000247 cycles: 39336264 heartbeat IPC: 1.477 cumulative IPC: 1.141 (Simulation time: 00 hr 03 min 25 sec)
Heartbeat CPU 0 instructions: 52500250 cycles: 39707422 heartbeat IPC: 1.347 cumulative IPC: 1.143 (Simulation time: 00 hr 03 min 27 sec)
Heartbeat CPU 0 instructions: 53000252 cycles: 40214179 heartbeat IPC: 0.9867 cumulative IPC: 1.141 (Simulation time: 00 hr 03 min 29 sec)
Heartbeat CPU 0 instructions: 53500252 cycles: 40511590 heartbeat IPC: 1.681 cumulative IPC: 1.145 (Simulation time: 00 hr 03 min 31 sec)
Heartbeat CPU 0 instructions: 54000254 cycles: 40793197 heartbeat IPC: 1.776 cumulative IPC: 1.15 (Simulation time: 00 hr 03 min 32 sec)
Heartbeat CPU 0 instructions: 54500257 cycles: 41080083 heartbeat IPC: 1.743 cumulative IPC: 1.155 (Simulation time: 00 hr 03 min 33 sec)
Heartbeat CPU 0 instructions: 55000259 cycles: 41331636 heartbeat IPC: 1.988 cumulative IPC: 1.16 (Simulation time: 00 hr 03 min 35 sec)
Heartbeat CPU 0 instructions: 55500260 cycles: 41575141 heartbeat IPC: 2.053 cumulative IPC: 1.165 (Simulation time: 00 hr 03 min 36 sec)
Heartbeat CPU 0 instructions: 56000262 cycles: 42277097 heartbeat IPC: 0.7123 cumulative IPC: 1.157 (Simulation time: 00 hr 03 min 39 sec)
Heartbeat CPU 0 instructions: 56500263 cycles: 42911495 heartbeat IPC: 0.7882 cumulative IPC: 1.152 (Simulation time: 00 hr 03 min 42 sec)
Heartbeat CPU 0 instructions: 57000266 cycles: 44327965 heartbeat IPC: 0.353 cumulative IPC: 1.125 (Simulation time: 00 hr 03 min 48 sec)
Heartbeat CPU 0 instructions: 57500266 cycles: 44809803 heartbeat IPC: 1.038 cumulative IPC: 1.124 (Simulation time: 00 hr 03 min 50 sec)
Heartbeat CPU 0 instructions: 58000266 cycles: 45141285 heartbeat IPC: 1.508 cumulative IPC: 1.127 (Simulation time: 00 hr 03 min 52 sec)
Heartbeat CPU 0 instructions: 58500268 cycles: 45562318 heartbeat IPC: 1.188 cumulative IPC: 1.127 (Simulation time: 00 hr 03 min 54 sec)
Heartbeat CPU 0 instructions: 59000273 cycles: 45900765 heartbeat IPC: 1.477 cumulative IPC: 1.13 (Simulation time: 00 hr 03 min 55 sec)
Heartbeat CPU 0 instructions: 59500275 cycles: 46242294 heartbeat IPC: 1.464 cumulative IPC: 1.133 (Simulation time: 00 hr 03 min 57 sec)
Simulation finished CPU 0 instructions: 50000006 cycles: 44040725 cumulative IPC: 1.135 (Simulation time: 00 hr 03 min 59 sec)
Simulation complete CPU 0 instructions: 50000006 cycles: 44040725 cumulative IPC: 1.135 (Simulation time: 00 hr 03 min 59 sec)

ChampSim completed all CPUs

=== Simulation ===
CPU 0 runs traces/GAP/charlie_0000.champsim.gz

Region of Interest Statistics

CPU 0 cumulative IPC: 1.135 instructions: 50000006 cycles: 44040725
CPU 0 Branch Prediction Accuracy: 92.87% MPKI: 15.34 Average ROB Occupancy at Mispredict: 28.73
Branch type MPKI
BRANCH_DIRECT_JUMP: 0.2727
BRANCH_INDIRECT: 0.5188
BRANCH_CONDITIONAL: 13.8
BRANCH_DIRECT_CALL: 0.1681
BRANCH_INDIRECT_CALL: 0.3757
BRANCH_RETURN: 0.2019

cpu0->cpu0_STLB TOTAL        ACCESS:      84874 HIT:      59876 MISS:      24998 MSHR_MERGE:          0
cpu0->cpu0_STLB LOAD         ACCESS:      84874 HIT:      59876 MISS:      24998 MSHR_MERGE:          0
cpu0->cpu0_STLB RFO          ACCESS:          0 HIT:          0 MISS:          0 MSHR_MERGE:          0
cpu0->cpu0_STLB PREFETCH     ACCESS:          0 HIT:          0 MISS:          0 MSHR_MERGE:          0
cpu0->cpu0_STLB WRITE        ACCESS:          0 HIT:          0 MISS:          0 MSHR_MERGE:          0
cpu0->cpu0_STLB TRANSLATION  ACCESS:          0 HIT:          0 MISS:          0 MSHR_MERGE:          0
cpu0->cpu0_STLB PREFETCH REQUESTED:          0 ISSUED:          0 USEFUL:          0 USELESS:          0
cpu0->cpu0_STLB AVERAGE MISS LATENCY: 304.5 cycles
cpu0->cpu0_L2C TOTAL        ACCESS:    2626758 HIT:    1931992 MISS:     694766 MSHR_MERGE:     285742
cpu0->cpu0_L2C LOAD         ACCESS:     342445 HIT:     266212 MISS:      76233 MSHR_MERGE:      25243
cpu0->cpu0_L2C RFO          ACCESS:     105236 HIT:      34703 MISS:      70533 MSHR_MERGE:       2327
cpu0->cpu0_L2C PREFETCH     ACCESS:    1947939 HIT:    1415721 MISS:     532218 MSHR_MERGE:     258172
cpu0->cpu0_L2C WRITE        ACCESS:     205440 HIT:     205436 MISS:          4 MSHR_MERGE:          0
cpu0->cpu0_L2C TRANSLATION  ACCESS:      25698 HIT:       9920 MISS:      15778 MSHR_MERGE:          0
cpu0->cpu0_L2C PREFETCH REQUESTED:    1886627 ISSUED:    1757774 USEFUL:     186741 USELESS:      54101
cpu0->cpu0_L2C AVERAGE MISS LATENCY: 278 cycles
cpu0->cpu0_L1I TOTAL        ACCESS:    2641676 HIT:    2411092 MISS:     230584 MSHR_MERGE:      55403
cpu0->cpu0_L1I LOAD         ACCESS:    2641676 HIT:    2411092 MISS:     230584 MSHR_MERGE:      55403
cpu0->cpu0_L1I RFO          ACCESS:          0 HIT:          0 MISS:          0 MSHR_MERGE:          0
cpu0->cpu0_L1I PREFETCH     ACCESS:          0 HIT:          0 MISS:          0 MSHR_MERGE:          0
cpu0->cpu0_L1I WRITE        ACCESS:          0 HIT:          0 MISS:          0 MSHR_MERGE:          0
cpu0->cpu0_L1I TRANSLATION  ACCESS:          0 HIT:          0 MISS:          0 MSHR_MERGE:          0
cpu0->cpu0_L1I PREFETCH REQUESTED:          0 ISSUED:          0 USEFUL:          0 USELESS:          0
cpu0->cpu0_L1I AVERAGE MISS LATENCY: 34.17 cycles
cpu0->cpu0_L1D TOTAL        ACCESS:   13041731 HIT:   12248006 MISS:     793725 MSHR_MERGE:     305360
cpu0->cpu0_L1D LOAD         ACCESS:    8319701 HIT:    8086038 MISS:     233663 MSHR_MERGE:      66399
cpu0->cpu0_L1D RFO          ACCESS:          0 HIT:          0 MISS:          0 MSHR_MERGE:          0
cpu0->cpu0_L1D PREFETCH     ACCESS:     281799 HIT:      80230 MISS:     201569 MSHR_MERGE:      11404
cpu0->cpu0_L1D WRITE        ACCESS:    4374587 HIT:    4042254 MISS:     332333 MSHR_MERGE:     227095
cpu0->cpu0_L1D TRANSLATION  ACCESS:      65644 HIT:      39484 MISS:      26160 MSHR_MERGE:        462
cpu0->cpu0_L1D PREFETCH REQUESTED:     304131 ISSUED:     281797 USEFUL:     141313 USELESS:      48822
cpu0->cpu0_L1D AVERAGE MISS LATENCY: 143.6 cycles
cpu0->cpu0_ITLB TOTAL        ACCESS:    2203881 HIT:    2183721 MISS:      20160 MSHR_MERGE:       8613
cpu0->cpu0_ITLB LOAD         ACCESS:    2203881 HIT:    2183721 MISS:      20160 MSHR_MERGE:       8613
cpu0->cpu0_ITLB RFO          ACCESS:          0 HIT:          0 MISS:          0 MSHR_MERGE:          0
cpu0->cpu0_ITLB PREFETCH     ACCESS:          0 HIT:          0 MISS:          0 MSHR_MERGE:          0
cpu0->cpu0_ITLB WRITE        ACCESS:          0 HIT:          0 MISS:          0 MSHR_MERGE:          0
cpu0->cpu0_ITLB TRANSLATION  ACCESS:          0 HIT:          0 MISS:          0 MSHR_MERGE:          0
cpu0->cpu0_ITLB PREFETCH REQUESTED:          0 ISSUED:          0 USEFUL:          0 USELESS:          0
cpu0->cpu0_ITLB AVERAGE MISS LATENCY: 62.7 cycles
cpu0->cpu0_DTLB TOTAL        ACCESS:   12364031 HIT:   12221383 MISS:     142648 MSHR_MERGE:      69321
cpu0->cpu0_DTLB LOAD         ACCESS:   12364031 HIT:   12221383 MISS:     142648 MSHR_MERGE:      69321
cpu0->cpu0_DTLB RFO          ACCESS:          0 HIT:          0 MISS:          0 MSHR_MERGE:          0
cpu0->cpu0_DTLB PREFETCH     ACCESS:          0 HIT:          0 MISS:          0 MSHR_MERGE:          0
cpu0->cpu0_DTLB WRITE        ACCESS:          0 HIT:          0 MISS:          0 MSHR_MERGE:          0
cpu0->cpu0_DTLB TRANSLATION  ACCESS:          0 HIT:          0 MISS:          0 MSHR_MERGE:          0
cpu0->cpu0_DTLB PREFETCH REQUESTED:          0 ISSUED:          0 USEFUL:          0 USELESS:          0
cpu0->cpu0_DTLB AVERAGE MISS LATENCY: 100.1 cycles
cpu0->LLC TOTAL        ACCESS:     600192 HIT:      34822 MISS:     565370 MSHR_MERGE:          0
cpu0->LLC LOAD         ACCESS:      50990 HIT:       3181 MISS:      47809 MSHR_MERGE:          0
cpu0->LLC RFO          ACCESS:      68206 HIT:        923 MISS:      67283 MSHR_MERGE:          0
cpu0->LLC PREFETCH     ACCESS:     274046 HIT:       6224 MISS:     267822 MSHR_MERGE:          0
cpu0->LLC WRITE        ACCESS:     191172 HIT:      23178 MISS:     167994 MSHR_MERGE:          0
cpu0->LLC TRANSLATION  ACCESS:      15778 HIT:       1316 MISS:      14462 MSHR_MERGE:          0
cpu0->LLC PREFETCH REQUESTED:          0 ISSUED:          0 USEFUL:          0 USELESS:          0
cpu0->LLC AVERAGE MISS LATENCY: 129.7 cycles

DRAM Statistics

Channel 0 RQ ROW_BUFFER_HIT:      23638
  ROW_BUFFER_MISS:     373736
  AVG DBUS CONGESTED CYCLE: 20.94
Channel 0 WQ ROW_BUFFER_HIT:      37798
  ROW_BUFFER_MISS:     135981
  FULL:        575
Channel 0 REFRESHES ISSUED:       3670
