[VMEM] WARNING: physical memory size is smaller than virtual memory size.

*** ChampSim Multicore Out-of-Order Simulator ***
Warmup Instructions: 10000000
Simulation Instructions: 50000000
Number of CPUs: 1
Page size: 4096
Core 0: traces/GAP/sssp-10.trace.gz
 L1D Berti prefetcher
Off-chip DRAM Size: 64 GiB Channels: 1 Width: 64-bit Data Rate: 4807 MT/s
Heartbeat CPU 0 instructions: 500004 cycles: 182150 heartbeat IPC: 2.745 cumulative IPC: 2.745 (Simulation time: 00 hr 00 min 01 sec)
Heartbeat CPU 0 instructions: 1000004 cycles: 359394 heartbeat IPC: 2.821 cumulative IPC: 2.782 (Simulation time: 00 hr 00 min 02 sec)
Heartbeat CPU 0 instructions: 1500010 cycles: 511433 heartbeat IPC: 3.289 cumulative IPC: 2.933 (Simulation time: 00 hr 00 min 03 sec)
Heartbeat CPU 0 instructions: 2000015 cycles: 613301 heartbeat IPC: 4.908 cumulative IPC: 3.261 (Simulation time: 00 hr 00 min 04 sec)
Heartbeat CPU 0 instructions: 2500017 cycles: 718408 heartbeat IPC: 4.757 cumulative IPC: 3.48 (Simulation time: 00 hr 00 min 05 sec)
Heartbeat CPU 0 instructions: 3000022 cycles: 825827 heartbeat IPC: 4.655 cumulative IPC: 3.633 (Simulation time: 00 hr 00 min 07 sec)
Heartbeat CPU 0 instructions: 3500029 cycles: 932049 heartbeat IPC: 4.707 cumulative IPC: 3.755 (Simulation time: 00 hr 00 min 08 sec)
Heartbeat CPU 0 instructions: 4000033 cycles: 1038594 heartbeat IPC: 4.693 cumulative IPC: 3.851 (Simulation time: 00 hr 00 min 09 sec)
Heartbeat CPU 0 instructions: 4500036 cycles: 1146782 heartbeat IPC: 4.622 cumulative IPC: 3.924 (Simulation time: 00 hr 00 min 10 sec)
Heartbeat CPU 0 instructions: 5000038 cycles: 1252553 heartbeat IPC: 4.727 cumulative IPC: 3.992 (Simulation time: 00 hr 00 min 11 sec)
Heartbeat CPU 0 instructions: 5500043 cycles: 1359175 heartbeat IPC: 4.69 cumulative IPC: 4.047 (Simulation time: 00 hr 00 min 12 sec)
Heartbeat CPU 0 instructions: 6000043 cycles: 1466530 heartbeat IPC: 4.657 cumulative IPC: 4.091 (Simulation time: 00 hr 00 min 13 sec)
Heartbeat CPU 0 instructions: 6500044 cycles: 1572844 heartbeat IPC: 4.703 cumulative IPC: 4.133 (Simulation time: 00 hr 00 min 15 sec)
Heartbeat CPU 0 instructions: 7000045 cycles: 1682599 heartbeat IPC: 4.556 cumulative IPC: 4.16 (Simulation time: 00 hr 00 min 16 sec)
Heartbeat CPU 0 instructions: 7500051 cycles: 1790150 heartbeat IPC: 4.649 cumulative IPC: 4.19 (Simulation time: 00 hr 00 min 17 sec)
Heartbeat CPU 0 instructions: 8000054 cycles: 1896821 heartbeat IPC: 4.687 cumulative IPC: 4.218 (Simulation time: 00 hr 00 min 18 sec)
Heartbeat CPU 0 instructions: 8500057 cycles: 2001846 heartbeat IPC: 4.761 cumulative IPC: 4.246 (Simulation time: 00 hr 00 min 19 sec)
Heartbeat CPU 0 instructions: 9000064 cycles: 2106622 heartbeat IPC: 4.772 cumulative IPC: 4.272 (Simulation time: 00 hr 00 min 20 sec)
Heartbeat CPU 0 instructions: 9500071 cycles: 2213274 heartbeat IPC: 4.688 cumulative IPC: 4.292 (Simulation time: 00 hr 00 min 22 sec)
Warmup finished CPU 0 instructions: 10000001 cycles: 2318704 cumulative IPC: 4.313 (Simulation time: 00 hr 00 min 23 sec)
Warmup complete CPU 0 instructions: 10000001 cycles: 2318704 cumulative IPC: 4.313 (Simulation time: 00 hr 00 min 23 sec)
Heartbeat CPU 0 instructions: 10000071 cycles: 2318750 heartbeat IPC: 4.74 cumulative IPC: 1.522 (Simulation time: 00 hr 00 min 23 sec)
Heartbeat CPU 0 instructions: 10500072 cycles: 3357762 heartbeat IPC: 0.4812 cumulative IPC: 0.4813 (Simulation time: 00 hr 00 min 27 sec)
Heartbeat CPU 0 instructions: 11000072 cycles: 4239973 heartbeat IPC: 0.5668 cumulative IPC: 0.5205 (Simulation time: 00 hr 00 min 31 sec)
Heartbeat CPU 0 instructions: 11500077 cycles: 5052597 heartbeat IPC: 0.6153 cumulative IPC: 0.5487 (Simulation time: 00 hr 00 min 34 sec)
Heartbeat CPU 0 instructions: 12000078 cycles: 6087990 heartbeat IPC: 0.4829 cumulative IPC: 0.5306 (Simulation time: 00 hr 00 min 39 sec)
Heartbeat CPU 0 instructions: 12500085 cycles: 7203580 heartbeat IPC: 0.4482 cumulative IPC: 0.5118 (Simulation time: 00 hr 00 min 44 sec)
Heartbeat CPU 0 instructions: 13000092 cycles: 8212641 heartbeat IPC: 0.4955 cumulative IPC: 0.509 (Simulation time: 00 hr 00 min 48 sec)
Heartbeat CPU 0 instructions: 13500093 cycles: 8996062 heartbeat IPC: 0.6382 cumulative IPC: 0.5242 (Simulation time: 00 hr 00 min 52 sec)
Heartbeat CPU 0 instructions: 14000097 cycles: 9982449 heartbeat IPC: 0.5069 cumulative IPC: 0.522 (Simulation time: 00 hr 00 min 56 sec)
Heartbeat CPU 0 instructions: 14500103 cycles: 10915555 heartbeat IPC: 0.5359 cumulative IPC: 0.5235 (Simulation time: 00 hr 01 min 00 sec)
Heartbeat CPU 0 instructions: 15000103 cycles: 11710958 heartbeat IPC: 0.6286 cumulative IPC: 0.5324 (Simulation time: 00 hr 01 min 04 sec)
Heartbeat CPU 0 instructions: 15500106 cycles: 12748124 heartbeat IPC: 0.4821 cumulative IPC: 0.5274 (Simulation time: 00 hr 01 min 09 sec)
Heartbeat CPU 0 instructions: 16000106 cycles: 13788030 heartbeat IPC: 0.4808 cumulative IPC: 0.5231 (Simulation time: 00 hr 01 min 13 sec)
Heartbeat CPU 0 instructions: 16500109 cycles: 14735504 heartbeat IPC: 0.5277 cumulative IPC: 0.5235 (Simulation time: 00 hr 01 min 17 sec)
Heartbeat CPU 0 instructions: 17000113 cycles: 15727017 heartbeat IPC: 0.5043 cumulative IPC: 0.5221 (Simulation time: 00 hr 01 min 21 sec)
Heartbeat CPU 0 instructions: 17500116 cycles: 16688794 heartbeat IPC: 0.5199 cumulative IPC: 0.5219 (Simulation time: 00 hr 01 min 25 sec)
Heartbeat CPU 0 instructions: 18000123 cycles: 17627108 heartbeat IPC: 0.5329 cumulative IPC: 0.5226 (Simulation time: 00 hr 01 min 29 sec)
Heartbeat CPU 0 instructions: 18500126 cycles: 18572568 heartbeat IPC: 0.5288 cumulative IPC: 0.523 (Simulation time: 00 hr 01 min 33 sec)
Heartbeat CPU 0 instructions: 19000129 cycles: 19516673 heartbeat IPC: 0.5296 cumulative IPC: 0.5233 (Simulation time: 00 hr 01 min 37 sec)
Heartbeat CPU 0 instructions: 19500130 cycles: 20485505 heartbeat IPC: 0.5161 cumulative IPC: 0.5229 (Simulation time: 00 hr 01 min 41 sec)
Heartbeat CPU 0 instructions: 20000130 cycles: 21499128 heartbeat IPC: 0.4933 cumulative IPC: 0.5214 (Simulation time: 00 hr 01 min 46 sec)
Heartbeat CPU 0 instructions: 20500131 cycles: 22434252 heartbeat IPC: 0.5347 cumulative IPC: 0.522 (Simulation time: 00 hr 01 min 50 sec)
Heartbeat CPU 0 instructions: 21000132 cycles: 23440833 heartbeat IPC: 0.4967 cumulative IPC: 0.5208 (Simulation time: 00 hr 01 min 54 sec)
Heartbeat CPU 0 instructions: 21500135 cycles: 24373723 heartbeat IPC: 0.536 cumulative IPC: 0.5214 (Simulation time: 00 hr 01 min 58 sec)
Heartbeat CPU 0 instructions: 22000137 cycles: 25335593 heartbeat IPC: 0.5198 cumulative IPC: 0.5214 (Simulation time: 00 hr 02 min 03 sec)
Heartbeat CPU 0 instructions: 22500144 cycles: 26305322 heartbeat IPC: 0.5156 cumulative IPC: 0.5211 (Simulation time: 00 hr 02 min 07 sec)
Heartbeat CPU 0 instructions: 23000144 cycles: 27268872 heartbeat IPC: 0.5189 cumulative IPC: 0.521 (Simulation time: 00 hr 02 min 11 sec)
Heartbeat CPU 0 instructions: 23500147 cycles: 28180391 heartbeat IPC: 0.5485 cumulative IPC: 0.522 (Simulation time: 00 hr 02 min 15 sec)
Heartbeat CPU 0 instructions: 24000151 cycles: 29061487 heartbeat IPC: 0.5675 cumulative IPC: 0.5235 (Simulation time: 00 hr 02 min 19 sec)
Heartbeat CPU 0 instructions: 24500152 cycles: 29959199 heartbeat IPC: 0.557 cumulative IPC: 0.5246 (Simulation time: 00 hr 02 min 23 sec)
Heartbeat CPU 0 instructions: 25000154 cycles: 30773242 heartbeat IPC: 0.6142 cumulative IPC: 0.5272 (Simulation time: 00 hr 02 min 26 sec)
Heartbeat CPU 0 instructions: 25500156 cycles: 31596847 heartbeat IPC: 0.6071 cumulative IPC: 0.5294 (Simulation time: 00 hr 02 min 30 sec)
Heartbeat CPU 0 instructions: 26000158 cycles: 32573338 heartbeat IPC: 0.512 cumulative IPC: 0.5288 (Simulation time: 00 hr 02 min 35 sec)
Heartbeat CPU 0 instructions: 26500160 cycles: 33488760 heartbeat IPC: 0.5462 cumulative IPC: 0.5294 (Simulation time: 00 hr 02 min 39 sec)
Heartbeat CPU 0 instructions: 27000164 cycles: 34460305 heartbeat IPC: 0.5146 cumulative IPC: 0.5289 (Simulation time: 00 hr 02 min 43 sec)
Heartbeat CPU 0 instructions: 27500169 cycles: 35289888 heartbeat IPC: 0.6027 cumulative IPC: 0.5308 (Simulation time: 00 hr 02 min 47 sec)
Heartbeat CPU 0 instructions: 28000170 cycles: 36073181 heartbeat IPC: 0.6383 cumulative IPC: 0.5333 (Simulation time: 00 hr 02 min 50 sec)
Heartbeat CPU 0 instructions: 28500170 cycles: 36993338 heartbeat IPC: 0.5434 cumulative IPC: 0.5335 (Simulation time: 00 hr 02 min 55 sec)
Heartbeat CPU 0 instructions: 29000177 cycles: 37881833 heartbeat IPC: 0.5628 cumulative IPC: 0.5343 (Simulation time: 00 hr 02 min 58 sec)
Heartbeat CPU 0 instructions: 29500179 cycles: 38854338 heartbeat IPC: 0.5141 cumulative IPC: 0.5337 (Simulation time: 00 hr 03 min 03 sec)
Heartbeat CPU 0 instructions: 30000184 cycles: 39764136 heartbeat IPC: 0.5496 cumulative IPC: 0.5341 (Simulation time: 00 hr 03 min 07 sec)
Heartbeat CPU 0 instructions: 30500184 cycles: 40617253 heartbeat IPC: 0.5861 cumulative IPC: 0.5353 (Simulation time: 00 hr 03 min 11 sec)
Heartbeat CPU 0 instructions: 31000188 cycles: 41393352 heartbeat IPC: 0.6443 cumulative IPC: 0.5374 (Simulation time: 00 hr 03 min 14 sec)
Heartbeat CPU 0 instructions: 31500188 cycles: 42235528 heartbeat IPC: 0.5937 cumulative IPC: 0.5386 (Simulation time: 00 hr 03 min 18 sec)
Heartbeat CPU 0 instructions: 32000190 cycles: 43109692 heartbeat IPC: 0.572 cumulative IPC: 0.5393 (Simulation time: 00 hr 03 min 22 sec)
Heartbeat CPU 0 instructions: 32500191 cycles: 44009316 heartbeat IPC: 0.5558 cumulative IPC: 0.5397 (Simulation time: 00 hr 03 min 26 sec)
Heartbeat CPU 0 instructions: 33000193 cycles: 44856496 heartbeat IPC: 0.5902 cumulative IPC: 0.5407 (Simulation time: 00 hr 03 min 30 sec)
Heartbeat CPU 0 instructions: 33500194 cycles: 45744985 heartbeat IPC: 0.5628 cumulative IPC: 0.5412 (Simulation time: 00 hr 03 min 34 sec)
Heartbeat CPU 0 instructions: 34000194 cycles: 46582977 heartbeat IPC: 0.5967 cumulative IPC: 0.5422 (Simulation time: 00 hr 03 min 38 sec)
Heartbeat CPU 0 instructions: 34500200 cycles: 47426068 heartbeat IPC: 0.5931 cumulative IPC: 0.5432 (Simulation time: 00 hr 03 min 42 sec)
Heartbeat CPU 0 instructions: 35000204 cycles: 48326431 heartbeat IPC: 0.5553 cumulative IPC: 0.5434 (Simulation time: 00 hr 03 min 46 sec)
Heartbeat CPU 0 instructions: 35500206 cycles: 49165980 heartbeat IPC: 0.5956 cumulative IPC: 0.5443 (Simulation time: 00 hr 03 min 50 sec)
Heartbeat CPU 0 instructions: 36000212 cycles: 50009938 heartbeat IPC: 0.5925 cumulative IPC: 0.5452 (Simulation time: 00 hr 03 min 53 sec)
Heartbeat CPU 0 instructions: 36500216 cycles: 50963696 heartbeat IPC: 0.5242 cumulative IPC: 0.5448 (Simulation time: 00 hr 03 min 58 sec)
Heartbeat CPU 0 instructions: 37000220 cycles: 51833658 heartbeat IPC: 0.5747 cumulative IPC: 0.5453 (Simulation time: 00 hr 04 min 02 sec)
Heartbeat CPU 0 instructions: 37500223 cycles: 52606752 heartbeat IPC: 0.6468 cumulative IPC: 0.5469 (Simulation time: 00 hr 04 min 06 sec)
Heartbeat CPU 0 instructions: 38000223 cycles: 53494992 heartbeat IPC: 0.5629 cumulative IPC: 0.5471 (Simulation time: 00 hr 04 min 10 sec)
Heartbeat CPU 0 instructions: 38500228 cycles: 54402089 heartbeat IPC: 0.5512 cumulative IPC: 0.5472 (Simulation time: 00 hr 04 min 14 sec)
Heartbeat CPU 0 instructions: 39000234 cycles: 55309274 heartbeat IPC: 0.5512 cumulative IPC: 0.5473 (Simulation time: 00 hr 04 min 18 sec)
Heartbeat CPU 0 instructions: 39500238 cycles: 56147090 heartbeat IPC: 0.5968 cumulative IPC: 0.548 (Simulation time: 00 hr 04 min 22 sec)
Heartbeat CPU 0 instructions: 40000239 cycles: 56979772 heartbeat IPC: 0.6005 cumulative IPC: 0.5488 (Simulation time: 00 hr 04 min 26 sec)
Heartbeat CPU 0 instructions: 40500239 cycles: 57801859 heartbeat IPC: 0.6082 cumulative IPC: 0.5497 (Simulation time: 00 hr 04 min 30 sec)
Heartbeat CPU 0 instructions: 41000240 cycles: 58680148 heartbeat IPC: 0.5693 cumulative IPC: 0.55 (Simulation time: 00 hr 04 min 34 sec)
Heartbeat CPU 0 instructions: 41500240 cycles: 59545974 heartbeat IPC: 0.5775 cumulative IPC: 0.5504 (Simulation time: 00 hr 04 min 38 sec)
Heartbeat CPU 0 instructions: 42000244 cycles: 60289448 heartbeat IPC: 0.6725 cumulative IPC: 0.552 (Simulation time: 00 hr 04 min 42 sec)
Heartbeat CPU 0 instructions: 42500244 cycles: 61093395 heartbeat IPC: 0.6219 cumulative IPC: 0.553 (Simulation time: 00 hr 04 min 45 sec)
Heartbeat CPU 0 instructions: 43000248 cycles: 61939983 heartbeat IPC: 0.5906 cumulative IPC: 0.5535 (Simulation time: 00 hr 04 min 49 sec)
Heartbeat CPU 0 instructions: 43500248 cycles: 62793102 heartbeat IPC: 0.5861 cumulative IPC: 0.554 (Simulation time: 00 hr 04 min 54 sec)
Heartbeat CPU 0 instructions: 44000254 cycles: 63627683 heartbeat IPC: 0.5991 cumulative IPC: 0.5546 (Simulation time: 00 hr 04 min 58 sec)
Heartbeat CPU 0 instructions: 44500254 cycles: 64508989 heartbeat IPC: 0.5673 cumulative IPC: 0.5548 (Simulation time: 00 hr 05 min 02 sec)
Heartbeat CPU 0 instructions: 45000260 cycles: 65338001 heartbeat IPC: 0.6031 cumulative IPC: 0.5554 (Simulation time: 00 hr 05 min 06 sec)
Heartbeat CPU 0 instructions: 45500260 cycles: 66112781 heartbeat IPC: 0.6453 cumulative IPC: 0.5565 (Simulation time: 00 hr 05 min 10 sec)
Heartbeat CPU 0 instructions: 46000267 cycles: 66948368 heartbeat IPC: 0.5984 cumulative IPC: 0.557 (Simulation time: 00 hr 05 min 14 sec)
Heartbeat CPU 0 instructions: 46500269 cycles: 67807610 heartbeat IPC: 0.5819 cumulative IPC: 0.5574 (Simulation time: 00 hr 05 min 18 sec)
Heartbeat CPU 0 instructions: 47000270 cycles: 68708505 heartbeat IPC: 0.555 cumulative IPC: 0.5573 (Simulation time: 00 hr 05 min 22 sec)
Heartbeat CPU 0 instructions: 47500273 cycles: 69553743 heartbeat IPC: 0.5916 cumulative IPC: 0.5577 (Simulation time: 00 hr 05 min 26 sec)
Heartbeat CPU 0 instructions: 48000273 cycles: 70389263 heartbeat IPC: 0.5984 cumulative IPC: 0.5582 (Simulation time: 00 hr 05 min 30 sec)
Heartbeat CPU 0 instructions: 48500274 cycles: 71231442 heartbeat IPC: 0.5937 cumulative IPC: 0.5587 (Simulation time: 00 hr 05 min 34 sec)
Heartbeat CPU 0 instructions: 49000274 cycles: 72016543 heartbeat IPC: 0.6369 cumulative IPC: 0.5596 (Simulation time: 00 hr 05 min 38 sec)
Heartbeat CPU 0 instructions: 49500278 cycles: 72834405 heartbeat IPC: 0.6114 cumulative IPC: 0.5602 (Simulation time: 00 hr 05 min 41 sec)
Heartbeat CPU 0 instructions: 50000283 cycles: 73629780 heartbeat IPC: 0.6286 cumulative IPC: 0.5609 (Simulation time: 00 hr 05 min 45 sec)
Heartbeat CPU 0 instructions: 50500285 cycles: 74475581 heartbeat IPC: 0.5912 cumulative IPC: 0.5613 (Simulation time: 00 hr 05 min 49 sec)
Heartbeat CPU 0 instructions: 51000292 cycles: 75250398 heartbeat IPC: 0.6453 cumulative IPC: 0.5622 (Simulation time: 00 hr 05 min 53 sec)
Heartbeat CPU 0 instructions: 51500293 cycles: 76046702 heartbeat IPC: 0.6279 cumulative IPC: 0.5629 (Simulation time: 00 hr 05 min 57 sec)
Heartbeat CPU 0 instructions: 52000294 cycles: 76895216 heartbeat IPC: 0.5893 cumulative IPC: 0.5632 (Simulation time: 00 hr 06 min 01 sec)
Heartbeat CPU 0 instructions: 52500298 cycles: 77737116 heartbeat IPC: 0.5939 cumulative IPC: 0.5635 (Simulation time: 00 hr 06 min 05 sec)
Heartbeat CPU 0 instructions: 53000303 cycles: 78566061 heartbeat IPC: 0.6032 cumulative IPC: 0.564 (Simulation time: 00 hr 06 min 09 sec)
Heartbeat CPU 0 instructions: 53500309 cycles: 79358424 heartbeat IPC: 0.631 cumulative IPC: 0.5646 (Simulation time: 00 hr 06 min 13 sec)
Heartbeat CPU 0 instructions: 54000309 cycles: 80178836 heartbeat IPC: 0.6094 cumulative IPC: 0.5651 (Simulation time: 00 hr 06 min 17 sec)
Heartbeat CPU 0 instructions: 54500310 cycles: 80992848 heartbeat IPC: 0.6142 cumulative IPC: 0.5656 (Simulation time: 00 hr 06 min 20 sec)
Heartbeat CPU 0 instructions: 55000314 cycles: 81777735 heartbeat IPC: 0.637 cumulative IPC: 0.5663 (Simulation time: 00 hr 06 min 24 sec)
Heartbeat CPU 0 instructions: 55500314 cycles: 82571960 heartbeat IPC: 0.6295 cumulative IPC: 0.567 (Simulation time: 00 hr 06 min 28 sec)
Heartbeat CPU 0 instructions: 56000315 cycles: 83370998 heartbeat IPC: 0.6258 cumulative IPC: 0.5675 (Simulation time: 00 hr 06 min 32 sec)
Heartbeat CPU 0 instructions: 56500316 cycles: 84134042 heartbeat IPC: 0.6553 cumulative IPC: 0.5684 (Simulation time: 00 hr 06 min 35 sec)
Heartbeat CPU 0 instructions: 57000316 cycles: 84909902 heartbeat IPC: 0.6444 cumulative IPC: 0.5691 (Simulation time: 00 hr 06 min 39 sec)
Heartbeat CPU 0 instructions: 57500316 cycles: 85677793 heartbeat IPC: 0.6511 cumulative IPC: 0.5698 (Simulation time: 00 hr 06 min 43 sec)
Heartbeat CPU 0 instructions: 58000317 cycles: 86451345 heartbeat IPC: 0.6464 cumulative IPC: 0.5705 (Simulation time: 00 hr 06 min 46 sec)
Heartbeat CPU 0 instructions: 58500324 cycles: 87249176 heartbeat IPC: 0.6267 cumulative IPC: 0.5711 (Simulation time: 00 hr 06 min 50 sec)
Heartbeat CPU 0 instructions: 59000325 cycles: 88022890 heartbeat IPC: 0.6462 cumulative IPC: 0.5717 (Simulation time: 00 hr 06 min 54 sec)
Heartbeat CPU 0 instructions: 59500328 cycles: 88809054 heartbeat IPC: 0.636 cumulative IPC: 0.5723 (Simulation time: 00 hr 06 min 57 sec)
Simulation finished CPU 0 instructions: 50000006 cycles: 87184443 cumulative IPC: 0.5735 (Simulation time: 00 hr 07 min 01 sec)
Simulation complete CPU 0 instructions: 50000006 cycles: 87184443 cumulative IPC: 0.5735 (Simulation time: 00 hr 07 min 01 sec)

ChampSim completed all CPUs

=== Simulation ===
CPU 0 runs traces/GAP/sssp-10.trace.gz

Region of Interest Statistics

CPU 0 cumulative IPC: 0.5735 instructions: 50000006 cycles: 87184443
CPU 0 Branch Prediction Accuracy: 94.11% MPKI: 8.664 Average ROB Occupancy at Mispredict: 58.29
Branch type MPKI
BRANCH_DIRECT_JUMP: 2e-05
BRANCH_INDIRECT: 0
BRANCH_CONDITIONAL: 8.664
BRANCH_DIRECT_CALL: 0
BRANCH_INDIRECT_CALL: 0
BRANCH_RETURN: 0

cpu0->cpu0_STLB TOTAL        ACCESS:     943972 HIT:     932558 MISS:      11414 MSHR_MERGE:          0
cpu0->cpu0_STLB LOAD         ACCESS:     943972 HIT:     932558 MISS:      11414 MSHR_MERGE:          0
cpu0->cpu0_STLB RFO          ACCESS:          0 HIT:          0 MISS:          0 MSHR_MERGE:          0
cpu0->cpu0_STLB PREFETCH     ACCESS:          0 HIT:          0 MISS:          0 MSHR_MERGE:          0
cpu0->cpu0_STLB WRITE        ACCESS:          0 HIT:          0 MISS:          0 MSHR_MERGE:          0
cpu0->cpu0_STLB TRANSLATION  ACCESS:          0 HIT:          0 MISS:          0 MSHR_MERGE:          0
cpu0->cpu0_STLB PREFETCH REQUESTED:          0 ISSUED:          0 USEFUL:          0 USELESS:          0
cpu0->cpu0_STLB AVERAGE MISS LATENCY: 291.3 cycles
cpu0->cpu0_L2C TOTAL        ACCESS:   11234366 HIT:    6083351 MISS:    5151015 MSHR_MERGE:    1088377
cpu0->cpu0_L2C LOAD         ACCESS:    1900715 HIT:     997862 MISS:     902853 MSHR_MERGE:      64312
cpu0->cpu0_L2C RFO          ACCESS:     298206 HIT:     235992 MISS:      62214 MSHR_MERGE:         11
cpu0->cpu0_L2C PREFETCH     ACCESS:    8228817 HIT:    4049927 MISS:    4178890 MSHR_MERGE:    1024054
cpu0->cpu0_L2C WRITE        ACCESS:     796187 HIT:     796026 MISS:        161 MSHR_MERGE:          0
cpu0->cpu0_L2C TRANSLATION  ACCESS:      10441 HIT:       3544 MISS:       6897 MSHR_MERGE:          0
cpu0->cpu0_L2C PREFETCH REQUESTED:    8497570 ISSUED:    7062043 USEFUL:     764996 USELESS:    1835792
cpu0->cpu0_L2C AVERAGE MISS LATENCY: 115.3 cycles
cpu0->cpu0_L1I TOTAL        ACCESS:    2041776 HIT:    2041776 MISS:          0 MSHR_MERGE:          0
cpu0->cpu0_L1I LOAD         ACCESS:    2041776 HIT:    2041776 MISS:          0 MSHR_MERGE:          0
cpu0->cpu0_L1I RFO          ACCESS:          0 HIT:          0 MISS:          0 MSHR_MERGE:          0
cpu0->cpu0_L1I PREFETCH     ACCESS:          0 HIT:          0 MISS:          0 MSHR_MERGE:          0
cpu0->cpu0_L1I WRITE        ACCESS:          0 HIT:          0 MISS:          0 MSHR_MERGE:          0
cpu0->cpu0_L1I TRANSLATION  ACCESS:          0 HIT:          0 MISS:          0 MSHR_MERGE:          0
cpu0->cpu0_L1I PREFETCH REQUESTED:          0 ISSUED:          0 USEFUL:          0 USELESS:          0
cpu0->cpu0_L1I AVERAGE MISS LATENCY: - cycles
cpu0->cpu0_L1D TOTAL        ACCESS:   15582404 HIT:   11908891 MISS:    3673513 MSHR_MERGE:     297374
cpu0->cpu0_L1D LOAD         ACCESS:   12693187 HIT:   10641173 MISS:    2052014 MSHR_MERGE:     151299
cpu0->cpu0_L1D RFO          ACCESS:          0 HIT:          0 MISS:          0 MSHR_MERGE:          0
cpu0->cpu0_L1D PREFETCH     ACCESS:    1418180 HIT:     223224 MISS:    1194956 MSHR_MERGE:      28187
cpu0->cpu0_L1D WRITE        ACCESS:    1446944 HIT:    1030907 MISS:     416037 MSHR_MERGE:     117823
cpu0->cpu0_L1D TRANSLATION  ACCESS:      24093 HIT:      13587 MISS:      10506 MSHR_MERGE:         65
cpu0->cpu0_L1D PREFETCH REQUESTED:    1437455 ISSUED:    1418172 USEFUL:     375797 USELESS:     790765
cpu0->cpu0_L1D AVERAGE MISS LATENCY: 60.25 cycles
cpu0->cpu0_ITLB TOTAL        ACCESS:    2039298 HIT:    2039298 MISS:          0 MSHR_MERGE:          0
cpu0->cpu0_ITLB LOAD         ACCESS:    2039298 HIT:    2039298 MISS:          0 MSHR_MERGE:          0
cpu0->cpu0_ITLB RFO          ACCESS:          0 HIT:          0 MISS:          0 MSHR_MERGE:          0
cpu0->cpu0_ITLB PREFETCH     ACCESS:          0 HIT:          0 MISS:          0 MSHR_MERGE:          0
cpu0->cpu0_ITLB WRITE        ACCESS:          0 HIT:          0 MISS:          0 MSHR_MERGE:          0
cpu0->cpu0_ITLB TRANSLATION  ACCESS:          0 HIT:          0 MISS:          0 MSHR_MERGE:          0
cpu0->cpu0_ITLB PREFETCH REQUESTED:          0 ISSUED:          0 USEFUL:          0 USELESS:          0
cpu0->cpu0_ITLB AVERAGE MISS LATENCY: - cycles
cpu0->cpu0_DTLB TOTAL        ACCESS:   15141867 HIT:   13937933 MISS:    1203934 MSHR_MERGE:     259962
cpu0->cpu0_DTLB LOAD         ACCESS:   15141867 HIT:   13937933 MISS:    1203934 MSHR_MERGE:     259962
cpu0->cpu0_DTLB RFO          ACCESS:          0 HIT:          0 MISS:          0 MSHR_MERGE:          0
cpu0->cpu0_DTLB PREFETCH     ACCESS:          0 HIT:          0 MISS:          0 MSHR_MERGE:          0
cpu0->cpu0_DTLB WRITE        ACCESS:          0 HIT:          0 MISS:          0 MSHR_MERGE:          0
cpu0->cpu0_DTLB TRANSLATION  ACCESS:          0 HIT:          0 MISS:          0 MSHR_MERGE:          0
cpu0->cpu0_DTLB PREFETCH REQUESTED:          0 ISSUED:          0 USEFUL:          0 USELESS:          0
cpu0->cpu0_DTLB AVERAGE MISS LATENCY: 8.54 cycles
cpu0->LLC TOTAL        ACCESS:    4532360 HIT:    2682444 MISS:    1849916 MSHR_MERGE:          0
cpu0->LLC LOAD         ACCESS:     838541 HIT:     565259 MISS:     273282 MSHR_MERGE:          0
cpu0->LLC RFO          ACCESS:      62203 HIT:       4862 MISS:      57341 MSHR_MERGE:          0
cpu0->LLC PREFETCH     ACCESS:    3154835 HIT:    1822050 MISS:    1332785 MSHR_MERGE:          0
cpu0->LLC WRITE        ACCESS:     469884 HIT:     289982 MISS:     179902 MSHR_MERGE:          0
cpu0->LLC TRANSLATION  ACCESS:       6897 HIT:        291 MISS:       6606 MSHR_MERGE:          0
cpu0->LLC PREFETCH REQUESTED:          0 ISSUED:          0 USEFUL:          0 USELESS:          0
cpu0->LLC AVERAGE MISS LATENCY: 164.9 cycles

DRAM Statistics

Channel 0 RQ ROW_BUFFER_HIT:      73639
  ROW_BUFFER_MISS:    1593814
  AVG DBUS CONGESTED CYCLE: 17.18
Channel 0 WQ ROW_BUFFER_HIT:      62518
  ROW_BUFFER_MISS:     169688
  FULL:          0
Channel 0 REFRESHES ISSUED:       7265
