[VMEM] WARNING: physical memory size is smaller than virtual memory size.

*** ChampSim Multicore Out-of-Order Simulator ***
Warmup Instructions: 10000000
Simulation Instructions: 50000000
Number of CPUs: 1
Page size: 4096
Core 0: traces/cc-13.trace.gz
 L1D Berti prefetcher
Off-chip DRAM Size: 64 GiB Channels: 1 Width: 64-bit Data Rate: 4807 MT/s
Heartbeat CPU 0 instructions: 500004 cycles: 151542 heartbeat IPC: 3.299 cumulative IPC: 3.299 (Simulation time: 00 hr 00 min 01 sec)
Heartbeat CPU 0 instructions: 1000005 cycles: 299254 heartbeat IPC: 3.385 cumulative IPC: 3.342 (Simulation time: 00 hr 00 min 02 sec)
Heartbeat CPU 0 instructions: 1500005 cycles: 446818 heartbeat IPC: 3.388 cumulative IPC: 3.357 (Simulation time: 00 hr 00 min 03 sec)
Heartbeat CPU 0 instructions: 2000012 cycles: 556387 heartbeat IPC: 4.563 cumulative IPC: 3.595 (Simulation time: 00 hr 00 min 04 sec)
Heartbeat CPU 0 instructions: 2500014 cycles: 658570 heartbeat IPC: 4.893 cumulative IPC: 3.796 (Simulation time: 00 hr 00 min 05 sec)
Heartbeat CPU 0 instructions: 3000019 cycles: 761024 heartbeat IPC: 4.88 cumulative IPC: 3.942 (Simulation time: 00 hr 00 min 07 sec)
Heartbeat CPU 0 instructions: 3500026 cycles: 863603 heartbeat IPC: 4.874 cumulative IPC: 4.053 (Simulation time: 00 hr 00 min 08 sec)
Heartbeat CPU 0 instructions: 4000031 cycles: 965785 heartbeat IPC: 4.893 cumulative IPC: 4.142 (Simulation time: 00 hr 00 min 09 sec)
Heartbeat CPU 0 instructions: 4500032 cycles: 1068186 heartbeat IPC: 4.883 cumulative IPC: 4.213 (Simulation time: 00 hr 00 min 10 sec)
Heartbeat CPU 0 instructions: 5000033 cycles: 1170743 heartbeat IPC: 4.875 cumulative IPC: 4.271 (Simulation time: 00 hr 00 min 11 sec)
Heartbeat CPU 0 instructions: 5500033 cycles: 1273396 heartbeat IPC: 4.871 cumulative IPC: 4.319 (Simulation time: 00 hr 00 min 13 sec)
Heartbeat CPU 0 instructions: 6000035 cycles: 1376103 heartbeat IPC: 4.868 cumulative IPC: 4.36 (Simulation time: 00 hr 00 min 14 sec)
Heartbeat CPU 0 instructions: 6500037 cycles: 1478795 heartbeat IPC: 4.869 cumulative IPC: 4.395 (Simulation time: 00 hr 00 min 15 sec)
Heartbeat CPU 0 instructions: 7000042 cycles: 1581785 heartbeat IPC: 4.855 cumulative IPC: 4.425 (Simulation time: 00 hr 00 min 16 sec)
Heartbeat CPU 0 instructions: 7500043 cycles: 1684876 heartbeat IPC: 4.85 cumulative IPC: 4.451 (Simulation time: 00 hr 00 min 18 sec)
Heartbeat CPU 0 instructions: 8000046 cycles: 1787467 heartbeat IPC: 4.874 cumulative IPC: 4.476 (Simulation time: 00 hr 00 min 19 sec)
Heartbeat CPU 0 instructions: 8500047 cycles: 1890218 heartbeat IPC: 4.866 cumulative IPC: 4.497 (Simulation time: 00 hr 00 min 20 sec)
Heartbeat CPU 0 instructions: 9000050 cycles: 1993041 heartbeat IPC: 4.863 cumulative IPC: 4.516 (Simulation time: 00 hr 00 min 21 sec)
Heartbeat CPU 0 instructions: 9500057 cycles: 2095477 heartbeat IPC: 4.881 cumulative IPC: 4.534 (Simulation time: 00 hr 00 min 23 sec)
Warmup finished CPU 0 instructions: 10000005 cycles: 2198466 cumulative IPC: 4.549 (Simulation time: 00 hr 00 min 24 sec)
Warmup complete CPU 0 instructions: 10000005 cycles: 2198466 cumulative IPC: 4.549 (Simulation time: 00 hr 00 min 24 sec)
Heartbeat CPU 0 instructions: 10000063 cycles: 2198512 heartbeat IPC: 4.853 cumulative IPC: 1.261 (Simulation time: 00 hr 00 min 24 sec)
Heartbeat CPU 0 instructions: 10500063 cycles: 3539168 heartbeat IPC: 0.373 cumulative IPC: 0.373 (Simulation time: 00 hr 00 min 29 sec)
Heartbeat CPU 0 instructions: 11000063 cycles: 4889738 heartbeat IPC: 0.3702 cumulative IPC: 0.3716 (Simulation time: 00 hr 00 min 34 sec)
Heartbeat CPU 0 instructions: 11500064 cycles: 6171929 heartbeat IPC: 0.39 cumulative IPC: 0.3775 (Simulation time: 00 hr 00 min 39 sec)
Heartbeat CPU 0 instructions: 12000070 cycles: 7401273 heartbeat IPC: 0.4067 cumulative IPC: 0.3844 (Simulation time: 00 hr 00 min 43 sec)
Heartbeat CPU 0 instructions: 12500070 cycles: 8694086 heartbeat IPC: 0.3868 cumulative IPC: 0.3849 (Simulation time: 00 hr 00 min 48 sec)
Heartbeat CPU 0 instructions: 13000070 cycles: 10051048 heartbeat IPC: 0.3685 cumulative IPC: 0.382 (Simulation time: 00 hr 00 min 53 sec)
Heartbeat CPU 0 instructions: 13500070 cycles: 11363058 heartbeat IPC: 0.3811 cumulative IPC: 0.3819 (Simulation time: 00 hr 00 min 58 sec)
Heartbeat CPU 0 instructions: 14000072 cycles: 12805012 heartbeat IPC: 0.3468 cumulative IPC: 0.3771 (Simulation time: 00 hr 01 min 03 sec)
Heartbeat CPU 0 instructions: 14500072 cycles: 14254390 heartbeat IPC: 0.345 cumulative IPC: 0.3733 (Simulation time: 00 hr 01 min 09 sec)
Heartbeat CPU 0 instructions: 15000073 cycles: 15836293 heartbeat IPC: 0.3161 cumulative IPC: 0.3666 (Simulation time: 00 hr 01 min 15 sec)
Heartbeat CPU 0 instructions: 15500074 cycles: 17099902 heartbeat IPC: 0.3957 cumulative IPC: 0.3691 (Simulation time: 00 hr 01 min 19 sec)
Heartbeat CPU 0 instructions: 16000075 cycles: 18371147 heartbeat IPC: 0.3933 cumulative IPC: 0.371 (Simulation time: 00 hr 01 min 24 sec)
Heartbeat CPU 0 instructions: 16500075 cycles: 19637448 heartbeat IPC: 0.3949 cumulative IPC: 0.3727 (Simulation time: 00 hr 01 min 29 sec)
Heartbeat CPU 0 instructions: 17000076 cycles: 20859816 heartbeat IPC: 0.409 cumulative IPC: 0.3751 (Simulation time: 00 hr 01 min 34 sec)
Heartbeat CPU 0 instructions: 17500076 cycles: 22175146 heartbeat IPC: 0.3801 cumulative IPC: 0.3754 (Simulation time: 00 hr 01 min 39 sec)
Heartbeat CPU 0 instructions: 18000081 cycles: 23535945 heartbeat IPC: 0.3674 cumulative IPC: 0.3749 (Simulation time: 00 hr 01 min 44 sec)
Heartbeat CPU 0 instructions: 18500082 cycles: 24931956 heartbeat IPC: 0.3582 cumulative IPC: 0.3739 (Simulation time: 00 hr 01 min 49 sec)
Heartbeat CPU 0 instructions: 19000082 cycles: 26234969 heartbeat IPC: 0.3837 cumulative IPC: 0.3744 (Simulation time: 00 hr 01 min 54 sec)
Heartbeat CPU 0 instructions: 19500085 cycles: 27790566 heartbeat IPC: 0.3214 cumulative IPC: 0.3712 (Simulation time: 00 hr 02 min 00 sec)
Heartbeat CPU 0 instructions: 20000085 cycles: 29121032 heartbeat IPC: 0.3758 cumulative IPC: 0.3714 (Simulation time: 00 hr 02 min 05 sec)
Heartbeat CPU 0 instructions: 20500088 cycles: 30421681 heartbeat IPC: 0.3844 cumulative IPC: 0.372 (Simulation time: 00 hr 02 min 10 sec)
Heartbeat CPU 0 instructions: 21000088 cycles: 31674908 heartbeat IPC: 0.399 cumulative IPC: 0.3732 (Simulation time: 00 hr 02 min 15 sec)
Heartbeat CPU 0 instructions: 21500089 cycles: 32935355 heartbeat IPC: 0.3967 cumulative IPC: 0.3741 (Simulation time: 00 hr 02 min 19 sec)
Heartbeat CPU 0 instructions: 22000091 cycles: 34315944 heartbeat IPC: 0.3622 cumulative IPC: 0.3736 (Simulation time: 00 hr 02 min 24 sec)
Heartbeat CPU 0 instructions: 22500091 cycles: 35646700 heartbeat IPC: 0.3757 cumulative IPC: 0.3737 (Simulation time: 00 hr 02 min 29 sec)
Heartbeat CPU 0 instructions: 23000091 cycles: 36985618 heartbeat IPC: 0.3734 cumulative IPC: 0.3737 (Simulation time: 00 hr 02 min 35 sec)
Heartbeat CPU 0 instructions: 23500091 cycles: 38257604 heartbeat IPC: 0.3931 cumulative IPC: 0.3744 (Simulation time: 00 hr 02 min 40 sec)
Heartbeat CPU 0 instructions: 24000092 cycles: 39376820 heartbeat IPC: 0.4467 cumulative IPC: 0.3766 (Simulation time: 00 hr 02 min 44 sec)
Heartbeat CPU 0 instructions: 24500094 cycles: 40770866 heartbeat IPC: 0.3587 cumulative IPC: 0.3759 (Simulation time: 00 hr 02 min 50 sec)
Heartbeat CPU 0 instructions: 25000094 cycles: 42106295 heartbeat IPC: 0.3744 cumulative IPC: 0.3759 (Simulation time: 00 hr 02 min 55 sec)
Heartbeat CPU 0 instructions: 25500094 cycles: 43330537 heartbeat IPC: 0.4084 cumulative IPC: 0.3768 (Simulation time: 00 hr 02 min 59 sec)
Heartbeat CPU 0 instructions: 26000095 cycles: 44635332 heartbeat IPC: 0.3832 cumulative IPC: 0.377 (Simulation time: 00 hr 03 min 04 sec)
Heartbeat CPU 0 instructions: 26500100 cycles: 45939371 heartbeat IPC: 0.3834 cumulative IPC: 0.3772 (Simulation time: 00 hr 03 min 09 sec)
Heartbeat CPU 0 instructions: 27000100 cycles: 47030454 heartbeat IPC: 0.4583 cumulative IPC: 0.3792 (Simulation time: 00 hr 03 min 14 sec)
Heartbeat CPU 0 instructions: 27500100 cycles: 48289312 heartbeat IPC: 0.3972 cumulative IPC: 0.3797 (Simulation time: 00 hr 03 min 19 sec)
Heartbeat CPU 0 instructions: 28000105 cycles: 49486790 heartbeat IPC: 0.4175 cumulative IPC: 0.3806 (Simulation time: 00 hr 03 min 24 sec)
Heartbeat CPU 0 instructions: 28500106 cycles: 50730235 heartbeat IPC: 0.4021 cumulative IPC: 0.3812 (Simulation time: 00 hr 03 min 29 sec)
Heartbeat CPU 0 instructions: 29000106 cycles: 51896144 heartbeat IPC: 0.4288 cumulative IPC: 0.3823 (Simulation time: 00 hr 03 min 33 sec)
Heartbeat CPU 0 instructions: 29500108 cycles: 53162138 heartbeat IPC: 0.3949 cumulative IPC: 0.3826 (Simulation time: 00 hr 03 min 38 sec)
Heartbeat CPU 0 instructions: 30000108 cycles: 54433530 heartbeat IPC: 0.3933 cumulative IPC: 0.3829 (Simulation time: 00 hr 03 min 43 sec)
Heartbeat CPU 0 instructions: 30500108 cycles: 55810074 heartbeat IPC: 0.3632 cumulative IPC: 0.3824 (Simulation time: 00 hr 03 min 48 sec)
Heartbeat CPU 0 instructions: 31000108 cycles: 57021074 heartbeat IPC: 0.4129 cumulative IPC: 0.3831 (Simulation time: 00 hr 03 min 53 sec)
Heartbeat CPU 0 instructions: 31500110 cycles: 58145243 heartbeat IPC: 0.4448 cumulative IPC: 0.3843 (Simulation time: 00 hr 08 min 41 sec)
Heartbeat CPU 0 instructions: 32000110 cycles: 59502807 heartbeat IPC: 0.3683 cumulative IPC: 0.3839 (Simulation time: 00 hr 08 min 46 sec)
Heartbeat CPU 0 instructions: 32500110 cycles: 60768185 heartbeat IPC: 0.3951 cumulative IPC: 0.3842 (Simulation time: 00 hr 08 min 51 sec)
Heartbeat CPU 0 instructions: 33000111 cycles: 62011458 heartbeat IPC: 0.4022 cumulative IPC: 0.3845 (Simulation time: 00 hr 08 min 55 sec)
Heartbeat CPU 0 instructions: 33500111 cycles: 63230880 heartbeat IPC: 0.41 cumulative IPC: 0.385 (Simulation time: 00 hr 09 min 00 sec)
Heartbeat CPU 0 instructions: 34000114 cycles: 64538143 heartbeat IPC: 0.3825 cumulative IPC: 0.385 (Simulation time: 00 hr 09 min 05 sec)
Heartbeat CPU 0 instructions: 34500114 cycles: 65851793 heartbeat IPC: 0.3806 cumulative IPC: 0.3849 (Simulation time: 00 hr 09 min 10 sec)
Heartbeat CPU 0 instructions: 35000114 cycles: 66754917 heartbeat IPC: 0.5536 cumulative IPC: 0.3873 (Simulation time: 00 hr 09 min 14 sec)
Heartbeat CPU 0 instructions: 35500120 cycles: 68108021 heartbeat IPC: 0.3695 cumulative IPC: 0.3869 (Simulation time: 00 hr 09 min 19 sec)
Heartbeat CPU 0 instructions: 36000123 cycles: 69479559 heartbeat IPC: 0.3646 cumulative IPC: 0.3864 (Simulation time: 00 hr 09 min 24 sec)
Heartbeat CPU 0 instructions: 36500124 cycles: 70744501 heartbeat IPC: 0.3953 cumulative IPC: 0.3866 (Simulation time: 00 hr 25 min 51 sec)
Heartbeat CPU 0 instructions: 37000125 cycles: 71917723 heartbeat IPC: 0.4262 cumulative IPC: 0.3873 (Simulation time: 00 hr 25 min 55 sec)
Heartbeat CPU 0 instructions: 37500127 cycles: 73064282 heartbeat IPC: 0.4361 cumulative IPC: 0.3881 (Simulation time: 00 hr 26 min 00 sec)
Heartbeat CPU 0 instructions: 38000127 cycles: 74222835 heartbeat IPC: 0.4316 cumulative IPC: 0.3888 (Simulation time: 00 hr 26 min 04 sec)
Heartbeat CPU 0 instructions: 38500130 cycles: 75397221 heartbeat IPC: 0.4258 cumulative IPC: 0.3894 (Simulation time: 00 hr 26 min 09 sec)
Heartbeat CPU 0 instructions: 39000130 cycles: 76682439 heartbeat IPC: 0.389 cumulative IPC: 0.3893 (Simulation time: 00 hr 26 min 14 sec)
Heartbeat CPU 0 instructions: 39500130 cycles: 77948406 heartbeat IPC: 0.395 cumulative IPC: 0.3894 (Simulation time: 00 hr 26 min 18 sec)
Heartbeat CPU 0 instructions: 40000134 cycles: 79327228 heartbeat IPC: 0.3626 cumulative IPC: 0.389 (Simulation time: 00 hr 26 min 24 sec)
Heartbeat CPU 0 instructions: 40500138 cycles: 80474331 heartbeat IPC: 0.4359 cumulative IPC: 0.3896 (Simulation time: 00 hr 26 min 28 sec)
Heartbeat CPU 0 instructions: 41000140 cycles: 81895594 heartbeat IPC: 0.3518 cumulative IPC: 0.389 (Simulation time: 00 hr 26 min 33 sec)
Heartbeat CPU 0 instructions: 41500144 cycles: 83201094 heartbeat IPC: 0.383 cumulative IPC: 0.3889 (Simulation time: 00 hr 26 min 38 sec)
Heartbeat CPU 0 instructions: 42000148 cycles: 84396119 heartbeat IPC: 0.4184 cumulative IPC: 0.3893 (Simulation time: 00 hr 26 min 42 sec)
Heartbeat CPU 0 instructions: 42500148 cycles: 85626840 heartbeat IPC: 0.4063 cumulative IPC: 0.3896 (Simulation time: 00 hr 26 min 47 sec)
Heartbeat CPU 0 instructions: 43000148 cycles: 86961676 heartbeat IPC: 0.3746 cumulative IPC: 0.3893 (Simulation time: 00 hr 43 min 26 sec)
Heartbeat CPU 0 instructions: 43500149 cycles: 88141775 heartbeat IPC: 0.4237 cumulative IPC: 0.3898 (Simulation time: 00 hr 43 min 30 sec)
Heartbeat CPU 0 instructions: 44000150 cycles: 89520840 heartbeat IPC: 0.3626 cumulative IPC: 0.3894 (Simulation time: 00 hr 43 min 35 sec)
Heartbeat CPU 0 instructions: 44500150 cycles: 90813671 heartbeat IPC: 0.3867 cumulative IPC: 0.3893 (Simulation time: 00 hr 43 min 40 sec)
Heartbeat CPU 0 instructions: 45000154 cycles: 92111056 heartbeat IPC: 0.3854 cumulative IPC: 0.3893 (Simulation time: 00 hr 43 min 45 sec)
Heartbeat CPU 0 instructions: 45500154 cycles: 93212928 heartbeat IPC: 0.4538 cumulative IPC: 0.39 (Simulation time: 00 hr 43 min 49 sec)
Heartbeat CPU 0 instructions: 46000155 cycles: 94559267 heartbeat IPC: 0.3714 cumulative IPC: 0.3898 (Simulation time: 00 hr 43 min 54 sec)
Heartbeat CPU 0 instructions: 46500155 cycles: 95723003 heartbeat IPC: 0.4297 cumulative IPC: 0.3903 (Simulation time: 00 hr 43 min 58 sec)
Heartbeat CPU 0 instructions: 47000158 cycles: 96956970 heartbeat IPC: 0.4052 cumulative IPC: 0.3905 (Simulation time: 00 hr 44 min 03 sec)
Heartbeat CPU 0 instructions: 47500159 cycles: 98243060 heartbeat IPC: 0.3888 cumulative IPC: 0.3904 (Simulation time: 00 hr 44 min 08 sec)
Heartbeat CPU 0 instructions: 48000163 cycles: 99612284 heartbeat IPC: 0.3652 cumulative IPC: 0.3901 (Simulation time: 00 hr 44 min 13 sec)
Heartbeat CPU 0 instructions: 48500165 cycles: 100882162 heartbeat IPC: 0.3937 cumulative IPC: 0.3901 (Simulation time: 00 hr 44 min 18 sec)
Heartbeat CPU 0 instructions: 49000169 cycles: 101996943 heartbeat IPC: 0.4485 cumulative IPC: 0.3908 (Simulation time: 00 hr 44 min 23 sec)
Heartbeat CPU 0 instructions: 49500175 cycles: 103245218 heartbeat IPC: 0.4006 cumulative IPC: 0.3909 (Simulation time: 00 hr 44 min 27 sec)
Heartbeat CPU 0 instructions: 50000175 cycles: 104379224 heartbeat IPC: 0.4409 cumulative IPC: 0.3915 (Simulation time: 00 hr 44 min 32 sec)
Heartbeat CPU 0 instructions: 50500176 cycles: 105665188 heartbeat IPC: 0.3888 cumulative IPC: 0.3914 (Simulation time: 00 hr 44 min 37 sec)
Heartbeat CPU 0 instructions: 51000176 cycles: 106964667 heartbeat IPC: 0.3848 cumulative IPC: 0.3913 (Simulation time: 00 hr 44 min 42 sec)
Heartbeat CPU 0 instructions: 51500179 cycles: 108228331 heartbeat IPC: 0.3957 cumulative IPC: 0.3914 (Simulation time: 00 hr 44 min 46 sec)
Heartbeat CPU 0 instructions: 52000179 cycles: 109422407 heartbeat IPC: 0.4187 cumulative IPC: 0.3917 (Simulation time: 00 hr 44 min 51 sec)
Heartbeat CPU 0 instructions: 52500179 cycles: 110622936 heartbeat IPC: 0.4165 cumulative IPC: 0.392 (Simulation time: 00 hr 44 min 56 sec)
Heartbeat CPU 0 instructions: 53000183 cycles: 111847273 heartbeat IPC: 0.4084 cumulative IPC: 0.3922 (Simulation time: 00 hr 45 min 01 sec)
Heartbeat CPU 0 instructions: 53500183 cycles: 113085461 heartbeat IPC: 0.4038 cumulative IPC: 0.3923 (Simulation time: 00 hr 45 min 05 sec)
Heartbeat CPU 0 instructions: 54000183 cycles: 114472876 heartbeat IPC: 0.3604 cumulative IPC: 0.3919 (Simulation time: 00 hr 45 min 11 sec)
Heartbeat CPU 0 instructions: 54500183 cycles: 115661307 heartbeat IPC: 0.4207 cumulative IPC: 0.3922 (Simulation time: 00 hr 45 min 16 sec)
Heartbeat CPU 0 instructions: 55000188 cycles: 116973504 heartbeat IPC: 0.381 cumulative IPC: 0.3921 (Simulation time: 00 hr 45 min 21 sec)
Heartbeat CPU 0 instructions: 55500188 cycles: 118233764 heartbeat IPC: 0.3967 cumulative IPC: 0.3921 (Simulation time: 00 hr 45 min 26 sec)
Heartbeat CPU 0 instructions: 56000188 cycles: 119629350 heartbeat IPC: 0.3583 cumulative IPC: 0.3917 (Simulation time: 00 hr 45 min 31 sec)
Heartbeat CPU 0 instructions: 56500190 cycles: 120865283 heartbeat IPC: 0.4046 cumulative IPC: 0.3919 (Simulation time: 00 hr 45 min 36 sec)
Heartbeat CPU 0 instructions: 57000190 cycles: 122155784 heartbeat IPC: 0.3874 cumulative IPC: 0.3918 (Simulation time: 00 hr 45 min 41 sec)
Heartbeat CPU 0 instructions: 57500192 cycles: 123501233 heartbeat IPC: 0.3716 cumulative IPC: 0.3916 (Simulation time: 00 hr 45 min 46 sec)
Heartbeat CPU 0 instructions: 58000192 cycles: 124880036 heartbeat IPC: 0.3626 cumulative IPC: 0.3913 (Simulation time: 00 hr 45 min 51 sec)
Heartbeat CPU 0 instructions: 58500194 cycles: 126220472 heartbeat IPC: 0.373 cumulative IPC: 0.3911 (Simulation time: 00 hr 45 min 56 sec)
Heartbeat CPU 0 instructions: 59000196 cycles: 127457974 heartbeat IPC: 0.404 cumulative IPC: 0.3912 (Simulation time: 00 hr 46 min 01 sec)
Heartbeat CPU 0 instructions: 59500198 cycles: 128655018 heartbeat IPC: 0.4177 cumulative IPC: 0.3914 (Simulation time: 00 hr 46 min 06 sec)
Simulation finished CPU 0 instructions: 50000000 cycles: 127753807 cumulative IPC: 0.3914 (Simulation time: 00 hr 46 min 11 sec)
Simulation complete CPU 0 instructions: 50000000 cycles: 127753807 cumulative IPC: 0.3914 (Simulation time: 00 hr 46 min 11 sec)

ChampSim completed all CPUs

=== Simulation ===
CPU 0 runs traces/cc-13.trace.gz

Region of Interest Statistics

CPU 0 cumulative IPC: 0.3914 instructions: 50000000 cycles: 127753807
CPU 0 Branch Prediction Accuracy: 88.82% MPKI: 22.44 Average ROB Occupancy at Mispredict: 24.38
Branch type MPKI
BRANCH_DIRECT_JUMP: 0
BRANCH_INDIRECT: 0
BRANCH_CONDITIONAL: 22.44
BRANCH_DIRECT_CALL: 0
BRANCH_INDIRECT_CALL: 0
BRANCH_RETURN: 0

cpu0->cpu0_STLB TOTAL        ACCESS:    2488468 HIT:    2484800 MISS:       3668 MSHR_MERGE:          0
cpu0->cpu0_STLB LOAD         ACCESS:    2488468 HIT:    2484800 MISS:       3668 MSHR_MERGE:          0
cpu0->cpu0_STLB RFO          ACCESS:          0 HIT:          0 MISS:          0 MSHR_MERGE:          0
cpu0->cpu0_STLB PREFETCH     ACCESS:          0 HIT:          0 MISS:          0 MSHR_MERGE:          0
cpu0->cpu0_STLB WRITE        ACCESS:          0 HIT:          0 MISS:          0 MSHR_MERGE:          0
cpu0->cpu0_STLB TRANSLATION  ACCESS:          0 HIT:          0 MISS:          0 MSHR_MERGE:          0
cpu0->cpu0_STLB PREFETCH REQUESTED:          0 ISSUED:          0 USEFUL:          0 USELESS:          0
cpu0->cpu0_STLB AVERAGE MISS LATENCY: 257.4 cycles
cpu0->cpu0_L2C TOTAL        ACCESS:   11156903 HIT:    7240324 MISS:    3916579 MSHR_MERGE:     324146
cpu0->cpu0_L2C LOAD         ACCESS:    3488390 HIT:    2318681 MISS:    1169709 MSHR_MERGE:      12879
cpu0->cpu0_L2C RFO          ACCESS:          0 HIT:          0 MISS:          0 MSHR_MERGE:          0
cpu0->cpu0_L2C PREFETCH     ACCESS:    7455458 HIT:    4709146 MISS:    2746312 MSHR_MERGE:     311267
cpu0->cpu0_L2C WRITE        ACCESS:     209449 HIT:     209429 MISS:         20 MSHR_MERGE:          0
cpu0->cpu0_L2C TRANSLATION  ACCESS:       3606 HIT:       3068 MISS:        538 MSHR_MERGE:          0
cpu0->cpu0_L2C PREFETCH REQUESTED:    7232059 ISSUED:    6587124 USEFUL:     676149 USELESS:    1430798
cpu0->cpu0_L2C AVERAGE MISS LATENCY: 89.98 cycles
cpu0->cpu0_L1I TOTAL        ACCESS:      74190 HIT:      74190 MISS:          0 MSHR_MERGE:          0
cpu0->cpu0_L1I LOAD         ACCESS:      74190 HIT:      74190 MISS:          0 MSHR_MERGE:          0
cpu0->cpu0_L1I RFO          ACCESS:          0 HIT:          0 MISS:          0 MSHR_MERGE:          0
cpu0->cpu0_L1I PREFETCH     ACCESS:          0 HIT:          0 MISS:          0 MSHR_MERGE:          0
cpu0->cpu0_L1I WRITE        ACCESS:          0 HIT:          0 MISS:          0 MSHR_MERGE:          0
cpu0->cpu0_L1I TRANSLATION  ACCESS:          0 HIT:          0 MISS:          0 MSHR_MERGE:          0
cpu0->cpu0_L1I PREFETCH REQUESTED:          0 ISSUED:          0 USEFUL:          0 USELESS:          0
cpu0->cpu0_L1I AVERAGE MISS LATENCY: - cycles
cpu0->cpu0_L1D TOTAL        ACCESS:   14525399 HIT:   10049218 MISS:    4476181 MSHR_MERGE:     115860
cpu0->cpu0_L1D LOAD         ACCESS:   13103556 HIT:    9516047 MISS:    3587509 MSHR_MERGE:      99119
cpu0->cpu0_L1D RFO          ACCESS:          0 HIT:          0 MISS:          0 MSHR_MERGE:          0
cpu0->cpu0_L1D PREFETCH     ACCESS:    1171216 HIT:     286150 MISS:     885066 MSHR_MERGE:      16741
cpu0->cpu0_L1D WRITE        ACCESS:     243284 HIT:     243284 MISS:          0 MSHR_MERGE:          0
cpu0->cpu0_L1D TRANSLATION  ACCESS:       7343 HIT:       3737 MISS:       3606 MSHR_MERGE:          0
cpu0->cpu0_L1D PREFETCH REQUESTED:    1172263 ISSUED:    1171216 USEFUL:     248922 USELESS:     619400
cpu0->cpu0_L1D AVERAGE MISS LATENCY: 38.84 cycles
cpu0->cpu0_ITLB TOTAL        ACCESS:      71012 HIT:      71012 MISS:          0 MSHR_MERGE:          0
cpu0->cpu0_ITLB LOAD         ACCESS:      71012 HIT:      71012 MISS:          0 MSHR_MERGE:          0
cpu0->cpu0_ITLB RFO          ACCESS:          0 HIT:          0 MISS:          0 MSHR_MERGE:          0
cpu0->cpu0_ITLB PREFETCH     ACCESS:          0 HIT:          0 MISS:          0 MSHR_MERGE:          0
cpu0->cpu0_ITLB WRITE        ACCESS:          0 HIT:          0 MISS:          0 MSHR_MERGE:          0
cpu0->cpu0_ITLB TRANSLATION  ACCESS:          0 HIT:          0 MISS:          0 MSHR_MERGE:          0
cpu0->cpu0_ITLB PREFETCH REQUESTED:          0 ISSUED:          0 USEFUL:          0 USELESS:          0
cpu0->cpu0_ITLB AVERAGE MISS LATENCY: - cycles
cpu0->cpu0_DTLB TOTAL        ACCESS:   14168074 HIT:   11325231 MISS:    2842843 MSHR_MERGE:     354376
cpu0->cpu0_DTLB LOAD         ACCESS:   14168074 HIT:   11325231 MISS:    2842843 MSHR_MERGE:     354376
cpu0->cpu0_DTLB RFO          ACCESS:          0 HIT:          0 MISS:          0 MSHR_MERGE:          0
cpu0->cpu0_DTLB PREFETCH     ACCESS:          0 HIT:          0 MISS:          0 MSHR_MERGE:          0
cpu0->cpu0_DTLB WRITE        ACCESS:          0 HIT:          0 MISS:          0 MSHR_MERGE:          0
cpu0->cpu0_DTLB TRANSLATION  ACCESS:          0 HIT:          0 MISS:          0 MSHR_MERGE:          0
cpu0->cpu0_DTLB PREFETCH REQUESTED:          0 ISSUED:          0 USEFUL:          0 USELESS:          0
cpu0->cpu0_DTLB AVERAGE MISS LATENCY: 5.384 cycles
cpu0->LLC TOTAL        ACCESS:    3798556 HIT:    2440644 MISS:    1357912 MSHR_MERGE:          0
cpu0->LLC LOAD         ACCESS:    1156830 HIT:     814082 MISS:     342748 MSHR_MERGE:          0
cpu0->LLC RFO          ACCESS:          0 HIT:          0 MISS:          0 MSHR_MERGE:          0
cpu0->LLC PREFETCH     ACCESS:    2435045 HIT:    1482007 MISS:     953038 MSHR_MERGE:          0
cpu0->LLC WRITE        ACCESS:     206143 HIT:     144545 MISS:      61598 MSHR_MERGE:          0
cpu0->LLC TRANSLATION  ACCESS:        538 HIT:         10 MISS:        528 MSHR_MERGE:          0
cpu0->LLC PREFETCH REQUESTED:          0 ISSUED:          0 USEFUL:          0 USELESS:          0
cpu0->LLC AVERAGE MISS LATENCY: 194.8 cycles

DRAM Statistics

Channel 0 RQ ROW_BUFFER_HIT:      25763
  ROW_BUFFER_MISS:    1269800
  AVG DBUS CONGESTED CYCLE: 24.63
Channel 0 WQ ROW_BUFFER_HIT:      25619
  ROW_BUFFER_MISS:      69226
  FULL:          0
Channel 0 REFRESHES ISSUED:      10645
