[VMEM] WARNING: physical memory size is smaller than virtual memory size.

*** ChampSim Multicore Out-of-Order Simulator ***
Warmup Instructions: 10000000
Simulation Instructions: 50000000
Number of CPUs: 1
Page size: 4096
Core 0: traces/charlie_0001.champsim.gz
 L1D Berti prefetcher
Off-chip DRAM Size: 64 GiB Channels: 1 Width: 64-bit Data Rate: 4807 MT/s
[BTB] WARNING: target of return is a lower address than the corresponding call. This is usually a problem with your trace.
[BTB] WARNING: target of return is a lower address than the corresponding call. This is usually a problem with your trace.
[BTB] WARNING: target of return is a lower address than the corresponding call. This is usually a problem with your trace.
[BTB] WARNING: target of return is a lower address than the corresponding call. This is usually a problem with your trace.
[BTB] WARNING: target of return is a lower address than the corresponding call. This is usually a problem with your trace.
[BTB] WARNING: target of return is a lower address than the corresponding call. This is usually a problem with your trace.
[BTB] WARNING: target of return is a lower address than the corresponding call. This is usually a problem with your trace.
[BTB] WARNING: target of return is a lower address than the corresponding call. This is usually a problem with your trace.
Heartbeat CPU 0 instructions: 500004 cycles: 181678 heartbeat IPC: 2.752 cumulative IPC: 2.752 (Simulation time: 00 hr 00 min 02 sec)
Heartbeat CPU 0 instructions: 1000008 cycles: 296504 heartbeat IPC: 4.354 cumulative IPC: 3.373 (Simulation time: 00 hr 00 min 03 sec)
[BTB] WARNING: target of return is a lower address than the corresponding call. This is usually a problem with your trace.
[BTB] WARNING: target of return is a lower address than the corresponding call. This is usually a problem with your trace.
Heartbeat CPU 0 instructions: 1500014 cycles: 519364 heartbeat IPC: 2.244 cumulative IPC: 2.888 (Simulation time: 00 hr 00 min 05 sec)
Heartbeat CPU 0 instructions: 2000018 cycles: 631630 heartbeat IPC: 4.454 cumulative IPC: 3.166 (Simulation time: 00 hr 00 min 06 sec)
Heartbeat CPU 0 instructions: 2500020 cycles: 744855 heartbeat IPC: 4.416 cumulative IPC: 3.356 (Simulation time: 00 hr 00 min 07 sec)
Heartbeat CPU 0 instructions: 3000024 cycles: 851838 heartbeat IPC: 4.674 cumulative IPC: 3.522 (Simulation time: 00 hr 00 min 08 sec)
Heartbeat CPU 0 instructions: 3500028 cycles: 957822 heartbeat IPC: 4.718 cumulative IPC: 3.654 (Simulation time: 00 hr 00 min 09 sec)
Heartbeat CPU 0 instructions: 4000035 cycles: 1178460 heartbeat IPC: 2.266 cumulative IPC: 3.394 (Simulation time: 00 hr 00 min 11 sec)
Heartbeat CPU 0 instructions: 4500036 cycles: 1426243 heartbeat IPC: 2.018 cumulative IPC: 3.155 (Simulation time: 00 hr 00 min 13 sec)
Heartbeat CPU 0 instructions: 5000039 cycles: 1610899 heartbeat IPC: 2.708 cumulative IPC: 3.104 (Simulation time: 00 hr 00 min 15 sec)
Heartbeat CPU 0 instructions: 5500046 cycles: 1778484 heartbeat IPC: 2.984 cumulative IPC: 3.093 (Simulation time: 00 hr 00 min 16 sec)
Heartbeat CPU 0 instructions: 6000047 cycles: 1929073 heartbeat IPC: 3.32 cumulative IPC: 3.11 (Simulation time: 00 hr 00 min 18 sec)
Heartbeat CPU 0 instructions: 6500053 cycles: 2046018 heartbeat IPC: 4.276 cumulative IPC: 3.177 (Simulation time: 00 hr 00 min 19 sec)
Heartbeat CPU 0 instructions: 7000057 cycles: 2162105 heartbeat IPC: 4.307 cumulative IPC: 3.238 (Simulation time: 00 hr 00 min 20 sec)
Heartbeat CPU 0 instructions: 7500061 cycles: 2278818 heartbeat IPC: 4.284 cumulative IPC: 3.291 (Simulation time: 00 hr 00 min 21 sec)
Heartbeat CPU 0 instructions: 8000061 cycles: 2395020 heartbeat IPC: 4.303 cumulative IPC: 3.34 (Simulation time: 00 hr 00 min 22 sec)
Heartbeat CPU 0 instructions: 8500068 cycles: 2509563 heartbeat IPC: 4.365 cumulative IPC: 3.387 (Simulation time: 00 hr 00 min 23 sec)
Heartbeat CPU 0 instructions: 9000070 cycles: 2625873 heartbeat IPC: 4.299 cumulative IPC: 3.427 (Simulation time: 00 hr 00 min 24 sec)
Heartbeat CPU 0 instructions: 9500071 cycles: 2766353 heartbeat IPC: 3.559 cumulative IPC: 3.434 (Simulation time: 00 hr 00 min 26 sec)
Warmup finished CPU 0 instructions: 10000004 cycles: 2872596 cumulative IPC: 3.481 (Simulation time: 00 hr 00 min 27 sec)
Warmup complete CPU 0 instructions: 10000004 cycles: 2872596 cumulative IPC: 3.481 (Simulation time: 00 hr 00 min 27 sec)
Heartbeat CPU 0 instructions: 10000074 cycles: 2872605 heartbeat IPC: 4.706 cumulative IPC: 7.778 (Simulation time: 00 hr 00 min 27 sec)
Heartbeat CPU 0 instructions: 10500074 cycles: 3274518 heartbeat IPC: 1.244 cumulative IPC: 1.244 (Simulation time: 00 hr 00 min 29 sec)
Heartbeat CPU 0 instructions: 11000074 cycles: 3702363 heartbeat IPC: 1.169 cumulative IPC: 1.205 (Simulation time: 00 hr 00 min 31 sec)
Heartbeat CPU 0 instructions: 11500074 cycles: 4111775 heartbeat IPC: 1.221 cumulative IPC: 1.211 (Simulation time: 00 hr 00 min 33 sec)
Heartbeat CPU 0 instructions: 12000074 cycles: 4514481 heartbeat IPC: 1.242 cumulative IPC: 1.218 (Simulation time: 00 hr 00 min 36 sec)
Heartbeat CPU 0 instructions: 12500076 cycles: 4931659 heartbeat IPC: 1.199 cumulative IPC: 1.214 (Simulation time: 00 hr 00 min 38 sec)
Heartbeat CPU 0 instructions: 13000082 cycles: 5345711 heartbeat IPC: 1.208 cumulative IPC: 1.213 (Simulation time: 00 hr 00 min 40 sec)
Heartbeat CPU 0 instructions: 13500082 cycles: 5743379 heartbeat IPC: 1.257 cumulative IPC: 1.219 (Simulation time: 00 hr 00 min 42 sec)
Heartbeat CPU 0 instructions: 14000084 cycles: 6139339 heartbeat IPC: 1.263 cumulative IPC: 1.224 (Simulation time: 00 hr 00 min 44 sec)
Heartbeat CPU 0 instructions: 14500084 cycles: 6584236 heartbeat IPC: 1.124 cumulative IPC: 1.212 (Simulation time: 00 hr 00 min 47 sec)
Heartbeat CPU 0 instructions: 15000084 cycles: 7010384 heartbeat IPC: 1.173 cumulative IPC: 1.208 (Simulation time: 00 hr 00 min 49 sec)
Heartbeat CPU 0 instructions: 15500089 cycles: 7431373 heartbeat IPC: 1.188 cumulative IPC: 1.206 (Simulation time: 00 hr 00 min 52 sec)
Heartbeat CPU 0 instructions: 16000093 cycles: 7824489 heartbeat IPC: 1.272 cumulative IPC: 1.212 (Simulation time: 00 hr 00 min 54 sec)
Heartbeat CPU 0 instructions: 16500093 cycles: 8247049 heartbeat IPC: 1.183 cumulative IPC: 1.209 (Simulation time: 00 hr 00 min 56 sec)
Heartbeat CPU 0 instructions: 17000099 cycles: 9259837 heartbeat IPC: 0.4937 cumulative IPC: 1.096 (Simulation time: 00 hr 01 min 00 sec)
Heartbeat CPU 0 instructions: 17500099 cycles: 9700128 heartbeat IPC: 1.136 cumulative IPC: 1.099 (Simulation time: 00 hr 01 min 03 sec)
Heartbeat CPU 0 instructions: 18000099 cycles: 10114615 heartbeat IPC: 1.206 cumulative IPC: 1.105 (Simulation time: 00 hr 01 min 05 sec)
Heartbeat CPU 0 instructions: 18500101 cycles: 10464146 heartbeat IPC: 1.43 cumulative IPC: 1.12 (Simulation time: 00 hr 01 min 07 sec)
Heartbeat CPU 0 instructions: 19000102 cycles: 10829457 heartbeat IPC: 1.369 cumulative IPC: 1.131 (Simulation time: 00 hr 01 min 09 sec)
Heartbeat CPU 0 instructions: 19500108 cycles: 11150362 heartbeat IPC: 1.558 cumulative IPC: 1.148 (Simulation time: 00 hr 01 min 10 sec)
Heartbeat CPU 0 instructions: 20000115 cycles: 11516712 heartbeat IPC: 1.365 cumulative IPC: 1.157 (Simulation time: 00 hr 01 min 12 sec)
Heartbeat CPU 0 instructions: 20500116 cycles: 11866584 heartbeat IPC: 1.429 cumulative IPC: 1.167 (Simulation time: 00 hr 01 min 14 sec)
Heartbeat CPU 0 instructions: 21000117 cycles: 12230776 heartbeat IPC: 1.373 cumulative IPC: 1.175 (Simulation time: 00 hr 01 min 16 sec)
Heartbeat CPU 0 instructions: 21500117 cycles: 12603278 heartbeat IPC: 1.342 cumulative IPC: 1.182 (Simulation time: 00 hr 01 min 18 sec)
Heartbeat CPU 0 instructions: 22000117 cycles: 12915178 heartbeat IPC: 1.603 cumulative IPC: 1.195 (Simulation time: 00 hr 01 min 20 sec)
Heartbeat CPU 0 instructions: 22500117 cycles: 13304677 heartbeat IPC: 1.284 cumulative IPC: 1.198 (Simulation time: 00 hr 01 min 22 sec)
Heartbeat CPU 0 instructions: 23000122 cycles: 13659991 heartbeat IPC: 1.407 cumulative IPC: 1.205 (Simulation time: 00 hr 01 min 23 sec)
Heartbeat CPU 0 instructions: 23500122 cycles: 14002026 heartbeat IPC: 1.462 cumulative IPC: 1.213 (Simulation time: 00 hr 01 min 25 sec)
Heartbeat CPU 0 instructions: 24000122 cycles: 14299203 heartbeat IPC: 1.682 cumulative IPC: 1.225 (Simulation time: 00 hr 01 min 27 sec)
Heartbeat CPU 0 instructions: 24500125 cycles: 15211858 heartbeat IPC: 0.5479 cumulative IPC: 1.175 (Simulation time: 00 hr 01 min 32 sec)
Heartbeat CPU 0 instructions: 25000131 cycles: 16618638 heartbeat IPC: 0.3554 cumulative IPC: 1.091 (Simulation time: 00 hr 01 min 37 sec)
Heartbeat CPU 0 instructions: 25500134 cycles: 17103391 heartbeat IPC: 1.031 cumulative IPC: 1.089 (Simulation time: 00 hr 01 min 40 sec)
Heartbeat CPU 0 instructions: 26000134 cycles: 17527369 heartbeat IPC: 1.179 cumulative IPC: 1.092 (Simulation time: 00 hr 01 min 42 sec)
Heartbeat CPU 0 instructions: 26500136 cycles: 17884647 heartbeat IPC: 1.399 cumulative IPC: 1.099 (Simulation time: 00 hr 01 min 44 sec)
Heartbeat CPU 0 instructions: 27000138 cycles: 18273843 heartbeat IPC: 1.285 cumulative IPC: 1.104 (Simulation time: 00 hr 01 min 46 sec)
Heartbeat CPU 0 instructions: 27500138 cycles: 18576173 heartbeat IPC: 1.654 cumulative IPC: 1.114 (Simulation time: 00 hr 01 min 48 sec)
Heartbeat CPU 0 instructions: 28000139 cycles: 18939590 heartbeat IPC: 1.376 cumulative IPC: 1.12 (Simulation time: 00 hr 01 min 49 sec)
Heartbeat CPU 0 instructions: 28500142 cycles: 19266953 heartbeat IPC: 1.527 cumulative IPC: 1.128 (Simulation time: 00 hr 01 min 51 sec)
Heartbeat CPU 0 instructions: 29000143 cycles: 19597511 heartbeat IPC: 1.513 cumulative IPC: 1.136 (Simulation time: 00 hr 01 min 53 sec)
Heartbeat CPU 0 instructions: 29500143 cycles: 19908422 heartbeat IPC: 1.608 cumulative IPC: 1.145 (Simulation time: 00 hr 01 min 55 sec)
Heartbeat CPU 0 instructions: 30000144 cycles: 20283351 heartbeat IPC: 1.334 cumulative IPC: 1.149 (Simulation time: 00 hr 01 min 57 sec)
Heartbeat CPU 0 instructions: 30500147 cycles: 20620675 heartbeat IPC: 1.482 cumulative IPC: 1.155 (Simulation time: 00 hr 01 min 58 sec)
Heartbeat CPU 0 instructions: 31000149 cycles: 21024981 heartbeat IPC: 1.237 cumulative IPC: 1.157 (Simulation time: 00 hr 02 min 00 sec)
Heartbeat CPU 0 instructions: 31500149 cycles: 21369460 heartbeat IPC: 1.451 cumulative IPC: 1.162 (Simulation time: 00 hr 02 min 02 sec)
Heartbeat CPU 0 instructions: 32000149 cycles: 21720898 heartbeat IPC: 1.423 cumulative IPC: 1.167 (Simulation time: 00 hr 02 min 04 sec)
Heartbeat CPU 0 instructions: 32500149 cycles: 22044137 heartbeat IPC: 1.547 cumulative IPC: 1.174 (Simulation time: 00 hr 02 min 06 sec)
Heartbeat CPU 0 instructions: 33000155 cycles: 22377841 heartbeat IPC: 1.498 cumulative IPC: 1.179 (Simulation time: 00 hr 02 min 08 sec)
Heartbeat CPU 0 instructions: 33500158 cycles: 22710487 heartbeat IPC: 1.503 cumulative IPC: 1.185 (Simulation time: 00 hr 02 min 09 sec)
Heartbeat CPU 0 instructions: 34000163 cycles: 23045084 heartbeat IPC: 1.494 cumulative IPC: 1.19 (Simulation time: 00 hr 02 min 11 sec)
Heartbeat CPU 0 instructions: 34500163 cycles: 23401702 heartbeat IPC: 1.402 cumulative IPC: 1.193 (Simulation time: 00 hr 02 min 13 sec)
Heartbeat CPU 0 instructions: 35000164 cycles: 23755344 heartbeat IPC: 1.414 cumulative IPC: 1.197 (Simulation time: 00 hr 02 min 15 sec)
Heartbeat CPU 0 instructions: 35500166 cycles: 24039591 heartbeat IPC: 1.759 cumulative IPC: 1.205 (Simulation time: 00 hr 02 min 17 sec)
Heartbeat CPU 0 instructions: 36000166 cycles: 24501388 heartbeat IPC: 1.083 cumulative IPC: 1.202 (Simulation time: 00 hr 02 min 19 sec)
Heartbeat CPU 0 instructions: 36500166 cycles: 24835487 heartbeat IPC: 1.497 cumulative IPC: 1.207 (Simulation time: 00 hr 02 min 21 sec)
Heartbeat CPU 0 instructions: 37000166 cycles: 25229692 heartbeat IPC: 1.268 cumulative IPC: 1.208 (Simulation time: 00 hr 02 min 23 sec)
Heartbeat CPU 0 instructions: 37500166 cycles: 25569132 heartbeat IPC: 1.473 cumulative IPC: 1.212 (Simulation time: 00 hr 02 min 25 sec)
Heartbeat CPU 0 instructions: 38000166 cycles: 25907012 heartbeat IPC: 1.48 cumulative IPC: 1.216 (Simulation time: 00 hr 02 min 26 sec)
Heartbeat CPU 0 instructions: 38500167 cycles: 26208169 heartbeat IPC: 1.66 cumulative IPC: 1.221 (Simulation time: 00 hr 02 min 28 sec)
Heartbeat CPU 0 instructions: 39000171 cycles: 26633635 heartbeat IPC: 1.175 cumulative IPC: 1.22 (Simulation time: 00 hr 02 min 30 sec)
Heartbeat CPU 0 instructions: 39500173 cycles: 27007438 heartbeat IPC: 1.338 cumulative IPC: 1.222 (Simulation time: 00 hr 02 min 32 sec)
Heartbeat CPU 0 instructions: 40000180 cycles: 27317439 heartbeat IPC: 1.613 cumulative IPC: 1.227 (Simulation time: 00 hr 02 min 34 sec)
Heartbeat CPU 0 instructions: 40500181 cycles: 27665442 heartbeat IPC: 1.437 cumulative IPC: 1.23 (Simulation time: 00 hr 02 min 36 sec)
Heartbeat CPU 0 instructions: 41000188 cycles: 28066303 heartbeat IPC: 1.247 cumulative IPC: 1.23 (Simulation time: 00 hr 02 min 38 sec)
Heartbeat CPU 0 instructions: 41500188 cycles: 28469890 heartbeat IPC: 1.239 cumulative IPC: 1.231 (Simulation time: 00 hr 02 min 40 sec)
Heartbeat CPU 0 instructions: 42000192 cycles: 28861912 heartbeat IPC: 1.275 cumulative IPC: 1.231 (Simulation time: 00 hr 02 min 42 sec)
Heartbeat CPU 0 instructions: 42500196 cycles: 29297706 heartbeat IPC: 1.147 cumulative IPC: 1.23 (Simulation time: 00 hr 02 min 45 sec)
Heartbeat CPU 0 instructions: 43000199 cycles: 29607098 heartbeat IPC: 1.616 cumulative IPC: 1.234 (Simulation time: 00 hr 02 min 46 sec)
Heartbeat CPU 0 instructions: 43500202 cycles: 29928009 heartbeat IPC: 1.558 cumulative IPC: 1.238 (Simulation time: 00 hr 02 min 48 sec)
Heartbeat CPU 0 instructions: 44000204 cycles: 30236564 heartbeat IPC: 1.62 cumulative IPC: 1.243 (Simulation time: 00 hr 02 min 50 sec)
Heartbeat CPU 0 instructions: 44500207 cycles: 30554773 heartbeat IPC: 1.571 cumulative IPC: 1.246 (Simulation time: 00 hr 02 min 52 sec)
Heartbeat CPU 0 instructions: 45000208 cycles: 30858814 heartbeat IPC: 1.645 cumulative IPC: 1.251 (Simulation time: 00 hr 02 min 54 sec)
Heartbeat CPU 0 instructions: 45500213 cycles: 31088013 heartbeat IPC: 2.182 cumulative IPC: 1.258 (Simulation time: 00 hr 02 min 55 sec)
Heartbeat CPU 0 instructions: 46000213 cycles: 31310234 heartbeat IPC: 2.25 cumulative IPC: 1.266 (Simulation time: 00 hr 02 min 57 sec)
Heartbeat CPU 0 instructions: 46500216 cycles: 31645587 heartbeat IPC: 1.491 cumulative IPC: 1.269 (Simulation time: 00 hr 02 min 59 sec)
Heartbeat CPU 0 instructions: 47000218 cycles: 31916249 heartbeat IPC: 1.847 cumulative IPC: 1.274 (Simulation time: 00 hr 03 min 01 sec)
Heartbeat CPU 0 instructions: 47500221 cycles: 32169604 heartbeat IPC: 1.974 cumulative IPC: 1.28 (Simulation time: 00 hr 03 min 03 sec)
Heartbeat CPU 0 instructions: 48000225 cycles: 32465445 heartbeat IPC: 1.69 cumulative IPC: 1.284 (Simulation time: 00 hr 03 min 05 sec)
Heartbeat CPU 0 instructions: 48500226 cycles: 32711025 heartbeat IPC: 2.036 cumulative IPC: 1.29 (Simulation time: 00 hr 03 min 07 sec)
Heartbeat CPU 0 instructions: 49000228 cycles: 33044191 heartbeat IPC: 1.501 cumulative IPC: 1.293 (Simulation time: 00 hr 03 min 09 sec)
Heartbeat CPU 0 instructions: 49500234 cycles: 33359646 heartbeat IPC: 1.585 cumulative IPC: 1.296 (Simulation time: 00 hr 03 min 11 sec)
Heartbeat CPU 0 instructions: 50000234 cycles: 33629535 heartbeat IPC: 1.853 cumulative IPC: 1.301 (Simulation time: 00 hr 03 min 12 sec)
Heartbeat CPU 0 instructions: 50500241 cycles: 33930463 heartbeat IPC: 1.662 cumulative IPC: 1.304 (Simulation time: 00 hr 03 min 14 sec)
Heartbeat CPU 0 instructions: 51000241 cycles: 34217265 heartbeat IPC: 1.743 cumulative IPC: 1.308 (Simulation time: 00 hr 03 min 16 sec)
Heartbeat CPU 0 instructions: 51500247 cycles: 34476766 heartbeat IPC: 1.927 cumulative IPC: 1.313 (Simulation time: 00 hr 03 min 18 sec)
Heartbeat CPU 0 instructions: 52000250 cycles: 34728416 heartbeat IPC: 1.987 cumulative IPC: 1.318 (Simulation time: 00 hr 03 min 19 sec)
Heartbeat CPU 0 instructions: 52500254 cycles: 34971909 heartbeat IPC: 2.053 cumulative IPC: 1.324 (Simulation time: 00 hr 03 min 21 sec)
Heartbeat CPU 0 instructions: 53000258 cycles: 35303180 heartbeat IPC: 1.509 cumulative IPC: 1.326 (Simulation time: 00 hr 03 min 23 sec)
Heartbeat CPU 0 instructions: 53500263 cycles: 35553955 heartbeat IPC: 1.994 cumulative IPC: 1.331 (Simulation time: 00 hr 03 min 25 sec)
Heartbeat CPU 0 instructions: 54000265 cycles: 35852298 heartbeat IPC: 1.676 cumulative IPC: 1.334 (Simulation time: 00 hr 03 min 27 sec)
Heartbeat CPU 0 instructions: 54500265 cycles: 36104027 heartbeat IPC: 1.986 cumulative IPC: 1.339 (Simulation time: 00 hr 03 min 28 sec)
Heartbeat CPU 0 instructions: 55000267 cycles: 36928934 heartbeat IPC: 0.6061 cumulative IPC: 1.321 (Simulation time: 00 hr 03 min 32 sec)
Heartbeat CPU 0 instructions: 55500269 cycles: 37256424 heartbeat IPC: 1.527 cumulative IPC: 1.323 (Simulation time: 00 hr 03 min 34 sec)
Heartbeat CPU 0 instructions: 56000274 cycles: 37637325 heartbeat IPC: 1.313 cumulative IPC: 1.323 (Simulation time: 00 hr 03 min 36 sec)
Heartbeat CPU 0 instructions: 56500274 cycles: 37931862 heartbeat IPC: 1.698 cumulative IPC: 1.326 (Simulation time: 00 hr 03 min 38 sec)
Heartbeat CPU 0 instructions: 57000277 cycles: 38277414 heartbeat IPC: 1.447 cumulative IPC: 1.328 (Simulation time: 00 hr 03 min 40 sec)
Heartbeat CPU 0 instructions: 57500277 cycles: 38538161 heartbeat IPC: 1.918 cumulative IPC: 1.332 (Simulation time: 00 hr 03 min 42 sec)
Heartbeat CPU 0 instructions: 58000283 cycles: 38819664 heartbeat IPC: 1.776 cumulative IPC: 1.335 (Simulation time: 00 hr 03 min 44 sec)
Heartbeat CPU 0 instructions: 58500284 cycles: 39108216 heartbeat IPC: 1.733 cumulative IPC: 1.338 (Simulation time: 00 hr 03 min 45 sec)
Heartbeat CPU 0 instructions: 59000285 cycles: 39359211 heartbeat IPC: 1.992 cumulative IPC: 1.343 (Simulation time: 00 hr 03 min 47 sec)
Heartbeat CPU 0 instructions: 59500286 cycles: 39620177 heartbeat IPC: 1.916 cumulative IPC: 1.347 (Simulation time: 00 hr 03 min 49 sec)
Simulation finished CPU 0 instructions: 50000003 cycles: 37079849 cumulative IPC: 1.348 (Simulation time: 00 hr 03 min 51 sec)
Simulation complete CPU 0 instructions: 50000003 cycles: 37079849 cumulative IPC: 1.348 (Simulation time: 00 hr 03 min 51 sec)

ChampSim completed all CPUs

=== Simulation ===
CPU 0 runs traces/charlie_0001.champsim.gz

Region of Interest Statistics

CPU 0 cumulative IPC: 1.348 instructions: 50000003 cycles: 37079849
CPU 0 Branch Prediction Accuracy: 92.35% MPKI: 14.31 Average ROB Occupancy at Mispredict: 33.45
Branch type MPKI
BRANCH_DIRECT_JUMP: 0.1544
BRANCH_INDIRECT: 0.5093
BRANCH_CONDITIONAL: 13.03
BRANCH_DIRECT_CALL: 0.03448
BRANCH_INDIRECT_CALL: 0.4799
BRANCH_RETURN: 0.09466

cpu0->cpu0_STLB TOTAL        ACCESS:      72616 HIT:      59734 MISS:      12882 MSHR_MERGE:          0
cpu0->cpu0_STLB LOAD         ACCESS:      72616 HIT:      59734 MISS:      12882 MSHR_MERGE:          0
cpu0->cpu0_STLB RFO          ACCESS:          0 HIT:          0 MISS:          0 MSHR_MERGE:          0
cpu0->cpu0_STLB PREFETCH     ACCESS:          0 HIT:          0 MISS:          0 MSHR_MERGE:          0
cpu0->cpu0_STLB WRITE        ACCESS:          0 HIT:          0 MISS:          0 MSHR_MERGE:          0
cpu0->cpu0_STLB TRANSLATION  ACCESS:          0 HIT:          0 MISS:          0 MSHR_MERGE:          0
cpu0->cpu0_STLB PREFETCH REQUESTED:          0 ISSUED:          0 USEFUL:          0 USELESS:          0
cpu0->cpu0_STLB AVERAGE MISS LATENCY: 301.9 cycles
cpu0->cpu0_L2C TOTAL        ACCESS:    2883748 HIT:    2349361 MISS:     534387 MSHR_MERGE:     204092
cpu0->cpu0_L2C LOAD         ACCESS:     349002 HIT:     310558 MISS:      38444 MSHR_MERGE:      13600
cpu0->cpu0_L2C RFO          ACCESS:     119075 HIT:      46263 MISS:      72812 MSHR_MERGE:       3182
cpu0->cpu0_L2C PREFETCH     ACCESS:    2168215 HIT:    1752984 MISS:     415231 MSHR_MERGE:     187310
cpu0->cpu0_L2C WRITE        ACCESS:     235064 HIT:     235060 MISS:          4 MSHR_MERGE:          0
cpu0->cpu0_L2C TRANSLATION  ACCESS:      12392 HIT:       4496 MISS:       7896 MSHR_MERGE:          0
cpu0->cpu0_L2C PREFETCH REQUESTED:    2100199 ISSUED:    1948573 USEFUL:     178441 USELESS:      29425
cpu0->cpu0_L2C AVERAGE MISS LATENCY: 288.4 cycles
cpu0->cpu0_L1I TOTAL        ACCESS:    2881625 HIT:    2623375 MISS:     258250 MSHR_MERGE:      66783
cpu0->cpu0_L1I LOAD         ACCESS:    2881625 HIT:    2623375 MISS:     258250 MSHR_MERGE:      66783
cpu0->cpu0_L1I RFO          ACCESS:          0 HIT:          0 MISS:          0 MSHR_MERGE:          0
cpu0->cpu0_L1I PREFETCH     ACCESS:          0 HIT:          0 MISS:          0 MSHR_MERGE:          0
cpu0->cpu0_L1I WRITE        ACCESS:          0 HIT:          0 MISS:          0 MSHR_MERGE:          0
cpu0->cpu0_L1I TRANSLATION  ACCESS:          0 HIT:          0 MISS:          0 MSHR_MERGE:          0
cpu0->cpu0_L1I PREFETCH REQUESTED:          0 ISSUED:          0 USEFUL:          0 USELESS:          0
cpu0->cpu0_L1I AVERAGE MISS LATENCY: 15.21 cycles
cpu0->cpu0_L1D TOTAL        ACCESS:   14333240 HIT:   13369449 MISS:     963791 MSHR_MERGE:     455145
cpu0->cpu0_L1D LOAD         ACCESS:    8500868 HIT:    8289175 MISS:     211693 MSHR_MERGE:      54158
cpu0->cpu0_L1D RFO          ACCESS:          0 HIT:          0 MISS:          0 MSHR_MERGE:          0
cpu0->cpu0_L1D PREFETCH     ACCESS:     330669 HIT:      98119 MISS:     232550 MSHR_MERGE:      12906
cpu0->cpu0_L1D WRITE        ACCESS:    5469194 HIT:    4962290 MISS:     506904 MSHR_MERGE:     387829
cpu0->cpu0_L1D TRANSLATION  ACCESS:      32509 HIT:      19865 MISS:      12644 MSHR_MERGE:        252
cpu0->cpu0_L1D PREFETCH REQUESTED:     346832 ISSUED:     330662 USEFUL:     174431 USELESS:      45255
cpu0->cpu0_L1D AVERAGE MISS LATENCY: 122.1 cycles
cpu0->cpu0_ITLB TOTAL        ACCESS:    2349471 HIT:    2327232 MISS:      22239 MSHR_MERGE:      11096
cpu0->cpu0_ITLB LOAD         ACCESS:    2349471 HIT:    2327232 MISS:      22239 MSHR_MERGE:      11096
cpu0->cpu0_ITLB RFO          ACCESS:          0 HIT:          0 MISS:          0 MSHR_MERGE:          0
cpu0->cpu0_ITLB PREFETCH     ACCESS:          0 HIT:          0 MISS:          0 MSHR_MERGE:          0
cpu0->cpu0_ITLB WRITE        ACCESS:          0 HIT:          0 MISS:          0 MSHR_MERGE:          0
cpu0->cpu0_ITLB TRANSLATION  ACCESS:          0 HIT:          0 MISS:          0 MSHR_MERGE:          0
cpu0->cpu0_ITLB PREFETCH REQUESTED:          0 ISSUED:          0 USEFUL:          0 USELESS:          0
cpu0->cpu0_ITLB AVERAGE MISS LATENCY: 23.12 cycles
cpu0->cpu0_DTLB TOTAL        ACCESS:   13492388 HIT:   13380930 MISS:     111458 MSHR_MERGE:      49985
cpu0->cpu0_DTLB LOAD         ACCESS:   13492388 HIT:   13380930 MISS:     111458 MSHR_MERGE:      49985
cpu0->cpu0_DTLB RFO          ACCESS:          0 HIT:          0 MISS:          0 MSHR_MERGE:          0
cpu0->cpu0_DTLB PREFETCH     ACCESS:          0 HIT:          0 MISS:          0 MSHR_MERGE:          0
cpu0->cpu0_DTLB WRITE        ACCESS:          0 HIT:          0 MISS:          0 MSHR_MERGE:          0
cpu0->cpu0_DTLB TRANSLATION  ACCESS:          0 HIT:          0 MISS:          0 MSHR_MERGE:          0
cpu0->cpu0_DTLB PREFETCH REQUESTED:          0 ISSUED:          0 USEFUL:          0 USELESS:          0
cpu0->cpu0_DTLB AVERAGE MISS LATENCY: 65.19 cycles
cpu0->LLC TOTAL        ACCESS:     532525 HIT:      30114 MISS:     502411 MSHR_MERGE:          0
cpu0->LLC LOAD         ACCESS:      24844 HIT:       2649 MISS:      22195 MSHR_MERGE:          0
cpu0->LLC RFO          ACCESS:      69630 HIT:        523 MISS:      69107 MSHR_MERGE:          0
cpu0->LLC PREFETCH     ACCESS:     227921 HIT:       4561 MISS:     223360 MSHR_MERGE:          0
cpu0->LLC WRITE        ACCESS:     202234 HIT:      21211 MISS:     181023 MSHR_MERGE:          0
cpu0->LLC TRANSLATION  ACCESS:       7896 HIT:       1170 MISS:       6726 MSHR_MERGE:          0
cpu0->LLC PREFETCH REQUESTED:          0 ISSUED:          0 USEFUL:          0 USELESS:          0
cpu0->LLC AVERAGE MISS LATENCY: 112.1 cycles

DRAM Statistics

Channel 0 RQ ROW_BUFFER_HIT:      18653
  ROW_BUFFER_MISS:     302734
  AVG DBUS CONGESTED CYCLE: 22.23
Channel 0 WQ ROW_BUFFER_HIT:      40564
  ROW_BUFFER_MISS:     154880
  FULL:        159
Channel 0 REFRESHES ISSUED:       3090
