[VMEM] WARNING: physical memory size is smaller than virtual memory size.

*** ChampSim Multicore Out-of-Order Simulator ***
Warmup Instructions: 10000000
Simulation Instructions: 50000000
Number of CPUs: 1
Page size: 4096
Core 0: traces/GAP/bfs-14.trace
Off-chip DRAM Size: 64 GiB Channels: 1 Width: 64-bit Data Rate: 4807 MT/s
Heartbeat CPU 0 instructions: 500006 cycles: 116732 heartbeat IPC: 4.283 cumulative IPC: 4.283 (Simulation time: 00 hr 00 min 01 sec)
Heartbeat CPU 0 instructions: 1000009 cycles: 228974 heartbeat IPC: 4.455 cumulative IPC: 4.367 (Simulation time: 00 hr 00 min 02 sec)
Heartbeat CPU 0 instructions: 1500014 cycles: 341184 heartbeat IPC: 4.456 cumulative IPC: 4.396 (Simulation time: 00 hr 00 min 03 sec)
Heartbeat CPU 0 instructions: 2000018 cycles: 453216 heartbeat IPC: 4.463 cumulative IPC: 4.413 (Simulation time: 00 hr 00 min 04 sec)
Heartbeat CPU 0 instructions: 2500022 cycles: 565712 heartbeat IPC: 4.445 cumulative IPC: 4.419 (Simulation time: 00 hr 00 min 05 sec)
Heartbeat CPU 0 instructions: 3000028 cycles: 678077 heartbeat IPC: 4.45 cumulative IPC: 4.424 (Simulation time: 00 hr 00 min 06 sec)
Heartbeat CPU 0 instructions: 3500032 cycles: 789993 heartbeat IPC: 4.468 cumulative IPC: 4.43 (Simulation time: 00 hr 00 min 07 sec)
Heartbeat CPU 0 instructions: 4000039 cycles: 902811 heartbeat IPC: 4.432 cumulative IPC: 4.431 (Simulation time: 00 hr 00 min 08 sec)
Heartbeat CPU 0 instructions: 4500045 cycles: 1015124 heartbeat IPC: 4.452 cumulative IPC: 4.433 (Simulation time: 00 hr 00 min 09 sec)
Heartbeat CPU 0 instructions: 5000047 cycles: 1127209 heartbeat IPC: 4.461 cumulative IPC: 4.436 (Simulation time: 00 hr 00 min 10 sec)
Heartbeat CPU 0 instructions: 5500054 cycles: 1239547 heartbeat IPC: 4.451 cumulative IPC: 4.437 (Simulation time: 00 hr 00 min 11 sec)
Heartbeat CPU 0 instructions: 6000055 cycles: 1352011 heartbeat IPC: 4.446 cumulative IPC: 4.438 (Simulation time: 00 hr 00 min 12 sec)
Heartbeat CPU 0 instructions: 6500060 cycles: 1463977 heartbeat IPC: 4.466 cumulative IPC: 4.44 (Simulation time: 00 hr 00 min 13 sec)
Heartbeat CPU 0 instructions: 7000065 cycles: 1576136 heartbeat IPC: 4.458 cumulative IPC: 4.441 (Simulation time: 00 hr 00 min 14 sec)
Heartbeat CPU 0 instructions: 7500067 cycles: 1688467 heartbeat IPC: 4.451 cumulative IPC: 4.442 (Simulation time: 00 hr 00 min 16 sec)
Heartbeat CPU 0 instructions: 8000073 cycles: 1800537 heartbeat IPC: 4.462 cumulative IPC: 4.443 (Simulation time: 00 hr 00 min 17 sec)
Heartbeat CPU 0 instructions: 8500073 cycles: 1913139 heartbeat IPC: 4.44 cumulative IPC: 4.443 (Simulation time: 00 hr 00 min 18 sec)
Heartbeat CPU 0 instructions: 9000073 cycles: 2025451 heartbeat IPC: 4.452 cumulative IPC: 4.443 (Simulation time: 00 hr 00 min 19 sec)
Heartbeat CPU 0 instructions: 9500080 cycles: 2137870 heartbeat IPC: 4.448 cumulative IPC: 4.444 (Simulation time: 00 hr 00 min 20 sec)
Warmup finished CPU 0 instructions: 10000005 cycles: 2249995 cumulative IPC: 4.444 (Simulation time: 00 hr 00 min 21 sec)
Warmup complete CPU 0 instructions: 10000005 cycles: 2249995 cumulative IPC: 4.444 (Simulation time: 00 hr 00 min 21 sec)
Heartbeat CPU 0 instructions: 10000085 cycles: 2250005 heartbeat IPC: 4.459 cumulative IPC: 8 (Simulation time: 00 hr 00 min 21 sec)
Heartbeat CPU 0 instructions: 10500085 cycles: 3882731 heartbeat IPC: 0.3062 cumulative IPC: 0.3063 (Simulation time: 00 hr 00 min 26 sec)
Heartbeat CPU 0 instructions: 11000085 cycles: 4900519 heartbeat IPC: 0.4913 cumulative IPC: 0.3773 (Simulation time: 00 hr 00 min 30 sec)
Heartbeat CPU 0 instructions: 11500085 cycles: 7380033 heartbeat IPC: 0.2017 cumulative IPC: 0.2924 (Simulation time: 00 hr 00 min 37 sec)
Heartbeat CPU 0 instructions: 12000085 cycles: 9867369 heartbeat IPC: 0.201 cumulative IPC: 0.2626 (Simulation time: 00 hr 00 min 44 sec)
Heartbeat CPU 0 instructions: 12500087 cycles: 12355366 heartbeat IPC: 0.201 cumulative IPC: 0.2474 (Simulation time: 00 hr 00 min 51 sec)
Heartbeat CPU 0 instructions: 13000087 cycles: 14820847 heartbeat IPC: 0.2028 cumulative IPC: 0.2387 (Simulation time: 00 hr 00 min 57 sec)
Heartbeat CPU 0 instructions: 13500090 cycles: 17286483 heartbeat IPC: 0.2028 cumulative IPC: 0.2328 (Simulation time: 00 hr 01 min 04 sec)
Heartbeat CPU 0 instructions: 14000091 cycles: 19709857 heartbeat IPC: 0.2063 cumulative IPC: 0.2291 (Simulation time: 00 hr 01 min 11 sec)
Heartbeat CPU 0 instructions: 14500092 cycles: 22155364 heartbeat IPC: 0.2045 cumulative IPC: 0.2261 (Simulation time: 00 hr 01 min 17 sec)
Heartbeat CPU 0 instructions: 15000093 cycles: 24595014 heartbeat IPC: 0.2049 cumulative IPC: 0.2238 (Simulation time: 00 hr 01 min 24 sec)
Heartbeat CPU 0 instructions: 15500099 cycles: 27026946 heartbeat IPC: 0.2056 cumulative IPC: 0.222 (Simulation time: 00 hr 01 min 31 sec)
Heartbeat CPU 0 instructions: 16000099 cycles: 29470855 heartbeat IPC: 0.2046 cumulative IPC: 0.2204 (Simulation time: 00 hr 01 min 37 sec)
Heartbeat CPU 0 instructions: 16500099 cycles: 31917894 heartbeat IPC: 0.2043 cumulative IPC: 0.2191 (Simulation time: 00 hr 01 min 44 sec)
Heartbeat CPU 0 instructions: 17000099 cycles: 34380727 heartbeat IPC: 0.203 cumulative IPC: 0.2179 (Simulation time: 00 hr 01 min 51 sec)
Heartbeat CPU 0 instructions: 17500099 cycles: 36796358 heartbeat IPC: 0.207 cumulative IPC: 0.2171 (Simulation time: 00 hr 01 min 57 sec)
Heartbeat CPU 0 instructions: 18000099 cycles: 39225877 heartbeat IPC: 0.2058 cumulative IPC: 0.2164 (Simulation time: 00 hr 02 min 04 sec)
Heartbeat CPU 0 instructions: 18500099 cycles: 41669552 heartbeat IPC: 0.2046 cumulative IPC: 0.2156 (Simulation time: 00 hr 02 min 11 sec)
Heartbeat CPU 0 instructions: 19000100 cycles: 44132680 heartbeat IPC: 0.203 cumulative IPC: 0.2149 (Simulation time: 00 hr 02 min 17 sec)
Heartbeat CPU 0 instructions: 19500100 cycles: 46585773 heartbeat IPC: 0.2038 cumulative IPC: 0.2143 (Simulation time: 00 hr 02 min 24 sec)
Heartbeat CPU 0 instructions: 20000102 cycles: 49045313 heartbeat IPC: 0.2033 cumulative IPC: 0.2137 (Simulation time: 00 hr 02 min 31 sec)
Heartbeat CPU 0 instructions: 20500102 cycles: 51518665 heartbeat IPC: 0.2022 cumulative IPC: 0.2131 (Simulation time: 00 hr 02 min 38 sec)
Heartbeat CPU 0 instructions: 21000102 cycles: 53997339 heartbeat IPC: 0.2017 cumulative IPC: 0.2126 (Simulation time: 00 hr 02 min 44 sec)
Heartbeat CPU 0 instructions: 21500102 cycles: 56466194 heartbeat IPC: 0.2025 cumulative IPC: 0.2121 (Simulation time: 00 hr 02 min 51 sec)
Heartbeat CPU 0 instructions: 22000107 cycles: 58945237 heartbeat IPC: 0.2017 cumulative IPC: 0.2117 (Simulation time: 00 hr 02 min 58 sec)
Heartbeat CPU 0 instructions: 22500108 cycles: 61434061 heartbeat IPC: 0.2009 cumulative IPC: 0.2112 (Simulation time: 00 hr 03 min 05 sec)
Heartbeat CPU 0 instructions: 23000114 cycles: 63902715 heartbeat IPC: 0.2025 cumulative IPC: 0.2109 (Simulation time: 00 hr 03 min 11 sec)
Heartbeat CPU 0 instructions: 23500118 cycles: 66387978 heartbeat IPC: 0.2012 cumulative IPC: 0.2105 (Simulation time: 00 hr 03 min 18 sec)
Heartbeat CPU 0 instructions: 24000121 cycles: 68846258 heartbeat IPC: 0.2034 cumulative IPC: 0.2102 (Simulation time: 00 hr 03 min 25 sec)
Heartbeat CPU 0 instructions: 24500123 cycles: 71341880 heartbeat IPC: 0.2004 cumulative IPC: 0.2099 (Simulation time: 00 hr 03 min 32 sec)
Heartbeat CPU 0 instructions: 25000123 cycles: 73807400 heartbeat IPC: 0.2028 cumulative IPC: 0.2096 (Simulation time: 00 hr 03 min 38 sec)
Heartbeat CPU 0 instructions: 25500128 cycles: 76296092 heartbeat IPC: 0.2009 cumulative IPC: 0.2093 (Simulation time: 00 hr 03 min 45 sec)
Heartbeat CPU 0 instructions: 26000128 cycles: 78765519 heartbeat IPC: 0.2025 cumulative IPC: 0.2091 (Simulation time: 00 hr 03 min 52 sec)
Heartbeat CPU 0 instructions: 26500129 cycles: 81260733 heartbeat IPC: 0.2004 cumulative IPC: 0.2088 (Simulation time: 00 hr 03 min 59 sec)
Heartbeat CPU 0 instructions: 27000129 cycles: 83746318 heartbeat IPC: 0.2012 cumulative IPC: 0.2086 (Simulation time: 00 hr 04 min 05 sec)
Heartbeat CPU 0 instructions: 27500130 cycles: 86227538 heartbeat IPC: 0.2015 cumulative IPC: 0.2084 (Simulation time: 00 hr 04 min 12 sec)
Heartbeat CPU 0 instructions: 28000130 cycles: 88696951 heartbeat IPC: 0.2025 cumulative IPC: 0.2082 (Simulation time: 00 hr 19 min 58 sec)
Heartbeat CPU 0 instructions: 28500132 cycles: 91180877 heartbeat IPC: 0.2013 cumulative IPC: 0.208 (Simulation time: 00 hr 20 min 04 sec)
Heartbeat CPU 0 instructions: 29000135 cycles: 93663031 heartbeat IPC: 0.2014 cumulative IPC: 0.2078 (Simulation time: 00 hr 20 min 10 sec)
Heartbeat CPU 0 instructions: 29500135 cycles: 96167492 heartbeat IPC: 0.1996 cumulative IPC: 0.2076 (Simulation time: 00 hr 20 min 17 sec)
Heartbeat CPU 0 instructions: 30000135 cycles: 98644230 heartbeat IPC: 0.2019 cumulative IPC: 0.2075 (Simulation time: 00 hr 20 min 23 sec)
Heartbeat CPU 0 instructions: 30500139 cycles: 101128544 heartbeat IPC: 0.2013 cumulative IPC: 0.2073 (Simulation time: 00 hr 20 min 29 sec)
Heartbeat CPU 0 instructions: 31000139 cycles: 103618511 heartbeat IPC: 0.2008 cumulative IPC: 0.2072 (Simulation time: 00 hr 20 min 36 sec)
Heartbeat CPU 0 instructions: 31500139 cycles: 106091131 heartbeat IPC: 0.2022 cumulative IPC: 0.207 (Simulation time: 00 hr 35 min 45 sec)
Heartbeat CPU 0 instructions: 32000144 cycles: 108561559 heartbeat IPC: 0.2024 cumulative IPC: 0.2069 (Simulation time: 00 hr 35 min 51 sec)
Heartbeat CPU 0 instructions: 32500149 cycles: 111057748 heartbeat IPC: 0.2003 cumulative IPC: 0.2068 (Simulation time: 00 hr 35 min 57 sec)
Heartbeat CPU 0 instructions: 33000150 cycles: 113542409 heartbeat IPC: 0.2012 cumulative IPC: 0.2067 (Simulation time: 00 hr 36 min 04 sec)
Heartbeat CPU 0 instructions: 33500150 cycles: 116038941 heartbeat IPC: 0.2003 cumulative IPC: 0.2065 (Simulation time: 00 hr 36 min 10 sec)
Heartbeat CPU 0 instructions: 34000151 cycles: 118554762 heartbeat IPC: 0.1987 cumulative IPC: 0.2064 (Simulation time: 00 hr 36 min 16 sec)
Heartbeat CPU 0 instructions: 34500155 cycles: 121065400 heartbeat IPC: 0.1992 cumulative IPC: 0.2062 (Simulation time: 00 hr 36 min 23 sec)
Heartbeat CPU 0 instructions: 35000156 cycles: 123547890 heartbeat IPC: 0.2014 cumulative IPC: 0.2061 (Simulation time: 00 hr 36 min 29 sec)
Heartbeat CPU 0 instructions: 35500156 cycles: 126049959 heartbeat IPC: 0.1998 cumulative IPC: 0.206 (Simulation time: 00 hr 36 min 35 sec)
Heartbeat CPU 0 instructions: 36000156 cycles: 128534480 heartbeat IPC: 0.2012 cumulative IPC: 0.2059 (Simulation time: 00 hr 36 min 42 sec)
Heartbeat CPU 0 instructions: 36500157 cycles: 131033494 heartbeat IPC: 0.2001 cumulative IPC: 0.2058 (Simulation time: 00 hr 51 min 50 sec)
Heartbeat CPU 0 instructions: 37000160 cycles: 133537770 heartbeat IPC: 0.1997 cumulative IPC: 0.2057 (Simulation time: 00 hr 51 min 57 sec)
Heartbeat CPU 0 instructions: 37500160 cycles: 136024593 heartbeat IPC: 0.2011 cumulative IPC: 0.2056 (Simulation time: 00 hr 52 min 03 sec)
Heartbeat CPU 0 instructions: 38000167 cycles: 138529587 heartbeat IPC: 0.1996 cumulative IPC: 0.2055 (Simulation time: 00 hr 52 min 09 sec)
Heartbeat CPU 0 instructions: 38500171 cycles: 141728078 heartbeat IPC: 0.1563 cumulative IPC: 0.2043 (Simulation time: 00 hr 52 min 17 sec)
Heartbeat CPU 0 instructions: 39000171 cycles: 144880215 heartbeat IPC: 0.1586 cumulative IPC: 0.2033 (Simulation time: 00 hr 52 min 25 sec)
Heartbeat CPU 0 instructions: 39500174 cycles: 147980016 heartbeat IPC: 0.1613 cumulative IPC: 0.2024 (Simulation time: 01 hr 06 min 22 sec)
Heartbeat CPU 0 instructions: 40000181 cycles: 151082752 heartbeat IPC: 0.1612 cumulative IPC: 0.2016 (Simulation time: 01 hr 06 min 30 sec)
Heartbeat CPU 0 instructions: 40500183 cycles: 154211077 heartbeat IPC: 0.1598 cumulative IPC: 0.2007 (Simulation time: 01 hr 06 min 38 sec)
Heartbeat CPU 0 instructions: 41000186 cycles: 157291152 heartbeat IPC: 0.1623 cumulative IPC: 0.1999 (Simulation time: 01 hr 06 min 46 sec)
Heartbeat CPU 0 instructions: 41500187 cycles: 160399632 heartbeat IPC: 0.1609 cumulative IPC: 0.1992 (Simulation time: 01 hr 06 min 53 sec)
Heartbeat CPU 0 instructions: 42000189 cycles: 163513387 heartbeat IPC: 0.1606 cumulative IPC: 0.1984 (Simulation time: 01 hr 07 min 01 sec)
Heartbeat CPU 0 instructions: 42500189 cycles: 166645111 heartbeat IPC: 0.1597 cumulative IPC: 0.1977 (Simulation time: 01 hr 23 min 17 sec)
Heartbeat CPU 0 instructions: 43000189 cycles: 169791517 heartbeat IPC: 0.1589 cumulative IPC: 0.197 (Simulation time: 01 hr 23 min 24 sec)
Heartbeat CPU 0 instructions: 43500189 cycles: 172918189 heartbeat IPC: 0.1599 cumulative IPC: 0.1963 (Simulation time: 01 hr 23 min 32 sec)
Heartbeat CPU 0 instructions: 44000194 cycles: 176054922 heartbeat IPC: 0.1594 cumulative IPC: 0.1956 (Simulation time: 01 hr 23 min 40 sec)
Heartbeat CPU 0 instructions: 44500201 cycles: 179166043 heartbeat IPC: 0.1607 cumulative IPC: 0.195 (Simulation time: 01 hr 23 min 48 sec)
Heartbeat CPU 0 instructions: 45000203 cycles: 182314747 heartbeat IPC: 0.1588 cumulative IPC: 0.1944 (Simulation time: 01 hr 23 min 56 sec)
Heartbeat CPU 0 instructions: 45500203 cycles: 185431897 heartbeat IPC: 0.1604 cumulative IPC: 0.1938 (Simulation time: 01 hr 41 min 08 sec)
Heartbeat CPU 0 instructions: 46000203 cycles: 188570025 heartbeat IPC: 0.1593 cumulative IPC: 0.1932 (Simulation time: 01 hr 41 min 16 sec)
Heartbeat CPU 0 instructions: 46500207 cycles: 191710030 heartbeat IPC: 0.1592 cumulative IPC: 0.1927 (Simulation time: 01 hr 41 min 24 sec)
Heartbeat CPU 0 instructions: 47000212 cycles: 194805498 heartbeat IPC: 0.1615 cumulative IPC: 0.1922 (Simulation time: 01 hr 41 min 31 sec)
Heartbeat CPU 0 instructions: 47500212 cycles: 197931101 heartbeat IPC: 0.16 cumulative IPC: 0.1916 (Simulation time: 01 hr 41 min 39 sec)
Heartbeat CPU 0 instructions: 48000212 cycles: 201056647 heartbeat IPC: 0.16 cumulative IPC: 0.1911 (Simulation time: 01 hr 41 min 47 sec)
Heartbeat CPU 0 instructions: 48500216 cycles: 204192684 heartbeat IPC: 0.1594 cumulative IPC: 0.1906 (Simulation time: 01 hr 57 min 48 sec)
Heartbeat CPU 0 instructions: 49000216 cycles: 207320177 heartbeat IPC: 0.1599 cumulative IPC: 0.1902 (Simulation time: 01 hr 57 min 56 sec)
Heartbeat CPU 0 instructions: 49500216 cycles: 210406001 heartbeat IPC: 0.162 cumulative IPC: 0.1898 (Simulation time: 01 hr 58 min 04 sec)
Heartbeat CPU 0 instructions: 50000217 cycles: 213260442 heartbeat IPC: 0.1752 cumulative IPC: 0.1896 (Simulation time: 01 hr 58 min 11 sec)
Heartbeat CPU 0 instructions: 50500217 cycles: 215927728 heartbeat IPC: 0.1875 cumulative IPC: 0.1895 (Simulation time: 01 hr 58 min 18 sec)
Heartbeat CPU 0 instructions: 51000217 cycles: 218536138 heartbeat IPC: 0.1917 cumulative IPC: 0.1896 (Simulation time: 01 hr 58 min 24 sec)
Heartbeat CPU 0 instructions: 51500218 cycles: 221180004 heartbeat IPC: 0.1891 cumulative IPC: 0.1896 (Simulation time: 02 hr 00 min 02 sec)
Heartbeat CPU 0 instructions: 52000220 cycles: 223762680 heartbeat IPC: 0.1936 cumulative IPC: 0.1896 (Simulation time: 02 hr 00 min 09 sec)
Heartbeat CPU 0 instructions: 52500220 cycles: 226270160 heartbeat IPC: 0.1994 cumulative IPC: 0.1897 (Simulation time: 02 hr 00 min 15 sec)
Heartbeat CPU 0 instructions: 53000221 cycles: 228836023 heartbeat IPC: 0.1949 cumulative IPC: 0.1898 (Simulation time: 02 hr 00 min 21 sec)
Heartbeat CPU 0 instructions: 53500221 cycles: 231313053 heartbeat IPC: 0.2019 cumulative IPC: 0.1899 (Simulation time: 02 hr 00 min 27 sec)
Heartbeat CPU 0 instructions: 54000223 cycles: 233793868 heartbeat IPC: 0.2015 cumulative IPC: 0.19 (Simulation time: 02 hr 00 min 34 sec)
Heartbeat CPU 0 instructions: 54500223 cycles: 236186686 heartbeat IPC: 0.209 cumulative IPC: 0.1902 (Simulation time: 02 hr 00 min 40 sec)
Heartbeat CPU 0 instructions: 55000223 cycles: 238494347 heartbeat IPC: 0.2167 cumulative IPC: 0.1905 (Simulation time: 02 hr 00 min 45 sec)
Heartbeat CPU 0 instructions: 55500223 cycles: 240816365 heartbeat IPC: 0.2153 cumulative IPC: 0.1907 (Simulation time: 02 hr 16 min 07 sec)
Heartbeat CPU 0 instructions: 56000223 cycles: 243089955 heartbeat IPC: 0.2199 cumulative IPC: 0.191 (Simulation time: 02 hr 16 min 13 sec)
Heartbeat CPU 0 instructions: 56500223 cycles: 245346422 heartbeat IPC: 0.2216 cumulative IPC: 0.1913 (Simulation time: 02 hr 16 min 18 sec)
Heartbeat CPU 0 instructions: 57000223 cycles: 247573696 heartbeat IPC: 0.2245 cumulative IPC: 0.1916 (Simulation time: 02 hr 16 min 24 sec)
Heartbeat CPU 0 instructions: 57500224 cycles: 249779003 heartbeat IPC: 0.2267 cumulative IPC: 0.1919 (Simulation time: 02 hr 16 min 29 sec)
Heartbeat CPU 0 instructions: 58000226 cycles: 251989972 heartbeat IPC: 0.2261 cumulative IPC: 0.1922 (Simulation time: 02 hr 16 min 35 sec)
Heartbeat CPU 0 instructions: 58500229 cycles: 254202802 heartbeat IPC: 0.226 cumulative IPC: 0.1925 (Simulation time: 02 hr 16 min 41 sec)
Heartbeat CPU 0 instructions: 59000229 cycles: 256408430 heartbeat IPC: 0.2267 cumulative IPC: 0.1928 (Simulation time: 02 hr 16 min 46 sec)
Heartbeat CPU 0 instructions: 59500229 cycles: 257162397 heartbeat IPC: 0.6632 cumulative IPC: 0.1942 (Simulation time: 02 hr 33 min 02 sec)
Simulation finished CPU 0 instructions: 50000006 cycles: 255014519 cumulative IPC: 0.1961 (Simulation time: 02 hr 33 min 03 sec)
Simulation complete CPU 0 instructions: 50000006 cycles: 255014519 cumulative IPC: 0.1961 (Simulation time: 02 hr 33 min 03 sec)

ChampSim completed all CPUs

=== Simulation ===
CPU 0 runs traces/GAP/bfs-14.trace

Region of Interest Statistics

CPU 0 cumulative IPC: 0.1961 instructions: 50000006 cycles: 255014519
CPU 0 Branch Prediction Accuracy: 78.82% MPKI: 43.94 Average ROB Occupancy at Mispredict: 3.518
Branch type MPKI
BRANCH_DIRECT_JUMP: 0.00018
BRANCH_INDIRECT: 0
BRANCH_CONDITIONAL: 43.94
BRANCH_DIRECT_CALL: 0.0004
BRANCH_INDIRECT_CALL: 0
BRANCH_RETURN: 0.00044

cpu0->cpu0_STLB TOTAL        ACCESS:      67060 HIT:      10769 MISS:      56291 MSHR_MERGE:          0
cpu0->cpu0_STLB LOAD         ACCESS:      67060 HIT:      10769 MISS:      56291 MSHR_MERGE:          0
cpu0->cpu0_STLB RFO          ACCESS:          0 HIT:          0 MISS:          0 MSHR_MERGE:          0
cpu0->cpu0_STLB PREFETCH     ACCESS:          0 HIT:          0 MISS:          0 MSHR_MERGE:          0
cpu0->cpu0_STLB WRITE        ACCESS:          0 HIT:          0 MISS:          0 MSHR_MERGE:          0
cpu0->cpu0_STLB TRANSLATION  ACCESS:          0 HIT:          0 MISS:          0 MSHR_MERGE:          0
cpu0->cpu0_STLB PREFETCH REQUESTED:          0 ISSUED:          0 USEFUL:          0 USELESS:          0
cpu0->cpu0_STLB AVERAGE MISS LATENCY: 136 cycles
cpu0->cpu0_L2C TOTAL        ACCESS:    1884075 HIT:     854869 MISS:    1029206 MSHR_MERGE:          0
cpu0->cpu0_L2C LOAD         ACCESS:    1698416 HIT:     687238 MISS:    1011178 MSHR_MERGE:          0
cpu0->cpu0_L2C RFO          ACCESS:      14047 HIT:       5664 MISS:       8383 MSHR_MERGE:          0
cpu0->cpu0_L2C PREFETCH     ACCESS:          0 HIT:          0 MISS:          0 MSHR_MERGE:          0
cpu0->cpu0_L2C WRITE        ACCESS:     160143 HIT:     160141 MISS:          2 MSHR_MERGE:          0
cpu0->cpu0_L2C TRANSLATION  ACCESS:      11469 HIT:       1826 MISS:       9643 MSHR_MERGE:          0
cpu0->cpu0_L2C PREFETCH REQUESTED:          0 ISSUED:          0 USEFUL:          0 USELESS:          0
cpu0->cpu0_L2C AVERAGE MISS LATENCY: 205 cycles
cpu0->cpu0_L1I TOTAL        ACCESS:     241865 HIT:     241819 MISS:         46 MSHR_MERGE:          4
cpu0->cpu0_L1I LOAD         ACCESS:     241865 HIT:     241819 MISS:         46 MSHR_MERGE:          4
cpu0->cpu0_L1I RFO          ACCESS:          0 HIT:          0 MISS:          0 MSHR_MERGE:          0
cpu0->cpu0_L1I PREFETCH     ACCESS:          0 HIT:          0 MISS:          0 MSHR_MERGE:          0
cpu0->cpu0_L1I WRITE        ACCESS:          0 HIT:          0 MISS:          0 MSHR_MERGE:          0
cpu0->cpu0_L1I TRANSLATION  ACCESS:          0 HIT:          0 MISS:          0 MSHR_MERGE:          0
cpu0->cpu0_L1I PREFETCH REQUESTED:          0 ISSUED:          0 USEFUL:          0 USELESS:          0
cpu0->cpu0_L1I AVERAGE MISS LATENCY: 223 cycles
cpu0->cpu0_L1D TOTAL        ACCESS:   13246701 HIT:   11118225 MISS:    2128476 MSHR_MERGE:     404586
cpu0->cpu0_L1D LOAD         ACCESS:   11738711 HIT:    9678368 MISS:    2060343 MSHR_MERGE:     361969
cpu0->cpu0_L1D RFO          ACCESS:          0 HIT:          0 MISS:          0 MSHR_MERGE:          0
cpu0->cpu0_L1D PREFETCH     ACCESS:          0 HIT:          0 MISS:          0 MSHR_MERGE:          0
cpu0->cpu0_L1D WRITE        ACCESS:    1395375 HIT:    1338850 MISS:      56525 MSHR_MERGE:      42478
cpu0->cpu0_L1D TRANSLATION  ACCESS:     112615 HIT:     101007 MISS:      11608 MSHR_MERGE:        139
cpu0->cpu0_L1D PREFETCH REQUESTED:          0 ISSUED:          0 USEFUL:          0 USELESS:          0
cpu0->cpu0_L1D AVERAGE MISS LATENCY: 131 cycles
cpu0->cpu0_ITLB TOTAL        ACCESS:     236315 HIT:     236313 MISS:          2 MSHR_MERGE:          1
cpu0->cpu0_ITLB LOAD         ACCESS:     236315 HIT:     236313 MISS:          2 MSHR_MERGE:          1
cpu0->cpu0_ITLB RFO          ACCESS:          0 HIT:          0 MISS:          0 MSHR_MERGE:          0
cpu0->cpu0_ITLB PREFETCH     ACCESS:          0 HIT:          0 MISS:          0 MSHR_MERGE:          0
cpu0->cpu0_ITLB WRITE        ACCESS:          0 HIT:          0 MISS:          0 MSHR_MERGE:          0
cpu0->cpu0_ITLB TRANSLATION  ACCESS:          0 HIT:          0 MISS:          0 MSHR_MERGE:          0
cpu0->cpu0_ITLB PREFETCH REQUESTED:          0 ISSUED:          0 USEFUL:          0 USELESS:          0
cpu0->cpu0_ITLB AVERAGE MISS LATENCY: 579 cycles
cpu0->cpu0_DTLB TOTAL        ACCESS:   13120756 HIT:   13032715 MISS:      88041 MSHR_MERGE:      20982
cpu0->cpu0_DTLB LOAD         ACCESS:   13120756 HIT:   13032715 MISS:      88041 MSHR_MERGE:      20982
cpu0->cpu0_DTLB RFO          ACCESS:          0 HIT:          0 MISS:          0 MSHR_MERGE:          0
cpu0->cpu0_DTLB PREFETCH     ACCESS:          0 HIT:          0 MISS:          0 MSHR_MERGE:          0
cpu0->cpu0_DTLB WRITE        ACCESS:          0 HIT:          0 MISS:          0 MSHR_MERGE:          0
cpu0->cpu0_DTLB TRANSLATION  ACCESS:          0 HIT:          0 MISS:          0 MSHR_MERGE:          0
cpu0->cpu0_DTLB PREFETCH REQUESTED:          0 ISSUED:          0 USEFUL:          0 USELESS:          0
cpu0->cpu0_DTLB AVERAGE MISS LATENCY: 120 cycles
cpu0->LLC TOTAL        ACCESS:    1186725 HIT:     109495 MISS:    1077230 MSHR_MERGE:          0
cpu0->LLC LOAD         ACCESS:    1011178 HIT:      62502 MISS:     948676 MSHR_MERGE:          0
cpu0->LLC RFO          ACCESS:       8383 HIT:        189 MISS:       8194 MSHR_MERGE:          0
cpu0->LLC PREFETCH     ACCESS:          0 HIT:          0 MISS:          0 MSHR_MERGE:          0
cpu0->LLC WRITE        ACCESS:     157521 HIT:      46745 MISS:     110776 MSHR_MERGE:          0
cpu0->LLC TRANSLATION  ACCESS:       9643 HIT:         59 MISS:       9584 MSHR_MERGE:          0
cpu0->LLC PREFETCH REQUESTED:          0 ISSUED:          0 USEFUL:          0 USELESS:          0
cpu0->LLC AVERAGE MISS LATENCY: 175.7 cycles

DRAM Statistics

Channel 0 RQ ROW_BUFFER_HIT:      26138
  ROW_BUFFER_MISS:     940307
  AVG DBUS CONGESTED CYCLE: 31.3
Channel 0 WQ ROW_BUFFER_HIT:      26793
  ROW_BUFFER_MISS:     108495
  FULL:        141
Channel 0 REFRESHES ISSUED:      21250
