[VMEM] WARNING: physical memory size is smaller than virtual memory size.

*** ChampSim Multicore Out-of-Order Simulator ***
Warmup Instructions: 10000000
Simulation Instructions: 50000000
Number of CPUs: 1
Page size: 4096
Core 0: traces/bfs-14.trace.gz
Off-chip DRAM Size: 64 GiB Channels: 1 Width: 64-bit Data Rate: 4807 MT/s
Heartbeat CPU 0 instructions: 500006 cycles: 116615 heartbeat IPC: 4.288 cumulative IPC: 4.288 (Simulation time: 00 hr 00 min 01 sec)
Heartbeat CPU 0 instructions: 1000009 cycles: 228938 heartbeat IPC: 4.451 cumulative IPC: 4.368 (Simulation time: 00 hr 00 min 02 sec)
Heartbeat CPU 0 instructions: 1500014 cycles: 341382 heartbeat IPC: 4.447 cumulative IPC: 4.394 (Simulation time: 00 hr 00 min 03 sec)
Heartbeat CPU 0 instructions: 2000018 cycles: 453462 heartbeat IPC: 4.461 cumulative IPC: 4.411 (Simulation time: 00 hr 00 min 04 sec)
Heartbeat CPU 0 instructions: 2500022 cycles: 565790 heartbeat IPC: 4.451 cumulative IPC: 4.419 (Simulation time: 00 hr 00 min 05 sec)
Heartbeat CPU 0 instructions: 3000023 cycles: 678097 heartbeat IPC: 4.452 cumulative IPC: 4.424 (Simulation time: 00 hr 00 min 06 sec)
Heartbeat CPU 0 instructions: 3500024 cycles: 790244 heartbeat IPC: 4.458 cumulative IPC: 4.429 (Simulation time: 00 hr 00 min 07 sec)
Heartbeat CPU 0 instructions: 4000031 cycles: 902960 heartbeat IPC: 4.436 cumulative IPC: 4.43 (Simulation time: 00 hr 00 min 09 sec)
Heartbeat CPU 0 instructions: 4500037 cycles: 1015404 heartbeat IPC: 4.447 cumulative IPC: 4.432 (Simulation time: 00 hr 00 min 10 sec)
Heartbeat CPU 0 instructions: 5000038 cycles: 1127573 heartbeat IPC: 4.458 cumulative IPC: 4.434 (Simulation time: 00 hr 00 min 11 sec)
Heartbeat CPU 0 instructions: 5500039 cycles: 1239909 heartbeat IPC: 4.451 cumulative IPC: 4.436 (Simulation time: 00 hr 00 min 12 sec)
Heartbeat CPU 0 instructions: 6000041 cycles: 1352366 heartbeat IPC: 4.446 cumulative IPC: 4.437 (Simulation time: 00 hr 00 min 13 sec)
Heartbeat CPU 0 instructions: 6500046 cycles: 1464332 heartbeat IPC: 4.466 cumulative IPC: 4.439 (Simulation time: 00 hr 00 min 14 sec)
Heartbeat CPU 0 instructions: 7000049 cycles: 1576605 heartbeat IPC: 4.453 cumulative IPC: 4.44 (Simulation time: 00 hr 00 min 15 sec)
Heartbeat CPU 0 instructions: 7500051 cycles: 1688863 heartbeat IPC: 4.454 cumulative IPC: 4.441 (Simulation time: 00 hr 00 min 16 sec)
Heartbeat CPU 0 instructions: 8000054 cycles: 1800880 heartbeat IPC: 4.464 cumulative IPC: 4.442 (Simulation time: 00 hr 00 min 17 sec)
Heartbeat CPU 0 instructions: 8500058 cycles: 1913490 heartbeat IPC: 4.44 cumulative IPC: 4.442 (Simulation time: 00 hr 00 min 18 sec)
Heartbeat CPU 0 instructions: 9000065 cycles: 2025775 heartbeat IPC: 4.453 cumulative IPC: 4.443 (Simulation time: 00 hr 00 min 19 sec)
Heartbeat CPU 0 instructions: 9500072 cycles: 2138427 heartbeat IPC: 4.439 cumulative IPC: 4.443 (Simulation time: 00 hr 00 min 20 sec)
Warmup finished CPU 0 instructions: 10000005 cycles: 2250662 cumulative IPC: 4.443 (Simulation time: 00 hr 00 min 21 sec)
Warmup complete CPU 0 instructions: 10000005 cycles: 2250662 cumulative IPC: 4.443 (Simulation time: 00 hr 00 min 21 sec)
Heartbeat CPU 0 instructions: 10000077 cycles: 2250671 heartbeat IPC: 4.455 cumulative IPC: 8 (Simulation time: 00 hr 00 min 21 sec)
Heartbeat CPU 0 instructions: 10500084 cycles: 3028444 heartbeat IPC: 0.6429 cumulative IPC: 0.643 (Simulation time: 00 hr 00 min 25 sec)
Heartbeat CPU 0 instructions: 11000085 cycles: 3837709 heartbeat IPC: 0.6178 cumulative IPC: 0.6302 (Simulation time: 00 hr 00 min 28 sec)
Heartbeat CPU 0 instructions: 11500085 cycles: 5694714 heartbeat IPC: 0.2693 cumulative IPC: 0.4356 (Simulation time: 00 hr 00 min 34 sec)
Heartbeat CPU 0 instructions: 12000085 cycles: 7554264 heartbeat IPC: 0.2689 cumulative IPC: 0.3771 (Simulation time: 00 hr 00 min 39 sec)
Heartbeat CPU 0 instructions: 12500087 cycles: 9411166 heartbeat IPC: 0.2693 cumulative IPC: 0.3491 (Simulation time: 00 hr 00 min 45 sec)
Heartbeat CPU 0 instructions: 13000087 cycles: 11249264 heartbeat IPC: 0.272 cumulative IPC: 0.3334 (Simulation time: 00 hr 00 min 50 sec)
Heartbeat CPU 0 instructions: 13500090 cycles: 13099510 heartbeat IPC: 0.2702 cumulative IPC: 0.3226 (Simulation time: 00 hr 00 min 56 sec)
Heartbeat CPU 0 instructions: 14000091 cycles: 14944279 heartbeat IPC: 0.271 cumulative IPC: 0.3151 (Simulation time: 00 hr 01 min 01 sec)
Heartbeat CPU 0 instructions: 14500092 cycles: 16794070 heartbeat IPC: 0.2703 cumulative IPC: 0.3094 (Simulation time: 00 hr 01 min 07 sec)
Heartbeat CPU 0 instructions: 15000093 cycles: 18609371 heartbeat IPC: 0.2754 cumulative IPC: 0.3057 (Simulation time: 00 hr 01 min 12 sec)
Heartbeat CPU 0 instructions: 15500099 cycles: 20453453 heartbeat IPC: 0.2711 cumulative IPC: 0.3022 (Simulation time: 00 hr 01 min 17 sec)
Heartbeat CPU 0 instructions: 16000099 cycles: 22286628 heartbeat IPC: 0.2728 cumulative IPC: 0.2995 (Simulation time: 00 hr 01 min 23 sec)
Heartbeat CPU 0 instructions: 16500099 cycles: 24123866 heartbeat IPC: 0.2721 cumulative IPC: 0.2972 (Simulation time: 00 hr 01 min 28 sec)
Heartbeat CPU 0 instructions: 17000099 cycles: 25969128 heartbeat IPC: 0.271 cumulative IPC: 0.2951 (Simulation time: 00 hr 01 min 34 sec)
Heartbeat CPU 0 instructions: 17500099 cycles: 27779977 heartbeat IPC: 0.2761 cumulative IPC: 0.2938 (Simulation time: 00 hr 01 min 39 sec)
Heartbeat CPU 0 instructions: 18000099 cycles: 29593193 heartbeat IPC: 0.2758 cumulative IPC: 0.2926 (Simulation time: 00 hr 01 min 44 sec)
Heartbeat CPU 0 instructions: 18500099 cycles: 31417849 heartbeat IPC: 0.274 cumulative IPC: 0.2914 (Simulation time: 00 hr 01 min 50 sec)
Heartbeat CPU 0 instructions: 19000100 cycles: 33256800 heartbeat IPC: 0.2719 cumulative IPC: 0.2903 (Simulation time: 00 hr 01 min 55 sec)
Heartbeat CPU 0 instructions: 19500100 cycles: 35074871 heartbeat IPC: 0.275 cumulative IPC: 0.2894 (Simulation time: 00 hr 02 min 00 sec)
Heartbeat CPU 0 instructions: 20000102 cycles: 36929481 heartbeat IPC: 0.2696 cumulative IPC: 0.2884 (Simulation time: 00 hr 02 min 06 sec)
Heartbeat CPU 0 instructions: 20500102 cycles: 38774236 heartbeat IPC: 0.271 cumulative IPC: 0.2875 (Simulation time: 00 hr 02 min 11 sec)
Heartbeat CPU 0 instructions: 21000102 cycles: 40634013 heartbeat IPC: 0.2688 cumulative IPC: 0.2866 (Simulation time: 00 hr 02 min 17 sec)
Heartbeat CPU 0 instructions: 21500102 cycles: 42487210 heartbeat IPC: 0.2698 cumulative IPC: 0.2858 (Simulation time: 00 hr 02 min 22 sec)
Heartbeat CPU 0 instructions: 22000107 cycles: 44344415 heartbeat IPC: 0.2692 cumulative IPC: 0.2851 (Simulation time: 00 hr 02 min 28 sec)
Heartbeat CPU 0 instructions: 22500108 cycles: 46216248 heartbeat IPC: 0.2671 cumulative IPC: 0.2843 (Simulation time: 00 hr 02 min 33 sec)
Heartbeat CPU 0 instructions: 23000114 cycles: 48054525 heartbeat IPC: 0.272 cumulative IPC: 0.2838 (Simulation time: 00 hr 02 min 39 sec)
Heartbeat CPU 0 instructions: 23500118 cycles: 49891389 heartbeat IPC: 0.2722 cumulative IPC: 0.2834 (Simulation time: 00 hr 02 min 44 sec)
Heartbeat CPU 0 instructions: 24000121 cycles: 51727324 heartbeat IPC: 0.2723 cumulative IPC: 0.283 (Simulation time: 00 hr 02 min 50 sec)
Heartbeat CPU 0 instructions: 24500123 cycles: 53579868 heartbeat IPC: 0.2699 cumulative IPC: 0.2825 (Simulation time: 00 hr 02 min 55 sec)
Heartbeat CPU 0 instructions: 25000123 cycles: 55390662 heartbeat IPC: 0.2761 cumulative IPC: 0.2823 (Simulation time: 00 hr 03 min 00 sec)
Heartbeat CPU 0 instructions: 25500128 cycles: 57255371 heartbeat IPC: 0.2681 cumulative IPC: 0.2818 (Simulation time: 00 hr 03 min 06 sec)
Heartbeat CPU 0 instructions: 26000128 cycles: 59077975 heartbeat IPC: 0.2743 cumulative IPC: 0.2816 (Simulation time: 00 hr 03 min 11 sec)
Heartbeat CPU 0 instructions: 26500129 cycles: 60925560 heartbeat IPC: 0.2706 cumulative IPC: 0.2812 (Simulation time: 00 hr 03 min 17 sec)
Heartbeat CPU 0 instructions: 27000129 cycles: 62759766 heartbeat IPC: 0.2726 cumulative IPC: 0.281 (Simulation time: 00 hr 03 min 22 sec)
Heartbeat CPU 0 instructions: 27500130 cycles: 64617767 heartbeat IPC: 0.2691 cumulative IPC: 0.2806 (Simulation time: 00 hr 03 min 27 sec)
Heartbeat CPU 0 instructions: 28000130 cycles: 66451758 heartbeat IPC: 0.2726 cumulative IPC: 0.2804 (Simulation time: 00 hr 03 min 33 sec)
Heartbeat CPU 0 instructions: 28500132 cycles: 68294657 heartbeat IPC: 0.2713 cumulative IPC: 0.2801 (Simulation time: 00 hr 03 min 38 sec)
Heartbeat CPU 0 instructions: 29000135 cycles: 70124148 heartbeat IPC: 0.2733 cumulative IPC: 0.2799 (Simulation time: 00 hr 03 min 44 sec)
Heartbeat CPU 0 instructions: 29500135 cycles: 72000472 heartbeat IPC: 0.2665 cumulative IPC: 0.2796 (Simulation time: 00 hr 03 min 49 sec)
Heartbeat CPU 0 instructions: 30000135 cycles: 73842258 heartbeat IPC: 0.2715 cumulative IPC: 0.2794 (Simulation time: 00 hr 03 min 55 sec)
Heartbeat CPU 0 instructions: 30500139 cycles: 75673585 heartbeat IPC: 0.273 cumulative IPC: 0.2792 (Simulation time: 00 hr 04 min 00 sec)
Heartbeat CPU 0 instructions: 31000139 cycles: 77520939 heartbeat IPC: 0.2707 cumulative IPC: 0.279 (Simulation time: 00 hr 04 min 05 sec)
Heartbeat CPU 0 instructions: 31500139 cycles: 79355993 heartbeat IPC: 0.2725 cumulative IPC: 0.2788 (Simulation time: 00 hr 04 min 11 sec)
Heartbeat CPU 0 instructions: 32000144 cycles: 81171227 heartbeat IPC: 0.2754 cumulative IPC: 0.2788 (Simulation time: 00 hr 04 min 16 sec)
Heartbeat CPU 0 instructions: 32500149 cycles: 83024277 heartbeat IPC: 0.2698 cumulative IPC: 0.2786 (Simulation time: 00 hr 04 min 22 sec)
Heartbeat CPU 0 instructions: 33000150 cycles: 84861222 heartbeat IPC: 0.2722 cumulative IPC: 0.2784 (Simulation time: 00 hr 04 min 27 sec)
Heartbeat CPU 0 instructions: 33500150 cycles: 86716627 heartbeat IPC: 0.2695 cumulative IPC: 0.2782 (Simulation time: 00 hr 04 min 33 sec)
Heartbeat CPU 0 instructions: 34000151 cycles: 88574100 heartbeat IPC: 0.2692 cumulative IPC: 0.278 (Simulation time: 00 hr 04 min 38 sec)
Heartbeat CPU 0 instructions: 34500155 cycles: 90436932 heartbeat IPC: 0.2684 cumulative IPC: 0.2778 (Simulation time: 00 hr 04 min 43 sec)
Heartbeat CPU 0 instructions: 35000156 cycles: 92265762 heartbeat IPC: 0.2734 cumulative IPC: 0.2777 (Simulation time: 00 hr 04 min 49 sec)
Heartbeat CPU 0 instructions: 35500156 cycles: 94081131 heartbeat IPC: 0.2754 cumulative IPC: 0.2777 (Simulation time: 00 hr 04 min 54 sec)
Heartbeat CPU 0 instructions: 36000156 cycles: 95902928 heartbeat IPC: 0.2745 cumulative IPC: 0.2776 (Simulation time: 00 hr 05 min 00 sec)
Heartbeat CPU 0 instructions: 36500157 cycles: 97756691 heartbeat IPC: 0.2697 cumulative IPC: 0.2775 (Simulation time: 00 hr 05 min 05 sec)
Heartbeat CPU 0 instructions: 37000160 cycles: 99589821 heartbeat IPC: 0.2728 cumulative IPC: 0.2774 (Simulation time: 00 hr 05 min 11 sec)
Heartbeat CPU 0 instructions: 37500160 cycles: 101419003 heartbeat IPC: 0.2733 cumulative IPC: 0.2773 (Simulation time: 00 hr 05 min 16 sec)
Heartbeat CPU 0 instructions: 38000167 cycles: 103257329 heartbeat IPC: 0.272 cumulative IPC: 0.2772 (Simulation time: 00 hr 05 min 21 sec)
Heartbeat CPU 0 instructions: 38500171 cycles: 105387585 heartbeat IPC: 0.2347 cumulative IPC: 0.2763 (Simulation time: 00 hr 05 min 28 sec)
Heartbeat CPU 0 instructions: 39000171 cycles: 107406542 heartbeat IPC: 0.2477 cumulative IPC: 0.2758 (Simulation time: 00 hr 05 min 34 sec)
Heartbeat CPU 0 instructions: 39500174 cycles: 109395106 heartbeat IPC: 0.2514 cumulative IPC: 0.2753 (Simulation time: 00 hr 05 min 40 sec)
Heartbeat CPU 0 instructions: 40000181 cycles: 111381354 heartbeat IPC: 0.2517 cumulative IPC: 0.2749 (Simulation time: 00 hr 05 min 46 sec)
Heartbeat CPU 0 instructions: 40500183 cycles: 113350364 heartbeat IPC: 0.2539 cumulative IPC: 0.2745 (Simulation time: 00 hr 05 min 51 sec)
Heartbeat CPU 0 instructions: 41000186 cycles: 115332457 heartbeat IPC: 0.2523 cumulative IPC: 0.2741 (Simulation time: 00 hr 05 min 57 sec)
Heartbeat CPU 0 instructions: 41500187 cycles: 117323822 heartbeat IPC: 0.2511 cumulative IPC: 0.2737 (Simulation time: 00 hr 06 min 03 sec)
Heartbeat CPU 0 instructions: 42000189 cycles: 119314400 heartbeat IPC: 0.2512 cumulative IPC: 0.2734 (Simulation time: 00 hr 06 min 09 sec)
Heartbeat CPU 0 instructions: 42500189 cycles: 121318376 heartbeat IPC: 0.2495 cumulative IPC: 0.273 (Simulation time: 00 hr 06 min 15 sec)
Heartbeat CPU 0 instructions: 43000189 cycles: 123312666 heartbeat IPC: 0.2507 cumulative IPC: 0.2726 (Simulation time: 00 hr 06 min 21 sec)
Heartbeat CPU 0 instructions: 43500189 cycles: 125276047 heartbeat IPC: 0.2547 cumulative IPC: 0.2723 (Simulation time: 00 hr 06 min 27 sec)
Heartbeat CPU 0 instructions: 44000194 cycles: 127261768 heartbeat IPC: 0.2518 cumulative IPC: 0.272 (Simulation time: 00 hr 06 min 33 sec)
Heartbeat CPU 0 instructions: 44500201 cycles: 129242474 heartbeat IPC: 0.2524 cumulative IPC: 0.2717 (Simulation time: 00 hr 06 min 39 sec)
Heartbeat CPU 0 instructions: 45000203 cycles: 131233162 heartbeat IPC: 0.2512 cumulative IPC: 0.2714 (Simulation time: 00 hr 06 min 45 sec)
Heartbeat CPU 0 instructions: 45500203 cycles: 133211750 heartbeat IPC: 0.2527 cumulative IPC: 0.2711 (Simulation time: 00 hr 06 min 51 sec)
Heartbeat CPU 0 instructions: 46000203 cycles: 135235304 heartbeat IPC: 0.2471 cumulative IPC: 0.2707 (Simulation time: 00 hr 06 min 57 sec)
Heartbeat CPU 0 instructions: 46500207 cycles: 137254003 heartbeat IPC: 0.2477 cumulative IPC: 0.2704 (Simulation time: 00 hr 07 min 03 sec)
Heartbeat CPU 0 instructions: 47000212 cycles: 139248949 heartbeat IPC: 0.2506 cumulative IPC: 0.2701 (Simulation time: 00 hr 07 min 09 sec)
Heartbeat CPU 0 instructions: 47500212 cycles: 141251386 heartbeat IPC: 0.2497 cumulative IPC: 0.2698 (Simulation time: 00 hr 07 min 15 sec)
Heartbeat CPU 0 instructions: 48000212 cycles: 143240194 heartbeat IPC: 0.2514 cumulative IPC: 0.2695 (Simulation time: 00 hr 07 min 21 sec)
Heartbeat CPU 0 instructions: 48500216 cycles: 145256528 heartbeat IPC: 0.248 cumulative IPC: 0.2692 (Simulation time: 00 hr 07 min 27 sec)
Heartbeat CPU 0 instructions: 49000218 cycles: 147254079 heartbeat IPC: 0.2503 cumulative IPC: 0.269 (Simulation time: 00 hr 07 min 33 sec)
Heartbeat CPU 0 instructions: 49500219 cycles: 149238818 heartbeat IPC: 0.2519 cumulative IPC: 0.2687 (Simulation time: 00 hr 07 min 39 sec)
Heartbeat CPU 0 instructions: 50000221 cycles: 150817056 heartbeat IPC: 0.3168 cumulative IPC: 0.2692 (Simulation time: 00 hr 07 min 43 sec)
Heartbeat CPU 0 instructions: 50500223 cycles: 151982242 heartbeat IPC: 0.4291 cumulative IPC: 0.2705 (Simulation time: 00 hr 07 min 47 sec)
Heartbeat CPU 0 instructions: 51000225 cycles: 153132041 heartbeat IPC: 0.4349 cumulative IPC: 0.2717 (Simulation time: 00 hr 07 min 51 sec)
Heartbeat CPU 0 instructions: 51500226 cycles: 154277011 heartbeat IPC: 0.4367 cumulative IPC: 0.273 (Simulation time: 00 hr 07 min 54 sec)
Heartbeat CPU 0 instructions: 52000228 cycles: 155409009 heartbeat IPC: 0.4417 cumulative IPC: 0.2742 (Simulation time: 00 hr 07 min 58 sec)
Heartbeat CPU 0 instructions: 52500231 cycles: 156525855 heartbeat IPC: 0.4477 cumulative IPC: 0.2755 (Simulation time: 00 hr 08 min 01 sec)
Heartbeat CPU 0 instructions: 53000231 cycles: 157672881 heartbeat IPC: 0.4359 cumulative IPC: 0.2767 (Simulation time: 00 hr 08 min 05 sec)
Heartbeat CPU 0 instructions: 53500232 cycles: 158780540 heartbeat IPC: 0.4514 cumulative IPC: 0.2779 (Simulation time: 00 hr 08 min 08 sec)
Heartbeat CPU 0 instructions: 54000233 cycles: 159898185 heartbeat IPC: 0.4474 cumulative IPC: 0.2791 (Simulation time: 00 hr 08 min 12 sec)
Heartbeat CPU 0 instructions: 54500233 cycles: 161013386 heartbeat IPC: 0.4483 cumulative IPC: 0.2803 (Simulation time: 00 hr 08 min 15 sec)
Heartbeat CPU 0 instructions: 55000233 cycles: 162106110 heartbeat IPC: 0.4576 cumulative IPC: 0.2815 (Simulation time: 00 hr 08 min 19 sec)
Heartbeat CPU 0 instructions: 55500234 cycles: 163196247 heartbeat IPC: 0.4587 cumulative IPC: 0.2827 (Simulation time: 00 hr 08 min 22 sec)
Heartbeat CPU 0 instructions: 56000234 cycles: 164301598 heartbeat IPC: 0.4523 cumulative IPC: 0.2839 (Simulation time: 00 hr 08 min 25 sec)
Heartbeat CPU 0 instructions: 56500234 cycles: 165409291 heartbeat IPC: 0.4514 cumulative IPC: 0.285 (Simulation time: 00 hr 08 min 29 sec)
Heartbeat CPU 0 instructions: 57000234 cycles: 166508507 heartbeat IPC: 0.4549 cumulative IPC: 0.2861 (Simulation time: 00 hr 08 min 32 sec)
Heartbeat CPU 0 instructions: 57500236 cycles: 167589238 heartbeat IPC: 0.4627 cumulative IPC: 0.2873 (Simulation time: 00 hr 08 min 36 sec)
Heartbeat CPU 0 instructions: 58000237 cycles: 168678927 heartbeat IPC: 0.4588 cumulative IPC: 0.2884 (Simulation time: 00 hr 08 min 39 sec)
Heartbeat CPU 0 instructions: 58500239 cycles: 169752987 heartbeat IPC: 0.4655 cumulative IPC: 0.2895 (Simulation time: 00 hr 08 min 42 sec)
Heartbeat CPU 0 instructions: 59000241 cycles: 170834731 heartbeat IPC: 0.4622 cumulative IPC: 0.2907 (Simulation time: 00 hr 08 min 46 sec)
Heartbeat CPU 0 instructions: 59500243 cycles: 171238995 heartbeat IPC: 1.237 cumulative IPC: 0.2929 (Simulation time: 00 hr 08 min 47 sec)
Simulation finished CPU 0 instructions: 50000006 cycles: 169088788 cumulative IPC: 0.2957 (Simulation time: 00 hr 08 min 48 sec)
Simulation complete CPU 0 instructions: 50000006 cycles: 169088788 cumulative IPC: 0.2957 (Simulation time: 00 hr 08 min 48 sec)

ChampSim completed all CPUs

=== Simulation ===
CPU 0 runs traces/bfs-14.trace.gz

Region of Interest Statistics

CPU 0 cumulative IPC: 0.2957 instructions: 50000006 cycles: 169088788
CPU 0 Branch Prediction Accuracy: 78.82% MPKI: 43.94 Average ROB Occupancy at Mispredict: 3.687
Branch type MPKI
BRANCH_DIRECT_JUMP: 0.00018
BRANCH_INDIRECT: 0
BRANCH_CONDITIONAL: 43.94
BRANCH_DIRECT_CALL: 0.0004
BRANCH_INDIRECT_CALL: 0
BRANCH_RETURN: 0.00044

cpu0->cpu0_STLB TOTAL        ACCESS:      67061 HIT:      10770 MISS:      56291 MSHR_MERGE:          0
cpu0->cpu0_STLB LOAD         ACCESS:      67061 HIT:      10770 MISS:      56291 MSHR_MERGE:          0
cpu0->cpu0_STLB RFO          ACCESS:          0 HIT:          0 MISS:          0 MSHR_MERGE:          0
cpu0->cpu0_STLB PREFETCH     ACCESS:          0 HIT:          0 MISS:          0 MSHR_MERGE:          0
cpu0->cpu0_STLB WRITE        ACCESS:          0 HIT:          0 MISS:          0 MSHR_MERGE:          0
cpu0->cpu0_STLB TRANSLATION  ACCESS:          0 HIT:          0 MISS:          0 MSHR_MERGE:          0
cpu0->cpu0_STLB PREFETCH REQUESTED:          0 ISSUED:          0 USEFUL:          0 USELESS:          0
cpu0->cpu0_STLB AVERAGE MISS LATENCY: 139 cycles
cpu0->cpu0_L2C TOTAL        ACCESS:    4395998 HIT:    3090620 MISS:    1305378 MSHR_MERGE:     100858
cpu0->cpu0_L2C LOAD         ACCESS:    1698446 HIT:    1235823 MISS:     462623 MSHR_MERGE:       2239
cpu0->cpu0_L2C RFO          ACCESS:      14047 HIT:       5512 MISS:       8535 MSHR_MERGE:          0
cpu0->cpu0_L2C PREFETCH     ACCESS:    2511893 HIT:    1687338 MISS:     824555 MSHR_MERGE:      98619
cpu0->cpu0_L2C WRITE        ACCESS:     160144 HIT:     160142 MISS:          2 MSHR_MERGE:          0
cpu0->cpu0_L2C TRANSLATION  ACCESS:      11468 HIT:       1805 MISS:       9663 MSHR_MERGE:          0
cpu0->cpu0_L2C PREFETCH REQUESTED:    2512384 ISSUED:    2511893 USEFUL:     551871 USELESS:     173830
cpu0->cpu0_L2C AVERAGE MISS LATENCY: 221.7 cycles
cpu0->cpu0_L1I TOTAL        ACCESS:     241514 HIT:     241468 MISS:         46 MSHR_MERGE:          4
cpu0->cpu0_L1I LOAD         ACCESS:     241514 HIT:     241468 MISS:         46 MSHR_MERGE:          4
cpu0->cpu0_L1I RFO          ACCESS:          0 HIT:          0 MISS:          0 MSHR_MERGE:          0
cpu0->cpu0_L1I PREFETCH     ACCESS:          0 HIT:          0 MISS:          0 MSHR_MERGE:          0
cpu0->cpu0_L1I WRITE        ACCESS:          0 HIT:          0 MISS:          0 MSHR_MERGE:          0
cpu0->cpu0_L1I TRANSLATION  ACCESS:          0 HIT:          0 MISS:          0 MSHR_MERGE:          0
cpu0->cpu0_L1I PREFETCH REQUESTED:          0 ISSUED:          0 USEFUL:          0 USELESS:          0
cpu0->cpu0_L1I AVERAGE MISS LATENCY: 225.8 cycles
cpu0->cpu0_L1D TOTAL        ACCESS:   13242555 HIT:   11110583 MISS:    2131972 MSHR_MERGE:     408053
cpu0->cpu0_L1D LOAD         ACCESS:   11734735 HIT:    9696919 MISS:    2037816 MSHR_MERGE:     339412
cpu0->cpu0_L1D RFO          ACCESS:          0 HIT:          0 MISS:          0 MSHR_MERGE:          0
cpu0->cpu0_L1D PREFETCH     ACCESS:          0 HIT:          0 MISS:          0 MSHR_MERGE:          0
cpu0->cpu0_L1D WRITE        ACCESS:    1395179 HIT:    1312650 MISS:      82529 MSHR_MERGE:      68482
cpu0->cpu0_L1D TRANSLATION  ACCESS:     112641 HIT:     101014 MISS:      11627 MSHR_MERGE:        159
cpu0->cpu0_L1D PREFETCH REQUESTED:          0 ISSUED:          0 USEFUL:          0 USELESS:          0
cpu0->cpu0_L1D AVERAGE MISS LATENCY: 70.12 cycles
cpu0->cpu0_ITLB TOTAL        ACCESS:     236008 HIT:     236006 MISS:          2 MSHR_MERGE:          1
cpu0->cpu0_ITLB LOAD         ACCESS:     236008 HIT:     236006 MISS:          2 MSHR_MERGE:          1
cpu0->cpu0_ITLB RFO          ACCESS:          0 HIT:          0 MISS:          0 MSHR_MERGE:          0
cpu0->cpu0_ITLB PREFETCH     ACCESS:          0 HIT:          0 MISS:          0 MSHR_MERGE:          0
cpu0->cpu0_ITLB WRITE        ACCESS:          0 HIT:          0 MISS:          0 MSHR_MERGE:          0
cpu0->cpu0_ITLB TRANSLATION  ACCESS:          0 HIT:          0 MISS:          0 MSHR_MERGE:          0
cpu0->cpu0_ITLB PREFETCH REQUESTED:          0 ISSUED:          0 USEFUL:          0 USELESS:          0
cpu0->cpu0_ITLB AVERAGE MISS LATENCY: 454 cycles
cpu0->cpu0_DTLB TOTAL        ACCESS:   13116331 HIT:   13028219 MISS:      88112 MSHR_MERGE:      21052
cpu0->cpu0_DTLB LOAD         ACCESS:   13116331 HIT:   13028219 MISS:      88112 MSHR_MERGE:      21052
cpu0->cpu0_DTLB RFO          ACCESS:          0 HIT:          0 MISS:          0 MSHR_MERGE:          0
cpu0->cpu0_DTLB PREFETCH     ACCESS:          0 HIT:          0 MISS:          0 MSHR_MERGE:          0
cpu0->cpu0_DTLB WRITE        ACCESS:          0 HIT:          0 MISS:          0 MSHR_MERGE:          0
cpu0->cpu0_DTLB TRANSLATION  ACCESS:          0 HIT:          0 MISS:          0 MSHR_MERGE:          0
cpu0->cpu0_DTLB PREFETCH REQUESTED:          0 ISSUED:          0 USEFUL:          0 USELESS:          0
cpu0->cpu0_DTLB AVERAGE MISS LATENCY: 122.5 cycles
cpu0->LLC TOTAL        ACCESS:    1362617 HIT:     108653 MISS:    1253964 MSHR_MERGE:          5
cpu0->LLC LOAD         ACCESS:     460384 HIT:      19315 MISS:     441069 MSHR_MERGE:          0
cpu0->LLC RFO          ACCESS:       8535 HIT:        342 MISS:       8193 MSHR_MERGE:          0
cpu0->LLC PREFETCH     ACCESS:     725936 HIT:      43033 MISS:     682903 MSHR_MERGE:          5
cpu0->LLC WRITE        ACCESS:     158099 HIT:      45918 MISS:     112181 MSHR_MERGE:          0
cpu0->LLC TRANSLATION  ACCESS:       9663 HIT:         45 MISS:       9618 MSHR_MERGE:          0
cpu0->LLC PREFETCH REQUESTED:          0 ISSUED:          0 USEFUL:          0 USELESS:          0
cpu0->LLC AVERAGE MISS LATENCY: 170 cycles

DRAM Statistics

Channel 0 RQ ROW_BUFFER_HIT:      83390
  ROW_BUFFER_MISS:    1058363
  AVG DBUS CONGESTED CYCLE: 27.4
Channel 0 WQ ROW_BUFFER_HIT:      35235
  ROW_BUFFER_MISS:     101958
  FULL:        187
Channel 0 REFRESHES ISSUED:      14090
