[VMEM] WARNING: physical memory size is smaller than virtual memory size.

*** ChampSim Multicore Out-of-Order Simulator ***
Warmup Instructions: 10000000
Simulation Instructions: 50000000
Number of CPUs: 1
Page size: 4096
Core 0: traces/cc-13.trace.gz
Off-chip DRAM Size: 64 GiB Channels: 1 Width: 64-bit Data Rate: 4807 MT/s
Heartbeat CPU 0 instructions: 500004 cycles: 151542 heartbeat IPC: 3.299 cumulative IPC: 3.299 (Simulation time: 00 hr 00 min 01 sec)
Heartbeat CPU 0 instructions: 1000005 cycles: 299254 heartbeat IPC: 3.385 cumulative IPC: 3.342 (Simulation time: 00 hr 00 min 02 sec)
Heartbeat CPU 0 instructions: 1500005 cycles: 446818 heartbeat IPC: 3.388 cumulative IPC: 3.357 (Simulation time: 00 hr 00 min 03 sec)
Heartbeat CPU 0 instructions: 2000005 cycles: 556851 heartbeat IPC: 4.544 cumulative IPC: 3.592 (Simulation time: 00 hr 00 min 04 sec)
Heartbeat CPU 0 instructions: 2500012 cycles: 659963 heartbeat IPC: 4.849 cumulative IPC: 3.788 (Simulation time: 00 hr 00 min 05 sec)
Heartbeat CPU 0 instructions: 3000019 cycles: 763045 heartbeat IPC: 4.851 cumulative IPC: 3.932 (Simulation time: 00 hr 00 min 06 sec)
Heartbeat CPU 0 instructions: 3500026 cycles: 866369 heartbeat IPC: 4.839 cumulative IPC: 4.04 (Simulation time: 00 hr 00 min 07 sec)
Heartbeat CPU 0 instructions: 4000028 cycles: 969982 heartbeat IPC: 4.826 cumulative IPC: 4.124 (Simulation time: 00 hr 00 min 08 sec)
Heartbeat CPU 0 instructions: 4500032 cycles: 1073412 heartbeat IPC: 4.834 cumulative IPC: 4.192 (Simulation time: 00 hr 00 min 09 sec)
Heartbeat CPU 0 instructions: 5000033 cycles: 1176636 heartbeat IPC: 4.844 cumulative IPC: 4.249 (Simulation time: 00 hr 00 min 10 sec)
Heartbeat CPU 0 instructions: 5500033 cycles: 1280070 heartbeat IPC: 4.834 cumulative IPC: 4.297 (Simulation time: 00 hr 00 min 10 sec)
Heartbeat CPU 0 instructions: 6000035 cycles: 1383485 heartbeat IPC: 4.835 cumulative IPC: 4.337 (Simulation time: 00 hr 00 min 11 sec)
Heartbeat CPU 0 instructions: 6500039 cycles: 1486900 heartbeat IPC: 4.835 cumulative IPC: 4.372 (Simulation time: 00 hr 00 min 12 sec)
Heartbeat CPU 0 instructions: 7000042 cycles: 1590313 heartbeat IPC: 4.835 cumulative IPC: 4.402 (Simulation time: 00 hr 00 min 13 sec)
Heartbeat CPU 0 instructions: 7500043 cycles: 1693952 heartbeat IPC: 4.824 cumulative IPC: 4.428 (Simulation time: 00 hr 00 min 14 sec)
Heartbeat CPU 0 instructions: 8000043 cycles: 1797275 heartbeat IPC: 4.839 cumulative IPC: 4.451 (Simulation time: 00 hr 00 min 15 sec)
Heartbeat CPU 0 instructions: 8500047 cycles: 1900925 heartbeat IPC: 4.824 cumulative IPC: 4.472 (Simulation time: 00 hr 00 min 16 sec)
Heartbeat CPU 0 instructions: 9000050 cycles: 2004483 heartbeat IPC: 4.828 cumulative IPC: 4.49 (Simulation time: 00 hr 00 min 17 sec)
Heartbeat CPU 0 instructions: 9500057 cycles: 2107924 heartbeat IPC: 4.834 cumulative IPC: 4.507 (Simulation time: 00 hr 00 min 18 sec)
Warmup finished CPU 0 instructions: 10000005 cycles: 2211588 cumulative IPC: 4.522 (Simulation time: 00 hr 00 min 19 sec)
Warmup complete CPU 0 instructions: 10000005 cycles: 2211588 cumulative IPC: 4.522 (Simulation time: 00 hr 00 min 19 sec)
Heartbeat CPU 0 instructions: 10000062 cycles: 2211615 heartbeat IPC: 4.822 cumulative IPC: 2.111 (Simulation time: 00 hr 00 min 19 sec)
Heartbeat CPU 0 instructions: 10500062 cycles: 3443499 heartbeat IPC: 0.4059 cumulative IPC: 0.4059 (Simulation time: 00 hr 00 min 23 sec)
Heartbeat CPU 0 instructions: 11000063 cycles: 4687141 heartbeat IPC: 0.402 cumulative IPC: 0.404 (Simulation time: 00 hr 00 min 27 sec)
Heartbeat CPU 0 instructions: 11500063 cycles: 5862712 heartbeat IPC: 0.4253 cumulative IPC: 0.4108 (Simulation time: 00 hr 00 min 31 sec)
Heartbeat CPU 0 instructions: 12000063 cycles: 6990263 heartbeat IPC: 0.4434 cumulative IPC: 0.4185 (Simulation time: 00 hr 00 min 35 sec)
Heartbeat CPU 0 instructions: 12500063 cycles: 8191491 heartbeat IPC: 0.4162 cumulative IPC: 0.4181 (Simulation time: 00 hr 00 min 39 sec)
Heartbeat CPU 0 instructions: 13000066 cycles: 9428117 heartbeat IPC: 0.4043 cumulative IPC: 0.4157 (Simulation time: 00 hr 00 min 43 sec)
Heartbeat CPU 0 instructions: 13500066 cycles: 10632940 heartbeat IPC: 0.415 cumulative IPC: 0.4156 (Simulation time: 00 hr 00 min 47 sec)
Heartbeat CPU 0 instructions: 14000066 cycles: 11905987 heartbeat IPC: 0.3928 cumulative IPC: 0.4126 (Simulation time: 00 hr 00 min 51 sec)
Heartbeat CPU 0 instructions: 14500066 cycles: 13224944 heartbeat IPC: 0.3791 cumulative IPC: 0.4086 (Simulation time: 00 hr 00 min 56 sec)
Heartbeat CPU 0 instructions: 15000068 cycles: 14595625 heartbeat IPC: 0.3648 cumulative IPC: 0.4038 (Simulation time: 00 hr 01 min 00 sec)
Heartbeat CPU 0 instructions: 15500068 cycles: 15741671 heartbeat IPC: 0.4363 cumulative IPC: 0.4065 (Simulation time: 00 hr 01 min 04 sec)
Heartbeat CPU 0 instructions: 16000068 cycles: 16917062 heartbeat IPC: 0.4254 cumulative IPC: 0.408 (Simulation time: 00 hr 01 min 08 sec)
Heartbeat CPU 0 instructions: 16500070 cycles: 18041810 heartbeat IPC: 0.4445 cumulative IPC: 0.4106 (Simulation time: 00 hr 01 min 12 sec)
Heartbeat CPU 0 instructions: 17000071 cycles: 19170454 heartbeat IPC: 0.443 cumulative IPC: 0.4128 (Simulation time: 00 hr 01 min 16 sec)
Heartbeat CPU 0 instructions: 17500073 cycles: 20396122 heartbeat IPC: 0.4079 cumulative IPC: 0.4124 (Simulation time: 00 hr 01 min 20 sec)
Heartbeat CPU 0 instructions: 18000074 cycles: 21616918 heartbeat IPC: 0.4096 cumulative IPC: 0.4123 (Simulation time: 00 hr 01 min 24 sec)
Heartbeat CPU 0 instructions: 18500079 cycles: 22878189 heartbeat IPC: 0.3964 cumulative IPC: 0.4113 (Simulation time: 00 hr 01 min 29 sec)
Heartbeat CPU 0 instructions: 19000083 cycles: 24063436 heartbeat IPC: 0.4219 cumulative IPC: 0.4119 (Simulation time: 00 hr 01 min 33 sec)
Heartbeat CPU 0 instructions: 19500083 cycles: 25401937 heartbeat IPC: 0.3736 cumulative IPC: 0.4097 (Simulation time: 00 hr 01 min 37 sec)
Heartbeat CPU 0 instructions: 20000083 cycles: 26600064 heartbeat IPC: 0.4173 cumulative IPC: 0.41 (Simulation time: 00 hr 01 min 41 sec)
Heartbeat CPU 0 instructions: 20500088 cycles: 27807959 heartbeat IPC: 0.4139 cumulative IPC: 0.4102 (Simulation time: 00 hr 01 min 45 sec)
Heartbeat CPU 0 instructions: 21000088 cycles: 28961006 heartbeat IPC: 0.4336 cumulative IPC: 0.4112 (Simulation time: 00 hr 01 min 49 sec)
Heartbeat CPU 0 instructions: 21500089 cycles: 30113826 heartbeat IPC: 0.4337 cumulative IPC: 0.4122 (Simulation time: 00 hr 01 min 53 sec)
Heartbeat CPU 0 instructions: 22000091 cycles: 31345371 heartbeat IPC: 0.406 cumulative IPC: 0.4119 (Simulation time: 00 hr 01 min 57 sec)
Heartbeat CPU 0 instructions: 22500091 cycles: 32567249 heartbeat IPC: 0.4092 cumulative IPC: 0.4118 (Simulation time: 00 hr 02 min 01 sec)
Heartbeat CPU 0 instructions: 23000091 cycles: 33745902 heartbeat IPC: 0.4242 cumulative IPC: 0.4123 (Simulation time: 00 hr 02 min 05 sec)
Heartbeat CPU 0 instructions: 23500091 cycles: 34891688 heartbeat IPC: 0.4364 cumulative IPC: 0.4131 (Simulation time: 00 hr 02 min 09 sec)
Heartbeat CPU 0 instructions: 24000092 cycles: 35892678 heartbeat IPC: 0.4995 cumulative IPC: 0.4157 (Simulation time: 00 hr 02 min 13 sec)
Heartbeat CPU 0 instructions: 24500094 cycles: 37128865 heartbeat IPC: 0.4045 cumulative IPC: 0.4153 (Simulation time: 00 hr 02 min 17 sec)
Heartbeat CPU 0 instructions: 25000094 cycles: 38327099 heartbeat IPC: 0.4173 cumulative IPC: 0.4153 (Simulation time: 00 hr 02 min 21 sec)
Heartbeat CPU 0 instructions: 25500096 cycles: 39427854 heartbeat IPC: 0.4542 cumulative IPC: 0.4165 (Simulation time: 00 hr 02 min 25 sec)
Heartbeat CPU 0 instructions: 26000100 cycles: 40601183 heartbeat IPC: 0.4261 cumulative IPC: 0.4168 (Simulation time: 00 hr 02 min 29 sec)
Heartbeat CPU 0 instructions: 26500100 cycles: 41790068 heartbeat IPC: 0.4206 cumulative IPC: 0.4169 (Simulation time: 00 hr 02 min 33 sec)
Heartbeat CPU 0 instructions: 27000100 cycles: 42764102 heartbeat IPC: 0.5133 cumulative IPC: 0.4192 (Simulation time: 00 hr 02 min 37 sec)
Heartbeat CPU 0 instructions: 27500100 cycles: 43919353 heartbeat IPC: 0.4328 cumulative IPC: 0.4196 (Simulation time: 00 hr 02 min 41 sec)
Heartbeat CPU 0 instructions: 28000105 cycles: 45028229 heartbeat IPC: 0.4509 cumulative IPC: 0.4204 (Simulation time: 00 hr 02 min 45 sec)
Heartbeat CPU 0 instructions: 28500106 cycles: 46121248 heartbeat IPC: 0.4574 cumulative IPC: 0.4213 (Simulation time: 00 hr 02 min 49 sec)
Heartbeat CPU 0 instructions: 29000106 cycles: 47186028 heartbeat IPC: 0.4696 cumulative IPC: 0.4225 (Simulation time: 00 hr 02 min 52 sec)
Heartbeat CPU 0 instructions: 29500108 cycles: 48345502 heartbeat IPC: 0.4312 cumulative IPC: 0.4227 (Simulation time: 00 hr 02 min 56 sec)
Heartbeat CPU 0 instructions: 30000108 cycles: 49507870 heartbeat IPC: 0.4302 cumulative IPC: 0.4229 (Simulation time: 00 hr 03 min 00 sec)
Heartbeat CPU 0 instructions: 30500108 cycles: 50721760 heartbeat IPC: 0.4119 cumulative IPC: 0.4226 (Simulation time: 00 hr 03 min 05 sec)
Heartbeat CPU 0 instructions: 31000108 cycles: 51853202 heartbeat IPC: 0.4419 cumulative IPC: 0.423 (Simulation time: 00 hr 03 min 08 sec)
Heartbeat CPU 0 instructions: 31500110 cycles: 52873590 heartbeat IPC: 0.49 cumulative IPC: 0.4244 (Simulation time: 00 hr 03 min 12 sec)
Heartbeat CPU 0 instructions: 32000110 cycles: 54111436 heartbeat IPC: 0.4039 cumulative IPC: 0.4239 (Simulation time: 00 hr 03 min 16 sec)
Heartbeat CPU 0 instructions: 32500110 cycles: 55269836 heartbeat IPC: 0.4316 cumulative IPC: 0.4241 (Simulation time: 00 hr 03 min 21 sec)
Heartbeat CPU 0 instructions: 33000111 cycles: 56394920 heartbeat IPC: 0.4444 cumulative IPC: 0.4245 (Simulation time: 00 hr 03 min 25 sec)
Heartbeat CPU 0 instructions: 33500111 cycles: 57477946 heartbeat IPC: 0.4617 cumulative IPC: 0.4252 (Simulation time: 00 hr 03 min 29 sec)
Heartbeat CPU 0 instructions: 34000114 cycles: 58637473 heartbeat IPC: 0.4312 cumulative IPC: 0.4253 (Simulation time: 00 hr 03 min 33 sec)
Heartbeat CPU 0 instructions: 34500114 cycles: 59844807 heartbeat IPC: 0.4141 cumulative IPC: 0.4251 (Simulation time: 00 hr 03 min 37 sec)
Heartbeat CPU 0 instructions: 35000115 cycles: 60772154 heartbeat IPC: 0.5392 cumulative IPC: 0.4269 (Simulation time: 00 hr 03 min 40 sec)
Heartbeat CPU 0 instructions: 35500120 cycles: 61991407 heartbeat IPC: 0.4101 cumulative IPC: 0.4266 (Simulation time: 00 hr 03 min 45 sec)
Heartbeat CPU 0 instructions: 36000123 cycles: 63219398 heartbeat IPC: 0.4072 cumulative IPC: 0.4262 (Simulation time: 00 hr 03 min 49 sec)
Heartbeat CPU 0 instructions: 36500124 cycles: 64373338 heartbeat IPC: 0.4333 cumulative IPC: 0.4263 (Simulation time: 00 hr 03 min 53 sec)
Heartbeat CPU 0 instructions: 37000125 cycles: 65454040 heartbeat IPC: 0.4627 cumulative IPC: 0.4269 (Simulation time: 00 hr 03 min 57 sec)
Heartbeat CPU 0 instructions: 37500127 cycles: 66541967 heartbeat IPC: 0.4596 cumulative IPC: 0.4275 (Simulation time: 00 hr 04 min 00 sec)
Heartbeat CPU 0 instructions: 38000127 cycles: 67662997 heartbeat IPC: 0.446 cumulative IPC: 0.4278 (Simulation time: 00 hr 04 min 04 sec)
Heartbeat CPU 0 instructions: 38500130 cycles: 68767110 heartbeat IPC: 0.4529 cumulative IPC: 0.4282 (Simulation time: 00 hr 04 min 08 sec)
Heartbeat CPU 0 instructions: 39000130 cycles: 69912731 heartbeat IPC: 0.4364 cumulative IPC: 0.4284 (Simulation time: 00 hr 04 min 13 sec)
Heartbeat CPU 0 instructions: 39500130 cycles: 71069144 heartbeat IPC: 0.4324 cumulative IPC: 0.4284 (Simulation time: 00 hr 04 min 17 sec)
Heartbeat CPU 0 instructions: 40000134 cycles: 72308327 heartbeat IPC: 0.4035 cumulative IPC: 0.428 (Simulation time: 00 hr 04 min 21 sec)
Heartbeat CPU 0 instructions: 40500138 cycles: 73356010 heartbeat IPC: 0.4772 cumulative IPC: 0.4287 (Simulation time: 00 hr 04 min 25 sec)
Heartbeat CPU 0 instructions: 41000140 cycles: 74622540 heartbeat IPC: 0.3948 cumulative IPC: 0.4281 (Simulation time: 00 hr 04 min 29 sec)
Heartbeat CPU 0 instructions: 41500144 cycles: 75812067 heartbeat IPC: 0.4203 cumulative IPC: 0.428 (Simulation time: 00 hr 04 min 33 sec)
Heartbeat CPU 0 instructions: 42000148 cycles: 76892995 heartbeat IPC: 0.4626 cumulative IPC: 0.4285 (Simulation time: 00 hr 04 min 37 sec)
Heartbeat CPU 0 instructions: 42500148 cycles: 78030831 heartbeat IPC: 0.4394 cumulative IPC: 0.4287 (Simulation time: 00 hr 04 min 41 sec)
Heartbeat CPU 0 instructions: 43000148 cycles: 79256282 heartbeat IPC: 0.408 cumulative IPC: 0.4283 (Simulation time: 00 hr 04 min 45 sec)
Heartbeat CPU 0 instructions: 43500149 cycles: 80357198 heartbeat IPC: 0.4542 cumulative IPC: 0.4287 (Simulation time: 00 hr 04 min 49 sec)
Heartbeat CPU 0 instructions: 44000150 cycles: 81586389 heartbeat IPC: 0.4068 cumulative IPC: 0.4283 (Simulation time: 00 hr 04 min 53 sec)
Heartbeat CPU 0 instructions: 44500150 cycles: 82749655 heartbeat IPC: 0.4298 cumulative IPC: 0.4284 (Simulation time: 00 hr 04 min 57 sec)
Heartbeat CPU 0 instructions: 45000154 cycles: 83963482 heartbeat IPC: 0.4119 cumulative IPC: 0.4281 (Simulation time: 00 hr 05 min 01 sec)
Heartbeat CPU 0 instructions: 45500154 cycles: 84981545 heartbeat IPC: 0.4911 cumulative IPC: 0.4289 (Simulation time: 00 hr 05 min 05 sec)
Heartbeat CPU 0 instructions: 46000155 cycles: 86187088 heartbeat IPC: 0.4148 cumulative IPC: 0.4287 (Simulation time: 00 hr 05 min 09 sec)
Heartbeat CPU 0 instructions: 46500155 cycles: 87219073 heartbeat IPC: 0.4845 cumulative IPC: 0.4294 (Simulation time: 00 hr 05 min 13 sec)
Heartbeat CPU 0 instructions: 47000158 cycles: 88301393 heartbeat IPC: 0.462 cumulative IPC: 0.4298 (Simulation time: 00 hr 05 min 17 sec)
Heartbeat CPU 0 instructions: 47500159 cycles: 89492097 heartbeat IPC: 0.4199 cumulative IPC: 0.4297 (Simulation time: 00 hr 05 min 21 sec)
Heartbeat CPU 0 instructions: 48000163 cycles: 90688919 heartbeat IPC: 0.4178 cumulative IPC: 0.4295 (Simulation time: 00 hr 05 min 25 sec)
Heartbeat CPU 0 instructions: 48500165 cycles: 91854018 heartbeat IPC: 0.4291 cumulative IPC: 0.4295 (Simulation time: 00 hr 05 min 29 sec)
Heartbeat CPU 0 instructions: 49000165 cycles: 92869774 heartbeat IPC: 0.4922 cumulative IPC: 0.4302 (Simulation time: 00 hr 05 min 33 sec)
Heartbeat CPU 0 instructions: 49500168 cycles: 94033846 heartbeat IPC: 0.4295 cumulative IPC: 0.4302 (Simulation time: 00 hr 05 min 37 sec)
Heartbeat CPU 0 instructions: 50000168 cycles: 95079972 heartbeat IPC: 0.478 cumulative IPC: 0.4307 (Simulation time: 00 hr 05 min 40 sec)
Heartbeat CPU 0 instructions: 50500169 cycles: 96267491 heartbeat IPC: 0.421 cumulative IPC: 0.4306 (Simulation time: 00 hr 05 min 44 sec)
Heartbeat CPU 0 instructions: 51000172 cycles: 97450398 heartbeat IPC: 0.4227 cumulative IPC: 0.4305 (Simulation time: 00 hr 05 min 49 sec)
Heartbeat CPU 0 instructions: 51500174 cycles: 98629499 heartbeat IPC: 0.4241 cumulative IPC: 0.4304 (Simulation time: 00 hr 05 min 53 sec)
Heartbeat CPU 0 instructions: 52000174 cycles: 99729405 heartbeat IPC: 0.4546 cumulative IPC: 0.4307 (Simulation time: 00 hr 05 min 56 sec)
Heartbeat CPU 0 instructions: 52500174 cycles: 100833766 heartbeat IPC: 0.4528 cumulative IPC: 0.4309 (Simulation time: 00 hr 06 min 00 sec)
Heartbeat CPU 0 instructions: 53000175 cycles: 101933859 heartbeat IPC: 0.4545 cumulative IPC: 0.4312 (Simulation time: 00 hr 06 min 04 sec)
Heartbeat CPU 0 instructions: 53500175 cycles: 103084357 heartbeat IPC: 0.4346 cumulative IPC: 0.4312 (Simulation time: 00 hr 06 min 08 sec)
Heartbeat CPU 0 instructions: 54000175 cycles: 104324249 heartbeat IPC: 0.4033 cumulative IPC: 0.4309 (Simulation time: 00 hr 06 min 12 sec)
Heartbeat CPU 0 instructions: 54500175 cycles: 105373665 heartbeat IPC: 0.4765 cumulative IPC: 0.4314 (Simulation time: 00 hr 06 min 16 sec)
Heartbeat CPU 0 instructions: 55000176 cycles: 106548871 heartbeat IPC: 0.4255 cumulative IPC: 0.4313 (Simulation time: 00 hr 06 min 20 sec)
Heartbeat CPU 0 instructions: 55500176 cycles: 107687216 heartbeat IPC: 0.4392 cumulative IPC: 0.4314 (Simulation time: 00 hr 06 min 24 sec)
Heartbeat CPU 0 instructions: 56000178 cycles: 108902353 heartbeat IPC: 0.4115 cumulative IPC: 0.4312 (Simulation time: 00 hr 06 min 28 sec)
Heartbeat CPU 0 instructions: 56500178 cycles: 110021205 heartbeat IPC: 0.4469 cumulative IPC: 0.4313 (Simulation time: 00 hr 06 min 32 sec)
Heartbeat CPU 0 instructions: 57000178 cycles: 111172821 heartbeat IPC: 0.4342 cumulative IPC: 0.4313 (Simulation time: 00 hr 06 min 36 sec)
Heartbeat CPU 0 instructions: 57500182 cycles: 112377590 heartbeat IPC: 0.415 cumulative IPC: 0.4312 (Simulation time: 00 hr 06 min 40 sec)
Heartbeat CPU 0 instructions: 58000182 cycles: 113611069 heartbeat IPC: 0.4054 cumulative IPC: 0.4309 (Simulation time: 00 hr 06 min 44 sec)
Heartbeat CPU 0 instructions: 58500182 cycles: 114819020 heartbeat IPC: 0.4139 cumulative IPC: 0.4307 (Simulation time: 00 hr 06 min 49 sec)
Heartbeat CPU 0 instructions: 59000184 cycles: 115968701 heartbeat IPC: 0.4349 cumulative IPC: 0.4307 (Simulation time: 00 hr 06 min 53 sec)
Heartbeat CPU 0 instructions: 59500190 cycles: 117149140 heartbeat IPC: 0.4236 cumulative IPC: 0.4307 (Simulation time: 00 hr 06 min 57 sec)
Simulation finished CPU 0 instructions: 50000000 cycles: 116278776 cumulative IPC: 0.43 (Simulation time: 00 hr 07 min 01 sec)
Simulation complete CPU 0 instructions: 50000000 cycles: 116278776 cumulative IPC: 0.43 (Simulation time: 00 hr 07 min 01 sec)

ChampSim completed all CPUs

=== Simulation ===
CPU 0 runs traces/cc-13.trace.gz

Region of Interest Statistics

CPU 0 cumulative IPC: 0.43 instructions: 50000000 cycles: 116278776
CPU 0 Branch Prediction Accuracy: 88.82% MPKI: 22.44 Average ROB Occupancy at Mispredict: 24.24
Branch type MPKI
BRANCH_DIRECT_JUMP: 0
BRANCH_INDIRECT: 0
BRANCH_CONDITIONAL: 22.44
BRANCH_DIRECT_CALL: 0
BRANCH_INDIRECT_CALL: 0
BRANCH_RETURN: 0

cpu0->cpu0_STLB TOTAL        ACCESS:    2430182 HIT:    2426516 MISS:       3666 MSHR_MERGE:          0
cpu0->cpu0_STLB LOAD         ACCESS:    2430182 HIT:    2426516 MISS:       3666 MSHR_MERGE:          0
cpu0->cpu0_STLB RFO          ACCESS:          0 HIT:          0 MISS:          0 MSHR_MERGE:          0
cpu0->cpu0_STLB PREFETCH     ACCESS:          0 HIT:          0 MISS:          0 MSHR_MERGE:          0
cpu0->cpu0_STLB WRITE        ACCESS:          0 HIT:          0 MISS:          0 MSHR_MERGE:          0
cpu0->cpu0_STLB TRANSLATION  ACCESS:          0 HIT:          0 MISS:          0 MSHR_MERGE:          0
cpu0->cpu0_STLB PREFETCH REQUESTED:          0 ISSUED:          0 USEFUL:          0 USELESS:          0
cpu0->cpu0_STLB AVERAGE MISS LATENCY: 247.9 cycles
cpu0->cpu0_L2C TOTAL        ACCESS:    5254993 HIT:    3992189 MISS:    1262804 MSHR_MERGE:      41024
cpu0->cpu0_L2C LOAD         ACCESS:    3719010 HIT:    2775383 MISS:     943627 MSHR_MERGE:       2352
cpu0->cpu0_L2C RFO          ACCESS:          0 HIT:          0 MISS:          0 MSHR_MERGE:          0
cpu0->cpu0_L2C PREFETCH     ACCESS:    1323050 HIT:    1004346 MISS:     318704 MSHR_MERGE:      38672
cpu0->cpu0_L2C WRITE        ACCESS:     209449 HIT:     209447 MISS:          2 MSHR_MERGE:          0
cpu0->cpu0_L2C TRANSLATION  ACCESS:       3484 HIT:       3013 MISS:        471 MSHR_MERGE:          0
cpu0->cpu0_L2C PREFETCH REQUESTED:    1324023 ISSUED:    1323046 USEFUL:     235285 USELESS:      40253
cpu0->cpu0_L2C AVERAGE MISS LATENCY: 84.58 cycles
cpu0->cpu0_L1I TOTAL        ACCESS:      64462 HIT:      64462 MISS:          0 MSHR_MERGE:          0
cpu0->cpu0_L1I LOAD         ACCESS:      64462 HIT:      64462 MISS:          0 MSHR_MERGE:          0
cpu0->cpu0_L1I RFO          ACCESS:          0 HIT:          0 MISS:          0 MSHR_MERGE:          0
cpu0->cpu0_L1I PREFETCH     ACCESS:          0 HIT:          0 MISS:          0 MSHR_MERGE:          0
cpu0->cpu0_L1I WRITE        ACCESS:          0 HIT:          0 MISS:          0 MSHR_MERGE:          0
cpu0->cpu0_L1I TRANSLATION  ACCESS:          0 HIT:          0 MISS:          0 MSHR_MERGE:          0
cpu0->cpu0_L1I PREFETCH REQUESTED:          0 ISSUED:          0 USEFUL:          0 USELESS:          0
cpu0->cpu0_L1I AVERAGE MISS LATENCY: - cycles
cpu0->cpu0_L1D TOTAL        ACCESS:   13380091 HIT:    9313807 MISS:    4066284 MSHR_MERGE:     343790
cpu0->cpu0_L1D LOAD         ACCESS:   13129468 HIT:    9066668 MISS:    4062800 MSHR_MERGE:     343790
cpu0->cpu0_L1D RFO          ACCESS:          0 HIT:          0 MISS:          0 MSHR_MERGE:          0
cpu0->cpu0_L1D PREFETCH     ACCESS:          0 HIT:          0 MISS:          0 MSHR_MERGE:          0
cpu0->cpu0_L1D WRITE        ACCESS:     243284 HIT:     243284 MISS:          0 MSHR_MERGE:          0
cpu0->cpu0_L1D TRANSLATION  ACCESS:       7339 HIT:       3855 MISS:       3484 MSHR_MERGE:          0
cpu0->cpu0_L1D PREFETCH REQUESTED:          0 ISSUED:          0 USEFUL:          0 USELESS:          0
cpu0->cpu0_L1D AVERAGE MISS LATENCY: 29.82 cycles
cpu0->cpu0_ITLB TOTAL        ACCESS:      61774 HIT:      61774 MISS:          0 MSHR_MERGE:          0
cpu0->cpu0_ITLB LOAD         ACCESS:      61774 HIT:      61774 MISS:          0 MSHR_MERGE:          0
cpu0->cpu0_ITLB RFO          ACCESS:          0 HIT:          0 MISS:          0 MSHR_MERGE:          0
cpu0->cpu0_ITLB PREFETCH     ACCESS:          0 HIT:          0 MISS:          0 MSHR_MERGE:          0
cpu0->cpu0_ITLB WRITE        ACCESS:          0 HIT:          0 MISS:          0 MSHR_MERGE:          0
cpu0->cpu0_ITLB TRANSLATION  ACCESS:          0 HIT:          0 MISS:          0 MSHR_MERGE:          0
cpu0->cpu0_ITLB PREFETCH REQUESTED:          0 ISSUED:          0 USEFUL:          0 USELESS:          0
cpu0->cpu0_ITLB AVERAGE MISS LATENCY: - cycles
cpu0->cpu0_DTLB TOTAL        ACCESS:   13372365 HIT:   10577359 MISS:    2795006 MSHR_MERGE:     364824
cpu0->cpu0_DTLB LOAD         ACCESS:   13372365 HIT:   10577359 MISS:    2795006 MSHR_MERGE:     364824
cpu0->cpu0_DTLB RFO          ACCESS:          0 HIT:          0 MISS:          0 MSHR_MERGE:          0
cpu0->cpu0_DTLB PREFETCH     ACCESS:          0 HIT:          0 MISS:          0 MSHR_MERGE:          0
cpu0->cpu0_DTLB WRITE        ACCESS:          0 HIT:          0 MISS:          0 MSHR_MERGE:          0
cpu0->cpu0_DTLB TRANSLATION  ACCESS:          0 HIT:          0 MISS:          0 MSHR_MERGE:          0
cpu0->cpu0_DTLB PREFETCH REQUESTED:          0 ISSUED:          0 USEFUL:          0 USELESS:          0
cpu0->cpu0_DTLB AVERAGE MISS LATENCY: 5.382 cycles
cpu0->LLC TOTAL        ACCESS:    1418228 HIT:     844165 MISS:     574063 MSHR_MERGE:          4
cpu0->LLC LOAD         ACCESS:     941275 HIT:     666218 MISS:     275057 MSHR_MERGE:          0
cpu0->LLC RFO          ACCESS:          0 HIT:          0 MISS:          0 MSHR_MERGE:          0
cpu0->LLC PREFETCH     ACCESS:     280032 HIT:      42179 MISS:     237853 MSHR_MERGE:          4
cpu0->LLC WRITE        ACCESS:     196450 HIT:     135765 MISS:      60685 MSHR_MERGE:          0
cpu0->LLC TRANSLATION  ACCESS:        471 HIT:          3 MISS:        468 MSHR_MERGE:          0
cpu0->LLC PREFETCH REQUESTED:          0 ISSUED:          0 USEFUL:          0 USELESS:          0
cpu0->LLC AVERAGE MISS LATENCY: 177.4 cycles

DRAM Statistics

Channel 0 RQ ROW_BUFFER_HIT:       2823
  ROW_BUFFER_MISS:     510529
  AVG DBUS CONGESTED CYCLE: 29.88
Channel 0 WQ ROW_BUFFER_HIT:      15743
  ROW_BUFFER_MISS:      65025
  FULL:          0
Channel 0 REFRESHES ISSUED:       9689
