[VMEM] WARNING: physical memory size is smaller than virtual memory size.

*** ChampSim Multicore Out-of-Order Simulator ***
Warmup Instructions: 10000000
Simulation Instructions: 50000000
Number of CPUs: 1
Page size: 4096
Core 0: traces/cc-14.trace.gz
Off-chip DRAM Size: 64 GiB Channels: 1 Width: 64-bit Data Rate: 4807 MT/s
Heartbeat CPU 0 instructions: 500004 cycles: 151570 heartbeat IPC: 3.299 cumulative IPC: 3.299 (Simulation time: 00 hr 00 min 01 sec)
Heartbeat CPU 0 instructions: 1000005 cycles: 299495 heartbeat IPC: 3.38 cumulative IPC: 3.339 (Simulation time: 00 hr 00 min 02 sec)
Heartbeat CPU 0 instructions: 1500005 cycles: 447062 heartbeat IPC: 3.388 cumulative IPC: 3.355 (Simulation time: 00 hr 00 min 03 sec)
Heartbeat CPU 0 instructions: 2000009 cycles: 557087 heartbeat IPC: 4.544 cumulative IPC: 3.59 (Simulation time: 00 hr 00 min 04 sec)
Heartbeat CPU 0 instructions: 2500011 cycles: 660104 heartbeat IPC: 4.854 cumulative IPC: 3.787 (Simulation time: 00 hr 00 min 05 sec)
Heartbeat CPU 0 instructions: 3000012 cycles: 763326 heartbeat IPC: 4.844 cumulative IPC: 3.93 (Simulation time: 00 hr 00 min 06 sec)
Heartbeat CPU 0 instructions: 3500014 cycles: 866635 heartbeat IPC: 4.84 cumulative IPC: 4.039 (Simulation time: 00 hr 00 min 07 sec)
Heartbeat CPU 0 instructions: 4000020 cycles: 969847 heartbeat IPC: 4.844 cumulative IPC: 4.124 (Simulation time: 00 hr 00 min 08 sec)
Heartbeat CPU 0 instructions: 4500024 cycles: 1073163 heartbeat IPC: 4.84 cumulative IPC: 4.193 (Simulation time: 00 hr 00 min 09 sec)
Heartbeat CPU 0 instructions: 5000030 cycles: 1176693 heartbeat IPC: 4.83 cumulative IPC: 4.249 (Simulation time: 00 hr 00 min 09 sec)
Heartbeat CPU 0 instructions: 5500034 cycles: 1280113 heartbeat IPC: 4.835 cumulative IPC: 4.297 (Simulation time: 00 hr 00 min 10 sec)
Heartbeat CPU 0 instructions: 6000041 cycles: 1383354 heartbeat IPC: 4.843 cumulative IPC: 4.337 (Simulation time: 00 hr 00 min 11 sec)
Heartbeat CPU 0 instructions: 6500048 cycles: 1486804 heartbeat IPC: 4.833 cumulative IPC: 4.372 (Simulation time: 00 hr 00 min 12 sec)
Heartbeat CPU 0 instructions: 7000054 cycles: 1590226 heartbeat IPC: 4.835 cumulative IPC: 4.402 (Simulation time: 00 hr 00 min 13 sec)
Heartbeat CPU 0 instructions: 7500057 cycles: 1693311 heartbeat IPC: 4.85 cumulative IPC: 4.429 (Simulation time: 00 hr 00 min 14 sec)
Heartbeat CPU 0 instructions: 8000063 cycles: 1796740 heartbeat IPC: 4.834 cumulative IPC: 4.453 (Simulation time: 00 hr 00 min 15 sec)
Heartbeat CPU 0 instructions: 8500068 cycles: 1900195 heartbeat IPC: 4.833 cumulative IPC: 4.473 (Simulation time: 00 hr 00 min 16 sec)
Heartbeat CPU 0 instructions: 9000070 cycles: 2003634 heartbeat IPC: 4.834 cumulative IPC: 4.492 (Simulation time: 00 hr 00 min 17 sec)
Heartbeat CPU 0 instructions: 9500073 cycles: 2106955 heartbeat IPC: 4.839 cumulative IPC: 4.509 (Simulation time: 00 hr 00 min 18 sec)
Warmup finished CPU 0 instructions: 10000005 cycles: 2210288 cumulative IPC: 4.524 (Simulation time: 00 hr 00 min 19 sec)
Warmup complete CPU 0 instructions: 10000005 cycles: 2210288 cumulative IPC: 4.524 (Simulation time: 00 hr 00 min 19 sec)
Heartbeat CPU 0 instructions: 10000075 cycles: 2210485 heartbeat IPC: 4.83 cumulative IPC: 0.3553 (Simulation time: 00 hr 00 min 19 sec)
Heartbeat CPU 0 instructions: 10500077 cycles: 3386226 heartbeat IPC: 0.4253 cumulative IPC: 0.4253 (Simulation time: 00 hr 00 min 23 sec)
Heartbeat CPU 0 instructions: 11000082 cycles: 4489901 heartbeat IPC: 0.453 cumulative IPC: 0.4387 (Simulation time: 00 hr 00 min 27 sec)
Heartbeat CPU 0 instructions: 11500083 cycles: 5626252 heartbeat IPC: 0.44 cumulative IPC: 0.4391 (Simulation time: 00 hr 00 min 31 sec)
Heartbeat CPU 0 instructions: 12000085 cycles: 6780406 heartbeat IPC: 0.4332 cumulative IPC: 0.4376 (Simulation time: 00 hr 00 min 34 sec)
Heartbeat CPU 0 instructions: 12500087 cycles: 7785498 heartbeat IPC: 0.4975 cumulative IPC: 0.4484 (Simulation time: 00 hr 00 min 38 sec)
Heartbeat CPU 0 instructions: 13000087 cycles: 8882368 heartbeat IPC: 0.4558 cumulative IPC: 0.4496 (Simulation time: 00 hr 00 min 42 sec)
Heartbeat CPU 0 instructions: 13500087 cycles: 9924535 heartbeat IPC: 0.4798 cumulative IPC: 0.4537 (Simulation time: 00 hr 00 min 46 sec)
Heartbeat CPU 0 instructions: 14000087 cycles: 11045168 heartbeat IPC: 0.4462 cumulative IPC: 0.4528 (Simulation time: 00 hr 00 min 50 sec)
Heartbeat CPU 0 instructions: 14500087 cycles: 12171936 heartbeat IPC: 0.4437 cumulative IPC: 0.4517 (Simulation time: 00 hr 00 min 53 sec)
Heartbeat CPU 0 instructions: 15000087 cycles: 13395529 heartbeat IPC: 0.4086 cumulative IPC: 0.447 (Simulation time: 00 hr 00 min 57 sec)
Heartbeat CPU 0 instructions: 15500088 cycles: 14544291 heartbeat IPC: 0.4353 cumulative IPC: 0.4459 (Simulation time: 00 hr 01 min 01 sec)
Heartbeat CPU 0 instructions: 16000088 cycles: 15660049 heartbeat IPC: 0.4481 cumulative IPC: 0.4461 (Simulation time: 00 hr 01 min 05 sec)
Heartbeat CPU 0 instructions: 16500089 cycles: 16813684 heartbeat IPC: 0.4334 cumulative IPC: 0.4451 (Simulation time: 00 hr 01 min 09 sec)
Heartbeat CPU 0 instructions: 17000094 cycles: 17949983 heartbeat IPC: 0.44 cumulative IPC: 0.4447 (Simulation time: 00 hr 01 min 13 sec)
Heartbeat CPU 0 instructions: 17500094 cycles: 19034550 heartbeat IPC: 0.461 cumulative IPC: 0.4458 (Simulation time: 00 hr 01 min 17 sec)
Heartbeat CPU 0 instructions: 18000096 cycles: 20140308 heartbeat IPC: 0.4522 cumulative IPC: 0.4462 (Simulation time: 00 hr 01 min 21 sec)
Heartbeat CPU 0 instructions: 18500096 cycles: 21208551 heartbeat IPC: 0.4681 cumulative IPC: 0.4474 (Simulation time: 00 hr 01 min 25 sec)
Heartbeat CPU 0 instructions: 19000098 cycles: 22278701 heartbeat IPC: 0.4672 cumulative IPC: 0.4485 (Simulation time: 00 hr 01 min 28 sec)
Heartbeat CPU 0 instructions: 19500099 cycles: 23237276 heartbeat IPC: 0.5216 cumulative IPC: 0.4518 (Simulation time: 00 hr 01 min 32 sec)
Heartbeat CPU 0 instructions: 20000099 cycles: 24241138 heartbeat IPC: 0.4981 cumulative IPC: 0.4539 (Simulation time: 00 hr 01 min 36 sec)
Heartbeat CPU 0 instructions: 20500100 cycles: 25233054 heartbeat IPC: 0.5041 cumulative IPC: 0.4561 (Simulation time: 00 hr 01 min 39 sec)
Heartbeat CPU 0 instructions: 21000101 cycles: 26375682 heartbeat IPC: 0.4376 cumulative IPC: 0.4552 (Simulation time: 00 hr 01 min 43 sec)
Heartbeat CPU 0 instructions: 21500101 cycles: 27507439 heartbeat IPC: 0.4418 cumulative IPC: 0.4546 (Simulation time: 00 hr 01 min 47 sec)
Heartbeat CPU 0 instructions: 22000104 cycles: 28560371 heartbeat IPC: 0.4749 cumulative IPC: 0.4554 (Simulation time: 00 hr 01 min 51 sec)
Heartbeat CPU 0 instructions: 22500104 cycles: 29616287 heartbeat IPC: 0.4735 cumulative IPC: 0.4561 (Simulation time: 00 hr 01 min 55 sec)
Heartbeat CPU 0 instructions: 23000106 cycles: 30645455 heartbeat IPC: 0.4858 cumulative IPC: 0.4572 (Simulation time: 00 hr 01 min 58 sec)
Heartbeat CPU 0 instructions: 23500108 cycles: 31662921 heartbeat IPC: 0.4914 cumulative IPC: 0.4584 (Simulation time: 00 hr 02 min 02 sec)
Heartbeat CPU 0 instructions: 24000114 cycles: 32630387 heartbeat IPC: 0.5168 cumulative IPC: 0.4602 (Simulation time: 00 hr 02 min 06 sec)
Heartbeat CPU 0 instructions: 24500114 cycles: 33609506 heartbeat IPC: 0.5107 cumulative IPC: 0.4618 (Simulation time: 00 hr 02 min 09 sec)
Heartbeat CPU 0 instructions: 25000120 cycles: 34545562 heartbeat IPC: 0.5342 cumulative IPC: 0.4639 (Simulation time: 00 hr 02 min 13 sec)
Heartbeat CPU 0 instructions: 25500120 cycles: 35541576 heartbeat IPC: 0.502 cumulative IPC: 0.465 (Simulation time: 00 hr 02 min 16 sec)
Heartbeat CPU 0 instructions: 26000124 cycles: 36647932 heartbeat IPC: 0.4519 cumulative IPC: 0.4646 (Simulation time: 00 hr 02 min 20 sec)
Heartbeat CPU 0 instructions: 26500130 cycles: 37802808 heartbeat IPC: 0.433 cumulative IPC: 0.4636 (Simulation time: 00 hr 02 min 24 sec)
Heartbeat CPU 0 instructions: 27000130 cycles: 38793667 heartbeat IPC: 0.5046 cumulative IPC: 0.4647 (Simulation time: 00 hr 02 min 28 sec)
Heartbeat CPU 0 instructions: 27500133 cycles: 39967099 heartbeat IPC: 0.4261 cumulative IPC: 0.4635 (Simulation time: 00 hr 02 min 32 sec)
Heartbeat CPU 0 instructions: 28000134 cycles: 40903781 heartbeat IPC: 0.5338 cumulative IPC: 0.4652 (Simulation time: 00 hr 02 min 35 sec)
Heartbeat CPU 0 instructions: 28500135 cycles: 41793053 heartbeat IPC: 0.5623 cumulative IPC: 0.4674 (Simulation time: 00 hr 02 min 39 sec)
Heartbeat CPU 0 instructions: 29000138 cycles: 42738828 heartbeat IPC: 0.5287 cumulative IPC: 0.4688 (Simulation time: 00 hr 02 min 42 sec)
Heartbeat CPU 0 instructions: 29500139 cycles: 43716383 heartbeat IPC: 0.5115 cumulative IPC: 0.4698 (Simulation time: 00 hr 02 min 46 sec)
Heartbeat CPU 0 instructions: 30000140 cycles: 44676904 heartbeat IPC: 0.5206 cumulative IPC: 0.471 (Simulation time: 00 hr 02 min 50 sec)
Heartbeat CPU 0 instructions: 30500141 cycles: 45799893 heartbeat IPC: 0.4452 cumulative IPC: 0.4703 (Simulation time: 00 hr 02 min 53 sec)
Heartbeat CPU 0 instructions: 31000142 cycles: 46824526 heartbeat IPC: 0.488 cumulative IPC: 0.4707 (Simulation time: 00 hr 02 min 57 sec)
Heartbeat CPU 0 instructions: 31500144 cycles: 47831886 heartbeat IPC: 0.4963 cumulative IPC: 0.4713 (Simulation time: 00 hr 03 min 01 sec)
Heartbeat CPU 0 instructions: 32000147 cycles: 48757933 heartbeat IPC: 0.5399 cumulative IPC: 0.4726 (Simulation time: 00 hr 03 min 04 sec)
Heartbeat CPU 0 instructions: 32500149 cycles: 49794094 heartbeat IPC: 0.4826 cumulative IPC: 0.4729 (Simulation time: 00 hr 03 min 08 sec)
Heartbeat CPU 0 instructions: 33000149 cycles: 50699578 heartbeat IPC: 0.5522 cumulative IPC: 0.4743 (Simulation time: 00 hr 03 min 11 sec)
Heartbeat CPU 0 instructions: 33500149 cycles: 51686240 heartbeat IPC: 0.5068 cumulative IPC: 0.475 (Simulation time: 00 hr 03 min 15 sec)
Heartbeat CPU 0 instructions: 34000152 cycles: 52754557 heartbeat IPC: 0.468 cumulative IPC: 0.4748 (Simulation time: 00 hr 03 min 19 sec)
Heartbeat CPU 0 instructions: 34500153 cycles: 53682966 heartbeat IPC: 0.5386 cumulative IPC: 0.476 (Simulation time: 00 hr 03 min 22 sec)
Heartbeat CPU 0 instructions: 35000156 cycles: 54578296 heartbeat IPC: 0.5585 cumulative IPC: 0.4774 (Simulation time: 00 hr 03 min 26 sec)
Heartbeat CPU 0 instructions: 35500161 cycles: 55560761 heartbeat IPC: 0.5089 cumulative IPC: 0.478 (Simulation time: 00 hr 03 min 29 sec)
Heartbeat CPU 0 instructions: 36000162 cycles: 56618778 heartbeat IPC: 0.4726 cumulative IPC: 0.4779 (Simulation time: 00 hr 03 min 33 sec)
Heartbeat CPU 0 instructions: 36500166 cycles: 57661769 heartbeat IPC: 0.4794 cumulative IPC: 0.4779 (Simulation time: 00 hr 03 min 37 sec)
Heartbeat CPU 0 instructions: 37000166 cycles: 58594982 heartbeat IPC: 0.5358 cumulative IPC: 0.4789 (Simulation time: 00 hr 03 min 41 sec)
Heartbeat CPU 0 instructions: 37500168 cycles: 59557052 heartbeat IPC: 0.5197 cumulative IPC: 0.4795 (Simulation time: 00 hr 03 min 44 sec)
Heartbeat CPU 0 instructions: 38000168 cycles: 60562151 heartbeat IPC: 0.4975 cumulative IPC: 0.4799 (Simulation time: 00 hr 03 min 48 sec)
Heartbeat CPU 0 instructions: 38500171 cycles: 61657927 heartbeat IPC: 0.4563 cumulative IPC: 0.4794 (Simulation time: 00 hr 03 min 52 sec)
Heartbeat CPU 0 instructions: 39000172 cycles: 62714288 heartbeat IPC: 0.4733 cumulative IPC: 0.4793 (Simulation time: 00 hr 03 min 55 sec)
Heartbeat CPU 0 instructions: 39500173 cycles: 63746831 heartbeat IPC: 0.4842 cumulative IPC: 0.4794 (Simulation time: 00 hr 03 min 59 sec)
Heartbeat CPU 0 instructions: 40000175 cycles: 64653879 heartbeat IPC: 0.5512 cumulative IPC: 0.4804 (Simulation time: 00 hr 04 min 02 sec)
Heartbeat CPU 0 instructions: 40500175 cycles: 65656163 heartbeat IPC: 0.4989 cumulative IPC: 0.4807 (Simulation time: 00 hr 04 min 06 sec)
Heartbeat CPU 0 instructions: 41000175 cycles: 66711806 heartbeat IPC: 0.4736 cumulative IPC: 0.4806 (Simulation time: 00 hr 04 min 10 sec)
Heartbeat CPU 0 instructions: 41500175 cycles: 67772199 heartbeat IPC: 0.4715 cumulative IPC: 0.4805 (Simulation time: 00 hr 04 min 14 sec)
Heartbeat CPU 0 instructions: 42000180 cycles: 68823918 heartbeat IPC: 0.4754 cumulative IPC: 0.4804 (Simulation time: 00 hr 04 min 17 sec)
Heartbeat CPU 0 instructions: 42500186 cycles: 69881689 heartbeat IPC: 0.4727 cumulative IPC: 0.4803 (Simulation time: 00 hr 04 min 21 sec)
Heartbeat CPU 0 instructions: 43000188 cycles: 70996536 heartbeat IPC: 0.4485 cumulative IPC: 0.4797 (Simulation time: 00 hr 04 min 25 sec)
Heartbeat CPU 0 instructions: 43500191 cycles: 72018454 heartbeat IPC: 0.4893 cumulative IPC: 0.4799 (Simulation time: 00 hr 04 min 29 sec)
Heartbeat CPU 0 instructions: 44000192 cycles: 73078367 heartbeat IPC: 0.4717 cumulative IPC: 0.4798 (Simulation time: 00 hr 04 min 33 sec)
Heartbeat CPU 0 instructions: 44500192 cycles: 74107947 heartbeat IPC: 0.4856 cumulative IPC: 0.4799 (Simulation time: 00 hr 04 min 36 sec)
Heartbeat CPU 0 instructions: 45000198 cycles: 75066039 heartbeat IPC: 0.5219 cumulative IPC: 0.4804 (Simulation time: 00 hr 04 min 40 sec)
Heartbeat CPU 0 instructions: 45500198 cycles: 76065128 heartbeat IPC: 0.5005 cumulative IPC: 0.4807 (Simulation time: 00 hr 04 min 44 sec)
Heartbeat CPU 0 instructions: 46000198 cycles: 77019048 heartbeat IPC: 0.5242 cumulative IPC: 0.4812 (Simulation time: 00 hr 04 min 47 sec)
Heartbeat CPU 0 instructions: 46500199 cycles: 77891107 heartbeat IPC: 0.5734 cumulative IPC: 0.4823 (Simulation time: 00 hr 04 min 50 sec)
Heartbeat CPU 0 instructions: 47000201 cycles: 78818965 heartbeat IPC: 0.5389 cumulative IPC: 0.483 (Simulation time: 00 hr 04 min 54 sec)
Heartbeat CPU 0 instructions: 47500201 cycles: 79705890 heartbeat IPC: 0.5637 cumulative IPC: 0.4839 (Simulation time: 00 hr 04 min 57 sec)
Heartbeat CPU 0 instructions: 48000203 cycles: 80552952 heartbeat IPC: 0.5903 cumulative IPC: 0.4851 (Simulation time: 00 hr 05 min 01 sec)
Heartbeat CPU 0 instructions: 48500204 cycles: 81474926 heartbeat IPC: 0.5423 cumulative IPC: 0.4857 (Simulation time: 00 hr 05 min 04 sec)
Heartbeat CPU 0 instructions: 49000208 cycles: 82444697 heartbeat IPC: 0.5156 cumulative IPC: 0.4861 (Simulation time: 00 hr 05 min 08 sec)
Heartbeat CPU 0 instructions: 49500209 cycles: 83355544 heartbeat IPC: 0.5489 cumulative IPC: 0.4868 (Simulation time: 00 hr 05 min 11 sec)
Heartbeat CPU 0 instructions: 50000209 cycles: 84347091 heartbeat IPC: 0.5043 cumulative IPC: 0.487 (Simulation time: 00 hr 05 min 15 sec)
Heartbeat CPU 0 instructions: 50500210 cycles: 85349101 heartbeat IPC: 0.499 cumulative IPC: 0.4871 (Simulation time: 00 hr 05 min 19 sec)
Heartbeat CPU 0 instructions: 51000213 cycles: 86291481 heartbeat IPC: 0.5306 cumulative IPC: 0.4876 (Simulation time: 00 hr 05 min 22 sec)
Heartbeat CPU 0 instructions: 51500216 cycles: 87260612 heartbeat IPC: 0.5159 cumulative IPC: 0.4879 (Simulation time: 00 hr 05 min 26 sec)
Heartbeat CPU 0 instructions: 52000217 cycles: 88129972 heartbeat IPC: 0.5751 cumulative IPC: 0.4888 (Simulation time: 00 hr 05 min 29 sec)
Heartbeat CPU 0 instructions: 52500217 cycles: 89058993 heartbeat IPC: 0.5382 cumulative IPC: 0.4894 (Simulation time: 00 hr 05 min 33 sec)
Heartbeat CPU 0 instructions: 53000217 cycles: 90018973 heartbeat IPC: 0.5208 cumulative IPC: 0.4897 (Simulation time: 00 hr 05 min 37 sec)
Heartbeat CPU 0 instructions: 53500218 cycles: 90933242 heartbeat IPC: 0.5469 cumulative IPC: 0.4903 (Simulation time: 00 hr 05 min 40 sec)
Heartbeat CPU 0 instructions: 54000218 cycles: 91930883 heartbeat IPC: 0.5012 cumulative IPC: 0.4904 (Simulation time: 00 hr 05 min 44 sec)
Heartbeat CPU 0 instructions: 54500221 cycles: 92826080 heartbeat IPC: 0.5585 cumulative IPC: 0.4911 (Simulation time: 00 hr 05 min 47 sec)
Heartbeat CPU 0 instructions: 55000221 cycles: 93776760 heartbeat IPC: 0.5259 cumulative IPC: 0.4914 (Simulation time: 00 hr 05 min 51 sec)
Heartbeat CPU 0 instructions: 55500221 cycles: 94745128 heartbeat IPC: 0.5163 cumulative IPC: 0.4917 (Simulation time: 00 hr 05 min 54 sec)
Heartbeat CPU 0 instructions: 56000221 cycles: 95824180 heartbeat IPC: 0.4634 cumulative IPC: 0.4914 (Simulation time: 00 hr 05 min 58 sec)
Heartbeat CPU 0 instructions: 56500223 cycles: 96841403 heartbeat IPC: 0.4915 cumulative IPC: 0.4914 (Simulation time: 00 hr 06 min 02 sec)
Heartbeat CPU 0 instructions: 57000224 cycles: 97805365 heartbeat IPC: 0.5187 cumulative IPC: 0.4917 (Simulation time: 00 hr 06 min 06 sec)
Heartbeat CPU 0 instructions: 57500224 cycles: 98733844 heartbeat IPC: 0.5385 cumulative IPC: 0.4921 (Simulation time: 00 hr 06 min 09 sec)
Heartbeat CPU 0 instructions: 58000224 cycles: 99816720 heartbeat IPC: 0.4617 cumulative IPC: 0.4918 (Simulation time: 00 hr 06 min 13 sec)
Heartbeat CPU 0 instructions: 58500224 cycles: 100840246 heartbeat IPC: 0.4885 cumulative IPC: 0.4917 (Simulation time: 00 hr 06 min 17 sec)
Heartbeat CPU 0 instructions: 59000224 cycles: 101788946 heartbeat IPC: 0.527 cumulative IPC: 0.4921 (Simulation time: 00 hr 06 min 20 sec)
Heartbeat CPU 0 instructions: 59500225 cycles: 102953079 heartbeat IPC: 0.4295 cumulative IPC: 0.4914 (Simulation time: 00 hr 06 min 24 sec)
Simulation finished CPU 0 instructions: 50000006 cycles: 101697459 cumulative IPC: 0.4917 (Simulation time: 00 hr 06 min 28 sec)
Simulation complete CPU 0 instructions: 50000006 cycles: 101697459 cumulative IPC: 0.4917 (Simulation time: 00 hr 06 min 28 sec)

ChampSim completed all CPUs

=== Simulation ===
CPU 0 runs traces/cc-14.trace.gz

Region of Interest Statistics

CPU 0 cumulative IPC: 0.4917 instructions: 50000006 cycles: 101697459
CPU 0 Branch Prediction Accuracy: 91.01% MPKI: 17.9 Average ROB Occupancy at Mispredict: 33.19
Branch type MPKI
BRANCH_DIRECT_JUMP: 0
BRANCH_INDIRECT: 0
BRANCH_CONDITIONAL: 17.9
BRANCH_DIRECT_CALL: 0
BRANCH_INDIRECT_CALL: 0
BRANCH_RETURN: 0

cpu0->cpu0_STLB TOTAL        ACCESS:    2366200 HIT:    2362637 MISS:       3563 MSHR_MERGE:          0
cpu0->cpu0_STLB LOAD         ACCESS:    2366200 HIT:    2362637 MISS:       3563 MSHR_MERGE:          0
cpu0->cpu0_STLB RFO          ACCESS:          0 HIT:          0 MISS:          0 MSHR_MERGE:          0
cpu0->cpu0_STLB PREFETCH     ACCESS:          0 HIT:          0 MISS:          0 MSHR_MERGE:          0
cpu0->cpu0_STLB WRITE        ACCESS:          0 HIT:          0 MISS:          0 MSHR_MERGE:          0
cpu0->cpu0_STLB TRANSLATION  ACCESS:          0 HIT:          0 MISS:          0 MSHR_MERGE:          0
cpu0->cpu0_STLB PREFETCH REQUESTED:          0 ISSUED:          0 USEFUL:          0 USELESS:          0
cpu0->cpu0_STLB AVERAGE MISS LATENCY: 249.1 cycles
cpu0->cpu0_L2C TOTAL        ACCESS:    5069164 HIT:    3865621 MISS:    1203543 MSHR_MERGE:      45123
cpu0->cpu0_L2C LOAD         ACCESS:    3621524 HIT:    2711634 MISS:     909890 MSHR_MERGE:       1323
cpu0->cpu0_L2C RFO          ACCESS:          0 HIT:          0 MISS:          0 MSHR_MERGE:          0
cpu0->cpu0_L2C PREFETCH     ACCESS:    1239692 HIT:     946496 MISS:     293196 MSHR_MERGE:      43800
cpu0->cpu0_L2C WRITE        ACCESS:     204546 HIT:     204545 MISS:          1 MSHR_MERGE:          0
cpu0->cpu0_L2C TRANSLATION  ACCESS:       3402 HIT:       2946 MISS:        456 MSHR_MERGE:          0
cpu0->cpu0_L2C PREFETCH REQUESTED:    1240210 ISSUED:    1239692 USEFUL:     221008 USELESS:      29733
cpu0->cpu0_L2C AVERAGE MISS LATENCY: 84.73 cycles
cpu0->cpu0_L1I TOTAL        ACCESS:      81560 HIT:      81560 MISS:          0 MSHR_MERGE:          0
cpu0->cpu0_L1I LOAD         ACCESS:      81560 HIT:      81560 MISS:          0 MSHR_MERGE:          0
cpu0->cpu0_L1I RFO          ACCESS:          0 HIT:          0 MISS:          0 MSHR_MERGE:          0
cpu0->cpu0_L1I PREFETCH     ACCESS:          0 HIT:          0 MISS:          0 MSHR_MERGE:          0
cpu0->cpu0_L1I WRITE        ACCESS:          0 HIT:          0 MISS:          0 MSHR_MERGE:          0
cpu0->cpu0_L1I TRANSLATION  ACCESS:          0 HIT:          0 MISS:          0 MSHR_MERGE:          0
cpu0->cpu0_L1I PREFETCH REQUESTED:          0 ISSUED:          0 USEFUL:          0 USELESS:          0
cpu0->cpu0_L1I AVERAGE MISS LATENCY: - cycles
cpu0->cpu0_L1D TOTAL        ACCESS:   13036366 HIT:    9039174 MISS:    3997192 MSHR_MERGE:     372263
cpu0->cpu0_L1D LOAD         ACCESS:   12791730 HIT:    8797940 MISS:    3993790 MSHR_MERGE:     372263
cpu0->cpu0_L1D RFO          ACCESS:          0 HIT:          0 MISS:          0 MSHR_MERGE:          0
cpu0->cpu0_L1D PREFETCH     ACCESS:          0 HIT:          0 MISS:          0 MSHR_MERGE:          0
cpu0->cpu0_L1D WRITE        ACCESS:     237503 HIT:     237503 MISS:          0 MSHR_MERGE:          0
cpu0->cpu0_L1D TRANSLATION  ACCESS:       7133 HIT:       3731 MISS:       3402 MSHR_MERGE:          0
cpu0->cpu0_L1D PREFETCH REQUESTED:          0 ISSUED:          0 USEFUL:          0 USELESS:          0
cpu0->cpu0_L1D AVERAGE MISS LATENCY: 29.66 cycles
cpu0->cpu0_ITLB TOTAL        ACCESS:      78150 HIT:      78150 MISS:          0 MSHR_MERGE:          0
cpu0->cpu0_ITLB LOAD         ACCESS:      78150 HIT:      78150 MISS:          0 MSHR_MERGE:          0
cpu0->cpu0_ITLB RFO          ACCESS:          0 HIT:          0 MISS:          0 MSHR_MERGE:          0
cpu0->cpu0_ITLB PREFETCH     ACCESS:          0 HIT:          0 MISS:          0 MSHR_MERGE:          0
cpu0->cpu0_ITLB WRITE        ACCESS:          0 HIT:          0 MISS:          0 MSHR_MERGE:          0
cpu0->cpu0_ITLB TRANSLATION  ACCESS:          0 HIT:          0 MISS:          0 MSHR_MERGE:          0
cpu0->cpu0_ITLB PREFETCH REQUESTED:          0 ISSUED:          0 USEFUL:          0 USELESS:          0
cpu0->cpu0_ITLB AVERAGE MISS LATENCY: - cycles
cpu0->cpu0_DTLB TOTAL        ACCESS:   13029016 HIT:   10261093 MISS:    2767923 MSHR_MERGE:     401719
cpu0->cpu0_DTLB LOAD         ACCESS:   13029016 HIT:   10261093 MISS:    2767923 MSHR_MERGE:     401719
cpu0->cpu0_DTLB RFO          ACCESS:          0 HIT:          0 MISS:          0 MSHR_MERGE:          0
cpu0->cpu0_DTLB PREFETCH     ACCESS:          0 HIT:          0 MISS:          0 MSHR_MERGE:          0
cpu0->cpu0_DTLB WRITE        ACCESS:          0 HIT:          0 MISS:          0 MSHR_MERGE:          0
cpu0->cpu0_DTLB TRANSLATION  ACCESS:          0 HIT:          0 MISS:          0 MSHR_MERGE:          0
cpu0->cpu0_DTLB PREFETCH REQUESTED:          0 ISSUED:          0 USEFUL:          0 USELESS:          0
cpu0->cpu0_DTLB AVERAGE MISS LATENCY: 5.384 cycles
cpu0->LLC TOTAL        ACCESS:    1348369 HIT:     803087 MISS:     545282 MSHR_MERGE:          7
cpu0->LLC LOAD         ACCESS:     908565 HIT:     644482 MISS:     264083 MSHR_MERGE:          1
cpu0->LLC RFO          ACCESS:          0 HIT:          0 MISS:          0 MSHR_MERGE:          0
cpu0->LLC PREFETCH     ACCESS:     249395 HIT:      26686 MISS:     222709 MSHR_MERGE:          6
cpu0->LLC WRITE        ACCESS:     189953 HIT:     131919 MISS:      58034 MSHR_MERGE:          0
cpu0->LLC TRANSLATION  ACCESS:        456 HIT:          0 MISS:        456 MSHR_MERGE:          0
cpu0->LLC PREFETCH REQUESTED:          0 ISSUED:          0 USEFUL:          0 USELESS:          0
cpu0->LLC AVERAGE MISS LATENCY: 179 cycles

DRAM Statistics

Channel 0 RQ ROW_BUFFER_HIT:       2597
  ROW_BUFFER_MISS:     484619
  AVG DBUS CONGESTED CYCLE: 30.74
Channel 0 WQ ROW_BUFFER_HIT:      15819
  ROW_BUFFER_MISS:      61962
  FULL:          0
Channel 0 REFRESHES ISSUED:       8474
