[VMEM] WARNING: physical memory size is smaller than virtual memory size.

*** ChampSim Multicore Out-of-Order Simulator ***
Warmup Instructions: 10000000
Simulation Instructions: 50000000
Number of CPUs: 1
Page size: 4096
Core 0: traces/charlie_0001.champsim.gz
Off-chip DRAM Size: 64 GiB Channels: 1 Width: 64-bit Data Rate: 4807 MT/s
[BTB] WARNING: target of return is a lower address than the corresponding call. This is usually a problem with your trace.
[BTB] WARNING: target of return is a lower address than the corresponding call. This is usually a problem with your trace.
[BTB] WARNING: target of return is a lower address than the corresponding call. This is usually a problem with your trace.
[BTB] WARNING: target of return is a lower address than the corresponding call. This is usually a problem with your trace.
[BTB] WARNING: target of return is a lower address than the corresponding call. This is usually a problem with your trace.
[BTB] WARNING: target of return is a lower address than the corresponding call. This is usually a problem with your trace.
[BTB] WARNING: target of return is a lower address than the corresponding call. This is usually a problem with your trace.
[BTB] WARNING: target of return is a lower address than the corresponding call. This is usually a problem with your trace.
Heartbeat CPU 0 instructions: 500004 cycles: 180737 heartbeat IPC: 2.766 cumulative IPC: 2.766 (Simulation time: 00 hr 00 min 02 sec)
Heartbeat CPU 0 instructions: 1000009 cycles: 296439 heartbeat IPC: 4.321 cumulative IPC: 3.373 (Simulation time: 00 hr 00 min 03 sec)
[BTB] WARNING: target of return is a lower address than the corresponding call. This is usually a problem with your trace.
[BTB] WARNING: target of return is a lower address than the corresponding call. This is usually a problem with your trace.
Heartbeat CPU 0 instructions: 1500014 cycles: 520030 heartbeat IPC: 2.236 cumulative IPC: 2.884 (Simulation time: 00 hr 00 min 04 sec)
Heartbeat CPU 0 instructions: 2000015 cycles: 632955 heartbeat IPC: 4.428 cumulative IPC: 3.16 (Simulation time: 00 hr 00 min 05 sec)
Heartbeat CPU 0 instructions: 2500020 cycles: 746901 heartbeat IPC: 4.388 cumulative IPC: 3.347 (Simulation time: 00 hr 00 min 06 sec)
Heartbeat CPU 0 instructions: 3000026 cycles: 854032 heartbeat IPC: 4.667 cumulative IPC: 3.513 (Simulation time: 00 hr 00 min 07 sec)
Heartbeat CPU 0 instructions: 3500031 cycles: 960816 heartbeat IPC: 4.682 cumulative IPC: 3.643 (Simulation time: 00 hr 00 min 09 sec)
Heartbeat CPU 0 instructions: 4000035 cycles: 1179100 heartbeat IPC: 2.291 cumulative IPC: 3.392 (Simulation time: 00 hr 00 min 10 sec)
Heartbeat CPU 0 instructions: 4500036 cycles: 1425900 heartbeat IPC: 2.026 cumulative IPC: 3.156 (Simulation time: 00 hr 00 min 12 sec)
Heartbeat CPU 0 instructions: 5000038 cycles: 1610802 heartbeat IPC: 2.704 cumulative IPC: 3.104 (Simulation time: 00 hr 00 min 14 sec)
Heartbeat CPU 0 instructions: 5500038 cycles: 1777255 heartbeat IPC: 3.004 cumulative IPC: 3.095 (Simulation time: 00 hr 00 min 15 sec)
Heartbeat CPU 0 instructions: 6000039 cycles: 1928083 heartbeat IPC: 3.315 cumulative IPC: 3.112 (Simulation time: 00 hr 00 min 16 sec)
Heartbeat CPU 0 instructions: 6500039 cycles: 2045419 heartbeat IPC: 4.261 cumulative IPC: 3.178 (Simulation time: 00 hr 00 min 17 sec)
Heartbeat CPU 0 instructions: 7000039 cycles: 2163236 heartbeat IPC: 4.244 cumulative IPC: 3.236 (Simulation time: 00 hr 00 min 18 sec)
Heartbeat CPU 0 instructions: 7500041 cycles: 2281884 heartbeat IPC: 4.214 cumulative IPC: 3.287 (Simulation time: 00 hr 00 min 20 sec)
Heartbeat CPU 0 instructions: 8000043 cycles: 2400096 heartbeat IPC: 4.23 cumulative IPC: 3.333 (Simulation time: 00 hr 00 min 21 sec)
Heartbeat CPU 0 instructions: 8500044 cycles: 2516181 heartbeat IPC: 4.307 cumulative IPC: 3.378 (Simulation time: 00 hr 00 min 22 sec)
Heartbeat CPU 0 instructions: 9000048 cycles: 2632779 heartbeat IPC: 4.288 cumulative IPC: 3.418 (Simulation time: 00 hr 00 min 23 sec)
Heartbeat CPU 0 instructions: 9500052 cycles: 2773438 heartbeat IPC: 3.555 cumulative IPC: 3.425 (Simulation time: 00 hr 00 min 24 sec)
Warmup finished CPU 0 instructions: 10000006 cycles: 2880975 cumulative IPC: 3.471 (Simulation time: 00 hr 00 min 25 sec)
Warmup complete CPU 0 instructions: 10000006 cycles: 2880975 cumulative IPC: 3.471 (Simulation time: 00 hr 00 min 25 sec)
Heartbeat CPU 0 instructions: 10000054 cycles: 2880981 heartbeat IPC: 4.649 cumulative IPC: 8 (Simulation time: 00 hr 00 min 25 sec)
Heartbeat CPU 0 instructions: 10500055 cycles: 3388287 heartbeat IPC: 0.9856 cumulative IPC: 0.9857 (Simulation time: 00 hr 00 min 27 sec)
Heartbeat CPU 0 instructions: 11000055 cycles: 3931942 heartbeat IPC: 0.9197 cumulative IPC: 0.9516 (Simulation time: 00 hr 00 min 30 sec)
Heartbeat CPU 0 instructions: 11500059 cycles: 4444805 heartbeat IPC: 0.9749 cumulative IPC: 0.9592 (Simulation time: 00 hr 00 min 32 sec)
Heartbeat CPU 0 instructions: 12000060 cycles: 4963227 heartbeat IPC: 0.9645 cumulative IPC: 0.9605 (Simulation time: 00 hr 00 min 34 sec)
Heartbeat CPU 0 instructions: 12500060 cycles: 5493275 heartbeat IPC: 0.9433 cumulative IPC: 0.957 (Simulation time: 00 hr 00 min 37 sec)
Heartbeat CPU 0 instructions: 13000060 cycles: 6007555 heartbeat IPC: 0.9722 cumulative IPC: 0.9595 (Simulation time: 00 hr 00 min 39 sec)
Heartbeat CPU 0 instructions: 13500060 cycles: 6508887 heartbeat IPC: 0.9973 cumulative IPC: 0.9648 (Simulation time: 00 hr 00 min 42 sec)
Heartbeat CPU 0 instructions: 14000065 cycles: 7013379 heartbeat IPC: 0.9911 cumulative IPC: 0.968 (Simulation time: 00 hr 00 min 44 sec)
Heartbeat CPU 0 instructions: 14500069 cycles: 7582607 heartbeat IPC: 0.8784 cumulative IPC: 0.9571 (Simulation time: 00 hr 00 min 47 sec)
Heartbeat CPU 0 instructions: 15000070 cycles: 8126575 heartbeat IPC: 0.9192 cumulative IPC: 0.9532 (Simulation time: 00 hr 00 min 50 sec)
Heartbeat CPU 0 instructions: 15500073 cycles: 8648125 heartbeat IPC: 0.9587 cumulative IPC: 0.9537 (Simulation time: 00 hr 00 min 53 sec)
Heartbeat CPU 0 instructions: 16000077 cycles: 9143413 heartbeat IPC: 1.01 cumulative IPC: 0.9581 (Simulation time: 00 hr 00 min 55 sec)
Heartbeat CPU 0 instructions: 16500077 cycles: 9683875 heartbeat IPC: 0.9251 cumulative IPC: 0.9555 (Simulation time: 00 hr 00 min 58 sec)
Heartbeat CPU 0 instructions: 17000083 cycles: 11047549 heartbeat IPC: 0.3667 cumulative IPC: 0.8572 (Simulation time: 00 hr 01 min 03 sec)
Heartbeat CPU 0 instructions: 17500083 cycles: 11675598 heartbeat IPC: 0.7961 cumulative IPC: 0.8528 (Simulation time: 00 hr 01 min 05 sec)
Heartbeat CPU 0 instructions: 18000084 cycles: 12247488 heartbeat IPC: 0.8743 cumulative IPC: 0.8541 (Simulation time: 00 hr 01 min 08 sec)
Heartbeat CPU 0 instructions: 18500085 cycles: 12702594 heartbeat IPC: 1.099 cumulative IPC: 0.8654 (Simulation time: 00 hr 01 min 10 sec)
Heartbeat CPU 0 instructions: 19000085 cycles: 13188154 heartbeat IPC: 1.03 cumulative IPC: 0.8732 (Simulation time: 00 hr 01 min 12 sec)
Heartbeat CPU 0 instructions: 19500092 cycles: 13624339 heartbeat IPC: 1.146 cumulative IPC: 0.8843 (Simulation time: 00 hr 01 min 14 sec)
Heartbeat CPU 0 instructions: 20000093 cycles: 14098885 heartbeat IPC: 1.054 cumulative IPC: 0.8914 (Simulation time: 00 hr 01 min 16 sec)
Heartbeat CPU 0 instructions: 20500093 cycles: 14560573 heartbeat IPC: 1.083 cumulative IPC: 0.899 (Simulation time: 00 hr 01 min 19 sec)
Heartbeat CPU 0 instructions: 21000094 cycles: 15041996 heartbeat IPC: 1.039 cumulative IPC: 0.9045 (Simulation time: 00 hr 01 min 21 sec)
Heartbeat CPU 0 instructions: 21500094 cycles: 15521714 heartbeat IPC: 1.042 cumulative IPC: 0.9098 (Simulation time: 00 hr 01 min 23 sec)
Heartbeat CPU 0 instructions: 22000095 cycles: 15933908 heartbeat IPC: 1.213 cumulative IPC: 0.9193 (Simulation time: 00 hr 01 min 25 sec)
Heartbeat CPU 0 instructions: 22500097 cycles: 16434556 heartbeat IPC: 0.9987 cumulative IPC: 0.9223 (Simulation time: 00 hr 01 min 27 sec)
Heartbeat CPU 0 instructions: 23000104 cycles: 16886470 heartbeat IPC: 1.106 cumulative IPC: 0.9282 (Simulation time: 00 hr 01 min 29 sec)
Heartbeat CPU 0 instructions: 23500105 cycles: 17357407 heartbeat IPC: 1.062 cumulative IPC: 0.9326 (Simulation time: 00 hr 01 min 32 sec)
Heartbeat CPU 0 instructions: 24000106 cycles: 17766045 heartbeat IPC: 1.224 cumulative IPC: 0.9405 (Simulation time: 00 hr 01 min 34 sec)
Heartbeat CPU 0 instructions: 24500106 cycles: 18870411 heartbeat IPC: 0.4527 cumulative IPC: 0.9069 (Simulation time: 00 hr 01 min 38 sec)
Heartbeat CPU 0 instructions: 25000107 cycles: 20581498 heartbeat IPC: 0.2922 cumulative IPC: 0.8474 (Simulation time: 00 hr 01 min 45 sec)
Heartbeat CPU 0 instructions: 25500113 cycles: 21140987 heartbeat IPC: 0.8937 cumulative IPC: 0.8489 (Simulation time: 00 hr 01 min 47 sec)
Heartbeat CPU 0 instructions: 26000118 cycles: 21654008 heartbeat IPC: 0.9746 cumulative IPC: 0.8523 (Simulation time: 00 hr 01 min 49 sec)
Heartbeat CPU 0 instructions: 26500118 cycles: 22125977 heartbeat IPC: 1.059 cumulative IPC: 0.8574 (Simulation time: 00 hr 01 min 51 sec)
Heartbeat CPU 0 instructions: 27000122 cycles: 22617700 heartbeat IPC: 1.017 cumulative IPC: 0.8613 (Simulation time: 00 hr 01 min 54 sec)
Heartbeat CPU 0 instructions: 27500128 cycles: 23032752 heartbeat IPC: 1.205 cumulative IPC: 0.8684 (Simulation time: 00 hr 01 min 56 sec)
Heartbeat CPU 0 instructions: 28000131 cycles: 23506401 heartbeat IPC: 1.056 cumulative IPC: 0.8727 (Simulation time: 00 hr 01 min 58 sec)
Heartbeat CPU 0 instructions: 28500134 cycles: 23950942 heartbeat IPC: 1.125 cumulative IPC: 0.878 (Simulation time: 00 hr 02 min 00 sec)
Heartbeat CPU 0 instructions: 29000134 cycles: 24382420 heartbeat IPC: 1.159 cumulative IPC: 0.8837 (Simulation time: 00 hr 02 min 02 sec)
Heartbeat CPU 0 instructions: 29500138 cycles: 24816709 heartbeat IPC: 1.151 cumulative IPC: 0.889 (Simulation time: 00 hr 02 min 04 sec)
Heartbeat CPU 0 instructions: 30000138 cycles: 25295409 heartbeat IPC: 1.044 cumulative IPC: 0.8923 (Simulation time: 00 hr 02 min 06 sec)
Heartbeat CPU 0 instructions: 30500139 cycles: 25755093 heartbeat IPC: 1.088 cumulative IPC: 0.8962 (Simulation time: 00 hr 02 min 08 sec)
Heartbeat CPU 0 instructions: 31000141 cycles: 26277599 heartbeat IPC: 0.9569 cumulative IPC: 0.8976 (Simulation time: 00 hr 02 min 11 sec)
Heartbeat CPU 0 instructions: 31500141 cycles: 26731010 heartbeat IPC: 1.103 cumulative IPC: 0.9015 (Simulation time: 00 hr 02 min 13 sec)
Heartbeat CPU 0 instructions: 32000143 cycles: 27181697 heartbeat IPC: 1.109 cumulative IPC: 0.9053 (Simulation time: 00 hr 02 min 15 sec)
Heartbeat CPU 0 instructions: 32500145 cycles: 27604713 heartbeat IPC: 1.182 cumulative IPC: 0.9101 (Simulation time: 00 hr 02 min 17 sec)
Heartbeat CPU 0 instructions: 33000148 cycles: 28035980 heartbeat IPC: 1.159 cumulative IPC: 0.9143 (Simulation time: 00 hr 02 min 19 sec)
Heartbeat CPU 0 instructions: 33500150 cycles: 28464705 heartbeat IPC: 1.166 cumulative IPC: 0.9186 (Simulation time: 00 hr 02 min 21 sec)
Heartbeat CPU 0 instructions: 34000155 cycles: 28892177 heartbeat IPC: 1.17 cumulative IPC: 0.9227 (Simulation time: 00 hr 02 min 23 sec)
Heartbeat CPU 0 instructions: 34500160 cycles: 29357348 heartbeat IPC: 1.075 cumulative IPC: 0.9254 (Simulation time: 00 hr 02 min 25 sec)
Heartbeat CPU 0 instructions: 35000163 cycles: 29810425 heartbeat IPC: 1.104 cumulative IPC: 0.9284 (Simulation time: 00 hr 02 min 27 sec)
Heartbeat CPU 0 instructions: 35500163 cycles: 30213581 heartbeat IPC: 1.24 cumulative IPC: 0.933 (Simulation time: 00 hr 02 min 29 sec)
Heartbeat CPU 0 instructions: 36000166 cycles: 30869345 heartbeat IPC: 0.7625 cumulative IPC: 0.929 (Simulation time: 00 hr 02 min 32 sec)
Heartbeat CPU 0 instructions: 36500166 cycles: 31293036 heartbeat IPC: 1.18 cumulative IPC: 0.9327 (Simulation time: 00 hr 02 min 35 sec)
Heartbeat CPU 0 instructions: 37000166 cycles: 31797619 heartbeat IPC: 0.9909 cumulative IPC: 0.9337 (Simulation time: 00 hr 02 min 37 sec)
Heartbeat CPU 0 instructions: 37500166 cycles: 32237813 heartbeat IPC: 1.136 cumulative IPC: 0.9368 (Simulation time: 00 hr 02 min 39 sec)
Heartbeat CPU 0 instructions: 38000166 cycles: 32690437 heartbeat IPC: 1.105 cumulative IPC: 0.9393 (Simulation time: 00 hr 02 min 41 sec)
Heartbeat CPU 0 instructions: 38500167 cycles: 33090310 heartbeat IPC: 1.25 cumulative IPC: 0.9434 (Simulation time: 00 hr 02 min 43 sec)
Heartbeat CPU 0 instructions: 39000171 cycles: 33634060 heartbeat IPC: 0.9195 cumulative IPC: 0.943 (Simulation time: 00 hr 02 min 45 sec)
Heartbeat CPU 0 instructions: 39500173 cycles: 34123300 heartbeat IPC: 1.022 cumulative IPC: 0.9442 (Simulation time: 00 hr 02 min 48 sec)
Heartbeat CPU 0 instructions: 40000180 cycles: 34533697 heartbeat IPC: 1.218 cumulative IPC: 0.9478 (Simulation time: 00 hr 02 min 50 sec)
Heartbeat CPU 0 instructions: 40500181 cycles: 34967132 heartbeat IPC: 1.154 cumulative IPC: 0.9506 (Simulation time: 00 hr 02 min 52 sec)
Heartbeat CPU 0 instructions: 41000188 cycles: 35484018 heartbeat IPC: 0.9673 cumulative IPC: 0.9508 (Simulation time: 00 hr 02 min 54 sec)
Heartbeat CPU 0 instructions: 41500188 cycles: 36000088 heartbeat IPC: 0.9689 cumulative IPC: 0.9511 (Simulation time: 00 hr 02 min 57 sec)
Heartbeat CPU 0 instructions: 42000192 cycles: 36520303 heartbeat IPC: 0.9611 cumulative IPC: 0.9513 (Simulation time: 00 hr 02 min 59 sec)
Heartbeat CPU 0 instructions: 42500196 cycles: 37111402 heartbeat IPC: 0.8459 cumulative IPC: 0.9495 (Simulation time: 00 hr 03 min 02 sec)
Heartbeat CPU 0 instructions: 43000196 cycles: 37534782 heartbeat IPC: 1.181 cumulative IPC: 0.9523 (Simulation time: 00 hr 03 min 04 sec)
Heartbeat CPU 0 instructions: 43500202 cycles: 37974013 heartbeat IPC: 1.138 cumulative IPC: 0.9546 (Simulation time: 00 hr 03 min 06 sec)
Heartbeat CPU 0 instructions: 44000204 cycles: 38393972 heartbeat IPC: 1.191 cumulative IPC: 0.9574 (Simulation time: 00 hr 03 min 08 sec)
Heartbeat CPU 0 instructions: 44500207 cycles: 38847718 heartbeat IPC: 1.102 cumulative IPC: 0.9592 (Simulation time: 00 hr 03 min 10 sec)
Heartbeat CPU 0 instructions: 45000208 cycles: 39272076 heartbeat IPC: 1.178 cumulative IPC: 0.9618 (Simulation time: 00 hr 03 min 13 sec)
Heartbeat CPU 0 instructions: 45500213 cycles: 39690865 heartbeat IPC: 1.194 cumulative IPC: 0.9644 (Simulation time: 00 hr 03 min 15 sec)
Heartbeat CPU 0 instructions: 46000215 cycles: 40116327 heartbeat IPC: 1.175 cumulative IPC: 0.9668 (Simulation time: 00 hr 03 min 18 sec)
Heartbeat CPU 0 instructions: 46500216 cycles: 40585225 heartbeat IPC: 1.066 cumulative IPC: 0.9681 (Simulation time: 00 hr 03 min 20 sec)
Heartbeat CPU 0 instructions: 47000220 cycles: 41023584 heartbeat IPC: 1.141 cumulative IPC: 0.97 (Simulation time: 00 hr 03 min 23 sec)
Heartbeat CPU 0 instructions: 47500221 cycles: 41395649 heartbeat IPC: 1.344 cumulative IPC: 0.9737 (Simulation time: 00 hr 03 min 25 sec)
Heartbeat CPU 0 instructions: 48000224 cycles: 41777780 heartbeat IPC: 1.308 cumulative IPC: 0.9769 (Simulation time: 00 hr 03 min 27 sec)
Heartbeat CPU 0 instructions: 48500229 cycles: 42082331 heartbeat IPC: 1.642 cumulative IPC: 0.9821 (Simulation time: 00 hr 03 min 30 sec)
Heartbeat CPU 0 instructions: 49000229 cycles: 42536324 heartbeat IPC: 1.101 cumulative IPC: 0.9835 (Simulation time: 00 hr 03 min 32 sec)
Heartbeat CPU 0 instructions: 49500234 cycles: 42958652 heartbeat IPC: 1.184 cumulative IPC: 0.9856 (Simulation time: 00 hr 03 min 34 sec)
Heartbeat CPU 0 instructions: 50000234 cycles: 43361353 heartbeat IPC: 1.242 cumulative IPC: 0.9881 (Simulation time: 00 hr 03 min 36 sec)
Heartbeat CPU 0 instructions: 50500241 cycles: 43800568 heartbeat IPC: 1.138 cumulative IPC: 0.9898 (Simulation time: 00 hr 03 min 38 sec)
Heartbeat CPU 0 instructions: 51000241 cycles: 44203085 heartbeat IPC: 1.242 cumulative IPC: 0.9922 (Simulation time: 00 hr 03 min 41 sec)
Heartbeat CPU 0 instructions: 51500247 cycles: 44594523 heartbeat IPC: 1.277 cumulative IPC: 0.9949 (Simulation time: 00 hr 03 min 43 sec)
Heartbeat CPU 0 instructions: 52000250 cycles: 44995880 heartbeat IPC: 1.246 cumulative IPC: 0.9973 (Simulation time: 00 hr 03 min 45 sec)
Heartbeat CPU 0 instructions: 52500254 cycles: 45397493 heartbeat IPC: 1.245 cumulative IPC: 0.9996 (Simulation time: 00 hr 03 min 47 sec)
Heartbeat CPU 0 instructions: 53000258 cycles: 45857186 heartbeat IPC: 1.088 cumulative IPC: 1.001 (Simulation time: 00 hr 03 min 50 sec)
Heartbeat CPU 0 instructions: 53500263 cycles: 46255084 heartbeat IPC: 1.257 cumulative IPC: 1.003 (Simulation time: 00 hr 03 min 52 sec)
Heartbeat CPU 0 instructions: 54000265 cycles: 46652994 heartbeat IPC: 1.257 cumulative IPC: 1.005 (Simulation time: 00 hr 03 min 54 sec)
Heartbeat CPU 0 instructions: 54500265 cycles: 47026078 heartbeat IPC: 1.34 cumulative IPC: 1.008 (Simulation time: 00 hr 03 min 56 sec)
Heartbeat CPU 0 instructions: 55000267 cycles: 48120300 heartbeat IPC: 0.4569 cumulative IPC: 0.9947 (Simulation time: 00 hr 04 min 00 sec)
Heartbeat CPU 0 instructions: 55500269 cycles: 48557264 heartbeat IPC: 1.144 cumulative IPC: 0.9961 (Simulation time: 00 hr 04 min 02 sec)
Heartbeat CPU 0 instructions: 56000270 cycles: 49087224 heartbeat IPC: 0.9435 cumulative IPC: 0.9955 (Simulation time: 00 hr 04 min 05 sec)
Heartbeat CPU 0 instructions: 56500270 cycles: 49506890 heartbeat IPC: 1.191 cumulative IPC: 0.9973 (Simulation time: 00 hr 04 min 07 sec)
Heartbeat CPU 0 instructions: 57000277 cycles: 49965170 heartbeat IPC: 1.091 cumulative IPC: 0.9982 (Simulation time: 00 hr 04 min 09 sec)
Heartbeat CPU 0 instructions: 57500277 cycles: 50345031 heartbeat IPC: 1.316 cumulative IPC: 1.001 (Simulation time: 00 hr 04 min 11 sec)
Heartbeat CPU 0 instructions: 58000282 cycles: 50763466 heartbeat IPC: 1.195 cumulative IPC: 1.002 (Simulation time: 00 hr 04 min 14 sec)
Heartbeat CPU 0 instructions: 58500284 cycles: 51156063 heartbeat IPC: 1.274 cumulative IPC: 1.005 (Simulation time: 00 hr 04 min 16 sec)
Heartbeat CPU 0 instructions: 59000285 cycles: 51500896 heartbeat IPC: 1.45 cumulative IPC: 1.008 (Simulation time: 00 hr 04 min 18 sec)
Heartbeat CPU 0 instructions: 59500286 cycles: 51852745 heartbeat IPC: 1.421 cumulative IPC: 1.011 (Simulation time: 00 hr 04 min 20 sec)
Simulation finished CPU 0 instructions: 50000001 cycles: 49407746 cumulative IPC: 1.012 (Simulation time: 00 hr 04 min 22 sec)
Simulation complete CPU 0 instructions: 50000001 cycles: 49407746 cumulative IPC: 1.012 (Simulation time: 00 hr 04 min 22 sec)

ChampSim completed all CPUs

=== Simulation ===
CPU 0 runs traces/charlie_0001.champsim.gz

Region of Interest Statistics

CPU 0 cumulative IPC: 1.012 instructions: 50000001 cycles: 49407746
CPU 0 Branch Prediction Accuracy: 92.35% MPKI: 14.31 Average ROB Occupancy at Mispredict: 41.94
Branch type MPKI
BRANCH_DIRECT_JUMP: 0.1544
BRANCH_INDIRECT: 0.5093
BRANCH_CONDITIONAL: 13.03
BRANCH_DIRECT_CALL: 0.03448
BRANCH_INDIRECT_CALL: 0.4799
BRANCH_RETURN: 0.09466

cpu0->cpu0_STLB TOTAL        ACCESS:      70592 HIT:      58345 MISS:      12247 MSHR_MERGE:          0
cpu0->cpu0_STLB LOAD         ACCESS:      70592 HIT:      58345 MISS:      12247 MSHR_MERGE:          0
cpu0->cpu0_STLB RFO          ACCESS:          0 HIT:          0 MISS:          0 MSHR_MERGE:          0
cpu0->cpu0_STLB PREFETCH     ACCESS:          0 HIT:          0 MISS:          0 MSHR_MERGE:          0
cpu0->cpu0_STLB WRITE        ACCESS:          0 HIT:          0 MISS:          0 MSHR_MERGE:          0
cpu0->cpu0_STLB TRANSLATION  ACCESS:          0 HIT:          0 MISS:          0 MSHR_MERGE:          0
cpu0->cpu0_STLB PREFETCH REQUESTED:          0 ISSUED:          0 USEFUL:          0 USELESS:          0
cpu0->cpu0_STLB AVERAGE MISS LATENCY: 292.5 cycles
cpu0->cpu0_L2C TOTAL        ACCESS:     940908 HIT:     629473 MISS:     311435 MSHR_MERGE:       8053
cpu0->cpu0_L2C LOAD         ACCESS:     436142 HIT:     359461 MISS:      76681 MSHR_MERGE:       2364
cpu0->cpu0_L2C RFO          ACCESS:     202078 HIT:       9718 MISS:     192360 MSHR_MERGE:          0
cpu0->cpu0_L2C PREFETCH     ACCESS:      59453 HIT:      24451 MISS:      35002 MSHR_MERGE:       5689
cpu0->cpu0_L2C WRITE        ACCESS:     231588 HIT:     231579 MISS:          9 MSHR_MERGE:          0
cpu0->cpu0_L2C TRANSLATION  ACCESS:      11647 HIT:       4264 MISS:       7383 MSHR_MERGE:          0
cpu0->cpu0_L2C PREFETCH REQUESTED:      66634 ISSUED:      59453 USEFUL:      13042 USELESS:        735
cpu0->cpu0_L2C AVERAGE MISS LATENCY: 256.5 cycles
cpu0->cpu0_L1I TOTAL        ACCESS:    2885197 HIT:    2626539 MISS:     258658 MSHR_MERGE:      66657
cpu0->cpu0_L1I LOAD         ACCESS:    2885197 HIT:    2626539 MISS:     258658 MSHR_MERGE:      66657
cpu0->cpu0_L1I RFO          ACCESS:          0 HIT:          0 MISS:          0 MSHR_MERGE:          0
cpu0->cpu0_L1I PREFETCH     ACCESS:          0 HIT:          0 MISS:          0 MSHR_MERGE:          0
cpu0->cpu0_L1I WRITE        ACCESS:          0 HIT:          0 MISS:          0 MSHR_MERGE:          0
cpu0->cpu0_L1I TRANSLATION  ACCESS:          0 HIT:          0 MISS:          0 MSHR_MERGE:          0
cpu0->cpu0_L1I PREFETCH REQUESTED:          0 ISSUED:          0 USEFUL:          0 USELESS:          0
cpu0->cpu0_L1I AVERAGE MISS LATENCY: 24.69 cycles
cpu0->cpu0_L1D TOTAL        ACCESS:   13935200 HIT:   12537461 MISS:    1397739 MSHR_MERGE:     939872
cpu0->cpu0_L1D LOAD         ACCESS:    8454735 HIT:    8023906 MISS:     430829 MSHR_MERGE:     186687
cpu0->cpu0_L1D RFO          ACCESS:          0 HIT:          0 MISS:          0 MSHR_MERGE:          0
cpu0->cpu0_L1D PREFETCH     ACCESS:          0 HIT:          0 MISS:          0 MSHR_MERGE:          0
cpu0->cpu0_L1D WRITE        ACCESS:    5449444 HIT:    4494396 MISS:     955048 MSHR_MERGE:     752970
cpu0->cpu0_L1D TRANSLATION  ACCESS:      31021 HIT:      19159 MISS:      11862 MSHR_MERGE:        215
cpu0->cpu0_L1D PREFETCH REQUESTED:          0 ISSUED:          0 USEFUL:          0 USELESS:          0
cpu0->cpu0_L1D AVERAGE MISS LATENCY: 156.2 cycles
cpu0->cpu0_ITLB TOTAL        ACCESS:    2352334 HIT:    2330115 MISS:      22219 MSHR_MERGE:      11083
cpu0->cpu0_ITLB LOAD         ACCESS:    2352334 HIT:    2330115 MISS:      22219 MSHR_MERGE:      11083
cpu0->cpu0_ITLB RFO          ACCESS:          0 HIT:          0 MISS:          0 MSHR_MERGE:          0
cpu0->cpu0_ITLB PREFETCH     ACCESS:          0 HIT:          0 MISS:          0 MSHR_MERGE:          0
cpu0->cpu0_ITLB WRITE        ACCESS:          0 HIT:          0 MISS:          0 MSHR_MERGE:          0
cpu0->cpu0_ITLB TRANSLATION  ACCESS:          0 HIT:          0 MISS:          0 MSHR_MERGE:          0
cpu0->cpu0_ITLB PREFETCH REQUESTED:          0 ISSUED:          0 USEFUL:          0 USELESS:          0
cpu0->cpu0_ITLB AVERAGE MISS LATENCY: 23.15 cycles
cpu0->cpu0_DTLB TOTAL        ACCESS:   13219119 HIT:   13107632 MISS:     111487 MSHR_MERGE:      52031
cpu0->cpu0_DTLB LOAD         ACCESS:   13219119 HIT:   13107632 MISS:     111487 MSHR_MERGE:      52031
cpu0->cpu0_DTLB RFO          ACCESS:          0 HIT:          0 MISS:          0 MSHR_MERGE:          0
cpu0->cpu0_DTLB PREFETCH     ACCESS:          0 HIT:          0 MISS:          0 MSHR_MERGE:          0
cpu0->cpu0_DTLB WRITE        ACCESS:          0 HIT:          0 MISS:          0 MSHR_MERGE:          0
cpu0->cpu0_DTLB TRANSLATION  ACCESS:          0 HIT:          0 MISS:          0 MSHR_MERGE:          0
cpu0->cpu0_DTLB PREFETCH REQUESTED:          0 ISSUED:          0 USEFUL:          0 USELESS:          0
cpu0->cpu0_DTLB AVERAGE MISS LATENCY: 62.06 cycles
cpu0->LLC TOTAL        ACCESS:     503989 HIT:      27571 MISS:     476418 MSHR_MERGE:       9113
cpu0->LLC LOAD         ACCESS:      74317 HIT:       8409 MISS:      65908 MSHR_MERGE:       1363
cpu0->LLC RFO          ACCESS:     192360 HIT:        609 MISS:     191751 MSHR_MERGE:          0
cpu0->LLC PREFETCH     ACCESS:      29313 HIT:       1623 MISS:      27690 MSHR_MERGE:       7750
cpu0->LLC WRITE        ACCESS:     200616 HIT:      16111 MISS:     184505 MSHR_MERGE:          0
cpu0->LLC TRANSLATION  ACCESS:       7383 HIT:        819 MISS:       6564 MSHR_MERGE:          0
cpu0->LLC PREFETCH REQUESTED:          0 ISSUED:          0 USEFUL:          0 USELESS:          0
cpu0->LLC AVERAGE MISS LATENCY: 150 cycles

DRAM Statistics

Channel 0 RQ ROW_BUFFER_HIT:      13266
  ROW_BUFFER_MISS:     269533
  AVG DBUS CONGESTED CYCLE: 27.08
Channel 0 WQ ROW_BUFFER_HIT:      42908
  ROW_BUFFER_MISS:     153305
  FULL:       1922
Channel 0 REFRESHES ISSUED:       4117
