[VMEM] WARNING: physical memory size is smaller than virtual memory size.

*** ChampSim Multicore Out-of-Order Simulator ***
Warmup Instructions: 10000000
Simulation Instructions: 50000000
Number of CPUs: 1
Page size: 4096
Core 0: traces/charlie_0004.champsim.gz
Off-chip DRAM Size: 64 GiB Channels: 1 Width: 64-bit Data Rate: 4807 MT/s
[BTB] WARNING: target of return is a lower address than the corresponding call. This is usually a problem with your trace.
[BTB] WARNING: target of return is a lower address than the corresponding call. This is usually a problem with your trace.
[BTB] WARNING: target of return is a lower address than the corresponding call. This is usually a problem with your trace.
[BTB] WARNING: target of return is a lower address than the corresponding call. This is usually a problem with your trace.
[BTB] WARNING: target of return is a lower address than the corresponding call. This is usually a problem with your trace.
[BTB] WARNING: target of return is a lower address than the corresponding call. This is usually a problem with your trace.
[BTB] WARNING: target of return is a lower address than the corresponding call. This is usually a problem with your trace.
[BTB] WARNING: target of return is a lower address than the corresponding call. This is usually a problem with your trace.
[BTB] WARNING: target of return is a lower address than the corresponding call. This is usually a problem with your trace.
[BTB] WARNING: target of return is a lower address than the corresponding call. This is usually a problem with your trace.
Heartbeat CPU 0 instructions: 500006 cycles: 216571 heartbeat IPC: 2.309 cumulative IPC: 2.309 (Simulation time: 00 hr 00 min 02 sec)
Heartbeat CPU 0 instructions: 1000006 cycles: 328196 heartbeat IPC: 4.479 cumulative IPC: 3.047 (Simulation time: 00 hr 00 min 03 sec)
Heartbeat CPU 0 instructions: 1500013 cycles: 501076 heartbeat IPC: 2.892 cumulative IPC: 2.994 (Simulation time: 00 hr 00 min 04 sec)
Heartbeat CPU 0 instructions: 2000013 cycles: 620383 heartbeat IPC: 4.191 cumulative IPC: 3.224 (Simulation time: 00 hr 00 min 05 sec)
Heartbeat CPU 0 instructions: 2500016 cycles: 727256 heartbeat IPC: 4.678 cumulative IPC: 3.438 (Simulation time: 00 hr 00 min 06 sec)
Heartbeat CPU 0 instructions: 3000019 cycles: 837256 heartbeat IPC: 4.545 cumulative IPC: 3.583 (Simulation time: 00 hr 00 min 07 sec)
Heartbeat CPU 0 instructions: 3500026 cycles: 944072 heartbeat IPC: 4.681 cumulative IPC: 3.707 (Simulation time: 00 hr 00 min 08 sec)
Heartbeat CPU 0 instructions: 4000032 cycles: 1054021 heartbeat IPC: 4.548 cumulative IPC: 3.795 (Simulation time: 00 hr 00 min 09 sec)
Heartbeat CPU 0 instructions: 4500033 cycles: 1158692 heartbeat IPC: 4.777 cumulative IPC: 3.884 (Simulation time: 00 hr 00 min 10 sec)
Heartbeat CPU 0 instructions: 5000039 cycles: 1263997 heartbeat IPC: 4.748 cumulative IPC: 3.956 (Simulation time: 00 hr 00 min 11 sec)
Heartbeat CPU 0 instructions: 5500045 cycles: 1370814 heartbeat IPC: 4.681 cumulative IPC: 4.012 (Simulation time: 00 hr 00 min 12 sec)
Heartbeat CPU 0 instructions: 6000045 cycles: 1476739 heartbeat IPC: 4.72 cumulative IPC: 4.063 (Simulation time: 00 hr 00 min 13 sec)
Heartbeat CPU 0 instructions: 6500051 cycles: 1580274 heartbeat IPC: 4.829 cumulative IPC: 4.113 (Simulation time: 00 hr 00 min 14 sec)
Heartbeat CPU 0 instructions: 7000053 cycles: 1686337 heartbeat IPC: 4.714 cumulative IPC: 4.151 (Simulation time: 00 hr 00 min 15 sec)
Heartbeat CPU 0 instructions: 7500055 cycles: 1840607 heartbeat IPC: 3.241 cumulative IPC: 4.075 (Simulation time: 00 hr 00 min 17 sec)
Heartbeat CPU 0 instructions: 8000057 cycles: 1959067 heartbeat IPC: 4.221 cumulative IPC: 4.084 (Simulation time: 00 hr 00 min 18 sec)
Heartbeat CPU 0 instructions: 8500061 cycles: 2069979 heartbeat IPC: 4.508 cumulative IPC: 4.106 (Simulation time: 00 hr 00 min 19 sec)
Heartbeat CPU 0 instructions: 9000066 cycles: 2184437 heartbeat IPC: 4.368 cumulative IPC: 4.12 (Simulation time: 00 hr 00 min 20 sec)
Heartbeat CPU 0 instructions: 9500070 cycles: 2376871 heartbeat IPC: 2.598 cumulative IPC: 3.997 (Simulation time: 00 hr 00 min 21 sec)
Warmup finished CPU 0 instructions: 10000005 cycles: 2492508 cumulative IPC: 4.012 (Simulation time: 00 hr 00 min 22 sec)
Warmup complete CPU 0 instructions: 10000005 cycles: 2492508 cumulative IPC: 4.012 (Simulation time: 00 hr 00 min 22 sec)
Heartbeat CPU 0 instructions: 10000077 cycles: 2492517 heartbeat IPC: 4.324 cumulative IPC: 8 (Simulation time: 00 hr 00 min 22 sec)
Heartbeat CPU 0 instructions: 10500081 cycles: 3091490 heartbeat IPC: 0.8348 cumulative IPC: 0.8349 (Simulation time: 00 hr 00 min 25 sec)
Heartbeat CPU 0 instructions: 11000085 cycles: 3670809 heartbeat IPC: 0.8631 cumulative IPC: 0.8487 (Simulation time: 00 hr 00 min 28 sec)
Heartbeat CPU 0 instructions: 11500085 cycles: 4210724 heartbeat IPC: 0.9261 cumulative IPC: 0.873 (Simulation time: 00 hr 00 min 31 sec)
Heartbeat CPU 0 instructions: 12000085 cycles: 4833819 heartbeat IPC: 0.8024 cumulative IPC: 0.8543 (Simulation time: 00 hr 00 min 34 sec)
Heartbeat CPU 0 instructions: 12500085 cycles: 5390874 heartbeat IPC: 0.8976 cumulative IPC: 0.8626 (Simulation time: 00 hr 00 min 37 sec)
Heartbeat CPU 0 instructions: 13000090 cycles: 5975453 heartbeat IPC: 0.8553 cumulative IPC: 0.8614 (Simulation time: 00 hr 00 min 40 sec)
Heartbeat CPU 0 instructions: 13500090 cycles: 6539824 heartbeat IPC: 0.8859 cumulative IPC: 0.8648 (Simulation time: 00 hr 00 min 43 sec)
Heartbeat CPU 0 instructions: 14000092 cycles: 7084761 heartbeat IPC: 0.9175 cumulative IPC: 0.8711 (Simulation time: 00 hr 00 min 45 sec)
Heartbeat CPU 0 instructions: 14500099 cycles: 7611769 heartbeat IPC: 0.9488 cumulative IPC: 0.8791 (Simulation time: 00 hr 00 min 48 sec)
Heartbeat CPU 0 instructions: 15000099 cycles: 8258831 heartbeat IPC: 0.7727 cumulative IPC: 0.8671 (Simulation time: 00 hr 00 min 52 sec)
Heartbeat CPU 0 instructions: 15500101 cycles: 8813036 heartbeat IPC: 0.9022 cumulative IPC: 0.8702 (Simulation time: 00 hr 00 min 55 sec)
Heartbeat CPU 0 instructions: 16000102 cycles: 9372897 heartbeat IPC: 0.8931 cumulative IPC: 0.8721 (Simulation time: 00 hr 00 min 57 sec)
Heartbeat CPU 0 instructions: 16500103 cycles: 9928853 heartbeat IPC: 0.8994 cumulative IPC: 0.8741 (Simulation time: 00 hr 01 min 01 sec)
Heartbeat CPU 0 instructions: 17000103 cycles: 11120972 heartbeat IPC: 0.4194 cumulative IPC: 0.8113 (Simulation time: 00 hr 01 min 05 sec)
Heartbeat CPU 0 instructions: 17500106 cycles: 12315046 heartbeat IPC: 0.4187 cumulative IPC: 0.7636 (Simulation time: 00 hr 01 min 10 sec)
Heartbeat CPU 0 instructions: 18000109 cycles: 13877650 heartbeat IPC: 0.32 cumulative IPC: 0.7027 (Simulation time: 00 hr 01 min 15 sec)
Heartbeat CPU 0 instructions: 18500114 cycles: 14782238 heartbeat IPC: 0.5527 cumulative IPC: 0.6916 (Simulation time: 00 hr 01 min 19 sec)
Heartbeat CPU 0 instructions: 19000115 cycles: 15471682 heartbeat IPC: 0.7252 cumulative IPC: 0.6934 (Simulation time: 00 hr 01 min 22 sec)
Heartbeat CPU 0 instructions: 19500115 cycles: 15895427 heartbeat IPC: 1.18 cumulative IPC: 0.7088 (Simulation time: 00 hr 01 min 24 sec)
Heartbeat CPU 0 instructions: 20000115 cycles: 16367734 heartbeat IPC: 1.059 cumulative IPC: 0.7207 (Simulation time: 00 hr 01 min 26 sec)
Heartbeat CPU 0 instructions: 20500117 cycles: 16854793 heartbeat IPC: 1.027 cumulative IPC: 0.7311 (Simulation time: 00 hr 01 min 28 sec)
Heartbeat CPU 0 instructions: 21000123 cycles: 17321681 heartbeat IPC: 1.071 cumulative IPC: 0.7418 (Simulation time: 00 hr 01 min 30 sec)
Heartbeat CPU 0 instructions: 21500126 cycles: 17948110 heartbeat IPC: 0.7982 cumulative IPC: 0.7441 (Simulation time: 00 hr 01 min 33 sec)
Heartbeat CPU 0 instructions: 22000128 cycles: 18376626 heartbeat IPC: 1.167 cumulative IPC: 0.7555 (Simulation time: 00 hr 01 min 35 sec)
Heartbeat CPU 0 instructions: 22500129 cycles: 18805865 heartbeat IPC: 1.165 cumulative IPC: 0.7663 (Simulation time: 00 hr 01 min 37 sec)
Heartbeat CPU 0 instructions: 23000130 cycles: 19227149 heartbeat IPC: 1.187 cumulative IPC: 0.7768 (Simulation time: 00 hr 01 min 39 sec)
Heartbeat CPU 0 instructions: 23500131 cycles: 19604211 heartbeat IPC: 1.326 cumulative IPC: 0.7889 (Simulation time: 00 hr 01 min 41 sec)
Heartbeat CPU 0 instructions: 24000133 cycles: 20069407 heartbeat IPC: 1.075 cumulative IPC: 0.7965 (Simulation time: 00 hr 01 min 43 sec)
Heartbeat CPU 0 instructions: 24500135 cycles: 20488913 heartbeat IPC: 1.192 cumulative IPC: 0.8057 (Simulation time: 00 hr 01 min 45 sec)
Heartbeat CPU 0 instructions: 25000135 cycles: 20924378 heartbeat IPC: 1.148 cumulative IPC: 0.8138 (Simulation time: 00 hr 01 min 47 sec)
Heartbeat CPU 0 instructions: 25500135 cycles: 21365129 heartbeat IPC: 1.134 cumulative IPC: 0.8213 (Simulation time: 00 hr 01 min 50 sec)
Heartbeat CPU 0 instructions: 26000142 cycles: 21852071 heartbeat IPC: 1.027 cumulative IPC: 0.8265 (Simulation time: 00 hr 01 min 52 sec)
Heartbeat CPU 0 instructions: 26500142 cycles: 22315414 heartbeat IPC: 1.079 cumulative IPC: 0.8324 (Simulation time: 00 hr 01 min 54 sec)
Heartbeat CPU 0 instructions: 27000149 cycles: 22771659 heartbeat IPC: 1.096 cumulative IPC: 0.8383 (Simulation time: 00 hr 01 min 56 sec)
Heartbeat CPU 0 instructions: 27500152 cycles: 23163017 heartbeat IPC: 1.278 cumulative IPC: 0.8466 (Simulation time: 00 hr 01 min 58 sec)
Heartbeat CPU 0 instructions: 28000159 cycles: 23578799 heartbeat IPC: 1.203 cumulative IPC: 0.8536 (Simulation time: 00 hr 02 min 00 sec)
Heartbeat CPU 0 instructions: 28500162 cycles: 24005955 heartbeat IPC: 1.171 cumulative IPC: 0.8599 (Simulation time: 00 hr 02 min 02 sec)
Heartbeat CPU 0 instructions: 29000168 cycles: 24399971 heartbeat IPC: 1.269 cumulative IPC: 0.8673 (Simulation time: 00 hr 02 min 04 sec)
Heartbeat CPU 0 instructions: 29500168 cycles: 24835707 heartbeat IPC: 1.147 cumulative IPC: 0.8728 (Simulation time: 00 hr 02 min 06 sec)
Heartbeat CPU 0 instructions: 30000168 cycles: 25253696 heartbeat IPC: 1.196 cumulative IPC: 0.8787 (Simulation time: 00 hr 02 min 08 sec)
Heartbeat CPU 0 instructions: 30500174 cycles: 25675475 heartbeat IPC: 1.185 cumulative IPC: 0.8843 (Simulation time: 00 hr 02 min 10 sec)
Heartbeat CPU 0 instructions: 31000174 cycles: 26104271 heartbeat IPC: 1.166 cumulative IPC: 0.8894 (Simulation time: 00 hr 02 min 12 sec)
Heartbeat CPU 0 instructions: 31500174 cycles: 26869423 heartbeat IPC: 0.6535 cumulative IPC: 0.882 (Simulation time: 00 hr 02 min 15 sec)
Heartbeat CPU 0 instructions: 32000180 cycles: 27349546 heartbeat IPC: 1.041 cumulative IPC: 0.8851 (Simulation time: 00 hr 02 min 17 sec)
Heartbeat CPU 0 instructions: 32500180 cycles: 27760960 heartbeat IPC: 1.215 cumulative IPC: 0.8904 (Simulation time: 00 hr 02 min 19 sec)
Heartbeat CPU 0 instructions: 33000184 cycles: 28151511 heartbeat IPC: 1.28 cumulative IPC: 0.8964 (Simulation time: 00 hr 02 min 21 sec)
Heartbeat CPU 0 instructions: 33500187 cycles: 28583397 heartbeat IPC: 1.158 cumulative IPC: 0.9007 (Simulation time: 00 hr 02 min 23 sec)
Heartbeat CPU 0 instructions: 34000189 cycles: 28986682 heartbeat IPC: 1.24 cumulative IPC: 0.9059 (Simulation time: 00 hr 02 min 25 sec)
Heartbeat CPU 0 instructions: 34500195 cycles: 29398369 heartbeat IPC: 1.215 cumulative IPC: 0.9106 (Simulation time: 00 hr 02 min 27 sec)
Heartbeat CPU 0 instructions: 35000200 cycles: 29814353 heartbeat IPC: 1.202 cumulative IPC: 0.915 (Simulation time: 00 hr 02 min 29 sec)
Heartbeat CPU 0 instructions: 35500200 cycles: 30182707 heartbeat IPC: 1.357 cumulative IPC: 0.9209 (Simulation time: 00 hr 02 min 31 sec)
Heartbeat CPU 0 instructions: 36000206 cycles: 30579765 heartbeat IPC: 1.259 cumulative IPC: 0.9257 (Simulation time: 00 hr 02 min 33 sec)
Heartbeat CPU 0 instructions: 36500206 cycles: 31001133 heartbeat IPC: 1.187 cumulative IPC: 0.9296 (Simulation time: 00 hr 02 min 35 sec)
Heartbeat CPU 0 instructions: 37000208 cycles: 31398127 heartbeat IPC: 1.259 cumulative IPC: 0.9341 (Simulation time: 00 hr 02 min 37 sec)
Heartbeat CPU 0 instructions: 37500208 cycles: 31803784 heartbeat IPC: 1.233 cumulative IPC: 0.9382 (Simulation time: 00 hr 02 min 39 sec)
Heartbeat CPU 0 instructions: 38000209 cycles: 32189587 heartbeat IPC: 1.296 cumulative IPC: 0.9429 (Simulation time: 00 hr 02 min 41 sec)
Heartbeat CPU 0 instructions: 38500212 cycles: 32578914 heartbeat IPC: 1.284 cumulative IPC: 0.9473 (Simulation time: 00 hr 02 min 43 sec)
Heartbeat CPU 0 instructions: 39000215 cycles: 33010292 heartbeat IPC: 1.159 cumulative IPC: 0.9503 (Simulation time: 00 hr 02 min 45 sec)
Heartbeat CPU 0 instructions: 39500216 cycles: 33433939 heartbeat IPC: 1.18 cumulative IPC: 0.9534 (Simulation time: 00 hr 02 min 47 sec)
Heartbeat CPU 0 instructions: 40000216 cycles: 33998407 heartbeat IPC: 0.8858 cumulative IPC: 0.9522 (Simulation time: 00 hr 02 min 50 sec)
Heartbeat CPU 0 instructions: 40500223 cycles: 34455881 heartbeat IPC: 1.093 cumulative IPC: 0.9542 (Simulation time: 00 hr 02 min 52 sec)
Heartbeat CPU 0 instructions: 41000223 cycles: 34874317 heartbeat IPC: 1.195 cumulative IPC: 0.9573 (Simulation time: 00 hr 02 min 54 sec)
Heartbeat CPU 0 instructions: 41500227 cycles: 35812603 heartbeat IPC: 0.5329 cumulative IPC: 0.9454 (Simulation time: 00 hr 02 min 58 sec)
Heartbeat CPU 0 instructions: 42000234 cycles: 36248349 heartbeat IPC: 1.147 cumulative IPC: 0.948 (Simulation time: 00 hr 03 min 00 sec)
Heartbeat CPU 0 instructions: 42500239 cycles: 36622520 heartbeat IPC: 1.336 cumulative IPC: 0.9522 (Simulation time: 00 hr 03 min 02 sec)
Heartbeat CPU 0 instructions: 43000239 cycles: 37038594 heartbeat IPC: 1.202 cumulative IPC: 0.9553 (Simulation time: 00 hr 03 min 04 sec)
Heartbeat CPU 0 instructions: 43500241 cycles: 37494235 heartbeat IPC: 1.097 cumulative IPC: 0.9571 (Simulation time: 00 hr 03 min 06 sec)
Heartbeat CPU 0 instructions: 44000244 cycles: 37896125 heartbeat IPC: 1.244 cumulative IPC: 0.9604 (Simulation time: 00 hr 03 min 08 sec)
Heartbeat CPU 0 instructions: 44500244 cycles: 38295244 heartbeat IPC: 1.253 cumulative IPC: 0.9636 (Simulation time: 00 hr 03 min 10 sec)
Heartbeat CPU 0 instructions: 45000244 cycles: 38746631 heartbeat IPC: 1.108 cumulative IPC: 0.9654 (Simulation time: 00 hr 03 min 12 sec)
Heartbeat CPU 0 instructions: 45500249 cycles: 39174104 heartbeat IPC: 1.17 cumulative IPC: 0.9678 (Simulation time: 00 hr 03 min 14 sec)
Heartbeat CPU 0 instructions: 46000251 cycles: 39616902 heartbeat IPC: 1.129 cumulative IPC: 0.9697 (Simulation time: 00 hr 03 min 16 sec)
Heartbeat CPU 0 instructions: 46500251 cycles: 39985732 heartbeat IPC: 1.356 cumulative IPC: 0.9735 (Simulation time: 00 hr 03 min 18 sec)
Heartbeat CPU 0 instructions: 47000255 cycles: 40415921 heartbeat IPC: 1.162 cumulative IPC: 0.9757 (Simulation time: 00 hr 03 min 20 sec)
Heartbeat CPU 0 instructions: 47500256 cycles: 40796842 heartbeat IPC: 1.313 cumulative IPC: 0.979 (Simulation time: 00 hr 03 min 22 sec)
Heartbeat CPU 0 instructions: 48000257 cycles: 42239079 heartbeat IPC: 0.3467 cumulative IPC: 0.9561 (Simulation time: 00 hr 03 min 28 sec)
Heartbeat CPU 0 instructions: 48500258 cycles: 43182096 heartbeat IPC: 0.5302 cumulative IPC: 0.9462 (Simulation time: 00 hr 03 min 32 sec)
Heartbeat CPU 0 instructions: 49000259 cycles: 43778488 heartbeat IPC: 0.8384 cumulative IPC: 0.9446 (Simulation time: 00 hr 03 min 34 sec)
Heartbeat CPU 0 instructions: 49500259 cycles: 44650938 heartbeat IPC: 0.5731 cumulative IPC: 0.9369 (Simulation time: 00 hr 03 min 38 sec)
Heartbeat CPU 0 instructions: 50000260 cycles: 45647890 heartbeat IPC: 0.5015 cumulative IPC: 0.9269 (Simulation time: 00 hr 03 min 42 sec)
Heartbeat CPU 0 instructions: 50500260 cycles: 46570546 heartbeat IPC: 0.5419 cumulative IPC: 0.9188 (Simulation time: 00 hr 03 min 45 sec)
Heartbeat CPU 0 instructions: 51000267 cycles: 47723778 heartbeat IPC: 0.4336 cumulative IPC: 0.9065 (Simulation time: 00 hr 03 min 49 sec)
Heartbeat CPU 0 instructions: 51500268 cycles: 49363969 heartbeat IPC: 0.3048 cumulative IPC: 0.8854 (Simulation time: 00 hr 03 min 56 sec)
Heartbeat CPU 0 instructions: 52000269 cycles: 49821288 heartbeat IPC: 1.093 cumulative IPC: 0.8874 (Simulation time: 00 hr 03 min 58 sec)
Heartbeat CPU 0 instructions: 52500275 cycles: 54570982 heartbeat IPC: 0.1053 cumulative IPC: 0.8161 (Simulation time: 00 hr 04 min 12 sec)
Heartbeat CPU 0 instructions: 53000282 cycles: 57914162 heartbeat IPC: 0.1496 cumulative IPC: 0.7759 (Simulation time: 00 hr 04 min 23 sec)
Heartbeat CPU 0 instructions: 53500289 cycles: 60469237 heartbeat IPC: 0.1957 cumulative IPC: 0.7503 (Simulation time: 00 hr 04 min 31 sec)
Heartbeat CPU 0 instructions: 54000295 cycles: 61690683 heartbeat IPC: 0.4094 cumulative IPC: 0.7433 (Simulation time: 00 hr 04 min 35 sec)
Heartbeat CPU 0 instructions: 54500295 cycles: 63015401 heartbeat IPC: 0.3774 cumulative IPC: 0.7353 (Simulation time: 00 hr 04 min 40 sec)
Heartbeat CPU 0 instructions: 55000295 cycles: 64104665 heartbeat IPC: 0.459 cumulative IPC: 0.7304 (Simulation time: 00 hr 04 min 45 sec)
Heartbeat CPU 0 instructions: 55500300 cycles: 65233765 heartbeat IPC: 0.4428 cumulative IPC: 0.7252 (Simulation time: 00 hr 04 min 49 sec)
Heartbeat CPU 0 instructions: 56000307 cycles: 65903248 heartbeat IPC: 0.7469 cumulative IPC: 0.7254 (Simulation time: 00 hr 04 min 52 sec)
Heartbeat CPU 0 instructions: 56500307 cycles: 66923136 heartbeat IPC: 0.4902 cumulative IPC: 0.7217 (Simulation time: 00 hr 04 min 56 sec)
Heartbeat CPU 0 instructions: 57000310 cycles: 68012701 heartbeat IPC: 0.4589 cumulative IPC: 0.7173 (Simulation time: 00 hr 05 min 00 sec)
Heartbeat CPU 0 instructions: 57500313 cycles: 68888273 heartbeat IPC: 0.5711 cumulative IPC: 0.7154 (Simulation time: 00 hr 05 min 03 sec)
Heartbeat CPU 0 instructions: 58000313 cycles: 69889869 heartbeat IPC: 0.4992 cumulative IPC: 0.7122 (Simulation time: 00 hr 05 min 07 sec)
Heartbeat CPU 0 instructions: 58500314 cycles: 71126707 heartbeat IPC: 0.4043 cumulative IPC: 0.7066 (Simulation time: 00 hr 05 min 11 sec)
Heartbeat CPU 0 instructions: 59000316 cycles: 71593949 heartbeat IPC: 1.07 cumulative IPC: 0.7091 (Simulation time: 00 hr 05 min 13 sec)
Heartbeat CPU 0 instructions: 59500316 cycles: 72551788 heartbeat IPC: 0.522 cumulative IPC: 0.7065 (Simulation time: 00 hr 05 min 16 sec)
Simulation finished CPU 0 instructions: 50000002 cycles: 71065649 cumulative IPC: 0.7036 (Simulation time: 00 hr 05 min 20 sec)
Simulation complete CPU 0 instructions: 50000002 cycles: 71065649 cumulative IPC: 0.7036 (Simulation time: 00 hr 05 min 20 sec)

ChampSim completed all CPUs

=== Simulation ===
CPU 0 runs traces/charlie_0004.champsim.gz

Region of Interest Statistics

CPU 0 cumulative IPC: 0.7036 instructions: 50000002 cycles: 71065649
CPU 0 Branch Prediction Accuracy: 91.31% MPKI: 17.06 Average ROB Occupancy at Mispredict: 34.23
Branch type MPKI
BRANCH_DIRECT_JUMP: 0.3662
BRANCH_INDIRECT: 0.473
BRANCH_CONDITIONAL: 14.93
BRANCH_DIRECT_CALL: 0.1817
BRANCH_INDIRECT_CALL: 0.615
BRANCH_RETURN: 0.498

cpu0->cpu0_STLB TOTAL        ACCESS:     229058 HIT:     171991 MISS:      57067 MSHR_MERGE:          0
cpu0->cpu0_STLB LOAD         ACCESS:     229058 HIT:     171991 MISS:      57067 MSHR_MERGE:          0
cpu0->cpu0_STLB RFO          ACCESS:          0 HIT:          0 MISS:          0 MSHR_MERGE:          0
cpu0->cpu0_STLB PREFETCH     ACCESS:          0 HIT:          0 MISS:          0 MSHR_MERGE:          0
cpu0->cpu0_STLB WRITE        ACCESS:          0 HIT:          0 MISS:          0 MSHR_MERGE:          0
cpu0->cpu0_STLB TRANSLATION  ACCESS:          0 HIT:          0 MISS:          0 MSHR_MERGE:          0
cpu0->cpu0_STLB PREFETCH REQUESTED:          0 ISSUED:          0 USEFUL:          0 USELESS:          0
cpu0->cpu0_STLB AVERAGE MISS LATENCY: 247.3 cycles
cpu0->cpu0_L2C TOTAL        ACCESS:    1553591 HIT:    1079273 MISS:     474318 MSHR_MERGE:      23443
cpu0->cpu0_L2C LOAD         ACCESS:     884178 HIT:     695260 MISS:     188918 MSHR_MERGE:       4948
cpu0->cpu0_L2C RFO          ACCESS:     204950 HIT:      16230 MISS:     188720 MSHR_MERGE:          0
cpu0->cpu0_L2C PREFETCH     ACCESS:     117558 HIT:      48567 MISS:      68991 MSHR_MERGE:      18495
cpu0->cpu0_L2C WRITE        ACCESS:     281350 HIT:     281345 MISS:          5 MSHR_MERGE:          0
cpu0->cpu0_L2C TRANSLATION  ACCESS:      65555 HIT:      37871 MISS:      27684 MSHR_MERGE:          0
cpu0->cpu0_L2C PREFETCH REQUESTED:     125504 ISSUED:     117558 USEFUL:      21437 USELESS:       3506
cpu0->cpu0_L2C AVERAGE MISS LATENCY: 248 cycles
cpu0->cpu0_L1I TOTAL        ACCESS:    3419574 HIT:    2818553 MISS:     601021 MSHR_MERGE:     153271
cpu0->cpu0_L1I LOAD         ACCESS:    3419574 HIT:    2818553 MISS:     601021 MSHR_MERGE:     153271
cpu0->cpu0_L1I RFO          ACCESS:          0 HIT:          0 MISS:          0 MSHR_MERGE:          0
cpu0->cpu0_L1I PREFETCH     ACCESS:          0 HIT:          0 MISS:          0 MSHR_MERGE:          0
cpu0->cpu0_L1I WRITE        ACCESS:          0 HIT:          0 MISS:          0 MSHR_MERGE:          0
cpu0->cpu0_L1I TRANSLATION  ACCESS:          0 HIT:          0 MISS:          0 MSHR_MERGE:          0
cpu0->cpu0_L1I PREFETCH REQUESTED:          0 ISSUED:          0 USEFUL:          0 USELESS:          0
cpu0->cpu0_L1I AVERAGE MISS LATENCY: 29.95 cycles
cpu0->cpu0_L1D TOTAL        ACCESS:   14099492 HIT:   12576547 MISS:    1522945 MSHR_MERGE:     816011
cpu0->cpu0_L1D LOAD         ACCESS:    8662977 HIT:    8014305 MISS:     648672 MSHR_MERGE:     212243
cpu0->cpu0_L1D RFO          ACCESS:          0 HIT:          0 MISS:          0 MSHR_MERGE:          0
cpu0->cpu0_L1D PREFETCH     ACCESS:          0 HIT:          0 MISS:          0 MSHR_MERGE:          0
cpu0->cpu0_L1D WRITE        ACCESS:    5278277 HIT:    4470818 MISS:     807459 MSHR_MERGE:     602509
cpu0->cpu0_L1D TRANSLATION  ACCESS:     158238 HIT:      91424 MISS:      66814 MSHR_MERGE:       1259
cpu0->cpu0_L1D PREFETCH REQUESTED:          0 ISSUED:          0 USEFUL:          0 USELESS:          0
cpu0->cpu0_L1D AVERAGE MISS LATENCY: 136.5 cycles
cpu0->cpu0_ITLB TOTAL        ACCESS:    2808620 HIT:    2737108 MISS:      71512 MSHR_MERGE:      34424
cpu0->cpu0_ITLB LOAD         ACCESS:    2808620 HIT:    2737108 MISS:      71512 MSHR_MERGE:      34424
cpu0->cpu0_ITLB RFO          ACCESS:          0 HIT:          0 MISS:          0 MSHR_MERGE:          0
cpu0->cpu0_ITLB PREFETCH     ACCESS:          0 HIT:          0 MISS:          0 MSHR_MERGE:          0
cpu0->cpu0_ITLB WRITE        ACCESS:          0 HIT:          0 MISS:          0 MSHR_MERGE:          0
cpu0->cpu0_ITLB TRANSLATION  ACCESS:          0 HIT:          0 MISS:          0 MSHR_MERGE:          0
cpu0->cpu0_ITLB PREFETCH REQUESTED:          0 ISSUED:          0 USEFUL:          0 USELESS:          0
cpu0->cpu0_ITLB AVERAGE MISS LATENCY: 24.13 cycles
cpu0->cpu0_DTLB TOTAL        ACCESS:   13355533 HIT:   13011790 MISS:     343743 MSHR_MERGE:     151773
cpu0->cpu0_DTLB LOAD         ACCESS:   13355533 HIT:   13011790 MISS:     343743 MSHR_MERGE:     151773
cpu0->cpu0_DTLB RFO          ACCESS:          0 HIT:          0 MISS:          0 MSHR_MERGE:          0
cpu0->cpu0_DTLB PREFETCH     ACCESS:          0 HIT:          0 MISS:          0 MSHR_MERGE:          0
cpu0->cpu0_DTLB WRITE        ACCESS:          0 HIT:          0 MISS:          0 MSHR_MERGE:          0
cpu0->cpu0_DTLB TRANSLATION  ACCESS:          0 HIT:          0 MISS:          0 MSHR_MERGE:          0
cpu0->cpu0_DTLB PREFETCH REQUESTED:          0 ISSUED:          0 USEFUL:          0 USELESS:          0
cpu0->cpu0_DTLB AVERAGE MISS LATENCY: 75.12 cycles
cpu0->LLC TOTAL        ACCESS:     684120 HIT:      56978 MISS:     627142 MSHR_MERGE:      14354
cpu0->LLC LOAD         ACCESS:     183970 HIT:      22419 MISS:     161551 MSHR_MERGE:       3226
cpu0->LLC RFO          ACCESS:     188720 HIT:       3087 MISS:     185633 MSHR_MERGE:          0
cpu0->LLC PREFETCH     ACCESS:      50496 HIT:       2911 MISS:      47585 MSHR_MERGE:      11128
cpu0->LLC WRITE        ACCESS:     233250 HIT:      26636 MISS:     206614 MSHR_MERGE:          0
cpu0->LLC TRANSLATION  ACCESS:      27684 HIT:       1925 MISS:      25759 MSHR_MERGE:          0
cpu0->LLC PREFETCH REQUESTED:          0 ISSUED:          0 USEFUL:          0 USELESS:          0
cpu0->LLC AVERAGE MISS LATENCY: 162 cycles

DRAM Statistics

Channel 0 RQ ROW_BUFFER_HIT:      18644
  ROW_BUFFER_MISS:     387526
  AVG DBUS CONGESTED CYCLE: 28.11
Channel 0 WQ ROW_BUFFER_HIT:      47740
  ROW_BUFFER_MISS:     171714
  FULL:       2968
Channel 0 REFRESHES ISSUED:       5922
