[VMEM] WARNING: physical memory size is smaller than virtual memory size.

*** ChampSim Multicore Out-of-Order Simulator ***
Warmup Instructions: 10000000
Simulation Instructions: 50000000
Number of CPUs: 1
Page size: 4096
Core 0: traces/sssp-14.trace.gz
Off-chip DRAM Size: 64 GiB Channels: 1 Width: 64-bit Data Rate: 4807 MT/s
Heartbeat CPU 0 instructions: 500004 cycles: 181447 heartbeat IPC: 2.756 cumulative IPC: 2.756 (Simulation time: 00 hr 00 min 01 sec)
Heartbeat CPU 0 instructions: 1000004 cycles: 358695 heartbeat IPC: 2.821 cumulative IPC: 2.788 (Simulation time: 00 hr 00 min 02 sec)
Heartbeat CPU 0 instructions: 1500004 cycles: 511776 heartbeat IPC: 3.266 cumulative IPC: 2.931 (Simulation time: 00 hr 00 min 03 sec)
Heartbeat CPU 0 instructions: 2000010 cycles: 615189 heartbeat IPC: 4.835 cumulative IPC: 3.251 (Simulation time: 00 hr 00 min 04 sec)
Heartbeat CPU 0 instructions: 2500014 cycles: 718295 heartbeat IPC: 4.849 cumulative IPC: 3.48 (Simulation time: 00 hr 00 min 05 sec)
Heartbeat CPU 0 instructions: 3000019 cycles: 824967 heartbeat IPC: 4.687 cumulative IPC: 3.637 (Simulation time: 00 hr 00 min 06 sec)
Heartbeat CPU 0 instructions: 3500021 cycles: 931649 heartbeat IPC: 4.687 cumulative IPC: 3.757 (Simulation time: 00 hr 00 min 07 sec)
Heartbeat CPU 0 instructions: 4000027 cycles: 1036891 heartbeat IPC: 4.751 cumulative IPC: 3.858 (Simulation time: 00 hr 00 min 08 sec)
Heartbeat CPU 0 instructions: 4500028 cycles: 1143709 heartbeat IPC: 4.681 cumulative IPC: 3.935 (Simulation time: 00 hr 00 min 09 sec)
Heartbeat CPU 0 instructions: 5000031 cycles: 1248777 heartbeat IPC: 4.759 cumulative IPC: 4.004 (Simulation time: 00 hr 00 min 10 sec)
Heartbeat CPU 0 instructions: 5500036 cycles: 1356789 heartbeat IPC: 4.629 cumulative IPC: 4.054 (Simulation time: 00 hr 00 min 11 sec)
Heartbeat CPU 0 instructions: 6000040 cycles: 1463631 heartbeat IPC: 4.68 cumulative IPC: 4.099 (Simulation time: 00 hr 00 min 12 sec)
Heartbeat CPU 0 instructions: 6500044 cycles: 1569659 heartbeat IPC: 4.716 cumulative IPC: 4.141 (Simulation time: 00 hr 00 min 13 sec)
Heartbeat CPU 0 instructions: 7000049 cycles: 1676170 heartbeat IPC: 4.694 cumulative IPC: 4.176 (Simulation time: 00 hr 00 min 14 sec)
Heartbeat CPU 0 instructions: 7500052 cycles: 1782498 heartbeat IPC: 4.702 cumulative IPC: 4.208 (Simulation time: 00 hr 00 min 15 sec)
Heartbeat CPU 0 instructions: 8000056 cycles: 1889165 heartbeat IPC: 4.688 cumulative IPC: 4.235 (Simulation time: 00 hr 00 min 16 sec)
Heartbeat CPU 0 instructions: 8500061 cycles: 1997850 heartbeat IPC: 4.6 cumulative IPC: 4.255 (Simulation time: 00 hr 00 min 17 sec)
Heartbeat CPU 0 instructions: 9000066 cycles: 2104579 heartbeat IPC: 4.685 cumulative IPC: 4.276 (Simulation time: 00 hr 00 min 18 sec)
Heartbeat CPU 0 instructions: 9500069 cycles: 2210973 heartbeat IPC: 4.7 cumulative IPC: 4.297 (Simulation time: 00 hr 00 min 19 sec)
Warmup finished CPU 0 instructions: 10000004 cycles: 2316982 cumulative IPC: 4.316 (Simulation time: 00 hr 00 min 20 sec)
Warmup complete CPU 0 instructions: 10000004 cycles: 2316982 cumulative IPC: 4.316 (Simulation time: 00 hr 00 min 20 sec)
Heartbeat CPU 0 instructions: 10000072 cycles: 2316997 heartbeat IPC: 4.716 cumulative IPC: 4.533 (Simulation time: 00 hr 00 min 20 sec)
Heartbeat CPU 0 instructions: 10500072 cycles: 3328968 heartbeat IPC: 0.4941 cumulative IPC: 0.4941 (Simulation time: 00 hr 00 min 24 sec)
Heartbeat CPU 0 instructions: 11000073 cycles: 4377669 heartbeat IPC: 0.4768 cumulative IPC: 0.4853 (Simulation time: 00 hr 00 min 27 sec)
Heartbeat CPU 0 instructions: 11500078 cycles: 5391831 heartbeat IPC: 0.493 cumulative IPC: 0.4879 (Simulation time: 00 hr 00 min 31 sec)
Heartbeat CPU 0 instructions: 12000082 cycles: 6412357 heartbeat IPC: 0.4899 cumulative IPC: 0.4884 (Simulation time: 00 hr 00 min 34 sec)
Heartbeat CPU 0 instructions: 12500082 cycles: 7436285 heartbeat IPC: 0.4883 cumulative IPC: 0.4884 (Simulation time: 00 hr 00 min 38 sec)
Heartbeat CPU 0 instructions: 13000082 cycles: 8476111 heartbeat IPC: 0.4808 cumulative IPC: 0.4871 (Simulation time: 00 hr 00 min 41 sec)
Heartbeat CPU 0 instructions: 13500082 cycles: 9598931 heartbeat IPC: 0.4453 cumulative IPC: 0.4807 (Simulation time: 00 hr 00 min 45 sec)
Heartbeat CPU 0 instructions: 14000083 cycles: 10592426 heartbeat IPC: 0.5033 cumulative IPC: 0.4834 (Simulation time: 00 hr 00 min 49 sec)
Heartbeat CPU 0 instructions: 14500084 cycles: 11601564 heartbeat IPC: 0.4955 cumulative IPC: 0.4847 (Simulation time: 00 hr 00 min 52 sec)
Heartbeat CPU 0 instructions: 15000085 cycles: 12585576 heartbeat IPC: 0.5081 cumulative IPC: 0.4869 (Simulation time: 00 hr 00 min 56 sec)
Heartbeat CPU 0 instructions: 15500089 cycles: 13592705 heartbeat IPC: 0.4965 cumulative IPC: 0.4878 (Simulation time: 00 hr 00 min 59 sec)
Heartbeat CPU 0 instructions: 16000096 cycles: 14580339 heartbeat IPC: 0.5063 cumulative IPC: 0.4893 (Simulation time: 00 hr 01 min 03 sec)
Heartbeat CPU 0 instructions: 16500097 cycles: 15570837 heartbeat IPC: 0.5048 cumulative IPC: 0.4904 (Simulation time: 00 hr 01 min 06 sec)
Heartbeat CPU 0 instructions: 17000100 cycles: 16437792 heartbeat IPC: 0.5767 cumulative IPC: 0.4957 (Simulation time: 00 hr 01 min 09 sec)
Heartbeat CPU 0 instructions: 17500101 cycles: 17274039 heartbeat IPC: 0.5979 cumulative IPC: 0.5014 (Simulation time: 00 hr 01 min 13 sec)
Heartbeat CPU 0 instructions: 18000106 cycles: 18147117 heartbeat IPC: 0.5727 cumulative IPC: 0.5054 (Simulation time: 00 hr 01 min 16 sec)
Heartbeat CPU 0 instructions: 18500110 cycles: 19063425 heartbeat IPC: 0.5457 cumulative IPC: 0.5076 (Simulation time: 00 hr 01 min 20 sec)
Heartbeat CPU 0 instructions: 19000111 cycles: 20007146 heartbeat IPC: 0.5298 cumulative IPC: 0.5088 (Simulation time: 00 hr 01 min 23 sec)
Heartbeat CPU 0 instructions: 19500111 cycles: 20943707 heartbeat IPC: 0.5339 cumulative IPC: 0.51 (Simulation time: 00 hr 01 min 27 sec)
Heartbeat CPU 0 instructions: 20000113 cycles: 21864872 heartbeat IPC: 0.5428 cumulative IPC: 0.5116 (Simulation time: 00 hr 01 min 30 sec)
Heartbeat CPU 0 instructions: 20500113 cycles: 22830616 heartbeat IPC: 0.5177 cumulative IPC: 0.5119 (Simulation time: 00 hr 01 min 34 sec)
Heartbeat CPU 0 instructions: 21000113 cycles: 23776135 heartbeat IPC: 0.5288 cumulative IPC: 0.5126 (Simulation time: 00 hr 01 min 37 sec)
Heartbeat CPU 0 instructions: 21500113 cycles: 24756789 heartbeat IPC: 0.5099 cumulative IPC: 0.5125 (Simulation time: 00 hr 01 min 41 sec)
Heartbeat CPU 0 instructions: 22000115 cycles: 25703429 heartbeat IPC: 0.5282 cumulative IPC: 0.5131 (Simulation time: 00 hr 01 min 44 sec)
Heartbeat CPU 0 instructions: 22500116 cycles: 26632191 heartbeat IPC: 0.5384 cumulative IPC: 0.5141 (Simulation time: 00 hr 01 min 48 sec)
Heartbeat CPU 0 instructions: 23000121 cycles: 27583177 heartbeat IPC: 0.5258 cumulative IPC: 0.5145 (Simulation time: 00 hr 01 min 51 sec)
Heartbeat CPU 0 instructions: 23500122 cycles: 28519110 heartbeat IPC: 0.5342 cumulative IPC: 0.5152 (Simulation time: 00 hr 01 min 55 sec)
Heartbeat CPU 0 instructions: 24000124 cycles: 29555751 heartbeat IPC: 0.4823 cumulative IPC: 0.514 (Simulation time: 00 hr 01 min 58 sec)
Heartbeat CPU 0 instructions: 24500127 cycles: 30513552 heartbeat IPC: 0.522 cumulative IPC: 0.5143 (Simulation time: 00 hr 02 min 02 sec)
Heartbeat CPU 0 instructions: 25000129 cycles: 31410500 heartbeat IPC: 0.5574 cumulative IPC: 0.5156 (Simulation time: 00 hr 02 min 05 sec)
Heartbeat CPU 0 instructions: 25500133 cycles: 32299123 heartbeat IPC: 0.5627 cumulative IPC: 0.517 (Simulation time: 00 hr 02 min 08 sec)
Heartbeat CPU 0 instructions: 26000138 cycles: 33181521 heartbeat IPC: 0.5666 cumulative IPC: 0.5184 (Simulation time: 00 hr 02 min 12 sec)
Heartbeat CPU 0 instructions: 26500140 cycles: 34076270 heartbeat IPC: 0.5588 cumulative IPC: 0.5195 (Simulation time: 00 hr 02 min 15 sec)
Heartbeat CPU 0 instructions: 27000142 cycles: 34978286 heartbeat IPC: 0.5543 cumulative IPC: 0.5205 (Simulation time: 00 hr 02 min 18 sec)
Heartbeat CPU 0 instructions: 27500149 cycles: 35863584 heartbeat IPC: 0.5648 cumulative IPC: 0.5217 (Simulation time: 00 hr 02 min 22 sec)
Heartbeat CPU 0 instructions: 28000154 cycles: 36742418 heartbeat IPC: 0.5689 cumulative IPC: 0.5229 (Simulation time: 00 hr 02 min 25 sec)
Heartbeat CPU 0 instructions: 28500156 cycles: 37627606 heartbeat IPC: 0.5649 cumulative IPC: 0.5239 (Simulation time: 00 hr 02 min 28 sec)
Heartbeat CPU 0 instructions: 29000163 cycles: 38507825 heartbeat IPC: 0.568 cumulative IPC: 0.525 (Simulation time: 00 hr 02 min 32 sec)
Heartbeat CPU 0 instructions: 29500170 cycles: 39400073 heartbeat IPC: 0.5604 cumulative IPC: 0.5259 (Simulation time: 00 hr 02 min 35 sec)
Heartbeat CPU 0 instructions: 30000176 cycles: 40281346 heartbeat IPC: 0.5674 cumulative IPC: 0.5268 (Simulation time: 00 hr 02 min 38 sec)
Heartbeat CPU 0 instructions: 30500180 cycles: 41141539 heartbeat IPC: 0.5813 cumulative IPC: 0.528 (Simulation time: 00 hr 02 min 42 sec)
Heartbeat CPU 0 instructions: 31000183 cycles: 42016223 heartbeat IPC: 0.5716 cumulative IPC: 0.529 (Simulation time: 00 hr 02 min 45 sec)
Heartbeat CPU 0 instructions: 31500184 cycles: 42845217 heartbeat IPC: 0.6031 cumulative IPC: 0.5305 (Simulation time: 00 hr 02 min 48 sec)
Heartbeat CPU 0 instructions: 32000186 cycles: 43698476 heartbeat IPC: 0.586 cumulative IPC: 0.5316 (Simulation time: 00 hr 02 min 52 sec)
Heartbeat CPU 0 instructions: 32500192 cycles: 44565855 heartbeat IPC: 0.5765 cumulative IPC: 0.5326 (Simulation time: 00 hr 02 min 55 sec)
Heartbeat CPU 0 instructions: 33000197 cycles: 45527190 heartbeat IPC: 0.5201 cumulative IPC: 0.5323 (Simulation time: 00 hr 02 min 58 sec)
Heartbeat CPU 0 instructions: 33500199 cycles: 46406440 heartbeat IPC: 0.5687 cumulative IPC: 0.533 (Simulation time: 00 hr 03 min 02 sec)
Heartbeat CPU 0 instructions: 34000201 cycles: 47275879 heartbeat IPC: 0.5751 cumulative IPC: 0.5338 (Simulation time: 00 hr 03 min 05 sec)
Heartbeat CPU 0 instructions: 34500202 cycles: 48143494 heartbeat IPC: 0.5763 cumulative IPC: 0.5346 (Simulation time: 00 hr 03 min 08 sec)
Heartbeat CPU 0 instructions: 35000207 cycles: 48995610 heartbeat IPC: 0.5868 cumulative IPC: 0.5356 (Simulation time: 00 hr 03 min 12 sec)
Heartbeat CPU 0 instructions: 35500213 cycles: 49860859 heartbeat IPC: 0.5779 cumulative IPC: 0.5364 (Simulation time: 00 hr 03 min 15 sec)
Heartbeat CPU 0 instructions: 36000215 cycles: 50789086 heartbeat IPC: 0.5387 cumulative IPC: 0.5364 (Simulation time: 00 hr 03 min 18 sec)
Heartbeat CPU 0 instructions: 36500215 cycles: 51661639 heartbeat IPC: 0.573 cumulative IPC: 0.537 (Simulation time: 00 hr 03 min 22 sec)
Heartbeat CPU 0 instructions: 37000215 cycles: 52495060 heartbeat IPC: 0.5999 cumulative IPC: 0.5381 (Simulation time: 00 hr 03 min 25 sec)
Heartbeat CPU 0 instructions: 37500215 cycles: 53319466 heartbeat IPC: 0.6065 cumulative IPC: 0.5392 (Simulation time: 00 hr 03 min 28 sec)
Heartbeat CPU 0 instructions: 38000216 cycles: 54160680 heartbeat IPC: 0.5944 cumulative IPC: 0.5401 (Simulation time: 00 hr 03 min 32 sec)
Heartbeat CPU 0 instructions: 38500221 cycles: 54976755 heartbeat IPC: 0.6127 cumulative IPC: 0.5412 (Simulation time: 00 hr 03 min 35 sec)
Heartbeat CPU 0 instructions: 39000222 cycles: 55819245 heartbeat IPC: 0.5935 cumulative IPC: 0.542 (Simulation time: 00 hr 03 min 38 sec)
Heartbeat CPU 0 instructions: 39500229 cycles: 56649061 heartbeat IPC: 0.6026 cumulative IPC: 0.543 (Simulation time: 00 hr 03 min 41 sec)
Heartbeat CPU 0 instructions: 40000229 cycles: 57466971 heartbeat IPC: 0.6113 cumulative IPC: 0.544 (Simulation time: 00 hr 03 min 45 sec)
Heartbeat CPU 0 instructions: 40500230 cycles: 58287122 heartbeat IPC: 0.6096 cumulative IPC: 0.5449 (Simulation time: 00 hr 03 min 48 sec)
Heartbeat CPU 0 instructions: 41000231 cycles: 59108877 heartbeat IPC: 0.6085 cumulative IPC: 0.5459 (Simulation time: 00 hr 03 min 51 sec)
Heartbeat CPU 0 instructions: 41500234 cycles: 59902798 heartbeat IPC: 0.6298 cumulative IPC: 0.547 (Simulation time: 00 hr 03 min 54 sec)
Heartbeat CPU 0 instructions: 42000238 cycles: 60737495 heartbeat IPC: 0.599 cumulative IPC: 0.5478 (Simulation time: 00 hr 03 min 58 sec)
Heartbeat CPU 0 instructions: 42500242 cycles: 61576031 heartbeat IPC: 0.5963 cumulative IPC: 0.5484 (Simulation time: 00 hr 04 min 01 sec)
Heartbeat CPU 0 instructions: 43000248 cycles: 62391997 heartbeat IPC: 0.6128 cumulative IPC: 0.5493 (Simulation time: 00 hr 04 min 05 sec)
Heartbeat CPU 0 instructions: 43500252 cycles: 63216801 heartbeat IPC: 0.6062 cumulative IPC: 0.5501 (Simulation time: 00 hr 04 min 08 sec)
Heartbeat CPU 0 instructions: 44000253 cycles: 64032539 heartbeat IPC: 0.6129 cumulative IPC: 0.5509 (Simulation time: 00 hr 04 min 11 sec)
Heartbeat CPU 0 instructions: 44500253 cycles: 64832087 heartbeat IPC: 0.6254 cumulative IPC: 0.5519 (Simulation time: 00 hr 04 min 15 sec)
Heartbeat CPU 0 instructions: 45000257 cycles: 65637983 heartbeat IPC: 0.6204 cumulative IPC: 0.5527 (Simulation time: 00 hr 04 min 18 sec)
Heartbeat CPU 0 instructions: 45500261 cycles: 66459158 heartbeat IPC: 0.6089 cumulative IPC: 0.5535 (Simulation time: 00 hr 04 min 21 sec)
Heartbeat CPU 0 instructions: 46000267 cycles: 67263976 heartbeat IPC: 0.6213 cumulative IPC: 0.5543 (Simulation time: 00 hr 04 min 24 sec)
Heartbeat CPU 0 instructions: 46500268 cycles: 68091089 heartbeat IPC: 0.6045 cumulative IPC: 0.5549 (Simulation time: 00 hr 04 min 27 sec)
Heartbeat CPU 0 instructions: 47000269 cycles: 68902582 heartbeat IPC: 0.6161 cumulative IPC: 0.5557 (Simulation time: 00 hr 04 min 31 sec)
Heartbeat CPU 0 instructions: 47500275 cycles: 69682198 heartbeat IPC: 0.6413 cumulative IPC: 0.5567 (Simulation time: 00 hr 04 min 34 sec)
Heartbeat CPU 0 instructions: 48000275 cycles: 70483165 heartbeat IPC: 0.6242 cumulative IPC: 0.5575 (Simulation time: 00 hr 04 min 37 sec)
Heartbeat CPU 0 instructions: 48500277 cycles: 71296407 heartbeat IPC: 0.6148 cumulative IPC: 0.5581 (Simulation time: 00 hr 04 min 40 sec)
Heartbeat CPU 0 instructions: 49000277 cycles: 72085937 heartbeat IPC: 0.6333 cumulative IPC: 0.559 (Simulation time: 00 hr 04 min 44 sec)
Heartbeat CPU 0 instructions: 49500283 cycles: 72870440 heartbeat IPC: 0.6374 cumulative IPC: 0.5599 (Simulation time: 00 hr 04 min 47 sec)
Heartbeat CPU 0 instructions: 50000286 cycles: 73655021 heartbeat IPC: 0.6373 cumulative IPC: 0.5607 (Simulation time: 00 hr 04 min 50 sec)
Heartbeat CPU 0 instructions: 50500288 cycles: 74440218 heartbeat IPC: 0.6368 cumulative IPC: 0.5615 (Simulation time: 00 hr 04 min 53 sec)
Heartbeat CPU 0 instructions: 51000288 cycles: 75226506 heartbeat IPC: 0.6359 cumulative IPC: 0.5623 (Simulation time: 00 hr 04 min 56 sec)
Heartbeat CPU 0 instructions: 51500290 cycles: 75996928 heartbeat IPC: 0.649 cumulative IPC: 0.5633 (Simulation time: 00 hr 05 min 00 sec)
Heartbeat CPU 0 instructions: 52000297 cycles: 76796774 heartbeat IPC: 0.6251 cumulative IPC: 0.5639 (Simulation time: 00 hr 05 min 03 sec)
Heartbeat CPU 0 instructions: 52500298 cycles: 77562674 heartbeat IPC: 0.6528 cumulative IPC: 0.5648 (Simulation time: 00 hr 05 min 06 sec)
Heartbeat CPU 0 instructions: 53000301 cycles: 78334075 heartbeat IPC: 0.6482 cumulative IPC: 0.5657 (Simulation time: 00 hr 05 min 09 sec)
Heartbeat CPU 0 instructions: 53500303 cycles: 79135628 heartbeat IPC: 0.6238 cumulative IPC: 0.5663 (Simulation time: 00 hr 05 min 13 sec)
Heartbeat CPU 0 instructions: 54000306 cycles: 80006715 heartbeat IPC: 0.574 cumulative IPC: 0.5664 (Simulation time: 00 hr 05 min 16 sec)
Heartbeat CPU 0 instructions: 54500307 cycles: 80847075 heartbeat IPC: 0.595 cumulative IPC: 0.5667 (Simulation time: 00 hr 05 min 19 sec)
Heartbeat CPU 0 instructions: 55000311 cycles: 81678731 heartbeat IPC: 0.6012 cumulative IPC: 0.567 (Simulation time: 00 hr 05 min 23 sec)
Heartbeat CPU 0 instructions: 55500311 cycles: 82442320 heartbeat IPC: 0.6548 cumulative IPC: 0.5679 (Simulation time: 00 hr 05 min 26 sec)
Heartbeat CPU 0 instructions: 56000313 cycles: 83211749 heartbeat IPC: 0.6498 cumulative IPC: 0.5686 (Simulation time: 00 hr 05 min 29 sec)
Heartbeat CPU 0 instructions: 56500313 cycles: 83964351 heartbeat IPC: 0.6644 cumulative IPC: 0.5695 (Simulation time: 00 hr 05 min 32 sec)
Heartbeat CPU 0 instructions: 57000315 cycles: 84733941 heartbeat IPC: 0.6497 cumulative IPC: 0.5703 (Simulation time: 00 hr 05 min 36 sec)
Heartbeat CPU 0 instructions: 57500316 cycles: 85517159 heartbeat IPC: 0.6384 cumulative IPC: 0.5709 (Simulation time: 00 hr 05 min 39 sec)
Heartbeat CPU 0 instructions: 58000316 cycles: 86376488 heartbeat IPC: 0.5818 cumulative IPC: 0.571 (Simulation time: 00 hr 05 min 42 sec)
Heartbeat CPU 0 instructions: 58500317 cycles: 87155426 heartbeat IPC: 0.6419 cumulative IPC: 0.5717 (Simulation time: 00 hr 05 min 46 sec)
Heartbeat CPU 0 instructions: 59000318 cycles: 87920867 heartbeat IPC: 0.6532 cumulative IPC: 0.5724 (Simulation time: 00 hr 05 min 49 sec)
Heartbeat CPU 0 instructions: 59500320 cycles: 88703587 heartbeat IPC: 0.6388 cumulative IPC: 0.573 (Simulation time: 00 hr 05 min 52 sec)
Simulation finished CPU 0 instructions: 50000002 cycles: 87220900 cumulative IPC: 0.5733 (Simulation time: 00 hr 05 min 55 sec)
Simulation complete CPU 0 instructions: 50000002 cycles: 87220900 cumulative IPC: 0.5733 (Simulation time: 00 hr 05 min 55 sec)

ChampSim completed all CPUs

=== Simulation ===
CPU 0 runs traces/sssp-14.trace.gz

Region of Interest Statistics

CPU 0 cumulative IPC: 0.5733 instructions: 50000002 cycles: 87220900
CPU 0 Branch Prediction Accuracy: 94.07% MPKI: 8.732 Average ROB Occupancy at Mispredict: 57.43
Branch type MPKI
BRANCH_DIRECT_JUMP: 6e-05
BRANCH_INDIRECT: 0
BRANCH_CONDITIONAL: 8.732
BRANCH_DIRECT_CALL: 0
BRANCH_INDIRECT_CALL: 0
BRANCH_RETURN: 0

cpu0->cpu0_STLB TOTAL        ACCESS:     928916 HIT:     918587 MISS:      10329 MSHR_MERGE:          0
cpu0->cpu0_STLB LOAD         ACCESS:     928916 HIT:     918587 MISS:      10329 MSHR_MERGE:          0
cpu0->cpu0_STLB RFO          ACCESS:          0 HIT:          0 MISS:          0 MSHR_MERGE:          0
cpu0->cpu0_STLB PREFETCH     ACCESS:          0 HIT:          0 MISS:          0 MSHR_MERGE:          0
cpu0->cpu0_STLB WRITE        ACCESS:          0 HIT:          0 MISS:          0 MSHR_MERGE:          0
cpu0->cpu0_STLB TRANSLATION  ACCESS:          0 HIT:          0 MISS:          0 MSHR_MERGE:          0
cpu0->cpu0_STLB PREFETCH REQUESTED:          0 ISSUED:          0 USEFUL:          0 USELESS:          0
cpu0->cpu0_STLB AVERAGE MISS LATENCY: 270.5 cycles
cpu0->cpu0_L2C TOTAL        ACCESS:    4917600 HIT:    3485821 MISS:    1431779 MSHR_MERGE:     183062
cpu0->cpu0_L2C LOAD         ACCESS:    2251160 HIT:    1457939 MISS:     793221 MSHR_MERGE:      20047
cpu0->cpu0_L2C RFO          ACCESS:     272143 HIT:     219635 MISS:      52508 MSHR_MERGE:          0
cpu0->cpu0_L2C PREFETCH     ACCESS:    1624552 HIT:    1043972 MISS:     580580 MSHR_MERGE:     163015
cpu0->cpu0_L2C WRITE        ACCESS:     761476 HIT:     761338 MISS:        138 MSHR_MERGE:          0
cpu0->cpu0_L2C TRANSLATION  ACCESS:       8269 HIT:       2937 MISS:       5332 MSHR_MERGE:          0
cpu0->cpu0_L2C PREFETCH REQUESTED:    1644704 ISSUED:    1624552 USEFUL:     291934 USELESS:      86731
cpu0->cpu0_L2C AVERAGE MISS LATENCY: 116 cycles
cpu0->cpu0_L1I TOTAL        ACCESS:    2025670 HIT:    2025669 MISS:          1 MSHR_MERGE:          0
cpu0->cpu0_L1I LOAD         ACCESS:    2025670 HIT:    2025669 MISS:          1 MSHR_MERGE:          0
cpu0->cpu0_L1I RFO          ACCESS:          0 HIT:          0 MISS:          0 MSHR_MERGE:          0
cpu0->cpu0_L1I PREFETCH     ACCESS:          0 HIT:          0 MISS:          0 MSHR_MERGE:          0
cpu0->cpu0_L1I WRITE        ACCESS:          0 HIT:          0 MISS:          0 MSHR_MERGE:          0
cpu0->cpu0_L1I TRANSLATION  ACCESS:          0 HIT:          0 MISS:          0 MSHR_MERGE:          0
cpu0->cpu0_L1I PREFETCH REQUESTED:          0 ISSUED:          0 USEFUL:          0 USELESS:          0
cpu0->cpu0_L1I AVERAGE MISS LATENCY: 175 cycles
cpu0->cpu0_L1D TOTAL        ACCESS:   14359477 HIT:   11326427 MISS:    3033050 MSHR_MERGE:     501471
cpu0->cpu0_L1D LOAD         ACCESS:   12877057 HIT:   10238287 MISS:    2638770 MSHR_MERGE:     387611
cpu0->cpu0_L1D RFO          ACCESS:          0 HIT:          0 MISS:          0 MSHR_MERGE:          0
cpu0->cpu0_L1D PREFETCH     ACCESS:          0 HIT:          0 MISS:          0 MSHR_MERGE:          0
cpu0->cpu0_L1D WRITE        ACCESS:    1460633 HIT:    1074680 MISS:     385953 MSHR_MERGE:     113802
cpu0->cpu0_L1D TRANSLATION  ACCESS:      21787 HIT:      13460 MISS:       8327 MSHR_MERGE:         58
cpu0->cpu0_L1D PREFETCH REQUESTED:          0 ISSUED:          0 USEFUL:          0 USELESS:          0
cpu0->cpu0_L1D AVERAGE MISS LATENCY: 47.54 cycles
cpu0->cpu0_ITLB TOTAL        ACCESS:    2022616 HIT:    2022616 MISS:          0 MSHR_MERGE:          0
cpu0->cpu0_ITLB LOAD         ACCESS:    2022616 HIT:    2022616 MISS:          0 MSHR_MERGE:          0
cpu0->cpu0_ITLB RFO          ACCESS:          0 HIT:          0 MISS:          0 MSHR_MERGE:          0
cpu0->cpu0_ITLB PREFETCH     ACCESS:          0 HIT:          0 MISS:          0 MSHR_MERGE:          0
cpu0->cpu0_ITLB WRITE        ACCESS:          0 HIT:          0 MISS:          0 MSHR_MERGE:          0
cpu0->cpu0_ITLB TRANSLATION  ACCESS:          0 HIT:          0 MISS:          0 MSHR_MERGE:          0
cpu0->cpu0_ITLB PREFETCH REQUESTED:          0 ISSUED:          0 USEFUL:          0 USELESS:          0
cpu0->cpu0_ITLB AVERAGE MISS LATENCY: - cycles
cpu0->cpu0_DTLB TOTAL        ACCESS:   14254014 HIT:   13052895 MISS:    1201119 MSHR_MERGE:     272203
cpu0->cpu0_DTLB LOAD         ACCESS:   14254014 HIT:   13052895 MISS:    1201119 MSHR_MERGE:     272203
cpu0->cpu0_DTLB RFO          ACCESS:          0 HIT:          0 MISS:          0 MSHR_MERGE:          0
cpu0->cpu0_DTLB PREFETCH     ACCESS:          0 HIT:          0 MISS:          0 MSHR_MERGE:          0
cpu0->cpu0_DTLB WRITE        ACCESS:          0 HIT:          0 MISS:          0 MSHR_MERGE:          0
cpu0->cpu0_DTLB TRANSLATION  ACCESS:          0 HIT:          0 MISS:          0 MSHR_MERGE:          0
cpu0->cpu0_DTLB PREFETCH REQUESTED:          0 ISSUED:          0 USEFUL:          0 USELESS:          0
cpu0->cpu0_DTLB AVERAGE MISS LATENCY: 8.027 cycles
cpu0->LLC TOTAL        ACCESS:    1669638 HIT:     804291 MISS:     865347 MSHR_MERGE:      33668
cpu0->LLC LOAD         ACCESS:     773174 HIT:     486379 MISS:     286795 MSHR_MERGE:       4464
cpu0->LLC RFO          ACCESS:      52508 HIT:       3229 MISS:      49279 MSHR_MERGE:          0
cpu0->LLC PREFETCH     ACCESS:     417565 HIT:      75005 MISS:     342560 MSHR_MERGE:      29204
cpu0->LLC WRITE        ACCESS:     421059 HIT:     239495 MISS:     181564 MSHR_MERGE:          0
cpu0->LLC TRANSLATION  ACCESS:       5332 HIT:        183 MISS:       5149 MSHR_MERGE:          0
cpu0->LLC PREFETCH REQUESTED:          0 ISSUED:          0 USEFUL:          0 USELESS:          0
cpu0->LLC AVERAGE MISS LATENCY: 153.7 cycles

DRAM Statistics

Channel 0 RQ ROW_BUFFER_HIT:      16204
  ROW_BUFFER_MISS:     633839
  AVG DBUS CONGESTED CYCLE: 33.17
Channel 0 WQ ROW_BUFFER_HIT:      52090
  ROW_BUFFER_MISS:     161630
  FULL:          0
Channel 0 REFRESHES ISSUED:       7268
