[VMEM] WARNING: physical memory size is smaller than virtual memory size.

*** ChampSim Multicore Out-of-Order Simulator ***
Warmup Instructions: 10000000
Simulation Instructions: 50000000
Number of CPUs: 1
Page size: 4096
Core 0: traces/sssp-10.trace.gz
Off-chip DRAM Size: 64 GiB Channels: 1 Width: 64-bit Data Rate: 4807 MT/s
Heartbeat CPU 0 instructions: 500004 cycles: 182232 heartbeat IPC: 2.744 cumulative IPC: 2.744 (Simulation time: 00 hr 00 min 01 sec)
Heartbeat CPU 0 instructions: 1000004 cycles: 359486 heartbeat IPC: 2.821 cumulative IPC: 2.782 (Simulation time: 00 hr 00 min 02 sec)
Heartbeat CPU 0 instructions: 1500011 cycles: 511484 heartbeat IPC: 3.29 cumulative IPC: 2.933 (Simulation time: 00 hr 00 min 03 sec)
Heartbeat CPU 0 instructions: 2000015 cycles: 613380 heartbeat IPC: 4.907 cumulative IPC: 3.261 (Simulation time: 00 hr 00 min 04 sec)
Heartbeat CPU 0 instructions: 2500017 cycles: 718487 heartbeat IPC: 4.757 cumulative IPC: 3.48 (Simulation time: 00 hr 00 min 05 sec)
Heartbeat CPU 0 instructions: 3000022 cycles: 826191 heartbeat IPC: 4.642 cumulative IPC: 3.631 (Simulation time: 00 hr 00 min 06 sec)
Heartbeat CPU 0 instructions: 3500027 cycles: 932474 heartbeat IPC: 4.704 cumulative IPC: 3.753 (Simulation time: 00 hr 00 min 07 sec)
Heartbeat CPU 0 instructions: 4000033 cycles: 1039048 heartbeat IPC: 4.692 cumulative IPC: 3.85 (Simulation time: 00 hr 00 min 08 sec)
Heartbeat CPU 0 instructions: 4500036 cycles: 1147772 heartbeat IPC: 4.599 cumulative IPC: 3.921 (Simulation time: 00 hr 00 min 09 sec)
Heartbeat CPU 0 instructions: 5000036 cycles: 1253523 heartbeat IPC: 4.728 cumulative IPC: 3.989 (Simulation time: 00 hr 00 min 10 sec)
Heartbeat CPU 0 instructions: 5500043 cycles: 1360266 heartbeat IPC: 4.684 cumulative IPC: 4.043 (Simulation time: 00 hr 00 min 12 sec)
Heartbeat CPU 0 instructions: 6000043 cycles: 1467673 heartbeat IPC: 4.655 cumulative IPC: 4.088 (Simulation time: 00 hr 00 min 13 sec)
Heartbeat CPU 0 instructions: 6500048 cycles: 1573910 heartbeat IPC: 4.707 cumulative IPC: 4.13 (Simulation time: 00 hr 00 min 14 sec)
Heartbeat CPU 0 instructions: 7000053 cycles: 1683793 heartbeat IPC: 4.55 cumulative IPC: 4.157 (Simulation time: 00 hr 00 min 15 sec)
Heartbeat CPU 0 instructions: 7500055 cycles: 1791245 heartbeat IPC: 4.653 cumulative IPC: 4.187 (Simulation time: 00 hr 00 min 16 sec)
Heartbeat CPU 0 instructions: 8000062 cycles: 1897930 heartbeat IPC: 4.687 cumulative IPC: 4.215 (Simulation time: 00 hr 00 min 17 sec)
Heartbeat CPU 0 instructions: 8500066 cycles: 2002870 heartbeat IPC: 4.765 cumulative IPC: 4.244 (Simulation time: 00 hr 00 min 18 sec)
Heartbeat CPU 0 instructions: 9000072 cycles: 2107576 heartbeat IPC: 4.775 cumulative IPC: 4.27 (Simulation time: 00 hr 00 min 19 sec)
Heartbeat CPU 0 instructions: 9500074 cycles: 2214236 heartbeat IPC: 4.688 cumulative IPC: 4.29 (Simulation time: 00 hr 00 min 20 sec)
Warmup finished CPU 0 instructions: 10000001 cycles: 2319532 cumulative IPC: 4.311 (Simulation time: 00 hr 00 min 21 sec)
Warmup complete CPU 0 instructions: 10000001 cycles: 2319532 cumulative IPC: 4.311 (Simulation time: 00 hr 00 min 21 sec)
Heartbeat CPU 0 instructions: 10000075 cycles: 2319552 heartbeat IPC: 4.748 cumulative IPC: 3.7 (Simulation time: 00 hr 00 min 21 sec)
Heartbeat CPU 0 instructions: 10500080 cycles: 3356274 heartbeat IPC: 0.4823 cumulative IPC: 0.4824 (Simulation time: 00 hr 00 min 25 sec)
Heartbeat CPU 0 instructions: 11000080 cycles: 4364545 heartbeat IPC: 0.4959 cumulative IPC: 0.489 (Simulation time: 00 hr 00 min 28 sec)
Heartbeat CPU 0 instructions: 11500083 cycles: 5418944 heartbeat IPC: 0.4742 cumulative IPC: 0.484 (Simulation time: 00 hr 00 min 32 sec)
Heartbeat CPU 0 instructions: 12000085 cycles: 6511169 heartbeat IPC: 0.4578 cumulative IPC: 0.4772 (Simulation time: 00 hr 00 min 36 sec)
Heartbeat CPU 0 instructions: 12500085 cycles: 7567383 heartbeat IPC: 0.4734 cumulative IPC: 0.4764 (Simulation time: 00 hr 00 min 40 sec)
Heartbeat CPU 0 instructions: 13000092 cycles: 8589995 heartbeat IPC: 0.489 cumulative IPC: 0.4784 (Simulation time: 00 hr 00 min 43 sec)
Heartbeat CPU 0 instructions: 13500093 cycles: 9664881 heartbeat IPC: 0.4652 cumulative IPC: 0.4765 (Simulation time: 00 hr 00 min 47 sec)
Heartbeat CPU 0 instructions: 14000097 cycles: 10769465 heartbeat IPC: 0.4527 cumulative IPC: 0.4734 (Simulation time: 00 hr 00 min 51 sec)
Heartbeat CPU 0 instructions: 14500103 cycles: 11777437 heartbeat IPC: 0.4961 cumulative IPC: 0.4758 (Simulation time: 00 hr 00 min 54 sec)
Heartbeat CPU 0 instructions: 15000103 cycles: 12863881 heartbeat IPC: 0.4602 cumulative IPC: 0.4742 (Simulation time: 00 hr 00 min 58 sec)
Heartbeat CPU 0 instructions: 15500106 cycles: 13930474 heartbeat IPC: 0.4688 cumulative IPC: 0.4737 (Simulation time: 00 hr 01 min 02 sec)
Heartbeat CPU 0 instructions: 16000106 cycles: 14920259 heartbeat IPC: 0.5052 cumulative IPC: 0.4762 (Simulation time: 00 hr 01 min 05 sec)
Heartbeat CPU 0 instructions: 16500109 cycles: 15882236 heartbeat IPC: 0.5198 cumulative IPC: 0.4793 (Simulation time: 00 hr 01 min 09 sec)
Heartbeat CPU 0 instructions: 17000113 cycles: 16881229 heartbeat IPC: 0.5005 cumulative IPC: 0.4807 (Simulation time: 00 hr 01 min 12 sec)
Heartbeat CPU 0 instructions: 17500113 cycles: 17856758 heartbeat IPC: 0.5125 cumulative IPC: 0.4827 (Simulation time: 00 hr 01 min 16 sec)
Heartbeat CPU 0 instructions: 18000115 cycles: 18811072 heartbeat IPC: 0.5239 cumulative IPC: 0.4851 (Simulation time: 00 hr 01 min 19 sec)
Heartbeat CPU 0 instructions: 18500118 cycles: 19767745 heartbeat IPC: 0.5226 cumulative IPC: 0.4872 (Simulation time: 00 hr 01 min 23 sec)
Heartbeat CPU 0 instructions: 19000124 cycles: 20730215 heartbeat IPC: 0.5195 cumulative IPC: 0.4889 (Simulation time: 00 hr 01 min 26 sec)
Heartbeat CPU 0 instructions: 19500125 cycles: 21692255 heartbeat IPC: 0.5197 cumulative IPC: 0.4904 (Simulation time: 00 hr 01 min 30 sec)
Heartbeat CPU 0 instructions: 20000125 cycles: 22649010 heartbeat IPC: 0.5226 cumulative IPC: 0.4919 (Simulation time: 00 hr 01 min 33 sec)
Heartbeat CPU 0 instructions: 20500131 cycles: 23592593 heartbeat IPC: 0.5299 cumulative IPC: 0.4936 (Simulation time: 00 hr 01 min 37 sec)
Heartbeat CPU 0 instructions: 21000132 cycles: 24568517 heartbeat IPC: 0.5123 cumulative IPC: 0.4944 (Simulation time: 00 hr 01 min 40 sec)
Heartbeat CPU 0 instructions: 21500135 cycles: 25476596 heartbeat IPC: 0.5506 cumulative IPC: 0.4966 (Simulation time: 00 hr 01 min 44 sec)
Heartbeat CPU 0 instructions: 22000137 cycles: 26429130 heartbeat IPC: 0.5249 cumulative IPC: 0.4977 (Simulation time: 00 hr 01 min 47 sec)
Heartbeat CPU 0 instructions: 22500144 cycles: 27365140 heartbeat IPC: 0.5342 cumulative IPC: 0.4991 (Simulation time: 00 hr 01 min 51 sec)
Heartbeat CPU 0 instructions: 23000144 cycles: 28288165 heartbeat IPC: 0.5417 cumulative IPC: 0.5006 (Simulation time: 00 hr 01 min 54 sec)
Heartbeat CPU 0 instructions: 23500147 cycles: 29200362 heartbeat IPC: 0.5481 cumulative IPC: 0.5022 (Simulation time: 00 hr 01 min 58 sec)
Heartbeat CPU 0 instructions: 24000151 cycles: 30117646 heartbeat IPC: 0.5451 cumulative IPC: 0.5036 (Simulation time: 00 hr 02 min 01 sec)
Heartbeat CPU 0 instructions: 24500152 cycles: 31012728 heartbeat IPC: 0.5586 cumulative IPC: 0.5054 (Simulation time: 00 hr 02 min 05 sec)
Heartbeat CPU 0 instructions: 25000154 cycles: 31947458 heartbeat IPC: 0.5349 cumulative IPC: 0.5063 (Simulation time: 00 hr 02 min 08 sec)
Heartbeat CPU 0 instructions: 25500156 cycles: 32998560 heartbeat IPC: 0.4757 cumulative IPC: 0.5052 (Simulation time: 00 hr 02 min 12 sec)
Heartbeat CPU 0 instructions: 26000158 cycles: 33915702 heartbeat IPC: 0.5452 cumulative IPC: 0.5064 (Simulation time: 00 hr 02 min 15 sec)
Heartbeat CPU 0 instructions: 26500160 cycles: 34842560 heartbeat IPC: 0.5395 cumulative IPC: 0.5073 (Simulation time: 00 hr 02 min 19 sec)
Heartbeat CPU 0 instructions: 27000164 cycles: 35790489 heartbeat IPC: 0.5275 cumulative IPC: 0.5079 (Simulation time: 00 hr 02 min 22 sec)
Heartbeat CPU 0 instructions: 27500169 cycles: 36704701 heartbeat IPC: 0.5469 cumulative IPC: 0.5089 (Simulation time: 00 hr 02 min 26 sec)
Heartbeat CPU 0 instructions: 28000170 cycles: 37710909 heartbeat IPC: 0.4969 cumulative IPC: 0.5086 (Simulation time: 00 hr 02 min 29 sec)
Heartbeat CPU 0 instructions: 28500170 cycles: 38609217 heartbeat IPC: 0.5566 cumulative IPC: 0.5098 (Simulation time: 00 hr 02 min 33 sec)
Heartbeat CPU 0 instructions: 29000177 cycles: 39483869 heartbeat IPC: 0.5717 cumulative IPC: 0.5112 (Simulation time: 00 hr 02 min 36 sec)
Heartbeat CPU 0 instructions: 29500179 cycles: 40377604 heartbeat IPC: 0.5595 cumulative IPC: 0.5124 (Simulation time: 00 hr 02 min 40 sec)
Heartbeat CPU 0 instructions: 30000184 cycles: 41264202 heartbeat IPC: 0.564 cumulative IPC: 0.5136 (Simulation time: 00 hr 02 min 43 sec)
Heartbeat CPU 0 instructions: 30500184 cycles: 42111061 heartbeat IPC: 0.5904 cumulative IPC: 0.5152 (Simulation time: 00 hr 02 min 46 sec)
Heartbeat CPU 0 instructions: 31000188 cycles: 43055875 heartbeat IPC: 0.5292 cumulative IPC: 0.5155 (Simulation time: 00 hr 02 min 50 sec)
Heartbeat CPU 0 instructions: 31500188 cycles: 43974638 heartbeat IPC: 0.5442 cumulative IPC: 0.5161 (Simulation time: 00 hr 02 min 53 sec)
Heartbeat CPU 0 instructions: 32000190 cycles: 44832354 heartbeat IPC: 0.5829 cumulative IPC: 0.5175 (Simulation time: 00 hr 02 min 57 sec)
Heartbeat CPU 0 instructions: 32500191 cycles: 45701092 heartbeat IPC: 0.5755 cumulative IPC: 0.5187 (Simulation time: 00 hr 03 min 00 sec)
Heartbeat CPU 0 instructions: 33000193 cycles: 46553830 heartbeat IPC: 0.5863 cumulative IPC: 0.52 (Simulation time: 00 hr 03 min 03 sec)
Heartbeat CPU 0 instructions: 33500194 cycles: 47432230 heartbeat IPC: 0.5692 cumulative IPC: 0.5209 (Simulation time: 00 hr 03 min 07 sec)
Heartbeat CPU 0 instructions: 34000194 cycles: 48270648 heartbeat IPC: 0.5964 cumulative IPC: 0.5223 (Simulation time: 00 hr 03 min 10 sec)
Heartbeat CPU 0 instructions: 34500200 cycles: 49120630 heartbeat IPC: 0.5883 cumulative IPC: 0.5235 (Simulation time: 00 hr 03 min 13 sec)
Heartbeat CPU 0 instructions: 35000204 cycles: 50001167 heartbeat IPC: 0.5678 cumulative IPC: 0.5243 (Simulation time: 00 hr 03 min 17 sec)
Heartbeat CPU 0 instructions: 35500206 cycles: 50816793 heartbeat IPC: 0.613 cumulative IPC: 0.5258 (Simulation time: 00 hr 03 min 20 sec)
Heartbeat CPU 0 instructions: 36000212 cycles: 51643652 heartbeat IPC: 0.6047 cumulative IPC: 0.5271 (Simulation time: 00 hr 03 min 23 sec)
Heartbeat CPU 0 instructions: 36500216 cycles: 52518191 heartbeat IPC: 0.5717 cumulative IPC: 0.5279 (Simulation time: 00 hr 03 min 27 sec)
Heartbeat CPU 0 instructions: 37000220 cycles: 53378376 heartbeat IPC: 0.5813 cumulative IPC: 0.5288 (Simulation time: 00 hr 03 min 30 sec)
Heartbeat CPU 0 instructions: 37500220 cycles: 54295508 heartbeat IPC: 0.5452 cumulative IPC: 0.5291 (Simulation time: 00 hr 03 min 33 sec)
Heartbeat CPU 0 instructions: 38000220 cycles: 55177470 heartbeat IPC: 0.5669 cumulative IPC: 0.5297 (Simulation time: 00 hr 03 min 37 sec)
Heartbeat CPU 0 instructions: 38500220 cycles: 56006804 heartbeat IPC: 0.6029 cumulative IPC: 0.5309 (Simulation time: 00 hr 03 min 40 sec)
Heartbeat CPU 0 instructions: 39000221 cycles: 56831720 heartbeat IPC: 0.6061 cumulative IPC: 0.532 (Simulation time: 00 hr 03 min 43 sec)
Heartbeat CPU 0 instructions: 39500226 cycles: 57633854 heartbeat IPC: 0.6233 cumulative IPC: 0.5333 (Simulation time: 00 hr 03 min 46 sec)
Heartbeat CPU 0 instructions: 40000231 cycles: 58448590 heartbeat IPC: 0.6137 cumulative IPC: 0.5345 (Simulation time: 00 hr 03 min 50 sec)
Heartbeat CPU 0 instructions: 40500232 cycles: 59275940 heartbeat IPC: 0.6043 cumulative IPC: 0.5355 (Simulation time: 00 hr 03 min 53 sec)
Heartbeat CPU 0 instructions: 41000232 cycles: 60092401 heartbeat IPC: 0.6124 cumulative IPC: 0.5366 (Simulation time: 00 hr 03 min 56 sec)
Heartbeat CPU 0 instructions: 41500232 cycles: 60908559 heartbeat IPC: 0.6126 cumulative IPC: 0.5376 (Simulation time: 00 hr 04 min 00 sec)
Heartbeat CPU 0 instructions: 42000236 cycles: 61771967 heartbeat IPC: 0.5791 cumulative IPC: 0.5382 (Simulation time: 00 hr 04 min 03 sec)
Heartbeat CPU 0 instructions: 42500236 cycles: 62661677 heartbeat IPC: 0.562 cumulative IPC: 0.5386 (Simulation time: 00 hr 04 min 07 sec)
Heartbeat CPU 0 instructions: 43000241 cycles: 63475160 heartbeat IPC: 0.6146 cumulative IPC: 0.5396 (Simulation time: 00 hr 04 min 10 sec)
Heartbeat CPU 0 instructions: 43500248 cycles: 64282171 heartbeat IPC: 0.6196 cumulative IPC: 0.5407 (Simulation time: 00 hr 04 min 13 sec)
Heartbeat CPU 0 instructions: 44000254 cycles: 65072705 heartbeat IPC: 0.6325 cumulative IPC: 0.5418 (Simulation time: 00 hr 04 min 16 sec)
Heartbeat CPU 0 instructions: 44500254 cycles: 65877070 heartbeat IPC: 0.6216 cumulative IPC: 0.5428 (Simulation time: 00 hr 04 min 20 sec)
Heartbeat CPU 0 instructions: 45000260 cycles: 66693878 heartbeat IPC: 0.6121 cumulative IPC: 0.5437 (Simulation time: 00 hr 04 min 23 sec)
Heartbeat CPU 0 instructions: 45500260 cycles: 67571313 heartbeat IPC: 0.5698 cumulative IPC: 0.5441 (Simulation time: 00 hr 04 min 26 sec)
Heartbeat CPU 0 instructions: 46000267 cycles: 68447770 heartbeat IPC: 0.5705 cumulative IPC: 0.5444 (Simulation time: 00 hr 04 min 30 sec)
Heartbeat CPU 0 instructions: 46500269 cycles: 69242415 heartbeat IPC: 0.6292 cumulative IPC: 0.5454 (Simulation time: 00 hr 04 min 33 sec)
Heartbeat CPU 0 instructions: 47000270 cycles: 70046631 heartbeat IPC: 0.6217 cumulative IPC: 0.5463 (Simulation time: 00 hr 04 min 36 sec)
Heartbeat CPU 0 instructions: 47500273 cycles: 70843906 heartbeat IPC: 0.6271 cumulative IPC: 0.5473 (Simulation time: 00 hr 04 min 40 sec)
Heartbeat CPU 0 instructions: 48000273 cycles: 71654439 heartbeat IPC: 0.6169 cumulative IPC: 0.5481 (Simulation time: 00 hr 04 min 43 sec)
Heartbeat CPU 0 instructions: 48500279 cycles: 72456420 heartbeat IPC: 0.6235 cumulative IPC: 0.5489 (Simulation time: 00 hr 04 min 46 sec)
Heartbeat CPU 0 instructions: 49000279 cycles: 73229962 heartbeat IPC: 0.6464 cumulative IPC: 0.55 (Simulation time: 00 hr 04 min 49 sec)
Heartbeat CPU 0 instructions: 49500285 cycles: 74004561 heartbeat IPC: 0.6455 cumulative IPC: 0.551 (Simulation time: 00 hr 04 min 52 sec)
Heartbeat CPU 0 instructions: 50000285 cycles: 74786184 heartbeat IPC: 0.6397 cumulative IPC: 0.552 (Simulation time: 00 hr 04 min 56 sec)
Heartbeat CPU 0 instructions: 50500285 cycles: 75580947 heartbeat IPC: 0.6291 cumulative IPC: 0.5528 (Simulation time: 00 hr 04 min 59 sec)
Heartbeat CPU 0 instructions: 51000292 cycles: 76419901 heartbeat IPC: 0.596 cumulative IPC: 0.5533 (Simulation time: 00 hr 05 min 02 sec)
Heartbeat CPU 0 instructions: 51500293 cycles: 77278398 heartbeat IPC: 0.5824 cumulative IPC: 0.5536 (Simulation time: 00 hr 05 min 05 sec)
Heartbeat CPU 0 instructions: 52000294 cycles: 78072729 heartbeat IPC: 0.6295 cumulative IPC: 0.5544 (Simulation time: 00 hr 05 min 09 sec)
Heartbeat CPU 0 instructions: 52500298 cycles: 78867420 heartbeat IPC: 0.6292 cumulative IPC: 0.5552 (Simulation time: 00 hr 05 min 12 sec)
Heartbeat CPU 0 instructions: 53000303 cycles: 79639249 heartbeat IPC: 0.6478 cumulative IPC: 0.5561 (Simulation time: 00 hr 05 min 15 sec)
Heartbeat CPU 0 instructions: 53500309 cycles: 80404331 heartbeat IPC: 0.6535 cumulative IPC: 0.5571 (Simulation time: 00 hr 05 min 18 sec)
Heartbeat CPU 0 instructions: 54000309 cycles: 81182272 heartbeat IPC: 0.6427 cumulative IPC: 0.5579 (Simulation time: 00 hr 05 min 22 sec)
Heartbeat CPU 0 instructions: 54500310 cycles: 81958399 heartbeat IPC: 0.6442 cumulative IPC: 0.5588 (Simulation time: 00 hr 05 min 25 sec)
Heartbeat CPU 0 instructions: 55000314 cycles: 82720543 heartbeat IPC: 0.656 cumulative IPC: 0.5597 (Simulation time: 00 hr 05 min 28 sec)
Heartbeat CPU 0 instructions: 55500314 cycles: 83469255 heartbeat IPC: 0.6678 cumulative IPC: 0.5607 (Simulation time: 00 hr 05 min 31 sec)
Heartbeat CPU 0 instructions: 56000315 cycles: 84221588 heartbeat IPC: 0.6646 cumulative IPC: 0.5617 (Simulation time: 00 hr 05 min 34 sec)
Heartbeat CPU 0 instructions: 56500316 cycles: 84973813 heartbeat IPC: 0.6647 cumulative IPC: 0.5626 (Simulation time: 00 hr 05 min 37 sec)
Heartbeat CPU 0 instructions: 57000316 cycles: 85732550 heartbeat IPC: 0.659 cumulative IPC: 0.5635 (Simulation time: 00 hr 05 min 40 sec)
Heartbeat CPU 0 instructions: 57500316 cycles: 86482417 heartbeat IPC: 0.6668 cumulative IPC: 0.5644 (Simulation time: 00 hr 05 min 44 sec)
Heartbeat CPU 0 instructions: 58000317 cycles: 87240221 heartbeat IPC: 0.6598 cumulative IPC: 0.5652 (Simulation time: 00 hr 05 min 47 sec)
Heartbeat CPU 0 instructions: 58500324 cycles: 88004597 heartbeat IPC: 0.6541 cumulative IPC: 0.566 (Simulation time: 00 hr 05 min 50 sec)
Heartbeat CPU 0 instructions: 59000325 cycles: 88766466 heartbeat IPC: 0.6563 cumulative IPC: 0.5668 (Simulation time: 00 hr 05 min 53 sec)
Heartbeat CPU 0 instructions: 59500328 cycles: 89530882 heartbeat IPC: 0.6541 cumulative IPC: 0.5676 (Simulation time: 00 hr 05 min 56 sec)
Simulation finished CPU 0 instructions: 50000006 cycles: 88038292 cumulative IPC: 0.5679 (Simulation time: 00 hr 06 min 00 sec)
Simulation complete CPU 0 instructions: 50000006 cycles: 88038292 cumulative IPC: 0.5679 (Simulation time: 00 hr 06 min 00 sec)

ChampSim completed all CPUs

=== Simulation ===
CPU 0 runs traces/sssp-10.trace.gz

Region of Interest Statistics

CPU 0 cumulative IPC: 0.5679 instructions: 50000006 cycles: 88038292
CPU 0 Branch Prediction Accuracy: 94.11% MPKI: 8.664 Average ROB Occupancy at Mispredict: 57.99
Branch type MPKI
BRANCH_DIRECT_JUMP: 2e-05
BRANCH_INDIRECT: 0
BRANCH_CONDITIONAL: 8.664
BRANCH_DIRECT_CALL: 0
BRANCH_INDIRECT_CALL: 0
BRANCH_RETURN: 0

cpu0->cpu0_STLB TOTAL        ACCESS:     923005 HIT:     912210 MISS:      10795 MSHR_MERGE:          0
cpu0->cpu0_STLB LOAD         ACCESS:     923005 HIT:     912210 MISS:      10795 MSHR_MERGE:          0
cpu0->cpu0_STLB RFO          ACCESS:          0 HIT:          0 MISS:          0 MSHR_MERGE:          0
cpu0->cpu0_STLB PREFETCH     ACCESS:          0 HIT:          0 MISS:          0 MSHR_MERGE:          0
cpu0->cpu0_STLB WRITE        ACCESS:          0 HIT:          0 MISS:          0 MSHR_MERGE:          0
cpu0->cpu0_STLB TRANSLATION  ACCESS:          0 HIT:          0 MISS:          0 MSHR_MERGE:          0
cpu0->cpu0_STLB PREFETCH REQUESTED:          0 ISSUED:          0 USEFUL:          0 USELESS:          0
cpu0->cpu0_STLB AVERAGE MISS LATENCY: 257.4 cycles
cpu0->cpu0_L2C TOTAL        ACCESS:    4892002 HIT:    3452776 MISS:    1439226 MSHR_MERGE:     171288
cpu0->cpu0_L2C LOAD         ACCESS:    2263964 HIT:    1448338 MISS:     815626 MSHR_MERGE:      19603
cpu0->cpu0_L2C RFO          ACCESS:     272118 HIT:     218747 MISS:      53371 MSHR_MERGE:          0
cpu0->cpu0_L2C PREFETCH     ACCESS:    1586253 HIT:    1021410 MISS:     564843 MSHR_MERGE:     151685
cpu0->cpu0_L2C WRITE        ACCESS:     760966 HIT:     760839 MISS:        127 MSHR_MERGE:          0
cpu0->cpu0_L2C TRANSLATION  ACCESS:       8701 HIT:       3442 MISS:       5259 MSHR_MERGE:          0
cpu0->cpu0_L2C PREFETCH REQUESTED:    1603979 ISSUED:    1586253 USEFUL:     280753 USELESS:      91248
cpu0->cpu0_L2C AVERAGE MISS LATENCY: 114.9 cycles
cpu0->cpu0_L1I TOTAL        ACCESS:    2039779 HIT:    2039779 MISS:          0 MSHR_MERGE:          0
cpu0->cpu0_L1I LOAD         ACCESS:    2039779 HIT:    2039779 MISS:          0 MSHR_MERGE:          0
cpu0->cpu0_L1I RFO          ACCESS:          0 HIT:          0 MISS:          0 MSHR_MERGE:          0
cpu0->cpu0_L1I PREFETCH     ACCESS:          0 HIT:          0 MISS:          0 MSHR_MERGE:          0
cpu0->cpu0_L1I WRITE        ACCESS:          0 HIT:          0 MISS:          0 MSHR_MERGE:          0
cpu0->cpu0_L1I TRANSLATION  ACCESS:          0 HIT:          0 MISS:          0 MSHR_MERGE:          0
cpu0->cpu0_L1I PREFETCH REQUESTED:          0 ISSUED:          0 USEFUL:          0 USELESS:          0
cpu0->cpu0_L1I AVERAGE MISS LATENCY: - cycles
cpu0->cpu0_L1D TOTAL        ACCESS:   14330604 HIT:   11280611 MISS:    3049993 MSHR_MERGE:     505208
cpu0->cpu0_L1D LOAD         ACCESS:   12860831 HIT:   10208425 MISS:    2652406 MSHR_MERGE:     388442
cpu0->cpu0_L1D RFO          ACCESS:          0 HIT:          0 MISS:          0 MSHR_MERGE:          0
cpu0->cpu0_L1D PREFETCH     ACCESS:          0 HIT:          0 MISS:          0 MSHR_MERGE:          0
cpu0->cpu0_L1D WRITE        ACCESS:    1446944 HIT:    1058116 MISS:     388828 MSHR_MERGE:     116708
cpu0->cpu0_L1D TRANSLATION  ACCESS:      22829 HIT:      14070 MISS:       8759 MSHR_MERGE:         58
cpu0->cpu0_L1D PREFETCH REQUESTED:          0 ISSUED:          0 USEFUL:          0 USELESS:          0
cpu0->cpu0_L1D AVERAGE MISS LATENCY: 48.04 cycles
cpu0->cpu0_ITLB TOTAL        ACCESS:    2037309 HIT:    2037309 MISS:          0 MSHR_MERGE:          0
cpu0->cpu0_ITLB LOAD         ACCESS:    2037309 HIT:    2037309 MISS:          0 MSHR_MERGE:          0
cpu0->cpu0_ITLB RFO          ACCESS:          0 HIT:          0 MISS:          0 MSHR_MERGE:          0
cpu0->cpu0_ITLB PREFETCH     ACCESS:          0 HIT:          0 MISS:          0 MSHR_MERGE:          0
cpu0->cpu0_ITLB WRITE        ACCESS:          0 HIT:          0 MISS:          0 MSHR_MERGE:          0
cpu0->cpu0_ITLB TRANSLATION  ACCESS:          0 HIT:          0 MISS:          0 MSHR_MERGE:          0
cpu0->cpu0_ITLB PREFETCH REQUESTED:          0 ISSUED:          0 USEFUL:          0 USELESS:          0
cpu0->cpu0_ITLB AVERAGE MISS LATENCY: - cycles
cpu0->cpu0_DTLB TOTAL        ACCESS:   14226113 HIT:   13040591 MISS:    1185522 MSHR_MERGE:     262517
cpu0->cpu0_DTLB LOAD         ACCESS:   14226113 HIT:   13040591 MISS:    1185522 MSHR_MERGE:     262517
cpu0->cpu0_DTLB RFO          ACCESS:          0 HIT:          0 MISS:          0 MSHR_MERGE:          0
cpu0->cpu0_DTLB PREFETCH     ACCESS:          0 HIT:          0 MISS:          0 MSHR_MERGE:          0
cpu0->cpu0_DTLB WRITE        ACCESS:          0 HIT:          0 MISS:          0 MSHR_MERGE:          0
cpu0->cpu0_DTLB TRANSLATION  ACCESS:          0 HIT:          0 MISS:          0 MSHR_MERGE:          0
cpu0->cpu0_DTLB PREFETCH REQUESTED:          0 ISSUED:          0 USEFUL:          0 USELESS:          0
cpu0->cpu0_DTLB AVERAGE MISS LATENCY: 8.03 cycles
cpu0->LLC TOTAL        ACCESS:    1686971 HIT:     821498 MISS:     865473 MSHR_MERGE:      36659
cpu0->LLC LOAD         ACCESS:     796023 HIT:     505158 MISS:     290865 MSHR_MERGE:       4819
cpu0->LLC RFO          ACCESS:      53371 HIT:       3289 MISS:      50082 MSHR_MERGE:          0
cpu0->LLC PREFETCH     ACCESS:     413155 HIT:      71954 MISS:     341201 MSHR_MERGE:      31840
cpu0->LLC WRITE        ACCESS:     419163 HIT:     240765 MISS:     178398 MSHR_MERGE:          0
cpu0->LLC TRANSLATION  ACCESS:       5259 HIT:        332 MISS:       4927 MSHR_MERGE:          0
cpu0->LLC PREFETCH REQUESTED:          0 ISSUED:          0 USEFUL:          0 USELESS:          0
cpu0->LLC AVERAGE MISS LATENCY: 155.4 cycles

DRAM Statistics

Channel 0 RQ ROW_BUFFER_HIT:      16191
  ROW_BUFFER_MISS:     634129
  AVG DBUS CONGESTED CYCLE: 33.47
Channel 0 WQ ROW_BUFFER_HIT:      51504
  ROW_BUFFER_MISS:     159272
  FULL:          0
Channel 0 REFRESHES ISSUED:       7336
