[VMEM] WARNING: physical memory size is smaller than virtual memory size.

*** ChampSim Multicore Out-of-Order Simulator ***
Warmup Instructions: 10000000
Simulation Instructions: 50000000
Number of CPUs: 1
Page size: 4096
Core 0: traces/bfs-10.trace.gz
 L1D Berti prefetcher
Off-chip DRAM Size: 64 GiB Channels: 1 Width: 64-bit Data Rate: 800 MT/s
Heartbeat CPU 0 instructions: 500003 cycles: 117004 heartbeat IPC: 4.273 cumulative IPC: 4.273 (Simulation time: 00 hr 00 min 01 sec)
Heartbeat CPU 0 instructions: 1000010 cycles: 229805 heartbeat IPC: 4.433 cumulative IPC: 4.352 (Simulation time: 00 hr 00 min 02 sec)
Heartbeat CPU 0 instructions: 1500014 cycles: 342459 heartbeat IPC: 4.438 cumulative IPC: 4.38 (Simulation time: 00 hr 00 min 04 sec)
Heartbeat CPU 0 instructions: 2000021 cycles: 454964 heartbeat IPC: 4.444 cumulative IPC: 4.396 (Simulation time: 00 hr 00 min 05 sec)
Heartbeat CPU 0 instructions: 2500022 cycles: 567711 heartbeat IPC: 4.435 cumulative IPC: 4.404 (Simulation time: 00 hr 00 min 06 sec)
Heartbeat CPU 0 instructions: 3000024 cycles: 680417 heartbeat IPC: 4.436 cumulative IPC: 4.409 (Simulation time: 00 hr 00 min 07 sec)
Heartbeat CPU 0 instructions: 3500029 cycles: 793018 heartbeat IPC: 4.441 cumulative IPC: 4.414 (Simulation time: 00 hr 00 min 08 sec)
Heartbeat CPU 0 instructions: 4000034 cycles: 905723 heartbeat IPC: 4.436 cumulative IPC: 4.416 (Simulation time: 00 hr 00 min 09 sec)
Heartbeat CPU 0 instructions: 4500039 cycles: 1018596 heartbeat IPC: 4.43 cumulative IPC: 4.418 (Simulation time: 00 hr 00 min 10 sec)
Heartbeat CPU 0 instructions: 5000043 cycles: 1131397 heartbeat IPC: 4.433 cumulative IPC: 4.419 (Simulation time: 00 hr 00 min 11 sec)
Heartbeat CPU 0 instructions: 5500044 cycles: 1243970 heartbeat IPC: 4.442 cumulative IPC: 4.421 (Simulation time: 00 hr 00 min 12 sec)
Heartbeat CPU 0 instructions: 6000049 cycles: 1356741 heartbeat IPC: 4.434 cumulative IPC: 4.422 (Simulation time: 00 hr 00 min 13 sec)
Heartbeat CPU 0 instructions: 6500049 cycles: 1469614 heartbeat IPC: 4.43 cumulative IPC: 4.423 (Simulation time: 00 hr 00 min 15 sec)
Heartbeat CPU 0 instructions: 7000052 cycles: 1582352 heartbeat IPC: 4.435 cumulative IPC: 4.424 (Simulation time: 00 hr 00 min 16 sec)
Heartbeat CPU 0 instructions: 7500052 cycles: 1695378 heartbeat IPC: 4.424 cumulative IPC: 4.424 (Simulation time: 00 hr 00 min 17 sec)
Heartbeat CPU 0 instructions: 8000054 cycles: 1807851 heartbeat IPC: 4.446 cumulative IPC: 4.425 (Simulation time: 00 hr 00 min 18 sec)
Heartbeat CPU 0 instructions: 8500060 cycles: 1920488 heartbeat IPC: 4.439 cumulative IPC: 4.426 (Simulation time: 00 hr 00 min 19 sec)
Heartbeat CPU 0 instructions: 9000064 cycles: 2033200 heartbeat IPC: 4.436 cumulative IPC: 4.427 (Simulation time: 00 hr 00 min 20 sec)
Heartbeat CPU 0 instructions: 9500069 cycles: 2145840 heartbeat IPC: 4.439 cumulative IPC: 4.427 (Simulation time: 00 hr 00 min 21 sec)
Warmup finished CPU 0 instructions: 10000004 cycles: 2258494 cumulative IPC: 4.428 (Simulation time: 00 hr 00 min 22 sec)
Warmup complete CPU 0 instructions: 10000004 cycles: 2258494 cumulative IPC: 4.428 (Simulation time: 00 hr 00 min 22 sec)
Heartbeat CPU 0 instructions: 10000075 cycles: 2258517 heartbeat IPC: 4.438 cumulative IPC: 3.087 (Simulation time: 00 hr 00 min 22 sec)
Heartbeat CPU 0 instructions: 10500075 cycles: 3337415 heartbeat IPC: 0.4634 cumulative IPC: 0.4635 (Simulation time: 00 hr 00 min 26 sec)
Heartbeat CPU 0 instructions: 11000076 cycles: 4244729 heartbeat IPC: 0.5511 cumulative IPC: 0.5035 (Simulation time: 00 hr 00 min 30 sec)
Heartbeat CPU 0 instructions: 11500077 cycles: 5157587 heartbeat IPC: 0.5477 cumulative IPC: 0.5174 (Simulation time: 00 hr 00 min 33 sec)
Heartbeat CPU 0 instructions: 12000077 cycles: 6067393 heartbeat IPC: 0.5496 cumulative IPC: 0.5251 (Simulation time: 00 hr 00 min 37 sec)
Heartbeat CPU 0 instructions: 12500078 cycles: 6976576 heartbeat IPC: 0.5499 cumulative IPC: 0.5299 (Simulation time: 00 hr 00 min 40 sec)
Heartbeat CPU 0 instructions: 13000078 cycles: 7872155 heartbeat IPC: 0.5583 cumulative IPC: 0.5344 (Simulation time: 00 hr 00 min 44 sec)
Heartbeat CPU 0 instructions: 13500080 cycles: 8770425 heartbeat IPC: 0.5566 cumulative IPC: 0.5375 (Simulation time: 00 hr 00 min 47 sec)
Heartbeat CPU 0 instructions: 14000081 cycles: 9669351 heartbeat IPC: 0.5562 cumulative IPC: 0.5398 (Simulation time: 00 hr 00 min 51 sec)
Heartbeat CPU 0 instructions: 14500081 cycles: 10556338 heartbeat IPC: 0.5637 cumulative IPC: 0.5423 (Simulation time: 00 hr 00 min 54 sec)
Heartbeat CPU 0 instructions: 15000086 cycles: 11464135 heartbeat IPC: 0.5508 cumulative IPC: 0.5432 (Simulation time: 00 hr 00 min 57 sec)
Heartbeat CPU 0 instructions: 15500086 cycles: 12319665 heartbeat IPC: 0.5844 cumulative IPC: 0.5467 (Simulation time: 00 hr 01 min 01 sec)
Heartbeat CPU 0 instructions: 16000086 cycles: 13204631 heartbeat IPC: 0.565 cumulative IPC: 0.5481 (Simulation time: 00 hr 01 min 04 sec)
Heartbeat CPU 0 instructions: 16500086 cycles: 14093077 heartbeat IPC: 0.5628 cumulative IPC: 0.5492 (Simulation time: 00 hr 01 min 07 sec)
Heartbeat CPU 0 instructions: 17000088 cycles: 14974535 heartbeat IPC: 0.5672 cumulative IPC: 0.5505 (Simulation time: 00 hr 01 min 11 sec)
Heartbeat CPU 0 instructions: 17500094 cycles: 15859246 heartbeat IPC: 0.5652 cumulative IPC: 0.5514 (Simulation time: 00 hr 01 min 14 sec)
Heartbeat CPU 0 instructions: 18000094 cycles: 16724287 heartbeat IPC: 0.578 cumulative IPC: 0.553 (Simulation time: 00 hr 01 min 17 sec)
Heartbeat CPU 0 instructions: 18500094 cycles: 17627996 heartbeat IPC: 0.5533 cumulative IPC: 0.553 (Simulation time: 00 hr 01 min 21 sec)
Heartbeat CPU 0 instructions: 19000094 cycles: 18512554 heartbeat IPC: 0.5653 cumulative IPC: 0.5537 (Simulation time: 00 hr 01 min 24 sec)
Heartbeat CPU 0 instructions: 19500094 cycles: 19391371 heartbeat IPC: 0.5689 cumulative IPC: 0.5545 (Simulation time: 00 hr 01 min 27 sec)
Heartbeat CPU 0 instructions: 20000094 cycles: 20294377 heartbeat IPC: 0.5537 cumulative IPC: 0.5545 (Simulation time: 00 hr 01 min 31 sec)
Heartbeat CPU 0 instructions: 20500094 cycles: 21182940 heartbeat IPC: 0.5627 cumulative IPC: 0.5548 (Simulation time: 00 hr 01 min 34 sec)
Heartbeat CPU 0 instructions: 21000094 cycles: 22084856 heartbeat IPC: 0.5544 cumulative IPC: 0.5548 (Simulation time: 00 hr 01 min 37 sec)
Heartbeat CPU 0 instructions: 21500094 cycles: 22998617 heartbeat IPC: 0.5472 cumulative IPC: 0.5545 (Simulation time: 00 hr 01 min 41 sec)
Heartbeat CPU 0 instructions: 22000095 cycles: 23893735 heartbeat IPC: 0.5586 cumulative IPC: 0.5547 (Simulation time: 00 hr 01 min 44 sec)
Heartbeat CPU 0 instructions: 22500095 cycles: 24803801 heartbeat IPC: 0.5494 cumulative IPC: 0.5544 (Simulation time: 00 hr 01 min 48 sec)
Heartbeat CPU 0 instructions: 23000095 cycles: 25708780 heartbeat IPC: 0.5525 cumulative IPC: 0.5544 (Simulation time: 00 hr 01 min 51 sec)
Heartbeat CPU 0 instructions: 23500095 cycles: 26618890 heartbeat IPC: 0.5494 cumulative IPC: 0.5542 (Simulation time: 00 hr 01 min 54 sec)
Heartbeat CPU 0 instructions: 24000096 cycles: 27513590 heartbeat IPC: 0.5588 cumulative IPC: 0.5543 (Simulation time: 00 hr 01 min 58 sec)
Heartbeat CPU 0 instructions: 24500097 cycles: 28424724 heartbeat IPC: 0.5488 cumulative IPC: 0.5542 (Simulation time: 00 hr 02 min 01 sec)
Heartbeat CPU 0 instructions: 25000102 cycles: 29316083 heartbeat IPC: 0.5609 cumulative IPC: 0.5544 (Simulation time: 00 hr 02 min 05 sec)
Heartbeat CPU 0 instructions: 25500103 cycles: 30213041 heartbeat IPC: 0.5574 cumulative IPC: 0.5545 (Simulation time: 00 hr 02 min 08 sec)
Heartbeat CPU 0 instructions: 26000103 cycles: 31110994 heartbeat IPC: 0.5568 cumulative IPC: 0.5545 (Simulation time: 00 hr 02 min 11 sec)
Heartbeat CPU 0 instructions: 26500109 cycles: 32015240 heartbeat IPC: 0.553 cumulative IPC: 0.5545 (Simulation time: 00 hr 02 min 15 sec)
Heartbeat CPU 0 instructions: 27000109 cycles: 32908770 heartbeat IPC: 0.5596 cumulative IPC: 0.5546 (Simulation time: 00 hr 02 min 18 sec)
Heartbeat CPU 0 instructions: 27500110 cycles: 33798533 heartbeat IPC: 0.5619 cumulative IPC: 0.5549 (Simulation time: 00 hr 02 min 22 sec)
Heartbeat CPU 0 instructions: 28000110 cycles: 34683704 heartbeat IPC: 0.5649 cumulative IPC: 0.5551 (Simulation time: 00 hr 02 min 25 sec)
Heartbeat CPU 0 instructions: 28500116 cycles: 35576113 heartbeat IPC: 0.5603 cumulative IPC: 0.5553 (Simulation time: 00 hr 02 min 28 sec)
Heartbeat CPU 0 instructions: 29000120 cycles: 36470421 heartbeat IPC: 0.5591 cumulative IPC: 0.5554 (Simulation time: 00 hr 02 min 32 sec)
Heartbeat CPU 0 instructions: 29500126 cycles: 37375718 heartbeat IPC: 0.5523 cumulative IPC: 0.5553 (Simulation time: 00 hr 02 min 35 sec)
Heartbeat CPU 0 instructions: 30000126 cycles: 38241148 heartbeat IPC: 0.5777 cumulative IPC: 0.5558 (Simulation time: 00 hr 02 min 39 sec)
Heartbeat CPU 0 instructions: 30500127 cycles: 39147687 heartbeat IPC: 0.5515 cumulative IPC: 0.5557 (Simulation time: 00 hr 02 min 42 sec)
Heartbeat CPU 0 instructions: 31000127 cycles: 40054102 heartbeat IPC: 0.5516 cumulative IPC: 0.5556 (Simulation time: 00 hr 02 min 46 sec)
Heartbeat CPU 0 instructions: 31500128 cycles: 40973616 heartbeat IPC: 0.5438 cumulative IPC: 0.5553 (Simulation time: 00 hr 02 min 49 sec)
Heartbeat CPU 0 instructions: 32000132 cycles: 41882013 heartbeat IPC: 0.5504 cumulative IPC: 0.5552 (Simulation time: 00 hr 02 min 53 sec)
Heartbeat CPU 0 instructions: 32500132 cycles: 42793727 heartbeat IPC: 0.5484 cumulative IPC: 0.5551 (Simulation time: 00 hr 02 min 56 sec)
Heartbeat CPU 0 instructions: 33000133 cycles: 43704068 heartbeat IPC: 0.5492 cumulative IPC: 0.5549 (Simulation time: 00 hr 02 min 59 sec)
Heartbeat CPU 0 instructions: 33500134 cycles: 44588144 heartbeat IPC: 0.5656 cumulative IPC: 0.5552 (Simulation time: 00 hr 07 min 46 sec)
Heartbeat CPU 0 instructions: 34000135 cycles: 45495348 heartbeat IPC: 0.5511 cumulative IPC: 0.5551 (Simulation time: 00 hr 07 min 49 sec)
Heartbeat CPU 0 instructions: 34500135 cycles: 46376829 heartbeat IPC: 0.5672 cumulative IPC: 0.5553 (Simulation time: 00 hr 07 min 53 sec)
Heartbeat CPU 0 instructions: 35000136 cycles: 47304082 heartbeat IPC: 0.5392 cumulative IPC: 0.555 (Simulation time: 00 hr 07 min 56 sec)
Heartbeat CPU 0 instructions: 35500138 cycles: 48212753 heartbeat IPC: 0.5503 cumulative IPC: 0.5549 (Simulation time: 00 hr 08 min 00 sec)
Heartbeat CPU 0 instructions: 36000143 cycles: 49118364 heartbeat IPC: 0.5521 cumulative IPC: 0.5548 (Simulation time: 00 hr 08 min 03 sec)
Heartbeat CPU 0 instructions: 36500144 cycles: 50018627 heartbeat IPC: 0.5554 cumulative IPC: 0.5549 (Simulation time: 00 hr 08 min 07 sec)
Heartbeat CPU 0 instructions: 37000147 cycles: 50922049 heartbeat IPC: 0.5535 cumulative IPC: 0.5548 (Simulation time: 00 hr 08 min 10 sec)
Heartbeat CPU 0 instructions: 37500152 cycles: 51818608 heartbeat IPC: 0.5577 cumulative IPC: 0.5549 (Simulation time: 00 hr 08 min 13 sec)
Heartbeat CPU 0 instructions: 38000153 cycles: 52713894 heartbeat IPC: 0.5585 cumulative IPC: 0.5549 (Simulation time: 00 hr 08 min 17 sec)
Heartbeat CPU 0 instructions: 38500153 cycles: 53613703 heartbeat IPC: 0.5557 cumulative IPC: 0.555 (Simulation time: 00 hr 08 min 20 sec)
Heartbeat CPU 0 instructions: 39000153 cycles: 54498142 heartbeat IPC: 0.5653 cumulative IPC: 0.5551 (Simulation time: 00 hr 08 min 24 sec)
Heartbeat CPU 0 instructions: 39500157 cycles: 55391310 heartbeat IPC: 0.5598 cumulative IPC: 0.5552 (Simulation time: 00 hr 08 min 27 sec)
Heartbeat CPU 0 instructions: 40000163 cycles: 56296352 heartbeat IPC: 0.5525 cumulative IPC: 0.5552 (Simulation time: 00 hr 24 min 53 sec)
Heartbeat CPU 0 instructions: 40500163 cycles: 57207619 heartbeat IPC: 0.5487 cumulative IPC: 0.5551 (Simulation time: 00 hr 24 min 56 sec)
Heartbeat CPU 0 instructions: 41000163 cycles: 58118946 heartbeat IPC: 0.5487 cumulative IPC: 0.555 (Simulation time: 00 hr 25 min 00 sec)
Heartbeat CPU 0 instructions: 41500163 cycles: 59009093 heartbeat IPC: 0.5617 cumulative IPC: 0.5551 (Simulation time: 00 hr 25 min 03 sec)
Heartbeat CPU 0 instructions: 42000165 cycles: 59922854 heartbeat IPC: 0.5472 cumulative IPC: 0.5549 (Simulation time: 00 hr 25 min 06 sec)
Heartbeat CPU 0 instructions: 42500166 cycles: 60802526 heartbeat IPC: 0.5684 cumulative IPC: 0.5551 (Simulation time: 00 hr 25 min 10 sec)
Heartbeat CPU 0 instructions: 43000170 cycles: 61714991 heartbeat IPC: 0.548 cumulative IPC: 0.555 (Simulation time: 00 hr 25 min 13 sec)
Heartbeat CPU 0 instructions: 43500176 cycles: 62618529 heartbeat IPC: 0.5534 cumulative IPC: 0.555 (Simulation time: 00 hr 25 min 17 sec)
Heartbeat CPU 0 instructions: 44000176 cycles: 63525431 heartbeat IPC: 0.5513 cumulative IPC: 0.555 (Simulation time: 00 hr 25 min 20 sec)
Heartbeat CPU 0 instructions: 44500180 cycles: 64434744 heartbeat IPC: 0.5499 cumulative IPC: 0.5549 (Simulation time: 00 hr 25 min 23 sec)
Heartbeat CPU 0 instructions: 45000181 cycles: 65326938 heartbeat IPC: 0.5604 cumulative IPC: 0.555 (Simulation time: 00 hr 25 min 27 sec)
Heartbeat CPU 0 instructions: 45500181 cycles: 66234996 heartbeat IPC: 0.5506 cumulative IPC: 0.5549 (Simulation time: 00 hr 25 min 30 sec)
Heartbeat CPU 0 instructions: 46000184 cycles: 67133212 heartbeat IPC: 0.5567 cumulative IPC: 0.5549 (Simulation time: 00 hr 25 min 34 sec)
Heartbeat CPU 0 instructions: 46500184 cycles: 68017281 heartbeat IPC: 0.5656 cumulative IPC: 0.5551 (Simulation time: 00 hr 25 min 37 sec)
Heartbeat CPU 0 instructions: 47000184 cycles: 68926846 heartbeat IPC: 0.5497 cumulative IPC: 0.555 (Simulation time: 00 hr 25 min 40 sec)
Heartbeat CPU 0 instructions: 47500185 cycles: 69844961 heartbeat IPC: 0.5446 cumulative IPC: 0.5548 (Simulation time: 00 hr 25 min 44 sec)
Heartbeat CPU 0 instructions: 48000188 cycles: 70745259 heartbeat IPC: 0.5554 cumulative IPC: 0.5549 (Simulation time: 00 hr 25 min 47 sec)
Heartbeat CPU 0 instructions: 48500188 cycles: 71641703 heartbeat IPC: 0.5578 cumulative IPC: 0.5549 (Simulation time: 00 hr 25 min 50 sec)
Heartbeat CPU 0 instructions: 49000190 cycles: 72544530 heartbeat IPC: 0.5538 cumulative IPC: 0.5549 (Simulation time: 00 hr 42 min 28 sec)
Heartbeat CPU 0 instructions: 49500190 cycles: 73425537 heartbeat IPC: 0.5675 cumulative IPC: 0.555 (Simulation time: 00 hr 42 min 31 sec)
Heartbeat CPU 0 instructions: 50000191 cycles: 74329481 heartbeat IPC: 0.5531 cumulative IPC: 0.555 (Simulation time: 00 hr 42 min 34 sec)
Heartbeat CPU 0 instructions: 50500192 cycles: 75224664 heartbeat IPC: 0.5585 cumulative IPC: 0.5551 (Simulation time: 00 hr 42 min 38 sec)
Heartbeat CPU 0 instructions: 51000198 cycles: 76147136 heartbeat IPC: 0.542 cumulative IPC: 0.5549 (Simulation time: 00 hr 42 min 41 sec)
Heartbeat CPU 0 instructions: 51500200 cycles: 77045347 heartbeat IPC: 0.5567 cumulative IPC: 0.5549 (Simulation time: 00 hr 42 min 44 sec)
Heartbeat CPU 0 instructions: 52000203 cycles: 77957436 heartbeat IPC: 0.5482 cumulative IPC: 0.5548 (Simulation time: 00 hr 42 min 48 sec)
Heartbeat CPU 0 instructions: 52500203 cycles: 78880226 heartbeat IPC: 0.5418 cumulative IPC: 0.5547 (Simulation time: 00 hr 42 min 51 sec)
Heartbeat CPU 0 instructions: 53000205 cycles: 79781185 heartbeat IPC: 0.555 cumulative IPC: 0.5547 (Simulation time: 00 hr 42 min 55 sec)
Heartbeat CPU 0 instructions: 53500205 cycles: 80689620 heartbeat IPC: 0.5504 cumulative IPC: 0.5546 (Simulation time: 00 hr 42 min 58 sec)
Heartbeat CPU 0 instructions: 54000205 cycles: 81580330 heartbeat IPC: 0.5613 cumulative IPC: 0.5547 (Simulation time: 00 hr 43 min 01 sec)
Heartbeat CPU 0 instructions: 54500211 cycles: 82503632 heartbeat IPC: 0.5415 cumulative IPC: 0.5546 (Simulation time: 00 hr 43 min 05 sec)
Heartbeat CPU 0 instructions: 55000212 cycles: 83743292 heartbeat IPC: 0.4033 cumulative IPC: 0.5523 (Simulation time: 00 hr 43 min 09 sec)
Heartbeat CPU 0 instructions: 55500213 cycles: 85469909 heartbeat IPC: 0.2896 cumulative IPC: 0.5468 (Simulation time: 00 hr 43 min 15 sec)
Heartbeat CPU 0 instructions: 56000213 cycles: 87195894 heartbeat IPC: 0.2897 cumulative IPC: 0.5416 (Simulation time: 00 hr 43 min 21 sec)
Heartbeat CPU 0 instructions: 56500214 cycles: 88912793 heartbeat IPC: 0.2912 cumulative IPC: 0.5366 (Simulation time: 00 hr 43 min 27 sec)
Heartbeat CPU 0 instructions: 57000217 cycles: 90632414 heartbeat IPC: 0.2908 cumulative IPC: 0.5318 (Simulation time: 00 hr 43 min 33 sec)
Heartbeat CPU 0 instructions: 57500217 cycles: 92368080 heartbeat IPC: 0.2881 cumulative IPC: 0.5271 (Simulation time: 00 hr 43 min 39 sec)
Heartbeat CPU 0 instructions: 58000222 cycles: 94067450 heartbeat IPC: 0.2942 cumulative IPC: 0.5228 (Simulation time: 00 hr 43 min 44 sec)
Heartbeat CPU 0 instructions: 58500229 cycles: 95750200 heartbeat IPC: 0.2971 cumulative IPC: 0.5188 (Simulation time: 00 hr 43 min 50 sec)
Heartbeat CPU 0 instructions: 59000229 cycles: 97500118 heartbeat IPC: 0.2857 cumulative IPC: 0.5145 (Simulation time: 00 hr 43 min 56 sec)
Heartbeat CPU 0 instructions: 59500232 cycles: 99210010 heartbeat IPC: 0.2924 cumulative IPC: 0.5106 (Simulation time: 00 hr 44 min 02 sec)
Simulation finished CPU 0 instructions: 50000004 cycles: 98670816 cumulative IPC: 0.5067 (Simulation time: 00 hr 44 min 08 sec)
Simulation complete CPU 0 instructions: 50000004 cycles: 98670816 cumulative IPC: 0.5067 (Simulation time: 00 hr 44 min 08 sec)

ChampSim completed all CPUs

=== Simulation ===
CPU 0 runs traces/bfs-10.trace.gz

Region of Interest Statistics

CPU 0 cumulative IPC: 0.5067 instructions: 50000004 cycles: 98670816
CPU 0 Branch Prediction Accuracy: 87.15% MPKI: 26.33 Average ROB Occupancy at Mispredict: 15.43
Branch type MPKI
BRANCH_DIRECT_JUMP: 0.00016
BRANCH_INDIRECT: 0
BRANCH_CONDITIONAL: 26.33
BRANCH_DIRECT_CALL: 0.00034
BRANCH_INDIRECT_CALL: 0
BRANCH_RETURN: 0.00038

cpu0->cpu0_STLB TOTAL        ACCESS:      44792 HIT:       8195 MISS:      36597 MSHR_MERGE:          0
cpu0->cpu0_STLB LOAD         ACCESS:      44792 HIT:       8195 MISS:      36597 MSHR_MERGE:          0
cpu0->cpu0_STLB RFO          ACCESS:          0 HIT:          0 MISS:          0 MSHR_MERGE:          0
cpu0->cpu0_STLB PREFETCH     ACCESS:          0 HIT:          0 MISS:          0 MSHR_MERGE:          0
cpu0->cpu0_STLB WRITE        ACCESS:          0 HIT:          0 MISS:          0 MSHR_MERGE:          0
cpu0->cpu0_STLB TRANSLATION  ACCESS:          0 HIT:          0 MISS:          0 MSHR_MERGE:          0
cpu0->cpu0_STLB PREFETCH REQUESTED:          0 ISSUED:          0 USEFUL:          0 USELESS:          0
cpu0->cpu0_STLB AVERAGE MISS LATENCY: 207.6 cycles
cpu0->cpu0_L2C TOTAL        ACCESS:   10392688 HIT:    7981924 MISS:    2410764 MSHR_MERGE:    1111697
cpu0->cpu0_L2C LOAD         ACCESS:    1999563 HIT:    1858081 MISS:     141482 MSHR_MERGE:      47236
cpu0->cpu0_L2C RFO          ACCESS:      10219 HIT:       3869 MISS:       6350 MSHR_MERGE:          0
cpu0->cpu0_L2C PREFETCH     ACCESS:    8272400 HIT:    6015150 MISS:    2257250 MSHR_MERGE:    1064461
cpu0->cpu0_L2C WRITE        ACCESS:     101758 HIT:     101757 MISS:          1 MSHR_MERGE:          0
cpu0->cpu0_L2C TRANSLATION  ACCESS:       8748 HIT:       3067 MISS:       5681 MSHR_MERGE:          0
cpu0->cpu0_L2C PREFETCH REQUESTED:    7104773 ISSUED:    7000694 USEFUL:     572770 USELESS:     479848
cpu0->cpu0_L2C AVERAGE MISS LATENCY: 347 cycles
cpu0->cpu0_L1I TOTAL        ACCESS:      27361 HIT:      27320 MISS:         41 MSHR_MERGE:          3
cpu0->cpu0_L1I LOAD         ACCESS:      27361 HIT:      27320 MISS:         41 MSHR_MERGE:          3
cpu0->cpu0_L1I RFO          ACCESS:          0 HIT:          0 MISS:          0 MSHR_MERGE:          0
cpu0->cpu0_L1I PREFETCH     ACCESS:          0 HIT:          0 MISS:          0 MSHR_MERGE:          0
cpu0->cpu0_L1I WRITE        ACCESS:          0 HIT:          0 MISS:          0 MSHR_MERGE:          0
cpu0->cpu0_L1I TRANSLATION  ACCESS:          0 HIT:          0 MISS:          0 MSHR_MERGE:          0
cpu0->cpu0_L1I PREFETCH REQUESTED:          0 ISSUED:          0 USEFUL:          0 USELESS:          0
cpu0->cpu0_L1I AVERAGE MISS LATENCY: 265.2 cycles
cpu0->cpu0_L1D TOTAL        ACCESS:   14618950 HIT:   10591758 MISS:    4027192 MSHR_MERGE:     736992
cpu0->cpu0_L1D LOAD         ACCESS:   11492830 HIT:    8830760 MISS:    2662070 MSHR_MERGE:     662545
cpu0->cpu0_L1D RFO          ACCESS:          0 HIT:          0 MISS:          0 MSHR_MERGE:          0
cpu0->cpu0_L1D PREFETCH     ACCESS:    2121342 HIT:     830897 MISS:    1290445 MSHR_MERGE:      18737
cpu0->cpu0_L1D WRITE        ACCESS:     931711 HIT:     866062 MISS:      65649 MSHR_MERGE:      55430
cpu0->cpu0_L1D TRANSLATION  ACCESS:      73067 HIT:      64039 MISS:       9028 MSHR_MERGE:        280
cpu0->cpu0_L1D PREFETCH REQUESTED:    2129609 ISSUED:    2121334 USEFUL:     588969 USELESS:     682552
cpu0->cpu0_L1D AVERAGE MISS LATENCY: 37.11 cycles
cpu0->cpu0_ITLB TOTAL        ACCESS:      26609 HIT:      26607 MISS:          2 MSHR_MERGE:          1
cpu0->cpu0_ITLB LOAD         ACCESS:      26609 HIT:      26607 MISS:          2 MSHR_MERGE:          1
cpu0->cpu0_ITLB RFO          ACCESS:          0 HIT:          0 MISS:          0 MSHR_MERGE:          0
cpu0->cpu0_ITLB PREFETCH     ACCESS:          0 HIT:          0 MISS:          0 MSHR_MERGE:          0
cpu0->cpu0_ITLB WRITE        ACCESS:          0 HIT:          0 MISS:          0 MSHR_MERGE:          0
cpu0->cpu0_ITLB TRANSLATION  ACCESS:          0 HIT:          0 MISS:          0 MSHR_MERGE:          0
cpu0->cpu0_ITLB PREFETCH REQUESTED:          0 ISSUED:          0 USEFUL:          0 USELESS:          0
cpu0->cpu0_ITLB AVERAGE MISS LATENCY: 1415 cycles
cpu0->cpu0_DTLB TOTAL        ACCESS:   14120681 HIT:   13991681 MISS:     129000 MSHR_MERGE:      84209
cpu0->cpu0_DTLB LOAD         ACCESS:   14120681 HIT:   13991681 MISS:     129000 MSHR_MERGE:      84209
cpu0->cpu0_DTLB RFO          ACCESS:          0 HIT:          0 MISS:          0 MSHR_MERGE:          0
cpu0->cpu0_DTLB PREFETCH     ACCESS:          0 HIT:          0 MISS:          0 MSHR_MERGE:          0
cpu0->cpu0_DTLB WRITE        ACCESS:          0 HIT:          0 MISS:          0 MSHR_MERGE:          0
cpu0->cpu0_DTLB TRANSLATION  ACCESS:          0 HIT:          0 MISS:          0 MSHR_MERGE:          0
cpu0->cpu0_DTLB PREFETCH REQUESTED:          0 ISSUED:          0 USEFUL:          0 USELESS:          0
cpu0->cpu0_DTLB AVERAGE MISS LATENCY: 175.4 cycles
cpu0->LLC TOTAL        ACCESS:    1403837 HIT:      32395 MISS:    1371442 MSHR_MERGE:          0
cpu0->LLC LOAD         ACCESS:      94246 HIT:        636 MISS:      93610 MSHR_MERGE:          0
cpu0->LLC RFO          ACCESS:       6350 HIT:          1 MISS:       6349 MSHR_MERGE:          0
cpu0->LLC PREFETCH     ACCESS:    1192789 HIT:       4795 MISS:    1187994 MSHR_MERGE:          0
cpu0->LLC WRITE        ACCESS:     104771 HIT:      26896 MISS:      77875 MSHR_MERGE:          0
cpu0->LLC TRANSLATION  ACCESS:       5681 HIT:         67 MISS:       5614 MSHR_MERGE:          0
cpu0->LLC PREFETCH REQUESTED:          0 ISSUED:          0 USEFUL:          0 USELESS:          0
cpu0->LLC AVERAGE MISS LATENCY: 233.7 cycles

DRAM Statistics

Channel 0 RQ ROW_BUFFER_HIT:     146021
  ROW_BUFFER_MISS:    1147534
  AVG DBUS CONGESTED CYCLE: 4.044
Channel 0 WQ ROW_BUFFER_HIT:      12113
  ROW_BUFFER_MISS:      76674
  FULL:          0
Channel 0 REFRESHES ISSUED:       8222
