[VMEM] WARNING: physical memory size is smaller than virtual memory size.

*** ChampSim Multicore Out-of-Order Simulator ***
Warmup Instructions: 10000000
Simulation Instructions: 50000000
Number of CPUs: 1
Page size: 4096
Core 0: traces/bfs-14.trace.gz
 L1D Berti prefetcher
Off-chip DRAM Size: 64 GiB Channels: 1 Width: 64-bit Data Rate: 800 MT/s
Heartbeat CPU 0 instructions: 500006 cycles: 117426 heartbeat IPC: 4.258 cumulative IPC: 4.258 (Simulation time: 00 hr 00 min 01 sec)
Heartbeat CPU 0 instructions: 1000009 cycles: 230350 heartbeat IPC: 4.428 cumulative IPC: 4.341 (Simulation time: 00 hr 00 min 02 sec)
Heartbeat CPU 0 instructions: 1500014 cycles: 343159 heartbeat IPC: 4.432 cumulative IPC: 4.371 (Simulation time: 00 hr 00 min 03 sec)
Heartbeat CPU 0 instructions: 2000018 cycles: 455866 heartbeat IPC: 4.436 cumulative IPC: 4.387 (Simulation time: 00 hr 00 min 05 sec)
Heartbeat CPU 0 instructions: 2500024 cycles: 568543 heartbeat IPC: 4.438 cumulative IPC: 4.397 (Simulation time: 00 hr 00 min 06 sec)
Heartbeat CPU 0 instructions: 3000026 cycles: 681435 heartbeat IPC: 4.429 cumulative IPC: 4.403 (Simulation time: 00 hr 00 min 07 sec)
Heartbeat CPU 0 instructions: 3500033 cycles: 793670 heartbeat IPC: 4.455 cumulative IPC: 4.41 (Simulation time: 00 hr 00 min 08 sec)
Heartbeat CPU 0 instructions: 4000039 cycles: 906665 heartbeat IPC: 4.425 cumulative IPC: 4.412 (Simulation time: 00 hr 00 min 09 sec)
Heartbeat CPU 0 instructions: 4500046 cycles: 1019162 heartbeat IPC: 4.445 cumulative IPC: 4.415 (Simulation time: 00 hr 00 min 10 sec)
Heartbeat CPU 0 instructions: 5000046 cycles: 1131889 heartbeat IPC: 4.435 cumulative IPC: 4.417 (Simulation time: 00 hr 00 min 11 sec)
Heartbeat CPU 0 instructions: 5500047 cycles: 1244552 heartbeat IPC: 4.438 cumulative IPC: 4.419 (Simulation time: 00 hr 00 min 12 sec)
Heartbeat CPU 0 instructions: 6000052 cycles: 1357226 heartbeat IPC: 4.438 cumulative IPC: 4.421 (Simulation time: 00 hr 00 min 13 sec)
Heartbeat CPU 0 instructions: 6500059 cycles: 1469748 heartbeat IPC: 4.444 cumulative IPC: 4.423 (Simulation time: 00 hr 00 min 14 sec)
Heartbeat CPU 0 instructions: 7000065 cycles: 1582452 heartbeat IPC: 4.436 cumulative IPC: 4.424 (Simulation time: 00 hr 00 min 15 sec)
Heartbeat CPU 0 instructions: 7500067 cycles: 1695113 heartbeat IPC: 4.438 cumulative IPC: 4.425 (Simulation time: 00 hr 00 min 17 sec)
Heartbeat CPU 0 instructions: 8000073 cycles: 1807605 heartbeat IPC: 4.445 cumulative IPC: 4.426 (Simulation time: 00 hr 00 min 18 sec)
Heartbeat CPU 0 instructions: 8500076 cycles: 1920219 heartbeat IPC: 4.44 cumulative IPC: 4.427 (Simulation time: 00 hr 00 min 19 sec)
Heartbeat CPU 0 instructions: 9000077 cycles: 2033043 heartbeat IPC: 4.432 cumulative IPC: 4.427 (Simulation time: 00 hr 00 min 20 sec)
Heartbeat CPU 0 instructions: 9500084 cycles: 2145951 heartbeat IPC: 4.428 cumulative IPC: 4.427 (Simulation time: 00 hr 00 min 21 sec)
Warmup finished CPU 0 instructions: 10000005 cycles: 2258424 cumulative IPC: 4.428 (Simulation time: 00 hr 00 min 22 sec)
Warmup complete CPU 0 instructions: 10000005 cycles: 2258424 cumulative IPC: 4.428 (Simulation time: 00 hr 00 min 22 sec)
Heartbeat CPU 0 instructions: 10000085 cycles: 2258434 heartbeat IPC: 4.445 cumulative IPC: 8 (Simulation time: 00 hr 00 min 22 sec)
Heartbeat CPU 0 instructions: 10500085 cycles: 3738932 heartbeat IPC: 0.3377 cumulative IPC: 0.3378 (Simulation time: 00 hr 00 min 28 sec)
Heartbeat CPU 0 instructions: 11000085 cycles: 4942628 heartbeat IPC: 0.4154 cumulative IPC: 0.3726 (Simulation time: 00 hr 00 min 33 sec)
Heartbeat CPU 0 instructions: 11500085 cycles: 6347551 heartbeat IPC: 0.3559 cumulative IPC: 0.3668 (Simulation time: 00 hr 00 min 38 sec)
Heartbeat CPU 0 instructions: 12000085 cycles: 7737342 heartbeat IPC: 0.3598 cumulative IPC: 0.3651 (Simulation time: 00 hr 00 min 42 sec)
Heartbeat CPU 0 instructions: 12500087 cycles: 9100511 heartbeat IPC: 0.3668 cumulative IPC: 0.3654 (Simulation time: 00 hr 00 min 47 sec)
Heartbeat CPU 0 instructions: 13000087 cycles: 10457203 heartbeat IPC: 0.3685 cumulative IPC: 0.3659 (Simulation time: 00 hr 00 min 52 sec)
Heartbeat CPU 0 instructions: 13500090 cycles: 11824854 heartbeat IPC: 0.3656 cumulative IPC: 0.3659 (Simulation time: 00 hr 00 min 56 sec)
Heartbeat CPU 0 instructions: 14000091 cycles: 13184038 heartbeat IPC: 0.3679 cumulative IPC: 0.3661 (Simulation time: 00 hr 01 min 01 sec)
Heartbeat CPU 0 instructions: 14500092 cycles: 14546448 heartbeat IPC: 0.367 cumulative IPC: 0.3662 (Simulation time: 00 hr 01 min 05 sec)
Heartbeat CPU 0 instructions: 15000093 cycles: 15874474 heartbeat IPC: 0.3765 cumulative IPC: 0.3672 (Simulation time: 00 hr 01 min 10 sec)
Heartbeat CPU 0 instructions: 15500099 cycles: 17216551 heartbeat IPC: 0.3726 cumulative IPC: 0.3677 (Simulation time: 00 hr 01 min 14 sec)
Heartbeat CPU 0 instructions: 16000099 cycles: 18528076 heartbeat IPC: 0.3812 cumulative IPC: 0.3688 (Simulation time: 00 hr 01 min 19 sec)
Heartbeat CPU 0 instructions: 16500099 cycles: 19868451 heartbeat IPC: 0.373 cumulative IPC: 0.3691 (Simulation time: 00 hr 01 min 23 sec)
Heartbeat CPU 0 instructions: 17000099 cycles: 21229836 heartbeat IPC: 0.3673 cumulative IPC: 0.369 (Simulation time: 00 hr 01 min 28 sec)
Heartbeat CPU 0 instructions: 17500099 cycles: 22565804 heartbeat IPC: 0.3743 cumulative IPC: 0.3693 (Simulation time: 00 hr 01 min 32 sec)
Heartbeat CPU 0 instructions: 18000099 cycles: 23885883 heartbeat IPC: 0.3788 cumulative IPC: 0.3699 (Simulation time: 00 hr 01 min 37 sec)
Heartbeat CPU 0 instructions: 18500099 cycles: 25239825 heartbeat IPC: 0.3693 cumulative IPC: 0.3699 (Simulation time: 00 hr 01 min 41 sec)
Heartbeat CPU 0 instructions: 19000100 cycles: 26590803 heartbeat IPC: 0.3701 cumulative IPC: 0.3699 (Simulation time: 00 hr 01 min 46 sec)
Heartbeat CPU 0 instructions: 19500100 cycles: 27934717 heartbeat IPC: 0.372 cumulative IPC: 0.37 (Simulation time: 00 hr 01 min 50 sec)
Heartbeat CPU 0 instructions: 20000104 cycles: 29312652 heartbeat IPC: 0.3629 cumulative IPC: 0.3696 (Simulation time: 00 hr 01 min 55 sec)
Heartbeat CPU 0 instructions: 20500104 cycles: 30677574 heartbeat IPC: 0.3663 cumulative IPC: 0.3695 (Simulation time: 00 hr 02 min 00 sec)
Heartbeat CPU 0 instructions: 21000107 cycles: 32068400 heartbeat IPC: 0.3595 cumulative IPC: 0.369 (Simulation time: 00 hr 02 min 04 sec)
Heartbeat CPU 0 instructions: 21500107 cycles: 33435300 heartbeat IPC: 0.3658 cumulative IPC: 0.3689 (Simulation time: 00 hr 02 min 09 sec)
Heartbeat CPU 0 instructions: 22000107 cycles: 34808828 heartbeat IPC: 0.364 cumulative IPC: 0.3687 (Simulation time: 00 hr 02 min 13 sec)
Heartbeat CPU 0 instructions: 22500108 cycles: 36183108 heartbeat IPC: 0.3638 cumulative IPC: 0.3685 (Simulation time: 00 hr 02 min 18 sec)
Heartbeat CPU 0 instructions: 23000114 cycles: 37554630 heartbeat IPC: 0.3646 cumulative IPC: 0.3683 (Simulation time: 00 hr 02 min 23 sec)
Heartbeat CPU 0 instructions: 23500118 cycles: 38916391 heartbeat IPC: 0.3672 cumulative IPC: 0.3683 (Simulation time: 00 hr 02 min 27 sec)
Heartbeat CPU 0 instructions: 24000123 cycles: 40268580 heartbeat IPC: 0.3698 cumulative IPC: 0.3683 (Simulation time: 00 hr 02 min 32 sec)
Heartbeat CPU 0 instructions: 24500123 cycles: 41661502 heartbeat IPC: 0.359 cumulative IPC: 0.368 (Simulation time: 00 hr 02 min 37 sec)
Heartbeat CPU 0 instructions: 25000123 cycles: 43006126 heartbeat IPC: 0.3719 cumulative IPC: 0.3681 (Simulation time: 00 hr 02 min 41 sec)
Heartbeat CPU 0 instructions: 25500128 cycles: 44384256 heartbeat IPC: 0.3628 cumulative IPC: 0.3679 (Simulation time: 00 hr 02 min 46 sec)
Heartbeat CPU 0 instructions: 26000128 cycles: 45724899 heartbeat IPC: 0.373 cumulative IPC: 0.3681 (Simulation time: 00 hr 02 min 51 sec)
Heartbeat CPU 0 instructions: 26500129 cycles: 47097225 heartbeat IPC: 0.3643 cumulative IPC: 0.368 (Simulation time: 00 hr 02 min 55 sec)
Heartbeat CPU 0 instructions: 27000129 cycles: 48449528 heartbeat IPC: 0.3697 cumulative IPC: 0.368 (Simulation time: 00 hr 03 min 00 sec)
Heartbeat CPU 0 instructions: 27500130 cycles: 49842233 heartbeat IPC: 0.359 cumulative IPC: 0.3678 (Simulation time: 00 hr 03 min 05 sec)
Heartbeat CPU 0 instructions: 28000130 cycles: 51184891 heartbeat IPC: 0.3724 cumulative IPC: 0.3679 (Simulation time: 00 hr 03 min 09 sec)
Heartbeat CPU 0 instructions: 28500131 cycles: 52542915 heartbeat IPC: 0.3682 cumulative IPC: 0.3679 (Simulation time: 00 hr 03 min 14 sec)
Heartbeat CPU 0 instructions: 29000135 cycles: 53881638 heartbeat IPC: 0.3735 cumulative IPC: 0.3681 (Simulation time: 00 hr 03 min 18 sec)
Heartbeat CPU 0 instructions: 29500135 cycles: 55259187 heartbeat IPC: 0.363 cumulative IPC: 0.3679 (Simulation time: 00 hr 03 min 23 sec)
Heartbeat CPU 0 instructions: 30000135 cycles: 56621705 heartbeat IPC: 0.367 cumulative IPC: 0.3679 (Simulation time: 00 hr 03 min 28 sec)
Heartbeat CPU 0 instructions: 30500139 cycles: 57977355 heartbeat IPC: 0.3688 cumulative IPC: 0.3679 (Simulation time: 00 hr 03 min 32 sec)
Heartbeat CPU 0 instructions: 31000139 cycles: 59364263 heartbeat IPC: 0.3605 cumulative IPC: 0.3677 (Simulation time: 00 hr 03 min 37 sec)
Heartbeat CPU 0 instructions: 31500139 cycles: 60702502 heartbeat IPC: 0.3736 cumulative IPC: 0.3679 (Simulation time: 00 hr 03 min 41 sec)
Heartbeat CPU 0 instructions: 32000144 cycles: 62044806 heartbeat IPC: 0.3725 cumulative IPC: 0.368 (Simulation time: 00 hr 03 min 46 sec)
Heartbeat CPU 0 instructions: 32500149 cycles: 63394211 heartbeat IPC: 0.3705 cumulative IPC: 0.368 (Simulation time: 00 hr 03 min 51 sec)
Heartbeat CPU 0 instructions: 33000150 cycles: 64746395 heartbeat IPC: 0.3698 cumulative IPC: 0.3681 (Simulation time: 00 hr 03 min 55 sec)
Heartbeat CPU 0 instructions: 33500151 cycles: 66113241 heartbeat IPC: 0.3658 cumulative IPC: 0.368 (Simulation time: 00 hr 04 min 00 sec)
Heartbeat CPU 0 instructions: 34000151 cycles: 67479694 heartbeat IPC: 0.3659 cumulative IPC: 0.368 (Simulation time: 00 hr 04 min 04 sec)
Heartbeat CPU 0 instructions: 34500155 cycles: 68837860 heartbeat IPC: 0.3681 cumulative IPC: 0.368 (Simulation time: 00 hr 04 min 09 sec)
Heartbeat CPU 0 instructions: 35000156 cycles: 70168742 heartbeat IPC: 0.3757 cumulative IPC: 0.3681 (Simulation time: 00 hr 04 min 13 sec)
Heartbeat CPU 0 instructions: 35500156 cycles: 71503733 heartbeat IPC: 0.3745 cumulative IPC: 0.3683 (Simulation time: 00 hr 04 min 18 sec)
Heartbeat CPU 0 instructions: 36000156 cycles: 72851016 heartbeat IPC: 0.3711 cumulative IPC: 0.3683 (Simulation time: 00 hr 04 min 22 sec)
Heartbeat CPU 0 instructions: 36500157 cycles: 74239968 heartbeat IPC: 0.36 cumulative IPC: 0.3682 (Simulation time: 00 hr 04 min 27 sec)
Heartbeat CPU 0 instructions: 37000160 cycles: 75579771 heartbeat IPC: 0.3732 cumulative IPC: 0.3682 (Simulation time: 00 hr 04 min 32 sec)
Heartbeat CPU 0 instructions: 37500160 cycles: 76924108 heartbeat IPC: 0.3719 cumulative IPC: 0.3683 (Simulation time: 00 hr 04 min 36 sec)
Heartbeat CPU 0 instructions: 38000167 cycles: 78273342 heartbeat IPC: 0.3706 cumulative IPC: 0.3684 (Simulation time: 00 hr 04 min 41 sec)
Heartbeat CPU 0 instructions: 38500171 cycles: 80055712 heartbeat IPC: 0.2805 cumulative IPC: 0.3663 (Simulation time: 00 hr 04 min 47 sec)
Heartbeat CPU 0 instructions: 39000171 cycles: 81823422 heartbeat IPC: 0.2829 cumulative IPC: 0.3645 (Simulation time: 00 hr 04 min 52 sec)
Heartbeat CPU 0 instructions: 39500174 cycles: 83603869 heartbeat IPC: 0.2808 cumulative IPC: 0.3627 (Simulation time: 00 hr 04 min 58 sec)
Heartbeat CPU 0 instructions: 40000181 cycles: 85384049 heartbeat IPC: 0.2809 cumulative IPC: 0.3609 (Simulation time: 00 hr 05 min 04 sec)
Heartbeat CPU 0 instructions: 40500183 cycles: 87147586 heartbeat IPC: 0.2835 cumulative IPC: 0.3593 (Simulation time: 00 hr 05 min 10 sec)
Heartbeat CPU 0 instructions: 41000186 cycles: 88902733 heartbeat IPC: 0.2849 cumulative IPC: 0.3578 (Simulation time: 00 hr 05 min 16 sec)
Heartbeat CPU 0 instructions: 41500187 cycles: 90670062 heartbeat IPC: 0.2829 cumulative IPC: 0.3563 (Simulation time: 00 hr 05 min 22 sec)
Heartbeat CPU 0 instructions: 42000189 cycles: 92445084 heartbeat IPC: 0.2817 cumulative IPC: 0.3548 (Simulation time: 00 hr 05 min 27 sec)
Heartbeat CPU 0 instructions: 42500189 cycles: 94223121 heartbeat IPC: 0.2812 cumulative IPC: 0.3534 (Simulation time: 00 hr 05 min 33 sec)
Heartbeat CPU 0 instructions: 43000189 cycles: 96023327 heartbeat IPC: 0.2777 cumulative IPC: 0.3519 (Simulation time: 00 hr 05 min 39 sec)
Heartbeat CPU 0 instructions: 43500189 cycles: 97775139 heartbeat IPC: 0.2854 cumulative IPC: 0.3507 (Simulation time: 00 hr 05 min 45 sec)
Heartbeat CPU 0 instructions: 44000194 cycles: 99548580 heartbeat IPC: 0.2819 cumulative IPC: 0.3495 (Simulation time: 00 hr 05 min 51 sec)
Heartbeat CPU 0 instructions: 44500201 cycles: 101306530 heartbeat IPC: 0.2844 cumulative IPC: 0.3483 (Simulation time: 00 hr 05 min 56 sec)
Heartbeat CPU 0 instructions: 45000203 cycles: 103072889 heartbeat IPC: 0.2831 cumulative IPC: 0.3472 (Simulation time: 00 hr 06 min 02 sec)
Heartbeat CPU 0 instructions: 45500203 cycles: 104844769 heartbeat IPC: 0.2822 cumulative IPC: 0.3461 (Simulation time: 00 hr 06 min 08 sec)
Heartbeat CPU 0 instructions: 46000203 cycles: 106640222 heartbeat IPC: 0.2785 cumulative IPC: 0.3449 (Simulation time: 00 hr 06 min 14 sec)
Heartbeat CPU 0 instructions: 46500207 cycles: 108438000 heartbeat IPC: 0.2781 cumulative IPC: 0.3438 (Simulation time: 00 hr 06 min 20 sec)
Heartbeat CPU 0 instructions: 47000212 cycles: 110209513 heartbeat IPC: 0.2822 cumulative IPC: 0.3427 (Simulation time: 00 hr 06 min 25 sec)
Heartbeat CPU 0 instructions: 47500212 cycles: 111976332 heartbeat IPC: 0.283 cumulative IPC: 0.3418 (Simulation time: 00 hr 06 min 31 sec)
Heartbeat CPU 0 instructions: 48000212 cycles: 113753067 heartbeat IPC: 0.2814 cumulative IPC: 0.3408 (Simulation time: 00 hr 06 min 37 sec)
Heartbeat CPU 0 instructions: 48500216 cycles: 115513401 heartbeat IPC: 0.284 cumulative IPC: 0.3399 (Simulation time: 00 hr 06 min 43 sec)
Heartbeat CPU 0 instructions: 49000218 cycles: 117272849 heartbeat IPC: 0.2842 cumulative IPC: 0.3391 (Simulation time: 00 hr 06 min 49 sec)
Heartbeat CPU 0 instructions: 49500220 cycles: 119040040 heartbeat IPC: 0.2829 cumulative IPC: 0.3382 (Simulation time: 00 hr 06 min 54 sec)
Heartbeat CPU 0 instructions: 50000221 cycles: 120323199 heartbeat IPC: 0.3897 cumulative IPC: 0.3388 (Simulation time: 00 hr 06 min 59 sec)
Heartbeat CPU 0 instructions: 50500223 cycles: 121058369 heartbeat IPC: 0.6801 cumulative IPC: 0.3409 (Simulation time: 00 hr 07 min 01 sec)
Heartbeat CPU 0 instructions: 51000225 cycles: 121790962 heartbeat IPC: 0.6825 cumulative IPC: 0.343 (Simulation time: 00 hr 07 min 04 sec)
Heartbeat CPU 0 instructions: 51500226 cycles: 122530949 heartbeat IPC: 0.6757 cumulative IPC: 0.3451 (Simulation time: 00 hr 07 min 07 sec)
Heartbeat CPU 0 instructions: 52000228 cycles: 123231684 heartbeat IPC: 0.7135 cumulative IPC: 0.3472 (Simulation time: 00 hr 07 min 09 sec)
Heartbeat CPU 0 instructions: 52500231 cycles: 123925515 heartbeat IPC: 0.7206 cumulative IPC: 0.3493 (Simulation time: 00 hr 07 min 12 sec)
Heartbeat CPU 0 instructions: 53000231 cycles: 124620407 heartbeat IPC: 0.7195 cumulative IPC: 0.3514 (Simulation time: 00 hr 07 min 14 sec)
Heartbeat CPU 0 instructions: 53500232 cycles: 125300698 heartbeat IPC: 0.735 cumulative IPC: 0.3535 (Simulation time: 00 hr 07 min 17 sec)
Heartbeat CPU 0 instructions: 54000233 cycles: 125990929 heartbeat IPC: 0.7244 cumulative IPC: 0.3556 (Simulation time: 00 hr 07 min 19 sec)
Heartbeat CPU 0 instructions: 54500233 cycles: 126659203 heartbeat IPC: 0.7482 cumulative IPC: 0.3577 (Simulation time: 00 hr 07 min 22 sec)
Heartbeat CPU 0 instructions: 55000233 cycles: 127318338 heartbeat IPC: 0.7586 cumulative IPC: 0.3598 (Simulation time: 00 hr 07 min 24 sec)
Heartbeat CPU 0 instructions: 55500234 cycles: 127986797 heartbeat IPC: 0.748 cumulative IPC: 0.3619 (Simulation time: 00 hr 07 min 26 sec)
Heartbeat CPU 0 instructions: 56000234 cycles: 128663179 heartbeat IPC: 0.7392 cumulative IPC: 0.3639 (Simulation time: 00 hr 07 min 29 sec)
Heartbeat CPU 0 instructions: 56500234 cycles: 129333399 heartbeat IPC: 0.746 cumulative IPC: 0.3659 (Simulation time: 00 hr 07 min 31 sec)
Heartbeat CPU 0 instructions: 57000234 cycles: 130006029 heartbeat IPC: 0.7434 cumulative IPC: 0.3679 (Simulation time: 00 hr 07 min 34 sec)
Heartbeat CPU 0 instructions: 57500236 cycles: 130675606 heartbeat IPC: 0.7467 cumulative IPC: 0.3699 (Simulation time: 00 hr 07 min 36 sec)
Heartbeat CPU 0 instructions: 58000237 cycles: 131335544 heartbeat IPC: 0.7576 cumulative IPC: 0.3719 (Simulation time: 00 hr 07 min 38 sec)
Heartbeat CPU 0 instructions: 58500239 cycles: 132003659 heartbeat IPC: 0.7484 cumulative IPC: 0.3738 (Simulation time: 00 hr 07 min 41 sec)
Heartbeat CPU 0 instructions: 59000241 cycles: 132674174 heartbeat IPC: 0.7457 cumulative IPC: 0.3757 (Simulation time: 00 hr 07 min 43 sec)
Heartbeat CPU 0 instructions: 59500243 cycles: 132955907 heartbeat IPC: 1.775 cumulative IPC: 0.3787 (Simulation time: 00 hr 07 min 45 sec)
Simulation finished CPU 0 instructions: 50000006 cycles: 130797879 cumulative IPC: 0.3823 (Simulation time: 00 hr 07 min 45 sec)
Simulation complete CPU 0 instructions: 50000006 cycles: 130797879 cumulative IPC: 0.3823 (Simulation time: 00 hr 07 min 45 sec)

ChampSim completed all CPUs

=== Simulation ===
CPU 0 runs traces/bfs-14.trace.gz

Region of Interest Statistics

CPU 0 cumulative IPC: 0.3823 instructions: 50000006 cycles: 130797879
CPU 0 Branch Prediction Accuracy: 78.82% MPKI: 43.94 Average ROB Occupancy at Mispredict: 3.45
Branch type MPKI
BRANCH_DIRECT_JUMP: 0.00018
BRANCH_INDIRECT: 0
BRANCH_CONDITIONAL: 43.94
BRANCH_DIRECT_CALL: 0.0004
BRANCH_INDIRECT_CALL: 0
BRANCH_RETURN: 0.00044

cpu0->cpu0_STLB TOTAL        ACCESS:      70107 HIT:      12648 MISS:      57459 MSHR_MERGE:          0
cpu0->cpu0_STLB LOAD         ACCESS:      70107 HIT:      12648 MISS:      57459 MSHR_MERGE:          0
cpu0->cpu0_STLB RFO          ACCESS:          0 HIT:          0 MISS:          0 MSHR_MERGE:          0
cpu0->cpu0_STLB PREFETCH     ACCESS:          0 HIT:          0 MISS:          0 MSHR_MERGE:          0
cpu0->cpu0_STLB WRITE        ACCESS:          0 HIT:          0 MISS:          0 MSHR_MERGE:          0
cpu0->cpu0_STLB TRANSLATION  ACCESS:          0 HIT:          0 MISS:          0 MSHR_MERGE:          0
cpu0->cpu0_STLB PREFETCH REQUESTED:          0 ISSUED:          0 USEFUL:          0 USELESS:          0
cpu0->cpu0_STLB AVERAGE MISS LATENCY: 162.2 cycles
cpu0->cpu0_L2C TOTAL        ACCESS:   11857363 HIT:    8468681 MISS:    3388682 MSHR_MERGE:    1603096
cpu0->cpu0_L2C LOAD         ACCESS:     990216 HIT:     805781 MISS:     184435 MSHR_MERGE:      45301
cpu0->cpu0_L2C RFO          ACCESS:      14032 HIT:       4277 MISS:       9755 MSHR_MERGE:          1
cpu0->cpu0_L2C PREFETCH     ACCESS:   10680403 HIT:    7495624 MISS:    3184779 MSHR_MERGE:    1557794
cpu0->cpu0_L2C WRITE        ACCESS:     160394 HIT:     160393 MISS:          1 MSHR_MERGE:          0
cpu0->cpu0_L2C TRANSLATION  ACCESS:      12318 HIT:       2606 MISS:       9712 MSHR_MERGE:          0
cpu0->cpu0_L2C PREFETCH REQUESTED:    9672764 ISSUED:    9469806 USEFUL:     821174 USELESS:     641868
cpu0->cpu0_L2C AVERAGE MISS LATENCY: 363.3 cycles
cpu0->cpu0_L1I TOTAL        ACCESS:     243528 HIT:     243482 MISS:         46 MSHR_MERGE:          4
cpu0->cpu0_L1I LOAD         ACCESS:     243528 HIT:     243482 MISS:         46 MSHR_MERGE:          4
cpu0->cpu0_L1I RFO          ACCESS:          0 HIT:          0 MISS:          0 MSHR_MERGE:          0
cpu0->cpu0_L1I PREFETCH     ACCESS:          0 HIT:          0 MISS:          0 MSHR_MERGE:          0
cpu0->cpu0_L1I WRITE        ACCESS:          0 HIT:          0 MISS:          0 MSHR_MERGE:          0
cpu0->cpu0_L1I TRANSLATION  ACCESS:          0 HIT:          0 MISS:          0 MSHR_MERGE:          0
cpu0->cpu0_L1I PREFETCH REQUESTED:          0 ISSUED:          0 USEFUL:          0 USELESS:          0
cpu0->cpu0_L1I AVERAGE MISS LATENCY: 281.4 cycles
cpu0->cpu0_L1D TOTAL        ACCESS:   14810354 HIT:   12383861 MISS:    2426493 MSHR_MERGE:     199371
cpu0->cpu0_L1D LOAD         ACCESS:   11731839 HIT:   10620937 MISS:    1110902 MSHR_MERGE:     120728
cpu0->cpu0_L1D RFO          ACCESS:          0 HIT:          0 MISS:          0 MSHR_MERGE:          0
cpu0->cpu0_L1D PREFETCH     ACCESS:    1568389 HIT:     349583 MISS:    1218806 MSHR_MERGE:       8209
cpu0->cpu0_L1D WRITE        ACCESS:    1395164 HIT:    1310905 MISS:      84259 MSHR_MERGE:      70226
cpu0->cpu0_L1D TRANSLATION  ACCESS:     114962 HIT:     102436 MISS:      12526 MSHR_MERGE:        208
cpu0->cpu0_L1D PREFETCH REQUESTED:    1570540 ISSUED:    1568381 USEFUL:     764823 USELESS:     445754
cpu0->cpu0_L1D AVERAGE MISS LATENCY: 83.74 cycles
cpu0->cpu0_ITLB TOTAL        ACCESS:     237856 HIT:     237854 MISS:          2 MSHR_MERGE:          1
cpu0->cpu0_ITLB LOAD         ACCESS:     237856 HIT:     237854 MISS:          2 MSHR_MERGE:          1
cpu0->cpu0_ITLB RFO          ACCESS:          0 HIT:          0 MISS:          0 MSHR_MERGE:          0
cpu0->cpu0_ITLB PREFETCH     ACCESS:          0 HIT:          0 MISS:          0 MSHR_MERGE:          0
cpu0->cpu0_ITLB WRITE        ACCESS:          0 HIT:          0 MISS:          0 MSHR_MERGE:          0
cpu0->cpu0_ITLB TRANSLATION  ACCESS:          0 HIT:          0 MISS:          0 MSHR_MERGE:          0
cpu0->cpu0_ITLB PREFETCH REQUESTED:          0 ISSUED:          0 USEFUL:          0 USELESS:          0
cpu0->cpu0_ITLB AVERAGE MISS LATENCY: 957 cycles
cpu0->cpu0_DTLB TOTAL        ACCESS:   14536696 HIT:   14442736 MISS:      93960 MSHR_MERGE:      23854
cpu0->cpu0_DTLB LOAD         ACCESS:   14536696 HIT:   14442736 MISS:      93960 MSHR_MERGE:      23854
cpu0->cpu0_DTLB RFO          ACCESS:          0 HIT:          0 MISS:          0 MSHR_MERGE:          0
cpu0->cpu0_DTLB PREFETCH     ACCESS:          0 HIT:          0 MISS:          0 MSHR_MERGE:          0
cpu0->cpu0_DTLB WRITE        ACCESS:          0 HIT:          0 MISS:          0 MSHR_MERGE:          0
cpu0->cpu0_DTLB TRANSLATION  ACCESS:          0 HIT:          0 MISS:          0 MSHR_MERGE:          0
cpu0->cpu0_DTLB PREFETCH REQUESTED:          0 ISSUED:          0 USEFUL:          0 USELESS:          0
cpu0->cpu0_DTLB AVERAGE MISS LATENCY: 138.7 cycles
cpu0->LLC TOTAL        ACCESS:    1946828 HIT:     107669 MISS:    1839159 MSHR_MERGE:          0
cpu0->LLC LOAD         ACCESS:     139134 HIT:       5618 MISS:     133516 MSHR_MERGE:          0
cpu0->LLC RFO          ACCESS:       9754 HIT:       1582 MISS:       8172 MSHR_MERGE:          0
cpu0->LLC PREFETCH     ACCESS:    1626985 HIT:      50222 MISS:    1576763 MSHR_MERGE:          0
cpu0->LLC WRITE        ACCESS:     161243 HIT:      50126 MISS:     111117 MSHR_MERGE:          0
cpu0->LLC TRANSLATION  ACCESS:       9712 HIT:        121 MISS:       9591 MSHR_MERGE:          0
cpu0->LLC PREFETCH REQUESTED:          0 ISSUED:          0 USEFUL:          0 USELESS:          0
cpu0->LLC AVERAGE MISS LATENCY: 243.1 cycles

DRAM Statistics

Channel 0 RQ ROW_BUFFER_HIT:     172465
  ROW_BUFFER_MISS:    1555475
  AVG DBUS CONGESTED CYCLE: 4.009
Channel 0 WQ ROW_BUFFER_HIT:       9777
  ROW_BUFFER_MISS:     118886
  FULL:          0
Channel 0 REFRESHES ISSUED:      10900
