[VMEM] WARNING: physical memory size is smaller than virtual memory size.

*** ChampSim Multicore Out-of-Order Simulator ***
Warmup Instructions: 10000000
Simulation Instructions: 50000000
Number of CPUs: 1
Page size: 4096
Core 0: traces/cc-13.trace.gz
 L1D Berti prefetcher
Off-chip DRAM Size: 64 GiB Channels: 1 Width: 64-bit Data Rate: 800 MT/s
Heartbeat CPU 0 instructions: 500004 cycles: 151769 heartbeat IPC: 3.295 cumulative IPC: 3.295 (Simulation time: 00 hr 00 min 01 sec)
Heartbeat CPU 0 instructions: 1000005 cycles: 299546 heartbeat IPC: 3.383 cumulative IPC: 3.338 (Simulation time: 00 hr 00 min 02 sec)
Heartbeat CPU 0 instructions: 1500005 cycles: 447171 heartbeat IPC: 3.387 cumulative IPC: 3.354 (Simulation time: 00 hr 00 min 03 sec)
Heartbeat CPU 0 instructions: 2000012 cycles: 556834 heartbeat IPC: 4.559 cumulative IPC: 3.592 (Simulation time: 00 hr 00 min 04 sec)
Heartbeat CPU 0 instructions: 2500012 cycles: 659234 heartbeat IPC: 4.883 cumulative IPC: 3.792 (Simulation time: 00 hr 00 min 05 sec)
Heartbeat CPU 0 instructions: 3000019 cycles: 761851 heartbeat IPC: 4.873 cumulative IPC: 3.938 (Simulation time: 00 hr 00 min 06 sec)
Heartbeat CPU 0 instructions: 3500026 cycles: 864456 heartbeat IPC: 4.873 cumulative IPC: 4.049 (Simulation time: 00 hr 00 min 08 sec)
Heartbeat CPU 0 instructions: 4000028 cycles: 966824 heartbeat IPC: 4.884 cumulative IPC: 4.137 (Simulation time: 00 hr 00 min 09 sec)
Heartbeat CPU 0 instructions: 4500032 cycles: 1069238 heartbeat IPC: 4.882 cumulative IPC: 4.209 (Simulation time: 00 hr 00 min 10 sec)
Heartbeat CPU 0 instructions: 5000033 cycles: 1171900 heartbeat IPC: 4.87 cumulative IPC: 4.267 (Simulation time: 00 hr 00 min 11 sec)
Heartbeat CPU 0 instructions: 5500034 cycles: 1274819 heartbeat IPC: 4.858 cumulative IPC: 4.314 (Simulation time: 00 hr 00 min 12 sec)
Heartbeat CPU 0 instructions: 6000035 cycles: 1377504 heartbeat IPC: 4.869 cumulative IPC: 4.356 (Simulation time: 00 hr 00 min 14 sec)
Heartbeat CPU 0 instructions: 6500037 cycles: 1480400 heartbeat IPC: 4.859 cumulative IPC: 4.391 (Simulation time: 00 hr 00 min 15 sec)
Heartbeat CPU 0 instructions: 7000042 cycles: 1583401 heartbeat IPC: 4.854 cumulative IPC: 4.421 (Simulation time: 00 hr 00 min 16 sec)
Heartbeat CPU 0 instructions: 7500044 cycles: 1686688 heartbeat IPC: 4.841 cumulative IPC: 4.447 (Simulation time: 00 hr 00 min 17 sec)
Heartbeat CPU 0 instructions: 8000046 cycles: 1789435 heartbeat IPC: 4.866 cumulative IPC: 4.471 (Simulation time: 00 hr 00 min 19 sec)
Heartbeat CPU 0 instructions: 8500047 cycles: 1892447 heartbeat IPC: 4.854 cumulative IPC: 4.492 (Simulation time: 00 hr 00 min 20 sec)
Heartbeat CPU 0 instructions: 9000050 cycles: 1995207 heartbeat IPC: 4.866 cumulative IPC: 4.511 (Simulation time: 00 hr 00 min 21 sec)
Heartbeat CPU 0 instructions: 9500057 cycles: 2097883 heartbeat IPC: 4.87 cumulative IPC: 4.528 (Simulation time: 00 hr 00 min 22 sec)
Warmup finished CPU 0 instructions: 10000005 cycles: 2200847 cumulative IPC: 4.544 (Simulation time: 00 hr 00 min 24 sec)
Warmup complete CPU 0 instructions: 10000005 cycles: 2200847 cumulative IPC: 4.544 (Simulation time: 00 hr 00 min 24 sec)
Heartbeat CPU 0 instructions: 10000062 cycles: 2200860 heartbeat IPC: 4.856 cumulative IPC: 4.385 (Simulation time: 00 hr 00 min 24 sec)
Heartbeat CPU 0 instructions: 10500062 cycles: 3725664 heartbeat IPC: 0.3279 cumulative IPC: 0.3279 (Simulation time: 00 hr 00 min 29 sec)
Heartbeat CPU 0 instructions: 11000063 cycles: 5249010 heartbeat IPC: 0.3282 cumulative IPC: 0.3281 (Simulation time: 00 hr 00 min 34 sec)
Heartbeat CPU 0 instructions: 11500064 cycles: 6801252 heartbeat IPC: 0.3221 cumulative IPC: 0.3261 (Simulation time: 00 hr 00 min 40 sec)
Heartbeat CPU 0 instructions: 12000070 cycles: 8208278 heartbeat IPC: 0.3554 cumulative IPC: 0.3329 (Simulation time: 00 hr 00 min 45 sec)
Heartbeat CPU 0 instructions: 12500070 cycles: 9723476 heartbeat IPC: 0.33 cumulative IPC: 0.3323 (Simulation time: 00 hr 00 min 50 sec)
Heartbeat CPU 0 instructions: 13000070 cycles: 11296307 heartbeat IPC: 0.3179 cumulative IPC: 0.3298 (Simulation time: 00 hr 00 min 56 sec)
Heartbeat CPU 0 instructions: 13500070 cycles: 12812245 heartbeat IPC: 0.3298 cumulative IPC: 0.3298 (Simulation time: 00 hr 01 min 01 sec)
Heartbeat CPU 0 instructions: 14000072 cycles: 14506920 heartbeat IPC: 0.295 cumulative IPC: 0.325 (Simulation time: 00 hr 01 min 07 sec)
Heartbeat CPU 0 instructions: 14500072 cycles: 16167069 heartbeat IPC: 0.3012 cumulative IPC: 0.3222 (Simulation time: 00 hr 01 min 13 sec)
Heartbeat CPU 0 instructions: 15000073 cycles: 18194863 heartbeat IPC: 0.2466 cumulative IPC: 0.3126 (Simulation time: 00 hr 01 min 19 sec)
Heartbeat CPU 0 instructions: 15500074 cycles: 19636625 heartbeat IPC: 0.3468 cumulative IPC: 0.3154 (Simulation time: 00 hr 01 min 25 sec)
Heartbeat CPU 0 instructions: 16000075 cycles: 21111461 heartbeat IPC: 0.339 cumulative IPC: 0.3173 (Simulation time: 00 hr 01 min 30 sec)
Heartbeat CPU 0 instructions: 16500075 cycles: 22697961 heartbeat IPC: 0.3152 cumulative IPC: 0.3171 (Simulation time: 00 hr 01 min 35 sec)
Heartbeat CPU 0 instructions: 17000076 cycles: 24099166 heartbeat IPC: 0.3568 cumulative IPC: 0.3197 (Simulation time: 00 hr 01 min 40 sec)
Heartbeat CPU 0 instructions: 17500076 cycles: 25592521 heartbeat IPC: 0.3348 cumulative IPC: 0.3206 (Simulation time: 00 hr 01 min 46 sec)
Heartbeat CPU 0 instructions: 18000081 cycles: 27163010 heartbeat IPC: 0.3184 cumulative IPC: 0.3205 (Simulation time: 00 hr 01 min 51 sec)
Heartbeat CPU 0 instructions: 18500082 cycles: 28940546 heartbeat IPC: 0.2813 cumulative IPC: 0.3179 (Simulation time: 00 hr 01 min 57 sec)
Heartbeat CPU 0 instructions: 19000082 cycles: 30474720 heartbeat IPC: 0.3259 cumulative IPC: 0.3183 (Simulation time: 00 hr 02 min 03 sec)
Heartbeat CPU 0 instructions: 19500085 cycles: 32440419 heartbeat IPC: 0.2544 cumulative IPC: 0.3142 (Simulation time: 00 hr 02 min 09 sec)
Heartbeat CPU 0 instructions: 20000085 cycles: 33990756 heartbeat IPC: 0.3225 cumulative IPC: 0.3146 (Simulation time: 00 hr 02 min 15 sec)
Heartbeat CPU 0 instructions: 20500087 cycles: 35474487 heartbeat IPC: 0.337 cumulative IPC: 0.3156 (Simulation time: 00 hr 02 min 20 sec)
Heartbeat CPU 0 instructions: 21000088 cycles: 36912325 heartbeat IPC: 0.3477 cumulative IPC: 0.3169 (Simulation time: 00 hr 02 min 25 sec)
Heartbeat CPU 0 instructions: 21500089 cycles: 38381352 heartbeat IPC: 0.3404 cumulative IPC: 0.3179 (Simulation time: 00 hr 02 min 30 sec)
Heartbeat CPU 0 instructions: 22000091 cycles: 39962395 heartbeat IPC: 0.3162 cumulative IPC: 0.3178 (Simulation time: 00 hr 02 min 36 sec)
Heartbeat CPU 0 instructions: 22500091 cycles: 41492691 heartbeat IPC: 0.3267 cumulative IPC: 0.3181 (Simulation time: 00 hr 02 min 41 sec)
Heartbeat CPU 0 instructions: 23000091 cycles: 43227351 heartbeat IPC: 0.2882 cumulative IPC: 0.3169 (Simulation time: 00 hr 02 min 48 sec)
Heartbeat CPU 0 instructions: 23500091 cycles: 44686140 heartbeat IPC: 0.3428 cumulative IPC: 0.3178 (Simulation time: 00 hr 02 min 53 sec)
Heartbeat CPU 0 instructions: 24000092 cycles: 46152186 heartbeat IPC: 0.3411 cumulative IPC: 0.3185 (Simulation time: 00 hr 02 min 59 sec)
Heartbeat CPU 0 instructions: 24500094 cycles: 47908190 heartbeat IPC: 0.2847 cumulative IPC: 0.3172 (Simulation time: 00 hr 03 min 05 sec)
Heartbeat CPU 0 instructions: 25000094 cycles: 49453624 heartbeat IPC: 0.3235 cumulative IPC: 0.3174 (Simulation time: 00 hr 03 min 10 sec)
Heartbeat CPU 0 instructions: 25500094 cycles: 50914184 heartbeat IPC: 0.3423 cumulative IPC: 0.3182 (Simulation time: 00 hr 03 min 15 sec)
Heartbeat CPU 0 instructions: 26000095 cycles: 52427609 heartbeat IPC: 0.3304 cumulative IPC: 0.3186 (Simulation time: 00 hr 03 min 21 sec)
Heartbeat CPU 0 instructions: 26500100 cycles: 53994216 heartbeat IPC: 0.3192 cumulative IPC: 0.3186 (Simulation time: 00 hr 03 min 26 sec)
Heartbeat CPU 0 instructions: 27000100 cycles: 55407871 heartbeat IPC: 0.3537 cumulative IPC: 0.3195 (Simulation time: 00 hr 03 min 32 sec)
Heartbeat CPU 0 instructions: 27500100 cycles: 56881551 heartbeat IPC: 0.3393 cumulative IPC: 0.32 (Simulation time: 00 hr 03 min 37 sec)
Heartbeat CPU 0 instructions: 28000105 cycles: 58275118 heartbeat IPC: 0.3588 cumulative IPC: 0.321 (Simulation time: 00 hr 03 min 42 sec)
Heartbeat CPU 0 instructions: 28500106 cycles: 59887938 heartbeat IPC: 0.31 cumulative IPC: 0.3207 (Simulation time: 00 hr 03 min 48 sec)
Heartbeat CPU 0 instructions: 29000106 cycles: 61292496 heartbeat IPC: 0.356 cumulative IPC: 0.3215 (Simulation time: 00 hr 03 min 53 sec)
Heartbeat CPU 0 instructions: 29500108 cycles: 62751023 heartbeat IPC: 0.3428 cumulative IPC: 0.322 (Simulation time: 00 hr 03 min 58 sec)
Heartbeat CPU 0 instructions: 30000108 cycles: 64203184 heartbeat IPC: 0.3443 cumulative IPC: 0.3226 (Simulation time: 00 hr 04 min 04 sec)
Heartbeat CPU 0 instructions: 30500108 cycles: 65963822 heartbeat IPC: 0.284 cumulative IPC: 0.3215 (Simulation time: 00 hr 04 min 10 sec)
Heartbeat CPU 0 instructions: 31000108 cycles: 67364626 heartbeat IPC: 0.3569 cumulative IPC: 0.3223 (Simulation time: 00 hr 04 min 15 sec)
Heartbeat CPU 0 instructions: 31500110 cycles: 68734127 heartbeat IPC: 0.3651 cumulative IPC: 0.3231 (Simulation time: 00 hr 04 min 20 sec)
Heartbeat CPU 0 instructions: 32000110 cycles: 70317061 heartbeat IPC: 0.3159 cumulative IPC: 0.323 (Simulation time: 00 hr 04 min 26 sec)
Heartbeat CPU 0 instructions: 32500110 cycles: 71766709 heartbeat IPC: 0.3449 cumulative IPC: 0.3234 (Simulation time: 00 hr 04 min 31 sec)
Heartbeat CPU 0 instructions: 33000111 cycles: 73213563 heartbeat IPC: 0.3456 cumulative IPC: 0.3239 (Simulation time: 00 hr 04 min 36 sec)
Heartbeat CPU 0 instructions: 33500111 cycles: 74777823 heartbeat IPC: 0.3196 cumulative IPC: 0.3238 (Simulation time: 00 hr 04 min 42 sec)
Heartbeat CPU 0 instructions: 34000114 cycles: 76264413 heartbeat IPC: 0.3363 cumulative IPC: 0.324 (Simulation time: 00 hr 04 min 47 sec)
Heartbeat CPU 0 instructions: 34500114 cycles: 77787813 heartbeat IPC: 0.3282 cumulative IPC: 0.3241 (Simulation time: 00 hr 04 min 53 sec)
Heartbeat CPU 0 instructions: 35000114 cycles: 79137651 heartbeat IPC: 0.3704 cumulative IPC: 0.3249 (Simulation time: 00 hr 04 min 58 sec)
Heartbeat CPU 0 instructions: 35500120 cycles: 80733131 heartbeat IPC: 0.3134 cumulative IPC: 0.3247 (Simulation time: 00 hr 05 min 04 sec)
Heartbeat CPU 0 instructions: 36000123 cycles: 82329432 heartbeat IPC: 0.3132 cumulative IPC: 0.3245 (Simulation time: 00 hr 05 min 09 sec)
Heartbeat CPU 0 instructions: 36500124 cycles: 83819496 heartbeat IPC: 0.3356 cumulative IPC: 0.3247 (Simulation time: 00 hr 05 min 15 sec)
Heartbeat CPU 0 instructions: 37000125 cycles: 85182154 heartbeat IPC: 0.3669 cumulative IPC: 0.3254 (Simulation time: 00 hr 05 min 20 sec)
Heartbeat CPU 0 instructions: 37500125 cycles: 86558065 heartbeat IPC: 0.3634 cumulative IPC: 0.326 (Simulation time: 00 hr 05 min 25 sec)
Heartbeat CPU 0 instructions: 38000125 cycles: 88169509 heartbeat IPC: 0.3103 cumulative IPC: 0.3257 (Simulation time: 00 hr 05 min 31 sec)
Heartbeat CPU 0 instructions: 38500130 cycles: 89512803 heartbeat IPC: 0.3722 cumulative IPC: 0.3264 (Simulation time: 00 hr 05 min 36 sec)
Heartbeat CPU 0 instructions: 39000130 cycles: 91147360 heartbeat IPC: 0.3059 cumulative IPC: 0.326 (Simulation time: 00 hr 05 min 42 sec)
Heartbeat CPU 0 instructions: 39500130 cycles: 92579894 heartbeat IPC: 0.349 cumulative IPC: 0.3264 (Simulation time: 00 hr 05 min 47 sec)
Heartbeat CPU 0 instructions: 40000134 cycles: 94322968 heartbeat IPC: 0.2869 cumulative IPC: 0.3257 (Simulation time: 00 hr 05 min 53 sec)
Heartbeat CPU 0 instructions: 40500134 cycles: 95709584 heartbeat IPC: 0.3606 cumulative IPC: 0.3262 (Simulation time: 00 hr 05 min 58 sec)
Heartbeat CPU 0 instructions: 41000140 cycles: 97482671 heartbeat IPC: 0.282 cumulative IPC: 0.3254 (Simulation time: 00 hr 06 min 05 sec)
Heartbeat CPU 0 instructions: 41500144 cycles: 98999591 heartbeat IPC: 0.3296 cumulative IPC: 0.3254 (Simulation time: 00 hr 06 min 10 sec)
Heartbeat CPU 0 instructions: 42000148 cycles: 100397073 heartbeat IPC: 0.3578 cumulative IPC: 0.3259 (Simulation time: 00 hr 06 min 15 sec)
Heartbeat CPU 0 instructions: 42500148 cycles: 101810679 heartbeat IPC: 0.3537 cumulative IPC: 0.3263 (Simulation time: 00 hr 06 min 20 sec)
Heartbeat CPU 0 instructions: 43000148 cycles: 103355650 heartbeat IPC: 0.3236 cumulative IPC: 0.3262 (Simulation time: 00 hr 06 min 26 sec)
Heartbeat CPU 0 instructions: 43500149 cycles: 104716593 heartbeat IPC: 0.3674 cumulative IPC: 0.3268 (Simulation time: 00 hr 06 min 31 sec)
Heartbeat CPU 0 instructions: 44000150 cycles: 106442825 heartbeat IPC: 0.2896 cumulative IPC: 0.3262 (Simulation time: 00 hr 06 min 37 sec)
Heartbeat CPU 0 instructions: 44500150 cycles: 107925869 heartbeat IPC: 0.3371 cumulative IPC: 0.3263 (Simulation time: 00 hr 06 min 42 sec)
Heartbeat CPU 0 instructions: 45000154 cycles: 109433290 heartbeat IPC: 0.3317 cumulative IPC: 0.3264 (Simulation time: 00 hr 06 min 48 sec)
Heartbeat CPU 0 instructions: 45500154 cycles: 110734680 heartbeat IPC: 0.3842 cumulative IPC: 0.3271 (Simulation time: 00 hr 06 min 53 sec)
Heartbeat CPU 0 instructions: 46000155 cycles: 112471275 heartbeat IPC: 0.2879 cumulative IPC: 0.3265 (Simulation time: 00 hr 06 min 59 sec)
Heartbeat CPU 0 instructions: 46500155 cycles: 113963160 heartbeat IPC: 0.3351 cumulative IPC: 0.3266 (Simulation time: 00 hr 07 min 05 sec)
Heartbeat CPU 0 instructions: 47000158 cycles: 115553913 heartbeat IPC: 0.3143 cumulative IPC: 0.3264 (Simulation time: 00 hr 07 min 10 sec)
Heartbeat CPU 0 instructions: 47500159 cycles: 117039126 heartbeat IPC: 0.3367 cumulative IPC: 0.3265 (Simulation time: 00 hr 07 min 16 sec)
Heartbeat CPU 0 instructions: 48000163 cycles: 118811090 heartbeat IPC: 0.2822 cumulative IPC: 0.3259 (Simulation time: 00 hr 07 min 22 sec)
Heartbeat CPU 0 instructions: 48500165 cycles: 120281741 heartbeat IPC: 0.34 cumulative IPC: 0.326 (Simulation time: 00 hr 07 min 27 sec)
Heartbeat CPU 0 instructions: 49000169 cycles: 121601669 heartbeat IPC: 0.3788 cumulative IPC: 0.3266 (Simulation time: 00 hr 07 min 32 sec)
Heartbeat CPU 0 instructions: 49500175 cycles: 123038090 heartbeat IPC: 0.3481 cumulative IPC: 0.3269 (Simulation time: 00 hr 07 min 37 sec)
Heartbeat CPU 0 instructions: 50000175 cycles: 124345920 heartbeat IPC: 0.3823 cumulative IPC: 0.3275 (Simulation time: 00 hr 07 min 42 sec)
Heartbeat CPU 0 instructions: 50500176 cycles: 125858708 heartbeat IPC: 0.3305 cumulative IPC: 0.3275 (Simulation time: 00 hr 07 min 48 sec)
Heartbeat CPU 0 instructions: 51000176 cycles: 127339136 heartbeat IPC: 0.3377 cumulative IPC: 0.3276 (Simulation time: 00 hr 07 min 53 sec)
Heartbeat CPU 0 instructions: 51500179 cycles: 128827437 heartbeat IPC: 0.336 cumulative IPC: 0.3277 (Simulation time: 00 hr 07 min 58 sec)
Heartbeat CPU 0 instructions: 52000179 cycles: 130206352 heartbeat IPC: 0.3626 cumulative IPC: 0.3281 (Simulation time: 00 hr 08 min 04 sec)
Heartbeat CPU 0 instructions: 52500179 cycles: 131585488 heartbeat IPC: 0.3625 cumulative IPC: 0.3285 (Simulation time: 00 hr 08 min 09 sec)
Heartbeat CPU 0 instructions: 53000183 cycles: 133003661 heartbeat IPC: 0.3526 cumulative IPC: 0.3287 (Simulation time: 00 hr 08 min 14 sec)
Heartbeat CPU 0 instructions: 53500183 cycles: 134417293 heartbeat IPC: 0.3537 cumulative IPC: 0.329 (Simulation time: 00 hr 08 min 19 sec)
Heartbeat CPU 0 instructions: 54000183 cycles: 136171343 heartbeat IPC: 0.2851 cumulative IPC: 0.3284 (Simulation time: 00 hr 08 min 25 sec)
Heartbeat CPU 0 instructions: 54500183 cycles: 137596154 heartbeat IPC: 0.3509 cumulative IPC: 0.3287 (Simulation time: 00 hr 08 min 30 sec)
Heartbeat CPU 0 instructions: 55000188 cycles: 139246527 heartbeat IPC: 0.303 cumulative IPC: 0.3284 (Simulation time: 00 hr 08 min 36 sec)
Heartbeat CPU 0 instructions: 55500188 cycles: 140701564 heartbeat IPC: 0.3436 cumulative IPC: 0.3285 (Simulation time: 00 hr 08 min 41 sec)
Heartbeat CPU 0 instructions: 56000188 cycles: 142349306 heartbeat IPC: 0.3034 cumulative IPC: 0.3282 (Simulation time: 00 hr 08 min 47 sec)
Heartbeat CPU 0 instructions: 56500190 cycles: 143783246 heartbeat IPC: 0.3487 cumulative IPC: 0.3284 (Simulation time: 00 hr 08 min 52 sec)
Heartbeat CPU 0 instructions: 57000190 cycles: 145297412 heartbeat IPC: 0.3302 cumulative IPC: 0.3285 (Simulation time: 00 hr 08 min 58 sec)
Heartbeat CPU 0 instructions: 57500192 cycles: 146859774 heartbeat IPC: 0.32 cumulative IPC: 0.3284 (Simulation time: 00 hr 09 min 03 sec)
Heartbeat CPU 0 instructions: 58000192 cycles: 148495727 heartbeat IPC: 0.3056 cumulative IPC: 0.3281 (Simulation time: 00 hr 09 min 09 sec)
Heartbeat CPU 0 instructions: 58500192 cycles: 150044585 heartbeat IPC: 0.3228 cumulative IPC: 0.3281 (Simulation time: 00 hr 09 min 14 sec)
Heartbeat CPU 0 instructions: 59000196 cycles: 151455853 heartbeat IPC: 0.3543 cumulative IPC: 0.3283 (Simulation time: 00 hr 09 min 19 sec)
Heartbeat CPU 0 instructions: 59500198 cycles: 152881726 heartbeat IPC: 0.3507 cumulative IPC: 0.3285 (Simulation time: 00 hr 09 min 25 sec)
Simulation finished CPU 0 instructions: 50000000 cycles: 152392903 cumulative IPC: 0.3281 (Simulation time: 00 hr 09 min 31 sec)
Simulation complete CPU 0 instructions: 50000000 cycles: 152392903 cumulative IPC: 0.3281 (Simulation time: 00 hr 09 min 31 sec)

ChampSim completed all CPUs

=== Simulation ===
CPU 0 runs traces/cc-13.trace.gz

Region of Interest Statistics

CPU 0 cumulative IPC: 0.3281 instructions: 50000000 cycles: 152392903
CPU 0 Branch Prediction Accuracy: 88.82% MPKI: 22.44 Average ROB Occupancy at Mispredict: 24.38
Branch type MPKI
BRANCH_DIRECT_JUMP: 0
BRANCH_INDIRECT: 0
BRANCH_CONDITIONAL: 22.44
BRANCH_DIRECT_CALL: 0
BRANCH_INDIRECT_CALL: 0
BRANCH_RETURN: 0

cpu0->cpu0_STLB TOTAL        ACCESS:    2489181 HIT:    2485513 MISS:       3668 MSHR_MERGE:          0
cpu0->cpu0_STLB LOAD         ACCESS:    2489181 HIT:    2485513 MISS:       3668 MSHR_MERGE:          0
cpu0->cpu0_STLB RFO          ACCESS:          0 HIT:          0 MISS:          0 MSHR_MERGE:          0
cpu0->cpu0_STLB PREFETCH     ACCESS:          0 HIT:          0 MISS:          0 MSHR_MERGE:          0
cpu0->cpu0_STLB WRITE        ACCESS:          0 HIT:          0 MISS:          0 MSHR_MERGE:          0
cpu0->cpu0_STLB TRANSLATION  ACCESS:          0 HIT:          0 MISS:          0 MSHR_MERGE:          0
cpu0->cpu0_STLB PREFETCH REQUESTED:          0 ISSUED:          0 USEFUL:          0 USELESS:          0
cpu0->cpu0_STLB AVERAGE MISS LATENCY: 264.2 cycles
cpu0->cpu0_L2C TOTAL        ACCESS:   11149262 HIT:    7207626 MISS:    3941636 MSHR_MERGE:     345149
cpu0->cpu0_L2C LOAD         ACCESS:    3488324 HIT:    2316059 MISS:    1172265 MSHR_MERGE:      15387
cpu0->cpu0_L2C RFO          ACCESS:          0 HIT:          0 MISS:          0 MSHR_MERGE:          0
cpu0->cpu0_L2C PREFETCH     ACCESS:    7447877 HIT:    4679067 MISS:    2768810 MSHR_MERGE:     329762
cpu0->cpu0_L2C WRITE        ACCESS:     209450 HIT:     209430 MISS:         20 MSHR_MERGE:          0
cpu0->cpu0_L2C TRANSLATION  ACCESS:       3611 HIT:       3070 MISS:        541 MSHR_MERGE:          0
cpu0->cpu0_L2C PREFETCH REQUESTED:    7214078 ISSUED:    6578386 USEFUL:     675480 USELESS:    1433757
cpu0->cpu0_L2C AVERAGE MISS LATENCY: 119.2 cycles
cpu0->cpu0_L1I TOTAL        ACCESS:      74997 HIT:      74997 MISS:          0 MSHR_MERGE:          0
cpu0->cpu0_L1I LOAD         ACCESS:      74997 HIT:      74997 MISS:          0 MSHR_MERGE:          0
cpu0->cpu0_L1I RFO          ACCESS:          0 HIT:          0 MISS:          0 MSHR_MERGE:          0
cpu0->cpu0_L1I PREFETCH     ACCESS:          0 HIT:          0 MISS:          0 MSHR_MERGE:          0
cpu0->cpu0_L1I WRITE        ACCESS:          0 HIT:          0 MISS:          0 MSHR_MERGE:          0
cpu0->cpu0_L1I TRANSLATION  ACCESS:          0 HIT:          0 MISS:          0 MSHR_MERGE:          0
cpu0->cpu0_L1I PREFETCH REQUESTED:          0 ISSUED:          0 USEFUL:          0 USELESS:          0
cpu0->cpu0_L1I AVERAGE MISS LATENCY: - cycles
cpu0->cpu0_L1D TOTAL        ACCESS:   14539527 HIT:   10060180 MISS:    4479347 MSHR_MERGE:     117931
cpu0->cpu0_L1D LOAD         ACCESS:   13114020 HIT:    9524381 MISS:    3589639 MSHR_MERGE:     101316
cpu0->cpu0_L1D RFO          ACCESS:          0 HIT:          0 MISS:          0 MSHR_MERGE:          0
cpu0->cpu0_L1D PREFETCH     ACCESS:    1174880 HIT:     288783 MISS:     886097 MSHR_MERGE:      16615
cpu0->cpu0_L1D WRITE        ACCESS:     243284 HIT:     243284 MISS:          0 MSHR_MERGE:          0
cpu0->cpu0_L1D TRANSLATION  ACCESS:       7343 HIT:       3732 MISS:       3611 MSHR_MERGE:          0
cpu0->cpu0_L1D PREFETCH REQUESTED:    1176303 ISSUED:    1174879 USEFUL:     248749 USELESS:     620737
cpu0->cpu0_L1D AVERAGE MISS LATENCY: 48.92 cycles
cpu0->cpu0_ITLB TOTAL        ACCESS:      71853 HIT:      71853 MISS:          0 MSHR_MERGE:          0
cpu0->cpu0_ITLB LOAD         ACCESS:      71853 HIT:      71853 MISS:          0 MSHR_MERGE:          0
cpu0->cpu0_ITLB RFO          ACCESS:          0 HIT:          0 MISS:          0 MSHR_MERGE:          0
cpu0->cpu0_ITLB PREFETCH     ACCESS:          0 HIT:          0 MISS:          0 MSHR_MERGE:          0
cpu0->cpu0_ITLB WRITE        ACCESS:          0 HIT:          0 MISS:          0 MSHR_MERGE:          0
cpu0->cpu0_ITLB TRANSLATION  ACCESS:          0 HIT:          0 MISS:          0 MSHR_MERGE:          0
cpu0->cpu0_ITLB PREFETCH REQUESTED:          0 ISSUED:          0 USEFUL:          0 USELESS:          0
cpu0->cpu0_ITLB AVERAGE MISS LATENCY: - cycles
cpu0->cpu0_DTLB TOTAL        ACCESS:   14180823 HIT:   11337897 MISS:    2842926 MSHR_MERGE:     353745
cpu0->cpu0_DTLB LOAD         ACCESS:   14180823 HIT:   11337897 MISS:    2842926 MSHR_MERGE:     353745
cpu0->cpu0_DTLB RFO          ACCESS:          0 HIT:          0 MISS:          0 MSHR_MERGE:          0
cpu0->cpu0_DTLB PREFETCH     ACCESS:          0 HIT:          0 MISS:          0 MSHR_MERGE:          0
cpu0->cpu0_DTLB WRITE        ACCESS:          0 HIT:          0 MISS:          0 MSHR_MERGE:          0
cpu0->cpu0_DTLB TRANSLATION  ACCESS:          0 HIT:          0 MISS:          0 MSHR_MERGE:          0
cpu0->cpu0_DTLB PREFETCH REQUESTED:          0 ISSUED:          0 USEFUL:          0 USELESS:          0
cpu0->cpu0_DTLB AVERAGE MISS LATENCY: 5.394 cycles
cpu0->LLC TOTAL        ACCESS:    3802718 HIT:    2443701 MISS:    1359017 MSHR_MERGE:          0
cpu0->LLC LOAD         ACCESS:    1156878 HIT:     814751 MISS:     342127 MSHR_MERGE:          0
cpu0->LLC RFO          ACCESS:          0 HIT:          0 MISS:          0 MSHR_MERGE:          0
cpu0->LLC PREFETCH     ACCESS:    2439048 HIT:    1484061 MISS:     954987 MSHR_MERGE:          0
cpu0->LLC WRITE        ACCESS:     206251 HIT:     144880 MISS:      61371 MSHR_MERGE:          0
cpu0->LLC TRANSLATION  ACCESS:        541 HIT:          9 MISS:        532 MSHR_MERGE:          0
cpu0->LLC PREFETCH REQUESTED:          0 ISSUED:          0 USEFUL:          0 USELESS:          0
cpu0->LLC AVERAGE MISS LATENCY: 276.6 cycles

DRAM Statistics

Channel 0 RQ ROW_BUFFER_HIT:      27659
  ROW_BUFFER_MISS:    1268477
  AVG DBUS CONGESTED CYCLE: 4.241
Channel 0 WQ ROW_BUFFER_HIT:      25285
  ROW_BUFFER_MISS:      69465
  FULL:          0
Channel 0 REFRESHES ISSUED:      12699
