[VMEM] WARNING: physical memory size is smaller than virtual memory size.

*** ChampSim Multicore Out-of-Order Simulator ***
Warmup Instructions: 10000000
Simulation Instructions: 50000000
Number of CPUs: 1
Page size: 4096
Core 0: traces/charlie_0004.champsim.gz
 L1D Berti prefetcher
Off-chip DRAM Size: 64 GiB Channels: 1 Width: 64-bit Data Rate: 800 MT/s
[BTB] WARNING: target of return is a lower address than the corresponding call. This is usually a problem with your trace.
[BTB] WARNING: target of return is a lower address than the corresponding call. This is usually a problem with your trace.
[BTB] WARNING: target of return is a lower address than the corresponding call. This is usually a problem with your trace.
[BTB] WARNING: target of return is a lower address than the corresponding call. This is usually a problem with your trace.
[BTB] WARNING: target of return is a lower address than the corresponding call. This is usually a problem with your trace.
[BTB] WARNING: target of return is a lower address than the corresponding call. This is usually a problem with your trace.
[BTB] WARNING: target of return is a lower address than the corresponding call. This is usually a problem with your trace.
[BTB] WARNING: target of return is a lower address than the corresponding call. This is usually a problem with your trace.
[BTB] WARNING: target of return is a lower address than the corresponding call. This is usually a problem with your trace.
[BTB] WARNING: target of return is a lower address than the corresponding call. This is usually a problem with your trace.
Heartbeat CPU 0 instructions: 500003 cycles: 220958 heartbeat IPC: 2.263 cumulative IPC: 2.263 (Simulation time: 00 hr 00 min 02 sec)
Heartbeat CPU 0 instructions: 1000006 cycles: 332484 heartbeat IPC: 4.483 cumulative IPC: 3.008 (Simulation time: 00 hr 00 min 03 sec)
Heartbeat CPU 0 instructions: 1500007 cycles: 505803 heartbeat IPC: 2.885 cumulative IPC: 2.966 (Simulation time: 00 hr 00 min 04 sec)
Heartbeat CPU 0 instructions: 2000013 cycles: 624966 heartbeat IPC: 4.196 cumulative IPC: 3.2 (Simulation time: 00 hr 00 min 05 sec)
Heartbeat CPU 0 instructions: 2500018 cycles: 731713 heartbeat IPC: 4.684 cumulative IPC: 3.417 (Simulation time: 00 hr 00 min 06 sec)
Heartbeat CPU 0 instructions: 3000019 cycles: 841707 heartbeat IPC: 4.546 cumulative IPC: 3.564 (Simulation time: 00 hr 00 min 07 sec)
Heartbeat CPU 0 instructions: 3500026 cycles: 948665 heartbeat IPC: 4.675 cumulative IPC: 3.689 (Simulation time: 00 hr 00 min 08 sec)
Heartbeat CPU 0 instructions: 4000032 cycles: 1058699 heartbeat IPC: 4.544 cumulative IPC: 3.778 (Simulation time: 00 hr 00 min 09 sec)
Heartbeat CPU 0 instructions: 4500039 cycles: 1163707 heartbeat IPC: 4.762 cumulative IPC: 3.867 (Simulation time: 00 hr 00 min 10 sec)
Heartbeat CPU 0 instructions: 5000039 cycles: 1268792 heartbeat IPC: 4.758 cumulative IPC: 3.941 (Simulation time: 00 hr 00 min 11 sec)
Heartbeat CPU 0 instructions: 5500041 cycles: 1375228 heartbeat IPC: 4.698 cumulative IPC: 3.999 (Simulation time: 00 hr 00 min 12 sec)
Heartbeat CPU 0 instructions: 6000042 cycles: 1480914 heartbeat IPC: 4.731 cumulative IPC: 4.052 (Simulation time: 00 hr 00 min 13 sec)
Heartbeat CPU 0 instructions: 6500043 cycles: 1584278 heartbeat IPC: 4.837 cumulative IPC: 4.103 (Simulation time: 00 hr 00 min 14 sec)
Heartbeat CPU 0 instructions: 7000043 cycles: 1690117 heartbeat IPC: 4.724 cumulative IPC: 4.142 (Simulation time: 00 hr 00 min 15 sec)
Heartbeat CPU 0 instructions: 7500049 cycles: 1845913 heartbeat IPC: 3.209 cumulative IPC: 4.063 (Simulation time: 00 hr 00 min 17 sec)
Heartbeat CPU 0 instructions: 8000054 cycles: 1965017 heartbeat IPC: 4.198 cumulative IPC: 4.071 (Simulation time: 00 hr 00 min 18 sec)
Heartbeat CPU 0 instructions: 8500061 cycles: 2075661 heartbeat IPC: 4.519 cumulative IPC: 4.095 (Simulation time: 00 hr 00 min 19 sec)
Heartbeat CPU 0 instructions: 9000061 cycles: 2189914 heartbeat IPC: 4.376 cumulative IPC: 4.11 (Simulation time: 00 hr 00 min 20 sec)
Heartbeat CPU 0 instructions: 9500062 cycles: 2383716 heartbeat IPC: 2.58 cumulative IPC: 3.985 (Simulation time: 00 hr 00 min 22 sec)
Warmup finished CPU 0 instructions: 10000005 cycles: 2499981 cumulative IPC: 4 (Simulation time: 00 hr 00 min 23 sec)
Warmup complete CPU 0 instructions: 10000005 cycles: 2499981 cumulative IPC: 4 (Simulation time: 00 hr 00 min 23 sec)
Heartbeat CPU 0 instructions: 10000069 cycles: 2499989 heartbeat IPC: 4.3 cumulative IPC: 8 (Simulation time: 00 hr 00 min 23 sec)
Heartbeat CPU 0 instructions: 10500070 cycles: 3137970 heartbeat IPC: 0.7837 cumulative IPC: 0.7838 (Simulation time: 00 hr 00 min 26 sec)
Heartbeat CPU 0 instructions: 11000073 cycles: 3800392 heartbeat IPC: 0.7548 cumulative IPC: 0.769 (Simulation time: 00 hr 00 min 29 sec)
Heartbeat CPU 0 instructions: 11500075 cycles: 4348749 heartbeat IPC: 0.9118 cumulative IPC: 0.8114 (Simulation time: 00 hr 00 min 32 sec)
Heartbeat CPU 0 instructions: 12000078 cycles: 5118520 heartbeat IPC: 0.6495 cumulative IPC: 0.7638 (Simulation time: 00 hr 00 min 37 sec)
Heartbeat CPU 0 instructions: 12500083 cycles: 5723274 heartbeat IPC: 0.8268 cumulative IPC: 0.7756 (Simulation time: 00 hr 00 min 40 sec)
Heartbeat CPU 0 instructions: 13000090 cycles: 6414697 heartbeat IPC: 0.7232 cumulative IPC: 0.7664 (Simulation time: 00 hr 00 min 44 sec)
Heartbeat CPU 0 instructions: 13500090 cycles: 7030753 heartbeat IPC: 0.8116 cumulative IPC: 0.7725 (Simulation time: 00 hr 00 min 48 sec)
Heartbeat CPU 0 instructions: 14000092 cycles: 7632175 heartbeat IPC: 0.8314 cumulative IPC: 0.7794 (Simulation time: 00 hr 00 min 51 sec)
Heartbeat CPU 0 instructions: 14500099 cycles: 8171185 heartbeat IPC: 0.9276 cumulative IPC: 0.7935 (Simulation time: 00 hr 00 min 54 sec)
Heartbeat CPU 0 instructions: 15000099 cycles: 9019202 heartbeat IPC: 0.5896 cumulative IPC: 0.767 (Simulation time: 00 hr 00 min 59 sec)
Heartbeat CPU 0 instructions: 15500101 cycles: 9612209 heartbeat IPC: 0.8432 cumulative IPC: 0.7733 (Simulation time: 00 hr 01 min 02 sec)
Heartbeat CPU 0 instructions: 16000102 cycles: 10229926 heartbeat IPC: 0.8094 cumulative IPC: 0.7762 (Simulation time: 00 hr 01 min 06 sec)
Heartbeat CPU 0 instructions: 16500103 cycles: 10852441 heartbeat IPC: 0.8032 cumulative IPC: 0.7782 (Simulation time: 00 hr 01 min 09 sec)
Heartbeat CPU 0 instructions: 17000103 cycles: 12280738 heartbeat IPC: 0.3501 cumulative IPC: 0.7157 (Simulation time: 00 hr 01 min 16 sec)
Heartbeat CPU 0 instructions: 17500106 cycles: 13702714 heartbeat IPC: 0.3516 cumulative IPC: 0.6695 (Simulation time: 00 hr 01 min 21 sec)
Heartbeat CPU 0 instructions: 18000109 cycles: 15426042 heartbeat IPC: 0.2901 cumulative IPC: 0.6189 (Simulation time: 00 hr 01 min 27 sec)
Heartbeat CPU 0 instructions: 18500114 cycles: 16189639 heartbeat IPC: 0.6548 cumulative IPC: 0.6209 (Simulation time: 00 hr 01 min 30 sec)
Heartbeat CPU 0 instructions: 19000115 cycles: 16808841 heartbeat IPC: 0.8075 cumulative IPC: 0.629 (Simulation time: 00 hr 01 min 33 sec)
Heartbeat CPU 0 instructions: 19500115 cycles: 17121076 heartbeat IPC: 1.601 cumulative IPC: 0.6498 (Simulation time: 00 hr 01 min 34 sec)
Heartbeat CPU 0 instructions: 20000115 cycles: 17508974 heartbeat IPC: 1.289 cumulative IPC: 0.6663 (Simulation time: 00 hr 01 min 36 sec)
Heartbeat CPU 0 instructions: 20500117 cycles: 17954442 heartbeat IPC: 1.122 cumulative IPC: 0.6794 (Simulation time: 00 hr 01 min 38 sec)
Heartbeat CPU 0 instructions: 21000123 cycles: 18332054 heartbeat IPC: 1.324 cumulative IPC: 0.6948 (Simulation time: 00 hr 01 min 40 sec)
Heartbeat CPU 0 instructions: 21500126 cycles: 18944696 heartbeat IPC: 0.8161 cumulative IPC: 0.6993 (Simulation time: 00 hr 01 min 43 sec)
Heartbeat CPU 0 instructions: 22000133 cycles: 19294185 heartbeat IPC: 1.431 cumulative IPC: 0.7145 (Simulation time: 00 hr 01 min 45 sec)
Heartbeat CPU 0 instructions: 22500137 cycles: 19638349 heartbeat IPC: 1.453 cumulative IPC: 0.7294 (Simulation time: 00 hr 01 min 47 sec)
Heartbeat CPU 0 instructions: 23000137 cycles: 20009319 heartbeat IPC: 1.348 cumulative IPC: 0.7425 (Simulation time: 00 hr 01 min 48 sec)
Heartbeat CPU 0 instructions: 23500138 cycles: 20312064 heartbeat IPC: 1.652 cumulative IPC: 0.7579 (Simulation time: 00 hr 01 min 50 sec)
Heartbeat CPU 0 instructions: 24000143 cycles: 20699938 heartbeat IPC: 1.289 cumulative IPC: 0.7692 (Simulation time: 00 hr 01 min 52 sec)
Heartbeat CPU 0 instructions: 24500145 cycles: 21068027 heartbeat IPC: 1.358 cumulative IPC: 0.7809 (Simulation time: 00 hr 01 min 54 sec)
Heartbeat CPU 0 instructions: 25000145 cycles: 21419730 heartbeat IPC: 1.422 cumulative IPC: 0.7928 (Simulation time: 00 hr 01 min 56 sec)
Heartbeat CPU 0 instructions: 25500150 cycles: 21782121 heartbeat IPC: 1.38 cumulative IPC: 0.8039 (Simulation time: 00 hr 01 min 58 sec)
Heartbeat CPU 0 instructions: 26000150 cycles: 22226208 heartbeat IPC: 1.126 cumulative IPC: 0.8111 (Simulation time: 00 hr 02 min 00 sec)
Heartbeat CPU 0 instructions: 26500152 cycles: 22600995 heartbeat IPC: 1.334 cumulative IPC: 0.8209 (Simulation time: 00 hr 02 min 02 sec)
Heartbeat CPU 0 instructions: 27000153 cycles: 23004176 heartbeat IPC: 1.24 cumulative IPC: 0.8291 (Simulation time: 00 hr 02 min 04 sec)
Heartbeat CPU 0 instructions: 27500160 cycles: 23328136 heartbeat IPC: 1.543 cumulative IPC: 0.8402 (Simulation time: 00 hr 02 min 05 sec)
Heartbeat CPU 0 instructions: 28000160 cycles: 23694007 heartbeat IPC: 1.367 cumulative IPC: 0.8493 (Simulation time: 00 hr 02 min 07 sec)
Heartbeat CPU 0 instructions: 28500162 cycles: 24078655 heartbeat IPC: 1.3 cumulative IPC: 0.8573 (Simulation time: 00 hr 02 min 09 sec)
Heartbeat CPU 0 instructions: 29000168 cycles: 24412082 heartbeat IPC: 1.5 cumulative IPC: 0.8671 (Simulation time: 00 hr 02 min 11 sec)
Heartbeat CPU 0 instructions: 29500168 cycles: 24771599 heartbeat IPC: 1.391 cumulative IPC: 0.8756 (Simulation time: 00 hr 02 min 13 sec)
Heartbeat CPU 0 instructions: 30000168 cycles: 25115682 heartbeat IPC: 1.453 cumulative IPC: 0.8843 (Simulation time: 00 hr 02 min 15 sec)
Heartbeat CPU 0 instructions: 30500174 cycles: 25460716 heartbeat IPC: 1.449 cumulative IPC: 0.8928 (Simulation time: 00 hr 02 min 17 sec)
Heartbeat CPU 0 instructions: 31000174 cycles: 25787194 heartbeat IPC: 1.531 cumulative IPC: 0.9018 (Simulation time: 00 hr 02 min 18 sec)
Heartbeat CPU 0 instructions: 31500174 cycles: 26666427 heartbeat IPC: 0.5687 cumulative IPC: 0.8897 (Simulation time: 00 hr 02 min 22 sec)
Heartbeat CPU 0 instructions: 32000180 cycles: 27071977 heartbeat IPC: 1.233 cumulative IPC: 0.8953 (Simulation time: 00 hr 02 min 24 sec)
Heartbeat CPU 0 instructions: 32500180 cycles: 27418065 heartbeat IPC: 1.445 cumulative IPC: 0.903 (Simulation time: 00 hr 02 min 26 sec)
Heartbeat CPU 0 instructions: 33000184 cycles: 27734898 heartbeat IPC: 1.578 cumulative IPC: 0.9114 (Simulation time: 00 hr 02 min 27 sec)
Heartbeat CPU 0 instructions: 33500184 cycles: 28094507 heartbeat IPC: 1.39 cumulative IPC: 0.9182 (Simulation time: 00 hr 02 min 29 sec)
Heartbeat CPU 0 instructions: 34000189 cycles: 28424403 heartbeat IPC: 1.516 cumulative IPC: 0.9258 (Simulation time: 00 hr 02 min 31 sec)
Heartbeat CPU 0 instructions: 34500189 cycles: 28744655 heartbeat IPC: 1.561 cumulative IPC: 0.9335 (Simulation time: 00 hr 02 min 33 sec)
Heartbeat CPU 0 instructions: 35000192 cycles: 29106761 heartbeat IPC: 1.381 cumulative IPC: 0.9396 (Simulation time: 00 hr 02 min 35 sec)
Heartbeat CPU 0 instructions: 35500193 cycles: 29393538 heartbeat IPC: 1.744 cumulative IPC: 0.9482 (Simulation time: 00 hr 02 min 36 sec)
Heartbeat CPU 0 instructions: 36000198 cycles: 29721132 heartbeat IPC: 1.526 cumulative IPC: 0.9551 (Simulation time: 00 hr 02 min 38 sec)
Heartbeat CPU 0 instructions: 36500200 cycles: 30062405 heartbeat IPC: 1.465 cumulative IPC: 0.9615 (Simulation time: 00 hr 02 min 40 sec)
Heartbeat CPU 0 instructions: 37000200 cycles: 30377114 heartbeat IPC: 1.589 cumulative IPC: 0.9685 (Simulation time: 00 hr 02 min 42 sec)
Heartbeat CPU 0 instructions: 37500202 cycles: 30698582 heartbeat IPC: 1.555 cumulative IPC: 0.9752 (Simulation time: 00 hr 02 min 43 sec)
Heartbeat CPU 0 instructions: 38000205 cycles: 31042169 heartbeat IPC: 1.455 cumulative IPC: 0.981 (Simulation time: 00 hr 02 min 45 sec)
Heartbeat CPU 0 instructions: 38500212 cycles: 31358881 heartbeat IPC: 1.579 cumulative IPC: 0.9876 (Simulation time: 00 hr 02 min 47 sec)
Heartbeat CPU 0 instructions: 39000212 cycles: 31701545 heartbeat IPC: 1.459 cumulative IPC: 0.9931 (Simulation time: 00 hr 02 min 49 sec)
Heartbeat CPU 0 instructions: 39500215 cycles: 32062890 heartbeat IPC: 1.384 cumulative IPC: 0.9979 (Simulation time: 00 hr 02 min 51 sec)
Heartbeat CPU 0 instructions: 40000215 cycles: 32565434 heartbeat IPC: 0.9949 cumulative IPC: 0.9978 (Simulation time: 00 hr 02 min 53 sec)
Heartbeat CPU 0 instructions: 40500215 cycles: 32959128 heartbeat IPC: 1.27 cumulative IPC: 1.001 (Simulation time: 00 hr 02 min 55 sec)
Heartbeat CPU 0 instructions: 41000216 cycles: 33298965 heartbeat IPC: 1.471 cumulative IPC: 1.007 (Simulation time: 00 hr 02 min 57 sec)
Heartbeat CPU 0 instructions: 41500219 cycles: 34418553 heartbeat IPC: 0.4466 cumulative IPC: 0.9869 (Simulation time: 00 hr 03 min 01 sec)
Heartbeat CPU 0 instructions: 42000226 cycles: 34792713 heartbeat IPC: 1.336 cumulative IPC: 0.9909 (Simulation time: 00 hr 03 min 03 sec)
Heartbeat CPU 0 instructions: 42500230 cycles: 35086767 heartbeat IPC: 1.7 cumulative IPC: 0.9973 (Simulation time: 00 hr 03 min 04 sec)
Heartbeat CPU 0 instructions: 43000230 cycles: 35439945 heartbeat IPC: 1.416 cumulative IPC: 1.002 (Simulation time: 00 hr 03 min 06 sec)
Heartbeat CPU 0 instructions: 43500230 cycles: 35830916 heartbeat IPC: 1.279 cumulative IPC: 1.005 (Simulation time: 00 hr 03 min 08 sec)
Heartbeat CPU 0 instructions: 44000230 cycles: 36176160 heartbeat IPC: 1.448 cumulative IPC: 1.01 (Simulation time: 00 hr 03 min 10 sec)
Heartbeat CPU 0 instructions: 44500230 cycles: 36502591 heartbeat IPC: 1.532 cumulative IPC: 1.015 (Simulation time: 00 hr 03 min 12 sec)
Heartbeat CPU 0 instructions: 45000231 cycles: 36898304 heartbeat IPC: 1.264 cumulative IPC: 1.017 (Simulation time: 00 hr 03 min 14 sec)
Heartbeat CPU 0 instructions: 45500233 cycles: 37229523 heartbeat IPC: 1.51 cumulative IPC: 1.022 (Simulation time: 00 hr 03 min 15 sec)
Heartbeat CPU 0 instructions: 46000233 cycles: 37610680 heartbeat IPC: 1.312 cumulative IPC: 1.025 (Simulation time: 00 hr 03 min 17 sec)
Heartbeat CPU 0 instructions: 46500240 cycles: 37901863 heartbeat IPC: 1.717 cumulative IPC: 1.031 (Simulation time: 00 hr 03 min 19 sec)
Heartbeat CPU 0 instructions: 47000242 cycles: 38244544 heartbeat IPC: 1.459 cumulative IPC: 1.035 (Simulation time: 00 hr 03 min 21 sec)
Heartbeat CPU 0 instructions: 47500242 cycles: 38549045 heartbeat IPC: 1.642 cumulative IPC: 1.04 (Simulation time: 00 hr 03 min 22 sec)
Heartbeat CPU 0 instructions: 48000248 cycles: 40353495 heartbeat IPC: 0.2771 cumulative IPC: 1.004 (Simulation time: 00 hr 03 min 29 sec)
Heartbeat CPU 0 instructions: 48500249 cycles: 41406872 heartbeat IPC: 0.4747 cumulative IPC: 0.9895 (Simulation time: 00 hr 03 min 33 sec)
Heartbeat CPU 0 instructions: 49000251 cycles: 42056368 heartbeat IPC: 0.7698 cumulative IPC: 0.9859 (Simulation time: 00 hr 03 min 36 sec)
Heartbeat CPU 0 instructions: 49500251 cycles: 43010240 heartbeat IPC: 0.5242 cumulative IPC: 0.9751 (Simulation time: 00 hr 03 min 40 sec)
Heartbeat CPU 0 instructions: 50000252 cycles: 44094120 heartbeat IPC: 0.4613 cumulative IPC: 0.9617 (Simulation time: 00 hr 03 min 44 sec)
Heartbeat CPU 0 instructions: 50500253 cycles: 45155647 heartbeat IPC: 0.471 cumulative IPC: 0.9495 (Simulation time: 00 hr 03 min 48 sec)
Heartbeat CPU 0 instructions: 51000253 cycles: 46491457 heartbeat IPC: 0.3743 cumulative IPC: 0.932 (Simulation time: 00 hr 03 min 53 sec)
Heartbeat CPU 0 instructions: 51500255 cycles: 47995553 heartbeat IPC: 0.3324 cumulative IPC: 0.9122 (Simulation time: 00 hr 03 min 59 sec)
Heartbeat CPU 0 instructions: 52000256 cycles: 48401528 heartbeat IPC: 1.232 cumulative IPC: 0.915 (Simulation time: 00 hr 04 min 01 sec)
Heartbeat CPU 0 instructions: 52500257 cycles: 53222773 heartbeat IPC: 0.1037 cumulative IPC: 0.8379 (Simulation time: 00 hr 04 min 17 sec)
Heartbeat CPU 0 instructions: 53000258 cycles: 56740469 heartbeat IPC: 0.1421 cumulative IPC: 0.7928 (Simulation time: 00 hr 04 min 28 sec)
Heartbeat CPU 0 instructions: 53500263 cycles: 59939271 heartbeat IPC: 0.1563 cumulative IPC: 0.7573 (Simulation time: 00 hr 04 min 39 sec)
Heartbeat CPU 0 instructions: 54000264 cycles: 61268367 heartbeat IPC: 0.3762 cumulative IPC: 0.7487 (Simulation time: 00 hr 04 min 44 sec)
Heartbeat CPU 0 instructions: 54500271 cycles: 62633114 heartbeat IPC: 0.3664 cumulative IPC: 0.74 (Simulation time: 00 hr 04 min 49 sec)
Heartbeat CPU 0 instructions: 55000273 cycles: 64105574 heartbeat IPC: 0.3396 cumulative IPC: 0.7305 (Simulation time: 00 hr 04 min 56 sec)
Heartbeat CPU 0 instructions: 55500275 cycles: 65416024 heartbeat IPC: 0.3815 cumulative IPC: 0.7232 (Simulation time: 00 hr 05 min 02 sec)
Heartbeat CPU 0 instructions: 56000276 cycles: 66186384 heartbeat IPC: 0.649 cumulative IPC: 0.7223 (Simulation time: 00 hr 05 min 05 sec)
Heartbeat CPU 0 instructions: 56500277 cycles: 67370795 heartbeat IPC: 0.4222 cumulative IPC: 0.7168 (Simulation time: 00 hr 05 min 09 sec)
Heartbeat CPU 0 instructions: 57000279 cycles: 68570632 heartbeat IPC: 0.4167 cumulative IPC: 0.7114 (Simulation time: 00 hr 05 min 14 sec)
Heartbeat CPU 0 instructions: 57500281 cycles: 69554245 heartbeat IPC: 0.5083 cumulative IPC: 0.7084 (Simulation time: 00 hr 05 min 18 sec)
Heartbeat CPU 0 instructions: 58000281 cycles: 70741196 heartbeat IPC: 0.4212 cumulative IPC: 0.7034 (Simulation time: 00 hr 05 min 22 sec)
Heartbeat CPU 0 instructions: 58500283 cycles: 72243930 heartbeat IPC: 0.3327 cumulative IPC: 0.6954 (Simulation time: 00 hr 05 min 28 sec)
Heartbeat CPU 0 instructions: 59000288 cycles: 72780008 heartbeat IPC: 0.9327 cumulative IPC: 0.6972 (Simulation time: 00 hr 05 min 30 sec)
Heartbeat CPU 0 instructions: 59500290 cycles: 73719465 heartbeat IPC: 0.5322 cumulative IPC: 0.695 (Simulation time: 00 hr 05 min 34 sec)
Simulation finished CPU 0 instructions: 50000002 cycles: 72305654 cumulative IPC: 0.6915 (Simulation time: 00 hr 05 min 37 sec)
Simulation complete CPU 0 instructions: 50000002 cycles: 72305654 cumulative IPC: 0.6915 (Simulation time: 00 hr 05 min 37 sec)

ChampSim completed all CPUs

=== Simulation ===
CPU 0 runs traces/charlie_0004.champsim.gz

Region of Interest Statistics

CPU 0 cumulative IPC: 0.6915 instructions: 50000002 cycles: 72305654
CPU 0 Branch Prediction Accuracy: 91.31% MPKI: 17.06 Average ROB Occupancy at Mispredict: 29.49
Branch type MPKI
BRANCH_DIRECT_JUMP: 0.3662
BRANCH_INDIRECT: 0.473
BRANCH_CONDITIONAL: 14.93
BRANCH_DIRECT_CALL: 0.1817
BRANCH_INDIRECT_CALL: 0.615
BRANCH_RETURN: 0.498

cpu0->cpu0_STLB TOTAL        ACCESS:     235026 HIT:     175099 MISS:      59927 MSHR_MERGE:          0
cpu0->cpu0_STLB LOAD         ACCESS:     235026 HIT:     175099 MISS:      59927 MSHR_MERGE:          0
cpu0->cpu0_STLB RFO          ACCESS:          0 HIT:          0 MISS:          0 MSHR_MERGE:          0
cpu0->cpu0_STLB PREFETCH     ACCESS:          0 HIT:          0 MISS:          0 MSHR_MERGE:          0
cpu0->cpu0_STLB WRITE        ACCESS:          0 HIT:          0 MISS:          0 MSHR_MERGE:          0
cpu0->cpu0_STLB TRANSLATION  ACCESS:          0 HIT:          0 MISS:          0 MSHR_MERGE:          0
cpu0->cpu0_STLB PREFETCH REQUESTED:          0 ISSUED:          0 USEFUL:          0 USELESS:          0
cpu0->cpu0_STLB AVERAGE MISS LATENCY: 332.6 cycles
cpu0->cpu0_L2C TOTAL        ACCESS:    4644013 HIT:    3651270 MISS:     992743 MSHR_MERGE:     396600
cpu0->cpu0_L2C LOAD         ACCESS:     766823 HIT:     642640 MISS:     124183 MSHR_MERGE:      36835
cpu0->cpu0_L2C RFO          ACCESS:     138502 HIT:      39250 MISS:      99252 MSHR_MERGE:       3676
cpu0->cpu0_L2C PREFETCH     ACCESS:    3384776 HIT:    2647949 MISS:     736827 MSHR_MERGE:     356089
cpu0->cpu0_L2C WRITE        ACCESS:     285288 HIT:     285282 MISS:          6 MSHR_MERGE:          0
cpu0->cpu0_L2C TRANSLATION  ACCESS:      68624 HIT:      36149 MISS:      32475 MSHR_MERGE:          0
cpu0->cpu0_L2C PREFETCH REQUESTED:    3420325 ISSUED:    3102603 USEFUL:     210761 USELESS:     109500
cpu0->cpu0_L2C AVERAGE MISS LATENCY: 548.5 cycles
cpu0->cpu0_L1I TOTAL        ACCESS:    3419336 HIT:    2822896 MISS:     596440 MSHR_MERGE:     151914
cpu0->cpu0_L1I LOAD         ACCESS:    3419336 HIT:    2822896 MISS:     596440 MSHR_MERGE:     151914
cpu0->cpu0_L1I RFO          ACCESS:          0 HIT:          0 MISS:          0 MSHR_MERGE:          0
cpu0->cpu0_L1I PREFETCH     ACCESS:          0 HIT:          0 MISS:          0 MSHR_MERGE:          0
cpu0->cpu0_L1I WRITE        ACCESS:          0 HIT:          0 MISS:          0 MSHR_MERGE:          0
cpu0->cpu0_L1I TRANSLATION  ACCESS:          0 HIT:          0 MISS:          0 MSHR_MERGE:          0
cpu0->cpu0_L1I PREFETCH REQUESTED:          0 ISSUED:          0 USEFUL:          0 USELESS:          0
cpu0->cpu0_L1I AVERAGE MISS LATENCY: 24.51 cycles
cpu0->cpu0_L1D TOTAL        ACCESS:   14567207 HIT:   13281304 MISS:    1285903 MSHR_MERGE:     474303
cpu0->cpu0_L1D LOAD         ACCESS:    8701605 HIT:    8267176 MISS:     434429 MSHR_MERGE:     112131
cpu0->cpu0_L1D RFO          ACCESS:          0 HIT:          0 MISS:          0 MSHR_MERGE:          0
cpu0->cpu0_L1D PREFETCH     ACCESS:     417197 HIT:     116450 MISS:     300747 MSHR_MERGE:      18572
cpu0->cpu0_L1D WRITE        ACCESS:    5283520 HIT:    4802847 MISS:     480673 MSHR_MERGE:     342170
cpu0->cpu0_L1D TRANSLATION  ACCESS:     164885 HIT:      94831 MISS:      70054 MSHR_MERGE:       1430
cpu0->cpu0_L1D PREFETCH REQUESTED:     443302 ISSUED:     417190 USEFUL:     189183 USELESS:      92974
cpu0->cpu0_L1D AVERAGE MISS LATENCY: 258.8 cycles
cpu0->cpu0_ITLB TOTAL        ACCESS:    2808364 HIT:    2736733 MISS:      71631 MSHR_MERGE:      34530
cpu0->cpu0_ITLB LOAD         ACCESS:    2808364 HIT:    2736733 MISS:      71631 MSHR_MERGE:      34530
cpu0->cpu0_ITLB RFO          ACCESS:          0 HIT:          0 MISS:          0 MSHR_MERGE:          0
cpu0->cpu0_ITLB PREFETCH     ACCESS:          0 HIT:          0 MISS:          0 MSHR_MERGE:          0
cpu0->cpu0_ITLB WRITE        ACCESS:          0 HIT:          0 MISS:          0 MSHR_MERGE:          0
cpu0->cpu0_ITLB TRANSLATION  ACCESS:          0 HIT:          0 MISS:          0 MSHR_MERGE:          0
cpu0->cpu0_ITLB PREFETCH REQUESTED:          0 ISSUED:          0 USEFUL:          0 USELESS:          0
cpu0->cpu0_ITLB AVERAGE MISS LATENCY: 32.4 cycles
cpu0->cpu0_DTLB TOTAL        ACCESS:   13698874 HIT:   13351204 MISS:     347670 MSHR_MERGE:     149745
cpu0->cpu0_DTLB LOAD         ACCESS:   13698874 HIT:   13351204 MISS:     347670 MSHR_MERGE:     149745
cpu0->cpu0_DTLB RFO          ACCESS:          0 HIT:          0 MISS:          0 MSHR_MERGE:          0
cpu0->cpu0_DTLB PREFETCH     ACCESS:          0 HIT:          0 MISS:          0 MSHR_MERGE:          0
cpu0->cpu0_DTLB WRITE        ACCESS:          0 HIT:          0 MISS:          0 MSHR_MERGE:          0
cpu0->cpu0_DTLB TRANSLATION  ACCESS:          0 HIT:          0 MISS:          0 MSHR_MERGE:          0
cpu0->cpu0_DTLB PREFETCH REQUESTED:          0 ISSUED:          0 USEFUL:          0 USELESS:          0
cpu0->cpu0_DTLB AVERAGE MISS LATENCY: 100.9 cycles
cpu0->LLC TOTAL        ACCESS:     835845 HIT:      68468 MISS:     767377 MSHR_MERGE:          0
cpu0->LLC LOAD         ACCESS:      87348 HIT:       9973 MISS:      77375 MSHR_MERGE:          0
cpu0->LLC RFO          ACCESS:      95576 HIT:       2866 MISS:      92710 MSHR_MERGE:          0
cpu0->LLC PREFETCH     ACCESS:     380738 HIT:      18361 MISS:     362377 MSHR_MERGE:          0
cpu0->LLC WRITE        ACCESS:     239708 HIT:      34106 MISS:     205602 MSHR_MERGE:          0
cpu0->LLC TRANSLATION  ACCESS:      32475 HIT:       3162 MISS:      29313 MSHR_MERGE:          0
cpu0->LLC PREFETCH REQUESTED:          0 ISSUED:          0 USEFUL:          0 USELESS:          0
cpu0->LLC AVERAGE MISS LATENCY: 281.5 cycles

DRAM Statistics

Channel 0 RQ ROW_BUFFER_HIT:      17124
  ROW_BUFFER_MISS:     544640
  AVG DBUS CONGESTED CYCLE: 4.146
Channel 0 WQ ROW_BUFFER_HIT:      32417
  ROW_BUFFER_MISS:     195725
  FULL:         76
Channel 0 REFRESHES ISSUED:       6025
