[VMEM] WARNING: physical memory size is smaller than virtual memory size.

*** ChampSim Multicore Out-of-Order Simulator ***
Warmup Instructions: 10000000
Simulation Instructions: 50000000
Number of CPUs: 1
Page size: 4096
Core 0: traces/charlie_0003.champsim.gz
 L1D Berti prefetcher
Off-chip DRAM Size: 64 GiB Channels: 1 Width: 64-bit Data Rate: 800 MT/s
[BTB] WARNING: target of return is a lower address than the corresponding call. This is usually a problem with your trace.
Heartbeat CPU 0 instructions: 500002 cycles: 253806 heartbeat IPC: 1.97 cumulative IPC: 1.97 (Simulation time: 00 hr 00 min 02 sec)
Heartbeat CPU 0 instructions: 1000006 cycles: 514746 heartbeat IPC: 1.916 cumulative IPC: 1.943 (Simulation time: 00 hr 00 min 04 sec)
[BTB] WARNING: target of return is a lower address than the corresponding call. This is usually a problem with your trace.
Heartbeat CPU 0 instructions: 1500013 cycles: 696284 heartbeat IPC: 2.754 cumulative IPC: 2.154 (Simulation time: 00 hr 00 min 06 sec)
[BTB] WARNING: target of return is a lower address than the corresponding call. This is usually a problem with your trace.
Heartbeat CPU 0 instructions: 2000018 cycles: 842662 heartbeat IPC: 3.416 cumulative IPC: 2.373 (Simulation time: 00 hr 00 min 07 sec)
[BTB] WARNING: target of return is a lower address than the corresponding call. This is usually a problem with your trace.
Heartbeat CPU 0 instructions: 2500018 cycles: 992391 heartbeat IPC: 3.339 cumulative IPC: 2.519 (Simulation time: 00 hr 00 min 09 sec)
[BTB] WARNING: target of return is a lower address than the corresponding call. This is usually a problem with your trace.
Heartbeat CPU 0 instructions: 3000021 cycles: 1105854 heartbeat IPC: 4.407 cumulative IPC: 2.713 (Simulation time: 00 hr 00 min 10 sec)
[BTB] WARNING: target of return is a lower address than the corresponding call. This is usually a problem with your trace.
[BTB] WARNING: target of return is a lower address than the corresponding call. This is usually a problem with your trace.
[BTB] WARNING: target of return is a lower address than the corresponding call. This is usually a problem with your trace.
[BTB] WARNING: target of return is a lower address than the corresponding call. This is usually a problem with your trace.
[BTB] WARNING: target of return is a lower address than the corresponding call. This is usually a problem with your trace.
Heartbeat CPU 0 instructions: 3500022 cycles: 1224056 heartbeat IPC: 4.23 cumulative IPC: 2.859 (Simulation time: 00 hr 00 min 11 sec)
Heartbeat CPU 0 instructions: 4000027 cycles: 1330115 heartbeat IPC: 4.714 cumulative IPC: 3.007 (Simulation time: 00 hr 00 min 12 sec)
Heartbeat CPU 0 instructions: 4500027 cycles: 1466543 heartbeat IPC: 3.665 cumulative IPC: 3.068 (Simulation time: 00 hr 00 min 13 sec)
Heartbeat CPU 0 instructions: 5000029 cycles: 1669991 heartbeat IPC: 2.458 cumulative IPC: 2.994 (Simulation time: 00 hr 00 min 15 sec)
Heartbeat CPU 0 instructions: 5500034 cycles: 1815290 heartbeat IPC: 3.441 cumulative IPC: 3.03 (Simulation time: 00 hr 00 min 17 sec)
Heartbeat CPU 0 instructions: 6000035 cycles: 1921577 heartbeat IPC: 4.704 cumulative IPC: 3.122 (Simulation time: 00 hr 00 min 18 sec)
Heartbeat CPU 0 instructions: 6500038 cycles: 2026054 heartbeat IPC: 4.786 cumulative IPC: 3.208 (Simulation time: 00 hr 00 min 19 sec)
Heartbeat CPU 0 instructions: 7000045 cycles: 2131770 heartbeat IPC: 4.73 cumulative IPC: 3.284 (Simulation time: 00 hr 00 min 20 sec)
Heartbeat CPU 0 instructions: 7500045 cycles: 2236965 heartbeat IPC: 4.753 cumulative IPC: 3.353 (Simulation time: 00 hr 00 min 21 sec)
Heartbeat CPU 0 instructions: 8000052 cycles: 2342073 heartbeat IPC: 4.757 cumulative IPC: 3.416 (Simulation time: 00 hr 00 min 22 sec)
Heartbeat CPU 0 instructions: 8500055 cycles: 2446533 heartbeat IPC: 4.787 cumulative IPC: 3.474 (Simulation time: 00 hr 00 min 23 sec)
Heartbeat CPU 0 instructions: 9000058 cycles: 2550516 heartbeat IPC: 4.809 cumulative IPC: 3.529 (Simulation time: 00 hr 00 min 24 sec)
Heartbeat CPU 0 instructions: 9500060 cycles: 2655056 heartbeat IPC: 4.783 cumulative IPC: 3.578 (Simulation time: 00 hr 00 min 25 sec)
Warmup finished CPU 0 instructions: 10000000 cycles: 2759428 cumulative IPC: 3.624 (Simulation time: 00 hr 00 min 26 sec)
Warmup complete CPU 0 instructions: 10000000 cycles: 2759428 cumulative IPC: 3.624 (Simulation time: 00 hr 00 min 26 sec)
Heartbeat CPU 0 instructions: 10000067 cycles: 2759449 heartbeat IPC: 4.79 cumulative IPC: 3.19 (Simulation time: 00 hr 00 min 26 sec)
Heartbeat CPU 0 instructions: 10500067 cycles: 3101224 heartbeat IPC: 1.463 cumulative IPC: 1.463 (Simulation time: 00 hr 00 min 28 sec)
Heartbeat CPU 0 instructions: 11000070 cycles: 3454333 heartbeat IPC: 1.416 cumulative IPC: 1.439 (Simulation time: 00 hr 00 min 29 sec)
Heartbeat CPU 0 instructions: 11500071 cycles: 3813432 heartbeat IPC: 1.392 cumulative IPC: 1.423 (Simulation time: 00 hr 00 min 31 sec)
Heartbeat CPU 0 instructions: 12000072 cycles: 4159677 heartbeat IPC: 1.444 cumulative IPC: 1.428 (Simulation time: 00 hr 00 min 33 sec)
Heartbeat CPU 0 instructions: 12500073 cycles: 4530980 heartbeat IPC: 1.347 cumulative IPC: 1.411 (Simulation time: 00 hr 00 min 35 sec)
Heartbeat CPU 0 instructions: 13000074 cycles: 4974248 heartbeat IPC: 1.128 cumulative IPC: 1.355 (Simulation time: 00 hr 00 min 37 sec)
Heartbeat CPU 0 instructions: 13500076 cycles: 5422827 heartbeat IPC: 1.115 cumulative IPC: 1.314 (Simulation time: 00 hr 00 min 39 sec)
Heartbeat CPU 0 instructions: 14000077 cycles: 5747164 heartbeat IPC: 1.542 cumulative IPC: 1.339 (Simulation time: 00 hr 00 min 40 sec)
Heartbeat CPU 0 instructions: 14500079 cycles: 6207501 heartbeat IPC: 1.086 cumulative IPC: 1.305 (Simulation time: 00 hr 00 min 42 sec)
Heartbeat CPU 0 instructions: 15000079 cycles: 7463511 heartbeat IPC: 0.3981 cumulative IPC: 1.063 (Simulation time: 00 hr 00 min 46 sec)
Heartbeat CPU 0 instructions: 15500080 cycles: 7877482 heartbeat IPC: 1.208 cumulative IPC: 1.075 (Simulation time: 00 hr 00 min 48 sec)
Heartbeat CPU 0 instructions: 16000082 cycles: 8388087 heartbeat IPC: 0.9792 cumulative IPC: 1.066 (Simulation time: 00 hr 00 min 51 sec)
Heartbeat CPU 0 instructions: 16500083 cycles: 8743950 heartbeat IPC: 1.405 cumulative IPC: 1.086 (Simulation time: 00 hr 00 min 53 sec)
Heartbeat CPU 0 instructions: 17000086 cycles: 9098604 heartbeat IPC: 1.41 cumulative IPC: 1.104 (Simulation time: 00 hr 00 min 55 sec)
Heartbeat CPU 0 instructions: 17500092 cycles: 9460251 heartbeat IPC: 1.383 cumulative IPC: 1.119 (Simulation time: 00 hr 00 min 56 sec)
Heartbeat CPU 0 instructions: 18000096 cycles: 9827269 heartbeat IPC: 1.362 cumulative IPC: 1.132 (Simulation time: 00 hr 00 min 58 sec)
Heartbeat CPU 0 instructions: 18500100 cycles: 10139641 heartbeat IPC: 1.601 cumulative IPC: 1.152 (Simulation time: 00 hr 01 min 00 sec)
Heartbeat CPU 0 instructions: 19000103 cycles: 10463542 heartbeat IPC: 1.544 cumulative IPC: 1.168 (Simulation time: 00 hr 01 min 02 sec)
Heartbeat CPU 0 instructions: 19500103 cycles: 10810850 heartbeat IPC: 1.44 cumulative IPC: 1.18 (Simulation time: 00 hr 01 min 04 sec)
Heartbeat CPU 0 instructions: 20000104 cycles: 11152751 heartbeat IPC: 1.462 cumulative IPC: 1.191 (Simulation time: 00 hr 01 min 05 sec)
Heartbeat CPU 0 instructions: 20500106 cycles: 11569535 heartbeat IPC: 1.2 cumulative IPC: 1.192 (Simulation time: 00 hr 01 min 07 sec)
Heartbeat CPU 0 instructions: 21000109 cycles: 11922910 heartbeat IPC: 1.415 cumulative IPC: 1.2 (Simulation time: 00 hr 01 min 09 sec)
Heartbeat CPU 0 instructions: 21500113 cycles: 12289584 heartbeat IPC: 1.364 cumulative IPC: 1.207 (Simulation time: 00 hr 01 min 11 sec)
Heartbeat CPU 0 instructions: 22000114 cycles: 12744587 heartbeat IPC: 1.099 cumulative IPC: 1.202 (Simulation time: 00 hr 01 min 13 sec)
Heartbeat CPU 0 instructions: 22500115 cycles: 13060445 heartbeat IPC: 1.583 cumulative IPC: 1.213 (Simulation time: 00 hr 01 min 15 sec)
Heartbeat CPU 0 instructions: 23000116 cycles: 13373953 heartbeat IPC: 1.595 cumulative IPC: 1.225 (Simulation time: 00 hr 01 min 17 sec)
Heartbeat CPU 0 instructions: 23500119 cycles: 13710940 heartbeat IPC: 1.484 cumulative IPC: 1.233 (Simulation time: 00 hr 01 min 18 sec)
Heartbeat CPU 0 instructions: 24000121 cycles: 14058333 heartbeat IPC: 1.439 cumulative IPC: 1.239 (Simulation time: 00 hr 01 min 20 sec)
Heartbeat CPU 0 instructions: 24500128 cycles: 14403761 heartbeat IPC: 1.447 cumulative IPC: 1.245 (Simulation time: 00 hr 01 min 22 sec)
Heartbeat CPU 0 instructions: 25000129 cycles: 14946945 heartbeat IPC: 0.9205 cumulative IPC: 1.231 (Simulation time: 00 hr 01 min 25 sec)
Heartbeat CPU 0 instructions: 25500131 cycles: 15370341 heartbeat IPC: 1.181 cumulative IPC: 1.229 (Simulation time: 00 hr 01 min 27 sec)
Heartbeat CPU 0 instructions: 26000131 cycles: 15917544 heartbeat IPC: 0.9137 cumulative IPC: 1.216 (Simulation time: 00 hr 01 min 39 sec)
Heartbeat CPU 0 instructions: 26500132 cycles: 16518943 heartbeat IPC: 0.8314 cumulative IPC: 1.199 (Simulation time: 00 hr 01 min 42 sec)
Heartbeat CPU 0 instructions: 27000134 cycles: 17050215 heartbeat IPC: 0.9411 cumulative IPC: 1.19 (Simulation time: 00 hr 01 min 45 sec)
Heartbeat CPU 0 instructions: 27500134 cycles: 17672013 heartbeat IPC: 0.8041 cumulative IPC: 1.174 (Simulation time: 00 hr 01 min 49 sec)
Heartbeat CPU 0 instructions: 28000134 cycles: 18285865 heartbeat IPC: 0.8145 cumulative IPC: 1.159 (Simulation time: 00 hr 01 min 52 sec)
Heartbeat CPU 0 instructions: 28500136 cycles: 18857649 heartbeat IPC: 0.8745 cumulative IPC: 1.149 (Simulation time: 00 hr 01 min 55 sec)
Heartbeat CPU 0 instructions: 29000136 cycles: 19354384 heartbeat IPC: 1.007 cumulative IPC: 1.145 (Simulation time: 00 hr 01 min 58 sec)
Heartbeat CPU 0 instructions: 29500138 cycles: 24760987 heartbeat IPC: 0.09248 cumulative IPC: 0.8863 (Simulation time: 00 hr 02 min 16 sec)
Heartbeat CPU 0 instructions: 30000138 cycles: 25692408 heartbeat IPC: 0.5368 cumulative IPC: 0.8721 (Simulation time: 00 hr 02 min 20 sec)
Heartbeat CPU 0 instructions: 30500138 cycles: 26227675 heartbeat IPC: 0.9341 cumulative IPC: 0.8735 (Simulation time: 00 hr 02 min 22 sec)
Heartbeat CPU 0 instructions: 31000140 cycles: 26953882 heartbeat IPC: 0.6885 cumulative IPC: 0.868 (Simulation time: 00 hr 17 min 56 sec)
Heartbeat CPU 0 instructions: 31500141 cycles: 27924468 heartbeat IPC: 0.5152 cumulative IPC: 0.8544 (Simulation time: 00 hr 17 min 59 sec)
Heartbeat CPU 0 instructions: 32000142 cycles: 28873521 heartbeat IPC: 0.5268 cumulative IPC: 0.8425 (Simulation time: 00 hr 18 min 02 sec)
Heartbeat CPU 0 instructions: 32500146 cycles: 29813862 heartbeat IPC: 0.5317 cumulative IPC: 0.8317 (Simulation time: 00 hr 18 min 05 sec)
Heartbeat CPU 0 instructions: 33000148 cycles: 30764632 heartbeat IPC: 0.5259 cumulative IPC: 0.8213 (Simulation time: 00 hr 18 min 08 sec)
Heartbeat CPU 0 instructions: 33500148 cycles: 31705761 heartbeat IPC: 0.5313 cumulative IPC: 0.8119 (Simulation time: 00 hr 18 min 12 sec)
Heartbeat CPU 0 instructions: 34000150 cycles: 32656664 heartbeat IPC: 0.5258 cumulative IPC: 0.8028 (Simulation time: 00 hr 18 min 15 sec)
Heartbeat CPU 0 instructions: 34500151 cycles: 33599357 heartbeat IPC: 0.5304 cumulative IPC: 0.7944 (Simulation time: 00 hr 18 min 18 sec)
Heartbeat CPU 0 instructions: 35000153 cycles: 34548274 heartbeat IPC: 0.5269 cumulative IPC: 0.7864 (Simulation time: 00 hr 18 min 21 sec)
Heartbeat CPU 0 instructions: 35500153 cycles: 35500116 heartbeat IPC: 0.5253 cumulative IPC: 0.7789 (Simulation time: 00 hr 18 min 25 sec)
Heartbeat CPU 0 instructions: 36000155 cycles: 36437357 heartbeat IPC: 0.5335 cumulative IPC: 0.772 (Simulation time: 00 hr 18 min 28 sec)
Heartbeat CPU 0 instructions: 36500156 cycles: 37385442 heartbeat IPC: 0.5274 cumulative IPC: 0.7653 (Simulation time: 00 hr 18 min 31 sec)
Heartbeat CPU 0 instructions: 37000156 cycles: 38327112 heartbeat IPC: 0.531 cumulative IPC: 0.7591 (Simulation time: 00 hr 18 min 34 sec)
Heartbeat CPU 0 instructions: 37500156 cycles: 39274596 heartbeat IPC: 0.5277 cumulative IPC: 0.7531 (Simulation time: 00 hr 18 min 37 sec)
Heartbeat CPU 0 instructions: 38000157 cycles: 40216607 heartbeat IPC: 0.5308 cumulative IPC: 0.7475 (Simulation time: 00 hr 34 min 26 sec)
Heartbeat CPU 0 instructions: 38500161 cycles: 41158990 heartbeat IPC: 0.5306 cumulative IPC: 0.7422 (Simulation time: 00 hr 34 min 29 sec)
Heartbeat CPU 0 instructions: 39000164 cycles: 42105661 heartbeat IPC: 0.5282 cumulative IPC: 0.7371 (Simulation time: 00 hr 34 min 32 sec)
Heartbeat CPU 0 instructions: 39500166 cycles: 42744365 heartbeat IPC: 0.7828 cumulative IPC: 0.7378 (Simulation time: 00 hr 34 min 34 sec)
Heartbeat CPU 0 instructions: 40000166 cycles: 43453244 heartbeat IPC: 0.7053 cumulative IPC: 0.7372 (Simulation time: 00 hr 34 min 37 sec)
Heartbeat CPU 0 instructions: 40500166 cycles: 44136685 heartbeat IPC: 0.7316 cumulative IPC: 0.7371 (Simulation time: 00 hr 34 min 39 sec)
Heartbeat CPU 0 instructions: 41000166 cycles: 44351306 heartbeat IPC: 2.33 cumulative IPC: 0.7453 (Simulation time: 00 hr 34 min 41 sec)
Heartbeat CPU 0 instructions: 41500172 cycles: 44476453 heartbeat IPC: 3.995 cumulative IPC: 0.7551 (Simulation time: 00 hr 34 min 42 sec)
Heartbeat CPU 0 instructions: 42000174 cycles: 44821458 heartbeat IPC: 1.449 cumulative IPC: 0.7608 (Simulation time: 00 hr 34 min 44 sec)
Heartbeat CPU 0 instructions: 42500177 cycles: 45104225 heartbeat IPC: 1.768 cumulative IPC: 0.7675 (Simulation time: 00 hr 34 min 46 sec)
Heartbeat CPU 0 instructions: 43000179 cycles: 45541164 heartbeat IPC: 1.144 cumulative IPC: 0.7714 (Simulation time: 00 hr 34 min 48 sec)
Heartbeat CPU 0 instructions: 43500183 cycles: 45897177 heartbeat IPC: 1.404 cumulative IPC: 0.7766 (Simulation time: 00 hr 34 min 49 sec)
Heartbeat CPU 0 instructions: 44000183 cycles: 46211134 heartbeat IPC: 1.593 cumulative IPC: 0.7825 (Simulation time: 00 hr 34 min 51 sec)
Heartbeat CPU 0 instructions: 44500186 cycles: 46550012 heartbeat IPC: 1.475 cumulative IPC: 0.7878 (Simulation time: 00 hr 34 min 53 sec)
Heartbeat CPU 0 instructions: 45000191 cycles: 46780458 heartbeat IPC: 2.17 cumulative IPC: 0.7951 (Simulation time: 00 hr 34 min 54 sec)
Heartbeat CPU 0 instructions: 45500192 cycles: 46985515 heartbeat IPC: 2.438 cumulative IPC: 0.8027 (Simulation time: 00 hr 34 min 56 sec)
Heartbeat CPU 0 instructions: 46000193 cycles: 47194668 heartbeat IPC: 2.391 cumulative IPC: 0.8102 (Simulation time: 00 hr 34 min 57 sec)
Heartbeat CPU 0 instructions: 46500194 cycles: 47515692 heartbeat IPC: 1.558 cumulative IPC: 0.8155 (Simulation time: 00 hr 34 min 59 sec)
Heartbeat CPU 0 instructions: 47000195 cycles: 47873298 heartbeat IPC: 1.398 cumulative IPC: 0.8202 (Simulation time: 00 hr 35 min 01 sec)
Heartbeat CPU 0 instructions: 47500199 cycles: 48050872 heartbeat IPC: 2.816 cumulative IPC: 0.828 (Simulation time: 00 hr 35 min 02 sec)
Heartbeat CPU 0 instructions: 48000201 cycles: 48212478 heartbeat IPC: 3.094 cumulative IPC: 0.836 (Simulation time: 00 hr 35 min 04 sec)
Heartbeat CPU 0 instructions: 48500204 cycles: 48339839 heartbeat IPC: 3.926 cumulative IPC: 0.8447 (Simulation time: 00 hr 35 min 05 sec)
Heartbeat CPU 0 instructions: 49000209 cycles: 48505697 heartbeat IPC: 3.015 cumulative IPC: 0.8525 (Simulation time: 00 hr 35 min 07 sec)
Heartbeat CPU 0 instructions: 49500211 cycles: 48690177 heartbeat IPC: 2.71 cumulative IPC: 0.86 (Simulation time: 00 hr 35 min 08 sec)
Heartbeat CPU 0 instructions: 50000211 cycles: 49575357 heartbeat IPC: 0.5649 cumulative IPC: 0.8544 (Simulation time: 00 hr 35 min 12 sec)
Heartbeat CPU 0 instructions: 50500211 cycles: 50164421 heartbeat IPC: 0.8488 cumulative IPC: 0.8543 (Simulation time: 00 hr 35 min 16 sec)
Heartbeat CPU 0 instructions: 51000212 cycles: 50670831 heartbeat IPC: 0.9873 cumulative IPC: 0.8558 (Simulation time: 00 hr 35 min 18 sec)
Heartbeat CPU 0 instructions: 51500213 cycles: 51222052 heartbeat IPC: 0.9071 cumulative IPC: 0.8563 (Simulation time: 00 hr 35 min 21 sec)
Heartbeat CPU 0 instructions: 52000213 cycles: 51733412 heartbeat IPC: 0.9778 cumulative IPC: 0.8576 (Simulation time: 00 hr 35 min 23 sec)
Heartbeat CPU 0 instructions: 52500218 cycles: 52273522 heartbeat IPC: 0.9257 cumulative IPC: 0.8583 (Simulation time: 00 hr 35 min 26 sec)
Heartbeat CPU 0 instructions: 53000220 cycles: 52774395 heartbeat IPC: 0.9983 cumulative IPC: 0.8597 (Simulation time: 00 hr 35 min 29 sec)
Heartbeat CPU 0 instructions: 53500220 cycles: 53331989 heartbeat IPC: 0.8967 cumulative IPC: 0.8602 (Simulation time: 00 hr 35 min 32 sec)
Heartbeat CPU 0 instructions: 54000220 cycles: 54030140 heartbeat IPC: 0.7162 cumulative IPC: 0.8582 (Simulation time: 00 hr 35 min 36 sec)
Heartbeat CPU 0 instructions: 54500222 cycles: 54641602 heartbeat IPC: 0.8177 cumulative IPC: 0.8577 (Simulation time: 00 hr 35 min 39 sec)
Heartbeat CPU 0 instructions: 55000222 cycles: 55280006 heartbeat IPC: 0.7832 cumulative IPC: 0.8568 (Simulation time: 00 hr 35 min 43 sec)
Heartbeat CPU 0 instructions: 55500222 cycles: 55907119 heartbeat IPC: 0.7973 cumulative IPC: 0.8561 (Simulation time: 00 hr 35 min 46 sec)
Heartbeat CPU 0 instructions: 56000227 cycles: 57745994 heartbeat IPC: 0.2719 cumulative IPC: 0.8366 (Simulation time: 00 hr 35 min 53 sec)
Heartbeat CPU 0 instructions: 56500229 cycles: 62042518 heartbeat IPC: 0.1164 cumulative IPC: 0.7844 (Simulation time: 00 hr 36 min 08 sec)
Heartbeat CPU 0 instructions: 57000230 cycles: 62600612 heartbeat IPC: 0.8959 cumulative IPC: 0.7854 (Simulation time: 00 hr 36 min 11 sec)
Heartbeat CPU 0 instructions: 57500231 cycles: 63176942 heartbeat IPC: 0.8676 cumulative IPC: 0.7862 (Simulation time: 00 hr 36 min 14 sec)
Heartbeat CPU 0 instructions: 58000231 cycles: 63673271 heartbeat IPC: 1.007 cumulative IPC: 0.788 (Simulation time: 00 hr 36 min 16 sec)
Heartbeat CPU 0 instructions: 58500233 cycles: 64238944 heartbeat IPC: 0.8839 cumulative IPC: 0.7889 (Simulation time: 00 hr 36 min 19 sec)
Heartbeat CPU 0 instructions: 59000235 cycles: 64807339 heartbeat IPC: 0.8797 cumulative IPC: 0.7897 (Simulation time: 00 hr 36 min 22 sec)
Heartbeat CPU 0 instructions: 59500237 cycles: 65385188 heartbeat IPC: 0.8653 cumulative IPC: 0.7904 (Simulation time: 00 hr 36 min 26 sec)
Simulation finished CPU 0 instructions: 50000000 cycles: 63206782 cumulative IPC: 0.7911 (Simulation time: 00 hr 36 min 29 sec)
Simulation complete CPU 0 instructions: 50000000 cycles: 63206782 cumulative IPC: 0.7911 (Simulation time: 00 hr 36 min 29 sec)

ChampSim completed all CPUs

=== Simulation ===
CPU 0 runs traces/charlie_0003.champsim.gz

Region of Interest Statistics

CPU 0 cumulative IPC: 0.7911 instructions: 50000000 cycles: 63206782
CPU 0 Branch Prediction Accuracy: 90.87% MPKI: 24.92 Average ROB Occupancy at Mispredict: 15.5
Branch type MPKI
BRANCH_DIRECT_JUMP: 1.244
BRANCH_INDIRECT: 0.2987
BRANCH_CONDITIONAL: 22.86
BRANCH_DIRECT_CALL: 0.0355
BRANCH_INDIRECT_CALL: 0.4181
BRANCH_RETURN: 0.0638

cpu0->cpu0_STLB TOTAL        ACCESS:    1052275 HIT:    1028265 MISS:      24010 MSHR_MERGE:          0
cpu0->cpu0_STLB LOAD         ACCESS:    1052275 HIT:    1028265 MISS:      24010 MSHR_MERGE:          0
cpu0->cpu0_STLB RFO          ACCESS:          0 HIT:          0 MISS:          0 MSHR_MERGE:          0
cpu0->cpu0_STLB PREFETCH     ACCESS:          0 HIT:          0 MISS:          0 MSHR_MERGE:          0
cpu0->cpu0_STLB WRITE        ACCESS:          0 HIT:          0 MISS:          0 MSHR_MERGE:          0
cpu0->cpu0_STLB TRANSLATION  ACCESS:          0 HIT:          0 MISS:          0 MSHR_MERGE:          0
cpu0->cpu0_STLB PREFETCH REQUESTED:          0 ISSUED:          0 USEFUL:          0 USELESS:          0
cpu0->cpu0_STLB AVERAGE MISS LATENCY: 264.8 cycles
cpu0->cpu0_L2C TOTAL        ACCESS:    5048270 HIT:    4586486 MISS:     461784 MSHR_MERGE:     133385
cpu0->cpu0_L2C LOAD         ACCESS:    1172437 HIT:    1095308 MISS:      77129 MSHR_MERGE:      19375
cpu0->cpu0_L2C RFO          ACCESS:      84549 HIT:      21753 MISS:      62796 MSHR_MERGE:       1384
cpu0->cpu0_L2C PREFETCH     ACCESS:    3612301 HIT:    3299815 MISS:     312486 MSHR_MERGE:     112626
cpu0->cpu0_L2C WRITE        ACCESS:     159042 HIT:     159040 MISS:          2 MSHR_MERGE:          0
cpu0->cpu0_L2C TRANSLATION  ACCESS:      19941 HIT:      10570 MISS:       9371 MSHR_MERGE:          0
cpu0->cpu0_L2C PREFETCH REQUESTED:    3362090 ISSUED:    3073100 USEFUL:     115261 USELESS:      63557
cpu0->cpu0_L2C AVERAGE MISS LATENCY: 720.8 cycles
cpu0->cpu0_L1I TOTAL        ACCESS:    2455275 HIT:    2372913 MISS:      82362 MSHR_MERGE:      19527
cpu0->cpu0_L1I LOAD         ACCESS:    2455275 HIT:    2372913 MISS:      82362 MSHR_MERGE:      19527
cpu0->cpu0_L1I RFO          ACCESS:          0 HIT:          0 MISS:          0 MSHR_MERGE:          0
cpu0->cpu0_L1I PREFETCH     ACCESS:          0 HIT:          0 MISS:          0 MSHR_MERGE:          0
cpu0->cpu0_L1I WRITE        ACCESS:          0 HIT:          0 MISS:          0 MSHR_MERGE:          0
cpu0->cpu0_L1I TRANSLATION  ACCESS:          0 HIT:          0 MISS:          0 MSHR_MERGE:          0
cpu0->cpu0_L1I PREFETCH REQUESTED:          0 ISSUED:          0 USEFUL:          0 USELESS:          0
cpu0->cpu0_L1I AVERAGE MISS LATENCY: 64.47 cycles
cpu0->cpu0_L1D TOTAL        ACCESS:   11939857 HIT:    9904562 MISS:    2035295 MSHR_MERGE:     282002
cpu0->cpu0_L1D LOAD         ACCESS:    8336759 HIT:    7110150 MISS:    1226609 MSHR_MERGE:     117007
cpu0->cpu0_L1D RFO          ACCESS:          0 HIT:          0 MISS:          0 MSHR_MERGE:          0
cpu0->cpu0_L1D PREFETCH     ACCESS:     800747 HIT:     236876 MISS:     563871 MSHR_MERGE:      24670
cpu0->cpu0_L1D WRITE        ACCESS:    2745737 HIT:    2521162 MISS:     224575 MSHR_MERGE:     140026
cpu0->cpu0_L1D TRANSLATION  ACCESS:      56614 HIT:      36374 MISS:      20240 MSHR_MERGE:        299
cpu0->cpu0_L1D PREFETCH REQUESTED:     829763 ISSUED:     800747 USEFUL:     455793 USELESS:      83409
cpu0->cpu0_L1D AVERAGE MISS LATENCY: 93.96 cycles
cpu0->cpu0_ITLB TOTAL        ACCESS:    1981163 HIT:    1973510 MISS:       7653 MSHR_MERGE:       3519
cpu0->cpu0_ITLB LOAD         ACCESS:    1981163 HIT:    1973510 MISS:       7653 MSHR_MERGE:       3519
cpu0->cpu0_ITLB RFO          ACCESS:          0 HIT:          0 MISS:          0 MSHR_MERGE:          0
cpu0->cpu0_ITLB PREFETCH     ACCESS:          0 HIT:          0 MISS:          0 MSHR_MERGE:          0
cpu0->cpu0_ITLB WRITE        ACCESS:          0 HIT:          0 MISS:          0 MSHR_MERGE:          0
cpu0->cpu0_ITLB TRANSLATION  ACCESS:          0 HIT:          0 MISS:          0 MSHR_MERGE:          0
cpu0->cpu0_ITLB PREFETCH REQUESTED:          0 ISSUED:          0 USEFUL:          0 USELESS:          0
cpu0->cpu0_ITLB AVERAGE MISS LATENCY: 77.04 cycles
cpu0->cpu0_DTLB TOTAL        ACCESS:   11363809 HIT:   10237198 MISS:    1126611 MSHR_MERGE:      78470
cpu0->cpu0_DTLB LOAD         ACCESS:   11363809 HIT:   10237198 MISS:    1126611 MSHR_MERGE:      78470
cpu0->cpu0_DTLB RFO          ACCESS:          0 HIT:          0 MISS:          0 MSHR_MERGE:          0
cpu0->cpu0_DTLB PREFETCH     ACCESS:          0 HIT:          0 MISS:          0 MSHR_MERGE:          0
cpu0->cpu0_DTLB WRITE        ACCESS:          0 HIT:          0 MISS:          0 MSHR_MERGE:          0
cpu0->cpu0_DTLB TRANSLATION  ACCESS:          0 HIT:          0 MISS:          0 MSHR_MERGE:          0
cpu0->cpu0_DTLB PREFETCH REQUESTED:          0 ISSUED:          0 USEFUL:          0 USELESS:          0
cpu0->cpu0_DTLB AVERAGE MISS LATENCY: 10.81 cycles
cpu0->LLC TOTAL        ACCESS:     459776 HIT:      25940 MISS:     433836 MSHR_MERGE:          0
cpu0->LLC LOAD         ACCESS:      57754 HIT:       4019 MISS:      53735 MSHR_MERGE:          0
cpu0->LLC RFO          ACCESS:      61412 HIT:        272 MISS:      61140 MSHR_MERGE:          0
cpu0->LLC PREFETCH     ACCESS:     199860 HIT:       3674 MISS:     196186 MSHR_MERGE:          0
cpu0->LLC WRITE        ACCESS:     131379 HIT:      16820 MISS:     114559 MSHR_MERGE:          0
cpu0->LLC TRANSLATION  ACCESS:       9371 HIT:       1155 MISS:       8216 MSHR_MERGE:          0
cpu0->LLC PREFETCH REQUESTED:          0 ISSUED:          0 USEFUL:          0 USELESS:          0
cpu0->LLC AVERAGE MISS LATENCY: 388.6 cycles

DRAM Statistics

Channel 0 RQ ROW_BUFFER_HIT:      18143
  ROW_BUFFER_MISS:     301109
  AVG DBUS CONGESTED CYCLE: 4.127
Channel 0 WQ ROW_BUFFER_HIT:      10845
  ROW_BUFFER_MISS:      92481
  FULL:          0
Channel 0 REFRESHES ISSUED:       5268
