[VMEM] WARNING: physical memory size is smaller than virtual memory size.

*** ChampSim Multicore Out-of-Order Simulator ***
Warmup Instructions: 10000000
Simulation Instructions: 50000000
Number of CPUs: 1
Page size: 4096
Core 0: traces/charlie_0001.champsim.gz
 L1D Berti prefetcher
Off-chip DRAM Size: 64 GiB Channels: 1 Width: 64-bit Data Rate: 800 MT/s
[BTB] WARNING: target of return is a lower address than the corresponding call. This is usually a problem with your trace.
[BTB] WARNING: target of return is a lower address than the corresponding call. This is usually a problem with your trace.
[BTB] WARNING: target of return is a lower address than the corresponding call. This is usually a problem with your trace.
[BTB] WARNING: target of return is a lower address than the corresponding call. This is usually a problem with your trace.
[BTB] WARNING: target of return is a lower address than the corresponding call. This is usually a problem with your trace.
[BTB] WARNING: target of return is a lower address than the corresponding call. This is usually a problem with your trace.
[BTB] WARNING: target of return is a lower address than the corresponding call. This is usually a problem with your trace.
[BTB] WARNING: target of return is a lower address than the corresponding call. This is usually a problem with your trace.
Heartbeat CPU 0 instructions: 500004 cycles: 183940 heartbeat IPC: 2.718 cumulative IPC: 2.718 (Simulation time: 00 hr 00 min 02 sec)
Heartbeat CPU 0 instructions: 1000011 cycles: 299462 heartbeat IPC: 4.328 cumulative IPC: 3.339 (Simulation time: 00 hr 00 min 03 sec)
[BTB] WARNING: target of return is a lower address than the corresponding call. This is usually a problem with your trace.
[BTB] WARNING: target of return is a lower address than the corresponding call. This is usually a problem with your trace.
Heartbeat CPU 0 instructions: 1500014 cycles: 524137 heartbeat IPC: 2.225 cumulative IPC: 2.862 (Simulation time: 00 hr 00 min 05 sec)
Heartbeat CPU 0 instructions: 2000018 cycles: 636689 heartbeat IPC: 4.442 cumulative IPC: 3.141 (Simulation time: 00 hr 00 min 06 sec)
Heartbeat CPU 0 instructions: 2500020 cycles: 750205 heartbeat IPC: 4.405 cumulative IPC: 3.332 (Simulation time: 00 hr 00 min 07 sec)
Heartbeat CPU 0 instructions: 3000024 cycles: 856964 heartbeat IPC: 4.683 cumulative IPC: 3.501 (Simulation time: 00 hr 00 min 08 sec)
Heartbeat CPU 0 instructions: 3500028 cycles: 963720 heartbeat IPC: 4.684 cumulative IPC: 3.632 (Simulation time: 00 hr 00 min 09 sec)
Heartbeat CPU 0 instructions: 4000029 cycles: 1184878 heartbeat IPC: 2.261 cumulative IPC: 3.376 (Simulation time: 00 hr 00 min 11 sec)
Heartbeat CPU 0 instructions: 4500036 cycles: 1433919 heartbeat IPC: 2.008 cumulative IPC: 3.138 (Simulation time: 00 hr 00 min 13 sec)
Heartbeat CPU 0 instructions: 5000038 cycles: 1619628 heartbeat IPC: 2.692 cumulative IPC: 3.087 (Simulation time: 00 hr 00 min 15 sec)
Heartbeat CPU 0 instructions: 5500038 cycles: 1788806 heartbeat IPC: 2.955 cumulative IPC: 3.075 (Simulation time: 00 hr 00 min 16 sec)
Heartbeat CPU 0 instructions: 6000039 cycles: 1941007 heartbeat IPC: 3.285 cumulative IPC: 3.091 (Simulation time: 00 hr 00 min 18 sec)
Heartbeat CPU 0 instructions: 6500039 cycles: 2058486 heartbeat IPC: 4.256 cumulative IPC: 3.158 (Simulation time: 00 hr 00 min 19 sec)
Heartbeat CPU 0 instructions: 7000039 cycles: 2175006 heartbeat IPC: 4.291 cumulative IPC: 3.218 (Simulation time: 00 hr 00 min 20 sec)
Heartbeat CPU 0 instructions: 7500041 cycles: 2292125 heartbeat IPC: 4.269 cumulative IPC: 3.272 (Simulation time: 00 hr 00 min 21 sec)
Heartbeat CPU 0 instructions: 8000042 cycles: 2409174 heartbeat IPC: 4.272 cumulative IPC: 3.321 (Simulation time: 00 hr 00 min 22 sec)
Heartbeat CPU 0 instructions: 8500044 cycles: 2524477 heartbeat IPC: 4.336 cumulative IPC: 3.367 (Simulation time: 00 hr 00 min 23 sec)
Heartbeat CPU 0 instructions: 9000047 cycles: 2641445 heartbeat IPC: 4.275 cumulative IPC: 3.407 (Simulation time: 00 hr 00 min 24 sec)
Heartbeat CPU 0 instructions: 9500052 cycles: 2782840 heartbeat IPC: 3.536 cumulative IPC: 3.414 (Simulation time: 00 hr 00 min 26 sec)
Warmup finished CPU 0 instructions: 10000004 cycles: 2889601 cumulative IPC: 3.461 (Simulation time: 00 hr 00 min 27 sec)
Warmup complete CPU 0 instructions: 10000004 cycles: 2889601 cumulative IPC: 3.461 (Simulation time: 00 hr 00 min 27 sec)
Heartbeat CPU 0 instructions: 10000058 cycles: 2889608 heartbeat IPC: 4.683 cumulative IPC: 7.714 (Simulation time: 00 hr 00 min 27 sec)
Heartbeat CPU 0 instructions: 10500060 cycles: 3362497 heartbeat IPC: 1.057 cumulative IPC: 1.057 (Simulation time: 00 hr 00 min 29 sec)
Heartbeat CPU 0 instructions: 11000061 cycles: 3912131 heartbeat IPC: 0.9097 cumulative IPC: 0.978 (Simulation time: 00 hr 00 min 32 sec)
Heartbeat CPU 0 instructions: 11500061 cycles: 4402338 heartbeat IPC: 1.02 cumulative IPC: 0.9916 (Simulation time: 00 hr 00 min 35 sec)
Heartbeat CPU 0 instructions: 12000068 cycles: 4869119 heartbeat IPC: 1.071 cumulative IPC: 1.01 (Simulation time: 00 hr 00 min 37 sec)
Heartbeat CPU 0 instructions: 12500069 cycles: 5365224 heartbeat IPC: 1.008 cumulative IPC: 1.01 (Simulation time: 00 hr 00 min 39 sec)
Heartbeat CPU 0 instructions: 13000070 cycles: 5882538 heartbeat IPC: 0.9665 cumulative IPC: 1.002 (Simulation time: 00 hr 00 min 42 sec)
Heartbeat CPU 0 instructions: 13500070 cycles: 6356864 heartbeat IPC: 1.054 cumulative IPC: 1.009 (Simulation time: 00 hr 00 min 45 sec)
Heartbeat CPU 0 instructions: 14000070 cycles: 6845041 heartbeat IPC: 1.024 cumulative IPC: 1.011 (Simulation time: 00 hr 00 min 47 sec)
Heartbeat CPU 0 instructions: 14500070 cycles: 7464445 heartbeat IPC: 0.8072 cumulative IPC: 0.9837 (Simulation time: 00 hr 00 min 51 sec)
Heartbeat CPU 0 instructions: 15000070 cycles: 8003934 heartbeat IPC: 0.9268 cumulative IPC: 0.9777 (Simulation time: 00 hr 00 min 54 sec)
Heartbeat CPU 0 instructions: 15500073 cycles: 8550601 heartbeat IPC: 0.9146 cumulative IPC: 0.9716 (Simulation time: 00 hr 00 min 57 sec)
Heartbeat CPU 0 instructions: 16000077 cycles: 9012538 heartbeat IPC: 1.082 cumulative IPC: 0.9799 (Simulation time: 00 hr 00 min 59 sec)
Heartbeat CPU 0 instructions: 16500077 cycles: 9570563 heartbeat IPC: 0.896 cumulative IPC: 0.9729 (Simulation time: 00 hr 01 min 02 sec)
Heartbeat CPU 0 instructions: 17000083 cycles: 11012869 heartbeat IPC: 0.3467 cumulative IPC: 0.8617 (Simulation time: 00 hr 01 min 07 sec)
Heartbeat CPU 0 instructions: 17500083 cycles: 11524316 heartbeat IPC: 0.9776 cumulative IPC: 0.8686 (Simulation time: 00 hr 01 min 10 sec)
Heartbeat CPU 0 instructions: 18000084 cycles: 11977642 heartbeat IPC: 1.103 cumulative IPC: 0.8803 (Simulation time: 00 hr 01 min 12 sec)
Heartbeat CPU 0 instructions: 18500085 cycles: 12366420 heartbeat IPC: 1.286 cumulative IPC: 0.8969 (Simulation time: 00 hr 01 min 14 sec)
Heartbeat CPU 0 instructions: 19000085 cycles: 12787685 heartbeat IPC: 1.187 cumulative IPC: 0.9093 (Simulation time: 00 hr 01 min 16 sec)
Heartbeat CPU 0 instructions: 19500092 cycles: 13113129 heartbeat IPC: 1.536 cumulative IPC: 0.9292 (Simulation time: 00 hr 01 min 18 sec)
Heartbeat CPU 0 instructions: 20000093 cycles: 13500699 heartbeat IPC: 1.29 cumulative IPC: 0.9424 (Simulation time: 00 hr 01 min 20 sec)
Heartbeat CPU 0 instructions: 20500093 cycles: 13874542 heartbeat IPC: 1.337 cumulative IPC: 0.9559 (Simulation time: 00 hr 01 min 21 sec)
Heartbeat CPU 0 instructions: 21000094 cycles: 14262071 heartbeat IPC: 1.29 cumulative IPC: 0.9673 (Simulation time: 00 hr 01 min 23 sec)
Heartbeat CPU 0 instructions: 21500094 cycles: 14652591 heartbeat IPC: 1.28 cumulative IPC: 0.9777 (Simulation time: 00 hr 01 min 25 sec)
Heartbeat CPU 0 instructions: 22000095 cycles: 14978833 heartbeat IPC: 1.533 cumulative IPC: 0.9926 (Simulation time: 00 hr 01 min 27 sec)
Heartbeat CPU 0 instructions: 22500102 cycles: 15417493 heartbeat IPC: 1.14 cumulative IPC: 0.9978 (Simulation time: 00 hr 01 min 29 sec)
Heartbeat CPU 0 instructions: 23000104 cycles: 15797215 heartbeat IPC: 1.317 cumulative IPC: 1.007 (Simulation time: 00 hr 01 min 31 sec)
Heartbeat CPU 0 instructions: 23500105 cycles: 16173090 heartbeat IPC: 1.33 cumulative IPC: 1.016 (Simulation time: 00 hr 01 min 33 sec)
Heartbeat CPU 0 instructions: 24000106 cycles: 16525760 heartbeat IPC: 1.418 cumulative IPC: 1.027 (Simulation time: 00 hr 01 min 35 sec)
Heartbeat CPU 0 instructions: 24500106 cycles: 17863505 heartbeat IPC: 0.3738 cumulative IPC: 0.9684 (Simulation time: 00 hr 01 min 40 sec)
Heartbeat CPU 0 instructions: 25000107 cycles: 19804817 heartbeat IPC: 0.2576 cumulative IPC: 0.8868 (Simulation time: 00 hr 01 min 47 sec)
Heartbeat CPU 0 instructions: 25500109 cycles: 20403592 heartbeat IPC: 0.835 cumulative IPC: 0.885 (Simulation time: 00 hr 01 min 50 sec)
Heartbeat CPU 0 instructions: 26000109 cycles: 20866734 heartbeat IPC: 1.08 cumulative IPC: 0.89 (Simulation time: 00 hr 01 min 52 sec)
Heartbeat CPU 0 instructions: 26500111 cycles: 21260248 heartbeat IPC: 1.271 cumulative IPC: 0.8982 (Simulation time: 00 hr 01 min 54 sec)
Heartbeat CPU 0 instructions: 27000114 cycles: 21668417 heartbeat IPC: 1.225 cumulative IPC: 0.9053 (Simulation time: 00 hr 01 min 56 sec)
Heartbeat CPU 0 instructions: 27500120 cycles: 21986647 heartbeat IPC: 1.571 cumulative IPC: 0.9164 (Simulation time: 00 hr 01 min 57 sec)
Heartbeat CPU 0 instructions: 28000122 cycles: 22367179 heartbeat IPC: 1.314 cumulative IPC: 0.9241 (Simulation time: 00 hr 01 min 59 sec)
Heartbeat CPU 0 instructions: 28500125 cycles: 22711871 heartbeat IPC: 1.451 cumulative IPC: 0.9333 (Simulation time: 00 hr 02 min 01 sec)
Heartbeat CPU 0 instructions: 29000127 cycles: 23077231 heartbeat IPC: 1.369 cumulative IPC: 0.9412 (Simulation time: 00 hr 02 min 03 sec)
Heartbeat CPU 0 instructions: 29500129 cycles: 23404455 heartbeat IPC: 1.528 cumulative IPC: 0.9505 (Simulation time: 00 hr 02 min 04 sec)
Heartbeat CPU 0 instructions: 30000129 cycles: 23792576 heartbeat IPC: 1.288 cumulative IPC: 0.9568 (Simulation time: 00 hr 02 min 06 sec)
Heartbeat CPU 0 instructions: 30500131 cycles: 24155917 heartbeat IPC: 1.376 cumulative IPC: 0.964 (Simulation time: 00 hr 02 min 08 sec)
Heartbeat CPU 0 instructions: 31000133 cycles: 24601033 heartbeat IPC: 1.123 cumulative IPC: 0.9672 (Simulation time: 00 hr 02 min 10 sec)
Heartbeat CPU 0 instructions: 31500134 cycles: 24962736 heartbeat IPC: 1.382 cumulative IPC: 0.974 (Simulation time: 00 hr 02 min 12 sec)
Heartbeat CPU 0 instructions: 32000136 cycles: 25330681 heartbeat IPC: 1.359 cumulative IPC: 0.9804 (Simulation time: 00 hr 02 min 14 sec)
Heartbeat CPU 0 instructions: 32500136 cycles: 25673759 heartbeat IPC: 1.457 cumulative IPC: 0.9875 (Simulation time: 00 hr 02 min 16 sec)
Heartbeat CPU 0 instructions: 33000138 cycles: 26013110 heartbeat IPC: 1.473 cumulative IPC: 0.9947 (Simulation time: 00 hr 02 min 17 sec)
Heartbeat CPU 0 instructions: 33500142 cycles: 26370723 heartbeat IPC: 1.398 cumulative IPC: 1.001 (Simulation time: 00 hr 02 min 19 sec)
Heartbeat CPU 0 instructions: 34000147 cycles: 26728255 heartbeat IPC: 1.398 cumulative IPC: 1.007 (Simulation time: 00 hr 02 min 21 sec)
Heartbeat CPU 0 instructions: 34500152 cycles: 27112994 heartbeat IPC: 1.3 cumulative IPC: 1.011 (Simulation time: 00 hr 02 min 23 sec)
Heartbeat CPU 0 instructions: 35000156 cycles: 27484658 heartbeat IPC: 1.345 cumulative IPC: 1.016 (Simulation time: 00 hr 02 min 25 sec)
Heartbeat CPU 0 instructions: 35500157 cycles: 27784758 heartbeat IPC: 1.666 cumulative IPC: 1.024 (Simulation time: 00 hr 02 min 27 sec)
Heartbeat CPU 0 instructions: 36000159 cycles: 28424245 heartbeat IPC: 0.7819 cumulative IPC: 1.018 (Simulation time: 00 hr 02 min 30 sec)
Heartbeat CPU 0 instructions: 36500159 cycles: 28773582 heartbeat IPC: 1.431 cumulative IPC: 1.024 (Simulation time: 00 hr 02 min 31 sec)
Heartbeat CPU 0 instructions: 37000163 cycles: 29228964 heartbeat IPC: 1.098 cumulative IPC: 1.025 (Simulation time: 00 hr 02 min 34 sec)
Heartbeat CPU 0 instructions: 37500166 cycles: 29587565 heartbeat IPC: 1.394 cumulative IPC: 1.03 (Simulation time: 00 hr 02 min 35 sec)
Heartbeat CPU 0 instructions: 38000167 cycles: 29947802 heartbeat IPC: 1.388 cumulative IPC: 1.035 (Simulation time: 00 hr 02 min 37 sec)
Heartbeat CPU 0 instructions: 38500167 cycles: 30277516 heartbeat IPC: 1.516 cumulative IPC: 1.041 (Simulation time: 00 hr 02 min 39 sec)
Heartbeat CPU 0 instructions: 39000171 cycles: 30798745 heartbeat IPC: 0.9593 cumulative IPC: 1.039 (Simulation time: 00 hr 02 min 42 sec)
Heartbeat CPU 0 instructions: 39500173 cycles: 31195550 heartbeat IPC: 1.26 cumulative IPC: 1.042 (Simulation time: 00 hr 02 min 44 sec)
Heartbeat CPU 0 instructions: 40000180 cycles: 31542612 heartbeat IPC: 1.441 cumulative IPC: 1.047 (Simulation time: 00 hr 02 min 45 sec)
Heartbeat CPU 0 instructions: 40500181 cycles: 31966245 heartbeat IPC: 1.18 cumulative IPC: 1.049 (Simulation time: 00 hr 02 min 48 sec)
Heartbeat CPU 0 instructions: 41000188 cycles: 32450814 heartbeat IPC: 1.032 cumulative IPC: 1.049 (Simulation time: 00 hr 02 min 50 sec)
Heartbeat CPU 0 instructions: 41500188 cycles: 32929436 heartbeat IPC: 1.045 cumulative IPC: 1.049 (Simulation time: 00 hr 02 min 53 sec)
Heartbeat CPU 0 instructions: 42000192 cycles: 33430345 heartbeat IPC: 0.9982 cumulative IPC: 1.048 (Simulation time: 00 hr 02 min 55 sec)
Heartbeat CPU 0 instructions: 42500196 cycles: 33935141 heartbeat IPC: 0.9905 cumulative IPC: 1.047 (Simulation time: 00 hr 02 min 57 sec)
Heartbeat CPU 0 instructions: 43000199 cycles: 34262234 heartbeat IPC: 1.529 cumulative IPC: 1.052 (Simulation time: 00 hr 02 min 59 sec)
Heartbeat CPU 0 instructions: 43500202 cycles: 34628782 heartbeat IPC: 1.364 cumulative IPC: 1.055 (Simulation time: 00 hr 03 min 01 sec)
Heartbeat CPU 0 instructions: 44000204 cycles: 34971901 heartbeat IPC: 1.457 cumulative IPC: 1.06 (Simulation time: 00 hr 03 min 03 sec)
Heartbeat CPU 0 instructions: 44500207 cycles: 35324412 heartbeat IPC: 1.418 cumulative IPC: 1.064 (Simulation time: 00 hr 03 min 05 sec)
Heartbeat CPU 0 instructions: 45000208 cycles: 35689862 heartbeat IPC: 1.368 cumulative IPC: 1.067 (Simulation time: 00 hr 03 min 07 sec)
Heartbeat CPU 0 instructions: 45500213 cycles: 36021819 heartbeat IPC: 1.506 cumulative IPC: 1.071 (Simulation time: 00 hr 03 min 09 sec)
Heartbeat CPU 0 instructions: 46000213 cycles: 36375306 heartbeat IPC: 1.414 cumulative IPC: 1.075 (Simulation time: 00 hr 03 min 11 sec)
Heartbeat CPU 0 instructions: 46500216 cycles: 36818471 heartbeat IPC: 1.128 cumulative IPC: 1.076 (Simulation time: 00 hr 03 min 13 sec)
Heartbeat CPU 0 instructions: 47000218 cycles: 37156517 heartbeat IPC: 1.479 cumulative IPC: 1.08 (Simulation time: 00 hr 03 min 15 sec)
Heartbeat CPU 0 instructions: 47500221 cycles: 37517847 heartbeat IPC: 1.384 cumulative IPC: 1.083 (Simulation time: 00 hr 03 min 17 sec)
Heartbeat CPU 0 instructions: 48000225 cycles: 37970422 heartbeat IPC: 1.105 cumulative IPC: 1.083 (Simulation time: 00 hr 03 min 20 sec)
Heartbeat CPU 0 instructions: 48500228 cycles: 38465048 heartbeat IPC: 1.011 cumulative IPC: 1.082 (Simulation time: 00 hr 03 min 23 sec)
Heartbeat CPU 0 instructions: 49000228 cycles: 38851256 heartbeat IPC: 1.295 cumulative IPC: 1.084 (Simulation time: 00 hr 03 min 25 sec)
Heartbeat CPU 0 instructions: 49500234 cycles: 39198881 heartbeat IPC: 1.438 cumulative IPC: 1.088 (Simulation time: 00 hr 03 min 27 sec)
Heartbeat CPU 0 instructions: 50000234 cycles: 39483871 heartbeat IPC: 1.754 cumulative IPC: 1.093 (Simulation time: 00 hr 03 min 28 sec)
Heartbeat CPU 0 instructions: 50500241 cycles: 39865721 heartbeat IPC: 1.309 cumulative IPC: 1.095 (Simulation time: 00 hr 03 min 30 sec)
Heartbeat CPU 0 instructions: 51000241 cycles: 40234845 heartbeat IPC: 1.355 cumulative IPC: 1.098 (Simulation time: 00 hr 03 min 32 sec)
Heartbeat CPU 0 instructions: 51500247 cycles: 40575769 heartbeat IPC: 1.467 cumulative IPC: 1.101 (Simulation time: 00 hr 03 min 34 sec)
Heartbeat CPU 0 instructions: 52000250 cycles: 40889463 heartbeat IPC: 1.594 cumulative IPC: 1.105 (Simulation time: 00 hr 03 min 36 sec)
Heartbeat CPU 0 instructions: 52500254 cycles: 41281284 heartbeat IPC: 1.276 cumulative IPC: 1.107 (Simulation time: 00 hr 03 min 38 sec)
Heartbeat CPU 0 instructions: 53000258 cycles: 41658674 heartbeat IPC: 1.325 cumulative IPC: 1.109 (Simulation time: 00 hr 03 min 40 sec)
Heartbeat CPU 0 instructions: 53500263 cycles: 41992181 heartbeat IPC: 1.499 cumulative IPC: 1.112 (Simulation time: 00 hr 03 min 42 sec)
Heartbeat CPU 0 instructions: 54000265 cycles: 42316806 heartbeat IPC: 1.54 cumulative IPC: 1.116 (Simulation time: 00 hr 03 min 44 sec)
Heartbeat CPU 0 instructions: 54500265 cycles: 42623942 heartbeat IPC: 1.628 cumulative IPC: 1.12 (Simulation time: 00 hr 03 min 46 sec)
Heartbeat CPU 0 instructions: 55000267 cycles: 43882682 heartbeat IPC: 0.3972 cumulative IPC: 1.098 (Simulation time: 00 hr 03 min 51 sec)
Heartbeat CPU 0 instructions: 55500269 cycles: 44260566 heartbeat IPC: 1.323 cumulative IPC: 1.1 (Simulation time: 00 hr 03 min 53 sec)
Heartbeat CPU 0 instructions: 56000274 cycles: 44714947 heartbeat IPC: 1.1 cumulative IPC: 1.1 (Simulation time: 00 hr 03 min 55 sec)
Heartbeat CPU 0 instructions: 56500274 cycles: 45150947 heartbeat IPC: 1.147 cumulative IPC: 1.1 (Simulation time: 00 hr 03 min 57 sec)
Heartbeat CPU 0 instructions: 57000277 cycles: 45541241 heartbeat IPC: 1.281 cumulative IPC: 1.102 (Simulation time: 00 hr 03 min 59 sec)
Heartbeat CPU 0 instructions: 57500277 cycles: 45813006 heartbeat IPC: 1.84 cumulative IPC: 1.107 (Simulation time: 00 hr 04 min 01 sec)
Heartbeat CPU 0 instructions: 58000283 cycles: 46120999 heartbeat IPC: 1.623 cumulative IPC: 1.11 (Simulation time: 00 hr 04 min 03 sec)
Heartbeat CPU 0 instructions: 58500284 cycles: 46418951 heartbeat IPC: 1.678 cumulative IPC: 1.114 (Simulation time: 00 hr 04 min 04 sec)
Heartbeat CPU 0 instructions: 59000285 cycles: 46804588 heartbeat IPC: 1.297 cumulative IPC: 1.116 (Simulation time: 00 hr 04 min 07 sec)
Heartbeat CPU 0 instructions: 59500286 cycles: 47191228 heartbeat IPC: 1.293 cumulative IPC: 1.117 (Simulation time: 00 hr 04 min 09 sec)
Simulation finished CPU 0 instructions: 50000003 cycles: 44668881 cumulative IPC: 1.119 (Simulation time: 00 hr 04 min 11 sec)
Simulation complete CPU 0 instructions: 50000003 cycles: 44668881 cumulative IPC: 1.119 (Simulation time: 00 hr 04 min 11 sec)

ChampSim completed all CPUs

=== Simulation ===
CPU 0 runs traces/charlie_0001.champsim.gz

Region of Interest Statistics

CPU 0 cumulative IPC: 1.119 instructions: 50000003 cycles: 44668881
CPU 0 Branch Prediction Accuracy: 92.35% MPKI: 14.31 Average ROB Occupancy at Mispredict: 34.09
Branch type MPKI
BRANCH_DIRECT_JUMP: 0.1544
BRANCH_INDIRECT: 0.5093
BRANCH_CONDITIONAL: 13.03
BRANCH_DIRECT_CALL: 0.03448
BRANCH_INDIRECT_CALL: 0.4799
BRANCH_RETURN: 0.09466

cpu0->cpu0_STLB TOTAL        ACCESS:      72614 HIT:      59749 MISS:      12865 MSHR_MERGE:          0
cpu0->cpu0_STLB LOAD         ACCESS:      72614 HIT:      59749 MISS:      12865 MSHR_MERGE:          0
cpu0->cpu0_STLB RFO          ACCESS:          0 HIT:          0 MISS:          0 MSHR_MERGE:          0
cpu0->cpu0_STLB PREFETCH     ACCESS:          0 HIT:          0 MISS:          0 MSHR_MERGE:          0
cpu0->cpu0_STLB WRITE        ACCESS:          0 HIT:          0 MISS:          0 MSHR_MERGE:          0
cpu0->cpu0_STLB TRANSLATION  ACCESS:          0 HIT:          0 MISS:          0 MSHR_MERGE:          0
cpu0->cpu0_STLB PREFETCH REQUESTED:          0 ISSUED:          0 USEFUL:          0 USELESS:          0
cpu0->cpu0_STLB AVERAGE MISS LATENCY: 394.2 cycles
cpu0->cpu0_L2C TOTAL        ACCESS:    2895913 HIT:    2307964 MISS:     587949 MSHR_MERGE:     258077
cpu0->cpu0_L2C LOAD         ACCESS:     349740 HIT:     310542 MISS:      39198 MSHR_MERGE:      15966
cpu0->cpu0_L2C RFO          ACCESS:     117162 HIT:      41925 MISS:      75237 MSHR_MERGE:       5788
cpu0->cpu0_L2C PREFETCH     ACCESS:    2182311 HIT:    1716673 MISS:     465638 MSHR_MERGE:     236323
cpu0->cpu0_L2C WRITE        ACCESS:     234327 HIT:     234322 MISS:          5 MSHR_MERGE:          0
cpu0->cpu0_L2C TRANSLATION  ACCESS:      12373 HIT:       4502 MISS:       7871 MSHR_MERGE:          0
cpu0->cpu0_L2C PREFETCH REQUESTED:    2107955 ISSUED:    1961980 USEFUL:     179247 USELESS:      30059
cpu0->cpu0_L2C AVERAGE MISS LATENCY: 721.4 cycles
cpu0->cpu0_L1I TOTAL        ACCESS:    2882003 HIT:    2623245 MISS:     258758 MSHR_MERGE:      66656
cpu0->cpu0_L1I LOAD         ACCESS:    2882003 HIT:    2623245 MISS:     258758 MSHR_MERGE:      66656
cpu0->cpu0_L1I RFO          ACCESS:          0 HIT:          0 MISS:          0 MSHR_MERGE:          0
cpu0->cpu0_L1I PREFETCH     ACCESS:          0 HIT:          0 MISS:          0 MSHR_MERGE:          0
cpu0->cpu0_L1I WRITE        ACCESS:          0 HIT:          0 MISS:          0 MSHR_MERGE:          0
cpu0->cpu0_L1I TRANSLATION  ACCESS:          0 HIT:          0 MISS:          0 MSHR_MERGE:          0
cpu0->cpu0_L1I PREFETCH REQUESTED:          0 ISSUED:          0 USEFUL:          0 USELESS:          0
cpu0->cpu0_L1I AVERAGE MISS LATENCY: 22.12 cycles
cpu0->cpu0_L1D TOTAL        ACCESS:   14323083 HIT:   13321381 MISS:    1001702 MSHR_MERGE:     494193
cpu0->cpu0_L1D LOAD         ACCESS:    8495746 HIT:    8277806 MISS:     217940 MSHR_MERGE:      60302
cpu0->cpu0_L1D RFO          ACCESS:          0 HIT:          0 MISS:          0 MSHR_MERGE:          0
cpu0->cpu0_L1D PREFETCH     ACCESS:     331233 HIT:      97743 MISS:     233490 MSHR_MERGE:      13156
cpu0->cpu0_L1D WRITE        ACCESS:    5463601 HIT:    4925947 MISS:     537654 MSHR_MERGE:     420490
cpu0->cpu0_L1D TRANSLATION  ACCESS:      32503 HIT:      19885 MISS:      12618 MSHR_MERGE:        245
cpu0->cpu0_L1D PREFETCH REQUESTED:     347447 ISSUED:     331226 USEFUL:     175993 USELESS:      44386
cpu0->cpu0_L1D AVERAGE MISS LATENCY: 304 cycles
cpu0->cpu0_ITLB TOTAL        ACCESS:    2349950 HIT:    2327731 MISS:      22219 MSHR_MERGE:      11081
cpu0->cpu0_ITLB LOAD         ACCESS:    2349950 HIT:    2327731 MISS:      22219 MSHR_MERGE:      11081
cpu0->cpu0_ITLB RFO          ACCESS:          0 HIT:          0 MISS:          0 MSHR_MERGE:          0
cpu0->cpu0_ITLB PREFETCH     ACCESS:          0 HIT:          0 MISS:          0 MSHR_MERGE:          0
cpu0->cpu0_ITLB WRITE        ACCESS:          0 HIT:          0 MISS:          0 MSHR_MERGE:          0
cpu0->cpu0_ITLB TRANSLATION  ACCESS:          0 HIT:          0 MISS:          0 MSHR_MERGE:          0
cpu0->cpu0_ITLB PREFETCH REQUESTED:          0 ISSUED:          0 USEFUL:          0 USELESS:          0
cpu0->cpu0_ITLB AVERAGE MISS LATENCY: 29.64 cycles
cpu0->cpu0_DTLB TOTAL        ACCESS:   13488575 HIT:   13378403 MISS:     110172 MSHR_MERGE:      48696
cpu0->cpu0_DTLB LOAD         ACCESS:   13488575 HIT:   13378403 MISS:     110172 MSHR_MERGE:      48696
cpu0->cpu0_DTLB RFO          ACCESS:          0 HIT:          0 MISS:          0 MSHR_MERGE:          0
cpu0->cpu0_DTLB PREFETCH     ACCESS:          0 HIT:          0 MISS:          0 MSHR_MERGE:          0
cpu0->cpu0_DTLB WRITE        ACCESS:          0 HIT:          0 MISS:          0 MSHR_MERGE:          0
cpu0->cpu0_DTLB TRANSLATION  ACCESS:          0 HIT:          0 MISS:          0 MSHR_MERGE:          0
cpu0->cpu0_DTLB PREFETCH REQUESTED:          0 ISSUED:          0 USEFUL:          0 USELESS:          0
cpu0->cpu0_DTLB AVERAGE MISS LATENCY: 83.24 cycles
cpu0->LLC TOTAL        ACCESS:     531240 HIT:      30928 MISS:     500312 MSHR_MERGE:          0
cpu0->LLC LOAD         ACCESS:      23232 HIT:       2917 MISS:      20315 MSHR_MERGE:          0
cpu0->LLC RFO          ACCESS:      69449 HIT:        504 MISS:      68945 MSHR_MERGE:          0
cpu0->LLC PREFETCH     ACCESS:     229315 HIT:       5079 MISS:     224236 MSHR_MERGE:          0
cpu0->LLC WRITE        ACCESS:     201373 HIT:      21114 MISS:     180259 MSHR_MERGE:          0
cpu0->LLC TRANSLATION  ACCESS:       7871 HIT:       1314 MISS:       6557 MSHR_MERGE:          0
cpu0->LLC PREFETCH REQUESTED:          0 ISSUED:          0 USEFUL:          0 USELESS:          0
cpu0->LLC AVERAGE MISS LATENCY: 272.7 cycles

DRAM Statistics

Channel 0 RQ ROW_BUFFER_HIT:      12593
  ROW_BUFFER_MISS:     307459
  AVG DBUS CONGESTED CYCLE: 4.167
Channel 0 WQ ROW_BUFFER_HIT:      21350
  ROW_BUFFER_MISS:     172509
  FULL:         28
Channel 0 REFRESHES ISSUED:       3723
