[VMEM] WARNING: physical memory size is smaller than virtual memory size.

*** ChampSim Multicore Out-of-Order Simulator ***
Warmup Instructions: 10000000
Simulation Instructions: 50000000
Number of CPUs: 1
Page size: 4096
Core 0: traces/sssp-10.trace.gz
 L1D Berti prefetcher
Off-chip DRAM Size: 64 GiB Channels: 1 Width: 64-bit Data Rate: 800 MT/s
Heartbeat CPU 0 instructions: 500004 cycles: 182444 heartbeat IPC: 2.741 cumulative IPC: 2.741 (Simulation time: 00 hr 00 min 01 sec)
Heartbeat CPU 0 instructions: 1000004 cycles: 359765 heartbeat IPC: 2.82 cumulative IPC: 2.78 (Simulation time: 00 hr 00 min 02 sec)
Heartbeat CPU 0 instructions: 1500010 cycles: 511915 heartbeat IPC: 3.286 cumulative IPC: 2.93 (Simulation time: 00 hr 00 min 03 sec)
Heartbeat CPU 0 instructions: 2000015 cycles: 613783 heartbeat IPC: 4.908 cumulative IPC: 3.259 (Simulation time: 00 hr 00 min 04 sec)
Heartbeat CPU 0 instructions: 2500017 cycles: 719220 heartbeat IPC: 4.742 cumulative IPC: 3.476 (Simulation time: 00 hr 00 min 05 sec)
Heartbeat CPU 0 instructions: 3000022 cycles: 826569 heartbeat IPC: 4.658 cumulative IPC: 3.629 (Simulation time: 00 hr 00 min 07 sec)
Heartbeat CPU 0 instructions: 3500029 cycles: 933208 heartbeat IPC: 4.689 cumulative IPC: 3.751 (Simulation time: 00 hr 00 min 08 sec)
Heartbeat CPU 0 instructions: 4000031 cycles: 1039844 heartbeat IPC: 4.689 cumulative IPC: 3.847 (Simulation time: 00 hr 00 min 09 sec)
Heartbeat CPU 0 instructions: 4500034 cycles: 1148347 heartbeat IPC: 4.608 cumulative IPC: 3.919 (Simulation time: 00 hr 00 min 10 sec)
Heartbeat CPU 0 instructions: 5000038 cycles: 1254324 heartbeat IPC: 4.718 cumulative IPC: 3.986 (Simulation time: 00 hr 00 min 11 sec)
Heartbeat CPU 0 instructions: 5500039 cycles: 1361032 heartbeat IPC: 4.686 cumulative IPC: 4.041 (Simulation time: 00 hr 00 min 12 sec)
Heartbeat CPU 0 instructions: 6000043 cycles: 1468709 heartbeat IPC: 4.644 cumulative IPC: 4.085 (Simulation time: 00 hr 00 min 13 sec)
Heartbeat CPU 0 instructions: 6500048 cycles: 1575261 heartbeat IPC: 4.693 cumulative IPC: 4.126 (Simulation time: 00 hr 00 min 14 sec)
Heartbeat CPU 0 instructions: 7000053 cycles: 1685078 heartbeat IPC: 4.553 cumulative IPC: 4.154 (Simulation time: 00 hr 00 min 16 sec)
Heartbeat CPU 0 instructions: 7500059 cycles: 1792787 heartbeat IPC: 4.642 cumulative IPC: 4.183 (Simulation time: 00 hr 00 min 17 sec)
Heartbeat CPU 0 instructions: 8000062 cycles: 1899457 heartbeat IPC: 4.687 cumulative IPC: 4.212 (Simulation time: 00 hr 00 min 18 sec)
Heartbeat CPU 0 instructions: 8500062 cycles: 2004613 heartbeat IPC: 4.755 cumulative IPC: 4.24 (Simulation time: 00 hr 00 min 19 sec)
Heartbeat CPU 0 instructions: 9000064 cycles: 2109735 heartbeat IPC: 4.756 cumulative IPC: 4.266 (Simulation time: 00 hr 00 min 20 sec)
Heartbeat CPU 0 instructions: 9500071 cycles: 2216859 heartbeat IPC: 4.668 cumulative IPC: 4.285 (Simulation time: 00 hr 00 min 21 sec)
Warmup finished CPU 0 instructions: 10000007 cycles: 2322367 cumulative IPC: 4.306 (Simulation time: 00 hr 00 min 23 sec)
Warmup complete CPU 0 instructions: 10000007 cycles: 2322367 cumulative IPC: 4.306 (Simulation time: 00 hr 00 min 23 sec)
Heartbeat CPU 0 instructions: 10000071 cycles: 2322413 heartbeat IPC: 4.737 cumulative IPC: 1.391 (Simulation time: 00 hr 00 min 23 sec)
Heartbeat CPU 0 instructions: 10500072 cycles: 3824417 heartbeat IPC: 0.3329 cumulative IPC: 0.3329 (Simulation time: 00 hr 00 min 28 sec)
Heartbeat CPU 0 instructions: 11000072 cycles: 4985948 heartbeat IPC: 0.4305 cumulative IPC: 0.3755 (Simulation time: 00 hr 00 min 32 sec)
Heartbeat CPU 0 instructions: 11500077 cycles: 6256853 heartbeat IPC: 0.3934 cumulative IPC: 0.3813 (Simulation time: 00 hr 00 min 37 sec)
Heartbeat CPU 0 instructions: 12000078 cycles: 7790988 heartbeat IPC: 0.3259 cumulative IPC: 0.3657 (Simulation time: 00 hr 00 min 42 sec)
Heartbeat CPU 0 instructions: 12500085 cycles: 9634643 heartbeat IPC: 0.2712 cumulative IPC: 0.3419 (Simulation time: 00 hr 00 min 48 sec)
Heartbeat CPU 0 instructions: 13000092 cycles: 11162734 heartbeat IPC: 0.3272 cumulative IPC: 0.3394 (Simulation time: 00 hr 00 min 53 sec)
Heartbeat CPU 0 instructions: 13500093 cycles: 12363535 heartbeat IPC: 0.4164 cumulative IPC: 0.3486 (Simulation time: 00 hr 00 min 58 sec)
Heartbeat CPU 0 instructions: 14000097 cycles: 13999105 heartbeat IPC: 0.3057 cumulative IPC: 0.3426 (Simulation time: 00 hr 01 min 03 sec)
Heartbeat CPU 0 instructions: 14500103 cycles: 15296268 heartbeat IPC: 0.3855 cumulative IPC: 0.3469 (Simulation time: 00 hr 01 min 08 sec)
Heartbeat CPU 0 instructions: 15000103 cycles: 16520310 heartbeat IPC: 0.4085 cumulative IPC: 0.3522 (Simulation time: 00 hr 01 min 13 sec)
Heartbeat CPU 0 instructions: 15500106 cycles: 18160898 heartbeat IPC: 0.3048 cumulative IPC: 0.3473 (Simulation time: 00 hr 01 min 18 sec)
Heartbeat CPU 0 instructions: 16000106 cycles: 19738477 heartbeat IPC: 0.3169 cumulative IPC: 0.3445 (Simulation time: 00 hr 01 min 24 sec)
Heartbeat CPU 0 instructions: 16500109 cycles: 20993988 heartbeat IPC: 0.3982 cumulative IPC: 0.3481 (Simulation time: 00 hr 01 min 28 sec)
Heartbeat CPU 0 instructions: 17000113 cycles: 22454489 heartbeat IPC: 0.3424 cumulative IPC: 0.3477 (Simulation time: 00 hr 01 min 34 sec)
Heartbeat CPU 0 instructions: 17500113 cycles: 23768372 heartbeat IPC: 0.3806 cumulative IPC: 0.3497 (Simulation time: 00 hr 01 min 38 sec)
Heartbeat CPU 0 instructions: 18000115 cycles: 25013843 heartbeat IPC: 0.4015 cumulative IPC: 0.3526 (Simulation time: 00 hr 01 min 43 sec)
Heartbeat CPU 0 instructions: 18500118 cycles: 26250576 heartbeat IPC: 0.4043 cumulative IPC: 0.3552 (Simulation time: 00 hr 01 min 48 sec)
Heartbeat CPU 0 instructions: 19000124 cycles: 27549610 heartbeat IPC: 0.3849 cumulative IPC: 0.3568 (Simulation time: 00 hr 01 min 53 sec)
Heartbeat CPU 0 instructions: 19500125 cycles: 29008557 heartbeat IPC: 0.3427 cumulative IPC: 0.356 (Simulation time: 00 hr 01 min 58 sec)
Heartbeat CPU 0 instructions: 20000125 cycles: 30584996 heartbeat IPC: 0.3172 cumulative IPC: 0.3538 (Simulation time: 00 hr 02 min 04 sec)
Heartbeat CPU 0 instructions: 20500131 cycles: 31868046 heartbeat IPC: 0.3897 cumulative IPC: 0.3554 (Simulation time: 00 hr 02 min 08 sec)
Heartbeat CPU 0 instructions: 21000132 cycles: 33500907 heartbeat IPC: 0.3062 cumulative IPC: 0.3528 (Simulation time: 00 hr 02 min 14 sec)
Heartbeat CPU 0 instructions: 21500135 cycles: 34793647 heartbeat IPC: 0.3868 cumulative IPC: 0.3542 (Simulation time: 00 hr 02 min 19 sec)
Heartbeat CPU 0 instructions: 22000137 cycles: 36257772 heartbeat IPC: 0.3415 cumulative IPC: 0.3536 (Simulation time: 00 hr 02 min 25 sec)
Heartbeat CPU 0 instructions: 22500144 cycles: 37758000 heartbeat IPC: 0.3333 cumulative IPC: 0.3528 (Simulation time: 00 hr 02 min 30 sec)
Heartbeat CPU 0 instructions: 23000144 cycles: 39174273 heartbeat IPC: 0.353 cumulative IPC: 0.3528 (Simulation time: 00 hr 02 min 35 sec)
Heartbeat CPU 0 instructions: 23500147 cycles: 40436006 heartbeat IPC: 0.3963 cumulative IPC: 0.3542 (Simulation time: 00 hr 02 min 40 sec)
Heartbeat CPU 0 instructions: 24000151 cycles: 41601527 heartbeat IPC: 0.429 cumulative IPC: 0.3564 (Simulation time: 00 hr 02 min 44 sec)
Heartbeat CPU 0 instructions: 24500152 cycles: 42861345 heartbeat IPC: 0.3969 cumulative IPC: 0.3577 (Simulation time: 00 hr 02 min 49 sec)
Heartbeat CPU 0 instructions: 25000154 cycles: 43991032 heartbeat IPC: 0.4426 cumulative IPC: 0.36 (Simulation time: 00 hr 02 min 53 sec)
Heartbeat CPU 0 instructions: 25500156 cycles: 45304815 heartbeat IPC: 0.3806 cumulative IPC: 0.3606 (Simulation time: 00 hr 02 min 58 sec)
Heartbeat CPU 0 instructions: 26000158 cycles: 46829418 heartbeat IPC: 0.328 cumulative IPC: 0.3595 (Simulation time: 00 hr 03 min 04 sec)
Heartbeat CPU 0 instructions: 26500160 cycles: 48100452 heartbeat IPC: 0.3934 cumulative IPC: 0.3604 (Simulation time: 00 hr 03 min 09 sec)
Heartbeat CPU 0 instructions: 27000164 cycles: 49451012 heartbeat IPC: 0.3702 cumulative IPC: 0.3607 (Simulation time: 00 hr 03 min 14 sec)
Heartbeat CPU 0 instructions: 27500169 cycles: 50617678 heartbeat IPC: 0.4286 cumulative IPC: 0.3624 (Simulation time: 00 hr 03 min 18 sec)
Heartbeat CPU 0 instructions: 28000170 cycles: 51856518 heartbeat IPC: 0.4036 cumulative IPC: 0.3634 (Simulation time: 00 hr 03 min 23 sec)
Heartbeat CPU 0 instructions: 28500170 cycles: 53309056 heartbeat IPC: 0.3442 cumulative IPC: 0.3628 (Simulation time: 00 hr 03 min 28 sec)
Heartbeat CPU 0 instructions: 29000177 cycles: 54549873 heartbeat IPC: 0.403 cumulative IPC: 0.3638 (Simulation time: 00 hr 03 min 33 sec)
Heartbeat CPU 0 instructions: 29500179 cycles: 56131682 heartbeat IPC: 0.3161 cumulative IPC: 0.3624 (Simulation time: 00 hr 03 min 39 sec)
Heartbeat CPU 0 instructions: 30000184 cycles: 57458992 heartbeat IPC: 0.3767 cumulative IPC: 0.3627 (Simulation time: 00 hr 03 min 44 sec)
Heartbeat CPU 0 instructions: 30500184 cycles: 58600241 heartbeat IPC: 0.4381 cumulative IPC: 0.3643 (Simulation time: 00 hr 03 min 48 sec)
Heartbeat CPU 0 instructions: 31000188 cycles: 59746675 heartbeat IPC: 0.4361 cumulative IPC: 0.3657 (Simulation time: 00 hr 03 min 53 sec)
Heartbeat CPU 0 instructions: 31500188 cycles: 61055992 heartbeat IPC: 0.3819 cumulative IPC: 0.3661 (Simulation time: 00 hr 03 min 58 sec)
Heartbeat CPU 0 instructions: 32000190 cycles: 62322431 heartbeat IPC: 0.3948 cumulative IPC: 0.3667 (Simulation time: 00 hr 04 min 02 sec)
Heartbeat CPU 0 instructions: 32500191 cycles: 63656736 heartbeat IPC: 0.3747 cumulative IPC: 0.3668 (Simulation time: 00 hr 04 min 08 sec)
Heartbeat CPU 0 instructions: 33000193 cycles: 64888764 heartbeat IPC: 0.4058 cumulative IPC: 0.3676 (Simulation time: 00 hr 04 min 12 sec)
Heartbeat CPU 0 instructions: 33500194 cycles: 66237259 heartbeat IPC: 0.3708 cumulative IPC: 0.3677 (Simulation time: 00 hr 04 min 18 sec)
Heartbeat CPU 0 instructions: 34000194 cycles: 67363129 heartbeat IPC: 0.4441 cumulative IPC: 0.369 (Simulation time: 00 hr 04 min 22 sec)
Heartbeat CPU 0 instructions: 34500195 cycles: 68502889 heartbeat IPC: 0.4387 cumulative IPC: 0.3702 (Simulation time: 00 hr 04 min 26 sec)
Heartbeat CPU 0 instructions: 35000196 cycles: 69921712 heartbeat IPC: 0.3524 cumulative IPC: 0.3698 (Simulation time: 00 hr 04 min 32 sec)
Heartbeat CPU 0 instructions: 35500203 cycles: 71078676 heartbeat IPC: 0.4322 cumulative IPC: 0.3709 (Simulation time: 00 hr 04 min 37 sec)
Heartbeat CPU 0 instructions: 36000204 cycles: 72236098 heartbeat IPC: 0.432 cumulative IPC: 0.3719 (Simulation time: 00 hr 04 min 41 sec)
Heartbeat CPU 0 instructions: 36500206 cycles: 73862765 heartbeat IPC: 0.3074 cumulative IPC: 0.3704 (Simulation time: 00 hr 04 min 47 sec)
Heartbeat CPU 0 instructions: 37000208 cycles: 75206988 heartbeat IPC: 0.372 cumulative IPC: 0.3705 (Simulation time: 00 hr 04 min 52 sec)
Heartbeat CPU 0 instructions: 37500210 cycles: 76410217 heartbeat IPC: 0.4156 cumulative IPC: 0.3712 (Simulation time: 00 hr 04 min 57 sec)
Heartbeat CPU 0 instructions: 38000212 cycles: 77830312 heartbeat IPC: 0.3521 cumulative IPC: 0.3708 (Simulation time: 00 hr 05 min 02 sec)
Heartbeat CPU 0 instructions: 38500215 cycles: 79205554 heartbeat IPC: 0.3636 cumulative IPC: 0.3707 (Simulation time: 00 hr 05 min 08 sec)
Heartbeat CPU 0 instructions: 39000221 cycles: 80690692 heartbeat IPC: 0.3367 cumulative IPC: 0.3701 (Simulation time: 00 hr 05 min 13 sec)
Heartbeat CPU 0 instructions: 39500226 cycles: 81838153 heartbeat IPC: 0.4357 cumulative IPC: 0.371 (Simulation time: 00 hr 05 min 18 sec)
Heartbeat CPU 0 instructions: 40000231 cycles: 82986203 heartbeat IPC: 0.4355 cumulative IPC: 0.3719 (Simulation time: 00 hr 05 min 22 sec)
Heartbeat CPU 0 instructions: 40500232 cycles: 84101697 heartbeat IPC: 0.4482 cumulative IPC: 0.373 (Simulation time: 00 hr 05 min 27 sec)
Heartbeat CPU 0 instructions: 41000232 cycles: 85423091 heartbeat IPC: 0.3784 cumulative IPC: 0.373 (Simulation time: 00 hr 05 min 32 sec)
Heartbeat CPU 0 instructions: 41500232 cycles: 86765103 heartbeat IPC: 0.3726 cumulative IPC: 0.373 (Simulation time: 00 hr 05 min 37 sec)
Heartbeat CPU 0 instructions: 42000236 cycles: 87922764 heartbeat IPC: 0.4319 cumulative IPC: 0.3738 (Simulation time: 00 hr 05 min 42 sec)
Heartbeat CPU 0 instructions: 42500236 cycles: 89146169 heartbeat IPC: 0.4087 cumulative IPC: 0.3743 (Simulation time: 00 hr 05 min 47 sec)
Heartbeat CPU 0 instructions: 43000241 cycles: 90461555 heartbeat IPC: 0.3801 cumulative IPC: 0.3744 (Simulation time: 00 hr 05 min 52 sec)
Heartbeat CPU 0 instructions: 43500248 cycles: 91769467 heartbeat IPC: 0.3823 cumulative IPC: 0.3745 (Simulation time: 00 hr 05 min 57 sec)
Heartbeat CPU 0 instructions: 44000254 cycles: 93048046 heartbeat IPC: 0.3911 cumulative IPC: 0.3748 (Simulation time: 00 hr 06 min 02 sec)
Heartbeat CPU 0 instructions: 44500254 cycles: 94460125 heartbeat IPC: 0.3541 cumulative IPC: 0.3744 (Simulation time: 00 hr 06 min 07 sec)
Heartbeat CPU 0 instructions: 45000260 cycles: 95658695 heartbeat IPC: 0.4172 cumulative IPC: 0.375 (Simulation time: 00 hr 06 min 12 sec)
Heartbeat CPU 0 instructions: 45500260 cycles: 96920161 heartbeat IPC: 0.3964 cumulative IPC: 0.3753 (Simulation time: 00 hr 06 min 17 sec)
Heartbeat CPU 0 instructions: 46000267 cycles: 98232049 heartbeat IPC: 0.3811 cumulative IPC: 0.3754 (Simulation time: 00 hr 06 min 22 sec)
Heartbeat CPU 0 instructions: 46500269 cycles: 99610179 heartbeat IPC: 0.3628 cumulative IPC: 0.3752 (Simulation time: 00 hr 06 min 28 sec)
Heartbeat CPU 0 instructions: 47000273 cycles: 101116082 heartbeat IPC: 0.332 cumulative IPC: 0.3745 (Simulation time: 00 hr 06 min 34 sec)
Heartbeat CPU 0 instructions: 47500273 cycles: 102417378 heartbeat IPC: 0.3842 cumulative IPC: 0.3746 (Simulation time: 00 hr 06 min 39 sec)
Heartbeat CPU 0 instructions: 48000273 cycles: 103637238 heartbeat IPC: 0.4099 cumulative IPC: 0.3751 (Simulation time: 00 hr 06 min 44 sec)
Heartbeat CPU 0 instructions: 48500274 cycles: 104894394 heartbeat IPC: 0.3977 cumulative IPC: 0.3753 (Simulation time: 00 hr 06 min 49 sec)
Heartbeat CPU 0 instructions: 49000274 cycles: 106017690 heartbeat IPC: 0.4451 cumulative IPC: 0.3761 (Simulation time: 00 hr 06 min 54 sec)
Heartbeat CPU 0 instructions: 49500278 cycles: 107212355 heartbeat IPC: 0.4185 cumulative IPC: 0.3766 (Simulation time: 00 hr 06 min 59 sec)
Heartbeat CPU 0 instructions: 50000283 cycles: 108301835 heartbeat IPC: 0.4589 cumulative IPC: 0.3774 (Simulation time: 00 hr 07 min 03 sec)
Heartbeat CPU 0 instructions: 50500285 cycles: 109663058 heartbeat IPC: 0.3673 cumulative IPC: 0.3773 (Simulation time: 00 hr 07 min 08 sec)
Heartbeat CPU 0 instructions: 51000292 cycles: 110919875 heartbeat IPC: 0.3978 cumulative IPC: 0.3775 (Simulation time: 00 hr 07 min 13 sec)
Heartbeat CPU 0 instructions: 51500293 cycles: 112147985 heartbeat IPC: 0.4071 cumulative IPC: 0.3779 (Simulation time: 00 hr 07 min 18 sec)
Heartbeat CPU 0 instructions: 52000294 cycles: 113491214 heartbeat IPC: 0.3722 cumulative IPC: 0.3778 (Simulation time: 00 hr 07 min 24 sec)
Heartbeat CPU 0 instructions: 52500298 cycles: 114802425 heartbeat IPC: 0.3813 cumulative IPC: 0.3778 (Simulation time: 00 hr 07 min 29 sec)
Heartbeat CPU 0 instructions: 53000303 cycles: 116107846 heartbeat IPC: 0.383 cumulative IPC: 0.3779 (Simulation time: 00 hr 07 min 34 sec)
Heartbeat CPU 0 instructions: 53500309 cycles: 117214607 heartbeat IPC: 0.4518 cumulative IPC: 0.3786 (Simulation time: 00 hr 07 min 39 sec)
Heartbeat CPU 0 instructions: 54000309 cycles: 118503685 heartbeat IPC: 0.3879 cumulative IPC: 0.3787 (Simulation time: 00 hr 07 min 44 sec)
Heartbeat CPU 0 instructions: 54500310 cycles: 119753738 heartbeat IPC: 0.4 cumulative IPC: 0.3789 (Simulation time: 00 hr 07 min 49 sec)
Heartbeat CPU 0 instructions: 55000314 cycles: 120809017 heartbeat IPC: 0.4738 cumulative IPC: 0.3798 (Simulation time: 00 hr 07 min 53 sec)
Heartbeat CPU 0 instructions: 55500314 cycles: 121976003 heartbeat IPC: 0.4285 cumulative IPC: 0.3803 (Simulation time: 00 hr 07 min 58 sec)
Heartbeat CPU 0 instructions: 56000315 cycles: 123137402 heartbeat IPC: 0.4305 cumulative IPC: 0.3807 (Simulation time: 00 hr 08 min 03 sec)
Heartbeat CPU 0 instructions: 56500316 cycles: 124201937 heartbeat IPC: 0.4697 cumulative IPC: 0.3815 (Simulation time: 00 hr 23 min 26 sec)
Heartbeat CPU 0 instructions: 57000316 cycles: 125324892 heartbeat IPC: 0.4453 cumulative IPC: 0.3821 (Simulation time: 00 hr 23 min 31 sec)
Heartbeat CPU 0 instructions: 57500316 cycles: 126380154 heartbeat IPC: 0.4738 cumulative IPC: 0.3829 (Simulation time: 00 hr 23 min 35 sec)
Heartbeat CPU 0 instructions: 58000317 cycles: 127438358 heartbeat IPC: 0.4725 cumulative IPC: 0.3836 (Simulation time: 00 hr 23 min 39 sec)
Heartbeat CPU 0 instructions: 58500324 cycles: 128500926 heartbeat IPC: 0.4706 cumulative IPC: 0.3844 (Simulation time: 00 hr 23 min 43 sec)
Heartbeat CPU 0 instructions: 59000325 cycles: 129529610 heartbeat IPC: 0.4861 cumulative IPC: 0.3852 (Simulation time: 00 hr 23 min 48 sec)
Heartbeat CPU 0 instructions: 59500328 cycles: 130663415 heartbeat IPC: 0.441 cumulative IPC: 0.3857 (Simulation time: 00 hr 23 min 52 sec)
Simulation finished CPU 0 instructions: 50000000 cycles: 129477899 cumulative IPC: 0.3862 (Simulation time: 00 hr 23 min 57 sec)
Simulation complete CPU 0 instructions: 50000000 cycles: 129477899 cumulative IPC: 0.3862 (Simulation time: 00 hr 23 min 57 sec)

ChampSim completed all CPUs

=== Simulation ===
CPU 0 runs traces/sssp-10.trace.gz

Region of Interest Statistics

CPU 0 cumulative IPC: 0.3862 instructions: 50000000 cycles: 129477899
CPU 0 Branch Prediction Accuracy: 94.11% MPKI: 8.664 Average ROB Occupancy at Mispredict: 58.35
Branch type MPKI
BRANCH_DIRECT_JUMP: 2e-05
BRANCH_INDIRECT: 0
BRANCH_CONDITIONAL: 8.664
BRANCH_DIRECT_CALL: 0
BRANCH_INDIRECT_CALL: 0
BRANCH_RETURN: 0

cpu0->cpu0_STLB TOTAL        ACCESS:     944063 HIT:     932636 MISS:      11427 MSHR_MERGE:          0
cpu0->cpu0_STLB LOAD         ACCESS:     944063 HIT:     932636 MISS:      11427 MSHR_MERGE:          0
cpu0->cpu0_STLB RFO          ACCESS:          0 HIT:          0 MISS:          0 MSHR_MERGE:          0
cpu0->cpu0_STLB PREFETCH     ACCESS:          0 HIT:          0 MISS:          0 MSHR_MERGE:          0
cpu0->cpu0_STLB WRITE        ACCESS:          0 HIT:          0 MISS:          0 MSHR_MERGE:          0
cpu0->cpu0_STLB TRANSLATION  ACCESS:          0 HIT:          0 MISS:          0 MSHR_MERGE:          0
cpu0->cpu0_STLB PREFETCH REQUESTED:          0 ISSUED:          0 USEFUL:          0 USELESS:          0
cpu0->cpu0_STLB AVERAGE MISS LATENCY: 377.1 cycles
cpu0->cpu0_L2C TOTAL        ACCESS:   11287583 HIT:    6072181 MISS:    5215402 MSHR_MERGE:    1176046
cpu0->cpu0_L2C LOAD         ACCESS:    1900339 HIT:     993350 MISS:     906989 MSHR_MERGE:      74740
cpu0->cpu0_L2C RFO          ACCESS:     298033 HIT:     235858 MISS:      62175 MSHR_MERGE:         18
cpu0->cpu0_L2C PREFETCH     ACCESS:    8282429 HIT:    4043307 MISS:    4239122 MSHR_MERGE:    1101288
cpu0->cpu0_L2C WRITE        ACCESS:     796322 HIT:     796173 MISS:        149 MSHR_MERGE:          0
cpu0->cpu0_L2C TRANSLATION  ACCESS:      10460 HIT:       3493 MISS:       6967 MSHR_MERGE:          0
cpu0->cpu0_L2C PREFETCH REQUESTED:    8559314 ISSUED:    7112768 USEFUL:     766580 USELESS:    1817511
cpu0->cpu0_L2C AVERAGE MISS LATENCY: 218.8 cycles
cpu0->cpu0_L1I TOTAL        ACCESS:    2033453 HIT:    2033453 MISS:          0 MSHR_MERGE:          0
cpu0->cpu0_L1I LOAD         ACCESS:    2033453 HIT:    2033453 MISS:          0 MSHR_MERGE:          0
cpu0->cpu0_L1I RFO          ACCESS:          0 HIT:          0 MISS:          0 MSHR_MERGE:          0
cpu0->cpu0_L1I PREFETCH     ACCESS:          0 HIT:          0 MISS:          0 MSHR_MERGE:          0
cpu0->cpu0_L1I WRITE        ACCESS:          0 HIT:          0 MISS:          0 MSHR_MERGE:          0
cpu0->cpu0_L1I TRANSLATION  ACCESS:          0 HIT:          0 MISS:          0 MSHR_MERGE:          0
cpu0->cpu0_L1I PREFETCH REQUESTED:          0 ISSUED:          0 USEFUL:          0 USELESS:          0
cpu0->cpu0_L1I AVERAGE MISS LATENCY: - cycles
cpu0->cpu0_L1D TOTAL        ACCESS:   15587353 HIT:   11922205 MISS:    3665148 MSHR_MERGE:     286646
cpu0->cpu0_L1D LOAD         ACCESS:   12696508 HIT:   10654388 MISS:    2042120 MSHR_MERGE:     141779
cpu0->cpu0_L1D RFO          ACCESS:          0 HIT:          0 MISS:          0 MSHR_MERGE:          0
cpu0->cpu0_L1D PREFETCH     ACCESS:    1419791 HIT:     221191 MISS:    1198600 MSHR_MERGE:      28944
cpu0->cpu0_L1D WRITE        ACCESS:    1446943 HIT:    1033057 MISS:     413886 MSHR_MERGE:     115841
cpu0->cpu0_L1D TRANSLATION  ACCESS:      24111 HIT:      13569 MISS:      10542 MSHR_MERGE:         82
cpu0->cpu0_L1D PREFETCH REQUESTED:    1438739 ISSUED:    1419783 USEFUL:     376453 USELESS:     792991
cpu0->cpu0_L1D AVERAGE MISS LATENCY: 107.3 cycles
cpu0->cpu0_ITLB TOTAL        ACCESS:    2031132 HIT:    2031132 MISS:          0 MSHR_MERGE:          0
cpu0->cpu0_ITLB LOAD         ACCESS:    2031132 HIT:    2031132 MISS:          0 MSHR_MERGE:          0
cpu0->cpu0_ITLB RFO          ACCESS:          0 HIT:          0 MISS:          0 MSHR_MERGE:          0
cpu0->cpu0_ITLB PREFETCH     ACCESS:          0 HIT:          0 MISS:          0 MSHR_MERGE:          0
cpu0->cpu0_ITLB WRITE        ACCESS:          0 HIT:          0 MISS:          0 MSHR_MERGE:          0
cpu0->cpu0_ITLB TRANSLATION  ACCESS:          0 HIT:          0 MISS:          0 MSHR_MERGE:          0
cpu0->cpu0_ITLB PREFETCH REQUESTED:          0 ISSUED:          0 USEFUL:          0 USELESS:          0
cpu0->cpu0_ITLB AVERAGE MISS LATENCY: - cycles
cpu0->cpu0_DTLB TOTAL        ACCESS:   15150116 HIT:   13948415 MISS:    1201701 MSHR_MERGE:     257638
cpu0->cpu0_DTLB LOAD         ACCESS:   15150116 HIT:   13948415 MISS:    1201701 MSHR_MERGE:     257638
cpu0->cpu0_DTLB RFO          ACCESS:          0 HIT:          0 MISS:          0 MSHR_MERGE:          0
cpu0->cpu0_DTLB PREFETCH     ACCESS:          0 HIT:          0 MISS:          0 MSHR_MERGE:          0
cpu0->cpu0_DTLB WRITE        ACCESS:          0 HIT:          0 MISS:          0 MSHR_MERGE:          0
cpu0->cpu0_DTLB TRANSLATION  ACCESS:          0 HIT:          0 MISS:          0 MSHR_MERGE:          0
cpu0->cpu0_DTLB PREFETCH REQUESTED:          0 ISSUED:          0 USEFUL:          0 USELESS:          0
cpu0->cpu0_DTLB AVERAGE MISS LATENCY: 9.583 cycles
cpu0->LLC TOTAL        ACCESS:    4509183 HIT:    2668165 MISS:    1841018 MSHR_MERGE:          0
cpu0->LLC LOAD         ACCESS:     832249 HIT:     566363 MISS:     265886 MSHR_MERGE:          0
cpu0->LLC RFO          ACCESS:      62157 HIT:       4886 MISS:      57271 MSHR_MERGE:          0
cpu0->LLC PREFETCH     ACCESS:    3137833 HIT:    1806226 MISS:    1331607 MSHR_MERGE:          0
cpu0->LLC WRITE        ACCESS:     469977 HIT:     290449 MISS:     179528 MSHR_MERGE:          0
cpu0->LLC TRANSLATION  ACCESS:       6967 HIT:        241 MISS:       6726 MSHR_MERGE:          0
cpu0->LLC PREFETCH REQUESTED:          0 ISSUED:          0 USEFUL:          0 USELESS:          0
cpu0->LLC AVERAGE MISS LATENCY: 331.7 cycles

DRAM Statistics

Channel 0 RQ ROW_BUFFER_HIT:      79334
  ROW_BUFFER_MISS:    1578793
  AVG DBUS CONGESTED CYCLE: 4.034
Channel 0 WQ ROW_BUFFER_HIT:      16667
  ROW_BUFFER_MISS:     215224
  FULL:          0
Channel 0 REFRESHES ISSUED:      10790
