[VMEM] WARNING: physical memory size is smaller than virtual memory size.

*** ChampSim Multicore Out-of-Order Simulator ***
Warmup Instructions: 10000000
Simulation Instructions: 50000000
Number of CPUs: 1
Page size: 4096
Core 0: traces/bc-12.trace.gz
 L1D Berti prefetcher
Off-chip DRAM Size: 64 GiB Channels: 1 Width: 64-bit Data Rate: 800 MT/s
Heartbeat CPU 0 instructions: 500001 cycles: 508754 heartbeat IPC: 0.9828 cumulative IPC: 0.9828 (Simulation time: 00 hr 00 min 02 sec)
Heartbeat CPU 0 instructions: 1000001 cycles: 1015185 heartbeat IPC: 0.9873 cumulative IPC: 0.985 (Simulation time: 00 hr 00 min 05 sec)
Heartbeat CPU 0 instructions: 1500001 cycles: 1521375 heartbeat IPC: 0.9878 cumulative IPC: 0.986 (Simulation time: 00 hr 00 min 07 sec)
Heartbeat CPU 0 instructions: 2000006 cycles: 1875672 heartbeat IPC: 1.411 cumulative IPC: 1.066 (Simulation time: 00 hr 00 min 09 sec)
Heartbeat CPU 0 instructions: 2500008 cycles: 1987442 heartbeat IPC: 4.473 cumulative IPC: 1.258 (Simulation time: 00 hr 00 min 10 sec)
Heartbeat CPU 0 instructions: 3000014 cycles: 2091031 heartbeat IPC: 4.827 cumulative IPC: 1.435 (Simulation time: 00 hr 00 min 11 sec)
Heartbeat CPU 0 instructions: 3500014 cycles: 2204817 heartbeat IPC: 4.394 cumulative IPC: 1.587 (Simulation time: 00 hr 00 min 13 sec)
Heartbeat CPU 0 instructions: 4000019 cycles: 2309160 heartbeat IPC: 4.792 cumulative IPC: 1.732 (Simulation time: 00 hr 00 min 14 sec)
Heartbeat CPU 0 instructions: 4500019 cycles: 2421108 heartbeat IPC: 4.466 cumulative IPC: 1.859 (Simulation time: 00 hr 00 min 16 sec)
Heartbeat CPU 0 instructions: 5000023 cycles: 2525786 heartbeat IPC: 4.777 cumulative IPC: 1.98 (Simulation time: 00 hr 00 min 17 sec)
Heartbeat CPU 0 instructions: 5500025 cycles: 2636358 heartbeat IPC: 4.522 cumulative IPC: 2.086 (Simulation time: 00 hr 00 min 19 sec)
Heartbeat CPU 0 instructions: 6000030 cycles: 2743536 heartbeat IPC: 4.665 cumulative IPC: 2.187 (Simulation time: 00 hr 00 min 20 sec)
Heartbeat CPU 0 instructions: 6500031 cycles: 2855470 heartbeat IPC: 4.467 cumulative IPC: 2.276 (Simulation time: 00 hr 00 min 22 sec)
Heartbeat CPU 0 instructions: 7000036 cycles: 2962508 heartbeat IPC: 4.671 cumulative IPC: 2.363 (Simulation time: 00 hr 00 min 23 sec)
Heartbeat CPU 0 instructions: 7500037 cycles: 3069140 heartbeat IPC: 4.689 cumulative IPC: 2.444 (Simulation time: 00 hr 00 min 25 sec)
Heartbeat CPU 0 instructions: 8000042 cycles: 3180455 heartbeat IPC: 4.492 cumulative IPC: 2.515 (Simulation time: 00 hr 00 min 26 sec)
Heartbeat CPU 0 instructions: 8500048 cycles: 3286350 heartbeat IPC: 4.722 cumulative IPC: 2.586 (Simulation time: 00 hr 00 min 27 sec)
Heartbeat CPU 0 instructions: 9000054 cycles: 3394095 heartbeat IPC: 4.641 cumulative IPC: 2.652 (Simulation time: 00 hr 00 min 29 sec)
Heartbeat CPU 0 instructions: 9500059 cycles: 3505158 heartbeat IPC: 4.502 cumulative IPC: 2.71 (Simulation time: 00 hr 00 min 30 sec)
Warmup finished CPU 0 instructions: 10000000 cycles: 3610598 cumulative IPC: 2.77 (Simulation time: 00 hr 00 min 32 sec)
Warmup complete CPU 0 instructions: 10000000 cycles: 3610598 cumulative IPC: 2.77 (Simulation time: 00 hr 00 min 32 sec)
Heartbeat CPU 0 instructions: 10000061 cycles: 3610876 heartbeat IPC: 4.73 cumulative IPC: 0.2194 (Simulation time: 00 hr 00 min 32 sec)
Heartbeat CPU 0 instructions: 10500062 cycles: 8329743 heartbeat IPC: 0.106 cumulative IPC: 0.106 (Simulation time: 00 hr 00 min 48 sec)
Heartbeat CPU 0 instructions: 11000064 cycles: 12484231 heartbeat IPC: 0.1204 cumulative IPC: 0.1127 (Simulation time: 00 hr 01 min 02 sec)
Heartbeat CPU 0 instructions: 11500065 cycles: 16468084 heartbeat IPC: 0.1255 cumulative IPC: 0.1167 (Simulation time: 00 hr 01 min 15 sec)
Heartbeat CPU 0 instructions: 12000067 cycles: 20217652 heartbeat IPC: 0.1333 cumulative IPC: 0.1204 (Simulation time: 00 hr 01 min 28 sec)
Heartbeat CPU 0 instructions: 12500072 cycles: 24071792 heartbeat IPC: 0.1297 cumulative IPC: 0.1222 (Simulation time: 00 hr 01 min 41 sec)
Heartbeat CPU 0 instructions: 13000078 cycles: 28178842 heartbeat IPC: 0.1217 cumulative IPC: 0.1221 (Simulation time: 00 hr 01 min 54 sec)
Heartbeat CPU 0 instructions: 13500083 cycles: 32230309 heartbeat IPC: 0.1234 cumulative IPC: 0.1223 (Simulation time: 00 hr 02 min 08 sec)
Heartbeat CPU 0 instructions: 14000090 cycles: 36178680 heartbeat IPC: 0.1266 cumulative IPC: 0.1228 (Simulation time: 00 hr 02 min 22 sec)
Heartbeat CPU 0 instructions: 14500092 cycles: 40546596 heartbeat IPC: 0.1145 cumulative IPC: 0.1218 (Simulation time: 00 hr 02 min 36 sec)
Heartbeat CPU 0 instructions: 15000093 cycles: 44903992 heartbeat IPC: 0.1147 cumulative IPC: 0.1211 (Simulation time: 00 hr 02 min 51 sec)
Heartbeat CPU 0 instructions: 15500098 cycles: 49166253 heartbeat IPC: 0.1173 cumulative IPC: 0.1207 (Simulation time: 00 hr 03 min 05 sec)
Heartbeat CPU 0 instructions: 16000099 cycles: 54052212 heartbeat IPC: 0.1023 cumulative IPC: 0.119 (Simulation time: 00 hr 03 min 22 sec)
Heartbeat CPU 0 instructions: 16500099 cycles: 57544075 heartbeat IPC: 0.1432 cumulative IPC: 0.1205 (Simulation time: 00 hr 03 min 33 sec)
Heartbeat CPU 0 instructions: 17000100 cycles: 62227922 heartbeat IPC: 0.1068 cumulative IPC: 0.1194 (Simulation time: 00 hr 03 min 49 sec)
Heartbeat CPU 0 instructions: 17500107 cycles: 67091262 heartbeat IPC: 0.1028 cumulative IPC: 0.1181 (Simulation time: 00 hr 04 min 05 sec)
Heartbeat CPU 0 instructions: 18000113 cycles: 70999076 heartbeat IPC: 0.128 cumulative IPC: 0.1187 (Simulation time: 00 hr 04 min 19 sec)
Heartbeat CPU 0 instructions: 18500118 cycles: 75209777 heartbeat IPC: 0.1187 cumulative IPC: 0.1187 (Simulation time: 00 hr 04 min 33 sec)
Heartbeat CPU 0 instructions: 19000118 cycles: 80283616 heartbeat IPC: 0.09854 cumulative IPC: 0.1174 (Simulation time: 00 hr 04 min 50 sec)
Heartbeat CPU 0 instructions: 19500119 cycles: 84224307 heartbeat IPC: 0.1269 cumulative IPC: 0.1178 (Simulation time: 00 hr 05 min 03 sec)
Heartbeat CPU 0 instructions: 20000126 cycles: 88303895 heartbeat IPC: 0.1226 cumulative IPC: 0.1181 (Simulation time: 00 hr 05 min 17 sec)
Heartbeat CPU 0 instructions: 20500130 cycles: 92105764 heartbeat IPC: 0.1315 cumulative IPC: 0.1187 (Simulation time: 00 hr 05 min 30 sec)
Heartbeat CPU 0 instructions: 21000135 cycles: 96085472 heartbeat IPC: 0.1256 cumulative IPC: 0.119 (Simulation time: 00 hr 05 min 43 sec)
Heartbeat CPU 0 instructions: 21500138 cycles: 100518172 heartbeat IPC: 0.1128 cumulative IPC: 0.1187 (Simulation time: 00 hr 05 min 58 sec)
Heartbeat CPU 0 instructions: 22000143 cycles: 104697603 heartbeat IPC: 0.1196 cumulative IPC: 0.1187 (Simulation time: 00 hr 06 min 12 sec)
Heartbeat CPU 0 instructions: 22500147 cycles: 108809966 heartbeat IPC: 0.1216 cumulative IPC: 0.1188 (Simulation time: 00 hr 06 min 26 sec)
Heartbeat CPU 0 instructions: 23000147 cycles: 112976552 heartbeat IPC: 0.12 cumulative IPC: 0.1189 (Simulation time: 00 hr 06 min 40 sec)
Heartbeat CPU 0 instructions: 23500149 cycles: 117005333 heartbeat IPC: 0.1241 cumulative IPC: 0.1191 (Simulation time: 00 hr 06 min 53 sec)
Heartbeat CPU 0 instructions: 24000149 cycles: 121179403 heartbeat IPC: 0.1198 cumulative IPC: 0.1191 (Simulation time: 00 hr 07 min 07 sec)
Heartbeat CPU 0 instructions: 24500155 cycles: 125120543 heartbeat IPC: 0.1269 cumulative IPC: 0.1193 (Simulation time: 00 hr 07 min 21 sec)
Heartbeat CPU 0 instructions: 25000156 cycles: 129473692 heartbeat IPC: 0.1149 cumulative IPC: 0.1192 (Simulation time: 00 hr 07 min 35 sec)
Heartbeat CPU 0 instructions: 25500160 cycles: 133742066 heartbeat IPC: 0.1171 cumulative IPC: 0.1191 (Simulation time: 00 hr 07 min 50 sec)
Heartbeat CPU 0 instructions: 26000162 cycles: 138931798 heartbeat IPC: 0.09634 cumulative IPC: 0.1182 (Simulation time: 00 hr 08 min 07 sec)
Heartbeat CPU 0 instructions: 26500164 cycles: 143447042 heartbeat IPC: 0.1107 cumulative IPC: 0.118 (Simulation time: 00 hr 08 min 22 sec)
Heartbeat CPU 0 instructions: 27000168 cycles: 148031698 heartbeat IPC: 0.1091 cumulative IPC: 0.1177 (Simulation time: 00 hr 08 min 38 sec)
Heartbeat CPU 0 instructions: 27500168 cycles: 152091530 heartbeat IPC: 0.1232 cumulative IPC: 0.1179 (Simulation time: 00 hr 08 min 51 sec)
Heartbeat CPU 0 instructions: 28000169 cycles: 156198765 heartbeat IPC: 0.1217 cumulative IPC: 0.118 (Simulation time: 00 hr 09 min 06 sec)
Heartbeat CPU 0 instructions: 28500171 cycles: 160098231 heartbeat IPC: 0.1282 cumulative IPC: 0.1182 (Simulation time: 00 hr 09 min 19 sec)
Heartbeat CPU 0 instructions: 29000172 cycles: 164015424 heartbeat IPC: 0.1276 cumulative IPC: 0.1185 (Simulation time: 00 hr 09 min 32 sec)
Heartbeat CPU 0 instructions: 29500179 cycles: 168289406 heartbeat IPC: 0.117 cumulative IPC: 0.1184 (Simulation time: 00 hr 09 min 46 sec)
Heartbeat CPU 0 instructions: 30000183 cycles: 171971382 heartbeat IPC: 0.1358 cumulative IPC: 0.1188 (Simulation time: 00 hr 09 min 59 sec)
Heartbeat CPU 0 instructions: 30500184 cycles: 175943292 heartbeat IPC: 0.1259 cumulative IPC: 0.119 (Simulation time: 00 hr 10 min 12 sec)
Heartbeat CPU 0 instructions: 31000185 cycles: 180412756 heartbeat IPC: 0.1119 cumulative IPC: 0.1188 (Simulation time: 00 hr 10 min 29 sec)
Heartbeat CPU 0 instructions: 31500186 cycles: 184479454 heartbeat IPC: 0.123 cumulative IPC: 0.1189 (Simulation time: 00 hr 10 min 43 sec)
Heartbeat CPU 0 instructions: 32000187 cycles: 188592004 heartbeat IPC: 0.1216 cumulative IPC: 0.1189 (Simulation time: 00 hr 10 min 57 sec)
Heartbeat CPU 0 instructions: 32500188 cycles: 193114403 heartbeat IPC: 0.1106 cumulative IPC: 0.1187 (Simulation time: 00 hr 11 min 13 sec)
Heartbeat CPU 0 instructions: 33000192 cycles: 197977745 heartbeat IPC: 0.1028 cumulative IPC: 0.1183 (Simulation time: 00 hr 11 min 29 sec)
Heartbeat CPU 0 instructions: 33500193 cycles: 202109473 heartbeat IPC: 0.121 cumulative IPC: 0.1184 (Simulation time: 00 hr 11 min 43 sec)
Heartbeat CPU 0 instructions: 34000197 cycles: 206728363 heartbeat IPC: 0.1083 cumulative IPC: 0.1182 (Simulation time: 00 hr 12 min 00 sec)
Heartbeat CPU 0 instructions: 34500199 cycles: 211243536 heartbeat IPC: 0.1107 cumulative IPC: 0.118 (Simulation time: 00 hr 12 min 16 sec)
Heartbeat CPU 0 instructions: 35000204 cycles: 215516792 heartbeat IPC: 0.117 cumulative IPC: 0.118 (Simulation time: 00 hr 12 min 31 sec)
Heartbeat CPU 0 instructions: 35500206 cycles: 219842588 heartbeat IPC: 0.1156 cumulative IPC: 0.1179 (Simulation time: 00 hr 12 min 47 sec)
Heartbeat CPU 0 instructions: 36000206 cycles: 224407646 heartbeat IPC: 0.1095 cumulative IPC: 0.1178 (Simulation time: 00 hr 13 min 03 sec)
Heartbeat CPU 0 instructions: 36500206 cycles: 228560598 heartbeat IPC: 0.1204 cumulative IPC: 0.1178 (Simulation time: 00 hr 13 min 18 sec)
Heartbeat CPU 0 instructions: 37000207 cycles: 232513697 heartbeat IPC: 0.1265 cumulative IPC: 0.118 (Simulation time: 00 hr 13 min 32 sec)
Heartbeat CPU 0 instructions: 37500207 cycles: 236655642 heartbeat IPC: 0.1207 cumulative IPC: 0.118 (Simulation time: 00 hr 13 min 46 sec)
Heartbeat CPU 0 instructions: 38000208 cycles: 241365306 heartbeat IPC: 0.1062 cumulative IPC: 0.1178 (Simulation time: 00 hr 14 min 04 sec)
Heartbeat CPU 0 instructions: 38500208 cycles: 246187041 heartbeat IPC: 0.1037 cumulative IPC: 0.1175 (Simulation time: 00 hr 14 min 21 sec)
Heartbeat CPU 0 instructions: 39000208 cycles: 250684744 heartbeat IPC: 0.1112 cumulative IPC: 0.1174 (Simulation time: 00 hr 14 min 37 sec)
Heartbeat CPU 0 instructions: 39500211 cycles: 254873510 heartbeat IPC: 0.1194 cumulative IPC: 0.1174 (Simulation time: 00 hr 14 min 52 sec)
Heartbeat CPU 0 instructions: 40000218 cycles: 258734325 heartbeat IPC: 0.1295 cumulative IPC: 0.1176 (Simulation time: 00 hr 15 min 07 sec)
Heartbeat CPU 0 instructions: 40500218 cycles: 262858115 heartbeat IPC: 0.1212 cumulative IPC: 0.1176 (Simulation time: 00 hr 15 min 23 sec)
Heartbeat CPU 0 instructions: 41000225 cycles: 267491154 heartbeat IPC: 0.1079 cumulative IPC: 0.1175 (Simulation time: 00 hr 15 min 39 sec)
Heartbeat CPU 0 instructions: 41500225 cycles: 271202458 heartbeat IPC: 0.1347 cumulative IPC: 0.1177 (Simulation time: 00 hr 15 min 53 sec)
Heartbeat CPU 0 instructions: 42000229 cycles: 275054568 heartbeat IPC: 0.1298 cumulative IPC: 0.1179 (Simulation time: 00 hr 16 min 07 sec)
Heartbeat CPU 0 instructions: 42500229 cycles: 279413986 heartbeat IPC: 0.1147 cumulative IPC: 0.1178 (Simulation time: 00 hr 16 min 23 sec)
Heartbeat CPU 0 instructions: 43000229 cycles: 284029713 heartbeat IPC: 0.1083 cumulative IPC: 0.1177 (Simulation time: 00 hr 16 min 40 sec)
Heartbeat CPU 0 instructions: 43500233 cycles: 288356509 heartbeat IPC: 0.1156 cumulative IPC: 0.1176 (Simulation time: 00 hr 16 min 55 sec)
Heartbeat CPU 0 instructions: 44000240 cycles: 292642936 heartbeat IPC: 0.1166 cumulative IPC: 0.1176 (Simulation time: 00 hr 17 min 11 sec)
Heartbeat CPU 0 instructions: 44500241 cycles: 297081800 heartbeat IPC: 0.1126 cumulative IPC: 0.1176 (Simulation time: 00 hr 17 min 26 sec)
Heartbeat CPU 0 instructions: 45000242 cycles: 301459213 heartbeat IPC: 0.1142 cumulative IPC: 0.1175 (Simulation time: 00 hr 17 min 40 sec)
Heartbeat CPU 0 instructions: 45500247 cycles: 305483895 heartbeat IPC: 0.1242 cumulative IPC: 0.1176 (Simulation time: 00 hr 17 min 54 sec)
Heartbeat CPU 0 instructions: 46000251 cycles: 309892317 heartbeat IPC: 0.1134 cumulative IPC: 0.1175 (Simulation time: 00 hr 18 min 09 sec)
Heartbeat CPU 0 instructions: 46500254 cycles: 314165837 heartbeat IPC: 0.117 cumulative IPC: 0.1175 (Simulation time: 00 hr 18 min 23 sec)
Heartbeat CPU 0 instructions: 47000254 cycles: 317732793 heartbeat IPC: 0.1402 cumulative IPC: 0.1178 (Simulation time: 00 hr 18 min 35 sec)
Heartbeat CPU 0 instructions: 47500254 cycles: 322112769 heartbeat IPC: 0.1142 cumulative IPC: 0.1177 (Simulation time: 00 hr 18 min 50 sec)
Heartbeat CPU 0 instructions: 48000257 cycles: 326554862 heartbeat IPC: 0.1126 cumulative IPC: 0.1177 (Simulation time: 00 hr 19 min 05 sec)
Heartbeat CPU 0 instructions: 48500257 cycles: 331079502 heartbeat IPC: 0.1105 cumulative IPC: 0.1176 (Simulation time: 00 hr 19 min 21 sec)
Heartbeat CPU 0 instructions: 49000258 cycles: 335924843 heartbeat IPC: 0.1032 cumulative IPC: 0.1174 (Simulation time: 00 hr 19 min 37 sec)
Heartbeat CPU 0 instructions: 49500258 cycles: 340343111 heartbeat IPC: 0.1132 cumulative IPC: 0.1173 (Simulation time: 00 hr 19 min 52 sec)
Heartbeat CPU 0 instructions: 50000265 cycles: 344891874 heartbeat IPC: 0.1099 cumulative IPC: 0.1172 (Simulation time: 00 hr 20 min 07 sec)
Heartbeat CPU 0 instructions: 50500269 cycles: 349441837 heartbeat IPC: 0.1099 cumulative IPC: 0.1171 (Simulation time: 00 hr 20 min 22 sec)
Heartbeat CPU 0 instructions: 51000273 cycles: 353123415 heartbeat IPC: 0.1358 cumulative IPC: 0.1173 (Simulation time: 00 hr 20 min 35 sec)
Heartbeat CPU 0 instructions: 51500275 cycles: 357501234 heartbeat IPC: 0.1142 cumulative IPC: 0.1173 (Simulation time: 00 hr 20 min 51 sec)
Heartbeat CPU 0 instructions: 52000279 cycles: 362002272 heartbeat IPC: 0.1111 cumulative IPC: 0.1172 (Simulation time: 00 hr 21 min 06 sec)
Heartbeat CPU 0 instructions: 52500283 cycles: 365499711 heartbeat IPC: 0.143 cumulative IPC: 0.1174 (Simulation time: 00 hr 21 min 18 sec)
Heartbeat CPU 0 instructions: 53000284 cycles: 369494374 heartbeat IPC: 0.1252 cumulative IPC: 0.1175 (Simulation time: 00 hr 21 min 32 sec)
Heartbeat CPU 0 instructions: 53500289 cycles: 373557446 heartbeat IPC: 0.1231 cumulative IPC: 0.1176 (Simulation time: 00 hr 21 min 45 sec)
Heartbeat CPU 0 instructions: 54000293 cycles: 377720139 heartbeat IPC: 0.1201 cumulative IPC: 0.1176 (Simulation time: 00 hr 21 min 59 sec)
Heartbeat CPU 0 instructions: 54500293 cycles: 381748329 heartbeat IPC: 0.1241 cumulative IPC: 0.1177 (Simulation time: 00 hr 22 min 13 sec)
Heartbeat CPU 0 instructions: 55000298 cycles: 386426091 heartbeat IPC: 0.1069 cumulative IPC: 0.1176 (Simulation time: 00 hr 22 min 29 sec)
Heartbeat CPU 0 instructions: 55500298 cycles: 390744073 heartbeat IPC: 0.1158 cumulative IPC: 0.1175 (Simulation time: 00 hr 22 min 44 sec)
Heartbeat CPU 0 instructions: 56000299 cycles: 394962649 heartbeat IPC: 0.1185 cumulative IPC: 0.1175 (Simulation time: 00 hr 22 min 58 sec)
Heartbeat CPU 0 instructions: 56500301 cycles: 399076808 heartbeat IPC: 0.1215 cumulative IPC: 0.1176 (Simulation time: 00 hr 23 min 13 sec)
Heartbeat CPU 0 instructions: 57000303 cycles: 403612672 heartbeat IPC: 0.1102 cumulative IPC: 0.1175 (Simulation time: 00 hr 23 min 28 sec)
Heartbeat CPU 0 instructions: 57500307 cycles: 407902273 heartbeat IPC: 0.1166 cumulative IPC: 0.1175 (Simulation time: 00 hr 23 min 43 sec)
Heartbeat CPU 0 instructions: 58000308 cycles: 411759888 heartbeat IPC: 0.1296 cumulative IPC: 0.1176 (Simulation time: 00 hr 23 min 57 sec)
Heartbeat CPU 0 instructions: 58500314 cycles: 416287272 heartbeat IPC: 0.1104 cumulative IPC: 0.1175 (Simulation time: 00 hr 24 min 12 sec)
Heartbeat CPU 0 instructions: 59000314 cycles: 420242612 heartbeat IPC: 0.1264 cumulative IPC: 0.1176 (Simulation time: 00 hr 24 min 25 sec)
Heartbeat CPU 0 instructions: 59500319 cycles: 424232510 heartbeat IPC: 0.1253 cumulative IPC: 0.1177 (Simulation time: 00 hr 24 min 39 sec)
Simulation finished CPU 0 instructions: 50000007 cycles: 424807078 cumulative IPC: 0.1177 (Simulation time: 00 hr 24 min 53 sec)
Simulation complete CPU 0 instructions: 50000007 cycles: 424807078 cumulative IPC: 0.1177 (Simulation time: 00 hr 24 min 53 sec)

ChampSim completed all CPUs

=== Simulation ===
CPU 0 runs traces/bc-12.trace.gz

Region of Interest Statistics

CPU 0 cumulative IPC: 0.1177 instructions: 50000007 cycles: 424807078
CPU 0 Branch Prediction Accuracy: 84.24% MPKI: 27.38 Average ROB Occupancy at Mispredict: 45.13
Branch type MPKI
BRANCH_DIRECT_JUMP: 0
BRANCH_INDIRECT: 0
BRANCH_CONDITIONAL: 27.38
BRANCH_DIRECT_CALL: 0
BRANCH_INDIRECT_CALL: 0
BRANCH_RETURN: 0

cpu0->cpu0_STLB TOTAL        ACCESS:    1717748 HIT:     915281 MISS:     802467 MSHR_MERGE:          0
cpu0->cpu0_STLB LOAD         ACCESS:    1717748 HIT:     915281 MISS:     802467 MSHR_MERGE:          0
cpu0->cpu0_STLB RFO          ACCESS:          0 HIT:          0 MISS:          0 MSHR_MERGE:          0
cpu0->cpu0_STLB PREFETCH     ACCESS:          0 HIT:          0 MISS:          0 MSHR_MERGE:          0
cpu0->cpu0_STLB WRITE        ACCESS:          0 HIT:          0 MISS:          0 MSHR_MERGE:          0
cpu0->cpu0_STLB TRANSLATION  ACCESS:          0 HIT:          0 MISS:          0 MSHR_MERGE:          0
cpu0->cpu0_STLB PREFETCH REQUESTED:          0 ISSUED:          0 USEFUL:          0 USELESS:          0
cpu0->cpu0_STLB AVERAGE MISS LATENCY: 28.65 cycles
cpu0->cpu0_L2C TOTAL        ACCESS:   16893229 HIT:    6353134 MISS:   10540095 MSHR_MERGE:    1114003
cpu0->cpu0_L2C LOAD         ACCESS:    3807191 HIT:    1285909 MISS:    2521282 MSHR_MERGE:     109327
cpu0->cpu0_L2C RFO          ACCESS:      28596 HIT:       2116 MISS:      26480 MSHR_MERGE:          0
cpu0->cpu0_L2C PREFETCH     ACCESS:   11259069 HIT:    3285680 MISS:    7973389 MSHR_MERGE:    1004676
cpu0->cpu0_L2C WRITE        ACCESS:    1530066 HIT:    1530049 MISS:         17 MSHR_MERGE:          0
cpu0->cpu0_L2C TRANSLATION  ACCESS:     268307 HIT:     249380 MISS:      18927 MSHR_MERGE:          0
cpu0->cpu0_L2C PREFETCH REQUESTED:    9813096 ISSUED:    9227253 USEFUL:     966530 USELESS:    4600864
cpu0->cpu0_L2C AVERAGE MISS LATENCY: 341.7 cycles
cpu0->cpu0_L1I TOTAL        ACCESS:     120203 HIT:     120203 MISS:          0 MSHR_MERGE:          0
cpu0->cpu0_L1I LOAD         ACCESS:     120203 HIT:     120203 MISS:          0 MSHR_MERGE:          0
cpu0->cpu0_L1I RFO          ACCESS:          0 HIT:          0 MISS:          0 MSHR_MERGE:          0
cpu0->cpu0_L1I PREFETCH     ACCESS:          0 HIT:          0 MISS:          0 MSHR_MERGE:          0
cpu0->cpu0_L1I WRITE        ACCESS:          0 HIT:          0 MISS:          0 MSHR_MERGE:          0
cpu0->cpu0_L1I TRANSLATION  ACCESS:          0 HIT:          0 MISS:          0 MSHR_MERGE:          0
cpu0->cpu0_L1I PREFETCH REQUESTED:          0 ISSUED:          0 USEFUL:          0 USELESS:          0
cpu0->cpu0_L1I AVERAGE MISS LATENCY: - cycles
cpu0->cpu0_L1D TOTAL        ACCESS:   20222502 HIT:   13870087 MISS:    6352415 MSHR_MERGE:     216521
cpu0->cpu0_L1D LOAD         ACCESS:   13351058 HIT:    9416086 MISS:    3934972 MSHR_MERGE:     127781
cpu0->cpu0_L1D RFO          ACCESS:          0 HIT:          0 MISS:          0 MSHR_MERGE:          0
cpu0->cpu0_L1D PREFETCH     ACCESS:    2186654 HIT:     125522 MISS:    2061132 MSHR_MERGE:      29332
cpu0->cpu0_L1D WRITE        ACCESS:    3107689 HIT:    3036060 MISS:      71629 MSHR_MERGE:      43033
cpu0->cpu0_L1D TRANSLATION  ACCESS:    1577101 HIT:    1292419 MISS:     284682 MSHR_MERGE:      16375
cpu0->cpu0_L1D PREFETCH REQUESTED:    2197432 ISSUED:    2186646 USEFUL:     302612 USELESS:    1729070
cpu0->cpu0_L1D AVERAGE MISS LATENCY: 225.2 cycles
cpu0->cpu0_ITLB TOTAL        ACCESS:     106872 HIT:     106872 MISS:          0 MSHR_MERGE:          0
cpu0->cpu0_ITLB LOAD         ACCESS:     106872 HIT:     106872 MISS:          0 MSHR_MERGE:          0
cpu0->cpu0_ITLB RFO          ACCESS:          0 HIT:          0 MISS:          0 MSHR_MERGE:          0
cpu0->cpu0_ITLB PREFETCH     ACCESS:          0 HIT:          0 MISS:          0 MSHR_MERGE:          0
cpu0->cpu0_ITLB WRITE        ACCESS:          0 HIT:          0 MISS:          0 MSHR_MERGE:          0
cpu0->cpu0_ITLB TRANSLATION  ACCESS:          0 HIT:          0 MISS:          0 MSHR_MERGE:          0
cpu0->cpu0_ITLB PREFETCH REQUESTED:          0 ISSUED:          0 USEFUL:          0 USELESS:          0
cpu0->cpu0_ITLB AVERAGE MISS LATENCY: - cycles
cpu0->cpu0_DTLB TOTAL        ACCESS:   18207100 HIT:   16105241 MISS:    2101859 MSHR_MERGE:     384111
cpu0->cpu0_DTLB LOAD         ACCESS:   18207100 HIT:   16105241 MISS:    2101859 MSHR_MERGE:     384111
cpu0->cpu0_DTLB RFO          ACCESS:          0 HIT:          0 MISS:          0 MSHR_MERGE:          0
cpu0->cpu0_DTLB PREFETCH     ACCESS:          0 HIT:          0 MISS:          0 MSHR_MERGE:          0
cpu0->cpu0_DTLB WRITE        ACCESS:          0 HIT:          0 MISS:          0 MSHR_MERGE:          0
cpu0->cpu0_DTLB TRANSLATION  ACCESS:          0 HIT:          0 MISS:          0 MSHR_MERGE:          0
cpu0->cpu0_DTLB PREFETCH REQUESTED:          0 ISSUED:          0 USEFUL:          0 USELESS:          0
cpu0->cpu0_DTLB AVERAGE MISS LATENCY: 18.85 cycles
cpu0->LLC TOTAL        ACCESS:   10862420 HIT:    4109723 MISS:    6752697 MSHR_MERGE:          0
cpu0->LLC LOAD         ACCESS:    2411955 HIT:    1039345 MISS:    1372610 MSHR_MERGE:          0
cpu0->LLC RFO          ACCESS:      26480 HIT:        939 MISS:      25541 MSHR_MERGE:          0
cpu0->LLC PREFETCH     ACCESS:    6968715 HIT:    2440503 MISS:    4528212 MSHR_MERGE:          0
cpu0->LLC WRITE        ACCESS:    1436343 HIT:     626303 MISS:     810040 MSHR_MERGE:          0
cpu0->LLC TRANSLATION  ACCESS:      18927 HIT:       2633 MISS:      16294 MSHR_MERGE:          0
cpu0->LLC PREFETCH REQUESTED:          0 ISSUED:          0 USEFUL:          0 USELESS:          0
cpu0->LLC AVERAGE MISS LATENCY: 353.6 cycles

DRAM Statistics

Channel 0 RQ ROW_BUFFER_HIT:     250343
  ROW_BUFFER_MISS:    5688606
  AVG DBUS CONGESTED CYCLE: 4.048
Channel 0 WQ ROW_BUFFER_HIT:      38806
  ROW_BUFFER_MISS:     925926
  FULL:          0
Channel 0 REFRESHES ISSUED:      35401
