[VMEM] WARNING: physical memory size is smaller than virtual memory size.

*** ChampSim Multicore Out-of-Order Simulator ***
Warmup Instructions: 10000000
Simulation Instructions: 50000000
Number of CPUs: 1
Page size: 4096
Core 0: traces/sssp-14.trace.gz
 L1D Berti prefetcher
Off-chip DRAM Size: 64 GiB Channels: 1 Width: 64-bit Data Rate: 800 MT/s
Heartbeat CPU 0 instructions: 500004 cycles: 181880 heartbeat IPC: 2.749 cumulative IPC: 2.749 (Simulation time: 00 hr 00 min 01 sec)
Heartbeat CPU 0 instructions: 1000004 cycles: 359201 heartbeat IPC: 2.82 cumulative IPC: 2.784 (Simulation time: 00 hr 00 min 02 sec)
Heartbeat CPU 0 instructions: 1500004 cycles: 512442 heartbeat IPC: 3.263 cumulative IPC: 2.927 (Simulation time: 00 hr 00 min 03 sec)
Heartbeat CPU 0 instructions: 2000010 cycles: 615695 heartbeat IPC: 4.843 cumulative IPC: 3.248 (Simulation time: 00 hr 00 min 04 sec)
Heartbeat CPU 0 instructions: 2500014 cycles: 718941 heartbeat IPC: 4.843 cumulative IPC: 3.477 (Simulation time: 00 hr 00 min 05 sec)
Heartbeat CPU 0 instructions: 3000019 cycles: 825748 heartbeat IPC: 4.681 cumulative IPC: 3.633 (Simulation time: 00 hr 00 min 06 sec)
Heartbeat CPU 0 instructions: 3500024 cycles: 932294 heartbeat IPC: 4.693 cumulative IPC: 3.754 (Simulation time: 00 hr 00 min 07 sec)
Heartbeat CPU 0 instructions: 4000027 cycles: 1037478 heartbeat IPC: 4.754 cumulative IPC: 3.856 (Simulation time: 00 hr 00 min 08 sec)
Heartbeat CPU 0 instructions: 4500028 cycles: 1144340 heartbeat IPC: 4.679 cumulative IPC: 3.932 (Simulation time: 00 hr 00 min 09 sec)
Heartbeat CPU 0 instructions: 5000031 cycles: 1249560 heartbeat IPC: 4.752 cumulative IPC: 4.001 (Simulation time: 00 hr 00 min 11 sec)
Heartbeat CPU 0 instructions: 5500032 cycles: 1357400 heartbeat IPC: 4.637 cumulative IPC: 4.052 (Simulation time: 00 hr 00 min 12 sec)
Heartbeat CPU 0 instructions: 6000038 cycles: 1464276 heartbeat IPC: 4.678 cumulative IPC: 4.098 (Simulation time: 00 hr 00 min 13 sec)
Heartbeat CPU 0 instructions: 6500040 cycles: 1570517 heartbeat IPC: 4.706 cumulative IPC: 4.139 (Simulation time: 00 hr 00 min 14 sec)
Heartbeat CPU 0 instructions: 7000047 cycles: 1677247 heartbeat IPC: 4.685 cumulative IPC: 4.174 (Simulation time: 00 hr 00 min 15 sec)
Heartbeat CPU 0 instructions: 7500052 cycles: 1783918 heartbeat IPC: 4.687 cumulative IPC: 4.204 (Simulation time: 00 hr 00 min 16 sec)
Heartbeat CPU 0 instructions: 8000056 cycles: 1890878 heartbeat IPC: 4.675 cumulative IPC: 4.231 (Simulation time: 00 hr 00 min 17 sec)
Heartbeat CPU 0 instructions: 8500056 cycles: 1999747 heartbeat IPC: 4.593 cumulative IPC: 4.251 (Simulation time: 00 hr 00 min 18 sec)
Heartbeat CPU 0 instructions: 9000058 cycles: 2106578 heartbeat IPC: 4.68 cumulative IPC: 4.272 (Simulation time: 00 hr 00 min 19 sec)
Heartbeat CPU 0 instructions: 9500064 cycles: 2213383 heartbeat IPC: 4.681 cumulative IPC: 4.292 (Simulation time: 00 hr 00 min 20 sec)
Warmup finished CPU 0 instructions: 10000004 cycles: 2319676 cumulative IPC: 4.311 (Simulation time: 00 hr 00 min 21 sec)
Warmup complete CPU 0 instructions: 10000004 cycles: 2319676 cumulative IPC: 4.311 (Simulation time: 00 hr 00 min 21 sec)
Heartbeat CPU 0 instructions: 10000071 cycles: 2319692 heartbeat IPC: 4.703 cumulative IPC: 4.188 (Simulation time: 00 hr 00 min 21 sec)
Heartbeat CPU 0 instructions: 10500071 cycles: 3665416 heartbeat IPC: 0.3715 cumulative IPC: 0.3716 (Simulation time: 00 hr 00 min 26 sec)
Heartbeat CPU 0 instructions: 11000071 cycles: 5249079 heartbeat IPC: 0.3157 cumulative IPC: 0.3414 (Simulation time: 00 hr 00 min 31 sec)
Heartbeat CPU 0 instructions: 11500078 cycles: 6644637 heartbeat IPC: 0.3583 cumulative IPC: 0.3468 (Simulation time: 00 hr 00 min 36 sec)
Heartbeat CPU 0 instructions: 12000082 cycles: 8130002 heartbeat IPC: 0.3366 cumulative IPC: 0.3442 (Simulation time: 00 hr 00 min 41 sec)
Heartbeat CPU 0 instructions: 12500082 cycles: 9759243 heartbeat IPC: 0.3069 cumulative IPC: 0.3361 (Simulation time: 00 hr 00 min 47 sec)
Heartbeat CPU 0 instructions: 13000085 cycles: 11143068 heartbeat IPC: 0.3613 cumulative IPC: 0.34 (Simulation time: 00 hr 00 min 51 sec)
Heartbeat CPU 0 instructions: 13500086 cycles: 12403260 heartbeat IPC: 0.3968 cumulative IPC: 0.3471 (Simulation time: 00 hr 00 min 56 sec)
Heartbeat CPU 0 instructions: 14000091 cycles: 13811025 heartbeat IPC: 0.3552 cumulative IPC: 0.3481 (Simulation time: 00 hr 01 min 01 sec)
Heartbeat CPU 0 instructions: 14500096 cycles: 15305710 heartbeat IPC: 0.3345 cumulative IPC: 0.3465 (Simulation time: 00 hr 01 min 06 sec)
Heartbeat CPU 0 instructions: 15000096 cycles: 16577407 heartbeat IPC: 0.3932 cumulative IPC: 0.3507 (Simulation time: 00 hr 01 min 10 sec)
Heartbeat CPU 0 instructions: 15500097 cycles: 17912930 heartbeat IPC: 0.3744 cumulative IPC: 0.3527 (Simulation time: 00 hr 01 min 15 sec)
Heartbeat CPU 0 instructions: 16000104 cycles: 19239585 heartbeat IPC: 0.3769 cumulative IPC: 0.3546 (Simulation time: 00 hr 01 min 20 sec)
Heartbeat CPU 0 instructions: 16500105 cycles: 20640110 heartbeat IPC: 0.357 cumulative IPC: 0.3548 (Simulation time: 00 hr 01 min 25 sec)
Heartbeat CPU 0 instructions: 17000108 cycles: 21668820 heartbeat IPC: 0.486 cumulative IPC: 0.3618 (Simulation time: 00 hr 01 min 29 sec)
Heartbeat CPU 0 instructions: 17500108 cycles: 22383706 heartbeat IPC: 0.6994 cumulative IPC: 0.3738 (Simulation time: 00 hr 01 min 32 sec)
Heartbeat CPU 0 instructions: 18000111 cycles: 23200144 heartbeat IPC: 0.6124 cumulative IPC: 0.3831 (Simulation time: 00 hr 01 min 35 sec)
Heartbeat CPU 0 instructions: 18500112 cycles: 24062232 heartbeat IPC: 0.58 cumulative IPC: 0.3909 (Simulation time: 00 hr 01 min 38 sec)
Heartbeat CPU 0 instructions: 19000118 cycles: 25294297 heartbeat IPC: 0.4058 cumulative IPC: 0.3917 (Simulation time: 00 hr 01 min 43 sec)
Heartbeat CPU 0 instructions: 19500119 cycles: 26754593 heartbeat IPC: 0.3424 cumulative IPC: 0.3888 (Simulation time: 00 hr 01 min 48 sec)
Heartbeat CPU 0 instructions: 20000120 cycles: 28101988 heartbeat IPC: 0.3711 cumulative IPC: 0.3879 (Simulation time: 00 hr 01 min 53 sec)
Heartbeat CPU 0 instructions: 20500124 cycles: 29594352 heartbeat IPC: 0.335 cumulative IPC: 0.385 (Simulation time: 00 hr 01 min 58 sec)
Heartbeat CPU 0 instructions: 21000126 cycles: 30918825 heartbeat IPC: 0.3775 cumulative IPC: 0.3846 (Simulation time: 00 hr 02 min 03 sec)
Heartbeat CPU 0 instructions: 21500129 cycles: 32362395 heartbeat IPC: 0.3464 cumulative IPC: 0.3828 (Simulation time: 00 hr 02 min 08 sec)
Heartbeat CPU 0 instructions: 22000130 cycles: 33727549 heartbeat IPC: 0.3663 cumulative IPC: 0.3821 (Simulation time: 00 hr 02 min 13 sec)
Heartbeat CPU 0 instructions: 22500131 cycles: 35074095 heartbeat IPC: 0.3713 cumulative IPC: 0.3816 (Simulation time: 00 hr 02 min 18 sec)
Heartbeat CPU 0 instructions: 23000131 cycles: 36508384 heartbeat IPC: 0.3486 cumulative IPC: 0.3802 (Simulation time: 00 hr 02 min 23 sec)
Heartbeat CPU 0 instructions: 23500133 cycles: 37684483 heartbeat IPC: 0.4251 cumulative IPC: 0.3817 (Simulation time: 00 hr 02 min 28 sec)
Heartbeat CPU 0 instructions: 24000134 cycles: 38883770 heartbeat IPC: 0.4169 cumulative IPC: 0.3829 (Simulation time: 00 hr 02 min 32 sec)
Heartbeat CPU 0 instructions: 24500135 cycles: 40193001 heartbeat IPC: 0.3819 cumulative IPC: 0.3829 (Simulation time: 00 hr 02 min 37 sec)
Heartbeat CPU 0 instructions: 25000142 cycles: 41445776 heartbeat IPC: 0.3991 cumulative IPC: 0.3834 (Simulation time: 00 hr 02 min 42 sec)
Heartbeat CPU 0 instructions: 25500143 cycles: 42665795 heartbeat IPC: 0.4098 cumulative IPC: 0.3842 (Simulation time: 00 hr 02 min 47 sec)
Heartbeat CPU 0 instructions: 26000149 cycles: 43943655 heartbeat IPC: 0.3913 cumulative IPC: 0.3844 (Simulation time: 00 hr 02 min 51 sec)
Heartbeat CPU 0 instructions: 26500149 cycles: 45388532 heartbeat IPC: 0.3461 cumulative IPC: 0.3831 (Simulation time: 00 hr 02 min 57 sec)
Heartbeat CPU 0 instructions: 27000149 cycles: 46708131 heartbeat IPC: 0.3789 cumulative IPC: 0.383 (Simulation time: 00 hr 03 min 02 sec)
Heartbeat CPU 0 instructions: 27500149 cycles: 48070166 heartbeat IPC: 0.3671 cumulative IPC: 0.3825 (Simulation time: 00 hr 03 min 07 sec)
Heartbeat CPU 0 instructions: 28000154 cycles: 49241061 heartbeat IPC: 0.427 cumulative IPC: 0.3836 (Simulation time: 00 hr 03 min 11 sec)
Heartbeat CPU 0 instructions: 28500156 cycles: 50515819 heartbeat IPC: 0.3922 cumulative IPC: 0.3839 (Simulation time: 00 hr 03 min 16 sec)
Heartbeat CPU 0 instructions: 29000163 cycles: 51986994 heartbeat IPC: 0.3399 cumulative IPC: 0.3825 (Simulation time: 00 hr 03 min 21 sec)
Heartbeat CPU 0 instructions: 29500170 cycles: 53582033 heartbeat IPC: 0.3135 cumulative IPC: 0.3804 (Simulation time: 00 hr 03 min 27 sec)
Heartbeat CPU 0 instructions: 30000176 cycles: 55086796 heartbeat IPC: 0.3323 cumulative IPC: 0.379 (Simulation time: 00 hr 03 min 33 sec)
Heartbeat CPU 0 instructions: 30500180 cycles: 56259981 heartbeat IPC: 0.4262 cumulative IPC: 0.3801 (Simulation time: 00 hr 03 min 37 sec)
Heartbeat CPU 0 instructions: 31000183 cycles: 57670204 heartbeat IPC: 0.3546 cumulative IPC: 0.3794 (Simulation time: 00 hr 03 min 42 sec)
Heartbeat CPU 0 instructions: 31500184 cycles: 58811298 heartbeat IPC: 0.4382 cumulative IPC: 0.3806 (Simulation time: 00 hr 03 min 47 sec)
Heartbeat CPU 0 instructions: 32000186 cycles: 60018588 heartbeat IPC: 0.4142 cumulative IPC: 0.3813 (Simulation time: 00 hr 03 min 52 sec)
Heartbeat CPU 0 instructions: 32500192 cycles: 61219328 heartbeat IPC: 0.4164 cumulative IPC: 0.382 (Simulation time: 00 hr 03 min 56 sec)
Heartbeat CPU 0 instructions: 33000197 cycles: 62391840 heartbeat IPC: 0.4264 cumulative IPC: 0.3829 (Simulation time: 00 hr 04 min 01 sec)
Heartbeat CPU 0 instructions: 33500199 cycles: 63632334 heartbeat IPC: 0.4031 cumulative IPC: 0.3833 (Simulation time: 00 hr 04 min 06 sec)
Heartbeat CPU 0 instructions: 34000201 cycles: 65181583 heartbeat IPC: 0.3227 cumulative IPC: 0.3818 (Simulation time: 00 hr 04 min 11 sec)
Heartbeat CPU 0 instructions: 34500202 cycles: 66714967 heartbeat IPC: 0.3261 cumulative IPC: 0.3805 (Simulation time: 00 hr 04 min 17 sec)
Heartbeat CPU 0 instructions: 35000202 cycles: 67881363 heartbeat IPC: 0.4287 cumulative IPC: 0.3813 (Simulation time: 00 hr 04 min 22 sec)
Heartbeat CPU 0 instructions: 35500205 cycles: 69058114 heartbeat IPC: 0.4249 cumulative IPC: 0.3821 (Simulation time: 00 hr 04 min 26 sec)
Heartbeat CPU 0 instructions: 36000208 cycles: 70193034 heartbeat IPC: 0.4406 cumulative IPC: 0.3831 (Simulation time: 00 hr 04 min 31 sec)
Heartbeat CPU 0 instructions: 36500210 cycles: 71416625 heartbeat IPC: 0.4086 cumulative IPC: 0.3835 (Simulation time: 00 hr 04 min 36 sec)
Heartbeat CPU 0 instructions: 37000215 cycles: 72578601 heartbeat IPC: 0.4303 cumulative IPC: 0.3843 (Simulation time: 00 hr 04 min 40 sec)
Heartbeat CPU 0 instructions: 37500215 cycles: 73747687 heartbeat IPC: 0.4277 cumulative IPC: 0.385 (Simulation time: 00 hr 04 min 45 sec)
Heartbeat CPU 0 instructions: 38000216 cycles: 75157368 heartbeat IPC: 0.3547 cumulative IPC: 0.3844 (Simulation time: 00 hr 04 min 50 sec)
Heartbeat CPU 0 instructions: 38500221 cycles: 76432276 heartbeat IPC: 0.3922 cumulative IPC: 0.3846 (Simulation time: 00 hr 04 min 55 sec)
Heartbeat CPU 0 instructions: 39000222 cycles: 77827722 heartbeat IPC: 0.3583 cumulative IPC: 0.3841 (Simulation time: 00 hr 05 min 01 sec)
Heartbeat CPU 0 instructions: 39500229 cycles: 79161889 heartbeat IPC: 0.3748 cumulative IPC: 0.3839 (Simulation time: 00 hr 05 min 06 sec)
Heartbeat CPU 0 instructions: 40000229 cycles: 80274500 heartbeat IPC: 0.4494 cumulative IPC: 0.3848 (Simulation time: 00 hr 05 min 11 sec)
Heartbeat CPU 0 instructions: 40500230 cycles: 81408059 heartbeat IPC: 0.4411 cumulative IPC: 0.3856 (Simulation time: 00 hr 05 min 15 sec)
Heartbeat CPU 0 instructions: 41000231 cycles: 82652773 heartbeat IPC: 0.4017 cumulative IPC: 0.3859 (Simulation time: 00 hr 05 min 20 sec)
Heartbeat CPU 0 instructions: 41500234 cycles: 83765358 heartbeat IPC: 0.4494 cumulative IPC: 0.3868 (Simulation time: 00 hr 05 min 25 sec)
Heartbeat CPU 0 instructions: 42000238 cycles: 85051929 heartbeat IPC: 0.3886 cumulative IPC: 0.3868 (Simulation time: 00 hr 05 min 30 sec)
Heartbeat CPU 0 instructions: 42500242 cycles: 86514887 heartbeat IPC: 0.3418 cumulative IPC: 0.386 (Simulation time: 00 hr 05 min 36 sec)
Heartbeat CPU 0 instructions: 43000248 cycles: 87761935 heartbeat IPC: 0.401 cumulative IPC: 0.3862 (Simulation time: 00 hr 05 min 41 sec)
Heartbeat CPU 0 instructions: 43500252 cycles: 89049802 heartbeat IPC: 0.3882 cumulative IPC: 0.3863 (Simulation time: 00 hr 05 min 46 sec)
Heartbeat CPU 0 instructions: 44000253 cycles: 90258047 heartbeat IPC: 0.4138 cumulative IPC: 0.3866 (Simulation time: 00 hr 05 min 50 sec)
Heartbeat CPU 0 instructions: 44500253 cycles: 91481082 heartbeat IPC: 0.4088 cumulative IPC: 0.3869 (Simulation time: 00 hr 05 min 55 sec)
Heartbeat CPU 0 instructions: 45000257 cycles: 92706674 heartbeat IPC: 0.408 cumulative IPC: 0.3872 (Simulation time: 00 hr 06 min 00 sec)
Heartbeat CPU 0 instructions: 45500261 cycles: 94035693 heartbeat IPC: 0.3762 cumulative IPC: 0.3871 (Simulation time: 00 hr 06 min 05 sec)
Heartbeat CPU 0 instructions: 46000267 cycles: 95328171 heartbeat IPC: 0.3869 cumulative IPC: 0.3871 (Simulation time: 00 hr 06 min 10 sec)
Heartbeat CPU 0 instructions: 46500268 cycles: 96608447 heartbeat IPC: 0.3905 cumulative IPC: 0.3871 (Simulation time: 00 hr 06 min 15 sec)
Heartbeat CPU 0 instructions: 47000269 cycles: 97824141 heartbeat IPC: 0.4113 cumulative IPC: 0.3874 (Simulation time: 00 hr 06 min 20 sec)
Heartbeat CPU 0 instructions: 47500275 cycles: 98944565 heartbeat IPC: 0.4463 cumulative IPC: 0.3881 (Simulation time: 00 hr 06 min 25 sec)
Heartbeat CPU 0 instructions: 48000275 cycles: 100191939 heartbeat IPC: 0.4008 cumulative IPC: 0.3883 (Simulation time: 00 hr 06 min 30 sec)
Heartbeat CPU 0 instructions: 48500277 cycles: 101482907 heartbeat IPC: 0.3873 cumulative IPC: 0.3883 (Simulation time: 00 hr 06 min 35 sec)
Heartbeat CPU 0 instructions: 49000277 cycles: 102583404 heartbeat IPC: 0.4543 cumulative IPC: 0.389 (Simulation time: 00 hr 06 min 40 sec)
Heartbeat CPU 0 instructions: 49500283 cycles: 103671476 heartbeat IPC: 0.4595 cumulative IPC: 0.3897 (Simulation time: 00 hr 06 min 44 sec)
Heartbeat CPU 0 instructions: 50000286 cycles: 104756364 heartbeat IPC: 0.4609 cumulative IPC: 0.3905 (Simulation time: 00 hr 06 min 48 sec)
Heartbeat CPU 0 instructions: 50500288 cycles: 106022496 heartbeat IPC: 0.3949 cumulative IPC: 0.3905 (Simulation time: 00 hr 06 min 53 sec)
Heartbeat CPU 0 instructions: 51000288 cycles: 107270808 heartbeat IPC: 0.4005 cumulative IPC: 0.3907 (Simulation time: 00 hr 06 min 58 sec)
Heartbeat CPU 0 instructions: 51500293 cycles: 108337517 heartbeat IPC: 0.4687 cumulative IPC: 0.3914 (Simulation time: 00 hr 07 min 03 sec)
Heartbeat CPU 0 instructions: 52000297 cycles: 109412028 heartbeat IPC: 0.4653 cumulative IPC: 0.3922 (Simulation time: 00 hr 07 min 07 sec)
Heartbeat CPU 0 instructions: 52500298 cycles: 110526679 heartbeat IPC: 0.4486 cumulative IPC: 0.3928 (Simulation time: 00 hr 07 min 12 sec)
Heartbeat CPU 0 instructions: 53000301 cycles: 111700741 heartbeat IPC: 0.4259 cumulative IPC: 0.3931 (Simulation time: 00 hr 07 min 17 sec)
Heartbeat CPU 0 instructions: 53500302 cycles: 112914348 heartbeat IPC: 0.412 cumulative IPC: 0.3933 (Simulation time: 00 hr 07 min 22 sec)
Heartbeat CPU 0 instructions: 54000306 cycles: 114135012 heartbeat IPC: 0.4096 cumulative IPC: 0.3935 (Simulation time: 00 hr 07 min 27 sec)
Heartbeat CPU 0 instructions: 54500312 cycles: 115285636 heartbeat IPC: 0.4346 cumulative IPC: 0.3939 (Simulation time: 00 hr 07 min 31 sec)
Heartbeat CPU 0 instructions: 55000319 cycles: 116733700 heartbeat IPC: 0.3453 cumulative IPC: 0.3933 (Simulation time: 00 hr 07 min 37 sec)
Heartbeat CPU 0 instructions: 55500326 cycles: 118015685 heartbeat IPC: 0.39 cumulative IPC: 0.3933 (Simulation time: 00 hr 07 min 42 sec)
Heartbeat CPU 0 instructions: 56000328 cycles: 119102612 heartbeat IPC: 0.46 cumulative IPC: 0.3939 (Simulation time: 00 hr 07 min 47 sec)
Heartbeat CPU 0 instructions: 56500328 cycles: 120311237 heartbeat IPC: 0.4137 cumulative IPC: 0.3941 (Simulation time: 00 hr 07 min 52 sec)
Heartbeat CPU 0 instructions: 57000328 cycles: 121527978 heartbeat IPC: 0.4109 cumulative IPC: 0.3943 (Simulation time: 00 hr 07 min 57 sec)
Heartbeat CPU 0 instructions: 57500329 cycles: 122611446 heartbeat IPC: 0.4615 cumulative IPC: 0.3949 (Simulation time: 00 hr 08 min 01 sec)
Heartbeat CPU 0 instructions: 58000334 cycles: 123796388 heartbeat IPC: 0.422 cumulative IPC: 0.3951 (Simulation time: 00 hr 08 min 06 sec)
Heartbeat CPU 0 instructions: 58500337 cycles: 125187444 heartbeat IPC: 0.3594 cumulative IPC: 0.3947 (Simulation time: 00 hr 08 min 12 sec)
Heartbeat CPU 0 instructions: 59000338 cycles: 126437706 heartbeat IPC: 0.3999 cumulative IPC: 0.3948 (Simulation time: 00 hr 08 min 17 sec)
Heartbeat CPU 0 instructions: 59500338 cycles: 127534634 heartbeat IPC: 0.4558 cumulative IPC: 0.3953 (Simulation time: 00 hr 08 min 21 sec)
Simulation finished CPU 0 instructions: 50000002 cycles: 126396928 cumulative IPC: 0.3956 (Simulation time: 00 hr 08 min 26 sec)
Simulation complete CPU 0 instructions: 50000002 cycles: 126396928 cumulative IPC: 0.3956 (Simulation time: 00 hr 08 min 26 sec)

ChampSim completed all CPUs

=== Simulation ===
CPU 0 runs traces/sssp-14.trace.gz

Region of Interest Statistics

CPU 0 cumulative IPC: 0.3956 instructions: 50000002 cycles: 126396928
CPU 0 Branch Prediction Accuracy: 94.07% MPKI: 8.732 Average ROB Occupancy at Mispredict: 57.78
Branch type MPKI
BRANCH_DIRECT_JUMP: 6e-05
BRANCH_INDIRECT: 0
BRANCH_CONDITIONAL: 8.732
BRANCH_DIRECT_CALL: 0
BRANCH_INDIRECT_CALL: 0
BRANCH_RETURN: 0

cpu0->cpu0_STLB TOTAL        ACCESS:     949424 HIT:     938813 MISS:      10611 MSHR_MERGE:          0
cpu0->cpu0_STLB LOAD         ACCESS:     949424 HIT:     938813 MISS:      10611 MSHR_MERGE:          0
cpu0->cpu0_STLB RFO          ACCESS:          0 HIT:          0 MISS:          0 MSHR_MERGE:          0
cpu0->cpu0_STLB PREFETCH     ACCESS:          0 HIT:          0 MISS:          0 MSHR_MERGE:          0
cpu0->cpu0_STLB WRITE        ACCESS:          0 HIT:          0 MISS:          0 MSHR_MERGE:          0
cpu0->cpu0_STLB TRANSLATION  ACCESS:          0 HIT:          0 MISS:          0 MSHR_MERGE:          0
cpu0->cpu0_STLB PREFETCH REQUESTED:          0 ISSUED:          0 USEFUL:          0 USELESS:          0
cpu0->cpu0_STLB AVERAGE MISS LATENCY: 396.5 cycles
cpu0->cpu0_L2C TOTAL        ACCESS:   10458173 HIT:    5780128 MISS:    4678045 MSHR_MERGE:     867630
cpu0->cpu0_L2C LOAD         ACCESS:    1887281 HIT:    1010339 MISS:     876942 MSHR_MERGE:      62901
cpu0->cpu0_L2C RFO          ACCESS:     296537 HIT:     236263 MISS:      60274 MSHR_MERGE:         10
cpu0->cpu0_L2C PREFETCH     ACCESS:    7472889 HIT:    3738743 MISS:    3734146 MSHR_MERGE:     804719
cpu0->cpu0_L2C WRITE        ACCESS:     791788 HIT:     791712 MISS:         76 MSHR_MERGE:          0
cpu0->cpu0_L2C TRANSLATION  ACCESS:       9678 HIT:       3071 MISS:       6607 MSHR_MERGE:          0
cpu0->cpu0_L2C PREFETCH REQUESTED:    7364201 ISSUED:    6346830 USEFUL:     749547 USELESS:    1667116
cpu0->cpu0_L2C AVERAGE MISS LATENCY: 218 cycles
cpu0->cpu0_L1I TOTAL        ACCESS:    2023609 HIT:    2023608 MISS:          1 MSHR_MERGE:          0
cpu0->cpu0_L1I LOAD         ACCESS:    2023609 HIT:    2023608 MISS:          1 MSHR_MERGE:          0
cpu0->cpu0_L1I RFO          ACCESS:          0 HIT:          0 MISS:          0 MSHR_MERGE:          0
cpu0->cpu0_L1I PREFETCH     ACCESS:          0 HIT:          0 MISS:          0 MSHR_MERGE:          0
cpu0->cpu0_L1I WRITE        ACCESS:          0 HIT:          0 MISS:          0 MSHR_MERGE:          0
cpu0->cpu0_L1I TRANSLATION  ACCESS:          0 HIT:          0 MISS:          0 MSHR_MERGE:          0
cpu0->cpu0_L1I PREFETCH REQUESTED:          0 ISSUED:          0 USEFUL:          0 USELESS:          0
cpu0->cpu0_L1I AVERAGE MISS LATENCY: 477 cycles
cpu0->cpu0_L1D TOTAL        ACCESS:   15588928 HIT:   11973525 MISS:    3615403 MSHR_MERGE:     295836
cpu0->cpu0_L1D LOAD         ACCESS:   12707434 HIT:   10664163 MISS:    2043271 MSHR_MERGE:     155990
cpu0->cpu0_L1D RFO          ACCESS:          0 HIT:          0 MISS:          0 MSHR_MERGE:          0
cpu0->cpu0_L1D PREFETCH     ACCESS:    1398473 HIT:     244993 MISS:    1153480 MSHR_MERGE:      27418
cpu0->cpu0_L1D WRITE        ACCESS:    1460631 HIT:    1051733 MISS:     408898 MSHR_MERGE:     112352
cpu0->cpu0_L1D TRANSLATION  ACCESS:      22390 HIT:      12636 MISS:       9754 MSHR_MERGE:         76
cpu0->cpu0_L1D PREFETCH REQUESTED:    1416092 ISSUED:    1398468 USEFUL:     373220 USELESS:     752771
cpu0->cpu0_L1D AVERAGE MISS LATENCY: 104.5 cycles
cpu0->cpu0_ITLB TOTAL        ACCESS:    2020655 HIT:    2020655 MISS:          0 MSHR_MERGE:          0
cpu0->cpu0_ITLB LOAD         ACCESS:    2020655 HIT:    2020655 MISS:          0 MSHR_MERGE:          0
cpu0->cpu0_ITLB RFO          ACCESS:          0 HIT:          0 MISS:          0 MSHR_MERGE:          0
cpu0->cpu0_ITLB PREFETCH     ACCESS:          0 HIT:          0 MISS:          0 MSHR_MERGE:          0
cpu0->cpu0_ITLB WRITE        ACCESS:          0 HIT:          0 MISS:          0 MSHR_MERGE:          0
cpu0->cpu0_ITLB TRANSLATION  ACCESS:          0 HIT:          0 MISS:          0 MSHR_MERGE:          0
cpu0->cpu0_ITLB PREFETCH REQUESTED:          0 ISSUED:          0 USEFUL:          0 USELESS:          0
cpu0->cpu0_ITLB AVERAGE MISS LATENCY: - cycles
cpu0->cpu0_DTLB TOTAL        ACCESS:   15158856 HIT:   13942740 MISS:    1216116 MSHR_MERGE:     266692
cpu0->cpu0_DTLB LOAD         ACCESS:   15158856 HIT:   13942740 MISS:    1216116 MSHR_MERGE:     266692
cpu0->cpu0_DTLB RFO          ACCESS:          0 HIT:          0 MISS:          0 MSHR_MERGE:          0
cpu0->cpu0_DTLB PREFETCH     ACCESS:          0 HIT:          0 MISS:          0 MSHR_MERGE:          0
cpu0->cpu0_DTLB WRITE        ACCESS:          0 HIT:          0 MISS:          0 MSHR_MERGE:          0
cpu0->cpu0_DTLB TRANSLATION  ACCESS:          0 HIT:          0 MISS:          0 MSHR_MERGE:          0
cpu0->cpu0_DTLB PREFETCH REQUESTED:          0 ISSUED:          0 USEFUL:          0 USELESS:          0
cpu0->cpu0_DTLB AVERAGE MISS LATENCY: 9.448 cycles
cpu0->LLC TOTAL        ACCESS:    4279517 HIT:    2514821 MISS:    1764696 MSHR_MERGE:          0
cpu0->LLC LOAD         ACCESS:     814041 HIT:     551345 MISS:     262696 MSHR_MERGE:          0
cpu0->LLC RFO          ACCESS:      60264 HIT:       4671 MISS:      55593 MSHR_MERGE:          0
cpu0->LLC PREFETCH     ACCESS:    2929427 HIT:    1670773 MISS:    1258654 MSHR_MERGE:          0
cpu0->LLC WRITE        ACCESS:     469178 HIT:     287864 MISS:     181314 MSHR_MERGE:          0
cpu0->LLC TRANSLATION  ACCESS:       6607 HIT:        168 MISS:       6439 MSHR_MERGE:          0
cpu0->LLC PREFETCH REQUESTED:          0 ISSUED:          0 USEFUL:          0 USELESS:          0
cpu0->LLC AVERAGE MISS LATENCY: 327.3 cycles

DRAM Statistics

Channel 0 RQ ROW_BUFFER_HIT:      69119
  ROW_BUFFER_MISS:    1511187
  AVG DBUS CONGESTED CYCLE: 4.043
Channel 0 WQ ROW_BUFFER_HIT:      18365
  ROW_BUFFER_MISS:     214068
  FULL:          0
Channel 0 REFRESHES ISSUED:      10533
