[VMEM] WARNING: physical memory size is smaller than virtual memory size.

*** ChampSim Multicore Out-of-Order Simulator ***
Warmup Instructions: 10000000
Simulation Instructions: 50000000
Number of CPUs: 1
Page size: 4096
Core 0: traces/GAP/bc-0.trace.gz
Off-chip DRAM Size: 64 GiB Channels: 1 Width: 64-bit Data Rate: 4807 MT/s
Heartbeat CPU 0 instructions: 500003 cycles: 508668 heartbeat IPC: 0.983 cumulative IPC: 0.983 (Simulation time: 00 hr 00 min 02 sec)
Heartbeat CPU 0 instructions: 1000003 cycles: 1015072 heartbeat IPC: 0.9874 cumulative IPC: 0.9852 (Simulation time: 00 hr 00 min 04 sec)
Heartbeat CPU 0 instructions: 1500003 cycles: 1521007 heartbeat IPC: 0.9883 cumulative IPC: 0.9862 (Simulation time: 00 hr 00 min 06 sec)
Heartbeat CPU 0 instructions: 2000010 cycles: 1876278 heartbeat IPC: 1.407 cumulative IPC: 1.066 (Simulation time: 00 hr 00 min 08 sec)
Heartbeat CPU 0 instructions: 2500014 cycles: 1985089 heartbeat IPC: 4.595 cumulative IPC: 1.259 (Simulation time: 00 hr 00 min 09 sec)
Heartbeat CPU 0 instructions: 3000019 cycles: 2089942 heartbeat IPC: 4.769 cumulative IPC: 1.435 (Simulation time: 00 hr 00 min 10 sec)
Heartbeat CPU 0 instructions: 3500026 cycles: 2197641 heartbeat IPC: 4.643 cumulative IPC: 1.593 (Simulation time: 00 hr 00 min 11 sec)
Heartbeat CPU 0 instructions: 4000026 cycles: 2300096 heartbeat IPC: 4.88 cumulative IPC: 1.739 (Simulation time: 00 hr 00 min 12 sec)
Heartbeat CPU 0 instructions: 4500033 cycles: 2412067 heartbeat IPC: 4.466 cumulative IPC: 1.866 (Simulation time: 00 hr 00 min 13 sec)
Heartbeat CPU 0 instructions: 5000039 cycles: 2523379 heartbeat IPC: 4.492 cumulative IPC: 1.981 (Simulation time: 00 hr 00 min 14 sec)
Heartbeat CPU 0 instructions: 5500042 cycles: 2628987 heartbeat IPC: 4.735 cumulative IPC: 2.092 (Simulation time: 00 hr 00 min 15 sec)
Heartbeat CPU 0 instructions: 6000047 cycles: 2740114 heartbeat IPC: 4.499 cumulative IPC: 2.19 (Simulation time: 00 hr 00 min 17 sec)
Heartbeat CPU 0 instructions: 6500050 cycles: 2846413 heartbeat IPC: 4.704 cumulative IPC: 2.284 (Simulation time: 00 hr 00 min 18 sec)
Heartbeat CPU 0 instructions: 7000053 cycles: 2954677 heartbeat IPC: 4.618 cumulative IPC: 2.369 (Simulation time: 00 hr 00 min 19 sec)
Heartbeat CPU 0 instructions: 7500053 cycles: 3056888 heartbeat IPC: 4.892 cumulative IPC: 2.453 (Simulation time: 00 hr 00 min 20 sec)
Heartbeat CPU 0 instructions: 8000056 cycles: 3164485 heartbeat IPC: 4.647 cumulative IPC: 2.528 (Simulation time: 00 hr 00 min 20 sec)
Heartbeat CPU 0 instructions: 8500057 cycles: 3269415 heartbeat IPC: 4.765 cumulative IPC: 2.6 (Simulation time: 00 hr 00 min 22 sec)
Heartbeat CPU 0 instructions: 9000057 cycles: 3380380 heartbeat IPC: 4.506 cumulative IPC: 2.662 (Simulation time: 00 hr 00 min 23 sec)
Heartbeat CPU 0 instructions: 9500063 cycles: 3486132 heartbeat IPC: 4.728 cumulative IPC: 2.725 (Simulation time: 00 hr 00 min 24 sec)
Warmup finished CPU 0 instructions: 10000000 cycles: 3590758 cumulative IPC: 2.785 (Simulation time: 00 hr 00 min 25 sec)
Warmup complete CPU 0 instructions: 10000000 cycles: 3590758 cumulative IPC: 2.785 (Simulation time: 00 hr 00 min 25 sec)
Heartbeat CPU 0 instructions: 10000070 cycles: 3590982 heartbeat IPC: 4.769 cumulative IPC: 0.3125 (Simulation time: 00 hr 00 min 25 sec)
Heartbeat CPU 0 instructions: 10500070 cycles: 5840112 heartbeat IPC: 0.2223 cumulative IPC: 0.2223 (Simulation time: 00 hr 00 min 33 sec)
Heartbeat CPU 0 instructions: 11000070 cycles: 8068036 heartbeat IPC: 0.2244 cumulative IPC: 0.2234 (Simulation time: 00 hr 00 min 41 sec)
Heartbeat CPU 0 instructions: 11500071 cycles: 10238572 heartbeat IPC: 0.2304 cumulative IPC: 0.2256 (Simulation time: 00 hr 00 min 49 sec)
Heartbeat CPU 0 instructions: 12000076 cycles: 12742468 heartbeat IPC: 0.1997 cumulative IPC: 0.2185 (Simulation time: 00 hr 00 min 58 sec)
Heartbeat CPU 0 instructions: 12500077 cycles: 15105745 heartbeat IPC: 0.2116 cumulative IPC: 0.2171 (Simulation time: 00 hr 01 min 06 sec)
Heartbeat CPU 0 instructions: 13000079 cycles: 17405553 heartbeat IPC: 0.2174 cumulative IPC: 0.2172 (Simulation time: 00 hr 01 min 15 sec)
Heartbeat CPU 0 instructions: 13500085 cycles: 19712864 heartbeat IPC: 0.2167 cumulative IPC: 0.2171 (Simulation time: 00 hr 01 min 24 sec)
Heartbeat CPU 0 instructions: 14000091 cycles: 22003194 heartbeat IPC: 0.2183 cumulative IPC: 0.2172 (Simulation time: 00 hr 01 min 32 sec)
Heartbeat CPU 0 instructions: 14500093 cycles: 24250168 heartbeat IPC: 0.2225 cumulative IPC: 0.2178 (Simulation time: 00 hr 01 min 40 sec)
Heartbeat CPU 0 instructions: 15000094 cycles: 26487602 heartbeat IPC: 0.2235 cumulative IPC: 0.2184 (Simulation time: 00 hr 01 min 48 sec)
Heartbeat CPU 0 instructions: 15500099 cycles: 28773120 heartbeat IPC: 0.2188 cumulative IPC: 0.2184 (Simulation time: 00 hr 01 min 56 sec)
Heartbeat CPU 0 instructions: 16000100 cycles: 31037112 heartbeat IPC: 0.2208 cumulative IPC: 0.2186 (Simulation time: 00 hr 02 min 04 sec)
Heartbeat CPU 0 instructions: 16500104 cycles: 33301630 heartbeat IPC: 0.2208 cumulative IPC: 0.2188 (Simulation time: 00 hr 02 min 12 sec)
Heartbeat CPU 0 instructions: 17000106 cycles: 35618282 heartbeat IPC: 0.2158 cumulative IPC: 0.2186 (Simulation time: 00 hr 02 min 20 sec)
Heartbeat CPU 0 instructions: 17500108 cycles: 37936729 heartbeat IPC: 0.2157 cumulative IPC: 0.2184 (Simulation time: 00 hr 02 min 28 sec)
Heartbeat CPU 0 instructions: 18000109 cycles: 40620680 heartbeat IPC: 0.1863 cumulative IPC: 0.216 (Simulation time: 00 hr 02 min 38 sec)
Heartbeat CPU 0 instructions: 18500112 cycles: 42945033 heartbeat IPC: 0.2151 cumulative IPC: 0.216 (Simulation time: 00 hr 02 min 46 sec)
Heartbeat CPU 0 instructions: 19000118 cycles: 45212936 heartbeat IPC: 0.2205 cumulative IPC: 0.2162 (Simulation time: 00 hr 02 min 54 sec)
Heartbeat CPU 0 instructions: 19500123 cycles: 47512261 heartbeat IPC: 0.2175 cumulative IPC: 0.2163 (Simulation time: 00 hr 03 min 02 sec)
Heartbeat CPU 0 instructions: 20000129 cycles: 49861042 heartbeat IPC: 0.2129 cumulative IPC: 0.2161 (Simulation time: 00 hr 03 min 10 sec)
Heartbeat CPU 0 instructions: 20500131 cycles: 52170719 heartbeat IPC: 0.2165 cumulative IPC: 0.2161 (Simulation time: 00 hr 03 min 18 sec)
Heartbeat CPU 0 instructions: 21000134 cycles: 54518812 heartbeat IPC: 0.2129 cumulative IPC: 0.216 (Simulation time: 00 hr 03 min 27 sec)
Heartbeat CPU 0 instructions: 21500136 cycles: 56772687 heartbeat IPC: 0.2218 cumulative IPC: 0.2162 (Simulation time: 00 hr 03 min 34 sec)
Heartbeat CPU 0 instructions: 22000136 cycles: 59118547 heartbeat IPC: 0.2131 cumulative IPC: 0.2161 (Simulation time: 00 hr 03 min 42 sec)
Heartbeat CPU 0 instructions: 22500138 cycles: 61499988 heartbeat IPC: 0.21 cumulative IPC: 0.2159 (Simulation time: 00 hr 03 min 51 sec)
Heartbeat CPU 0 instructions: 23000140 cycles: 63869306 heartbeat IPC: 0.211 cumulative IPC: 0.2157 (Simulation time: 00 hr 03 min 59 sec)
Heartbeat CPU 0 instructions: 23500145 cycles: 66229340 heartbeat IPC: 0.2119 cumulative IPC: 0.2155 (Simulation time: 00 hr 04 min 07 sec)
Heartbeat CPU 0 instructions: 24000145 cycles: 68641215 heartbeat IPC: 0.2073 cumulative IPC: 0.2152 (Simulation time: 00 hr 04 min 15 sec)
Heartbeat CPU 0 instructions: 24500145 cycles: 70971915 heartbeat IPC: 0.2145 cumulative IPC: 0.2152 (Simulation time: 00 hr 04 min 23 sec)
Heartbeat CPU 0 instructions: 25000151 cycles: 73345051 heartbeat IPC: 0.2107 cumulative IPC: 0.215 (Simulation time: 00 hr 04 min 32 sec)
Heartbeat CPU 0 instructions: 25500152 cycles: 75736631 heartbeat IPC: 0.2091 cumulative IPC: 0.2148 (Simulation time: 00 hr 04 min 40 sec)
Heartbeat CPU 0 instructions: 26000158 cycles: 78091039 heartbeat IPC: 0.2124 cumulative IPC: 0.2148 (Simulation time: 00 hr 04 min 48 sec)
Heartbeat CPU 0 instructions: 26500158 cycles: 80461051 heartbeat IPC: 0.211 cumulative IPC: 0.2146 (Simulation time: 00 hr 04 min 56 sec)
Heartbeat CPU 0 instructions: 27000161 cycles: 82818947 heartbeat IPC: 0.2121 cumulative IPC: 0.2146 (Simulation time: 00 hr 05 min 04 sec)
Heartbeat CPU 0 instructions: 27500162 cycles: 85215461 heartbeat IPC: 0.2086 cumulative IPC: 0.2144 (Simulation time: 00 hr 05 min 12 sec)
Heartbeat CPU 0 instructions: 28000162 cycles: 87514834 heartbeat IPC: 0.2175 cumulative IPC: 0.2145 (Simulation time: 00 hr 05 min 20 sec)
Heartbeat CPU 0 instructions: 28500165 cycles: 89818932 heartbeat IPC: 0.217 cumulative IPC: 0.2145 (Simulation time: 00 hr 05 min 27 sec)
Heartbeat CPU 0 instructions: 29000167 cycles: 92208436 heartbeat IPC: 0.2092 cumulative IPC: 0.2144 (Simulation time: 00 hr 05 min 35 sec)
Heartbeat CPU 0 instructions: 29500168 cycles: 94558813 heartbeat IPC: 0.2127 cumulative IPC: 0.2144 (Simulation time: 00 hr 05 min 43 sec)
Heartbeat CPU 0 instructions: 30000168 cycles: 96988150 heartbeat IPC: 0.2058 cumulative IPC: 0.2141 (Simulation time: 00 hr 05 min 52 sec)
Heartbeat CPU 0 instructions: 30500175 cycles: 99350709 heartbeat IPC: 0.2116 cumulative IPC: 0.2141 (Simulation time: 00 hr 05 min 59 sec)
Heartbeat CPU 0 instructions: 31000180 cycles: 101693094 heartbeat IPC: 0.2135 cumulative IPC: 0.2141 (Simulation time: 00 hr 06 min 07 sec)
Heartbeat CPU 0 instructions: 31500186 cycles: 104106723 heartbeat IPC: 0.2072 cumulative IPC: 0.2139 (Simulation time: 00 hr 06 min 15 sec)
Heartbeat CPU 0 instructions: 32000190 cycles: 106535938 heartbeat IPC: 0.2058 cumulative IPC: 0.2137 (Simulation time: 00 hr 06 min 23 sec)
Heartbeat CPU 0 instructions: 32500192 cycles: 109278886 heartbeat IPC: 0.1823 cumulative IPC: 0.2129 (Simulation time: 00 hr 13 min 10 sec)
Heartbeat CPU 0 instructions: 33000193 cycles: 111791230 heartbeat IPC: 0.199 cumulative IPC: 0.2126 (Simulation time: 00 hr 13 min 23 sec)
Heartbeat CPU 0 instructions: 33500193 cycles: 114167359 heartbeat IPC: 0.2104 cumulative IPC: 0.2125 (Simulation time: 00 hr 13 min 49 sec)
Heartbeat CPU 0 instructions: 34000193 cycles: 116518480 heartbeat IPC: 0.2127 cumulative IPC: 0.2125 (Simulation time: 00 hr 14 min 20 sec)
Heartbeat CPU 0 instructions: 34500195 cycles: 118917076 heartbeat IPC: 0.2085 cumulative IPC: 0.2124 (Simulation time: 00 hr 14 min 31 sec)
Heartbeat CPU 0 instructions: 35000199 cycles: 121309614 heartbeat IPC: 0.209 cumulative IPC: 0.2124 (Simulation time: 00 hr 17 min 36 sec)
Heartbeat CPU 0 instructions: 35500201 cycles: 123812103 heartbeat IPC: 0.1998 cumulative IPC: 0.2121 (Simulation time: 00 hr 17 min 53 sec)
Heartbeat CPU 0 instructions: 36000207 cycles: 126501310 heartbeat IPC: 0.1859 cumulative IPC: 0.2115 (Simulation time: 00 hr 18 min 06 sec)
Heartbeat CPU 0 instructions: 36500207 cycles: 128923775 heartbeat IPC: 0.2064 cumulative IPC: 0.2114 (Simulation time: 00 hr 18 min 31 sec)
Heartbeat CPU 0 instructions: 37000208 cycles: 131320341 heartbeat IPC: 0.2086 cumulative IPC: 0.2114 (Simulation time: 00 hr 18 min 42 sec)
Heartbeat CPU 0 instructions: 37500209 cycles: 133828118 heartbeat IPC: 0.1994 cumulative IPC: 0.2112 (Simulation time: 00 hr 19 min 17 sec)
Heartbeat CPU 0 instructions: 38000210 cycles: 136290808 heartbeat IPC: 0.203 cumulative IPC: 0.211 (Simulation time: 00 hr 19 min 29 sec)
Heartbeat CPU 0 instructions: 38500211 cycles: 138629645 heartbeat IPC: 0.2138 cumulative IPC: 0.2111 (Simulation time: 00 hr 20 min 52 sec)
Heartbeat CPU 0 instructions: 39000211 cycles: 141058251 heartbeat IPC: 0.2059 cumulative IPC: 0.211 (Simulation time: 00 hr 21 min 02 sec)
Heartbeat CPU 0 instructions: 39500211 cycles: 143771277 heartbeat IPC: 0.1843 cumulative IPC: 0.2104 (Simulation time: 00 hr 21 min 12 sec)
Heartbeat CPU 0 instructions: 40000211 cycles: 146197636 heartbeat IPC: 0.2061 cumulative IPC: 0.2104 (Simulation time: 00 hr 36 min 21 sec)
Heartbeat CPU 0 instructions: 40500215 cycles: 148541399 heartbeat IPC: 0.2133 cumulative IPC: 0.2104 (Simulation time: 00 hr 51 min 27 sec)
Heartbeat CPU 0 instructions: 41000221 cycles: 150985555 heartbeat IPC: 0.2046 cumulative IPC: 0.2103 (Simulation time: 00 hr 52 min 26 sec)
Heartbeat CPU 0 instructions: 41500221 cycles: 153467068 heartbeat IPC: 0.2015 cumulative IPC: 0.2102 (Simulation time: 00 hr 54 min 22 sec)
Heartbeat CPU 0 instructions: 42000221 cycles: 155930201 heartbeat IPC: 0.203 cumulative IPC: 0.2101 (Simulation time: 00 hr 54 min 30 sec)
Heartbeat CPU 0 instructions: 42500222 cycles: 158425392 heartbeat IPC: 0.2004 cumulative IPC: 0.2099 (Simulation time: 00 hr 54 min 38 sec)
Heartbeat CPU 0 instructions: 43000227 cycles: 161028895 heartbeat IPC: 0.1921 cumulative IPC: 0.2096 (Simulation time: 00 hr 54 min 47 sec)
Heartbeat CPU 0 instructions: 43500228 cycles: 163612950 heartbeat IPC: 0.1935 cumulative IPC: 0.2093 (Simulation time: 00 hr 54 min 56 sec)
Heartbeat CPU 0 instructions: 44000234 cycles: 166042229 heartbeat IPC: 0.2058 cumulative IPC: 0.2093 (Simulation time: 00 hr 55 min 03 sec)
Heartbeat CPU 0 instructions: 44500235 cycles: 168766482 heartbeat IPC: 0.1835 cumulative IPC: 0.2089 (Simulation time: 00 hr 55 min 12 sec)
Heartbeat CPU 0 instructions: 45000235 cycles: 171232421 heartbeat IPC: 0.2028 cumulative IPC: 0.2088 (Simulation time: 00 hr 55 min 20 sec)
Heartbeat CPU 0 instructions: 45500240 cycles: 173994836 heartbeat IPC: 0.181 cumulative IPC: 0.2083 (Simulation time: 00 hr 55 min 29 sec)
Heartbeat CPU 0 instructions: 46000241 cycles: 176453547 heartbeat IPC: 0.2034 cumulative IPC: 0.2083 (Simulation time: 00 hr 55 min 37 sec)
Heartbeat CPU 0 instructions: 46500241 cycles: 178917269 heartbeat IPC: 0.2029 cumulative IPC: 0.2082 (Simulation time: 00 hr 55 min 45 sec)
Heartbeat CPU 0 instructions: 47000243 cycles: 181369616 heartbeat IPC: 0.2039 cumulative IPC: 0.2081 (Simulation time: 00 hr 55 min 52 sec)
Heartbeat CPU 0 instructions: 47500243 cycles: 183781669 heartbeat IPC: 0.2073 cumulative IPC: 0.2081 (Simulation time: 00 hr 56 min 00 sec)
Heartbeat CPU 0 instructions: 48000244 cycles: 186213692 heartbeat IPC: 0.2056 cumulative IPC: 0.2081 (Simulation time: 00 hr 56 min 08 sec)
Heartbeat CPU 0 instructions: 48500244 cycles: 188647392 heartbeat IPC: 0.2054 cumulative IPC: 0.208 (Simulation time: 00 hr 56 min 16 sec)
Heartbeat CPU 0 instructions: 49000244 cycles: 191118429 heartbeat IPC: 0.2023 cumulative IPC: 0.208 (Simulation time: 00 hr 56 min 23 sec)
Heartbeat CPU 0 instructions: 49500245 cycles: 193538552 heartbeat IPC: 0.2066 cumulative IPC: 0.208 (Simulation time: 00 hr 56 min 31 sec)
Heartbeat CPU 0 instructions: 50000245 cycles: 196000119 heartbeat IPC: 0.2031 cumulative IPC: 0.2079 (Simulation time: 00 hr 56 min 39 sec)
Heartbeat CPU 0 instructions: 50500245 cycles: 198433905 heartbeat IPC: 0.2054 cumulative IPC: 0.2079 (Simulation time: 00 hr 56 min 46 sec)
Heartbeat CPU 0 instructions: 51000245 cycles: 200887839 heartbeat IPC: 0.2038 cumulative IPC: 0.2078 (Simulation time: 00 hr 56 min 54 sec)
Heartbeat CPU 0 instructions: 51500251 cycles: 203336793 heartbeat IPC: 0.2042 cumulative IPC: 0.2078 (Simulation time: 00 hr 57 min 01 sec)
Heartbeat CPU 0 instructions: 52000254 cycles: 205780330 heartbeat IPC: 0.2046 cumulative IPC: 0.2077 (Simulation time: 00 hr 57 min 09 sec)
Heartbeat CPU 0 instructions: 52500259 cycles: 208264162 heartbeat IPC: 0.2013 cumulative IPC: 0.2076 (Simulation time: 00 hr 57 min 17 sec)
Heartbeat CPU 0 instructions: 53000260 cycles: 211003560 heartbeat IPC: 0.1825 cumulative IPC: 0.2073 (Simulation time: 00 hr 57 min 26 sec)
Heartbeat CPU 0 instructions: 53500261 cycles: 213489764 heartbeat IPC: 0.2011 cumulative IPC: 0.2072 (Simulation time: 00 hr 57 min 34 sec)
Heartbeat CPU 0 instructions: 54000261 cycles: 215886585 heartbeat IPC: 0.2086 cumulative IPC: 0.2073 (Simulation time: 00 hr 57 min 42 sec)
Heartbeat CPU 0 instructions: 54500264 cycles: 218275960 heartbeat IPC: 0.2093 cumulative IPC: 0.2073 (Simulation time: 00 hr 57 min 49 sec)
Heartbeat CPU 0 instructions: 55000271 cycles: 220666154 heartbeat IPC: 0.2092 cumulative IPC: 0.2073 (Simulation time: 00 hr 57 min 56 sec)
Heartbeat CPU 0 instructions: 55500271 cycles: 223097027 heartbeat IPC: 0.2057 cumulative IPC: 0.2073 (Simulation time: 00 hr 58 min 04 sec)
Heartbeat CPU 0 instructions: 56000274 cycles: 225535889 heartbeat IPC: 0.205 cumulative IPC: 0.2073 (Simulation time: 00 hr 58 min 12 sec)
Heartbeat CPU 0 instructions: 56500275 cycles: 228017808 heartbeat IPC: 0.2015 cumulative IPC: 0.2072 (Simulation time: 00 hr 58 min 19 sec)
Heartbeat CPU 0 instructions: 57000275 cycles: 230425912 heartbeat IPC: 0.2076 cumulative IPC: 0.2072 (Simulation time: 00 hr 58 min 27 sec)
Heartbeat CPU 0 instructions: 57500277 cycles: 232879735 heartbeat IPC: 0.2038 cumulative IPC: 0.2072 (Simulation time: 00 hr 58 min 35 sec)
Heartbeat CPU 0 instructions: 58000283 cycles: 235410506 heartbeat IPC: 0.1976 cumulative IPC: 0.2071 (Simulation time: 00 hr 58 min 43 sec)
Heartbeat CPU 0 instructions: 58500287 cycles: 238214120 heartbeat IPC: 0.1783 cumulative IPC: 0.2067 (Simulation time: 00 hr 58 min 53 sec)
Heartbeat CPU 0 instructions: 59000287 cycles: 240704955 heartbeat IPC: 0.2007 cumulative IPC: 0.2067 (Simulation time: 00 hr 59 min 01 sec)
Heartbeat CPU 0 instructions: 59500289 cycles: 243273038 heartbeat IPC: 0.1947 cumulative IPC: 0.2065 (Simulation time: 00 hr 59 min 09 sec)
Simulation finished CPU 0 instructions: 50000001 cycles: 242421236 cumulative IPC: 0.2063 (Simulation time: 00 hr 59 min 18 sec)
Simulation complete CPU 0 instructions: 50000001 cycles: 242421236 cumulative IPC: 0.2063 (Simulation time: 00 hr 59 min 18 sec)

ChampSim completed all CPUs

=== Simulation ===
CPU 0 runs traces/GAP/bc-0.trace.gz

Region of Interest Statistics

CPU 0 cumulative IPC: 0.2063 instructions: 50000001 cycles: 242421236
CPU 0 Branch Prediction Accuracy: 87.71% MPKI: 23.18 Average ROB Occupancy at Mispredict: 36.28
Branch type MPKI
BRANCH_DIRECT_JUMP: 0
BRANCH_INDIRECT: 0
BRANCH_CONDITIONAL: 23.18
BRANCH_DIRECT_CALL: 0
BRANCH_INDIRECT_CALL: 0
BRANCH_RETURN: 0

cpu0->cpu0_STLB TOTAL        ACCESS:    1443974 HIT:     769748 MISS:     674226 MSHR_MERGE:          0
cpu0->cpu0_STLB LOAD         ACCESS:    1443974 HIT:     769748 MISS:     674226 MSHR_MERGE:          0
cpu0->cpu0_STLB RFO          ACCESS:          0 HIT:          0 MISS:          0 MSHR_MERGE:          0
cpu0->cpu0_STLB PREFETCH     ACCESS:          0 HIT:          0 MISS:          0 MSHR_MERGE:          0
cpu0->cpu0_STLB WRITE        ACCESS:          0 HIT:          0 MISS:          0 MSHR_MERGE:          0
cpu0->cpu0_STLB TRANSLATION  ACCESS:          0 HIT:          0 MISS:          0 MSHR_MERGE:          0
cpu0->cpu0_STLB PREFETCH REQUESTED:          0 ISSUED:          0 USEFUL:          0 USELESS:          0
cpu0->cpu0_STLB AVERAGE MISS LATENCY: 16.28 cycles
cpu0->cpu0_L2C TOTAL        ACCESS:    5690615 HIT:    3273252 MISS:    2417363 MSHR_MERGE:          0
cpu0->cpu0_L2C LOAD         ACCESS:    4115477 HIT:    1727090 MISS:    2388387 MSHR_MERGE:          0
cpu0->cpu0_L2C RFO          ACCESS:      28947 HIT:       3162 MISS:      25785 MSHR_MERGE:          0
cpu0->cpu0_L2C PREFETCH     ACCESS:          0 HIT:          0 MISS:          0 MSHR_MERGE:          0
cpu0->cpu0_L2C WRITE        ACCESS:    1329549 HIT:    1329521 MISS:         28 MSHR_MERGE:          0
cpu0->cpu0_L2C TRANSLATION  ACCESS:     216642 HIT:     213479 MISS:       3163 MSHR_MERGE:          0
cpu0->cpu0_L2C PREFETCH REQUESTED:          0 ISSUED:          0 USEFUL:          0 USELESS:          0
cpu0->cpu0_L2C AVERAGE MISS LATENCY: 153.1 cycles
cpu0->cpu0_L1I TOTAL        ACCESS:      60806 HIT:      60806 MISS:          0 MSHR_MERGE:          0
cpu0->cpu0_L1I LOAD         ACCESS:      60806 HIT:      60806 MISS:          0 MSHR_MERGE:          0
cpu0->cpu0_L1I RFO          ACCESS:          0 HIT:          0 MISS:          0 MSHR_MERGE:          0
cpu0->cpu0_L1I PREFETCH     ACCESS:          0 HIT:          0 MISS:          0 MSHR_MERGE:          0
cpu0->cpu0_L1I WRITE        ACCESS:          0 HIT:          0 MISS:          0 MSHR_MERGE:          0
cpu0->cpu0_L1I TRANSLATION  ACCESS:          0 HIT:          0 MISS:          0 MSHR_MERGE:          0
cpu0->cpu0_L1I PREFETCH REQUESTED:          0 ISSUED:          0 USEFUL:          0 USELESS:          0
cpu0->cpu0_L1I AVERAGE MISS LATENCY: - cycles
cpu0->cpu0_L1D TOTAL        ACCESS:   16800909 HIT:   12007972 MISS:    4792937 MSHR_MERGE:     431871
cpu0->cpu0_L1D LOAD         ACCESS:   12774430 HIT:    8282126 MISS:    4492304 MSHR_MERGE:     376827
cpu0->cpu0_L1D RFO          ACCESS:          0 HIT:          0 MISS:          0 MSHR_MERGE:          0
cpu0->cpu0_L1D PREFETCH     ACCESS:          0 HIT:          0 MISS:          0 MSHR_MERGE:          0
cpu0->cpu0_L1D WRITE        ACCESS:    2701678 HIT:    2628965 MISS:      72713 MSHR_MERGE:      43766
cpu0->cpu0_L1D TRANSLATION  ACCESS:    1324801 HIT:    1096881 MISS:     227920 MSHR_MERGE:      11278
cpu0->cpu0_L1D PREFETCH REQUESTED:          0 ISSUED:          0 USEFUL:          0 USELESS:          0
cpu0->cpu0_L1D AVERAGE MISS LATENCY: 93.57 cycles
cpu0->cpu0_ITLB TOTAL        ACCESS:      46596 HIT:      46596 MISS:          0 MSHR_MERGE:          0
cpu0->cpu0_ITLB LOAD         ACCESS:      46596 HIT:      46596 MISS:          0 MSHR_MERGE:          0
cpu0->cpu0_ITLB RFO          ACCESS:          0 HIT:          0 MISS:          0 MSHR_MERGE:          0
cpu0->cpu0_ITLB PREFETCH     ACCESS:          0 HIT:          0 MISS:          0 MSHR_MERGE:          0
cpu0->cpu0_ITLB WRITE        ACCESS:          0 HIT:          0 MISS:          0 MSHR_MERGE:          0
cpu0->cpu0_ITLB TRANSLATION  ACCESS:          0 HIT:          0 MISS:          0 MSHR_MERGE:          0
cpu0->cpu0_ITLB PREFETCH REQUESTED:          0 ISSUED:          0 USEFUL:          0 USELESS:          0
cpu0->cpu0_ITLB AVERAGE MISS LATENCY: - cycles
cpu0->cpu0_DTLB TOTAL        ACCESS:   15272220 HIT:   13366633 MISS:    1905587 MSHR_MERGE:     461613
cpu0->cpu0_DTLB LOAD         ACCESS:   15272220 HIT:   13366633 MISS:    1905587 MSHR_MERGE:     461613
cpu0->cpu0_DTLB RFO          ACCESS:          0 HIT:          0 MISS:          0 MSHR_MERGE:          0
cpu0->cpu0_DTLB PREFETCH     ACCESS:          0 HIT:          0 MISS:          0 MSHR_MERGE:          0
cpu0->cpu0_DTLB WRITE        ACCESS:          0 HIT:          0 MISS:          0 MSHR_MERGE:          0
cpu0->cpu0_DTLB TRANSLATION  ACCESS:          0 HIT:          0 MISS:          0 MSHR_MERGE:          0
cpu0->cpu0_DTLB PREFETCH REQUESTED:          0 ISSUED:          0 USEFUL:          0 USELESS:          0
cpu0->cpu0_DTLB AVERAGE MISS LATENCY: 13.07 cycles
cpu0->LLC TOTAL        ACCESS:    3522356 HIT:    1460967 MISS:    2061389 MSHR_MERGE:          0
cpu0->LLC LOAD         ACCESS:    2388387 HIT:     949002 MISS:    1439385 MSHR_MERGE:          0
cpu0->LLC RFO          ACCESS:      25785 HIT:       5285 MISS:      20500 MSHR_MERGE:          0
cpu0->LLC PREFETCH     ACCESS:          0 HIT:          0 MISS:          0 MSHR_MERGE:          0
cpu0->LLC WRITE        ACCESS:    1105021 HIT:     506677 MISS:     598344 MSHR_MERGE:          0
cpu0->LLC TRANSLATION  ACCESS:       3163 HIT:          3 MISS:       3160 MSHR_MERGE:          0
cpu0->LLC PREFETCH REQUESTED:          0 ISSUED:          0 USEFUL:          0 USELESS:          0
cpu0->LLC AVERAGE MISS LATENCY: 157.9 cycles

DRAM Statistics

Channel 0 RQ ROW_BUFFER_HIT:      10545
  ROW_BUFFER_MISS:    1451976
  AVG DBUS CONGESTED CYCLE: 27.79
Channel 0 WQ ROW_BUFFER_HIT:     205944
  ROW_BUFFER_MISS:     482325
  FULL:          0
Channel 0 REFRESHES ISSUED:      20200
