[VMEM] WARNING: physical memory size is smaller than virtual memory size.

*** ChampSim Multicore Out-of-Order Simulator ***
Warmup Instructions: 10000000
Simulation Instructions: 50000000
Number of CPUs: 1
Page size: 4096
Core 0: traces/bc-12.trace.gz
Off-chip DRAM Size: 64 GiB Channels: 1 Width: 64-bit Data Rate: 800 MT/s
Heartbeat CPU 0 instructions: 500001 cycles: 508754 heartbeat IPC: 0.9828 cumulative IPC: 0.9828 (Simulation time: 00 hr 00 min 02 sec)
Heartbeat CPU 0 instructions: 1000001 cycles: 1015185 heartbeat IPC: 0.9873 cumulative IPC: 0.985 (Simulation time: 00 hr 00 min 04 sec)
Heartbeat CPU 0 instructions: 1500001 cycles: 1521375 heartbeat IPC: 0.9878 cumulative IPC: 0.986 (Simulation time: 00 hr 00 min 07 sec)
Heartbeat CPU 0 instructions: 2000006 cycles: 1874932 heartbeat IPC: 1.414 cumulative IPC: 1.067 (Simulation time: 00 hr 00 min 08 sec)
Heartbeat CPU 0 instructions: 2500008 cycles: 1984683 heartbeat IPC: 4.556 cumulative IPC: 1.26 (Simulation time: 00 hr 00 min 10 sec)
Heartbeat CPU 0 instructions: 3000010 cycles: 2088141 heartbeat IPC: 4.833 cumulative IPC: 1.437 (Simulation time: 00 hr 00 min 11 sec)
Heartbeat CPU 0 instructions: 3500015 cycles: 2199652 heartbeat IPC: 4.484 cumulative IPC: 1.591 (Simulation time: 00 hr 00 min 12 sec)
Heartbeat CPU 0 instructions: 4000017 cycles: 2303888 heartbeat IPC: 4.797 cumulative IPC: 1.736 (Simulation time: 00 hr 00 min 13 sec)
Heartbeat CPU 0 instructions: 4500019 cycles: 2415038 heartbeat IPC: 4.498 cumulative IPC: 1.863 (Simulation time: 00 hr 00 min 14 sec)
Heartbeat CPU 0 instructions: 5000019 cycles: 2519422 heartbeat IPC: 4.79 cumulative IPC: 1.985 (Simulation time: 00 hr 00 min 15 sec)
Heartbeat CPU 0 instructions: 5500025 cycles: 2629468 heartbeat IPC: 4.544 cumulative IPC: 2.092 (Simulation time: 00 hr 00 min 16 sec)
Heartbeat CPU 0 instructions: 6000030 cycles: 2736177 heartbeat IPC: 4.686 cumulative IPC: 2.193 (Simulation time: 00 hr 00 min 18 sec)
Heartbeat CPU 0 instructions: 6500032 cycles: 2847353 heartbeat IPC: 4.497 cumulative IPC: 2.283 (Simulation time: 00 hr 00 min 19 sec)
Heartbeat CPU 0 instructions: 7000034 cycles: 2954038 heartbeat IPC: 4.687 cumulative IPC: 2.37 (Simulation time: 00 hr 00 min 20 sec)
Heartbeat CPU 0 instructions: 7500037 cycles: 3060480 heartbeat IPC: 4.697 cumulative IPC: 2.451 (Simulation time: 00 hr 00 min 21 sec)
Heartbeat CPU 0 instructions: 8000040 cycles: 3171064 heartbeat IPC: 4.521 cumulative IPC: 2.523 (Simulation time: 00 hr 00 min 22 sec)
Heartbeat CPU 0 instructions: 8500046 cycles: 3276628 heartbeat IPC: 4.737 cumulative IPC: 2.594 (Simulation time: 00 hr 00 min 23 sec)
Heartbeat CPU 0 instructions: 9000047 cycles: 3383873 heartbeat IPC: 4.662 cumulative IPC: 2.66 (Simulation time: 00 hr 00 min 25 sec)
Heartbeat CPU 0 instructions: 9500049 cycles: 3494218 heartbeat IPC: 4.531 cumulative IPC: 2.719 (Simulation time: 00 hr 00 min 26 sec)
Warmup finished CPU 0 instructions: 10000007 cycles: 3599346 cumulative IPC: 2.778 (Simulation time: 00 hr 00 min 27 sec)
Warmup complete CPU 0 instructions: 10000007 cycles: 3599346 cumulative IPC: 2.778 (Simulation time: 00 hr 00 min 27 sec)
Heartbeat CPU 0 instructions: 10000055 cycles: 3599352 heartbeat IPC: 4.756 cumulative IPC: 8 (Simulation time: 00 hr 00 min 27 sec)
Heartbeat CPU 0 instructions: 10500062 cycles: 6403886 heartbeat IPC: 0.1783 cumulative IPC: 0.1783 (Simulation time: 00 hr 00 min 36 sec)
Heartbeat CPU 0 instructions: 11000062 cycles: 9138383 heartbeat IPC: 0.1828 cumulative IPC: 0.1805 (Simulation time: 00 hr 00 min 45 sec)
Heartbeat CPU 0 instructions: 11500065 cycles: 11900693 heartbeat IPC: 0.181 cumulative IPC: 0.1807 (Simulation time: 00 hr 00 min 54 sec)
Heartbeat CPU 0 instructions: 12000065 cycles: 14629244 heartbeat IPC: 0.1832 cumulative IPC: 0.1813 (Simulation time: 00 hr 01 min 03 sec)
Heartbeat CPU 0 instructions: 12500071 cycles: 17335485 heartbeat IPC: 0.1848 cumulative IPC: 0.182 (Simulation time: 00 hr 01 min 12 sec)
Heartbeat CPU 0 instructions: 13000078 cycles: 20081642 heartbeat IPC: 0.1821 cumulative IPC: 0.182 (Simulation time: 00 hr 01 min 21 sec)
Heartbeat CPU 0 instructions: 13500081 cycles: 22889249 heartbeat IPC: 0.1781 cumulative IPC: 0.1814 (Simulation time: 00 hr 01 min 30 sec)
Heartbeat CPU 0 instructions: 14000087 cycles: 25691011 heartbeat IPC: 0.1785 cumulative IPC: 0.1811 (Simulation time: 00 hr 01 min 39 sec)
Heartbeat CPU 0 instructions: 14500092 cycles: 28502476 heartbeat IPC: 0.1778 cumulative IPC: 0.1807 (Simulation time: 00 hr 01 min 48 sec)
Heartbeat CPU 0 instructions: 15000093 cycles: 31353792 heartbeat IPC: 0.1754 cumulative IPC: 0.1802 (Simulation time: 00 hr 01 min 57 sec)
Heartbeat CPU 0 instructions: 15500098 cycles: 34185686 heartbeat IPC: 0.1766 cumulative IPC: 0.1798 (Simulation time: 00 hr 02 min 06 sec)
Heartbeat CPU 0 instructions: 16000099 cycles: 37090261 heartbeat IPC: 0.1721 cumulative IPC: 0.1792 (Simulation time: 00 hr 02 min 16 sec)
Heartbeat CPU 0 instructions: 16500100 cycles: 39858911 heartbeat IPC: 0.1806 cumulative IPC: 0.1793 (Simulation time: 00 hr 02 min 25 sec)
Heartbeat CPU 0 instructions: 17000100 cycles: 42755452 heartbeat IPC: 0.1726 cumulative IPC: 0.1788 (Simulation time: 00 hr 02 min 34 sec)
Heartbeat CPU 0 instructions: 17500107 cycles: 45637694 heartbeat IPC: 0.1735 cumulative IPC: 0.1784 (Simulation time: 00 hr 02 min 43 sec)
Heartbeat CPU 0 instructions: 18000108 cycles: 48479311 heartbeat IPC: 0.176 cumulative IPC: 0.1783 (Simulation time: 00 hr 02 min 52 sec)
Heartbeat CPU 0 instructions: 18500110 cycles: 51332316 heartbeat IPC: 0.1753 cumulative IPC: 0.1781 (Simulation time: 00 hr 03 min 02 sec)
Heartbeat CPU 0 instructions: 19000110 cycles: 54254008 heartbeat IPC: 0.1711 cumulative IPC: 0.1777 (Simulation time: 00 hr 03 min 11 sec)
Heartbeat CPU 0 instructions: 19500117 cycles: 57002832 heartbeat IPC: 0.1819 cumulative IPC: 0.1779 (Simulation time: 00 hr 03 min 20 sec)
Heartbeat CPU 0 instructions: 20000124 cycles: 59762363 heartbeat IPC: 0.1812 cumulative IPC: 0.1781 (Simulation time: 00 hr 03 min 29 sec)
Heartbeat CPU 0 instructions: 20500130 cycles: 62535834 heartbeat IPC: 0.1803 cumulative IPC: 0.1782 (Simulation time: 00 hr 03 min 38 sec)
Heartbeat CPU 0 instructions: 21000135 cycles: 65336790 heartbeat IPC: 0.1785 cumulative IPC: 0.1782 (Simulation time: 00 hr 03 min 47 sec)
Heartbeat CPU 0 instructions: 21500142 cycles: 68231721 heartbeat IPC: 0.1727 cumulative IPC: 0.1779 (Simulation time: 00 hr 03 min 56 sec)
Heartbeat CPU 0 instructions: 22000143 cycles: 71042283 heartbeat IPC: 0.1779 cumulative IPC: 0.1779 (Simulation time: 00 hr 04 min 05 sec)
Heartbeat CPU 0 instructions: 22500143 cycles: 73833538 heartbeat IPC: 0.1791 cumulative IPC: 0.178 (Simulation time: 00 hr 04 min 14 sec)
Heartbeat CPU 0 instructions: 23000143 cycles: 76595191 heartbeat IPC: 0.1811 cumulative IPC: 0.1781 (Simulation time: 00 hr 04 min 23 sec)
Heartbeat CPU 0 instructions: 23500149 cycles: 79407123 heartbeat IPC: 0.1778 cumulative IPC: 0.1781 (Simulation time: 00 hr 04 min 32 sec)
Heartbeat CPU 0 instructions: 24000149 cycles: 82222051 heartbeat IPC: 0.1776 cumulative IPC: 0.1781 (Simulation time: 00 hr 04 min 41 sec)
Heartbeat CPU 0 instructions: 24500155 cycles: 85052543 heartbeat IPC: 0.1766 cumulative IPC: 0.178 (Simulation time: 00 hr 04 min 50 sec)
Heartbeat CPU 0 instructions: 25000156 cycles: 87900182 heartbeat IPC: 0.1756 cumulative IPC: 0.1779 (Simulation time: 00 hr 04 min 59 sec)
Heartbeat CPU 0 instructions: 25500157 cycles: 90718009 heartbeat IPC: 0.1774 cumulative IPC: 0.1779 (Simulation time: 00 hr 05 min 08 sec)
Heartbeat CPU 0 instructions: 26000158 cycles: 93719332 heartbeat IPC: 0.1666 cumulative IPC: 0.1775 (Simulation time: 00 hr 05 min 18 sec)
Heartbeat CPU 0 instructions: 26500160 cycles: 96577855 heartbeat IPC: 0.1749 cumulative IPC: 0.1775 (Simulation time: 00 hr 05 min 27 sec)
Heartbeat CPU 0 instructions: 27000161 cycles: 99499008 heartbeat IPC: 0.1712 cumulative IPC: 0.1773 (Simulation time: 00 hr 05 min 36 sec)
Heartbeat CPU 0 instructions: 27500163 cycles: 102363863 heartbeat IPC: 0.1745 cumulative IPC: 0.1772 (Simulation time: 00 hr 05 min 45 sec)
Heartbeat CPU 0 instructions: 28000163 cycles: 105178935 heartbeat IPC: 0.1776 cumulative IPC: 0.1772 (Simulation time: 00 hr 05 min 54 sec)
Heartbeat CPU 0 instructions: 28500163 cycles: 107953981 heartbeat IPC: 0.1802 cumulative IPC: 0.1773 (Simulation time: 00 hr 06 min 03 sec)
Heartbeat CPU 0 instructions: 29000166 cycles: 110732173 heartbeat IPC: 0.18 cumulative IPC: 0.1774 (Simulation time: 00 hr 06 min 12 sec)
Heartbeat CPU 0 instructions: 29500173 cycles: 113539461 heartbeat IPC: 0.1781 cumulative IPC: 0.1774 (Simulation time: 00 hr 06 min 21 sec)
Heartbeat CPU 0 instructions: 30000176 cycles: 116338780 heartbeat IPC: 0.1786 cumulative IPC: 0.1774 (Simulation time: 00 hr 06 min 30 sec)
Heartbeat CPU 0 instructions: 30500181 cycles: 119105519 heartbeat IPC: 0.1807 cumulative IPC: 0.1775 (Simulation time: 00 hr 06 min 39 sec)
Heartbeat CPU 0 instructions: 31000182 cycles: 122054821 heartbeat IPC: 0.1695 cumulative IPC: 0.1773 (Simulation time: 00 hr 06 min 48 sec)
Heartbeat CPU 0 instructions: 31500186 cycles: 124914004 heartbeat IPC: 0.1749 cumulative IPC: 0.1772 (Simulation time: 00 hr 06 min 57 sec)
Heartbeat CPU 0 instructions: 32000187 cycles: 127731737 heartbeat IPC: 0.1774 cumulative IPC: 0.1772 (Simulation time: 00 hr 07 min 06 sec)
Heartbeat CPU 0 instructions: 32500188 cycles: 130641183 heartbeat IPC: 0.1719 cumulative IPC: 0.1771 (Simulation time: 00 hr 07 min 16 sec)
Heartbeat CPU 0 instructions: 33000195 cycles: 133533865 heartbeat IPC: 0.1729 cumulative IPC: 0.177 (Simulation time: 00 hr 07 min 25 sec)
Heartbeat CPU 0 instructions: 33500201 cycles: 136347394 heartbeat IPC: 0.1777 cumulative IPC: 0.177 (Simulation time: 00 hr 07 min 34 sec)
Heartbeat CPU 0 instructions: 34000205 cycles: 139154504 heartbeat IPC: 0.1781 cumulative IPC: 0.1771 (Simulation time: 00 hr 07 min 43 sec)
Heartbeat CPU 0 instructions: 34500207 cycles: 142002419 heartbeat IPC: 0.1756 cumulative IPC: 0.177 (Simulation time: 00 hr 07 min 52 sec)
Heartbeat CPU 0 instructions: 35000207 cycles: 144905547 heartbeat IPC: 0.1722 cumulative IPC: 0.1769 (Simulation time: 00 hr 08 min 01 sec)
Heartbeat CPU 0 instructions: 35500207 cycles: 147770649 heartbeat IPC: 0.1745 cumulative IPC: 0.1769 (Simulation time: 00 hr 08 min 10 sec)
Heartbeat CPU 0 instructions: 36000207 cycles: 150661241 heartbeat IPC: 0.173 cumulative IPC: 0.1768 (Simulation time: 00 hr 08 min 19 sec)
Heartbeat CPU 0 instructions: 36500207 cycles: 153496265 heartbeat IPC: 0.1764 cumulative IPC: 0.1768 (Simulation time: 00 hr 08 min 28 sec)
Heartbeat CPU 0 instructions: 37000212 cycles: 156260613 heartbeat IPC: 0.1809 cumulative IPC: 0.1769 (Simulation time: 00 hr 08 min 37 sec)
Heartbeat CPU 0 instructions: 37500215 cycles: 159090243 heartbeat IPC: 0.1767 cumulative IPC: 0.1769 (Simulation time: 00 hr 08 min 46 sec)
Heartbeat CPU 0 instructions: 38000217 cycles: 161986757 heartbeat IPC: 0.1726 cumulative IPC: 0.1768 (Simulation time: 00 hr 08 min 55 sec)
Heartbeat CPU 0 instructions: 38500219 cycles: 164931822 heartbeat IPC: 0.1698 cumulative IPC: 0.1767 (Simulation time: 00 hr 09 min 05 sec)
Heartbeat CPU 0 instructions: 39000219 cycles: 167788165 heartbeat IPC: 0.175 cumulative IPC: 0.1766 (Simulation time: 00 hr 09 min 14 sec)
Heartbeat CPU 0 instructions: 39500219 cycles: 170630392 heartbeat IPC: 0.1759 cumulative IPC: 0.1766 (Simulation time: 00 hr 09 min 23 sec)
Heartbeat CPU 0 instructions: 40000220 cycles: 173458324 heartbeat IPC: 0.1768 cumulative IPC: 0.1766 (Simulation time: 00 hr 09 min 32 sec)
Heartbeat CPU 0 instructions: 40500226 cycles: 176779069 heartbeat IPC: 0.1506 cumulative IPC: 0.1761 (Simulation time: 00 hr 09 min 43 sec)
Heartbeat CPU 0 instructions: 41000228 cycles: 179614808 heartbeat IPC: 0.1763 cumulative IPC: 0.1761 (Simulation time: 00 hr 09 min 52 sec)
Heartbeat CPU 0 instructions: 41500228 cycles: 182420675 heartbeat IPC: 0.1782 cumulative IPC: 0.1762 (Simulation time: 00 hr 10 min 01 sec)
Heartbeat CPU 0 instructions: 42000235 cycles: 185581913 heartbeat IPC: 0.1582 cumulative IPC: 0.1758 (Simulation time: 00 hr 10 min 11 sec)
Heartbeat CPU 0 instructions: 42500237 cycles: 188380302 heartbeat IPC: 0.1787 cumulative IPC: 0.1759 (Simulation time: 00 hr 10 min 20 sec)
Heartbeat CPU 0 instructions: 43000244 cycles: 191266032 heartbeat IPC: 0.1733 cumulative IPC: 0.1758 (Simulation time: 00 hr 10 min 29 sec)
Heartbeat CPU 0 instructions: 43500246 cycles: 194122932 heartbeat IPC: 0.175 cumulative IPC: 0.1758 (Simulation time: 00 hr 10 min 38 sec)
Heartbeat CPU 0 instructions: 44000248 cycles: 196977537 heartbeat IPC: 0.1752 cumulative IPC: 0.1758 (Simulation time: 00 hr 10 min 47 sec)
Heartbeat CPU 0 instructions: 44500249 cycles: 199857552 heartbeat IPC: 0.1736 cumulative IPC: 0.1758 (Simulation time: 00 hr 10 min 56 sec)
Heartbeat CPU 0 instructions: 45000250 cycles: 202702864 heartbeat IPC: 0.1757 cumulative IPC: 0.1758 (Simulation time: 00 hr 11 min 05 sec)
Heartbeat CPU 0 instructions: 45500250 cycles: 205542364 heartbeat IPC: 0.1761 cumulative IPC: 0.1758 (Simulation time: 00 hr 11 min 14 sec)
Heartbeat CPU 0 instructions: 46000251 cycles: 208432797 heartbeat IPC: 0.173 cumulative IPC: 0.1758 (Simulation time: 00 hr 11 min 23 sec)
Heartbeat CPU 0 instructions: 46500252 cycles: 211307732 heartbeat IPC: 0.1739 cumulative IPC: 0.1757 (Simulation time: 00 hr 11 min 32 sec)
Heartbeat CPU 0 instructions: 47000259 cycles: 214173576 heartbeat IPC: 0.1745 cumulative IPC: 0.1757 (Simulation time: 00 hr 11 min 42 sec)
Heartbeat CPU 0 instructions: 47500261 cycles: 217297626 heartbeat IPC: 0.16 cumulative IPC: 0.1755 (Simulation time: 00 hr 11 min 51 sec)
Heartbeat CPU 0 instructions: 48000265 cycles: 220190653 heartbeat IPC: 0.1728 cumulative IPC: 0.1754 (Simulation time: 00 hr 12 min 01 sec)
Heartbeat CPU 0 instructions: 48500265 cycles: 223046053 heartbeat IPC: 0.1751 cumulative IPC: 0.1754 (Simulation time: 00 hr 12 min 10 sec)
Heartbeat CPU 0 instructions: 49000266 cycles: 225984256 heartbeat IPC: 0.1702 cumulative IPC: 0.1754 (Simulation time: 00 hr 12 min 19 sec)
Heartbeat CPU 0 instructions: 49500272 cycles: 228927549 heartbeat IPC: 0.1699 cumulative IPC: 0.1753 (Simulation time: 00 hr 12 min 28 sec)
Heartbeat CPU 0 instructions: 50000273 cycles: 231837955 heartbeat IPC: 0.1718 cumulative IPC: 0.1753 (Simulation time: 00 hr 12 min 38 sec)
Heartbeat CPU 0 instructions: 50500273 cycles: 234739033 heartbeat IPC: 0.1723 cumulative IPC: 0.1752 (Simulation time: 00 hr 12 min 47 sec)
Heartbeat CPU 0 instructions: 51000279 cycles: 237579906 heartbeat IPC: 0.176 cumulative IPC: 0.1752 (Simulation time: 00 hr 12 min 56 sec)
Heartbeat CPU 0 instructions: 51500283 cycles: 240742482 heartbeat IPC: 0.1581 cumulative IPC: 0.175 (Simulation time: 00 hr 13 min 06 sec)
Heartbeat CPU 0 instructions: 52000287 cycles: 243640900 heartbeat IPC: 0.1725 cumulative IPC: 0.175 (Simulation time: 00 hr 13 min 15 sec)
Heartbeat CPU 0 instructions: 52500287 cycles: 246457332 heartbeat IPC: 0.1775 cumulative IPC: 0.175 (Simulation time: 00 hr 13 min 24 sec)
Heartbeat CPU 0 instructions: 53000287 cycles: 249586172 heartbeat IPC: 0.1598 cumulative IPC: 0.1748 (Simulation time: 00 hr 13 min 34 sec)
Heartbeat CPU 0 instructions: 53500289 cycles: 252425106 heartbeat IPC: 0.1761 cumulative IPC: 0.1748 (Simulation time: 00 hr 13 min 43 sec)
Heartbeat CPU 0 instructions: 54000293 cycles: 255229479 heartbeat IPC: 0.1783 cumulative IPC: 0.1749 (Simulation time: 00 hr 13 min 52 sec)
Heartbeat CPU 0 instructions: 54500293 cycles: 258062203 heartbeat IPC: 0.1765 cumulative IPC: 0.1749 (Simulation time: 00 hr 14 min 01 sec)
Heartbeat CPU 0 instructions: 55000297 cycles: 260944085 heartbeat IPC: 0.1735 cumulative IPC: 0.1749 (Simulation time: 00 hr 14 min 10 sec)
Heartbeat CPU 0 instructions: 55500297 cycles: 263887614 heartbeat IPC: 0.1699 cumulative IPC: 0.1748 (Simulation time: 00 hr 14 min 20 sec)
Heartbeat CPU 0 instructions: 56000299 cycles: 266797889 heartbeat IPC: 0.1718 cumulative IPC: 0.1748 (Simulation time: 00 hr 14 min 29 sec)
Heartbeat CPU 0 instructions: 56500301 cycles: 269597143 heartbeat IPC: 0.1786 cumulative IPC: 0.1748 (Simulation time: 00 hr 14 min 38 sec)
Heartbeat CPU 0 instructions: 57000306 cycles: 272480657 heartbeat IPC: 0.1734 cumulative IPC: 0.1748 (Simulation time: 00 hr 14 min 47 sec)
Heartbeat CPU 0 instructions: 57500307 cycles: 275363393 heartbeat IPC: 0.1734 cumulative IPC: 0.1748 (Simulation time: 00 hr 14 min 56 sec)
Heartbeat CPU 0 instructions: 58000308 cycles: 278526098 heartbeat IPC: 0.1581 cumulative IPC: 0.1746 (Simulation time: 00 hr 15 min 06 sec)
Heartbeat CPU 0 instructions: 58500314 cycles: 281453300 heartbeat IPC: 0.1708 cumulative IPC: 0.1746 (Simulation time: 00 hr 15 min 15 sec)
Heartbeat CPU 0 instructions: 59000314 cycles: 284270652 heartbeat IPC: 0.1775 cumulative IPC: 0.1746 (Simulation time: 00 hr 15 min 24 sec)
Heartbeat CPU 0 instructions: 59500319 cycles: 287090584 heartbeat IPC: 0.1773 cumulative IPC: 0.1746 (Simulation time: 00 hr 15 min 33 sec)
Simulation finished CPU 0 instructions: 50000000 cycles: 286294720 cumulative IPC: 0.1746 (Simulation time: 00 hr 15 min 42 sec)
Simulation complete CPU 0 instructions: 50000000 cycles: 286294720 cumulative IPC: 0.1746 (Simulation time: 00 hr 15 min 42 sec)

ChampSim completed all CPUs

=== Simulation ===
CPU 0 runs traces/bc-12.trace.gz

Region of Interest Statistics

CPU 0 cumulative IPC: 0.1746 instructions: 50000000 cycles: 286294720
CPU 0 Branch Prediction Accuracy: 84.24% MPKI: 27.38 Average ROB Occupancy at Mispredict: 36.92
Branch type MPKI
BRANCH_DIRECT_JUMP: 0
BRANCH_INDIRECT: 0
BRANCH_CONDITIONAL: 27.38
BRANCH_DIRECT_CALL: 0
BRANCH_INDIRECT_CALL: 0
BRANCH_RETURN: 0

cpu0->cpu0_STLB TOTAL        ACCESS:    1668405 HIT:     899447 MISS:     768958 MSHR_MERGE:          0
cpu0->cpu0_STLB LOAD         ACCESS:    1668405 HIT:     899447 MISS:     768958 MSHR_MERGE:          0
cpu0->cpu0_STLB RFO          ACCESS:          0 HIT:          0 MISS:          0 MSHR_MERGE:          0
cpu0->cpu0_STLB PREFETCH     ACCESS:          0 HIT:          0 MISS:          0 MSHR_MERGE:          0
cpu0->cpu0_STLB WRITE        ACCESS:          0 HIT:          0 MISS:          0 MSHR_MERGE:          0
cpu0->cpu0_STLB TRANSLATION  ACCESS:          0 HIT:          0 MISS:          0 MSHR_MERGE:          0
cpu0->cpu0_STLB PREFETCH REQUESTED:          0 ISSUED:          0 USEFUL:          0 USELESS:          0
cpu0->cpu0_STLB AVERAGE MISS LATENCY: 16.04 cycles
cpu0->cpu0_L2C TOTAL        ACCESS:    6215786 HIT:    3723705 MISS:    2492081 MSHR_MERGE:       6750
cpu0->cpu0_L2C LOAD         ACCESS:    4106878 HIT:    1869814 MISS:    2237064 MSHR_MERGE:       4340
cpu0->cpu0_L2C RFO          ACCESS:      27611 HIT:       2639 MISS:      24972 MSHR_MERGE:          0
cpu0->cpu0_L2C PREFETCH     ACCESS:     292721 HIT:      65185 MISS:     227536 MSHR_MERGE:       2410
cpu0->cpu0_L2C WRITE        ACCESS:    1528904 HIT:    1528890 MISS:         14 MSHR_MERGE:          0
cpu0->cpu0_L2C TRANSLATION  ACCESS:     259672 HIT:     257177 MISS:       2495 MSHR_MERGE:          0
cpu0->cpu0_L2C PREFETCH REQUESTED:     292717 ISSUED:     292717 USEFUL:     166698 USELESS:      54617
cpu0->cpu0_L2C AVERAGE MISS LATENCY: 214.3 cycles
cpu0->cpu0_L1I TOTAL        ACCESS:     121154 HIT:     121154 MISS:          0 MSHR_MERGE:          0
cpu0->cpu0_L1I LOAD         ACCESS:     121154 HIT:     121154 MISS:          0 MSHR_MERGE:          0
cpu0->cpu0_L1I RFO          ACCESS:          0 HIT:          0 MISS:          0 MSHR_MERGE:          0
cpu0->cpu0_L1I PREFETCH     ACCESS:          0 HIT:          0 MISS:          0 MSHR_MERGE:          0
cpu0->cpu0_L1I WRITE        ACCESS:          0 HIT:          0 MISS:          0 MSHR_MERGE:          0
cpu0->cpu0_L1I TRANSLATION  ACCESS:          0 HIT:          0 MISS:          0 MSHR_MERGE:          0
cpu0->cpu0_L1I PREFETCH REQUESTED:          0 ISSUED:          0 USEFUL:          0 USELESS:          0
cpu0->cpu0_L1I AVERAGE MISS LATENCY: - cycles
cpu0->cpu0_L1D TOTAL        ACCESS:   18067845 HIT:   13445052 MISS:    4622793 MSHR_MERGE:     228633
cpu0->cpu0_L1D LOAD         ACCESS:   13447682 HIT:    9166438 MISS:    4281244 MSHR_MERGE:     174366
cpu0->cpu0_L1D RFO          ACCESS:          0 HIT:          0 MISS:          0 MSHR_MERGE:          0
cpu0->cpu0_L1D PREFETCH     ACCESS:          0 HIT:          0 MISS:          0 MSHR_MERGE:          0
cpu0->cpu0_L1D WRITE        ACCESS:    3108164 HIT:    3039485 MISS:      68679 MSHR_MERGE:      41068
cpu0->cpu0_L1D TRANSLATION  ACCESS:    1511999 HIT:    1239129 MISS:     272870 MSHR_MERGE:      13199
cpu0->cpu0_L1D PREFETCH REQUESTED:          0 ISSUED:          0 USEFUL:          0 USELESS:          0
cpu0->cpu0_L1D AVERAGE MISS LATENCY: 119.1 cycles
cpu0->cpu0_ITLB TOTAL        ACCESS:     107820 HIT:     107820 MISS:          0 MSHR_MERGE:          0
cpu0->cpu0_ITLB LOAD         ACCESS:     107820 HIT:     107820 MISS:          0 MSHR_MERGE:          0
cpu0->cpu0_ITLB RFO          ACCESS:          0 HIT:          0 MISS:          0 MSHR_MERGE:          0
cpu0->cpu0_ITLB PREFETCH     ACCESS:          0 HIT:          0 MISS:          0 MSHR_MERGE:          0
cpu0->cpu0_ITLB WRITE        ACCESS:          0 HIT:          0 MISS:          0 MSHR_MERGE:          0
cpu0->cpu0_ITLB TRANSLATION  ACCESS:          0 HIT:          0 MISS:          0 MSHR_MERGE:          0
cpu0->cpu0_ITLB PREFETCH REQUESTED:          0 ISSUED:          0 USEFUL:          0 USELESS:          0
cpu0->cpu0_ITLB AVERAGE MISS LATENCY: - cycles
cpu0->cpu0_DTLB TOTAL        ACCESS:   16377802 HIT:   14338317 MISS:    2039485 MSHR_MERGE:     371080
cpu0->cpu0_DTLB LOAD         ACCESS:   16377802 HIT:   14338317 MISS:    2039485 MSHR_MERGE:     371080
cpu0->cpu0_DTLB RFO          ACCESS:          0 HIT:          0 MISS:          0 MSHR_MERGE:          0
cpu0->cpu0_DTLB PREFETCH     ACCESS:          0 HIT:          0 MISS:          0 MSHR_MERGE:          0
cpu0->cpu0_DTLB WRITE        ACCESS:          0 HIT:          0 MISS:          0 MSHR_MERGE:          0
cpu0->cpu0_DTLB TRANSLATION  ACCESS:          0 HIT:          0 MISS:          0 MSHR_MERGE:          0
cpu0->cpu0_DTLB PREFETCH REQUESTED:          0 ISSUED:          0 USEFUL:          0 USELESS:          0
cpu0->cpu0_DTLB AVERAGE MISS LATENCY: 12.86 cycles
cpu0->LLC TOTAL        ACCESS:    3680817 HIT:    1567306 MISS:    2113511 MSHR_MERGE:       2877
cpu0->LLC LOAD         ACCESS:    2232724 HIT:     957600 MISS:    1275124 MSHR_MERGE:       2816
cpu0->LLC RFO          ACCESS:      24972 HIT:       5458 MISS:      19514 MSHR_MERGE:          0
cpu0->LLC PREFETCH     ACCESS:     225127 HIT:      22930 MISS:     202197 MSHR_MERGE:         61
cpu0->LLC WRITE        ACCESS:    1195499 HIT:     581309 MISS:     614190 MSHR_MERGE:          0
cpu0->LLC TRANSLATION  ACCESS:       2495 HIT:          9 MISS:       2486 MSHR_MERGE:          0
cpu0->LLC PREFETCH REQUESTED:          0 ISSUED:          0 USEFUL:          0 USELESS:          0
cpu0->LLC AVERAGE MISS LATENCY: 231.6 cycles

DRAM Statistics

Channel 0 RQ ROW_BUFFER_HIT:       6971
  ROW_BUFFER_MISS:    1488414
  AVG DBUS CONGESTED CYCLE: 3.919
Channel 0 WQ ROW_BUFFER_HIT:     115533
  ROW_BUFFER_MISS:     590064
  FULL:          0
Channel 0 REFRESHES ISSUED:      23858
