[VMEM] WARNING: physical memory size is smaller than virtual memory size.

*** ChampSim Multicore Out-of-Order Simulator ***
Warmup Instructions: 10000000
Simulation Instructions: 50000000
Number of CPUs: 1
Page size: 4096
Core 0: traces/bfs-14.trace.gz
Off-chip DRAM Size: 64 GiB Channels: 1 Width: 64-bit Data Rate: 800 MT/s
Heartbeat CPU 0 instructions: 500006 cycles: 118786 heartbeat IPC: 4.209 cumulative IPC: 4.209 (Simulation time: 00 hr 00 min 01 sec)
Heartbeat CPU 0 instructions: 1000009 cycles: 232485 heartbeat IPC: 4.398 cumulative IPC: 4.301 (Simulation time: 00 hr 00 min 02 sec)
Heartbeat CPU 0 instructions: 1500014 cycles: 346889 heartbeat IPC: 4.371 cumulative IPC: 4.324 (Simulation time: 00 hr 00 min 03 sec)
Heartbeat CPU 0 instructions: 2000018 cycles: 461486 heartbeat IPC: 4.363 cumulative IPC: 4.334 (Simulation time: 00 hr 00 min 04 sec)
Heartbeat CPU 0 instructions: 2500024 cycles: 576123 heartbeat IPC: 4.362 cumulative IPC: 4.339 (Simulation time: 00 hr 00 min 05 sec)
Heartbeat CPU 0 instructions: 3000026 cycles: 690395 heartbeat IPC: 4.376 cumulative IPC: 4.345 (Simulation time: 00 hr 00 min 06 sec)
Heartbeat CPU 0 instructions: 3500033 cycles: 804559 heartbeat IPC: 4.38 cumulative IPC: 4.35 (Simulation time: 00 hr 00 min 08 sec)
Heartbeat CPU 0 instructions: 4000039 cycles: 918935 heartbeat IPC: 4.372 cumulative IPC: 4.353 (Simulation time: 00 hr 00 min 09 sec)
Heartbeat CPU 0 instructions: 4500045 cycles: 1033121 heartbeat IPC: 4.379 cumulative IPC: 4.356 (Simulation time: 00 hr 00 min 10 sec)
Heartbeat CPU 0 instructions: 5000046 cycles: 1148276 heartbeat IPC: 4.342 cumulative IPC: 4.354 (Simulation time: 00 hr 00 min 11 sec)
Heartbeat CPU 0 instructions: 5500046 cycles: 1262442 heartbeat IPC: 4.38 cumulative IPC: 4.357 (Simulation time: 00 hr 00 min 12 sec)
Heartbeat CPU 0 instructions: 6000051 cycles: 1377105 heartbeat IPC: 4.361 cumulative IPC: 4.357 (Simulation time: 00 hr 00 min 13 sec)
Heartbeat CPU 0 instructions: 6500051 cycles: 1491137 heartbeat IPC: 4.385 cumulative IPC: 4.359 (Simulation time: 00 hr 00 min 14 sec)
Heartbeat CPU 0 instructions: 7000057 cycles: 1606171 heartbeat IPC: 4.347 cumulative IPC: 4.358 (Simulation time: 00 hr 00 min 15 sec)
Heartbeat CPU 0 instructions: 7500059 cycles: 1720472 heartbeat IPC: 4.374 cumulative IPC: 4.359 (Simulation time: 00 hr 00 min 16 sec)
Heartbeat CPU 0 instructions: 8000065 cycles: 1834591 heartbeat IPC: 4.381 cumulative IPC: 4.361 (Simulation time: 00 hr 00 min 17 sec)
Heartbeat CPU 0 instructions: 8500066 cycles: 1948137 heartbeat IPC: 4.404 cumulative IPC: 4.363 (Simulation time: 00 hr 00 min 18 sec)
Heartbeat CPU 0 instructions: 9000073 cycles: 2062862 heartbeat IPC: 4.358 cumulative IPC: 4.363 (Simulation time: 00 hr 00 min 19 sec)
Heartbeat CPU 0 instructions: 9500080 cycles: 2177840 heartbeat IPC: 4.349 cumulative IPC: 4.362 (Simulation time: 00 hr 00 min 20 sec)
Warmup finished CPU 0 instructions: 10000005 cycles: 2292474 cumulative IPC: 4.362 (Simulation time: 00 hr 00 min 21 sec)
Warmup complete CPU 0 instructions: 10000005 cycles: 2292474 cumulative IPC: 4.362 (Simulation time: 00 hr 00 min 21 sec)
Heartbeat CPU 0 instructions: 10000085 cycles: 2292484 heartbeat IPC: 4.361 cumulative IPC: 8 (Simulation time: 00 hr 00 min 21 sec)
Heartbeat CPU 0 instructions: 10500085 cycles: 3508188 heartbeat IPC: 0.4113 cumulative IPC: 0.4113 (Simulation time: 00 hr 00 min 26 sec)
Heartbeat CPU 0 instructions: 11000085 cycles: 4603609 heartbeat IPC: 0.4564 cumulative IPC: 0.4327 (Simulation time: 00 hr 00 min 30 sec)
Heartbeat CPU 0 instructions: 11500085 cycles: 6842021 heartbeat IPC: 0.2234 cumulative IPC: 0.3297 (Simulation time: 00 hr 01 min 37 sec)
Heartbeat CPU 0 instructions: 12000085 cycles: 9075922 heartbeat IPC: 0.2238 cumulative IPC: 0.2948 (Simulation time: 00 hr 01 min 44 sec)
Heartbeat CPU 0 instructions: 12500087 cycles: 11303151 heartbeat IPC: 0.2245 cumulative IPC: 0.2775 (Simulation time: 00 hr 01 min 50 sec)
Heartbeat CPU 0 instructions: 13000087 cycles: 13501262 heartbeat IPC: 0.2275 cumulative IPC: 0.2677 (Simulation time: 00 hr 01 min 56 sec)
Heartbeat CPU 0 instructions: 13500090 cycles: 15675571 heartbeat IPC: 0.23 cumulative IPC: 0.2615 (Simulation time: 00 hr 02 min 02 sec)
Heartbeat CPU 0 instructions: 14000091 cycles: 17843419 heartbeat IPC: 0.2306 cumulative IPC: 0.2572 (Simulation time: 00 hr 02 min 08 sec)
Heartbeat CPU 0 instructions: 14500092 cycles: 19990691 heartbeat IPC: 0.2329 cumulative IPC: 0.2543 (Simulation time: 00 hr 02 min 14 sec)
Heartbeat CPU 0 instructions: 15000093 cycles: 22114931 heartbeat IPC: 0.2354 cumulative IPC: 0.2522 (Simulation time: 00 hr 02 min 20 sec)
Heartbeat CPU 0 instructions: 15500099 cycles: 24255331 heartbeat IPC: 0.2336 cumulative IPC: 0.2504 (Simulation time: 00 hr 02 min 26 sec)
Heartbeat CPU 0 instructions: 16000099 cycles: 26389613 heartbeat IPC: 0.2343 cumulative IPC: 0.249 (Simulation time: 00 hr 02 min 32 sec)
Heartbeat CPU 0 instructions: 16500099 cycles: 28519908 heartbeat IPC: 0.2347 cumulative IPC: 0.2478 (Simulation time: 00 hr 02 min 38 sec)
Heartbeat CPU 0 instructions: 17000099 cycles: 30664825 heartbeat IPC: 0.2331 cumulative IPC: 0.2467 (Simulation time: 00 hr 02 min 44 sec)
Heartbeat CPU 0 instructions: 17500099 cycles: 32778893 heartbeat IPC: 0.2365 cumulative IPC: 0.246 (Simulation time: 00 hr 02 min 50 sec)
Heartbeat CPU 0 instructions: 18000099 cycles: 34889573 heartbeat IPC: 0.2369 cumulative IPC: 0.2454 (Simulation time: 00 hr 02 min 56 sec)
Heartbeat CPU 0 instructions: 18500099 cycles: 37035435 heartbeat IPC: 0.233 cumulative IPC: 0.2447 (Simulation time: 00 hr 03 min 02 sec)
Heartbeat CPU 0 instructions: 19000100 cycles: 39194423 heartbeat IPC: 0.2316 cumulative IPC: 0.2439 (Simulation time: 00 hr 03 min 08 sec)
Heartbeat CPU 0 instructions: 19500100 cycles: 41342903 heartbeat IPC: 0.2327 cumulative IPC: 0.2433 (Simulation time: 00 hr 03 min 14 sec)
Heartbeat CPU 0 instructions: 20000102 cycles: 43497083 heartbeat IPC: 0.2321 cumulative IPC: 0.2427 (Simulation time: 00 hr 03 min 20 sec)
Heartbeat CPU 0 instructions: 20500102 cycles: 45669616 heartbeat IPC: 0.2301 cumulative IPC: 0.2421 (Simulation time: 00 hr 03 min 26 sec)
Heartbeat CPU 0 instructions: 21000102 cycles: 47839562 heartbeat IPC: 0.2304 cumulative IPC: 0.2415 (Simulation time: 00 hr 03 min 32 sec)
Heartbeat CPU 0 instructions: 21500102 cycles: 50009282 heartbeat IPC: 0.2304 cumulative IPC: 0.241 (Simulation time: 00 hr 03 min 38 sec)
Heartbeat CPU 0 instructions: 22000107 cycles: 52187581 heartbeat IPC: 0.2295 cumulative IPC: 0.2405 (Simulation time: 00 hr 03 min 44 sec)
Heartbeat CPU 0 instructions: 22500108 cycles: 54381188 heartbeat IPC: 0.2279 cumulative IPC: 0.24 (Simulation time: 00 hr 03 min 50 sec)
Heartbeat CPU 0 instructions: 23000114 cycles: 56528789 heartbeat IPC: 0.2328 cumulative IPC: 0.2397 (Simulation time: 00 hr 03 min 56 sec)
Heartbeat CPU 0 instructions: 23500118 cycles: 58683821 heartbeat IPC: 0.232 cumulative IPC: 0.2394 (Simulation time: 00 hr 04 min 02 sec)
Heartbeat CPU 0 instructions: 24000121 cycles: 60840142 heartbeat IPC: 0.2319 cumulative IPC: 0.2391 (Simulation time: 00 hr 04 min 08 sec)
Heartbeat CPU 0 instructions: 24500123 cycles: 63006698 heartbeat IPC: 0.2308 cumulative IPC: 0.2388 (Simulation time: 00 hr 04 min 14 sec)
Heartbeat CPU 0 instructions: 25000123 cycles: 65135889 heartbeat IPC: 0.2348 cumulative IPC: 0.2387 (Simulation time: 00 hr 04 min 20 sec)
Heartbeat CPU 0 instructions: 25500128 cycles: 67326410 heartbeat IPC: 0.2283 cumulative IPC: 0.2383 (Simulation time: 00 hr 04 min 26 sec)
Heartbeat CPU 0 instructions: 26000128 cycles: 69461490 heartbeat IPC: 0.2342 cumulative IPC: 0.2382 (Simulation time: 00 hr 04 min 32 sec)
Heartbeat CPU 0 instructions: 26500129 cycles: 71631019 heartbeat IPC: 0.2305 cumulative IPC: 0.238 (Simulation time: 00 hr 04 min 38 sec)
Heartbeat CPU 0 instructions: 27000129 cycles: 73799741 heartbeat IPC: 0.2306 cumulative IPC: 0.2377 (Simulation time: 00 hr 04 min 44 sec)
Heartbeat CPU 0 instructions: 27500130 cycles: 75977030 heartbeat IPC: 0.2296 cumulative IPC: 0.2375 (Simulation time: 00 hr 04 min 50 sec)
Heartbeat CPU 0 instructions: 28000130 cycles: 78121285 heartbeat IPC: 0.2332 cumulative IPC: 0.2374 (Simulation time: 00 hr 04 min 56 sec)
Heartbeat CPU 0 instructions: 28500132 cycles: 80291744 heartbeat IPC: 0.2304 cumulative IPC: 0.2372 (Simulation time: 00 hr 05 min 02 sec)
Heartbeat CPU 0 instructions: 29000135 cycles: 82456077 heartbeat IPC: 0.231 cumulative IPC: 0.237 (Simulation time: 00 hr 05 min 08 sec)
Heartbeat CPU 0 instructions: 29500135 cycles: 84645506 heartbeat IPC: 0.2284 cumulative IPC: 0.2368 (Simulation time: 00 hr 05 min 14 sec)
Heartbeat CPU 0 instructions: 30000135 cycles: 86804162 heartbeat IPC: 0.2316 cumulative IPC: 0.2367 (Simulation time: 00 hr 05 min 20 sec)
Heartbeat CPU 0 instructions: 30500139 cycles: 88962649 heartbeat IPC: 0.2316 cumulative IPC: 0.2365 (Simulation time: 00 hr 05 min 26 sec)
Heartbeat CPU 0 instructions: 31000139 cycles: 91118913 heartbeat IPC: 0.2319 cumulative IPC: 0.2364 (Simulation time: 00 hr 05 min 32 sec)
Heartbeat CPU 0 instructions: 31500139 cycles: 93269218 heartbeat IPC: 0.2325 cumulative IPC: 0.2363 (Simulation time: 00 hr 05 min 38 sec)
Heartbeat CPU 0 instructions: 32000144 cycles: 95405876 heartbeat IPC: 0.234 cumulative IPC: 0.2363 (Simulation time: 00 hr 05 min 44 sec)
Heartbeat CPU 0 instructions: 32500149 cycles: 97587261 heartbeat IPC: 0.2292 cumulative IPC: 0.2361 (Simulation time: 00 hr 05 min 50 sec)
Heartbeat CPU 0 instructions: 33000150 cycles: 99752119 heartbeat IPC: 0.231 cumulative IPC: 0.236 (Simulation time: 00 hr 05 min 56 sec)
Heartbeat CPU 0 instructions: 33500150 cycles: 101941406 heartbeat IPC: 0.2284 cumulative IPC: 0.2358 (Simulation time: 00 hr 06 min 02 sec)
Heartbeat CPU 0 instructions: 34000151 cycles: 104116557 heartbeat IPC: 0.2299 cumulative IPC: 0.2357 (Simulation time: 00 hr 06 min 08 sec)
Heartbeat CPU 0 instructions: 34500155 cycles: 106300180 heartbeat IPC: 0.229 cumulative IPC: 0.2356 (Simulation time: 00 hr 06 min 14 sec)
Heartbeat CPU 0 instructions: 35000156 cycles: 108447592 heartbeat IPC: 0.2328 cumulative IPC: 0.2355 (Simulation time: 00 hr 06 min 20 sec)
Heartbeat CPU 0 instructions: 35500156 cycles: 110590151 heartbeat IPC: 0.2334 cumulative IPC: 0.2355 (Simulation time: 00 hr 06 min 26 sec)
Heartbeat CPU 0 instructions: 36000156 cycles: 112731602 heartbeat IPC: 0.2335 cumulative IPC: 0.2354 (Simulation time: 00 hr 06 min 32 sec)
Heartbeat CPU 0 instructions: 36500157 cycles: 114899361 heartbeat IPC: 0.2307 cumulative IPC: 0.2353 (Simulation time: 00 hr 06 min 38 sec)
Heartbeat CPU 0 instructions: 37000160 cycles: 117059135 heartbeat IPC: 0.2315 cumulative IPC: 0.2353 (Simulation time: 00 hr 06 min 44 sec)
Heartbeat CPU 0 instructions: 37500160 cycles: 119219115 heartbeat IPC: 0.2315 cumulative IPC: 0.2352 (Simulation time: 00 hr 06 min 50 sec)
Heartbeat CPU 0 instructions: 38000167 cycles: 121391664 heartbeat IPC: 0.2301 cumulative IPC: 0.2351 (Simulation time: 00 hr 06 min 56 sec)
Heartbeat CPU 0 instructions: 38500171 cycles: 123950732 heartbeat IPC: 0.1954 cumulative IPC: 0.2343 (Simulation time: 00 hr 07 min 04 sec)
Heartbeat CPU 0 instructions: 39000171 cycles: 126380122 heartbeat IPC: 0.2058 cumulative IPC: 0.2337 (Simulation time: 00 hr 07 min 10 sec)
Heartbeat CPU 0 instructions: 39500174 cycles: 128848294 heartbeat IPC: 0.2026 cumulative IPC: 0.2331 (Simulation time: 00 hr 07 min 17 sec)
Heartbeat CPU 0 instructions: 40000181 cycles: 131303999 heartbeat IPC: 0.2036 cumulative IPC: 0.2325 (Simulation time: 00 hr 07 min 24 sec)
Heartbeat CPU 0 instructions: 40500183 cycles: 133778566 heartbeat IPC: 0.2021 cumulative IPC: 0.232 (Simulation time: 00 hr 07 min 31 sec)
Heartbeat CPU 0 instructions: 41000186 cycles: 136223162 heartbeat IPC: 0.2045 cumulative IPC: 0.2315 (Simulation time: 00 hr 07 min 38 sec)
Heartbeat CPU 0 instructions: 41500187 cycles: 138682713 heartbeat IPC: 0.2033 cumulative IPC: 0.231 (Simulation time: 00 hr 07 min 45 sec)
Heartbeat CPU 0 instructions: 42000189 cycles: 141122260 heartbeat IPC: 0.205 cumulative IPC: 0.2305 (Simulation time: 00 hr 07 min 51 sec)
Heartbeat CPU 0 instructions: 42500189 cycles: 143584663 heartbeat IPC: 0.2031 cumulative IPC: 0.23 (Simulation time: 00 hr 07 min 58 sec)
Heartbeat CPU 0 instructions: 43000189 cycles: 146061666 heartbeat IPC: 0.2019 cumulative IPC: 0.2295 (Simulation time: 00 hr 08 min 05 sec)
Heartbeat CPU 0 instructions: 43500189 cycles: 148510499 heartbeat IPC: 0.2042 cumulative IPC: 0.2291 (Simulation time: 00 hr 08 min 12 sec)
Heartbeat CPU 0 instructions: 44000194 cycles: 150981290 heartbeat IPC: 0.2024 cumulative IPC: 0.2287 (Simulation time: 00 hr 08 min 19 sec)
Heartbeat CPU 0 instructions: 44500201 cycles: 153420220 heartbeat IPC: 0.205 cumulative IPC: 0.2283 (Simulation time: 00 hr 08 min 26 sec)
Heartbeat CPU 0 instructions: 45000203 cycles: 155884967 heartbeat IPC: 0.2029 cumulative IPC: 0.2279 (Simulation time: 00 hr 08 min 33 sec)
Heartbeat CPU 0 instructions: 45500203 cycles: 158336374 heartbeat IPC: 0.204 cumulative IPC: 0.2275 (Simulation time: 00 hr 08 min 39 sec)
Heartbeat CPU 0 instructions: 46000203 cycles: 160862661 heartbeat IPC: 0.1979 cumulative IPC: 0.227 (Simulation time: 00 hr 08 min 46 sec)
Heartbeat CPU 0 instructions: 46500207 cycles: 163334150 heartbeat IPC: 0.2023 cumulative IPC: 0.2267 (Simulation time: 00 hr 08 min 53 sec)
Heartbeat CPU 0 instructions: 47000212 cycles: 165786203 heartbeat IPC: 0.2039 cumulative IPC: 0.2263 (Simulation time: 00 hr 09 min 00 sec)
Heartbeat CPU 0 instructions: 47500212 cycles: 168257947 heartbeat IPC: 0.2023 cumulative IPC: 0.226 (Simulation time: 00 hr 09 min 07 sec)
Heartbeat CPU 0 instructions: 48000212 cycles: 170749225 heartbeat IPC: 0.2007 cumulative IPC: 0.2256 (Simulation time: 00 hr 09 min 14 sec)
Heartbeat CPU 0 instructions: 48500216 cycles: 173243051 heartbeat IPC: 0.2005 cumulative IPC: 0.2252 (Simulation time: 00 hr 09 min 21 sec)
Heartbeat CPU 0 instructions: 49000218 cycles: 175710468 heartbeat IPC: 0.2026 cumulative IPC: 0.2249 (Simulation time: 00 hr 09 min 28 sec)
Heartbeat CPU 0 instructions: 49500219 cycles: 178146493 heartbeat IPC: 0.2053 cumulative IPC: 0.2246 (Simulation time: 00 hr 09 min 34 sec)
Heartbeat CPU 0 instructions: 50000221 cycles: 180321183 heartbeat IPC: 0.2299 cumulative IPC: 0.2247 (Simulation time: 00 hr 09 min 41 sec)
Heartbeat CPU 0 instructions: 50500223 cycles: 182191255 heartbeat IPC: 0.2674 cumulative IPC: 0.2251 (Simulation time: 00 hr 09 min 46 sec)
Heartbeat CPU 0 instructions: 51000225 cycles: 184033755 heartbeat IPC: 0.2714 cumulative IPC: 0.2256 (Simulation time: 00 hr 09 min 51 sec)
Heartbeat CPU 0 instructions: 51500226 cycles: 185876014 heartbeat IPC: 0.2714 cumulative IPC: 0.2261 (Simulation time: 00 hr 09 min 56 sec)
Heartbeat CPU 0 instructions: 52000228 cycles: 187564894 heartbeat IPC: 0.2961 cumulative IPC: 0.2267 (Simulation time: 00 hr 10 min 01 sec)
Heartbeat CPU 0 instructions: 52500231 cycles: 189210235 heartbeat IPC: 0.3039 cumulative IPC: 0.2274 (Simulation time: 00 hr 10 min 06 sec)
Heartbeat CPU 0 instructions: 53000231 cycles: 190849842 heartbeat IPC: 0.305 cumulative IPC: 0.228 (Simulation time: 00 hr 10 min 10 sec)
Heartbeat CPU 0 instructions: 53500232 cycles: 192433576 heartbeat IPC: 0.3157 cumulative IPC: 0.2288 (Simulation time: 00 hr 10 min 15 sec)
Heartbeat CPU 0 instructions: 54000233 cycles: 194017228 heartbeat IPC: 0.3157 cumulative IPC: 0.2295 (Simulation time: 00 hr 10 min 19 sec)
Heartbeat CPU 0 instructions: 54500233 cycles: 195534007 heartbeat IPC: 0.3296 cumulative IPC: 0.2303 (Simulation time: 00 hr 10 min 24 sec)
Heartbeat CPU 0 instructions: 55000233 cycles: 197009356 heartbeat IPC: 0.3389 cumulative IPC: 0.2311 (Simulation time: 00 hr 10 min 28 sec)
Heartbeat CPU 0 instructions: 55500234 cycles: 198496325 heartbeat IPC: 0.3363 cumulative IPC: 0.2319 (Simulation time: 00 hr 10 min 32 sec)
Heartbeat CPU 0 instructions: 56000234 cycles: 199953149 heartbeat IPC: 0.3432 cumulative IPC: 0.2327 (Simulation time: 00 hr 10 min 36 sec)
Heartbeat CPU 0 instructions: 56500234 cycles: 201377938 heartbeat IPC: 0.3509 cumulative IPC: 0.2336 (Simulation time: 00 hr 10 min 40 sec)
Heartbeat CPU 0 instructions: 57000234 cycles: 202792992 heartbeat IPC: 0.3533 cumulative IPC: 0.2344 (Simulation time: 00 hr 10 min 44 sec)
Heartbeat CPU 0 instructions: 57500236 cycles: 204187003 heartbeat IPC: 0.3587 cumulative IPC: 0.2353 (Simulation time: 00 hr 10 min 48 sec)
Heartbeat CPU 0 instructions: 58000237 cycles: 205590419 heartbeat IPC: 0.3563 cumulative IPC: 0.2361 (Simulation time: 00 hr 10 min 52 sec)
Heartbeat CPU 0 instructions: 58500239 cycles: 206977352 heartbeat IPC: 0.3605 cumulative IPC: 0.237 (Simulation time: 00 hr 10 min 56 sec)
Heartbeat CPU 0 instructions: 59000241 cycles: 208351865 heartbeat IPC: 0.3638 cumulative IPC: 0.2378 (Simulation time: 00 hr 11 min 00 sec)
Heartbeat CPU 0 instructions: 59500243 cycles: 208853446 heartbeat IPC: 0.9969 cumulative IPC: 0.2396 (Simulation time: 00 hr 11 min 02 sec)
Simulation finished CPU 0 instructions: 50000006 cycles: 206661997 cumulative IPC: 0.2419 (Simulation time: 00 hr 11 min 03 sec)
Simulation complete CPU 0 instructions: 50000006 cycles: 206661997 cumulative IPC: 0.2419 (Simulation time: 00 hr 11 min 03 sec)

ChampSim completed all CPUs

=== Simulation ===
CPU 0 runs traces/bfs-14.trace.gz

Region of Interest Statistics

CPU 0 cumulative IPC: 0.2419 instructions: 50000006 cycles: 206661997
CPU 0 Branch Prediction Accuracy: 78.82% MPKI: 43.94 Average ROB Occupancy at Mispredict: 3.671
Branch type MPKI
BRANCH_DIRECT_JUMP: 0.00018
BRANCH_INDIRECT: 0
BRANCH_CONDITIONAL: 43.94
BRANCH_DIRECT_CALL: 0.0004
BRANCH_INDIRECT_CALL: 0
BRANCH_RETURN: 0.00044

cpu0->cpu0_STLB TOTAL        ACCESS:      67062 HIT:      10771 MISS:      56291 MSHR_MERGE:          0
cpu0->cpu0_STLB LOAD         ACCESS:      67062 HIT:      10771 MISS:      56291 MSHR_MERGE:          0
cpu0->cpu0_STLB RFO          ACCESS:          0 HIT:          0 MISS:          0 MSHR_MERGE:          0
cpu0->cpu0_STLB PREFETCH     ACCESS:          0 HIT:          0 MISS:          0 MSHR_MERGE:          0
cpu0->cpu0_STLB WRITE        ACCESS:          0 HIT:          0 MISS:          0 MSHR_MERGE:          0
cpu0->cpu0_STLB TRANSLATION  ACCESS:          0 HIT:          0 MISS:          0 MSHR_MERGE:          0
cpu0->cpu0_STLB PREFETCH REQUESTED:          0 ISSUED:          0 USEFUL:          0 USELESS:          0
cpu0->cpu0_STLB AVERAGE MISS LATENCY: 148 cycles
cpu0->cpu0_L2C TOTAL        ACCESS:    3464472 HIT:    2244343 MISS:    1220129 MSHR_MERGE:      67346
cpu0->cpu0_L2C LOAD         ACCESS:    1698459 HIT:    1172585 MISS:     525874 MSHR_MERGE:       3035
cpu0->cpu0_L2C RFO          ACCESS:      14046 HIT:       5478 MISS:       8568 MSHR_MERGE:          0
cpu0->cpu0_L2C PREFETCH     ACCESS:    1580357 HIT:     904329 MISS:     676028 MSHR_MERGE:      64311
cpu0->cpu0_L2C WRITE        ACCESS:     160143 HIT:     160141 MISS:          2 MSHR_MERGE:          0
cpu0->cpu0_L2C TRANSLATION  ACCESS:      11467 HIT:       1810 MISS:       9657 MSHR_MERGE:          0
cpu0->cpu0_L2C PREFETCH REQUESTED:    1580368 ISSUED:    1580357 USEFUL:     488962 USELESS:     122582
cpu0->cpu0_L2C AVERAGE MISS LATENCY: 277.9 cycles
cpu0->cpu0_L1I TOTAL        ACCESS:     243016 HIT:     242970 MISS:         46 MSHR_MERGE:          4
cpu0->cpu0_L1I LOAD         ACCESS:     243016 HIT:     242970 MISS:         46 MSHR_MERGE:          4
cpu0->cpu0_L1I RFO          ACCESS:          0 HIT:          0 MISS:          0 MSHR_MERGE:          0
cpu0->cpu0_L1I PREFETCH     ACCESS:          0 HIT:          0 MISS:          0 MSHR_MERGE:          0
cpu0->cpu0_L1I WRITE        ACCESS:          0 HIT:          0 MISS:          0 MSHR_MERGE:          0
cpu0->cpu0_L1I TRANSLATION  ACCESS:          0 HIT:          0 MISS:          0 MSHR_MERGE:          0
cpu0->cpu0_L1I PREFETCH REQUESTED:          0 ISSUED:          0 USEFUL:          0 USELESS:          0
cpu0->cpu0_L1I AVERAGE MISS LATENCY: 355.8 cycles
cpu0->cpu0_L1D TOTAL        ACCESS:   13242728 HIT:   11108067 MISS:    2134661 MSHR_MERGE:     410731
cpu0->cpu0_L1D LOAD         ACCESS:   11735092 HIT:    9695943 MISS:    2039149 MSHR_MERGE:     340732
cpu0->cpu0_L1D RFO          ACCESS:          0 HIT:          0 MISS:          0 MSHR_MERGE:          0
cpu0->cpu0_L1D PREFETCH     ACCESS:          0 HIT:          0 MISS:          0 MSHR_MERGE:          0
cpu0->cpu0_L1D WRITE        ACCESS:    1394995 HIT:    1311129 MISS:      83866 MSHR_MERGE:      69820
cpu0->cpu0_L1D TRANSLATION  ACCESS:     112641 HIT:     100995 MISS:      11646 MSHR_MERGE:        179
cpu0->cpu0_L1D PREFETCH REQUESTED:          0 ISSUED:          0 USEFUL:          0 USELESS:          0
cpu0->cpu0_L1D AVERAGE MISS LATENCY: 96.04 cycles
cpu0->cpu0_ITLB TOTAL        ACCESS:     237518 HIT:     237516 MISS:          2 MSHR_MERGE:          1
cpu0->cpu0_ITLB LOAD         ACCESS:     237518 HIT:     237516 MISS:          2 MSHR_MERGE:          1
cpu0->cpu0_ITLB RFO          ACCESS:          0 HIT:          0 MISS:          0 MSHR_MERGE:          0
cpu0->cpu0_ITLB PREFETCH     ACCESS:          0 HIT:          0 MISS:          0 MSHR_MERGE:          0
cpu0->cpu0_ITLB WRITE        ACCESS:          0 HIT:          0 MISS:          0 MSHR_MERGE:          0
cpu0->cpu0_ITLB TRANSLATION  ACCESS:          0 HIT:          0 MISS:          0 MSHR_MERGE:          0
cpu0->cpu0_ITLB PREFETCH REQUESTED:          0 ISSUED:          0 USEFUL:          0 USELESS:          0
cpu0->cpu0_ITLB AVERAGE MISS LATENCY: 783 cycles
cpu0->cpu0_DTLB TOTAL        ACCESS:   13117006 HIT:   13028963 MISS:      88043 MSHR_MERGE:      20982
cpu0->cpu0_DTLB LOAD         ACCESS:   13117006 HIT:   13028963 MISS:      88043 MSHR_MERGE:      20982
cpu0->cpu0_DTLB RFO          ACCESS:          0 HIT:          0 MISS:          0 MSHR_MERGE:          0
cpu0->cpu0_DTLB PREFETCH     ACCESS:          0 HIT:          0 MISS:          0 MSHR_MERGE:          0
cpu0->cpu0_DTLB WRITE        ACCESS:          0 HIT:          0 MISS:          0 MSHR_MERGE:          0
cpu0->cpu0_DTLB TRANSLATION  ACCESS:          0 HIT:          0 MISS:          0 MSHR_MERGE:          0
cpu0->cpu0_DTLB PREFETCH REQUESTED:          0 ISSUED:          0 USEFUL:          0 USELESS:          0
cpu0->cpu0_DTLB AVERAGE MISS LATENCY: 130 cycles
cpu0->LLC TOTAL        ACCESS:    1311069 HIT:     107216 MISS:    1203853 MSHR_MERGE:          6
cpu0->LLC LOAD         ACCESS:     522839 HIT:      19257 MISS:     503582 MSHR_MERGE:          0
cpu0->LLC RFO          ACCESS:       8568 HIT:        368 MISS:       8200 MSHR_MERGE:          0
cpu0->LLC PREFETCH     ACCESS:     611717 HIT:      41972 MISS:     569745 MSHR_MERGE:          6
cpu0->LLC WRITE        ACCESS:     158288 HIT:      45578 MISS:     112710 MSHR_MERGE:          0
cpu0->LLC TRANSLATION  ACCESS:       9657 HIT:         41 MISS:       9616 MSHR_MERGE:          0
cpu0->LLC PREFETCH REQUESTED:          0 ISSUED:          0 USEFUL:          0 USELESS:          0
cpu0->LLC AVERAGE MISS LATENCY: 221.1 cycles

DRAM Statistics

Channel 0 RQ ROW_BUFFER_HIT:      61416
  ROW_BUFFER_MISS:    1029707
  AVG DBUS CONGESTED CYCLE: 4.693
Channel 0 WQ ROW_BUFFER_HIT:      39722
  ROW_BUFFER_MISS:      97230
  FULL:          0
Channel 0 REFRESHES ISSUED:      17221
