[VMEM] WARNING: physical memory size is smaller than virtual memory size.

*** ChampSim Multicore Out-of-Order Simulator ***
Warmup Instructions: 10000000
Simulation Instructions: 50000000
Number of CPUs: 1
Page size: 4096
Core 0: traces/bfs-10.trace.gz
Off-chip DRAM Size: 64 GiB Channels: 1 Width: 64-bit Data Rate: 800 MT/s
Heartbeat CPU 0 instructions: 500001 cycles: 118983 heartbeat IPC: 4.202 cumulative IPC: 4.202 (Simulation time: 00 hr 00 min 01 sec)
Heartbeat CPU 0 instructions: 1000002 cycles: 233514 heartbeat IPC: 4.366 cumulative IPC: 4.282 (Simulation time: 00 hr 00 min 02 sec)
Heartbeat CPU 0 instructions: 1500006 cycles: 347548 heartbeat IPC: 4.385 cumulative IPC: 4.316 (Simulation time: 00 hr 00 min 03 sec)
Heartbeat CPU 0 instructions: 2000013 cycles: 462583 heartbeat IPC: 4.347 cumulative IPC: 4.324 (Simulation time: 00 hr 00 min 04 sec)
Heartbeat CPU 0 instructions: 2500014 cycles: 576760 heartbeat IPC: 4.379 cumulative IPC: 4.335 (Simulation time: 00 hr 00 min 05 sec)
Heartbeat CPU 0 instructions: 3000016 cycles: 691296 heartbeat IPC: 4.365 cumulative IPC: 4.34 (Simulation time: 00 hr 00 min 06 sec)
Heartbeat CPU 0 instructions: 3500020 cycles: 805624 heartbeat IPC: 4.373 cumulative IPC: 4.344 (Simulation time: 00 hr 00 min 08 sec)
Heartbeat CPU 0 instructions: 4000025 cycles: 919582 heartbeat IPC: 4.388 cumulative IPC: 4.35 (Simulation time: 00 hr 00 min 09 sec)
Heartbeat CPU 0 instructions: 4500028 cycles: 1033321 heartbeat IPC: 4.396 cumulative IPC: 4.355 (Simulation time: 00 hr 00 min 10 sec)
Heartbeat CPU 0 instructions: 5000035 cycles: 1148566 heartbeat IPC: 4.339 cumulative IPC: 4.353 (Simulation time: 00 hr 00 min 11 sec)
Heartbeat CPU 0 instructions: 5500036 cycles: 1263099 heartbeat IPC: 4.366 cumulative IPC: 4.354 (Simulation time: 00 hr 00 min 12 sec)
Heartbeat CPU 0 instructions: 6000042 cycles: 1376950 heartbeat IPC: 4.392 cumulative IPC: 4.357 (Simulation time: 00 hr 00 min 13 sec)
Heartbeat CPU 0 instructions: 6500049 cycles: 1490124 heartbeat IPC: 4.418 cumulative IPC: 4.362 (Simulation time: 00 hr 00 min 14 sec)
Heartbeat CPU 0 instructions: 7000052 cycles: 1603752 heartbeat IPC: 4.4 cumulative IPC: 4.365 (Simulation time: 00 hr 00 min 15 sec)
Heartbeat CPU 0 instructions: 7500052 cycles: 1719068 heartbeat IPC: 4.336 cumulative IPC: 4.363 (Simulation time: 00 hr 00 min 16 sec)
Heartbeat CPU 0 instructions: 8000054 cycles: 1832980 heartbeat IPC: 4.389 cumulative IPC: 4.365 (Simulation time: 00 hr 00 min 17 sec)
Heartbeat CPU 0 instructions: 8500060 cycles: 1947628 heartbeat IPC: 4.361 cumulative IPC: 4.364 (Simulation time: 00 hr 00 min 18 sec)
Heartbeat CPU 0 instructions: 9000064 cycles: 2062130 heartbeat IPC: 4.367 cumulative IPC: 4.364 (Simulation time: 00 hr 00 min 19 sec)
Heartbeat CPU 0 instructions: 9500070 cycles: 2175691 heartbeat IPC: 4.403 cumulative IPC: 4.366 (Simulation time: 00 hr 00 min 20 sec)
Warmup finished CPU 0 instructions: 10000002 cycles: 2290664 cumulative IPC: 4.366 (Simulation time: 00 hr 00 min 21 sec)
Warmup complete CPU 0 instructions: 10000002 cycles: 2290664 cumulative IPC: 4.366 (Simulation time: 00 hr 00 min 21 sec)
Heartbeat CPU 0 instructions: 10000075 cycles: 2290692 heartbeat IPC: 4.348 cumulative IPC: 2.607 (Simulation time: 00 hr 00 min 21 sec)
Heartbeat CPU 0 instructions: 10500075 cycles: 3509809 heartbeat IPC: 0.4101 cumulative IPC: 0.4102 (Simulation time: 00 hr 00 min 25 sec)
Heartbeat CPU 0 instructions: 11000076 cycles: 5046623 heartbeat IPC: 0.3253 cumulative IPC: 0.3629 (Simulation time: 00 hr 00 min 30 sec)
Heartbeat CPU 0 instructions: 11500077 cycles: 6612249 heartbeat IPC: 0.3194 cumulative IPC: 0.3471 (Simulation time: 00 hr 00 min 35 sec)
Heartbeat CPU 0 instructions: 12000077 cycles: 8181853 heartbeat IPC: 0.3186 cumulative IPC: 0.3395 (Simulation time: 00 hr 00 min 40 sec)
Heartbeat CPU 0 instructions: 12500078 cycles: 9738786 heartbeat IPC: 0.3211 cumulative IPC: 0.3357 (Simulation time: 00 hr 00 min 45 sec)
Heartbeat CPU 0 instructions: 13000078 cycles: 11297580 heartbeat IPC: 0.3208 cumulative IPC: 0.3331 (Simulation time: 00 hr 00 min 49 sec)
Heartbeat CPU 0 instructions: 13500080 cycles: 12829965 heartbeat IPC: 0.3263 cumulative IPC: 0.3321 (Simulation time: 00 hr 00 min 54 sec)
Heartbeat CPU 0 instructions: 14000081 cycles: 14345011 heartbeat IPC: 0.33 cumulative IPC: 0.3318 (Simulation time: 00 hr 00 min 59 sec)
Heartbeat CPU 0 instructions: 14500081 cycles: 15867321 heartbeat IPC: 0.3284 cumulative IPC: 0.3315 (Simulation time: 00 hr 01 min 04 sec)
Heartbeat CPU 0 instructions: 15000086 cycles: 17385448 heartbeat IPC: 0.3294 cumulative IPC: 0.3312 (Simulation time: 00 hr 01 min 08 sec)
Heartbeat CPU 0 instructions: 15500086 cycles: 18845984 heartbeat IPC: 0.3423 cumulative IPC: 0.3322 (Simulation time: 00 hr 01 min 13 sec)
Heartbeat CPU 0 instructions: 16000086 cycles: 20349678 heartbeat IPC: 0.3325 cumulative IPC: 0.3322 (Simulation time: 00 hr 01 min 18 sec)
Heartbeat CPU 0 instructions: 16500086 cycles: 21852372 heartbeat IPC: 0.3327 cumulative IPC: 0.3323 (Simulation time: 00 hr 01 min 22 sec)
Heartbeat CPU 0 instructions: 17000090 cycles: 23345804 heartbeat IPC: 0.3348 cumulative IPC: 0.3325 (Simulation time: 00 hr 01 min 27 sec)
Heartbeat CPU 0 instructions: 17500094 cycles: 24854670 heartbeat IPC: 0.3314 cumulative IPC: 0.3324 (Simulation time: 00 hr 01 min 32 sec)
Heartbeat CPU 0 instructions: 18000094 cycles: 26323497 heartbeat IPC: 0.3404 cumulative IPC: 0.3329 (Simulation time: 00 hr 01 min 36 sec)
Heartbeat CPU 0 instructions: 18500094 cycles: 27842846 heartbeat IPC: 0.3291 cumulative IPC: 0.3327 (Simulation time: 00 hr 01 min 41 sec)
Heartbeat CPU 0 instructions: 19000094 cycles: 29338789 heartbeat IPC: 0.3342 cumulative IPC: 0.3327 (Simulation time: 00 hr 01 min 45 sec)
Heartbeat CPU 0 instructions: 19500094 cycles: 30822749 heartbeat IPC: 0.3369 cumulative IPC: 0.333 (Simulation time: 00 hr 01 min 50 sec)
Heartbeat CPU 0 instructions: 20000094 cycles: 32313838 heartbeat IPC: 0.3353 cumulative IPC: 0.3331 (Simulation time: 00 hr 01 min 55 sec)
Heartbeat CPU 0 instructions: 20500094 cycles: 33783640 heartbeat IPC: 0.3402 cumulative IPC: 0.3334 (Simulation time: 00 hr 01 min 59 sec)
Heartbeat CPU 0 instructions: 21000094 cycles: 35306012 heartbeat IPC: 0.3284 cumulative IPC: 0.3332 (Simulation time: 00 hr 02 min 04 sec)
Heartbeat CPU 0 instructions: 21500094 cycles: 36809546 heartbeat IPC: 0.3325 cumulative IPC: 0.3332 (Simulation time: 00 hr 02 min 09 sec)
Heartbeat CPU 0 instructions: 22000095 cycles: 38294165 heartbeat IPC: 0.3368 cumulative IPC: 0.3333 (Simulation time: 00 hr 02 min 13 sec)
Heartbeat CPU 0 instructions: 22500095 cycles: 39799488 heartbeat IPC: 0.3322 cumulative IPC: 0.3333 (Simulation time: 00 hr 02 min 18 sec)
Heartbeat CPU 0 instructions: 23000095 cycles: 41279870 heartbeat IPC: 0.3378 cumulative IPC: 0.3334 (Simulation time: 00 hr 02 min 23 sec)
Heartbeat CPU 0 instructions: 23500095 cycles: 42801028 heartbeat IPC: 0.3287 cumulative IPC: 0.3333 (Simulation time: 00 hr 02 min 27 sec)
Heartbeat CPU 0 instructions: 24000096 cycles: 44301218 heartbeat IPC: 0.3333 cumulative IPC: 0.3333 (Simulation time: 00 hr 02 min 32 sec)
Heartbeat CPU 0 instructions: 24500097 cycles: 45815405 heartbeat IPC: 0.3302 cumulative IPC: 0.3331 (Simulation time: 00 hr 02 min 37 sec)
Heartbeat CPU 0 instructions: 25000102 cycles: 47305240 heartbeat IPC: 0.3356 cumulative IPC: 0.3332 (Simulation time: 00 hr 02 min 41 sec)
Heartbeat CPU 0 instructions: 25500103 cycles: 48817341 heartbeat IPC: 0.3307 cumulative IPC: 0.3331 (Simulation time: 00 hr 02 min 46 sec)
Heartbeat CPU 0 instructions: 26000103 cycles: 50339345 heartbeat IPC: 0.3285 cumulative IPC: 0.333 (Simulation time: 00 hr 02 min 51 sec)
Heartbeat CPU 0 instructions: 26500109 cycles: 51858290 heartbeat IPC: 0.3292 cumulative IPC: 0.3329 (Simulation time: 00 hr 02 min 55 sec)
Heartbeat CPU 0 instructions: 27000109 cycles: 53357389 heartbeat IPC: 0.3335 cumulative IPC: 0.3329 (Simulation time: 00 hr 03 min 00 sec)
Heartbeat CPU 0 instructions: 27500110 cycles: 54865651 heartbeat IPC: 0.3315 cumulative IPC: 0.3329 (Simulation time: 00 hr 03 min 05 sec)
Heartbeat CPU 0 instructions: 28000110 cycles: 56349063 heartbeat IPC: 0.3371 cumulative IPC: 0.333 (Simulation time: 00 hr 03 min 09 sec)
Heartbeat CPU 0 instructions: 28500116 cycles: 57848806 heartbeat IPC: 0.3334 cumulative IPC: 0.333 (Simulation time: 00 hr 03 min 14 sec)
Heartbeat CPU 0 instructions: 29000118 cycles: 59331701 heartbeat IPC: 0.3372 cumulative IPC: 0.3331 (Simulation time: 00 hr 03 min 19 sec)
Heartbeat CPU 0 instructions: 29500119 cycles: 60836967 heartbeat IPC: 0.3322 cumulative IPC: 0.3331 (Simulation time: 00 hr 03 min 23 sec)
Heartbeat CPU 0 instructions: 30000123 cycles: 62306098 heartbeat IPC: 0.3403 cumulative IPC: 0.3332 (Simulation time: 00 hr 03 min 28 sec)
Heartbeat CPU 0 instructions: 30500125 cycles: 63818329 heartbeat IPC: 0.3306 cumulative IPC: 0.3332 (Simulation time: 00 hr 03 min 32 sec)
Heartbeat CPU 0 instructions: 31000125 cycles: 65322134 heartbeat IPC: 0.3325 cumulative IPC: 0.3332 (Simulation time: 00 hr 03 min 37 sec)
Heartbeat CPU 0 instructions: 31500126 cycles: 66830942 heartbeat IPC: 0.3314 cumulative IPC: 0.3331 (Simulation time: 00 hr 03 min 42 sec)
Heartbeat CPU 0 instructions: 32000132 cycles: 68349594 heartbeat IPC: 0.3292 cumulative IPC: 0.333 (Simulation time: 00 hr 03 min 47 sec)
Heartbeat CPU 0 instructions: 32500132 cycles: 69856550 heartbeat IPC: 0.3318 cumulative IPC: 0.333 (Simulation time: 00 hr 03 min 51 sec)
Heartbeat CPU 0 instructions: 33000133 cycles: 71354225 heartbeat IPC: 0.3339 cumulative IPC: 0.333 (Simulation time: 00 hr 03 min 56 sec)
Heartbeat CPU 0 instructions: 33500134 cycles: 72852010 heartbeat IPC: 0.3338 cumulative IPC: 0.333 (Simulation time: 00 hr 04 min 00 sec)
Heartbeat CPU 0 instructions: 34000135 cycles: 74361058 heartbeat IPC: 0.3313 cumulative IPC: 0.333 (Simulation time: 00 hr 04 min 05 sec)
Heartbeat CPU 0 instructions: 34500135 cycles: 75861018 heartbeat IPC: 0.3333 cumulative IPC: 0.333 (Simulation time: 00 hr 04 min 10 sec)
Heartbeat CPU 0 instructions: 35000137 cycles: 77368268 heartbeat IPC: 0.3317 cumulative IPC: 0.333 (Simulation time: 00 hr 04 min 14 sec)
Heartbeat CPU 0 instructions: 35500138 cycles: 78877700 heartbeat IPC: 0.3313 cumulative IPC: 0.333 (Simulation time: 00 hr 04 min 19 sec)
Heartbeat CPU 0 instructions: 36000143 cycles: 80403600 heartbeat IPC: 0.3277 cumulative IPC: 0.3329 (Simulation time: 00 hr 04 min 24 sec)
Heartbeat CPU 0 instructions: 36500144 cycles: 81899896 heartbeat IPC: 0.3342 cumulative IPC: 0.3329 (Simulation time: 00 hr 04 min 28 sec)
Heartbeat CPU 0 instructions: 37000147 cycles: 83410607 heartbeat IPC: 0.331 cumulative IPC: 0.3328 (Simulation time: 00 hr 04 min 33 sec)
Heartbeat CPU 0 instructions: 37500152 cycles: 84916422 heartbeat IPC: 0.332 cumulative IPC: 0.3328 (Simulation time: 00 hr 04 min 38 sec)
Heartbeat CPU 0 instructions: 38000153 cycles: 86431228 heartbeat IPC: 0.3301 cumulative IPC: 0.3328 (Simulation time: 00 hr 04 min 43 sec)
Heartbeat CPU 0 instructions: 38500153 cycles: 87963096 heartbeat IPC: 0.3264 cumulative IPC: 0.3327 (Simulation time: 00 hr 04 min 47 sec)
Heartbeat CPU 0 instructions: 39000153 cycles: 89453251 heartbeat IPC: 0.3355 cumulative IPC: 0.3327 (Simulation time: 00 hr 04 min 52 sec)
Heartbeat CPU 0 instructions: 39500156 cycles: 90947311 heartbeat IPC: 0.3347 cumulative IPC: 0.3327 (Simulation time: 00 hr 04 min 57 sec)
Heartbeat CPU 0 instructions: 40000156 cycles: 92441149 heartbeat IPC: 0.3347 cumulative IPC: 0.3328 (Simulation time: 00 hr 05 min 01 sec)
Heartbeat CPU 0 instructions: 40500156 cycles: 93952844 heartbeat IPC: 0.3308 cumulative IPC: 0.3327 (Simulation time: 00 hr 05 min 06 sec)
Heartbeat CPU 0 instructions: 41000156 cycles: 95458012 heartbeat IPC: 0.3322 cumulative IPC: 0.3327 (Simulation time: 00 hr 05 min 11 sec)
Heartbeat CPU 0 instructions: 41500156 cycles: 96958929 heartbeat IPC: 0.3331 cumulative IPC: 0.3327 (Simulation time: 00 hr 05 min 15 sec)
Heartbeat CPU 0 instructions: 42000156 cycles: 98464000 heartbeat IPC: 0.3322 cumulative IPC: 0.3327 (Simulation time: 00 hr 05 min 20 sec)
Heartbeat CPU 0 instructions: 42500157 cycles: 99949651 heartbeat IPC: 0.3366 cumulative IPC: 0.3328 (Simulation time: 00 hr 05 min 25 sec)
Heartbeat CPU 0 instructions: 43000163 cycles: 101478263 heartbeat IPC: 0.3271 cumulative IPC: 0.3327 (Simulation time: 00 hr 05 min 29 sec)
Heartbeat CPU 0 instructions: 43500167 cycles: 102967299 heartbeat IPC: 0.3358 cumulative IPC: 0.3328 (Simulation time: 00 hr 05 min 34 sec)
Heartbeat CPU 0 instructions: 44000168 cycles: 104466213 heartbeat IPC: 0.3336 cumulative IPC: 0.3328 (Simulation time: 00 hr 05 min 39 sec)
Heartbeat CPU 0 instructions: 44500171 cycles: 105981312 heartbeat IPC: 0.33 cumulative IPC: 0.3327 (Simulation time: 00 hr 05 min 43 sec)
Heartbeat CPU 0 instructions: 45000172 cycles: 107498090 heartbeat IPC: 0.3296 cumulative IPC: 0.3327 (Simulation time: 00 hr 05 min 48 sec)
Heartbeat CPU 0 instructions: 45500172 cycles: 109017448 heartbeat IPC: 0.3291 cumulative IPC: 0.3326 (Simulation time: 00 hr 05 min 53 sec)
Heartbeat CPU 0 instructions: 46000175 cycles: 110531062 heartbeat IPC: 0.3303 cumulative IPC: 0.3326 (Simulation time: 00 hr 05 min 57 sec)
Heartbeat CPU 0 instructions: 46500175 cycles: 112016079 heartbeat IPC: 0.3367 cumulative IPC: 0.3327 (Simulation time: 00 hr 06 min 02 sec)
Heartbeat CPU 0 instructions: 47000178 cycles: 113519236 heartbeat IPC: 0.3326 cumulative IPC: 0.3326 (Simulation time: 00 hr 06 min 07 sec)
Heartbeat CPU 0 instructions: 47500178 cycles: 115043505 heartbeat IPC: 0.328 cumulative IPC: 0.3326 (Simulation time: 00 hr 06 min 11 sec)
Heartbeat CPU 0 instructions: 48000178 cycles: 116547123 heartbeat IPC: 0.3325 cumulative IPC: 0.3326 (Simulation time: 00 hr 06 min 16 sec)
Heartbeat CPU 0 instructions: 48500179 cycles: 118047457 heartbeat IPC: 0.3333 cumulative IPC: 0.3326 (Simulation time: 00 hr 06 min 21 sec)
Heartbeat CPU 0 instructions: 49000179 cycles: 119532147 heartbeat IPC: 0.3368 cumulative IPC: 0.3326 (Simulation time: 00 hr 06 min 25 sec)
Heartbeat CPU 0 instructions: 49500179 cycles: 121013302 heartbeat IPC: 0.3376 cumulative IPC: 0.3327 (Simulation time: 00 hr 06 min 30 sec)
Heartbeat CPU 0 instructions: 50000179 cycles: 122513210 heartbeat IPC: 0.3334 cumulative IPC: 0.3327 (Simulation time: 00 hr 06 min 34 sec)
Heartbeat CPU 0 instructions: 50500182 cycles: 124016688 heartbeat IPC: 0.3326 cumulative IPC: 0.3327 (Simulation time: 00 hr 06 min 39 sec)
Heartbeat CPU 0 instructions: 51000182 cycles: 125539590 heartbeat IPC: 0.3283 cumulative IPC: 0.3327 (Simulation time: 00 hr 06 min 44 sec)
Heartbeat CPU 0 instructions: 51500182 cycles: 127062789 heartbeat IPC: 0.3283 cumulative IPC: 0.3326 (Simulation time: 00 hr 06 min 48 sec)
Heartbeat CPU 0 instructions: 52000185 cycles: 128582238 heartbeat IPC: 0.3291 cumulative IPC: 0.3326 (Simulation time: 00 hr 06 min 53 sec)
Heartbeat CPU 0 instructions: 52500185 cycles: 130087042 heartbeat IPC: 0.3323 cumulative IPC: 0.3326 (Simulation time: 00 hr 06 min 58 sec)
Heartbeat CPU 0 instructions: 53000185 cycles: 131600786 heartbeat IPC: 0.3303 cumulative IPC: 0.3325 (Simulation time: 00 hr 07 min 02 sec)
Heartbeat CPU 0 instructions: 53500187 cycles: 133107525 heartbeat IPC: 0.3318 cumulative IPC: 0.3325 (Simulation time: 00 hr 07 min 07 sec)
Heartbeat CPU 0 instructions: 54000187 cycles: 134619102 heartbeat IPC: 0.3308 cumulative IPC: 0.3325 (Simulation time: 00 hr 07 min 12 sec)
Heartbeat CPU 0 instructions: 54500193 cycles: 136142995 heartbeat IPC: 0.3281 cumulative IPC: 0.3325 (Simulation time: 00 hr 07 min 16 sec)
Heartbeat CPU 0 instructions: 55000197 cycles: 138177994 heartbeat IPC: 0.2457 cumulative IPC: 0.3312 (Simulation time: 00 hr 07 min 22 sec)
Heartbeat CPU 0 instructions: 55500197 cycles: 140703512 heartbeat IPC: 0.198 cumulative IPC: 0.3287 (Simulation time: 00 hr 07 min 30 sec)
Heartbeat CPU 0 instructions: 56000197 cycles: 143203278 heartbeat IPC: 0.2 cumulative IPC: 0.3264 (Simulation time: 00 hr 07 min 37 sec)
Heartbeat CPU 0 instructions: 56500197 cycles: 145719101 heartbeat IPC: 0.1987 cumulative IPC: 0.3242 (Simulation time: 00 hr 07 min 44 sec)
Heartbeat CPU 0 instructions: 57000197 cycles: 148229980 heartbeat IPC: 0.1991 cumulative IPC: 0.3221 (Simulation time: 00 hr 07 min 51 sec)
Heartbeat CPU 0 instructions: 57500201 cycles: 150754440 heartbeat IPC: 0.1981 cumulative IPC: 0.3199 (Simulation time: 00 hr 07 min 58 sec)
Heartbeat CPU 0 instructions: 58000202 cycles: 153256822 heartbeat IPC: 0.1998 cumulative IPC: 0.318 (Simulation time: 00 hr 08 min 05 sec)
Heartbeat CPU 0 instructions: 58500206 cycles: 155710654 heartbeat IPC: 0.2038 cumulative IPC: 0.3161 (Simulation time: 00 hr 08 min 12 sec)
Heartbeat CPU 0 instructions: 59000209 cycles: 158240880 heartbeat IPC: 0.1976 cumulative IPC: 0.3142 (Simulation time: 00 hr 08 min 19 sec)
Heartbeat CPU 0 instructions: 59500213 cycles: 160712230 heartbeat IPC: 0.2023 cumulative IPC: 0.3125 (Simulation time: 00 hr 08 min 26 sec)
Simulation finished CPU 0 instructions: 50000006 cycles: 160914076 cumulative IPC: 0.3107 (Simulation time: 00 hr 08 min 33 sec)
Simulation complete CPU 0 instructions: 50000006 cycles: 160914076 cumulative IPC: 0.3107 (Simulation time: 00 hr 08 min 33 sec)

ChampSim completed all CPUs

=== Simulation ===
CPU 0 runs traces/bfs-10.trace.gz

Region of Interest Statistics

CPU 0 cumulative IPC: 0.3107 instructions: 50000006 cycles: 160914076
CPU 0 Branch Prediction Accuracy: 87.15% MPKI: 26.33 Average ROB Occupancy at Mispredict: 16.06
Branch type MPKI
BRANCH_DIRECT_JUMP: 0.00016
BRANCH_INDIRECT: 0
BRANCH_CONDITIONAL: 26.33
BRANCH_DIRECT_CALL: 0.00034
BRANCH_INDIRECT_CALL: 0
BRANCH_RETURN: 0.00038

cpu0->cpu0_STLB TOTAL        ACCESS:      41514 HIT:       5364 MISS:      36150 MSHR_MERGE:          0
cpu0->cpu0_STLB LOAD         ACCESS:      41514 HIT:       5364 MISS:      36150 MSHR_MERGE:          0
cpu0->cpu0_STLB RFO          ACCESS:          0 HIT:          0 MISS:          0 MSHR_MERGE:          0
cpu0->cpu0_STLB PREFETCH     ACCESS:          0 HIT:          0 MISS:          0 MSHR_MERGE:          0
cpu0->cpu0_STLB WRITE        ACCESS:          0 HIT:          0 MISS:          0 MSHR_MERGE:          0
cpu0->cpu0_STLB TRANSLATION  ACCESS:          0 HIT:          0 MISS:          0 MSHR_MERGE:          0
cpu0->cpu0_STLB PREFETCH REQUESTED:          0 ISSUED:          0 USEFUL:          0 USELESS:          0
cpu0->cpu0_STLB AVERAGE MISS LATENCY: 192.6 cycles
cpu0->cpu0_L2C TOTAL        ACCESS:    3678964 HIT:    2817039 MISS:     861925 MSHR_MERGE:      21259
cpu0->cpu0_L2C LOAD         ACCESS:    2403347 HIT:    1970003 MISS:     433344 MSHR_MERGE:       2538
cpu0->cpu0_L2C RFO          ACCESS:      10204 HIT:       3850 MISS:       6354 MSHR_MERGE:          0
cpu0->cpu0_L2C PREFETCH     ACCESS:    1155139 HIT:     738543 MISS:     416596 MSHR_MERGE:      18721
cpu0->cpu0_L2C WRITE        ACCESS:     101737 HIT:     101736 MISS:          1 MSHR_MERGE:          0
cpu0->cpu0_L2C TRANSLATION  ACCESS:       8537 HIT:       2907 MISS:       5630 MSHR_MERGE:          0
cpu0->cpu0_L2C PREFETCH REQUESTED:    1155139 ISSUED:    1155139 USEFUL:     280163 USELESS:     114151
cpu0->cpu0_L2C AVERAGE MISS LATENCY: 281.6 cycles
cpu0->cpu0_L1I TOTAL        ACCESS:      27468 HIT:      27427 MISS:         41 MSHR_MERGE:          3
cpu0->cpu0_L1I LOAD         ACCESS:      27468 HIT:      27427 MISS:         41 MSHR_MERGE:          3
cpu0->cpu0_L1I RFO          ACCESS:          0 HIT:          0 MISS:          0 MSHR_MERGE:          0
cpu0->cpu0_L1I PREFETCH     ACCESS:          0 HIT:          0 MISS:          0 MSHR_MERGE:          0
cpu0->cpu0_L1I WRITE        ACCESS:          0 HIT:          0 MISS:          0 MSHR_MERGE:          0
cpu0->cpu0_L1I TRANSLATION  ACCESS:          0 HIT:          0 MISS:          0 MSHR_MERGE:          0
cpu0->cpu0_L1I PREFETCH REQUESTED:          0 ISSUED:          0 USEFUL:          0 USELESS:          0
cpu0->cpu0_L1I AVERAGE MISS LATENCY: 435.4 cycles
cpu0->cpu0_L1D TOTAL        ACCESS:   12653880 HIT:    8920472 MISS:    3733408 MSHR_MERGE:    1311358
cpu0->cpu0_L1D LOAD         ACCESS:   11650034 HIT:    7988817 MISS:    3661217 MSHR_MERGE:    1257908
cpu0->cpu0_L1D RFO          ACCESS:          0 HIT:          0 MISS:          0 MSHR_MERGE:          0
cpu0->cpu0_L1D PREFETCH     ACCESS:          0 HIT:          0 MISS:          0 MSHR_MERGE:          0
cpu0->cpu0_L1D WRITE        ACCESS:     931661 HIT:     868264 MISS:      63397 MSHR_MERGE:      53193
cpu0->cpu0_L1D TRANSLATION  ACCESS:      72185 HIT:      63391 MISS:       8794 MSHR_MERGE:        257
cpu0->cpu0_L1D PREFETCH REQUESTED:          0 ISSUED:          0 USEFUL:          0 USELESS:          0
cpu0->cpu0_L1D AVERAGE MISS LATENCY: 59.98 cycles
cpu0->cpu0_ITLB TOTAL        ACCESS:      26669 HIT:      26667 MISS:          2 MSHR_MERGE:          1
cpu0->cpu0_ITLB LOAD         ACCESS:      26669 HIT:      26667 MISS:          2 MSHR_MERGE:          1
cpu0->cpu0_ITLB RFO          ACCESS:          0 HIT:          0 MISS:          0 MSHR_MERGE:          0
cpu0->cpu0_ITLB PREFETCH     ACCESS:          0 HIT:          0 MISS:          0 MSHR_MERGE:          0
cpu0->cpu0_ITLB WRITE        ACCESS:          0 HIT:          0 MISS:          0 MSHR_MERGE:          0
cpu0->cpu0_ITLB TRANSLATION  ACCESS:          0 HIT:          0 MISS:          0 MSHR_MERGE:          0
cpu0->cpu0_ITLB PREFETCH REQUESTED:          0 ISSUED:          0 USEFUL:          0 USELESS:          0
cpu0->cpu0_ITLB AVERAGE MISS LATENCY: 431 cycles
cpu0->cpu0_DTLB TOTAL        ACCESS:   12564249 HIT:   12431543 MISS:     132706 MSHR_MERGE:      91193
cpu0->cpu0_DTLB LOAD         ACCESS:   12564249 HIT:   12431543 MISS:     132706 MSHR_MERGE:      91193
cpu0->cpu0_DTLB RFO          ACCESS:          0 HIT:          0 MISS:          0 MSHR_MERGE:          0
cpu0->cpu0_DTLB PREFETCH     ACCESS:          0 HIT:          0 MISS:          0 MSHR_MERGE:          0
cpu0->cpu0_DTLB WRITE        ACCESS:          0 HIT:          0 MISS:          0 MSHR_MERGE:          0
cpu0->cpu0_DTLB TRANSLATION  ACCESS:          0 HIT:          0 MISS:          0 MSHR_MERGE:          0
cpu0->cpu0_DTLB PREFETCH REQUESTED:          0 ISSUED:          0 USEFUL:          0 USELESS:          0
cpu0->cpu0_DTLB AVERAGE MISS LATENCY: 173.6 cycles
cpu0->LLC TOTAL        ACCESS:     942812 HIT:      31453 MISS:     911359 MSHR_MERGE:          0
cpu0->LLC LOAD         ACCESS:     430806 HIT:       4025 MISS:     426781 MSHR_MERGE:          0
cpu0->LLC RFO          ACCESS:       6354 HIT:          1 MISS:       6353 MSHR_MERGE:          0
cpu0->LLC PREFETCH     ACCESS:     397875 HIT:       6299 MISS:     391576 MSHR_MERGE:          0
cpu0->LLC WRITE        ACCESS:     102147 HIT:      21114 MISS:      81033 MSHR_MERGE:          0
cpu0->LLC TRANSLATION  ACCESS:       5630 HIT:         14 MISS:       5616 MSHR_MERGE:          0
cpu0->LLC PREFETCH REQUESTED:          0 ISSUED:          0 USEFUL:          0 USELESS:          0
cpu0->LLC AVERAGE MISS LATENCY: 223.6 cycles

DRAM Statistics

Channel 0 RQ ROW_BUFFER_HIT:      50032
  ROW_BUFFER_MISS:     780291
  AVG DBUS CONGESTED CYCLE: 4.733
Channel 0 WQ ROW_BUFFER_HIT:      26673
  ROW_BUFFER_MISS:      71687
  FULL:          0
Channel 0 REFRESHES ISSUED:      13410
