[VMEM] WARNING: physical memory size is smaller than virtual memory size.

*** ChampSim Multicore Out-of-Order Simulator ***
Warmup Instructions: 10000000
Simulation Instructions: 50000000
Number of CPUs: 1
Page size: 4096
Core 0: traces/cc-13.trace.gz
Off-chip DRAM Size: 64 GiB Channels: 1 Width: 64-bit Data Rate: 800 MT/s
Heartbeat CPU 0 instructions: 500004 cycles: 151759 heartbeat IPC: 3.295 cumulative IPC: 3.295 (Simulation time: 00 hr 00 min 01 sec)
Heartbeat CPU 0 instructions: 1000005 cycles: 299536 heartbeat IPC: 3.383 cumulative IPC: 3.339 (Simulation time: 00 hr 00 min 02 sec)
Heartbeat CPU 0 instructions: 1500005 cycles: 447161 heartbeat IPC: 3.387 cumulative IPC: 3.355 (Simulation time: 00 hr 00 min 03 sec)
Heartbeat CPU 0 instructions: 2000005 cycles: 557306 heartbeat IPC: 4.539 cumulative IPC: 3.589 (Simulation time: 00 hr 00 min 04 sec)
Heartbeat CPU 0 instructions: 2500012 cycles: 660549 heartbeat IPC: 4.843 cumulative IPC: 3.785 (Simulation time: 00 hr 00 min 05 sec)
Heartbeat CPU 0 instructions: 3000019 cycles: 763762 heartbeat IPC: 4.844 cumulative IPC: 3.928 (Simulation time: 00 hr 00 min 06 sec)
Heartbeat CPU 0 instructions: 3500026 cycles: 867234 heartbeat IPC: 4.832 cumulative IPC: 4.036 (Simulation time: 00 hr 00 min 07 sec)
Heartbeat CPU 0 instructions: 4000031 cycles: 971013 heartbeat IPC: 4.818 cumulative IPC: 4.119 (Simulation time: 00 hr 00 min 08 sec)
Heartbeat CPU 0 instructions: 4500032 cycles: 1074608 heartbeat IPC: 4.826 cumulative IPC: 4.188 (Simulation time: 00 hr 00 min 08 sec)
Heartbeat CPU 0 instructions: 5000033 cycles: 1177976 heartbeat IPC: 4.837 cumulative IPC: 4.245 (Simulation time: 00 hr 00 min 09 sec)
Heartbeat CPU 0 instructions: 5500033 cycles: 1281547 heartbeat IPC: 4.828 cumulative IPC: 4.292 (Simulation time: 00 hr 00 min 10 sec)
Heartbeat CPU 0 instructions: 6000033 cycles: 1385074 heartbeat IPC: 4.83 cumulative IPC: 4.332 (Simulation time: 00 hr 00 min 11 sec)
Heartbeat CPU 0 instructions: 6500039 cycles: 1488638 heartbeat IPC: 4.828 cumulative IPC: 4.366 (Simulation time: 00 hr 00 min 12 sec)
Heartbeat CPU 0 instructions: 7000042 cycles: 1592197 heartbeat IPC: 4.828 cumulative IPC: 4.396 (Simulation time: 00 hr 00 min 13 sec)
Heartbeat CPU 0 instructions: 7500043 cycles: 1695998 heartbeat IPC: 4.817 cumulative IPC: 4.422 (Simulation time: 00 hr 00 min 14 sec)
Heartbeat CPU 0 instructions: 8000043 cycles: 1799475 heartbeat IPC: 4.832 cumulative IPC: 4.446 (Simulation time: 00 hr 00 min 15 sec)
Heartbeat CPU 0 instructions: 8500047 cycles: 1903299 heartbeat IPC: 4.816 cumulative IPC: 4.466 (Simulation time: 00 hr 00 min 16 sec)
Heartbeat CPU 0 instructions: 9000050 cycles: 2007007 heartbeat IPC: 4.821 cumulative IPC: 4.484 (Simulation time: 00 hr 00 min 17 sec)
Heartbeat CPU 0 instructions: 9500054 cycles: 2110557 heartbeat IPC: 4.829 cumulative IPC: 4.501 (Simulation time: 00 hr 00 min 18 sec)
Warmup finished CPU 0 instructions: 10000004 cycles: 2214364 cumulative IPC: 4.516 (Simulation time: 00 hr 00 min 19 sec)
Warmup complete CPU 0 instructions: 10000004 cycles: 2214364 cumulative IPC: 4.516 (Simulation time: 00 hr 00 min 19 sec)
Heartbeat CPU 0 instructions: 10000055 cycles: 2214387 heartbeat IPC: 4.816 cumulative IPC: 2.217 (Simulation time: 00 hr 00 min 19 sec)
Heartbeat CPU 0 instructions: 10500055 cycles: 3544641 heartbeat IPC: 0.3759 cumulative IPC: 0.3759 (Simulation time: 00 hr 00 min 23 sec)
Heartbeat CPU 0 instructions: 11000056 cycles: 4899708 heartbeat IPC: 0.369 cumulative IPC: 0.3724 (Simulation time: 00 hr 00 min 27 sec)
Heartbeat CPU 0 instructions: 11500056 cycles: 6193149 heartbeat IPC: 0.3866 cumulative IPC: 0.377 (Simulation time: 00 hr 00 min 31 sec)
Heartbeat CPU 0 instructions: 12000058 cycles: 7432606 heartbeat IPC: 0.4034 cumulative IPC: 0.3833 (Simulation time: 00 hr 00 min 35 sec)
Heartbeat CPU 0 instructions: 12500058 cycles: 8725714 heartbeat IPC: 0.3867 cumulative IPC: 0.384 (Simulation time: 00 hr 00 min 40 sec)
Heartbeat CPU 0 instructions: 13000058 cycles: 10085572 heartbeat IPC: 0.3677 cumulative IPC: 0.3811 (Simulation time: 00 hr 00 min 44 sec)
Heartbeat CPU 0 instructions: 13500058 cycles: 11409995 heartbeat IPC: 0.3775 cumulative IPC: 0.3806 (Simulation time: 00 hr 00 min 48 sec)
Heartbeat CPU 0 instructions: 14000058 cycles: 12800463 heartbeat IPC: 0.3596 cumulative IPC: 0.3779 (Simulation time: 00 hr 00 min 52 sec)
Heartbeat CPU 0 instructions: 14500059 cycles: 14233289 heartbeat IPC: 0.349 cumulative IPC: 0.3744 (Simulation time: 00 hr 00 min 57 sec)
Heartbeat CPU 0 instructions: 15000065 cycles: 15727365 heartbeat IPC: 0.3347 cumulative IPC: 0.37 (Simulation time: 00 hr 01 min 02 sec)
Heartbeat CPU 0 instructions: 15500065 cycles: 16975862 heartbeat IPC: 0.4005 cumulative IPC: 0.3726 (Simulation time: 00 hr 01 min 06 sec)
Heartbeat CPU 0 instructions: 16000065 cycles: 18271317 heartbeat IPC: 0.386 cumulative IPC: 0.3737 (Simulation time: 00 hr 01 min 10 sec)
Heartbeat CPU 0 instructions: 16500065 cycles: 19506974 heartbeat IPC: 0.4046 cumulative IPC: 0.3759 (Simulation time: 00 hr 01 min 14 sec)
Heartbeat CPU 0 instructions: 17000065 cycles: 20737451 heartbeat IPC: 0.4063 cumulative IPC: 0.3779 (Simulation time: 00 hr 01 min 18 sec)
Heartbeat CPU 0 instructions: 17500066 cycles: 22058796 heartbeat IPC: 0.3784 cumulative IPC: 0.3779 (Simulation time: 00 hr 01 min 22 sec)
Heartbeat CPU 0 instructions: 18000066 cycles: 23377842 heartbeat IPC: 0.3791 cumulative IPC: 0.378 (Simulation time: 00 hr 01 min 26 sec)
Heartbeat CPU 0 instructions: 18500067 cycles: 24757245 heartbeat IPC: 0.3625 cumulative IPC: 0.3771 (Simulation time: 00 hr 01 min 31 sec)
Heartbeat CPU 0 instructions: 19000068 cycles: 26050227 heartbeat IPC: 0.3867 cumulative IPC: 0.3776 (Simulation time: 00 hr 01 min 35 sec)
Heartbeat CPU 0 instructions: 19500070 cycles: 27515427 heartbeat IPC: 0.3413 cumulative IPC: 0.3755 (Simulation time: 00 hr 01 min 40 sec)
Heartbeat CPU 0 instructions: 20000070 cycles: 28828306 heartbeat IPC: 0.3808 cumulative IPC: 0.3757 (Simulation time: 00 hr 01 min 44 sec)
Heartbeat CPU 0 instructions: 20500070 cycles: 30141815 heartbeat IPC: 0.3807 cumulative IPC: 0.376 (Simulation time: 00 hr 01 min 48 sec)
Heartbeat CPU 0 instructions: 21000070 cycles: 31398537 heartbeat IPC: 0.3979 cumulative IPC: 0.3769 (Simulation time: 00 hr 01 min 52 sec)
Heartbeat CPU 0 instructions: 21500071 cycles: 32661277 heartbeat IPC: 0.396 cumulative IPC: 0.3777 (Simulation time: 00 hr 01 min 56 sec)
Heartbeat CPU 0 instructions: 22000072 cycles: 34001224 heartbeat IPC: 0.3731 cumulative IPC: 0.3775 (Simulation time: 00 hr 02 min 00 sec)
Heartbeat CPU 0 instructions: 22500076 cycles: 35327519 heartbeat IPC: 0.377 cumulative IPC: 0.3775 (Simulation time: 00 hr 02 min 05 sec)
Heartbeat CPU 0 instructions: 23000076 cycles: 36624074 heartbeat IPC: 0.3856 cumulative IPC: 0.3778 (Simulation time: 00 hr 02 min 09 sec)
Heartbeat CPU 0 instructions: 23500076 cycles: 37882508 heartbeat IPC: 0.3973 cumulative IPC: 0.3785 (Simulation time: 00 hr 02 min 13 sec)
Heartbeat CPU 0 instructions: 24000076 cycles: 38986059 heartbeat IPC: 0.4531 cumulative IPC: 0.3807 (Simulation time: 00 hr 02 min 17 sec)
Heartbeat CPU 0 instructions: 24500079 cycles: 40343664 heartbeat IPC: 0.3683 cumulative IPC: 0.3803 (Simulation time: 00 hr 02 min 21 sec)
Heartbeat CPU 0 instructions: 25000079 cycles: 41651002 heartbeat IPC: 0.3825 cumulative IPC: 0.3804 (Simulation time: 00 hr 02 min 25 sec)
Heartbeat CPU 0 instructions: 25500079 cycles: 42869849 heartbeat IPC: 0.4102 cumulative IPC: 0.3813 (Simulation time: 00 hr 02 min 30 sec)
Heartbeat CPU 0 instructions: 26000080 cycles: 44161322 heartbeat IPC: 0.3872 cumulative IPC: 0.3814 (Simulation time: 00 hr 02 min 34 sec)
Heartbeat CPU 0 instructions: 26500085 cycles: 45460389 heartbeat IPC: 0.3849 cumulative IPC: 0.3815 (Simulation time: 00 hr 02 min 38 sec)
Heartbeat CPU 0 instructions: 27000086 cycles: 46540717 heartbeat IPC: 0.4628 cumulative IPC: 0.3835 (Simulation time: 00 hr 02 min 42 sec)
Heartbeat CPU 0 instructions: 27500086 cycles: 47798412 heartbeat IPC: 0.3976 cumulative IPC: 0.3839 (Simulation time: 00 hr 02 min 46 sec)
Heartbeat CPU 0 instructions: 28000086 cycles: 49008181 heartbeat IPC: 0.4133 cumulative IPC: 0.3847 (Simulation time: 00 hr 02 min 50 sec)
Heartbeat CPU 0 instructions: 28500087 cycles: 50224016 heartbeat IPC: 0.4112 cumulative IPC: 0.3853 (Simulation time: 00 hr 02 min 54 sec)
Heartbeat CPU 0 instructions: 29000088 cycles: 51406688 heartbeat IPC: 0.4228 cumulative IPC: 0.3862 (Simulation time: 00 hr 02 min 58 sec)
Heartbeat CPU 0 instructions: 29500088 cycles: 52669449 heartbeat IPC: 0.396 cumulative IPC: 0.3865 (Simulation time: 00 hr 03 min 02 sec)
Heartbeat CPU 0 instructions: 30000093 cycles: 53946258 heartbeat IPC: 0.3916 cumulative IPC: 0.3866 (Simulation time: 00 hr 03 min 06 sec)
Heartbeat CPU 0 instructions: 30500093 cycles: 55284428 heartbeat IPC: 0.3736 cumulative IPC: 0.3863 (Simulation time: 00 hr 03 min 11 sec)
Heartbeat CPU 0 instructions: 31000095 cycles: 56513548 heartbeat IPC: 0.4068 cumulative IPC: 0.3867 (Simulation time: 00 hr 03 min 15 sec)
Heartbeat CPU 0 instructions: 31500095 cycles: 57649473 heartbeat IPC: 0.4402 cumulative IPC: 0.3878 (Simulation time: 00 hr 03 min 18 sec)
Heartbeat CPU 0 instructions: 32000095 cycles: 59006787 heartbeat IPC: 0.3684 cumulative IPC: 0.3874 (Simulation time: 00 hr 03 min 23 sec)
Heartbeat CPU 0 instructions: 32500095 cycles: 60267752 heartbeat IPC: 0.3965 cumulative IPC: 0.3876 (Simulation time: 00 hr 03 min 27 sec)
Heartbeat CPU 0 instructions: 33000096 cycles: 61514937 heartbeat IPC: 0.4009 cumulative IPC: 0.3879 (Simulation time: 00 hr 03 min 31 sec)
Heartbeat CPU 0 instructions: 33500096 cycles: 62706477 heartbeat IPC: 0.4196 cumulative IPC: 0.3885 (Simulation time: 00 hr 03 min 35 sec)
Heartbeat CPU 0 instructions: 34000099 cycles: 63993219 heartbeat IPC: 0.3886 cumulative IPC: 0.3885 (Simulation time: 00 hr 03 min 39 sec)
Heartbeat CPU 0 instructions: 34500104 cycles: 65299571 heartbeat IPC: 0.3827 cumulative IPC: 0.3884 (Simulation time: 00 hr 03 min 43 sec)
Heartbeat CPU 0 instructions: 35000108 cycles: 66389639 heartbeat IPC: 0.4587 cumulative IPC: 0.3896 (Simulation time: 00 hr 03 min 47 sec)
Heartbeat CPU 0 instructions: 35500108 cycles: 67694511 heartbeat IPC: 0.3832 cumulative IPC: 0.3894 (Simulation time: 00 hr 03 min 52 sec)
Heartbeat CPU 0 instructions: 36000108 cycles: 69035009 heartbeat IPC: 0.373 cumulative IPC: 0.3891 (Simulation time: 00 hr 03 min 56 sec)
Heartbeat CPU 0 instructions: 36500109 cycles: 70280563 heartbeat IPC: 0.4014 cumulative IPC: 0.3893 (Simulation time: 00 hr 04 min 00 sec)
Heartbeat CPU 0 instructions: 37000110 cycles: 71459843 heartbeat IPC: 0.424 cumulative IPC: 0.3899 (Simulation time: 00 hr 04 min 04 sec)
Heartbeat CPU 0 instructions: 37500110 cycles: 72664269 heartbeat IPC: 0.4151 cumulative IPC: 0.3903 (Simulation time: 00 hr 04 min 08 sec)
Heartbeat CPU 0 instructions: 38000110 cycles: 73908325 heartbeat IPC: 0.4019 cumulative IPC: 0.3906 (Simulation time: 00 hr 04 min 12 sec)
Heartbeat CPU 0 instructions: 38500115 cycles: 75090338 heartbeat IPC: 0.423 cumulative IPC: 0.3911 (Simulation time: 00 hr 04 min 16 sec)
Heartbeat CPU 0 instructions: 39000115 cycles: 76354525 heartbeat IPC: 0.3955 cumulative IPC: 0.3912 (Simulation time: 00 hr 04 min 20 sec)
Heartbeat CPU 0 instructions: 39500117 cycles: 77628214 heartbeat IPC: 0.3926 cumulative IPC: 0.3912 (Simulation time: 00 hr 04 min 25 sec)
Heartbeat CPU 0 instructions: 40000119 cycles: 78986600 heartbeat IPC: 0.3681 cumulative IPC: 0.3908 (Simulation time: 00 hr 04 min 29 sec)
Heartbeat CPU 0 instructions: 40500119 cycles: 80134508 heartbeat IPC: 0.4356 cumulative IPC: 0.3914 (Simulation time: 00 hr 04 min 33 sec)
Heartbeat CPU 0 instructions: 41000125 cycles: 81513843 heartbeat IPC: 0.3625 cumulative IPC: 0.3909 (Simulation time: 00 hr 04 min 37 sec)
Heartbeat CPU 0 instructions: 41500129 cycles: 82812025 heartbeat IPC: 0.3852 cumulative IPC: 0.3908 (Simulation time: 00 hr 04 min 41 sec)
Heartbeat CPU 0 instructions: 42000129 cycles: 84008838 heartbeat IPC: 0.4178 cumulative IPC: 0.3912 (Simulation time: 00 hr 04 min 46 sec)
Heartbeat CPU 0 instructions: 42500129 cycles: 85256273 heartbeat IPC: 0.4008 cumulative IPC: 0.3914 (Simulation time: 00 hr 04 min 50 sec)
Heartbeat CPU 0 instructions: 43000133 cycles: 86586271 heartbeat IPC: 0.3759 cumulative IPC: 0.3911 (Simulation time: 00 hr 04 min 54 sec)
Heartbeat CPU 0 instructions: 43500133 cycles: 87790126 heartbeat IPC: 0.4153 cumulative IPC: 0.3915 (Simulation time: 00 hr 04 min 58 sec)
Heartbeat CPU 0 instructions: 44000133 cycles: 89120825 heartbeat IPC: 0.3757 cumulative IPC: 0.3912 (Simulation time: 00 hr 05 min 02 sec)
Heartbeat CPU 0 instructions: 44500135 cycles: 90392223 heartbeat IPC: 0.3933 cumulative IPC: 0.3913 (Simulation time: 00 hr 05 min 06 sec)
Heartbeat CPU 0 instructions: 45000135 cycles: 91709384 heartbeat IPC: 0.3796 cumulative IPC: 0.3911 (Simulation time: 00 hr 05 min 11 sec)
Heartbeat CPU 0 instructions: 45500135 cycles: 92820211 heartbeat IPC: 0.4501 cumulative IPC: 0.3918 (Simulation time: 00 hr 05 min 15 sec)
Heartbeat CPU 0 instructions: 46000140 cycles: 94144364 heartbeat IPC: 0.3776 cumulative IPC: 0.3916 (Simulation time: 00 hr 05 min 19 sec)
Heartbeat CPU 0 instructions: 46500140 cycles: 95283991 heartbeat IPC: 0.4387 cumulative IPC: 0.3922 (Simulation time: 00 hr 05 min 23 sec)
Heartbeat CPU 0 instructions: 47000143 cycles: 96476489 heartbeat IPC: 0.4193 cumulative IPC: 0.3925 (Simulation time: 00 hr 05 min 27 sec)
Heartbeat CPU 0 instructions: 47500144 cycles: 97760405 heartbeat IPC: 0.3894 cumulative IPC: 0.3925 (Simulation time: 00 hr 05 min 31 sec)
Heartbeat CPU 0 instructions: 48000148 cycles: 99086230 heartbeat IPC: 0.3771 cumulative IPC: 0.3923 (Simulation time: 00 hr 05 min 35 sec)
Heartbeat CPU 0 instructions: 48500148 cycles: 100358210 heartbeat IPC: 0.3931 cumulative IPC: 0.3923 (Simulation time: 00 hr 05 min 39 sec)
Heartbeat CPU 0 instructions: 49000154 cycles: 101486364 heartbeat IPC: 0.4432 cumulative IPC: 0.3929 (Simulation time: 00 hr 05 min 43 sec)
Heartbeat CPU 0 instructions: 49500160 cycles: 102745363 heartbeat IPC: 0.3971 cumulative IPC: 0.3929 (Simulation time: 00 hr 05 min 48 sec)
Heartbeat CPU 0 instructions: 50000160 cycles: 103905491 heartbeat IPC: 0.431 cumulative IPC: 0.3933 (Simulation time: 00 hr 05 min 51 sec)
Heartbeat CPU 0 instructions: 50500160 cycles: 105202713 heartbeat IPC: 0.3854 cumulative IPC: 0.3932 (Simulation time: 00 hr 05 min 56 sec)
Heartbeat CPU 0 instructions: 51000164 cycles: 106485146 heartbeat IPC: 0.3899 cumulative IPC: 0.3932 (Simulation time: 00 hr 06 min 00 sec)
Heartbeat CPU 0 instructions: 51500164 cycles: 107775732 heartbeat IPC: 0.3874 cumulative IPC: 0.3931 (Simulation time: 00 hr 06 min 04 sec)
Heartbeat CPU 0 instructions: 52000167 cycles: 108982833 heartbeat IPC: 0.4142 cumulative IPC: 0.3934 (Simulation time: 00 hr 06 min 08 sec)
Heartbeat CPU 0 instructions: 52500167 cycles: 110189119 heartbeat IPC: 0.4145 cumulative IPC: 0.3936 (Simulation time: 00 hr 06 min 12 sec)
Heartbeat CPU 0 instructions: 53000168 cycles: 111403717 heartbeat IPC: 0.4117 cumulative IPC: 0.3938 (Simulation time: 00 hr 06 min 16 sec)
Heartbeat CPU 0 instructions: 53500172 cycles: 112660473 heartbeat IPC: 0.3979 cumulative IPC: 0.3939 (Simulation time: 00 hr 06 min 20 sec)
Heartbeat CPU 0 instructions: 54000172 cycles: 114033923 heartbeat IPC: 0.364 cumulative IPC: 0.3935 (Simulation time: 00 hr 06 min 25 sec)
Heartbeat CPU 0 instructions: 54500172 cycles: 115206732 heartbeat IPC: 0.4263 cumulative IPC: 0.3938 (Simulation time: 00 hr 06 min 29 sec)
Heartbeat CPU 0 instructions: 55000173 cycles: 116499228 heartbeat IPC: 0.3868 cumulative IPC: 0.3938 (Simulation time: 00 hr 06 min 33 sec)
Heartbeat CPU 0 instructions: 55500175 cycles: 117746372 heartbeat IPC: 0.4009 cumulative IPC: 0.3938 (Simulation time: 00 hr 06 min 37 sec)
Heartbeat CPU 0 instructions: 56000178 cycles: 119071914 heartbeat IPC: 0.3772 cumulative IPC: 0.3936 (Simulation time: 00 hr 06 min 41 sec)
Heartbeat CPU 0 instructions: 56500178 cycles: 120295081 heartbeat IPC: 0.4088 cumulative IPC: 0.3938 (Simulation time: 00 hr 06 min 45 sec)
Heartbeat CPU 0 instructions: 57000178 cycles: 121564650 heartbeat IPC: 0.3938 cumulative IPC: 0.3938 (Simulation time: 00 hr 06 min 49 sec)
Heartbeat CPU 0 instructions: 57500182 cycles: 122888968 heartbeat IPC: 0.3776 cumulative IPC: 0.3936 (Simulation time: 00 hr 06 min 54 sec)
Heartbeat CPU 0 instructions: 58000182 cycles: 124241318 heartbeat IPC: 0.3697 cumulative IPC: 0.3934 (Simulation time: 00 hr 06 min 58 sec)
Heartbeat CPU 0 instructions: 58500182 cycles: 125566944 heartbeat IPC: 0.3772 cumulative IPC: 0.3932 (Simulation time: 00 hr 07 min 02 sec)
Heartbeat CPU 0 instructions: 59000184 cycles: 126829834 heartbeat IPC: 0.3959 cumulative IPC: 0.3932 (Simulation time: 00 hr 07 min 06 sec)
Heartbeat CPU 0 instructions: 59500190 cycles: 128141164 heartbeat IPC: 0.3813 cumulative IPC: 0.3931 (Simulation time: 00 hr 07 min 11 sec)
Simulation finished CPU 0 instructions: 50000000 cycles: 127401145 cumulative IPC: 0.3925 (Simulation time: 00 hr 07 min 15 sec)
Simulation complete CPU 0 instructions: 50000000 cycles: 127401145 cumulative IPC: 0.3925 (Simulation time: 00 hr 07 min 15 sec)

ChampSim completed all CPUs

=== Simulation ===
CPU 0 runs traces/cc-13.trace.gz

Region of Interest Statistics

CPU 0 cumulative IPC: 0.3925 instructions: 50000000 cycles: 127401145
CPU 0 Branch Prediction Accuracy: 88.82% MPKI: 22.44 Average ROB Occupancy at Mispredict: 24.23
Branch type MPKI
BRANCH_DIRECT_JUMP: 0
BRANCH_INDIRECT: 0
BRANCH_CONDITIONAL: 22.44
BRANCH_DIRECT_CALL: 0
BRANCH_INDIRECT_CALL: 0
BRANCH_RETURN: 0

cpu0->cpu0_STLB TOTAL        ACCESS:    2430194 HIT:    2426528 MISS:       3666 MSHR_MERGE:          0
cpu0->cpu0_STLB LOAD         ACCESS:    2430194 HIT:    2426528 MISS:       3666 MSHR_MERGE:          0
cpu0->cpu0_STLB RFO          ACCESS:          0 HIT:          0 MISS:          0 MSHR_MERGE:          0
cpu0->cpu0_STLB PREFETCH     ACCESS:          0 HIT:          0 MISS:          0 MSHR_MERGE:          0
cpu0->cpu0_STLB WRITE        ACCESS:          0 HIT:          0 MISS:          0 MSHR_MERGE:          0
cpu0->cpu0_STLB TRANSLATION  ACCESS:          0 HIT:          0 MISS:          0 MSHR_MERGE:          0
cpu0->cpu0_STLB PREFETCH REQUESTED:          0 ISSUED:          0 USEFUL:          0 USELESS:          0
cpu0->cpu0_STLB AVERAGE MISS LATENCY: 255.8 cycles
cpu0->cpu0_L2C TOTAL        ACCESS:    5113519 HIT:    3885682 MISS:    1227837 MSHR_MERGE:      35212
cpu0->cpu0_L2C LOAD         ACCESS:    3719010 HIT:    2778954 MISS:     940056 MSHR_MERGE:       1170
cpu0->cpu0_L2C RFO          ACCESS:          0 HIT:          0 MISS:          0 MSHR_MERGE:          0
cpu0->cpu0_L2C PREFETCH     ACCESS:    1181576 HIT:     894268 MISS:     287308 MSHR_MERGE:      34042
cpu0->cpu0_L2C WRITE        ACCESS:     209449 HIT:     209447 MISS:          2 MSHR_MERGE:          0
cpu0->cpu0_L2C TRANSLATION  ACCESS:       3484 HIT:       3013 MISS:        471 MSHR_MERGE:          0
cpu0->cpu0_L2C PREFETCH REQUESTED:    1181600 ISSUED:    1181575 USEFUL:     226217 USELESS:      24894
cpu0->cpu0_L2C AVERAGE MISS LATENCY: 99.39 cycles
cpu0->cpu0_L1I TOTAL        ACCESS:      63786 HIT:      63786 MISS:          0 MSHR_MERGE:          0
cpu0->cpu0_L1I LOAD         ACCESS:      63786 HIT:      63786 MISS:          0 MSHR_MERGE:          0
cpu0->cpu0_L1I RFO          ACCESS:          0 HIT:          0 MISS:          0 MSHR_MERGE:          0
cpu0->cpu0_L1I PREFETCH     ACCESS:          0 HIT:          0 MISS:          0 MSHR_MERGE:          0
cpu0->cpu0_L1I WRITE        ACCESS:          0 HIT:          0 MISS:          0 MSHR_MERGE:          0
cpu0->cpu0_L1I TRANSLATION  ACCESS:          0 HIT:          0 MISS:          0 MSHR_MERGE:          0
cpu0->cpu0_L1I PREFETCH REQUESTED:          0 ISSUED:          0 USEFUL:          0 USELESS:          0
cpu0->cpu0_L1I AVERAGE MISS LATENCY: - cycles
cpu0->cpu0_L1D TOTAL        ACCESS:   13384909 HIT:    9317237 MISS:    4067672 MSHR_MERGE:     345179
cpu0->cpu0_L1D LOAD         ACCESS:   13134286 HIT:    9070098 MISS:    4064188 MSHR_MERGE:     345179
cpu0->cpu0_L1D RFO          ACCESS:          0 HIT:          0 MISS:          0 MSHR_MERGE:          0
cpu0->cpu0_L1D PREFETCH     ACCESS:          0 HIT:          0 MISS:          0 MSHR_MERGE:          0
cpu0->cpu0_L1D WRITE        ACCESS:     243284 HIT:     243284 MISS:          0 MSHR_MERGE:          0
cpu0->cpu0_L1D TRANSLATION  ACCESS:       7339 HIT:       3855 MISS:       3484 MSHR_MERGE:          0
cpu0->cpu0_L1D PREFETCH REQUESTED:          0 ISSUED:          0 USEFUL:          0 USELESS:          0
cpu0->cpu0_L1D AVERAGE MISS LATENCY: 33.47 cycles
cpu0->cpu0_ITLB TOTAL        ACCESS:      61136 HIT:      61136 MISS:          0 MSHR_MERGE:          0
cpu0->cpu0_ITLB LOAD         ACCESS:      61136 HIT:      61136 MISS:          0 MSHR_MERGE:          0
cpu0->cpu0_ITLB RFO          ACCESS:          0 HIT:          0 MISS:          0 MSHR_MERGE:          0
cpu0->cpu0_ITLB PREFETCH     ACCESS:          0 HIT:          0 MISS:          0 MSHR_MERGE:          0
cpu0->cpu0_ITLB WRITE        ACCESS:          0 HIT:          0 MISS:          0 MSHR_MERGE:          0
cpu0->cpu0_ITLB TRANSLATION  ACCESS:          0 HIT:          0 MISS:          0 MSHR_MERGE:          0
cpu0->cpu0_ITLB PREFETCH REQUESTED:          0 ISSUED:          0 USEFUL:          0 USELESS:          0
cpu0->cpu0_ITLB AVERAGE MISS LATENCY: - cycles
cpu0->cpu0_DTLB TOTAL        ACCESS:   13377183 HIT:   10582541 MISS:    2794642 MSHR_MERGE:     364448
cpu0->cpu0_DTLB LOAD         ACCESS:   13377183 HIT:   10582541 MISS:    2794642 MSHR_MERGE:     364448
cpu0->cpu0_DTLB RFO          ACCESS:          0 HIT:          0 MISS:          0 MSHR_MERGE:          0
cpu0->cpu0_DTLB PREFETCH     ACCESS:          0 HIT:          0 MISS:          0 MSHR_MERGE:          0
cpu0->cpu0_DTLB WRITE        ACCESS:          0 HIT:          0 MISS:          0 MSHR_MERGE:          0
cpu0->cpu0_DTLB TRANSLATION  ACCESS:          0 HIT:          0 MISS:          0 MSHR_MERGE:          0
cpu0->cpu0_DTLB PREFETCH REQUESTED:          0 ISSUED:          0 USEFUL:          0 USELESS:          0
cpu0->cpu0_DTLB AVERAGE MISS LATENCY: 5.394 cycles
cpu0->LLC TOTAL        ACCESS:    1388046 HIT:     825833 MISS:     562213 MSHR_MERGE:          0
cpu0->LLC LOAD         ACCESS:     938886 HIT:     665141 MISS:     273745 MSHR_MERGE:          0
cpu0->LLC RFO          ACCESS:          0 HIT:          0 MISS:          0 MSHR_MERGE:          0
cpu0->LLC PREFETCH     ACCESS:     253266 HIT:      25419 MISS:     227847 MSHR_MERGE:          0
cpu0->LLC WRITE        ACCESS:     195423 HIT:     135270 MISS:      60153 MSHR_MERGE:          0
cpu0->LLC TRANSLATION  ACCESS:        471 HIT:          3 MISS:        468 MSHR_MERGE:          0
cpu0->LLC PREFETCH REQUESTED:          0 ISSUED:          0 USEFUL:          0 USELESS:          0
cpu0->LLC AVERAGE MISS LATENCY: 219.6 cycles

DRAM Statistics

Channel 0 RQ ROW_BUFFER_HIT:       1538
  ROW_BUFFER_MISS:     500487
  AVG DBUS CONGESTED CYCLE: 4.724
Channel 0 WQ ROW_BUFFER_HIT:      17007
  ROW_BUFFER_MISS:      63187
  FULL:          0
Channel 0 REFRESHES ISSUED:      10617
