[VMEM] WARNING: physical memory size is smaller than virtual memory size.

*** ChampSim Multicore Out-of-Order Simulator ***
Warmup Instructions: 10000000
Simulation Instructions: 50000000
Number of CPUs: 1
Page size: 4096
Core 0: traces/cc-14.trace.gz
Off-chip DRAM Size: 64 GiB Channels: 1 Width: 64-bit Data Rate: 800 MT/s
Heartbeat CPU 0 instructions: 500004 cycles: 151561 heartbeat IPC: 3.299 cumulative IPC: 3.299 (Simulation time: 00 hr 00 min 01 sec)
Heartbeat CPU 0 instructions: 1000005 cycles: 299548 heartbeat IPC: 3.379 cumulative IPC: 3.338 (Simulation time: 00 hr 00 min 02 sec)
Heartbeat CPU 0 instructions: 1500005 cycles: 447179 heartbeat IPC: 3.387 cumulative IPC: 3.354 (Simulation time: 00 hr 00 min 03 sec)
Heartbeat CPU 0 instructions: 2000009 cycles: 557320 heartbeat IPC: 4.54 cumulative IPC: 3.589 (Simulation time: 00 hr 00 min 04 sec)
Heartbeat CPU 0 instructions: 2500011 cycles: 660479 heartbeat IPC: 4.847 cumulative IPC: 3.785 (Simulation time: 00 hr 00 min 05 sec)
Heartbeat CPU 0 instructions: 3000015 cycles: 763842 heartbeat IPC: 4.837 cumulative IPC: 3.928 (Simulation time: 00 hr 00 min 06 sec)
Heartbeat CPU 0 instructions: 3500022 cycles: 867303 heartbeat IPC: 4.833 cumulative IPC: 4.036 (Simulation time: 00 hr 00 min 07 sec)
Heartbeat CPU 0 instructions: 4000027 cycles: 970659 heartbeat IPC: 4.838 cumulative IPC: 4.121 (Simulation time: 00 hr 00 min 08 sec)
Heartbeat CPU 0 instructions: 4500032 cycles: 1074118 heartbeat IPC: 4.833 cumulative IPC: 4.19 (Simulation time: 00 hr 00 min 08 sec)
Heartbeat CPU 0 instructions: 5000038 cycles: 1177793 heartbeat IPC: 4.823 cumulative IPC: 4.245 (Simulation time: 00 hr 00 min 09 sec)
Heartbeat CPU 0 instructions: 5500042 cycles: 1281369 heartbeat IPC: 4.827 cumulative IPC: 4.292 (Simulation time: 00 hr 00 min 10 sec)
Heartbeat CPU 0 instructions: 6000044 cycles: 1384717 heartbeat IPC: 4.838 cumulative IPC: 4.333 (Simulation time: 00 hr 00 min 11 sec)
Heartbeat CPU 0 instructions: 6500048 cycles: 1488316 heartbeat IPC: 4.826 cumulative IPC: 4.367 (Simulation time: 00 hr 00 min 12 sec)
Heartbeat CPU 0 instructions: 7000054 cycles: 1591910 heartbeat IPC: 4.827 cumulative IPC: 4.397 (Simulation time: 00 hr 00 min 13 sec)
Heartbeat CPU 0 instructions: 7500058 cycles: 1695127 heartbeat IPC: 4.844 cumulative IPC: 4.424 (Simulation time: 00 hr 00 min 14 sec)
Heartbeat CPU 0 instructions: 8000063 cycles: 1798727 heartbeat IPC: 4.826 cumulative IPC: 4.448 (Simulation time: 00 hr 00 min 15 sec)
Heartbeat CPU 0 instructions: 8500068 cycles: 1902269 heartbeat IPC: 4.829 cumulative IPC: 4.468 (Simulation time: 00 hr 00 min 16 sec)
Heartbeat CPU 0 instructions: 9000070 cycles: 2005872 heartbeat IPC: 4.826 cumulative IPC: 4.487 (Simulation time: 00 hr 00 min 17 sec)
Heartbeat CPU 0 instructions: 9500073 cycles: 2109343 heartbeat IPC: 4.832 cumulative IPC: 4.504 (Simulation time: 00 hr 00 min 18 sec)
Warmup finished CPU 0 instructions: 10000005 cycles: 2212802 cumulative IPC: 4.519 (Simulation time: 00 hr 00 min 19 sec)
Warmup complete CPU 0 instructions: 10000005 cycles: 2212802 cumulative IPC: 4.519 (Simulation time: 00 hr 00 min 19 sec)
Heartbeat CPU 0 instructions: 10000075 cycles: 2212851 heartbeat IPC: 4.831 cumulative IPC: 1.429 (Simulation time: 00 hr 00 min 19 sec)
Heartbeat CPU 0 instructions: 10500077 cycles: 3497429 heartbeat IPC: 0.3892 cumulative IPC: 0.3893 (Simulation time: 00 hr 00 min 23 sec)
Heartbeat CPU 0 instructions: 11000082 cycles: 4719172 heartbeat IPC: 0.4093 cumulative IPC: 0.399 (Simulation time: 00 hr 00 min 27 sec)
Heartbeat CPU 0 instructions: 11500083 cycles: 5962504 heartbeat IPC: 0.4021 cumulative IPC: 0.4001 (Simulation time: 00 hr 00 min 31 sec)
Heartbeat CPU 0 instructions: 12000085 cycles: 7222827 heartbeat IPC: 0.3967 cumulative IPC: 0.3992 (Simulation time: 00 hr 00 min 35 sec)
Heartbeat CPU 0 instructions: 12500087 cycles: 8335501 heartbeat IPC: 0.4494 cumulative IPC: 0.4083 (Simulation time: 00 hr 00 min 39 sec)
Heartbeat CPU 0 instructions: 13000087 cycles: 9536871 heartbeat IPC: 0.4162 cumulative IPC: 0.4096 (Simulation time: 00 hr 00 min 43 sec)
Heartbeat CPU 0 instructions: 13500087 cycles: 10677737 heartbeat IPC: 0.4383 cumulative IPC: 0.4135 (Simulation time: 00 hr 00 min 47 sec)
Heartbeat CPU 0 instructions: 14000087 cycles: 11910545 heartbeat IPC: 0.4056 cumulative IPC: 0.4125 (Simulation time: 00 hr 00 min 51 sec)
Heartbeat CPU 0 instructions: 14500087 cycles: 13154983 heartbeat IPC: 0.4018 cumulative IPC: 0.4113 (Simulation time: 00 hr 00 min 55 sec)
Heartbeat CPU 0 instructions: 15000087 cycles: 14482666 heartbeat IPC: 0.3766 cumulative IPC: 0.4075 (Simulation time: 00 hr 00 min 59 sec)
Heartbeat CPU 0 instructions: 15500088 cycles: 15737176 heartbeat IPC: 0.3986 cumulative IPC: 0.4067 (Simulation time: 00 hr 01 min 03 sec)
Heartbeat CPU 0 instructions: 16000088 cycles: 16957959 heartbeat IPC: 0.4096 cumulative IPC: 0.4069 (Simulation time: 00 hr 01 min 07 sec)
Heartbeat CPU 0 instructions: 16500089 cycles: 18221913 heartbeat IPC: 0.3956 cumulative IPC: 0.406 (Simulation time: 00 hr 01 min 12 sec)
Heartbeat CPU 0 instructions: 17000094 cycles: 19469534 heartbeat IPC: 0.4008 cumulative IPC: 0.4056 (Simulation time: 00 hr 01 min 16 sec)
Heartbeat CPU 0 instructions: 17500094 cycles: 20669679 heartbeat IPC: 0.4166 cumulative IPC: 0.4064 (Simulation time: 00 hr 01 min 20 sec)
Heartbeat CPU 0 instructions: 18000096 cycles: 21882889 heartbeat IPC: 0.4121 cumulative IPC: 0.4067 (Simulation time: 00 hr 01 min 24 sec)
Heartbeat CPU 0 instructions: 18500096 cycles: 23049529 heartbeat IPC: 0.4286 cumulative IPC: 0.4079 (Simulation time: 00 hr 01 min 28 sec)
Heartbeat CPU 0 instructions: 19000098 cycles: 24228117 heartbeat IPC: 0.4242 cumulative IPC: 0.4088 (Simulation time: 00 hr 01 min 32 sec)
Heartbeat CPU 0 instructions: 19500099 cycles: 25288202 heartbeat IPC: 0.4717 cumulative IPC: 0.4117 (Simulation time: 00 hr 01 min 35 sec)
Heartbeat CPU 0 instructions: 20000099 cycles: 26407642 heartbeat IPC: 0.4467 cumulative IPC: 0.4133 (Simulation time: 00 hr 01 min 39 sec)
Heartbeat CPU 0 instructions: 20500100 cycles: 27491010 heartbeat IPC: 0.4615 cumulative IPC: 0.4154 (Simulation time: 00 hr 01 min 43 sec)
Heartbeat CPU 0 instructions: 21000101 cycles: 28739885 heartbeat IPC: 0.4004 cumulative IPC: 0.4147 (Simulation time: 00 hr 01 min 47 sec)
Heartbeat CPU 0 instructions: 21500101 cycles: 29974967 heartbeat IPC: 0.4048 cumulative IPC: 0.4142 (Simulation time: 00 hr 01 min 51 sec)
Heartbeat CPU 0 instructions: 22000104 cycles: 31134118 heartbeat IPC: 0.4314 cumulative IPC: 0.4149 (Simulation time: 00 hr 01 min 55 sec)
Heartbeat CPU 0 instructions: 22500104 cycles: 32277255 heartbeat IPC: 0.4374 cumulative IPC: 0.4158 (Simulation time: 00 hr 01 min 59 sec)
Heartbeat CPU 0 instructions: 23000106 cycles: 33415042 heartbeat IPC: 0.4395 cumulative IPC: 0.4166 (Simulation time: 00 hr 02 min 03 sec)
Heartbeat CPU 0 instructions: 23500108 cycles: 34526695 heartbeat IPC: 0.4498 cumulative IPC: 0.4178 (Simulation time: 00 hr 02 min 07 sec)
Heartbeat CPU 0 instructions: 24000114 cycles: 35606468 heartbeat IPC: 0.4631 cumulative IPC: 0.4192 (Simulation time: 00 hr 02 min 11 sec)
Heartbeat CPU 0 instructions: 24500114 cycles: 36689076 heartbeat IPC: 0.4618 cumulative IPC: 0.4206 (Simulation time: 00 hr 02 min 14 sec)
Heartbeat CPU 0 instructions: 25000120 cycles: 37726066 heartbeat IPC: 0.4822 cumulative IPC: 0.4224 (Simulation time: 00 hr 02 min 18 sec)
Heartbeat CPU 0 instructions: 25500120 cycles: 38824036 heartbeat IPC: 0.4554 cumulative IPC: 0.4234 (Simulation time: 00 hr 02 min 22 sec)
Heartbeat CPU 0 instructions: 26000124 cycles: 40035450 heartbeat IPC: 0.4127 cumulative IPC: 0.423 (Simulation time: 00 hr 02 min 26 sec)
Heartbeat CPU 0 instructions: 26500130 cycles: 41296989 heartbeat IPC: 0.3963 cumulative IPC: 0.4222 (Simulation time: 00 hr 02 min 30 sec)
Heartbeat CPU 0 instructions: 27000130 cycles: 42399507 heartbeat IPC: 0.4535 cumulative IPC: 0.423 (Simulation time: 00 hr 02 min 34 sec)
Heartbeat CPU 0 instructions: 27500133 cycles: 43677188 heartbeat IPC: 0.3913 cumulative IPC: 0.4221 (Simulation time: 00 hr 02 min 38 sec)
Heartbeat CPU 0 instructions: 28000134 cycles: 44722617 heartbeat IPC: 0.4783 cumulative IPC: 0.4234 (Simulation time: 00 hr 02 min 42 sec)
Heartbeat CPU 0 instructions: 28500135 cycles: 45709680 heartbeat IPC: 0.5066 cumulative IPC: 0.4253 (Simulation time: 00 hr 02 min 46 sec)
Heartbeat CPU 0 instructions: 29000138 cycles: 46750430 heartbeat IPC: 0.4804 cumulative IPC: 0.4266 (Simulation time: 00 hr 02 min 49 sec)
Heartbeat CPU 0 instructions: 29500139 cycles: 47839278 heartbeat IPC: 0.4592 cumulative IPC: 0.4274 (Simulation time: 00 hr 02 min 53 sec)
Heartbeat CPU 0 instructions: 30000140 cycles: 48906763 heartbeat IPC: 0.4684 cumulative IPC: 0.4283 (Simulation time: 00 hr 02 min 57 sec)
Heartbeat CPU 0 instructions: 30500141 cycles: 50126694 heartbeat IPC: 0.4099 cumulative IPC: 0.4279 (Simulation time: 00 hr 03 min 01 sec)
Heartbeat CPU 0 instructions: 31000142 cycles: 51260441 heartbeat IPC: 0.441 cumulative IPC: 0.4282 (Simulation time: 00 hr 03 min 05 sec)
Heartbeat CPU 0 instructions: 31500144 cycles: 52383247 heartbeat IPC: 0.4453 cumulative IPC: 0.4285 (Simulation time: 00 hr 03 min 09 sec)
Heartbeat CPU 0 instructions: 32000147 cycles: 53411476 heartbeat IPC: 0.4863 cumulative IPC: 0.4297 (Simulation time: 00 hr 03 min 13 sec)
Heartbeat CPU 0 instructions: 32500149 cycles: 54554196 heartbeat IPC: 0.4376 cumulative IPC: 0.4299 (Simulation time: 00 hr 03 min 17 sec)
Heartbeat CPU 0 instructions: 33000149 cycles: 55570813 heartbeat IPC: 0.4918 cumulative IPC: 0.4311 (Simulation time: 00 hr 03 min 20 sec)
Heartbeat CPU 0 instructions: 33500149 cycles: 56669824 heartbeat IPC: 0.455 cumulative IPC: 0.4315 (Simulation time: 00 hr 03 min 24 sec)
Heartbeat CPU 0 instructions: 34000152 cycles: 57838760 heartbeat IPC: 0.4277 cumulative IPC: 0.4315 (Simulation time: 00 hr 03 min 28 sec)
Heartbeat CPU 0 instructions: 34500153 cycles: 58864668 heartbeat IPC: 0.4874 cumulative IPC: 0.4325 (Simulation time: 00 hr 03 min 32 sec)
Heartbeat CPU 0 instructions: 35000156 cycles: 59872972 heartbeat IPC: 0.4959 cumulative IPC: 0.4336 (Simulation time: 00 hr 03 min 35 sec)
Heartbeat CPU 0 instructions: 35500161 cycles: 60954241 heartbeat IPC: 0.4624 cumulative IPC: 0.4341 (Simulation time: 00 hr 03 min 39 sec)
Heartbeat CPU 0 instructions: 36000162 cycles: 62120086 heartbeat IPC: 0.4289 cumulative IPC: 0.434 (Simulation time: 00 hr 03 min 43 sec)
Heartbeat CPU 0 instructions: 36500166 cycles: 63277343 heartbeat IPC: 0.4321 cumulative IPC: 0.434 (Simulation time: 00 hr 03 min 47 sec)
Heartbeat CPU 0 instructions: 37000166 cycles: 64312564 heartbeat IPC: 0.483 cumulative IPC: 0.4348 (Simulation time: 00 hr 03 min 51 sec)
Heartbeat CPU 0 instructions: 37500168 cycles: 65383590 heartbeat IPC: 0.4668 cumulative IPC: 0.4353 (Simulation time: 00 hr 03 min 55 sec)
Heartbeat CPU 0 instructions: 38000168 cycles: 66493712 heartbeat IPC: 0.4504 cumulative IPC: 0.4356 (Simulation time: 00 hr 03 min 59 sec)
Heartbeat CPU 0 instructions: 38500171 cycles: 67697188 heartbeat IPC: 0.4155 cumulative IPC: 0.4352 (Simulation time: 00 hr 04 min 03 sec)
Heartbeat CPU 0 instructions: 39000172 cycles: 68855817 heartbeat IPC: 0.4315 cumulative IPC: 0.4352 (Simulation time: 00 hr 04 min 07 sec)
Heartbeat CPU 0 instructions: 39500173 cycles: 69983185 heartbeat IPC: 0.4435 cumulative IPC: 0.4353 (Simulation time: 00 hr 04 min 11 sec)
Heartbeat CPU 0 instructions: 40000175 cycles: 70996836 heartbeat IPC: 0.4933 cumulative IPC: 0.4362 (Simulation time: 00 hr 04 min 14 sec)
Heartbeat CPU 0 instructions: 40500175 cycles: 72085567 heartbeat IPC: 0.4593 cumulative IPC: 0.4365 (Simulation time: 00 hr 04 min 18 sec)
Heartbeat CPU 0 instructions: 41000175 cycles: 73249707 heartbeat IPC: 0.4295 cumulative IPC: 0.4364 (Simulation time: 00 hr 04 min 22 sec)
Heartbeat CPU 0 instructions: 41500175 cycles: 74406546 heartbeat IPC: 0.4322 cumulative IPC: 0.4363 (Simulation time: 00 hr 04 min 26 sec)
Heartbeat CPU 0 instructions: 42000180 cycles: 75562656 heartbeat IPC: 0.4325 cumulative IPC: 0.4363 (Simulation time: 00 hr 04 min 30 sec)
Heartbeat CPU 0 instructions: 42500186 cycles: 76729692 heartbeat IPC: 0.4284 cumulative IPC: 0.4361 (Simulation time: 00 hr 04 min 34 sec)
Heartbeat CPU 0 instructions: 43000188 cycles: 77953355 heartbeat IPC: 0.4086 cumulative IPC: 0.4357 (Simulation time: 00 hr 04 min 38 sec)
Heartbeat CPU 0 instructions: 43500191 cycles: 79074388 heartbeat IPC: 0.446 cumulative IPC: 0.4359 (Simulation time: 00 hr 04 min 42 sec)
Heartbeat CPU 0 instructions: 44000192 cycles: 80234032 heartbeat IPC: 0.4312 cumulative IPC: 0.4358 (Simulation time: 00 hr 04 min 46 sec)
Heartbeat CPU 0 instructions: 44500192 cycles: 81371007 heartbeat IPC: 0.4398 cumulative IPC: 0.4358 (Simulation time: 00 hr 04 min 50 sec)
Heartbeat CPU 0 instructions: 45000198 cycles: 82429643 heartbeat IPC: 0.4723 cumulative IPC: 0.4363 (Simulation time: 00 hr 04 min 54 sec)
Heartbeat CPU 0 instructions: 45500198 cycles: 83535314 heartbeat IPC: 0.4522 cumulative IPC: 0.4365 (Simulation time: 00 hr 04 min 57 sec)
Heartbeat CPU 0 instructions: 46000198 cycles: 84588487 heartbeat IPC: 0.4748 cumulative IPC: 0.437 (Simulation time: 00 hr 05 min 01 sec)
Heartbeat CPU 0 instructions: 46500199 cycles: 85560178 heartbeat IPC: 0.5146 cumulative IPC: 0.4379 (Simulation time: 00 hr 05 min 05 sec)
Heartbeat CPU 0 instructions: 47000201 cycles: 86599903 heartbeat IPC: 0.4809 cumulative IPC: 0.4385 (Simulation time: 00 hr 05 min 09 sec)
Heartbeat CPU 0 instructions: 47500201 cycles: 87588680 heartbeat IPC: 0.5057 cumulative IPC: 0.4392 (Simulation time: 00 hr 05 min 12 sec)
Heartbeat CPU 0 instructions: 48000203 cycles: 88539549 heartbeat IPC: 0.5258 cumulative IPC: 0.4402 (Simulation time: 00 hr 05 min 16 sec)
Heartbeat CPU 0 instructions: 48500204 cycles: 89560580 heartbeat IPC: 0.4897 cumulative IPC: 0.4408 (Simulation time: 00 hr 05 min 20 sec)
Heartbeat CPU 0 instructions: 49000208 cycles: 90641302 heartbeat IPC: 0.4627 cumulative IPC: 0.441 (Simulation time: 00 hr 05 min 23 sec)
Heartbeat CPU 0 instructions: 49500209 cycles: 91671125 heartbeat IPC: 0.4855 cumulative IPC: 0.4415 (Simulation time: 00 hr 05 min 27 sec)
Heartbeat CPU 0 instructions: 50000209 cycles: 92774943 heartbeat IPC: 0.453 cumulative IPC: 0.4417 (Simulation time: 00 hr 05 min 31 sec)
Heartbeat CPU 0 instructions: 50500210 cycles: 93890950 heartbeat IPC: 0.448 cumulative IPC: 0.4418 (Simulation time: 00 hr 05 min 35 sec)
Heartbeat CPU 0 instructions: 51000213 cycles: 94932099 heartbeat IPC: 0.4802 cumulative IPC: 0.4422 (Simulation time: 00 hr 05 min 39 sec)
Heartbeat CPU 0 instructions: 51500216 cycles: 96016607 heartbeat IPC: 0.461 cumulative IPC: 0.4424 (Simulation time: 00 hr 05 min 43 sec)
Heartbeat CPU 0 instructions: 52000217 cycles: 97016065 heartbeat IPC: 0.5003 cumulative IPC: 0.443 (Simulation time: 00 hr 05 min 46 sec)
Heartbeat CPU 0 instructions: 52500217 cycles: 98068722 heartbeat IPC: 0.475 cumulative IPC: 0.4434 (Simulation time: 00 hr 05 min 50 sec)
Heartbeat CPU 0 instructions: 53000217 cycles: 99129180 heartbeat IPC: 0.4715 cumulative IPC: 0.4437 (Simulation time: 00 hr 05 min 54 sec)
Heartbeat CPU 0 instructions: 53500218 cycles: 100162570 heartbeat IPC: 0.4838 cumulative IPC: 0.4441 (Simulation time: 00 hr 05 min 58 sec)
Heartbeat CPU 0 instructions: 54000218 cycles: 101265962 heartbeat IPC: 0.4531 cumulative IPC: 0.4442 (Simulation time: 00 hr 06 min 02 sec)
Heartbeat CPU 0 instructions: 54500221 cycles: 102263505 heartbeat IPC: 0.5012 cumulative IPC: 0.4448 (Simulation time: 00 hr 06 min 05 sec)
Heartbeat CPU 0 instructions: 55000221 cycles: 103328144 heartbeat IPC: 0.4696 cumulative IPC: 0.445 (Simulation time: 00 hr 06 min 09 sec)
Heartbeat CPU 0 instructions: 55500221 cycles: 104393753 heartbeat IPC: 0.4692 cumulative IPC: 0.4453 (Simulation time: 00 hr 06 min 13 sec)
Heartbeat CPU 0 instructions: 56000221 cycles: 105573548 heartbeat IPC: 0.4238 cumulative IPC: 0.445 (Simulation time: 00 hr 06 min 17 sec)
Heartbeat CPU 0 instructions: 56500223 cycles: 106719204 heartbeat IPC: 0.4364 cumulative IPC: 0.445 (Simulation time: 00 hr 06 min 21 sec)
Heartbeat CPU 0 instructions: 57000224 cycles: 107794804 heartbeat IPC: 0.4649 cumulative IPC: 0.4452 (Simulation time: 00 hr 06 min 25 sec)
Heartbeat CPU 0 instructions: 57500224 cycles: 108820831 heartbeat IPC: 0.4873 cumulative IPC: 0.4456 (Simulation time: 00 hr 06 min 29 sec)
Heartbeat CPU 0 instructions: 58000224 cycles: 110001345 heartbeat IPC: 0.4235 cumulative IPC: 0.4453 (Simulation time: 00 hr 06 min 33 sec)
Heartbeat CPU 0 instructions: 58500224 cycles: 111147241 heartbeat IPC: 0.4363 cumulative IPC: 0.4452 (Simulation time: 00 hr 06 min 37 sec)
Heartbeat CPU 0 instructions: 59000224 cycles: 112207862 heartbeat IPC: 0.4714 cumulative IPC: 0.4455 (Simulation time: 00 hr 06 min 40 sec)
Heartbeat CPU 0 instructions: 59500225 cycles: 113482053 heartbeat IPC: 0.3924 cumulative IPC: 0.4449 (Simulation time: 00 hr 06 min 45 sec)
Simulation finished CPU 0 instructions: 50000006 cycles: 112328519 cumulative IPC: 0.4451 (Simulation time: 00 hr 06 min 48 sec)
Simulation complete CPU 0 instructions: 50000006 cycles: 112328519 cumulative IPC: 0.4451 (Simulation time: 00 hr 06 min 48 sec)

ChampSim completed all CPUs

=== Simulation ===
CPU 0 runs traces/cc-14.trace.gz

Region of Interest Statistics

CPU 0 cumulative IPC: 0.4451 instructions: 50000006 cycles: 112328519
CPU 0 Branch Prediction Accuracy: 91.01% MPKI: 17.9 Average ROB Occupancy at Mispredict: 33.18
Branch type MPKI
BRANCH_DIRECT_JUMP: 0
BRANCH_INDIRECT: 0
BRANCH_CONDITIONAL: 17.9
BRANCH_DIRECT_CALL: 0
BRANCH_INDIRECT_CALL: 0
BRANCH_RETURN: 0

cpu0->cpu0_STLB TOTAL        ACCESS:    2366178 HIT:    2362615 MISS:       3563 MSHR_MERGE:          0
cpu0->cpu0_STLB LOAD         ACCESS:    2366178 HIT:    2362615 MISS:       3563 MSHR_MERGE:          0
cpu0->cpu0_STLB RFO          ACCESS:          0 HIT:          0 MISS:          0 MSHR_MERGE:          0
cpu0->cpu0_STLB PREFETCH     ACCESS:          0 HIT:          0 MISS:          0 MSHR_MERGE:          0
cpu0->cpu0_STLB WRITE        ACCESS:          0 HIT:          0 MISS:          0 MSHR_MERGE:          0
cpu0->cpu0_STLB TRANSLATION  ACCESS:          0 HIT:          0 MISS:          0 MSHR_MERGE:          0
cpu0->cpu0_STLB PREFETCH REQUESTED:          0 ISSUED:          0 USEFUL:          0 USELESS:          0
cpu0->cpu0_STLB AVERAGE MISS LATENCY: 255.8 cycles
cpu0->cpu0_L2C TOTAL        ACCESS:    4885753 HIT:    3709212 MISS:    1176541 MSHR_MERGE:      42504
cpu0->cpu0_L2C LOAD         ACCESS:    3621506 HIT:    2715627 MISS:     905879 MSHR_MERGE:        523
cpu0->cpu0_L2C RFO          ACCESS:          0 HIT:          0 MISS:          0 MSHR_MERGE:          0
cpu0->cpu0_L2C PREFETCH     ACCESS:    1056300 HIT:     786091 MISS:     270209 MSHR_MERGE:      41981
cpu0->cpu0_L2C WRITE        ACCESS:     204546 HIT:     204545 MISS:          1 MSHR_MERGE:          0
cpu0->cpu0_L2C TRANSLATION  ACCESS:       3401 HIT:       2949 MISS:        452 MSHR_MERGE:          0
cpu0->cpu0_L2C PREFETCH REQUESTED:    1056302 ISSUED:    1056300 USEFUL:     214147 USELESS:      15555
cpu0->cpu0_L2C AVERAGE MISS LATENCY: 100.3 cycles
cpu0->cpu0_L1I TOTAL        ACCESS:      81251 HIT:      81251 MISS:          0 MSHR_MERGE:          0
cpu0->cpu0_L1I LOAD         ACCESS:      81251 HIT:      81251 MISS:          0 MSHR_MERGE:          0
cpu0->cpu0_L1I RFO          ACCESS:          0 HIT:          0 MISS:          0 MSHR_MERGE:          0
cpu0->cpu0_L1I PREFETCH     ACCESS:          0 HIT:          0 MISS:          0 MSHR_MERGE:          0
cpu0->cpu0_L1I WRITE        ACCESS:          0 HIT:          0 MISS:          0 MSHR_MERGE:          0
cpu0->cpu0_L1I TRANSLATION  ACCESS:          0 HIT:          0 MISS:          0 MSHR_MERGE:          0
cpu0->cpu0_L1I PREFETCH REQUESTED:          0 ISSUED:          0 USEFUL:          0 USELESS:          0
cpu0->cpu0_L1I AVERAGE MISS LATENCY: - cycles
cpu0->cpu0_L1D TOTAL        ACCESS:   13044114 HIT:    9044992 MISS:    3999122 MSHR_MERGE:     374215
cpu0->cpu0_L1D LOAD         ACCESS:   12799478 HIT:    8803757 MISS:    3995721 MSHR_MERGE:     374215
cpu0->cpu0_L1D RFO          ACCESS:          0 HIT:          0 MISS:          0 MSHR_MERGE:          0
cpu0->cpu0_L1D PREFETCH     ACCESS:          0 HIT:          0 MISS:          0 MSHR_MERGE:          0
cpu0->cpu0_L1D WRITE        ACCESS:     237503 HIT:     237503 MISS:          0 MSHR_MERGE:          0
cpu0->cpu0_L1D TRANSLATION  ACCESS:       7133 HIT:       3732 MISS:       3401 MSHR_MERGE:          0
cpu0->cpu0_L1D PREFETCH REQUESTED:          0 ISSUED:          0 USEFUL:          0 USELESS:          0
cpu0->cpu0_L1D AVERAGE MISS LATENCY: 33.45 cycles
cpu0->cpu0_ITLB TOTAL        ACCESS:      77899 HIT:      77899 MISS:          0 MSHR_MERGE:          0
cpu0->cpu0_ITLB LOAD         ACCESS:      77899 HIT:      77899 MISS:          0 MSHR_MERGE:          0
cpu0->cpu0_ITLB RFO          ACCESS:          0 HIT:          0 MISS:          0 MSHR_MERGE:          0
cpu0->cpu0_ITLB PREFETCH     ACCESS:          0 HIT:          0 MISS:          0 MSHR_MERGE:          0
cpu0->cpu0_ITLB WRITE        ACCESS:          0 HIT:          0 MISS:          0 MSHR_MERGE:          0
cpu0->cpu0_ITLB TRANSLATION  ACCESS:          0 HIT:          0 MISS:          0 MSHR_MERGE:          0
cpu0->cpu0_ITLB PREFETCH REQUESTED:          0 ISSUED:          0 USEFUL:          0 USELESS:          0
cpu0->cpu0_ITLB AVERAGE MISS LATENCY: - cycles
cpu0->cpu0_DTLB TOTAL        ACCESS:   13036761 HIT:   10269456 MISS:    2767305 MSHR_MERGE:     401128
cpu0->cpu0_DTLB LOAD         ACCESS:   13036761 HIT:   10269456 MISS:    2767305 MSHR_MERGE:     401128
cpu0->cpu0_DTLB RFO          ACCESS:          0 HIT:          0 MISS:          0 MSHR_MERGE:          0
cpu0->cpu0_DTLB PREFETCH     ACCESS:          0 HIT:          0 MISS:          0 MSHR_MERGE:          0
cpu0->cpu0_DTLB WRITE        ACCESS:          0 HIT:          0 MISS:          0 MSHR_MERGE:          0
cpu0->cpu0_DTLB TRANSLATION  ACCESS:          0 HIT:          0 MISS:          0 MSHR_MERGE:          0
cpu0->cpu0_DTLB PREFETCH REQUESTED:          0 ISSUED:          0 USEFUL:          0 USELESS:          0
cpu0->cpu0_DTLB AVERAGE MISS LATENCY: 5.394 cycles
cpu0->LLC TOTAL        ACCESS:    1323425 HIT:     787481 MISS:     535944 MSHR_MERGE:          0
cpu0->LLC LOAD         ACCESS:     905356 HIT:     642441 MISS:     262915 MSHR_MERGE:          0
cpu0->LLC RFO          ACCESS:          0 HIT:          0 MISS:          0 MSHR_MERGE:          0
cpu0->LLC PREFETCH     ACCESS:     228228 HIT:      13686 MISS:     214542 MSHR_MERGE:          0
cpu0->LLC WRITE        ACCESS:     189389 HIT:     131354 MISS:      58035 MSHR_MERGE:          0
cpu0->LLC TRANSLATION  ACCESS:        452 HIT:          0 MISS:        452 MSHR_MERGE:          0
cpu0->LLC PREFETCH REQUESTED:          0 ISSUED:          0 USEFUL:          0 USELESS:          0
cpu0->LLC AVERAGE MISS LATENCY: 222.8 cycles

DRAM Statistics

Channel 0 RQ ROW_BUFFER_HIT:       1399
  ROW_BUFFER_MISS:     476454
  AVG DBUS CONGESTED CYCLE: 4.719
Channel 0 WQ ROW_BUFFER_HIT:      18215
  ROW_BUFFER_MISS:      59436
  FULL:          0
Channel 0 REFRESHES ISSUED:       9361
