[VMEM] WARNING: physical memory size is smaller than virtual memory size.

*** ChampSim Multicore Out-of-Order Simulator ***
Warmup Instructions: 10000000
Simulation Instructions: 50000000
Number of CPUs: 1
Page size: 4096
Core 0: traces/charlie_0003.champsim.gz
Off-chip DRAM Size: 64 GiB Channels: 1 Width: 64-bit Data Rate: 800 MT/s
[BTB] WARNING: target of return is a lower address than the corresponding call. This is usually a problem with your trace.
Heartbeat CPU 0 instructions: 500002 cycles: 253156 heartbeat IPC: 1.975 cumulative IPC: 1.975 (Simulation time: 00 hr 00 min 02 sec)
Heartbeat CPU 0 instructions: 1000006 cycles: 512386 heartbeat IPC: 1.929 cumulative IPC: 1.952 (Simulation time: 00 hr 00 min 04 sec)
[BTB] WARNING: target of return is a lower address than the corresponding call. This is usually a problem with your trace.
Heartbeat CPU 0 instructions: 1500013 cycles: 693437 heartbeat IPC: 2.762 cumulative IPC: 2.163 (Simulation time: 00 hr 00 min 06 sec)
[BTB] WARNING: target of return is a lower address than the corresponding call. This is usually a problem with your trace.
Heartbeat CPU 0 instructions: 2000018 cycles: 839458 heartbeat IPC: 3.424 cumulative IPC: 2.383 (Simulation time: 00 hr 00 min 07 sec)
[BTB] WARNING: target of return is a lower address than the corresponding call. This is usually a problem with your trace.
Heartbeat CPU 0 instructions: 2500018 cycles: 987581 heartbeat IPC: 3.376 cumulative IPC: 2.531 (Simulation time: 00 hr 00 min 08 sec)
[BTB] WARNING: target of return is a lower address than the corresponding call. This is usually a problem with your trace.
Heartbeat CPU 0 instructions: 3000024 cycles: 1100967 heartbeat IPC: 4.41 cumulative IPC: 2.725 (Simulation time: 00 hr 00 min 09 sec)
[BTB] WARNING: target of return is a lower address than the corresponding call. This is usually a problem with your trace.
[BTB] WARNING: target of return is a lower address than the corresponding call. This is usually a problem with your trace.
[BTB] WARNING: target of return is a lower address than the corresponding call. This is usually a problem with your trace.
[BTB] WARNING: target of return is a lower address than the corresponding call. This is usually a problem with your trace.
[BTB] WARNING: target of return is a lower address than the corresponding call. This is usually a problem with your trace.
Heartbeat CPU 0 instructions: 3500024 cycles: 1219802 heartbeat IPC: 4.208 cumulative IPC: 2.869 (Simulation time: 00 hr 00 min 10 sec)
Heartbeat CPU 0 instructions: 4000027 cycles: 1326588 heartbeat IPC: 4.682 cumulative IPC: 3.015 (Simulation time: 00 hr 00 min 11 sec)
Heartbeat CPU 0 instructions: 4500027 cycles: 1463263 heartbeat IPC: 3.658 cumulative IPC: 3.075 (Simulation time: 00 hr 00 min 12 sec)
Heartbeat CPU 0 instructions: 5000032 cycles: 1667388 heartbeat IPC: 2.45 cumulative IPC: 2.999 (Simulation time: 00 hr 00 min 14 sec)
Heartbeat CPU 0 instructions: 5500034 cycles: 1813678 heartbeat IPC: 3.418 cumulative IPC: 3.033 (Simulation time: 00 hr 00 min 15 sec)
Heartbeat CPU 0 instructions: 6000035 cycles: 1919960 heartbeat IPC: 4.704 cumulative IPC: 3.125 (Simulation time: 00 hr 00 min 16 sec)
Heartbeat CPU 0 instructions: 6500038 cycles: 2024364 heartbeat IPC: 4.789 cumulative IPC: 3.211 (Simulation time: 00 hr 00 min 17 sec)
Heartbeat CPU 0 instructions: 7000044 cycles: 2130049 heartbeat IPC: 4.731 cumulative IPC: 3.286 (Simulation time: 00 hr 00 min 18 sec)
Heartbeat CPU 0 instructions: 7500045 cycles: 2235215 heartbeat IPC: 4.754 cumulative IPC: 3.355 (Simulation time: 00 hr 00 min 19 sec)
Heartbeat CPU 0 instructions: 8000052 cycles: 2340312 heartbeat IPC: 4.758 cumulative IPC: 3.418 (Simulation time: 00 hr 00 min 20 sec)
Heartbeat CPU 0 instructions: 8500055 cycles: 2444738 heartbeat IPC: 4.788 cumulative IPC: 3.477 (Simulation time: 00 hr 00 min 20 sec)
Heartbeat CPU 0 instructions: 9000058 cycles: 2548716 heartbeat IPC: 4.809 cumulative IPC: 3.531 (Simulation time: 00 hr 00 min 21 sec)
Heartbeat CPU 0 instructions: 9500060 cycles: 2653336 heartbeat IPC: 4.779 cumulative IPC: 3.58 (Simulation time: 00 hr 00 min 22 sec)
Warmup finished CPU 0 instructions: 10000000 cycles: 2757708 cumulative IPC: 3.626 (Simulation time: 00 hr 00 min 23 sec)
Warmup complete CPU 0 instructions: 10000000 cycles: 2757708 cumulative IPC: 3.626 (Simulation time: 00 hr 00 min 23 sec)
Heartbeat CPU 0 instructions: 10000067 cycles: 2757729 heartbeat IPC: 4.79 cumulative IPC: 3.19 (Simulation time: 00 hr 00 min 23 sec)
Heartbeat CPU 0 instructions: 10500067 cycles: 3113164 heartbeat IPC: 1.407 cumulative IPC: 1.407 (Simulation time: 00 hr 00 min 25 sec)
Heartbeat CPU 0 instructions: 11000073 cycles: 3486643 heartbeat IPC: 1.339 cumulative IPC: 1.372 (Simulation time: 00 hr 00 min 26 sec)
Heartbeat CPU 0 instructions: 11500074 cycles: 3864483 heartbeat IPC: 1.323 cumulative IPC: 1.355 (Simulation time: 00 hr 00 min 28 sec)
Heartbeat CPU 0 instructions: 12000075 cycles: 4229252 heartbeat IPC: 1.371 cumulative IPC: 1.359 (Simulation time: 00 hr 00 min 30 sec)
Heartbeat CPU 0 instructions: 12500075 cycles: 4607287 heartbeat IPC: 1.323 cumulative IPC: 1.352 (Simulation time: 00 hr 00 min 31 sec)
Heartbeat CPU 0 instructions: 13000075 cycles: 5049478 heartbeat IPC: 1.131 cumulative IPC: 1.309 (Simulation time: 00 hr 00 min 33 sec)
Heartbeat CPU 0 instructions: 13500079 cycles: 5500234 heartbeat IPC: 1.109 cumulative IPC: 1.276 (Simulation time: 00 hr 00 min 35 sec)
Heartbeat CPU 0 instructions: 14000080 cycles: 5834485 heartbeat IPC: 1.496 cumulative IPC: 1.3 (Simulation time: 00 hr 00 min 36 sec)
Heartbeat CPU 0 instructions: 14500081 cycles: 6294687 heartbeat IPC: 1.086 cumulative IPC: 1.272 (Simulation time: 00 hr 00 min 38 sec)
Heartbeat CPU 0 instructions: 15000087 cycles: 7563769 heartbeat IPC: 0.394 cumulative IPC: 1.04 (Simulation time: 00 hr 00 min 42 sec)
Heartbeat CPU 0 instructions: 15500087 cycles: 8132920 heartbeat IPC: 0.8785 cumulative IPC: 1.023 (Simulation time: 00 hr 00 min 44 sec)
Heartbeat CPU 0 instructions: 16000087 cycles: 8845603 heartbeat IPC: 0.7016 cumulative IPC: 0.9856 (Simulation time: 00 hr 00 min 47 sec)
Heartbeat CPU 0 instructions: 16500091 cycles: 9337875 heartbeat IPC: 1.016 cumulative IPC: 0.9878 (Simulation time: 00 hr 00 min 49 sec)
Heartbeat CPU 0 instructions: 17000093 cycles: 9812286 heartbeat IPC: 1.054 cumulative IPC: 0.9923 (Simulation time: 00 hr 00 min 51 sec)
Heartbeat CPU 0 instructions: 17500100 cycles: 10291731 heartbeat IPC: 1.043 cumulative IPC: 0.9955 (Simulation time: 00 hr 00 min 54 sec)
Heartbeat CPU 0 instructions: 18000102 cycles: 10768981 heartbeat IPC: 1.048 cumulative IPC: 0.9986 (Simulation time: 00 hr 00 min 56 sec)
Heartbeat CPU 0 instructions: 18500102 cycles: 11212920 heartbeat IPC: 1.126 cumulative IPC: 1.005 (Simulation time: 00 hr 00 min 58 sec)
Heartbeat CPU 0 instructions: 19000103 cycles: 11667502 heartbeat IPC: 1.1 cumulative IPC: 1.01 (Simulation time: 00 hr 01 min 00 sec)
Heartbeat CPU 0 instructions: 19500103 cycles: 12109496 heartbeat IPC: 1.131 cumulative IPC: 1.016 (Simulation time: 00 hr 01 min 02 sec)
Heartbeat CPU 0 instructions: 20000104 cycles: 12583701 heartbeat IPC: 1.054 cumulative IPC: 1.018 (Simulation time: 00 hr 01 min 04 sec)
Heartbeat CPU 0 instructions: 20500106 cycles: 13127410 heartbeat IPC: 0.9196 cumulative IPC: 1.013 (Simulation time: 00 hr 01 min 06 sec)
Heartbeat CPU 0 instructions: 21000109 cycles: 13618090 heartbeat IPC: 1.019 cumulative IPC: 1.013 (Simulation time: 00 hr 01 min 08 sec)
Heartbeat CPU 0 instructions: 21500110 cycles: 14098581 heartbeat IPC: 1.041 cumulative IPC: 1.014 (Simulation time: 00 hr 01 min 11 sec)
Heartbeat CPU 0 instructions: 22000114 cycles: 14701821 heartbeat IPC: 0.8289 cumulative IPC: 1.005 (Simulation time: 00 hr 01 min 13 sec)
Heartbeat CPU 0 instructions: 22500115 cycles: 15149217 heartbeat IPC: 1.118 cumulative IPC: 1.009 (Simulation time: 00 hr 01 min 15 sec)
Heartbeat CPU 0 instructions: 23000116 cycles: 15579509 heartbeat IPC: 1.162 cumulative IPC: 1.014 (Simulation time: 00 hr 01 min 17 sec)
Heartbeat CPU 0 instructions: 23500119 cycles: 16017224 heartbeat IPC: 1.142 cumulative IPC: 1.018 (Simulation time: 00 hr 01 min 19 sec)
Heartbeat CPU 0 instructions: 24000121 cycles: 16498824 heartbeat IPC: 1.038 cumulative IPC: 1.019 (Simulation time: 00 hr 01 min 21 sec)
Heartbeat CPU 0 instructions: 24500128 cycles: 16961708 heartbeat IPC: 1.08 cumulative IPC: 1.021 (Simulation time: 00 hr 01 min 23 sec)
Heartbeat CPU 0 instructions: 25000133 cycles: 17672955 heartbeat IPC: 0.703 cumulative IPC: 1.006 (Simulation time: 00 hr 01 min 26 sec)
Heartbeat CPU 0 instructions: 25500139 cycles: 18235001 heartbeat IPC: 0.8896 cumulative IPC: 1.001 (Simulation time: 00 hr 01 min 28 sec)
Heartbeat CPU 0 instructions: 26000146 cycles: 18916134 heartbeat IPC: 0.7341 cumulative IPC: 0.9902 (Simulation time: 00 hr 01 min 31 sec)
Heartbeat CPU 0 instructions: 26500149 cycles: 19647535 heartbeat IPC: 0.6836 cumulative IPC: 0.9769 (Simulation time: 00 hr 01 min 35 sec)
Heartbeat CPU 0 instructions: 27000154 cycles: 20318245 heartbeat IPC: 0.7455 cumulative IPC: 0.9681 (Simulation time: 00 hr 01 min 38 sec)
Heartbeat CPU 0 instructions: 27500161 cycles: 21080900 heartbeat IPC: 0.6556 cumulative IPC: 0.9551 (Simulation time: 00 hr 01 min 42 sec)
Heartbeat CPU 0 instructions: 28000161 cycles: 21857656 heartbeat IPC: 0.6437 cumulative IPC: 0.9424 (Simulation time: 00 hr 01 min 46 sec)
Heartbeat CPU 0 instructions: 28500167 cycles: 22586846 heartbeat IPC: 0.6857 cumulative IPC: 0.933 (Simulation time: 00 hr 01 min 50 sec)
Heartbeat CPU 0 instructions: 29000171 cycles: 23235217 heartbeat IPC: 0.7712 cumulative IPC: 0.9279 (Simulation time: 00 hr 01 min 53 sec)
Heartbeat CPU 0 instructions: 29500172 cycles: 28802660 heartbeat IPC: 0.08981 cumulative IPC: 0.7487 (Simulation time: 00 hr 02 min 10 sec)
Heartbeat CPU 0 instructions: 30000172 cycles: 29700610 heartbeat IPC: 0.5568 cumulative IPC: 0.7423 (Simulation time: 00 hr 02 min 13 sec)
Heartbeat CPU 0 instructions: 30500172 cycles: 30237468 heartbeat IPC: 0.9313 cumulative IPC: 0.746 (Simulation time: 00 hr 02 min 15 sec)
Heartbeat CPU 0 instructions: 31000172 cycles: 30973226 heartbeat IPC: 0.6796 cumulative IPC: 0.7443 (Simulation time: 00 hr 02 min 17 sec)
Heartbeat CPU 0 instructions: 31500173 cycles: 31963517 heartbeat IPC: 0.5049 cumulative IPC: 0.7362 (Simulation time: 00 hr 02 min 20 sec)
Heartbeat CPU 0 instructions: 32000174 cycles: 32938606 heartbeat IPC: 0.5128 cumulative IPC: 0.7289 (Simulation time: 00 hr 02 min 23 sec)
Heartbeat CPU 0 instructions: 32500178 cycles: 33904349 heartbeat IPC: 0.5177 cumulative IPC: 0.7224 (Simulation time: 00 hr 02 min 26 sec)
Heartbeat CPU 0 instructions: 33000180 cycles: 34880389 heartbeat IPC: 0.5123 cumulative IPC: 0.716 (Simulation time: 00 hr 02 min 29 sec)
Heartbeat CPU 0 instructions: 33500180 cycles: 35848679 heartbeat IPC: 0.5164 cumulative IPC: 0.7102 (Simulation time: 00 hr 02 min 32 sec)
Heartbeat CPU 0 instructions: 34000182 cycles: 36824420 heartbeat IPC: 0.5124 cumulative IPC: 0.7045 (Simulation time: 00 hr 02 min 35 sec)
Heartbeat CPU 0 instructions: 34500182 cycles: 37795324 heartbeat IPC: 0.515 cumulative IPC: 0.6993 (Simulation time: 00 hr 02 min 38 sec)
Heartbeat CPU 0 instructions: 35000182 cycles: 38769181 heartbeat IPC: 0.5134 cumulative IPC: 0.6942 (Simulation time: 00 hr 02 min 41 sec)
Heartbeat CPU 0 instructions: 35500182 cycles: 39745468 heartbeat IPC: 0.5121 cumulative IPC: 0.6894 (Simulation time: 00 hr 02 min 44 sec)
Heartbeat CPU 0 instructions: 36000182 cycles: 40710307 heartbeat IPC: 0.5182 cumulative IPC: 0.6851 (Simulation time: 00 hr 02 min 47 sec)
Heartbeat CPU 0 instructions: 36500182 cycles: 41686052 heartbeat IPC: 0.5124 cumulative IPC: 0.6807 (Simulation time: 00 hr 02 min 50 sec)
Heartbeat CPU 0 instructions: 37000183 cycles: 42655070 heartbeat IPC: 0.516 cumulative IPC: 0.6767 (Simulation time: 00 hr 02 min 52 sec)
Heartbeat CPU 0 instructions: 37500183 cycles: 43629919 heartbeat IPC: 0.5129 cumulative IPC: 0.6728 (Simulation time: 00 hr 02 min 55 sec)
Heartbeat CPU 0 instructions: 38000183 cycles: 44600096 heartbeat IPC: 0.5154 cumulative IPC: 0.6692 (Simulation time: 00 hr 02 min 58 sec)
Heartbeat CPU 0 instructions: 38500183 cycles: 45572711 heartbeat IPC: 0.5141 cumulative IPC: 0.6657 (Simulation time: 00 hr 03 min 01 sec)
Heartbeat CPU 0 instructions: 39000183 cycles: 46549842 heartbeat IPC: 0.5117 cumulative IPC: 0.6622 (Simulation time: 00 hr 03 min 04 sec)
Heartbeat CPU 0 instructions: 39500183 cycles: 47204441 heartbeat IPC: 0.7638 cumulative IPC: 0.6637 (Simulation time: 00 hr 03 min 06 sec)
Heartbeat CPU 0 instructions: 40000183 cycles: 47880420 heartbeat IPC: 0.7397 cumulative IPC: 0.6649 (Simulation time: 00 hr 03 min 09 sec)
Heartbeat CPU 0 instructions: 40500185 cycles: 48582097 heartbeat IPC: 0.7126 cumulative IPC: 0.6656 (Simulation time: 00 hr 03 min 11 sec)
Heartbeat CPU 0 instructions: 41000190 cycles: 48793990 heartbeat IPC: 2.36 cumulative IPC: 0.6734 (Simulation time: 00 hr 03 min 13 sec)
Heartbeat CPU 0 instructions: 41500195 cycles: 48923863 heartbeat IPC: 3.85 cumulative IPC: 0.6823 (Simulation time: 00 hr 03 min 14 sec)
Heartbeat CPU 0 instructions: 42000197 cycles: 49276501 heartbeat IPC: 1.418 cumulative IPC: 0.6879 (Simulation time: 00 hr 03 min 15 sec)
Heartbeat CPU 0 instructions: 42500198 cycles: 49566648 heartbeat IPC: 1.723 cumulative IPC: 0.6943 (Simulation time: 00 hr 03 min 17 sec)
Heartbeat CPU 0 instructions: 43000202 cycles: 50008510 heartbeat IPC: 1.132 cumulative IPC: 0.6984 (Simulation time: 00 hr 03 min 19 sec)
Heartbeat CPU 0 instructions: 43500207 cycles: 50367687 heartbeat IPC: 1.392 cumulative IPC: 0.7036 (Simulation time: 00 hr 03 min 20 sec)
Heartbeat CPU 0 instructions: 44000213 cycles: 50683612 heartbeat IPC: 1.583 cumulative IPC: 0.7094 (Simulation time: 00 hr 03 min 22 sec)
Heartbeat CPU 0 instructions: 44500214 cycles: 51029985 heartbeat IPC: 1.444 cumulative IPC: 0.7147 (Simulation time: 00 hr 03 min 23 sec)
Heartbeat CPU 0 instructions: 45000214 cycles: 51271516 heartbeat IPC: 2.07 cumulative IPC: 0.7214 (Simulation time: 00 hr 03 min 25 sec)
Heartbeat CPU 0 instructions: 45500216 cycles: 51490008 heartbeat IPC: 2.288 cumulative IPC: 0.7285 (Simulation time: 00 hr 03 min 26 sec)
Heartbeat CPU 0 instructions: 46000217 cycles: 51710303 heartbeat IPC: 2.27 cumulative IPC: 0.7354 (Simulation time: 00 hr 03 min 27 sec)
Heartbeat CPU 0 instructions: 46500218 cycles: 52040828 heartbeat IPC: 1.513 cumulative IPC: 0.7406 (Simulation time: 00 hr 03 min 29 sec)
Heartbeat CPU 0 instructions: 47000220 cycles: 52409289 heartbeat IPC: 1.357 cumulative IPC: 0.7452 (Simulation time: 00 hr 03 min 30 sec)
Heartbeat CPU 0 instructions: 47500224 cycles: 52595343 heartbeat IPC: 2.687 cumulative IPC: 0.7524 (Simulation time: 00 hr 03 min 32 sec)
Heartbeat CPU 0 instructions: 48000225 cycles: 52762686 heartbeat IPC: 2.988 cumulative IPC: 0.7599 (Simulation time: 00 hr 03 min 34 sec)
Heartbeat CPU 0 instructions: 48500228 cycles: 52893439 heartbeat IPC: 3.824 cumulative IPC: 0.7679 (Simulation time: 00 hr 03 min 36 sec)
Heartbeat CPU 0 instructions: 49000228 cycles: 53072000 heartbeat IPC: 2.8 cumulative IPC: 0.7751 (Simulation time: 00 hr 03 min 38 sec)
Heartbeat CPU 0 instructions: 49500234 cycles: 53265166 heartbeat IPC: 2.588 cumulative IPC: 0.7821 (Simulation time: 00 hr 03 min 41 sec)
Heartbeat CPU 0 instructions: 50000238 cycles: 54264447 heartbeat IPC: 0.5004 cumulative IPC: 0.7766 (Simulation time: 00 hr 03 min 46 sec)
Heartbeat CPU 0 instructions: 50500238 cycles: 55082736 heartbeat IPC: 0.611 cumulative IPC: 0.774 (Simulation time: 00 hr 03 min 50 sec)
Heartbeat CPU 0 instructions: 51000242 cycles: 55787214 heartbeat IPC: 0.7098 cumulative IPC: 0.7732 (Simulation time: 00 hr 03 min 54 sec)
Heartbeat CPU 0 instructions: 51500245 cycles: 56560289 heartbeat IPC: 0.6468 cumulative IPC: 0.7713 (Simulation time: 00 hr 03 min 57 sec)
Heartbeat CPU 0 instructions: 52000245 cycles: 57230558 heartbeat IPC: 0.746 cumulative IPC: 0.771 (Simulation time: 00 hr 04 min 01 sec)
Heartbeat CPU 0 instructions: 52500247 cycles: 57926442 heartbeat IPC: 0.7185 cumulative IPC: 0.7704 (Simulation time: 00 hr 04 min 04 sec)
Heartbeat CPU 0 instructions: 53000249 cycles: 58573225 heartbeat IPC: 0.7731 cumulative IPC: 0.7704 (Simulation time: 00 hr 04 min 07 sec)
Heartbeat CPU 0 instructions: 53500253 cycles: 59263648 heartbeat IPC: 0.7242 cumulative IPC: 0.7698 (Simulation time: 00 hr 04 min 10 sec)
Heartbeat CPU 0 instructions: 54000253 cycles: 60152749 heartbeat IPC: 0.5624 cumulative IPC: 0.7666 (Simulation time: 00 hr 04 min 15 sec)
Heartbeat CPU 0 instructions: 54500254 cycles: 60927312 heartbeat IPC: 0.6455 cumulative IPC: 0.765 (Simulation time: 00 hr 04 min 19 sec)
Heartbeat CPU 0 instructions: 55000256 cycles: 61713019 heartbeat IPC: 0.6364 cumulative IPC: 0.7633 (Simulation time: 00 hr 04 min 22 sec)
Heartbeat CPU 0 instructions: 55500256 cycles: 62457158 heartbeat IPC: 0.6719 cumulative IPC: 0.7622 (Simulation time: 00 hr 04 min 26 sec)
Heartbeat CPU 0 instructions: 56000256 cycles: 64251279 heartbeat IPC: 0.2787 cumulative IPC: 0.748 (Simulation time: 00 hr 04 min 33 sec)
Heartbeat CPU 0 instructions: 56500258 cycles: 68669416 heartbeat IPC: 0.1132 cumulative IPC: 0.7055 (Simulation time: 00 hr 04 min 48 sec)
Heartbeat CPU 0 instructions: 57000262 cycles: 69430374 heartbeat IPC: 0.6571 cumulative IPC: 0.7049 (Simulation time: 00 hr 04 min 52 sec)
Heartbeat CPU 0 instructions: 57500262 cycles: 70205937 heartbeat IPC: 0.6447 cumulative IPC: 0.7042 (Simulation time: 00 hr 04 min 59 sec)
Heartbeat CPU 0 instructions: 58000264 cycles: 70871867 heartbeat IPC: 0.7508 cumulative IPC: 0.7047 (Simulation time: 00 hr 05 min 04 sec)
Heartbeat CPU 0 instructions: 58500265 cycles: 71620887 heartbeat IPC: 0.6675 cumulative IPC: 0.7043 (Simulation time: 00 hr 05 min 09 sec)
Heartbeat CPU 0 instructions: 59000266 cycles: 72381993 heartbeat IPC: 0.6569 cumulative IPC: 0.7038 (Simulation time: 00 hr 05 min 13 sec)
Heartbeat CPU 0 instructions: 59500267 cycles: 73110520 heartbeat IPC: 0.6863 cumulative IPC: 0.7036 (Simulation time: 00 hr 05 min 17 sec)
Simulation finished CPU 0 instructions: 50000000 cycles: 71064075 cumulative IPC: 0.7036 (Simulation time: 00 hr 05 min 20 sec)
Simulation complete CPU 0 instructions: 50000000 cycles: 71064075 cumulative IPC: 0.7036 (Simulation time: 00 hr 05 min 20 sec)

ChampSim completed all CPUs

=== Simulation ===
CPU 0 runs traces/charlie_0003.champsim.gz

Region of Interest Statistics

CPU 0 cumulative IPC: 0.7036 instructions: 50000000 cycles: 71064075
CPU 0 Branch Prediction Accuracy: 90.87% MPKI: 24.92 Average ROB Occupancy at Mispredict: 18.27
Branch type MPKI
BRANCH_DIRECT_JUMP: 1.244
BRANCH_INDIRECT: 0.2987
BRANCH_CONDITIONAL: 22.86
BRANCH_DIRECT_CALL: 0.0355
BRANCH_INDIRECT_CALL: 0.4181
BRANCH_RETURN: 0.0638

cpu0->cpu0_STLB TOTAL        ACCESS:    1040794 HIT:    1017727 MISS:      23067 MSHR_MERGE:          0
cpu0->cpu0_STLB LOAD         ACCESS:    1040794 HIT:    1017727 MISS:      23067 MSHR_MERGE:          0
cpu0->cpu0_STLB RFO          ACCESS:          0 HIT:          0 MISS:          0 MSHR_MERGE:          0
cpu0->cpu0_STLB PREFETCH     ACCESS:          0 HIT:          0 MISS:          0 MSHR_MERGE:          0
cpu0->cpu0_STLB WRITE        ACCESS:          0 HIT:          0 MISS:          0 MSHR_MERGE:          0
cpu0->cpu0_STLB TRANSLATION  ACCESS:          0 HIT:          0 MISS:          0 MSHR_MERGE:          0
cpu0->cpu0_STLB PREFETCH REQUESTED:          0 ISSUED:          0 USEFUL:          0 USELESS:          0
cpu0->cpu0_STLB AVERAGE MISS LATENCY: 242.6 cycles
cpu0->cpu0_L2C TOTAL        ACCESS:    2168696 HIT:    1891051 MISS:     277645 MSHR_MERGE:       4033
cpu0->cpu0_L2C LOAD         ACCESS:    1555660 HIT:    1431917 MISS:     123743 MSHR_MERGE:       3613
cpu0->cpu0_L2C RFO          ACCESS:     121352 HIT:       6536 MISS:     114816 MSHR_MERGE:          0
cpu0->cpu0_L2C PREFETCH     ACCESS:     315088 HIT:     284460 MISS:      30628 MSHR_MERGE:        420
cpu0->cpu0_L2C WRITE        ACCESS:     157948 HIT:     157947 MISS:          1 MSHR_MERGE:          0
cpu0->cpu0_L2C TRANSLATION  ACCESS:      18648 HIT:      10191 MISS:       8457 MSHR_MERGE:          0
cpu0->cpu0_L2C PREFETCH REQUESTED:     315439 ISSUED:     315088 USEFUL:       8404 USELESS:        786
cpu0->cpu0_L2C AVERAGE MISS LATENCY: 577.8 cycles
cpu0->cpu0_L1I TOTAL        ACCESS:    2447745 HIT:    2367366 MISS:      80379 MSHR_MERGE:      19094
cpu0->cpu0_L1I LOAD         ACCESS:    2447745 HIT:    2367366 MISS:      80379 MSHR_MERGE:      19094
cpu0->cpu0_L1I RFO          ACCESS:          0 HIT:          0 MISS:          0 MSHR_MERGE:          0
cpu0->cpu0_L1I PREFETCH     ACCESS:          0 HIT:          0 MISS:          0 MSHR_MERGE:          0
cpu0->cpu0_L1I WRITE        ACCESS:          0 HIT:          0 MISS:          0 MSHR_MERGE:          0
cpu0->cpu0_L1I TRANSLATION  ACCESS:          0 HIT:          0 MISS:          0 MSHR_MERGE:          0
cpu0->cpu0_L1I PREFETCH REQUESTED:          0 ISSUED:          0 USEFUL:          0 USELESS:          0
cpu0->cpu0_L1I AVERAGE MISS LATENCY: 88.52 cycles
cpu0->cpu0_L1D TOTAL        ACCESS:   11091532 HIT:    8606994 MISS:    2484538 MSHR_MERGE:     850162
cpu0->cpu0_L1D LOAD         ACCESS:    8294052 HIT:    6240176 MISS:    2053876 MSHR_MERGE:     559500
cpu0->cpu0_L1D RFO          ACCESS:          0 HIT:          0 MISS:          0 MSHR_MERGE:          0
cpu0->cpu0_L1D PREFETCH     ACCESS:          0 HIT:          0 MISS:          0 MSHR_MERGE:          0
cpu0->cpu0_L1D WRITE        ACCESS:    2743232 HIT:    2331501 MISS:     411731 MSHR_MERGE:     290379
cpu0->cpu0_L1D TRANSLATION  ACCESS:      54248 HIT:      35317 MISS:      18931 MSHR_MERGE:        283
cpu0->cpu0_L1D PREFETCH REQUESTED:          0 ISSUED:          0 USEFUL:          0 USELESS:          0
cpu0->cpu0_L1D AVERAGE MISS LATENCY: 92.55 cycles
cpu0->cpu0_ITLB TOTAL        ACCESS:    1983999 HIT:    1976358 MISS:       7641 MSHR_MERGE:       3508
cpu0->cpu0_ITLB LOAD         ACCESS:    1983999 HIT:    1976358 MISS:       7641 MSHR_MERGE:       3508
cpu0->cpu0_ITLB RFO          ACCESS:          0 HIT:          0 MISS:          0 MSHR_MERGE:          0
cpu0->cpu0_ITLB PREFETCH     ACCESS:          0 HIT:          0 MISS:          0 MSHR_MERGE:          0
cpu0->cpu0_ITLB WRITE        ACCESS:          0 HIT:          0 MISS:          0 MSHR_MERGE:          0
cpu0->cpu0_ITLB TRANSLATION  ACCESS:          0 HIT:          0 MISS:          0 MSHR_MERGE:          0
cpu0->cpu0_ITLB PREFETCH REQUESTED:          0 ISSUED:          0 USEFUL:          0 USELESS:          0
cpu0->cpu0_ITLB AVERAGE MISS LATENCY: 66.56 cycles
cpu0->cpu0_DTLB TOTAL        ACCESS:   10736217 HIT:    9612445 MISS:    1123772 MSHR_MERGE:      87111
cpu0->cpu0_DTLB LOAD         ACCESS:   10736217 HIT:    9612445 MISS:    1123772 MSHR_MERGE:      87111
cpu0->cpu0_DTLB RFO          ACCESS:          0 HIT:          0 MISS:          0 MSHR_MERGE:          0
cpu0->cpu0_DTLB PREFETCH     ACCESS:          0 HIT:          0 MISS:          0 MSHR_MERGE:          0
cpu0->cpu0_DTLB WRITE        ACCESS:          0 HIT:          0 MISS:          0 MSHR_MERGE:          0
cpu0->cpu0_DTLB TRANSLATION  ACCESS:          0 HIT:          0 MISS:          0 MSHR_MERGE:          0
cpu0->cpu0_DTLB PREFETCH REQUESTED:          0 ISSUED:          0 USEFUL:          0 USELESS:          0
cpu0->cpu0_DTLB AVERAGE MISS LATENCY: 10.18 cycles
cpu0->LLC TOTAL        ACCESS:     408312 HIT:      36941 MISS:     371371 MSHR_MERGE:       8482
cpu0->LLC LOAD         ACCESS:     120130 HIT:      18056 MISS:     102074 MSHR_MERGE:       7908
cpu0->LLC RFO          ACCESS:     114816 HIT:        256 MISS:     114560 MSHR_MERGE:          0
cpu0->LLC PREFETCH     ACCESS:      30208 HIT:        132 MISS:      30076 MSHR_MERGE:        574
cpu0->LLC WRITE        ACCESS:     134701 HIT:      17754 MISS:     116947 MSHR_MERGE:          0
cpu0->LLC TRANSLATION  ACCESS:       8457 HIT:        743 MISS:       7714 MSHR_MERGE:          0
cpu0->LLC PREFETCH REQUESTED:          0 ISSUED:          0 USEFUL:          0 USELESS:          0
cpu0->LLC AVERAGE MISS LATENCY: 401.1 cycles

DRAM Statistics

Channel 0 RQ ROW_BUFFER_HIT:       9007
  ROW_BUFFER_MISS:     236907
  AVG DBUS CONGESTED CYCLE: 4.225
Channel 0 WQ ROW_BUFFER_HIT:      15360
  ROW_BUFFER_MISS:      92160
  FULL:         30
Channel 0 REFRESHES ISSUED:       5922
