[VMEM] WARNING: physical memory size is smaller than virtual memory size.

*** ChampSim Multicore Out-of-Order Simulator ***
Warmup Instructions: 10000000
Simulation Instructions: 50000000
Number of CPUs: 1
Page size: 4096
Core 0: traces/charlie_0002.champsim.gz
Off-chip DRAM Size: 64 GiB Channels: 1 Width: 64-bit Data Rate: 800 MT/s
[BTB] WARNING: target of return is a lower address than the corresponding call. This is usually a problem with your trace.
[BTB] WARNING: target of return is a lower address than the corresponding call. This is usually a problem with your trace.
[BTB] WARNING: target of return is a lower address than the corresponding call. This is usually a problem with your trace.
[BTB] WARNING: target of return is a lower address than the corresponding call. This is usually a problem with your trace.
[BTB] WARNING: target of return is a lower address than the corresponding call. This is usually a problem with your trace.
Heartbeat CPU 0 instructions: 500003 cycles: 264624 heartbeat IPC: 1.889 cumulative IPC: 1.889 (Simulation time: 00 hr 00 min 02 sec)
[BTB] WARNING: target of return is a lower address than the corresponding call. This is usually a problem with your trace.
Heartbeat CPU 0 instructions: 1000004 cycles: 477328 heartbeat IPC: 2.351 cumulative IPC: 2.095 (Simulation time: 00 hr 00 min 04 sec)
Heartbeat CPU 0 instructions: 1500010 cycles: 665131 heartbeat IPC: 2.662 cumulative IPC: 2.255 (Simulation time: 00 hr 00 min 06 sec)
[BTB] WARNING: target of return is a lower address than the corresponding call. This is usually a problem with your trace.
[BTB] WARNING: target of return is a lower address than the corresponding call. This is usually a problem with your trace.
Heartbeat CPU 0 instructions: 2000014 cycles: 845008 heartbeat IPC: 2.78 cumulative IPC: 2.367 (Simulation time: 00 hr 00 min 07 sec)
[BTB] WARNING: target of return is a lower address than the corresponding call. This is usually a problem with your trace.
[BTB] WARNING: target of return is a lower address than the corresponding call. This is usually a problem with your trace.
Heartbeat CPU 0 instructions: 2500019 cycles: 1029397 heartbeat IPC: 2.712 cumulative IPC: 2.429 (Simulation time: 00 hr 00 min 09 sec)
Heartbeat CPU 0 instructions: 3000025 cycles: 1183700 heartbeat IPC: 3.24 cumulative IPC: 2.534 (Simulation time: 00 hr 00 min 11 sec)
Heartbeat CPU 0 instructions: 3500031 cycles: 1331243 heartbeat IPC: 3.389 cumulative IPC: 2.629 (Simulation time: 00 hr 00 min 12 sec)
Heartbeat CPU 0 instructions: 4000037 cycles: 1470010 heartbeat IPC: 3.603 cumulative IPC: 2.721 (Simulation time: 00 hr 00 min 13 sec)
Heartbeat CPU 0 instructions: 4500042 cycles: 1624402 heartbeat IPC: 3.239 cumulative IPC: 2.77 (Simulation time: 00 hr 00 min 15 sec)
Heartbeat CPU 0 instructions: 5000047 cycles: 1771547 heartbeat IPC: 3.398 cumulative IPC: 2.822 (Simulation time: 00 hr 00 min 16 sec)
Heartbeat CPU 0 instructions: 5500050 cycles: 1942210 heartbeat IPC: 2.93 cumulative IPC: 2.832 (Simulation time: 00 hr 00 min 18 sec)
Heartbeat CPU 0 instructions: 6000052 cycles: 2107891 heartbeat IPC: 3.018 cumulative IPC: 2.846 (Simulation time: 00 hr 00 min 20 sec)
Heartbeat CPU 0 instructions: 6500057 cycles: 2285361 heartbeat IPC: 2.817 cumulative IPC: 2.844 (Simulation time: 00 hr 00 min 21 sec)
Heartbeat CPU 0 instructions: 7000058 cycles: 2435179 heartbeat IPC: 3.337 cumulative IPC: 2.875 (Simulation time: 00 hr 00 min 23 sec)
Heartbeat CPU 0 instructions: 7500058 cycles: 2589165 heartbeat IPC: 3.247 cumulative IPC: 2.897 (Simulation time: 00 hr 00 min 24 sec)
Heartbeat CPU 0 instructions: 8000062 cycles: 2740073 heartbeat IPC: 3.313 cumulative IPC: 2.92 (Simulation time: 00 hr 00 min 26 sec)
Heartbeat CPU 0 instructions: 8500063 cycles: 2841025 heartbeat IPC: 4.953 cumulative IPC: 2.992 (Simulation time: 00 hr 00 min 26 sec)
Heartbeat CPU 0 instructions: 9000069 cycles: 2941241 heartbeat IPC: 4.989 cumulative IPC: 3.06 (Simulation time: 00 hr 00 min 27 sec)
Heartbeat CPU 0 instructions: 9500076 cycles: 3041476 heartbeat IPC: 4.988 cumulative IPC: 3.124 (Simulation time: 00 hr 00 min 28 sec)
Warmup finished CPU 0 instructions: 10000000 cycles: 3164087 cumulative IPC: 3.16 (Simulation time: 00 hr 00 min 29 sec)
Warmup complete CPU 0 instructions: 10000000 cycles: 3164087 cumulative IPC: 3.16 (Simulation time: 00 hr 00 min 29 sec)
Heartbeat CPU 0 instructions: 10000077 cycles: 3167195 heartbeat IPC: 3.977 cumulative IPC: 0.02477 (Simulation time: 00 hr 00 min 29 sec)
Heartbeat CPU 0 instructions: 10500078 cycles: 5739099 heartbeat IPC: 0.1944 cumulative IPC: 0.1942 (Simulation time: 00 hr 00 min 38 sec)
Heartbeat CPU 0 instructions: 11000079 cycles: 6877772 heartbeat IPC: 0.4391 cumulative IPC: 0.2693 (Simulation time: 00 hr 00 min 42 sec)
Heartbeat CPU 0 instructions: 11500086 cycles: 9206738 heartbeat IPC: 0.2147 cumulative IPC: 0.2482 (Simulation time: 00 hr 00 min 49 sec)
Heartbeat CPU 0 instructions: 12000088 cycles: 11105786 heartbeat IPC: 0.2633 cumulative IPC: 0.2518 (Simulation time: 00 hr 00 min 55 sec)
Heartbeat CPU 0 instructions: 12500088 cycles: 12198298 heartbeat IPC: 0.4577 cumulative IPC: 0.2767 (Simulation time: 00 hr 00 min 59 sec)
Heartbeat CPU 0 instructions: 13000089 cycles: 12865652 heartbeat IPC: 0.7492 cumulative IPC: 0.3092 (Simulation time: 00 hr 01 min 02 sec)
Heartbeat CPU 0 instructions: 13500089 cycles: 14926737 heartbeat IPC: 0.2426 cumulative IPC: 0.2976 (Simulation time: 00 hr 01 min 08 sec)
Heartbeat CPU 0 instructions: 14000089 cycles: 16949750 heartbeat IPC: 0.2472 cumulative IPC: 0.2902 (Simulation time: 00 hr 01 min 15 sec)
Heartbeat CPU 0 instructions: 14500091 cycles: 18231803 heartbeat IPC: 0.39 cumulative IPC: 0.2987 (Simulation time: 00 hr 01 min 19 sec)
Heartbeat CPU 0 instructions: 15000092 cycles: 18809330 heartbeat IPC: 0.8658 cumulative IPC: 0.3196 (Simulation time: 00 hr 01 min 21 sec)
Heartbeat CPU 0 instructions: 15500099 cycles: 19350852 heartbeat IPC: 0.9233 cumulative IPC: 0.3398 (Simulation time: 00 hr 01 min 24 sec)
Heartbeat CPU 0 instructions: 16000100 cycles: 19871275 heartbeat IPC: 0.9608 cumulative IPC: 0.3591 (Simulation time: 00 hr 01 min 26 sec)
Heartbeat CPU 0 instructions: 16500107 cycles: 20405027 heartbeat IPC: 0.9368 cumulative IPC: 0.377 (Simulation time: 00 hr 01 min 28 sec)
Heartbeat CPU 0 instructions: 17000114 cycles: 20954625 heartbeat IPC: 0.9098 cumulative IPC: 0.3935 (Simulation time: 00 hr 01 min 31 sec)
Heartbeat CPU 0 instructions: 17500115 cycles: 21542125 heartbeat IPC: 0.8511 cumulative IPC: 0.4081 (Simulation time: 00 hr 01 min 33 sec)
Heartbeat CPU 0 instructions: 18000115 cycles: 22006804 heartbeat IPC: 1.076 cumulative IPC: 0.4246 (Simulation time: 00 hr 01 min 35 sec)
Heartbeat CPU 0 instructions: 18500116 cycles: 22492027 heartbeat IPC: 1.03 cumulative IPC: 0.4398 (Simulation time: 00 hr 01 min 37 sec)
Heartbeat CPU 0 instructions: 19000122 cycles: 23000854 heartbeat IPC: 0.9827 cumulative IPC: 0.4537 (Simulation time: 00 hr 01 min 40 sec)
Heartbeat CPU 0 instructions: 19500127 cycles: 23534741 heartbeat IPC: 0.9365 cumulative IPC: 0.4664 (Simulation time: 00 hr 01 min 42 sec)
Heartbeat CPU 0 instructions: 20000131 cycles: 24055117 heartbeat IPC: 0.9609 cumulative IPC: 0.4787 (Simulation time: 00 hr 01 min 44 sec)
Heartbeat CPU 0 instructions: 20500131 cycles: 24638837 heartbeat IPC: 0.8566 cumulative IPC: 0.489 (Simulation time: 00 hr 01 min 47 sec)
Heartbeat CPU 0 instructions: 21000133 cycles: 25129181 heartbeat IPC: 1.02 cumulative IPC: 0.5008 (Simulation time: 00 hr 01 min 49 sec)
Heartbeat CPU 0 instructions: 21500133 cycles: 25621897 heartbeat IPC: 1.015 cumulative IPC: 0.5121 (Simulation time: 00 hr 01 min 51 sec)
Heartbeat CPU 0 instructions: 22000133 cycles: 26155745 heartbeat IPC: 0.9366 cumulative IPC: 0.5219 (Simulation time: 00 hr 01 min 53 sec)
Heartbeat CPU 0 instructions: 22500138 cycles: 26653648 heartbeat IPC: 1.004 cumulative IPC: 0.5322 (Simulation time: 00 hr 01 min 55 sec)
Heartbeat CPU 0 instructions: 23000138 cycles: 27163079 heartbeat IPC: 0.9815 cumulative IPC: 0.5417 (Simulation time: 00 hr 01 min 58 sec)
Heartbeat CPU 0 instructions: 23500138 cycles: 27680523 heartbeat IPC: 0.9663 cumulative IPC: 0.5507 (Simulation time: 00 hr 02 min 00 sec)
Heartbeat CPU 0 instructions: 24000145 cycles: 28305096 heartbeat IPC: 0.8006 cumulative IPC: 0.5569 (Simulation time: 00 hr 02 min 03 sec)
Heartbeat CPU 0 instructions: 24500147 cycles: 30291087 heartbeat IPC: 0.2518 cumulative IPC: 0.5345 (Simulation time: 00 hr 02 min 10 sec)
Heartbeat CPU 0 instructions: 25000150 cycles: 31157607 heartbeat IPC: 0.577 cumulative IPC: 0.5358 (Simulation time: 00 hr 02 min 15 sec)
Heartbeat CPU 0 instructions: 25500156 cycles: 32084545 heartbeat IPC: 0.5394 cumulative IPC: 0.536 (Simulation time: 00 hr 02 min 20 sec)
Heartbeat CPU 0 instructions: 26000158 cycles: 33087043 heartbeat IPC: 0.4988 cumulative IPC: 0.5347 (Simulation time: 00 hr 02 min 25 sec)
Heartbeat CPU 0 instructions: 26500158 cycles: 34582708 heartbeat IPC: 0.3343 cumulative IPC: 0.5252 (Simulation time: 00 hr 02 min 31 sec)
Heartbeat CPU 0 instructions: 27000158 cycles: 35767336 heartbeat IPC: 0.4221 cumulative IPC: 0.5214 (Simulation time: 00 hr 02 min 35 sec)
Heartbeat CPU 0 instructions: 27500164 cycles: 36650384 heartbeat IPC: 0.5662 cumulative IPC: 0.5226 (Simulation time: 00 hr 02 min 39 sec)
Heartbeat CPU 0 instructions: 28000170 cycles: 38119863 heartbeat IPC: 0.3403 cumulative IPC: 0.5149 (Simulation time: 00 hr 02 min 44 sec)
Heartbeat CPU 0 instructions: 28500171 cycles: 40010511 heartbeat IPC: 0.2645 cumulative IPC: 0.5021 (Simulation time: 00 hr 02 min 50 sec)
Heartbeat CPU 0 instructions: 29000178 cycles: 40617330 heartbeat IPC: 0.824 cumulative IPC: 0.5073 (Simulation time: 00 hr 02 min 52 sec)
Heartbeat CPU 0 instructions: 29500178 cycles: 41200019 heartbeat IPC: 0.8581 cumulative IPC: 0.5127 (Simulation time: 00 hr 02 min 55 sec)
Heartbeat CPU 0 instructions: 30000178 cycles: 41890929 heartbeat IPC: 0.7237 cumulative IPC: 0.5164 (Simulation time: 00 hr 02 min 58 sec)
Heartbeat CPU 0 instructions: 30500180 cycles: 43318683 heartbeat IPC: 0.3502 cumulative IPC: 0.5105 (Simulation time: 00 hr 03 min 03 sec)
Heartbeat CPU 0 instructions: 31000183 cycles: 45202386 heartbeat IPC: 0.2654 cumulative IPC: 0.4995 (Simulation time: 00 hr 03 min 09 sec)
Heartbeat CPU 0 instructions: 31500183 cycles: 46854105 heartbeat IPC: 0.3027 cumulative IPC: 0.4921 (Simulation time: 00 hr 03 min 16 sec)
Heartbeat CPU 0 instructions: 32000190 cycles: 48317858 heartbeat IPC: 0.3416 cumulative IPC: 0.4872 (Simulation time: 00 hr 03 min 21 sec)
Heartbeat CPU 0 instructions: 32500195 cycles: 48617878 heartbeat IPC: 1.667 cumulative IPC: 0.495 (Simulation time: 00 hr 03 min 23 sec)
Heartbeat CPU 0 instructions: 33000202 cycles: 48936497 heartbeat IPC: 1.569 cumulative IPC: 0.5025 (Simulation time: 00 hr 03 min 25 sec)
Heartbeat CPU 0 instructions: 33500205 cycles: 49515050 heartbeat IPC: 0.8642 cumulative IPC: 0.507 (Simulation time: 00 hr 03 min 28 sec)
Heartbeat CPU 0 instructions: 34000210 cycles: 51165674 heartbeat IPC: 0.3029 cumulative IPC: 0.5 (Simulation time: 00 hr 03 min 34 sec)
Heartbeat CPU 0 instructions: 34500217 cycles: 52935061 heartbeat IPC: 0.2826 cumulative IPC: 0.4923 (Simulation time: 00 hr 03 min 39 sec)
Heartbeat CPU 0 instructions: 35000217 cycles: 55670840 heartbeat IPC: 0.1828 cumulative IPC: 0.4761 (Simulation time: 00 hr 03 min 48 sec)
Heartbeat CPU 0 instructions: 35500223 cycles: 57919676 heartbeat IPC: 0.2223 cumulative IPC: 0.4657 (Simulation time: 00 hr 03 min 56 sec)
Heartbeat CPU 0 instructions: 36000224 cycles: 59367687 heartbeat IPC: 0.3453 cumulative IPC: 0.4626 (Simulation time: 00 hr 04 min 00 sec)
Heartbeat CPU 0 instructions: 36500229 cycles: 61089858 heartbeat IPC: 0.2903 cumulative IPC: 0.4575 (Simulation time: 00 hr 04 min 06 sec)
Heartbeat CPU 0 instructions: 37000231 cycles: 61743024 heartbeat IPC: 0.7655 cumulative IPC: 0.4609 (Simulation time: 00 hr 04 min 08 sec)
Heartbeat CPU 0 instructions: 37500232 cycles: 62289269 heartbeat IPC: 0.9153 cumulative IPC: 0.4651 (Simulation time: 00 hr 04 min 11 sec)
Heartbeat CPU 0 instructions: 38000234 cycles: 62797533 heartbeat IPC: 0.9837 cumulative IPC: 0.4695 (Simulation time: 00 hr 04 min 13 sec)
Heartbeat CPU 0 instructions: 38500237 cycles: 63276329 heartbeat IPC: 1.044 cumulative IPC: 0.4741 (Simulation time: 00 hr 04 min 15 sec)
Heartbeat CPU 0 instructions: 39000237 cycles: 63806193 heartbeat IPC: 0.9436 cumulative IPC: 0.4782 (Simulation time: 00 hr 04 min 17 sec)
Heartbeat CPU 0 instructions: 39500239 cycles: 64325288 heartbeat IPC: 0.9632 cumulative IPC: 0.4823 (Simulation time: 00 hr 04 min 20 sec)
Heartbeat CPU 0 instructions: 40000245 cycles: 64838198 heartbeat IPC: 0.9748 cumulative IPC: 0.4864 (Simulation time: 00 hr 04 min 22 sec)
Heartbeat CPU 0 instructions: 40500249 cycles: 65394245 heartbeat IPC: 0.8992 cumulative IPC: 0.4901 (Simulation time: 00 hr 04 min 24 sec)
Heartbeat CPU 0 instructions: 41000251 cycles: 65847042 heartbeat IPC: 1.104 cumulative IPC: 0.4946 (Simulation time: 00 hr 04 min 26 sec)
Heartbeat CPU 0 instructions: 41500253 cycles: 66923892 heartbeat IPC: 0.4643 cumulative IPC: 0.494 (Simulation time: 00 hr 04 min 31 sec)
Heartbeat CPU 0 instructions: 42000255 cycles: 67837300 heartbeat IPC: 0.5474 cumulative IPC: 0.4948 (Simulation time: 00 hr 04 min 36 sec)
Heartbeat CPU 0 instructions: 42500260 cycles: 68586175 heartbeat IPC: 0.6677 cumulative IPC: 0.4968 (Simulation time: 00 hr 04 min 40 sec)
Heartbeat CPU 0 instructions: 43000263 cycles: 69460376 heartbeat IPC: 0.572 cumulative IPC: 0.4978 (Simulation time: 00 hr 04 min 44 sec)
Heartbeat CPU 0 instructions: 43500263 cycles: 70259919 heartbeat IPC: 0.6254 cumulative IPC: 0.4993 (Simulation time: 00 hr 04 min 48 sec)
Heartbeat CPU 0 instructions: 44000264 cycles: 71238639 heartbeat IPC: 0.5109 cumulative IPC: 0.4995 (Simulation time: 00 hr 04 min 54 sec)
Heartbeat CPU 0 instructions: 44500265 cycles: 72030793 heartbeat IPC: 0.6312 cumulative IPC: 0.501 (Simulation time: 00 hr 04 min 58 sec)
Heartbeat CPU 0 instructions: 45000265 cycles: 72898940 heartbeat IPC: 0.5759 cumulative IPC: 0.5019 (Simulation time: 00 hr 05 min 02 sec)
Heartbeat CPU 0 instructions: 45500268 cycles: 73795755 heartbeat IPC: 0.5575 cumulative IPC: 0.5026 (Simulation time: 00 hr 05 min 07 sec)
Heartbeat CPU 0 instructions: 46000269 cycles: 74575099 heartbeat IPC: 0.6416 cumulative IPC: 0.5041 (Simulation time: 00 hr 05 min 11 sec)
Heartbeat CPU 0 instructions: 46500272 cycles: 75460039 heartbeat IPC: 0.565 cumulative IPC: 0.5049 (Simulation time: 00 hr 05 min 16 sec)
Heartbeat CPU 0 instructions: 47000273 cycles: 76403202 heartbeat IPC: 0.5301 cumulative IPC: 0.5052 (Simulation time: 00 hr 05 min 21 sec)
Heartbeat CPU 0 instructions: 47500280 cycles: 77252253 heartbeat IPC: 0.5889 cumulative IPC: 0.5062 (Simulation time: 00 hr 05 min 26 sec)
Heartbeat CPU 0 instructions: 48000282 cycles: 79794907 heartbeat IPC: 0.1966 cumulative IPC: 0.4959 (Simulation time: 00 hr 05 min 34 sec)
Heartbeat CPU 0 instructions: 48500282 cycles: 82162922 heartbeat IPC: 0.2111 cumulative IPC: 0.4874 (Simulation time: 00 hr 05 min 44 sec)
Heartbeat CPU 0 instructions: 49000282 cycles: 84755364 heartbeat IPC: 0.1929 cumulative IPC: 0.478 (Simulation time: 00 hr 05 min 52 sec)
Heartbeat CPU 0 instructions: 49500282 cycles: 85793064 heartbeat IPC: 0.4818 cumulative IPC: 0.478 (Simulation time: 00 hr 05 min 55 sec)
Heartbeat CPU 0 instructions: 50000289 cycles: 86362332 heartbeat IPC: 0.8783 cumulative IPC: 0.4808 (Simulation time: 00 hr 05 min 58 sec)
Heartbeat CPU 0 instructions: 50500292 cycles: 86961281 heartbeat IPC: 0.8348 cumulative IPC: 0.4833 (Simulation time: 00 hr 06 min 01 sec)
Heartbeat CPU 0 instructions: 51000297 cycles: 87646565 heartbeat IPC: 0.7296 cumulative IPC: 0.4853 (Simulation time: 00 hr 06 min 04 sec)
Heartbeat CPU 0 instructions: 51500297 cycles: 88038728 heartbeat IPC: 1.275 cumulative IPC: 0.489 (Simulation time: 00 hr 06 min 06 sec)
Heartbeat CPU 0 instructions: 52000300 cycles: 88404142 heartbeat IPC: 1.368 cumulative IPC: 0.4927 (Simulation time: 00 hr 06 min 08 sec)
Heartbeat CPU 0 instructions: 52500301 cycles: 88755784 heartbeat IPC: 1.422 cumulative IPC: 0.4965 (Simulation time: 00 hr 06 min 10 sec)
Heartbeat CPU 0 instructions: 53000303 cycles: 89208346 heartbeat IPC: 1.105 cumulative IPC: 0.4997 (Simulation time: 00 hr 06 min 12 sec)
Heartbeat CPU 0 instructions: 53500303 cycles: 89627866 heartbeat IPC: 1.192 cumulative IPC: 0.5031 (Simulation time: 00 hr 06 min 14 sec)
Heartbeat CPU 0 instructions: 54000303 cycles: 91489928 heartbeat IPC: 0.2685 cumulative IPC: 0.4982 (Simulation time: 00 hr 06 min 20 sec)
Heartbeat CPU 0 instructions: 54500310 cycles: 93634460 heartbeat IPC: 0.2332 cumulative IPC: 0.4919 (Simulation time: 00 hr 06 min 27 sec)
Heartbeat CPU 0 instructions: 55000311 cycles: 94864595 heartbeat IPC: 0.4065 cumulative IPC: 0.4907 (Simulation time: 00 hr 06 min 32 sec)
Heartbeat CPU 0 instructions: 55500311 cycles: 97260279 heartbeat IPC: 0.2087 cumulative IPC: 0.4836 (Simulation time: 00 hr 06 min 40 sec)
Heartbeat CPU 0 instructions: 56000318 cycles: 98323329 heartbeat IPC: 0.4704 cumulative IPC: 0.4834 (Simulation time: 00 hr 06 min 44 sec)
Heartbeat CPU 0 instructions: 56500318 cycles: 100396516 heartbeat IPC: 0.2412 cumulative IPC: 0.4782 (Simulation time: 00 hr 06 min 51 sec)
Heartbeat CPU 0 instructions: 57000320 cycles: 102892999 heartbeat IPC: 0.2003 cumulative IPC: 0.4713 (Simulation time: 00 hr 07 min 00 sec)
Heartbeat CPU 0 instructions: 57500321 cycles: 104011140 heartbeat IPC: 0.4472 cumulative IPC: 0.471 (Simulation time: 00 hr 07 min 04 sec)
Heartbeat CPU 0 instructions: 58000321 cycles: 105572285 heartbeat IPC: 0.3203 cumulative IPC: 0.4687 (Simulation time: 00 hr 07 min 09 sec)
Heartbeat CPU 0 instructions: 58500322 cycles: 106544040 heartbeat IPC: 0.5145 cumulative IPC: 0.4691 (Simulation time: 00 hr 07 min 13 sec)
Heartbeat CPU 0 instructions: 59000325 cycles: 107063207 heartbeat IPC: 0.9631 cumulative IPC: 0.4716 (Simulation time: 00 hr 07 min 15 sec)
Heartbeat CPU 0 instructions: 59500325 cycles: 107577039 heartbeat IPC: 0.9731 cumulative IPC: 0.4741 (Simulation time: 00 hr 07 min 17 sec)
Simulation finished CPU 0 instructions: 50000005 cycles: 106010398 cumulative IPC: 0.4717 (Simulation time: 00 hr 07 min 22 sec)
Simulation complete CPU 0 instructions: 50000005 cycles: 106010398 cumulative IPC: 0.4717 (Simulation time: 00 hr 07 min 22 sec)

ChampSim completed all CPUs

=== Simulation ===
CPU 0 runs traces/charlie_0002.champsim.gz

Region of Interest Statistics

CPU 0 cumulative IPC: 0.4717 instructions: 50000005 cycles: 106010398
CPU 0 Branch Prediction Accuracy: 90.7% MPKI: 17.39 Average ROB Occupancy at Mispredict: 34.97
Branch type MPKI
BRANCH_DIRECT_JUMP: 0.5393
BRANCH_INDIRECT: 0.5511
BRANCH_CONDITIONAL: 14.67
BRANCH_DIRECT_CALL: 0.5491
BRANCH_INDIRECT_CALL: 0.6154
BRANCH_RETURN: 0.4658

cpu0->cpu0_STLB TOTAL        ACCESS:     239234 HIT:     175211 MISS:      64023 MSHR_MERGE:          0
cpu0->cpu0_STLB LOAD         ACCESS:     239234 HIT:     175211 MISS:      64023 MSHR_MERGE:          0
cpu0->cpu0_STLB RFO          ACCESS:          0 HIT:          0 MISS:          0 MSHR_MERGE:          0
cpu0->cpu0_STLB PREFETCH     ACCESS:          0 HIT:          0 MISS:          0 MSHR_MERGE:          0
cpu0->cpu0_STLB WRITE        ACCESS:          0 HIT:          0 MISS:          0 MSHR_MERGE:          0
cpu0->cpu0_STLB TRANSLATION  ACCESS:          0 HIT:          0 MISS:          0 MSHR_MERGE:          0
cpu0->cpu0_STLB PREFETCH REQUESTED:          0 ISSUED:          0 USEFUL:          0 USELESS:          0
cpu0->cpu0_STLB AVERAGE MISS LATENCY: 301.3 cycles
cpu0->cpu0_L2C TOTAL        ACCESS:    1360113 HIT:     788572 MISS:     571541 MSHR_MERGE:       9967
cpu0->cpu0_L2C LOAD         ACCESS:     717416 HIT:     431554 MISS:     285862 MSHR_MERGE:       9044
cpu0->cpu0_L2C RFO          ACCESS:     230376 HIT:      20321 MISS:     210055 MSHR_MERGE:          1
cpu0->cpu0_L2C PREFETCH     ACCESS:      55509 HIT:      13575 MISS:      41934 MSHR_MERGE:        922
cpu0->cpu0_L2C WRITE        ACCESS:     284781 HIT:     284780 MISS:          1 MSHR_MERGE:          0
cpu0->cpu0_L2C TRANSLATION  ACCESS:      72031 HIT:      38342 MISS:      33689 MSHR_MERGE:          0
cpu0->cpu0_L2C PREFETCH REQUESTED:      55642 ISSUED:      55509 USEFUL:      16650 USELESS:       2438
cpu0->cpu0_L2C AVERAGE MISS LATENCY: 483 cycles
cpu0->cpu0_L1I TOTAL        ACCESS:    3083071 HIT:    2718195 MISS:     364876 MSHR_MERGE:      83535
cpu0->cpu0_L1I LOAD         ACCESS:    3083071 HIT:    2718195 MISS:     364876 MSHR_MERGE:      83535
cpu0->cpu0_L1I RFO          ACCESS:          0 HIT:          0 MISS:          0 MSHR_MERGE:          0
cpu0->cpu0_L1I PREFETCH     ACCESS:          0 HIT:          0 MISS:          0 MSHR_MERGE:          0
cpu0->cpu0_L1I WRITE        ACCESS:          0 HIT:          0 MISS:          0 MSHR_MERGE:          0
cpu0->cpu0_L1I TRANSLATION  ACCESS:          0 HIT:          0 MISS:          0 MSHR_MERGE:          0
cpu0->cpu0_L1I PREFETCH REQUESTED:          0 ISSUED:          0 USEFUL:          0 USELESS:          0
cpu0->cpu0_L1I AVERAGE MISS LATENCY: 130.3 cycles
cpu0->cpu0_L1D TOTAL        ACCESS:   14216041 HIT:   12626090 MISS:    1589951 MSHR_MERGE:     851462
cpu0->cpu0_L1D LOAD         ACCESS:    8600598 HIT:    7941359 MISS:     659239 MSHR_MERGE:     223164
cpu0->cpu0_L1D RFO          ACCESS:          0 HIT:          0 MISS:          0 MSHR_MERGE:          0
cpu0->cpu0_L1D PREFETCH     ACCESS:          0 HIT:          0 MISS:          0 MSHR_MERGE:          0
cpu0->cpu0_L1D WRITE        ACCESS:    5437542 HIT:    4579758 MISS:     857784 MSHR_MERGE:     627401
cpu0->cpu0_L1D TRANSLATION  ACCESS:     177901 HIT:     104973 MISS:      72928 MSHR_MERGE:        897
cpu0->cpu0_L1D PREFETCH REQUESTED:          0 ISSUED:          0 USEFUL:          0 USELESS:          0
cpu0->cpu0_L1D AVERAGE MISS LATENCY: 308.3 cycles
cpu0->cpu0_ITLB TOTAL        ACCESS:    2553172 HIT:    2518880 MISS:      34292 MSHR_MERGE:      13970
cpu0->cpu0_ITLB LOAD         ACCESS:    2553172 HIT:    2518880 MISS:      34292 MSHR_MERGE:      13970
cpu0->cpu0_ITLB RFO          ACCESS:          0 HIT:          0 MISS:          0 MSHR_MERGE:          0
cpu0->cpu0_ITLB PREFETCH     ACCESS:          0 HIT:          0 MISS:          0 MSHR_MERGE:          0
cpu0->cpu0_ITLB WRITE        ACCESS:          0 HIT:          0 MISS:          0 MSHR_MERGE:          0
cpu0->cpu0_ITLB TRANSLATION  ACCESS:          0 HIT:          0 MISS:          0 MSHR_MERGE:          0
cpu0->cpu0_ITLB PREFETCH REQUESTED:          0 ISSUED:          0 USEFUL:          0 USELESS:          0
cpu0->cpu0_ITLB AVERAGE MISS LATENCY: 77.98 cycles
cpu0->cpu0_DTLB TOTAL        ACCESS:   13433500 HIT:   13053028 MISS:     380472 MSHR_MERGE:     161560
cpu0->cpu0_DTLB LOAD         ACCESS:   13433500 HIT:   13053028 MISS:     380472 MSHR_MERGE:     161560
cpu0->cpu0_DTLB RFO          ACCESS:          0 HIT:          0 MISS:          0 MSHR_MERGE:          0
cpu0->cpu0_DTLB PREFETCH     ACCESS:          0 HIT:          0 MISS:          0 MSHR_MERGE:          0
cpu0->cpu0_DTLB WRITE        ACCESS:          0 HIT:          0 MISS:          0 MSHR_MERGE:          0
cpu0->cpu0_DTLB TRANSLATION  ACCESS:          0 HIT:          0 MISS:          0 MSHR_MERGE:          0
cpu0->cpu0_DTLB PREFETCH REQUESTED:          0 ISSUED:          0 USEFUL:          0 USELESS:          0
cpu0->cpu0_DTLB AVERAGE MISS LATENCY: 86.64 cycles
cpu0->LLC TOTAL        ACCESS:     795753 HIT:      53351 MISS:     742402 MSHR_MERGE:       8634
cpu0->LLC LOAD         ACCESS:     276818 HIT:      17840 MISS:     258978 MSHR_MERGE:       8326
cpu0->LLC RFO          ACCESS:     210054 HIT:        984 MISS:     209070 MSHR_MERGE:          0
cpu0->LLC PREFETCH     ACCESS:      41012 HIT:        209 MISS:      40803 MSHR_MERGE:        308
cpu0->LLC WRITE        ACCESS:     234180 HIT:      32986 MISS:     201194 MSHR_MERGE:          0
cpu0->LLC TRANSLATION  ACCESS:      33689 HIT:       1332 MISS:      32357 MSHR_MERGE:          0
cpu0->LLC PREFETCH REQUESTED:          0 ISSUED:          0 USEFUL:          0 USELESS:          0
cpu0->LLC AVERAGE MISS LATENCY: 342 cycles

DRAM Statistics

Channel 0 RQ ROW_BUFFER_HIT:      12374
  ROW_BUFFER_MISS:     520195
  AVG DBUS CONGESTED CYCLE: 4.326
Channel 0 WQ ROW_BUFFER_HIT:      44639
  ROW_BUFFER_MISS:     207742
  FULL:         17
Channel 0 REFRESHES ISSUED:       8834
