[VMEM] WARNING: physical memory size is smaller than virtual memory size.

*** ChampSim Multicore Out-of-Order Simulator ***
Warmup Instructions: 10000000
Simulation Instructions: 50000000
Number of CPUs: 1
Page size: 4096
Core 0: traces/charlie_0001.champsim.gz
Off-chip DRAM Size: 64 GiB Channels: 1 Width: 64-bit Data Rate: 800 MT/s
[BTB] WARNING: target of return is a lower address than the corresponding call. This is usually a problem with your trace.
[BTB] WARNING: target of return is a lower address than the corresponding call. This is usually a problem with your trace.
[BTB] WARNING: target of return is a lower address than the corresponding call. This is usually a problem with your trace.
[BTB] WARNING: target of return is a lower address than the corresponding call. This is usually a problem with your trace.
[BTB] WARNING: target of return is a lower address than the corresponding call. This is usually a problem with your trace.
[BTB] WARNING: target of return is a lower address than the corresponding call. This is usually a problem with your trace.
[BTB] WARNING: target of return is a lower address than the corresponding call. This is usually a problem with your trace.
[BTB] WARNING: target of return is a lower address than the corresponding call. This is usually a problem with your trace.
Heartbeat CPU 0 instructions: 500004 cycles: 184342 heartbeat IPC: 2.712 cumulative IPC: 2.712 (Simulation time: 00 hr 00 min 02 sec)
Heartbeat CPU 0 instructions: 1000008 cycles: 301355 heartbeat IPC: 4.273 cumulative IPC: 3.318 (Simulation time: 00 hr 00 min 03 sec)
[BTB] WARNING: target of return is a lower address than the corresponding call. This is usually a problem with your trace.
[BTB] WARNING: target of return is a lower address than the corresponding call. This is usually a problem with your trace.
Heartbeat CPU 0 instructions: 1500014 cycles: 526706 heartbeat IPC: 2.219 cumulative IPC: 2.848 (Simulation time: 00 hr 00 min 04 sec)
Heartbeat CPU 0 instructions: 2000015 cycles: 639215 heartbeat IPC: 4.444 cumulative IPC: 3.129 (Simulation time: 00 hr 00 min 06 sec)
Heartbeat CPU 0 instructions: 2500020 cycles: 753102 heartbeat IPC: 4.39 cumulative IPC: 3.32 (Simulation time: 00 hr 00 min 07 sec)
Heartbeat CPU 0 instructions: 3000026 cycles: 860597 heartbeat IPC: 4.651 cumulative IPC: 3.486 (Simulation time: 00 hr 00 min 08 sec)
Heartbeat CPU 0 instructions: 3500029 cycles: 967771 heartbeat IPC: 4.665 cumulative IPC: 3.617 (Simulation time: 00 hr 00 min 09 sec)
Heartbeat CPU 0 instructions: 4000035 cycles: 1188052 heartbeat IPC: 2.27 cumulative IPC: 3.367 (Simulation time: 00 hr 00 min 10 sec)
Heartbeat CPU 0 instructions: 4500036 cycles: 1437274 heartbeat IPC: 2.006 cumulative IPC: 3.131 (Simulation time: 00 hr 00 min 12 sec)
Heartbeat CPU 0 instructions: 5000038 cycles: 1622917 heartbeat IPC: 2.693 cumulative IPC: 3.081 (Simulation time: 00 hr 00 min 14 sec)
Heartbeat CPU 0 instructions: 5500043 cycles: 1790176 heartbeat IPC: 2.989 cumulative IPC: 3.072 (Simulation time: 00 hr 00 min 15 sec)
Heartbeat CPU 0 instructions: 6000047 cycles: 1942468 heartbeat IPC: 3.283 cumulative IPC: 3.089 (Simulation time: 00 hr 00 min 17 sec)
Heartbeat CPU 0 instructions: 6500053 cycles: 2060746 heartbeat IPC: 4.227 cumulative IPC: 3.154 (Simulation time: 00 hr 00 min 18 sec)
Heartbeat CPU 0 instructions: 7000058 cycles: 2179581 heartbeat IPC: 4.208 cumulative IPC: 3.212 (Simulation time: 00 hr 00 min 19 sec)
Heartbeat CPU 0 instructions: 7500065 cycles: 2299128 heartbeat IPC: 4.183 cumulative IPC: 3.262 (Simulation time: 00 hr 00 min 20 sec)
Heartbeat CPU 0 instructions: 8000067 cycles: 2418432 heartbeat IPC: 4.191 cumulative IPC: 3.308 (Simulation time: 00 hr 00 min 21 sec)
Heartbeat CPU 0 instructions: 8500068 cycles: 2534960 heartbeat IPC: 4.291 cumulative IPC: 3.353 (Simulation time: 00 hr 00 min 22 sec)
Heartbeat CPU 0 instructions: 9000072 cycles: 2652792 heartbeat IPC: 4.243 cumulative IPC: 3.393 (Simulation time: 00 hr 00 min 23 sec)
Heartbeat CPU 0 instructions: 9500076 cycles: 2794825 heartbeat IPC: 3.52 cumulative IPC: 3.399 (Simulation time: 00 hr 00 min 24 sec)
Warmup finished CPU 0 instructions: 10000006 cycles: 2902519 cumulative IPC: 3.445 (Simulation time: 00 hr 00 min 25 sec)
Warmup complete CPU 0 instructions: 10000006 cycles: 2902519 cumulative IPC: 3.445 (Simulation time: 00 hr 00 min 25 sec)
Heartbeat CPU 0 instructions: 10000078 cycles: 2902528 heartbeat IPC: 4.642 cumulative IPC: 8 (Simulation time: 00 hr 00 min 25 sec)
Heartbeat CPU 0 instructions: 10500078 cycles: 3519662 heartbeat IPC: 0.8102 cumulative IPC: 0.8103 (Simulation time: 00 hr 00 min 28 sec)
Heartbeat CPU 0 instructions: 11000078 cycles: 4240218 heartbeat IPC: 0.6939 cumulative IPC: 0.7476 (Simulation time: 00 hr 00 min 31 sec)
Heartbeat CPU 0 instructions: 11500083 cycles: 4872185 heartbeat IPC: 0.7912 cumulative IPC: 0.7616 (Simulation time: 00 hr 00 min 34 sec)
Heartbeat CPU 0 instructions: 12000084 cycles: 5500855 heartbeat IPC: 0.7953 cumulative IPC: 0.7698 (Simulation time: 00 hr 00 min 37 sec)
Heartbeat CPU 0 instructions: 12500084 cycles: 6161707 heartbeat IPC: 0.7566 cumulative IPC: 0.7671 (Simulation time: 00 hr 00 min 40 sec)
Heartbeat CPU 0 instructions: 13000090 cycles: 6844374 heartbeat IPC: 0.7324 cumulative IPC: 0.7611 (Simulation time: 00 hr 00 min 43 sec)
Heartbeat CPU 0 instructions: 13500091 cycles: 7485332 heartbeat IPC: 0.7801 cumulative IPC: 0.7637 (Simulation time: 00 hr 00 min 46 sec)
Heartbeat CPU 0 instructions: 14000094 cycles: 8117130 heartbeat IPC: 0.7914 cumulative IPC: 0.7671 (Simulation time: 00 hr 00 min 49 sec)
Heartbeat CPU 0 instructions: 14500096 cycles: 8900146 heartbeat IPC: 0.6386 cumulative IPC: 0.7503 (Simulation time: 00 hr 00 min 53 sec)
Heartbeat CPU 0 instructions: 15000100 cycles: 9605901 heartbeat IPC: 0.7085 cumulative IPC: 0.7459 (Simulation time: 00 hr 00 min 56 sec)
Heartbeat CPU 0 instructions: 15500105 cycles: 10314893 heartbeat IPC: 0.7052 cumulative IPC: 0.742 (Simulation time: 00 hr 01 min 00 sec)
Heartbeat CPU 0 instructions: 16000105 cycles: 10922671 heartbeat IPC: 0.8227 cumulative IPC: 0.7481 (Simulation time: 00 hr 01 min 02 sec)
Heartbeat CPU 0 instructions: 16500112 cycles: 11643646 heartbeat IPC: 0.6935 cumulative IPC: 0.7436 (Simulation time: 00 hr 01 min 06 sec)
Heartbeat CPU 0 instructions: 17000114 cycles: 13378228 heartbeat IPC: 0.2883 cumulative IPC: 0.6682 (Simulation time: 00 hr 01 min 12 sec)
Heartbeat CPU 0 instructions: 17500117 cycles: 14098443 heartbeat IPC: 0.6942 cumulative IPC: 0.6699 (Simulation time: 00 hr 01 min 14 sec)
Heartbeat CPU 0 instructions: 18000120 cycles: 14738621 heartbeat IPC: 0.781 cumulative IPC: 0.6759 (Simulation time: 00 hr 01 min 17 sec)
Heartbeat CPU 0 instructions: 18500120 cycles: 15271950 heartbeat IPC: 0.9375 cumulative IPC: 0.6872 (Simulation time: 00 hr 01 min 19 sec)
Heartbeat CPU 0 instructions: 19000121 cycles: 15849098 heartbeat IPC: 0.8663 cumulative IPC: 0.6952 (Simulation time: 00 hr 01 min 22 sec)
Heartbeat CPU 0 instructions: 19500124 cycles: 16338419 heartbeat IPC: 1.022 cumulative IPC: 0.7071 (Simulation time: 00 hr 01 min 24 sec)
Heartbeat CPU 0 instructions: 20000124 cycles: 16863420 heartbeat IPC: 0.9524 cumulative IPC: 0.7163 (Simulation time: 00 hr 01 min 27 sec)
Heartbeat CPU 0 instructions: 20500126 cycles: 17384805 heartbeat IPC: 0.959 cumulative IPC: 0.725 (Simulation time: 00 hr 01 min 29 sec)
Heartbeat CPU 0 instructions: 21000127 cycles: 17921738 heartbeat IPC: 0.9312 cumulative IPC: 0.7324 (Simulation time: 00 hr 01 min 31 sec)
Heartbeat CPU 0 instructions: 21500132 cycles: 18453283 heartbeat IPC: 0.9407 cumulative IPC: 0.7395 (Simulation time: 00 hr 01 min 33 sec)
Heartbeat CPU 0 instructions: 22000135 cycles: 18907289 heartbeat IPC: 1.101 cumulative IPC: 0.7498 (Simulation time: 00 hr 01 min 35 sec)
Heartbeat CPU 0 instructions: 22500138 cycles: 19502851 heartbeat IPC: 0.8395 cumulative IPC: 0.753 (Simulation time: 00 hr 01 min 38 sec)
Heartbeat CPU 0 instructions: 23000144 cycles: 20016235 heartbeat IPC: 0.9739 cumulative IPC: 0.7596 (Simulation time: 00 hr 01 min 41 sec)
Heartbeat CPU 0 instructions: 23500151 cycles: 20554506 heartbeat IPC: 0.9289 cumulative IPC: 0.7648 (Simulation time: 00 hr 01 min 43 sec)
Heartbeat CPU 0 instructions: 24000151 cycles: 21044770 heartbeat IPC: 1.02 cumulative IPC: 0.7717 (Simulation time: 00 hr 01 min 45 sec)
Heartbeat CPU 0 instructions: 24500151 cycles: 22470012 heartbeat IPC: 0.3508 cumulative IPC: 0.741 (Simulation time: 00 hr 01 min 50 sec)
Heartbeat CPU 0 instructions: 25000152 cycles: 24582634 heartbeat IPC: 0.2367 cumulative IPC: 0.6919 (Simulation time: 00 hr 01 min 57 sec)
Heartbeat CPU 0 instructions: 25500153 cycles: 25241119 heartbeat IPC: 0.7593 cumulative IPC: 0.6939 (Simulation time: 00 hr 02 min 00 sec)
Heartbeat CPU 0 instructions: 26000155 cycles: 25816947 heartbeat IPC: 0.8683 cumulative IPC: 0.6983 (Simulation time: 00 hr 02 min 02 sec)
Heartbeat CPU 0 instructions: 26500155 cycles: 26350002 heartbeat IPC: 0.938 cumulative IPC: 0.7037 (Simulation time: 00 hr 02 min 05 sec)
Heartbeat CPU 0 instructions: 27000162 cycles: 26898583 heartbeat IPC: 0.9115 cumulative IPC: 0.7085 (Simulation time: 00 hr 02 min 07 sec)
Heartbeat CPU 0 instructions: 27500162 cycles: 27365001 heartbeat IPC: 1.072 cumulative IPC: 0.7154 (Simulation time: 00 hr 02 min 09 sec)
Heartbeat CPU 0 instructions: 28000162 cycles: 27896877 heartbeat IPC: 0.9401 cumulative IPC: 0.7202 (Simulation time: 00 hr 02 min 12 sec)
Heartbeat CPU 0 instructions: 28500164 cycles: 28387004 heartbeat IPC: 1.02 cumulative IPC: 0.7259 (Simulation time: 00 hr 02 min 14 sec)
Heartbeat CPU 0 instructions: 29000164 cycles: 28893766 heartbeat IPC: 0.9867 cumulative IPC: 0.731 (Simulation time: 00 hr 02 min 16 sec)
Heartbeat CPU 0 instructions: 29500164 cycles: 29382471 heartbeat IPC: 1.023 cumulative IPC: 0.7364 (Simulation time: 00 hr 02 min 18 sec)
Heartbeat CPU 0 instructions: 30000164 cycles: 29909970 heartbeat IPC: 0.9479 cumulative IPC: 0.7405 (Simulation time: 00 hr 02 min 21 sec)
Heartbeat CPU 0 instructions: 30500166 cycles: 30430824 heartbeat IPC: 0.96 cumulative IPC: 0.7447 (Simulation time: 00 hr 02 min 23 sec)
Heartbeat CPU 0 instructions: 31000173 cycles: 31014772 heartbeat IPC: 0.8563 cumulative IPC: 0.747 (Simulation time: 00 hr 02 min 25 sec)
Heartbeat CPU 0 instructions: 31500176 cycles: 31522111 heartbeat IPC: 0.9855 cumulative IPC: 0.7512 (Simulation time: 00 hr 02 min 28 sec)
Heartbeat CPU 0 instructions: 32000179 cycles: 32020234 heartbeat IPC: 1.004 cumulative IPC: 0.7556 (Simulation time: 00 hr 02 min 30 sec)
Heartbeat CPU 0 instructions: 32500179 cycles: 32498307 heartbeat IPC: 1.046 cumulative IPC: 0.7602 (Simulation time: 00 hr 02 min 32 sec)
Heartbeat CPU 0 instructions: 33000181 cycles: 32978218 heartbeat IPC: 1.042 cumulative IPC: 0.7647 (Simulation time: 00 hr 02 min 34 sec)
Heartbeat CPU 0 instructions: 33500182 cycles: 33462871 heartbeat IPC: 1.032 cumulative IPC: 0.769 (Simulation time: 00 hr 02 min 36 sec)
Heartbeat CPU 0 instructions: 34000187 cycles: 33941580 heartbeat IPC: 1.044 cumulative IPC: 0.7732 (Simulation time: 00 hr 02 min 38 sec)
Heartbeat CPU 0 instructions: 34500187 cycles: 34458550 heartbeat IPC: 0.9672 cumulative IPC: 0.7764 (Simulation time: 00 hr 02 min 41 sec)
Heartbeat CPU 0 instructions: 35000194 cycles: 34958483 heartbeat IPC: 1 cumulative IPC: 0.7799 (Simulation time: 00 hr 02 min 43 sec)
Heartbeat CPU 0 instructions: 35500198 cycles: 35411994 heartbeat IPC: 1.103 cumulative IPC: 0.7844 (Simulation time: 00 hr 02 min 45 sec)
Heartbeat CPU 0 instructions: 36000199 cycles: 36227832 heartbeat IPC: 0.6129 cumulative IPC: 0.7802 (Simulation time: 00 hr 02 min 49 sec)
Heartbeat CPU 0 instructions: 36500200 cycles: 36712104 heartbeat IPC: 1.032 cumulative IPC: 0.7838 (Simulation time: 00 hr 02 min 51 sec)
Heartbeat CPU 0 instructions: 37000206 cycles: 37300530 heartbeat IPC: 0.8497 cumulative IPC: 0.7849 (Simulation time: 00 hr 02 min 55 sec)
Heartbeat CPU 0 instructions: 37500206 cycles: 37777579 heartbeat IPC: 1.048 cumulative IPC: 0.7885 (Simulation time: 00 hr 02 min 58 sec)
Heartbeat CPU 0 instructions: 38000206 cycles: 38277467 heartbeat IPC: 1 cumulative IPC: 0.7915 (Simulation time: 00 hr 03 min 02 sec)
Heartbeat CPU 0 instructions: 38500207 cycles: 38744341 heartbeat IPC: 1.071 cumulative IPC: 0.7952 (Simulation time: 00 hr 03 min 06 sec)
Heartbeat CPU 0 instructions: 39000207 cycles: 39428585 heartbeat IPC: 0.7307 cumulative IPC: 0.794 (Simulation time: 00 hr 03 min 11 sec)
Heartbeat CPU 0 instructions: 39500209 cycles: 39983618 heartbeat IPC: 0.9009 cumulative IPC: 0.7956 (Simulation time: 00 hr 03 min 15 sec)
Heartbeat CPU 0 instructions: 40000212 cycles: 40461646 heartbeat IPC: 1.046 cumulative IPC: 0.7987 (Simulation time: 00 hr 03 min 19 sec)
Heartbeat CPU 0 instructions: 40500212 cycles: 41014478 heartbeat IPC: 0.9044 cumulative IPC: 0.8003 (Simulation time: 00 hr 03 min 23 sec)
Heartbeat CPU 0 instructions: 41000216 cycles: 41651183 heartbeat IPC: 0.7853 cumulative IPC: 0.8 (Simulation time: 00 hr 03 min 28 sec)
Heartbeat CPU 0 instructions: 41500218 cycles: 42286422 heartbeat IPC: 0.7871 cumulative IPC: 0.7998 (Simulation time: 00 hr 03 min 33 sec)
Heartbeat CPU 0 instructions: 42000221 cycles: 42933761 heartbeat IPC: 0.7724 cumulative IPC: 0.7994 (Simulation time: 00 hr 03 min 38 sec)
Heartbeat CPU 0 instructions: 42500228 cycles: 43627363 heartbeat IPC: 0.7209 cumulative IPC: 0.798 (Simulation time: 00 hr 03 min 43 sec)
Heartbeat CPU 0 instructions: 43000228 cycles: 44103752 heartbeat IPC: 1.05 cumulative IPC: 0.801 (Simulation time: 00 hr 03 min 46 sec)
Heartbeat CPU 0 instructions: 43500230 cycles: 44626454 heartbeat IPC: 0.9566 cumulative IPC: 0.8029 (Simulation time: 00 hr 03 min 50 sec)
Heartbeat CPU 0 instructions: 44000231 cycles: 45107567 heartbeat IPC: 1.039 cumulative IPC: 0.8056 (Simulation time: 00 hr 03 min 54 sec)
Heartbeat CPU 0 instructions: 44500231 cycles: 45642178 heartbeat IPC: 0.9353 cumulative IPC: 0.8072 (Simulation time: 00 hr 03 min 58 sec)
Heartbeat CPU 0 instructions: 45000237 cycles: 46150866 heartbeat IPC: 0.9829 cumulative IPC: 0.8093 (Simulation time: 00 hr 04 min 02 sec)
Heartbeat CPU 0 instructions: 45500242 cycles: 46735099 heartbeat IPC: 0.8558 cumulative IPC: 0.8099 (Simulation time: 00 hr 04 min 08 sec)
Heartbeat CPU 0 instructions: 46000242 cycles: 47353367 heartbeat IPC: 0.8087 cumulative IPC: 0.8099 (Simulation time: 00 hr 04 min 13 sec)
Heartbeat CPU 0 instructions: 46500248 cycles: 47953245 heartbeat IPC: 0.8335 cumulative IPC: 0.8102 (Simulation time: 00 hr 04 min 16 sec)
Heartbeat CPU 0 instructions: 47000248 cycles: 48499964 heartbeat IPC: 0.9145 cumulative IPC: 0.8115 (Simulation time: 00 hr 04 min 19 sec)
Heartbeat CPU 0 instructions: 47500253 cycles: 49017831 heartbeat IPC: 0.9655 cumulative IPC: 0.8132 (Simulation time: 00 hr 04 min 22 sec)
Heartbeat CPU 0 instructions: 48000256 cycles: 49594156 heartbeat IPC: 0.8676 cumulative IPC: 0.8139 (Simulation time: 00 hr 04 min 25 sec)
Heartbeat CPU 0 instructions: 48500261 cycles: 50183042 heartbeat IPC: 0.8491 cumulative IPC: 0.8143 (Simulation time: 00 hr 04 min 28 sec)
Heartbeat CPU 0 instructions: 49000262 cycles: 50723260 heartbeat IPC: 0.9256 cumulative IPC: 0.8156 (Simulation time: 00 hr 04 min 31 sec)
Heartbeat CPU 0 instructions: 49500266 cycles: 51212443 heartbeat IPC: 1.022 cumulative IPC: 0.8176 (Simulation time: 00 hr 04 min 33 sec)
Heartbeat CPU 0 instructions: 50000268 cycles: 51673252 heartbeat IPC: 1.085 cumulative IPC: 0.8202 (Simulation time: 00 hr 04 min 35 sec)
Heartbeat CPU 0 instructions: 50500274 cycles: 52234551 heartbeat IPC: 0.8908 cumulative IPC: 0.821 (Simulation time: 00 hr 04 min 38 sec)
Heartbeat CPU 0 instructions: 51000274 cycles: 52737583 heartbeat IPC: 0.994 cumulative IPC: 0.8227 (Simulation time: 00 hr 04 min 40 sec)
Heartbeat CPU 0 instructions: 51500274 cycles: 53235132 heartbeat IPC: 1.005 cumulative IPC: 0.8245 (Simulation time: 00 hr 04 min 43 sec)
Heartbeat CPU 0 instructions: 52000275 cycles: 53735511 heartbeat IPC: 0.9992 cumulative IPC: 0.8262 (Simulation time: 00 hr 04 min 46 sec)
Heartbeat CPU 0 instructions: 52500275 cycles: 54305702 heartbeat IPC: 0.8769 cumulative IPC: 0.8268 (Simulation time: 00 hr 04 min 49 sec)
Heartbeat CPU 0 instructions: 53000277 cycles: 54846245 heartbeat IPC: 0.925 cumulative IPC: 0.8278 (Simulation time: 00 hr 04 min 51 sec)
Heartbeat CPU 0 instructions: 53500277 cycles: 55364315 heartbeat IPC: 0.9651 cumulative IPC: 0.8292 (Simulation time: 00 hr 04 min 54 sec)
Heartbeat CPU 0 instructions: 54000277 cycles: 55834344 heartbeat IPC: 1.064 cumulative IPC: 0.8313 (Simulation time: 00 hr 04 min 56 sec)
Heartbeat CPU 0 instructions: 54500281 cycles: 56307852 heartbeat IPC: 1.056 cumulative IPC: 0.8333 (Simulation time: 00 hr 04 min 58 sec)
Heartbeat CPU 0 instructions: 55000281 cycles: 57761426 heartbeat IPC: 0.344 cumulative IPC: 0.8203 (Simulation time: 00 hr 05 min 04 sec)
Heartbeat CPU 0 instructions: 55500286 cycles: 58274543 heartbeat IPC: 0.9744 cumulative IPC: 0.8217 (Simulation time: 00 hr 05 min 06 sec)
Heartbeat CPU 0 instructions: 56000288 cycles: 58899875 heartbeat IPC: 0.7996 cumulative IPC: 0.8215 (Simulation time: 00 hr 05 min 09 sec)
Heartbeat CPU 0 instructions: 56500293 cycles: 59478814 heartbeat IPC: 0.8637 cumulative IPC: 0.8219 (Simulation time: 00 hr 05 min 11 sec)
Heartbeat CPU 0 instructions: 57000300 cycles: 60023407 heartbeat IPC: 0.9181 cumulative IPC: 0.8228 (Simulation time: 00 hr 05 min 14 sec)
Heartbeat CPU 0 instructions: 57500305 cycles: 60468228 heartbeat IPC: 1.124 cumulative IPC: 0.8251 (Simulation time: 00 hr 05 min 16 sec)
Heartbeat CPU 0 instructions: 58000306 cycles: 60963361 heartbeat IPC: 1.01 cumulative IPC: 0.8267 (Simulation time: 00 hr 05 min 18 sec)
Heartbeat CPU 0 instructions: 58500310 cycles: 61405785 heartbeat IPC: 1.13 cumulative IPC: 0.829 (Simulation time: 00 hr 05 min 21 sec)
Heartbeat CPU 0 instructions: 59000317 cycles: 61955892 heartbeat IPC: 0.9089 cumulative IPC: 0.8298 (Simulation time: 00 hr 05 min 23 sec)
Heartbeat CPU 0 instructions: 59500318 cycles: 62492492 heartbeat IPC: 0.9318 cumulative IPC: 0.8307 (Simulation time: 00 hr 05 min 26 sec)
Simulation finished CPU 0 instructions: 50000001 cycles: 60108523 cumulative IPC: 0.8318 (Simulation time: 00 hr 05 min 29 sec)
Simulation complete CPU 0 instructions: 50000001 cycles: 60108523 cumulative IPC: 0.8318 (Simulation time: 00 hr 05 min 29 sec)

ChampSim completed all CPUs

=== Simulation ===
CPU 0 runs traces/charlie_0001.champsim.gz

Region of Interest Statistics

CPU 0 cumulative IPC: 0.8318 instructions: 50000001 cycles: 60108523
CPU 0 Branch Prediction Accuracy: 92.35% MPKI: 14.31 Average ROB Occupancy at Mispredict: 44.11
Branch type MPKI
BRANCH_DIRECT_JUMP: 0.1544
BRANCH_INDIRECT: 0.5093
BRANCH_CONDITIONAL: 13.03
BRANCH_DIRECT_CALL: 0.03448
BRANCH_INDIRECT_CALL: 0.4799
BRANCH_RETURN: 0.09466

cpu0->cpu0_STLB TOTAL        ACCESS:      70603 HIT:      58356 MISS:      12247 MSHR_MERGE:          0
cpu0->cpu0_STLB LOAD         ACCESS:      70603 HIT:      58356 MISS:      12247 MSHR_MERGE:          0
cpu0->cpu0_STLB RFO          ACCESS:          0 HIT:          0 MISS:          0 MSHR_MERGE:          0
cpu0->cpu0_STLB PREFETCH     ACCESS:          0 HIT:          0 MISS:          0 MSHR_MERGE:          0
cpu0->cpu0_STLB WRITE        ACCESS:          0 HIT:          0 MISS:          0 MSHR_MERGE:          0
cpu0->cpu0_STLB TRANSLATION  ACCESS:          0 HIT:          0 MISS:          0 MSHR_MERGE:          0
cpu0->cpu0_STLB PREFETCH REQUESTED:          0 ISSUED:          0 USEFUL:          0 USELESS:          0
cpu0->cpu0_STLB AVERAGE MISS LATENCY: 353.7 cycles
cpu0->cpu0_L2C TOTAL        ACCESS:     904767 HIT:     606084 MISS:     298683 MSHR_MERGE:       1892
cpu0->cpu0_L2C LOAD         ACCESS:     436531 HIT:     353188 MISS:      83343 MSHR_MERGE:       1808
cpu0->cpu0_L2C RFO          ACCESS:     201919 HIT:       9479 MISS:     192440 MSHR_MERGE:          0
cpu0->cpu0_L2C PREFETCH     ACCESS:      23380 HIT:       7893 MISS:      15487 MSHR_MERGE:         84
cpu0->cpu0_L2C WRITE        ACCESS:     231290 HIT:     231283 MISS:          7 MSHR_MERGE:          0
cpu0->cpu0_L2C TRANSLATION  ACCESS:      11647 HIT:       4241 MISS:       7406 MSHR_MERGE:          0
cpu0->cpu0_L2C PREFETCH REQUESTED:      23463 ISSUED:      23380 USEFUL:       5737 USELESS:        333
cpu0->cpu0_L2C AVERAGE MISS LATENCY: 461.2 cycles
cpu0->cpu0_L1I TOTAL        ACCESS:    2885168 HIT:    2626141 MISS:     259027 MSHR_MERGE:      66777
cpu0->cpu0_L1I LOAD         ACCESS:    2885168 HIT:    2626141 MISS:     259027 MSHR_MERGE:      66777
cpu0->cpu0_L1I RFO          ACCESS:          0 HIT:          0 MISS:          0 MSHR_MERGE:          0
cpu0->cpu0_L1I PREFETCH     ACCESS:          0 HIT:          0 MISS:          0 MSHR_MERGE:          0
cpu0->cpu0_L1I WRITE        ACCESS:          0 HIT:          0 MISS:          0 MSHR_MERGE:          0
cpu0->cpu0_L1I TRANSLATION  ACCESS:          0 HIT:          0 MISS:          0 MSHR_MERGE:          0
cpu0->cpu0_L1I PREFETCH REQUESTED:          0 ISSUED:          0 USEFUL:          0 USELESS:          0
cpu0->cpu0_L1I AVERAGE MISS LATENCY: 33.05 cycles
cpu0->cpu0_L1D TOTAL        ACCESS:   13916716 HIT:   12493456 MISS:    1423260 MSHR_MERGE:     965413
cpu0->cpu0_L1D LOAD         ACCESS:    8442363 HIT:    8000459 MISS:     441904 MSHR_MERGE:     197623
cpu0->cpu0_L1D RFO          ACCESS:          0 HIT:          0 MISS:          0 MSHR_MERGE:          0
cpu0->cpu0_L1D PREFETCH     ACCESS:          0 HIT:          0 MISS:          0 MSHR_MERGE:          0
cpu0->cpu0_L1D WRITE        ACCESS:    5443332 HIT:    4473839 MISS:     969493 MSHR_MERGE:     767574
cpu0->cpu0_L1D TRANSLATION  ACCESS:      31021 HIT:      19158 MISS:      11863 MSHR_MERGE:        216
cpu0->cpu0_L1D PREFETCH REQUESTED:          0 ISSUED:          0 USEFUL:          0 USELESS:          0
cpu0->cpu0_L1D AVERAGE MISS LATENCY: 283.1 cycles
cpu0->cpu0_ITLB TOTAL        ACCESS:    2352533 HIT:    2330326 MISS:      22207 MSHR_MERGE:      11071
cpu0->cpu0_ITLB LOAD         ACCESS:    2352533 HIT:    2330326 MISS:      22207 MSHR_MERGE:      11071
cpu0->cpu0_ITLB RFO          ACCESS:          0 HIT:          0 MISS:          0 MSHR_MERGE:          0
cpu0->cpu0_ITLB PREFETCH     ACCESS:          0 HIT:          0 MISS:          0 MSHR_MERGE:          0
cpu0->cpu0_ITLB WRITE        ACCESS:          0 HIT:          0 MISS:          0 MSHR_MERGE:          0
cpu0->cpu0_ITLB TRANSLATION  ACCESS:          0 HIT:          0 MISS:          0 MSHR_MERGE:          0
cpu0->cpu0_ITLB PREFETCH REQUESTED:          0 ISSUED:          0 USEFUL:          0 USELESS:          0
cpu0->cpu0_ITLB AVERAGE MISS LATENCY: 28.37 cycles
cpu0->cpu0_DTLB TOTAL        ACCESS:   13207471 HIT:   13097263 MISS:     110208 MSHR_MERGE:      50741
cpu0->cpu0_DTLB LOAD         ACCESS:   13207471 HIT:   13097263 MISS:     110208 MSHR_MERGE:      50741
cpu0->cpu0_DTLB RFO          ACCESS:          0 HIT:          0 MISS:          0 MSHR_MERGE:          0
cpu0->cpu0_DTLB PREFETCH     ACCESS:          0 HIT:          0 MISS:          0 MSHR_MERGE:          0
cpu0->cpu0_DTLB WRITE        ACCESS:          0 HIT:          0 MISS:          0 MSHR_MERGE:          0
cpu0->cpu0_DTLB TRANSLATION  ACCESS:          0 HIT:          0 MISS:          0 MSHR_MERGE:          0
cpu0->cpu0_DTLB PREFETCH REQUESTED:          0 ISSUED:          0 USEFUL:          0 USELESS:          0
cpu0->cpu0_DTLB AVERAGE MISS LATENCY: 73.68 cycles
cpu0->LLC TOTAL        ACCESS:     497126 HIT:      26676 MISS:     470450 MSHR_MERGE:       3524
cpu0->LLC LOAD         ACCESS:      81535 HIT:       9371 MISS:      72164 MSHR_MERGE:       3374
cpu0->LLC RFO          ACCESS:     192440 HIT:        590 MISS:     191850 MSHR_MERGE:          0
cpu0->LLC PREFETCH     ACCESS:      15403 HIT:         79 MISS:      15324 MSHR_MERGE:        150
cpu0->LLC WRITE        ACCESS:     200342 HIT:      15800 MISS:     184542 MSHR_MERGE:          0
cpu0->LLC TRANSLATION  ACCESS:       7406 HIT:        836 MISS:       6570 MSHR_MERGE:          0
cpu0->LLC PREFETCH REQUESTED:          0 ISSUED:          0 USEFUL:          0 USELESS:          0
cpu0->LLC AVERAGE MISS LATENCY: 277 cycles

DRAM Statistics

Channel 0 RQ ROW_BUFFER_HIT:       6740
  ROW_BUFFER_MISS:     275643
  AVG DBUS CONGESTED CYCLE: 4.318
Channel 0 WQ ROW_BUFFER_HIT:      34793
  ROW_BUFFER_MISS:     161163
  FULL:          9
Channel 0 REFRESHES ISSUED:       5009
