[VMEM] WARNING: physical memory size is smaller than virtual memory size.

*** ChampSim Multicore Out-of-Order Simulator ***
Warmup Instructions: 10000000
Simulation Instructions: 50000000
Number of CPUs: 1
Page size: 4096
Core 0: traces/sssp-14.trace.gz
Off-chip DRAM Size: 64 GiB Channels: 1 Width: 64-bit Data Rate: 800 MT/s
Heartbeat CPU 0 instructions: 500004 cycles: 181890 heartbeat IPC: 2.749 cumulative IPC: 2.749 (Simulation time: 00 hr 00 min 01 sec)
Heartbeat CPU 0 instructions: 1000004 cycles: 359211 heartbeat IPC: 2.82 cumulative IPC: 2.784 (Simulation time: 00 hr 00 min 02 sec)
Heartbeat CPU 0 instructions: 1500004 cycles: 512428 heartbeat IPC: 3.263 cumulative IPC: 2.927 (Simulation time: 00 hr 00 min 03 sec)
Heartbeat CPU 0 instructions: 2000010 cycles: 615945 heartbeat IPC: 4.83 cumulative IPC: 3.247 (Simulation time: 00 hr 00 min 04 sec)
Heartbeat CPU 0 instructions: 2500014 cycles: 719065 heartbeat IPC: 4.849 cumulative IPC: 3.477 (Simulation time: 00 hr 00 min 05 sec)
Heartbeat CPU 0 instructions: 3000021 cycles: 825946 heartbeat IPC: 4.678 cumulative IPC: 3.632 (Simulation time: 00 hr 00 min 06 sec)
Heartbeat CPU 0 instructions: 3500021 cycles: 932831 heartbeat IPC: 4.678 cumulative IPC: 3.752 (Simulation time: 00 hr 00 min 07 sec)
Heartbeat CPU 0 instructions: 4000027 cycles: 1038288 heartbeat IPC: 4.741 cumulative IPC: 3.853 (Simulation time: 00 hr 00 min 08 sec)
Heartbeat CPU 0 instructions: 4500028 cycles: 1145381 heartbeat IPC: 4.669 cumulative IPC: 3.929 (Simulation time: 00 hr 00 min 09 sec)
Heartbeat CPU 0 instructions: 5000031 cycles: 1250640 heartbeat IPC: 4.75 cumulative IPC: 3.998 (Simulation time: 00 hr 00 min 10 sec)
Heartbeat CPU 0 instructions: 5500036 cycles: 1358920 heartbeat IPC: 4.618 cumulative IPC: 4.047 (Simulation time: 00 hr 00 min 11 sec)
Heartbeat CPU 0 instructions: 6000038 cycles: 1466093 heartbeat IPC: 4.665 cumulative IPC: 4.093 (Simulation time: 00 hr 00 min 12 sec)
Heartbeat CPU 0 instructions: 6500044 cycles: 1572338 heartbeat IPC: 4.706 cumulative IPC: 4.134 (Simulation time: 00 hr 00 min 13 sec)
Heartbeat CPU 0 instructions: 7000050 cycles: 1679188 heartbeat IPC: 4.68 cumulative IPC: 4.169 (Simulation time: 00 hr 00 min 14 sec)
Heartbeat CPU 0 instructions: 7500052 cycles: 1785688 heartbeat IPC: 4.695 cumulative IPC: 4.2 (Simulation time: 00 hr 00 min 15 sec)
Heartbeat CPU 0 instructions: 8000054 cycles: 1892583 heartbeat IPC: 4.678 cumulative IPC: 4.227 (Simulation time: 00 hr 00 min 16 sec)
Heartbeat CPU 0 instructions: 8500056 cycles: 2001657 heartbeat IPC: 4.584 cumulative IPC: 4.247 (Simulation time: 00 hr 00 min 17 sec)
Heartbeat CPU 0 instructions: 9000058 cycles: 2108588 heartbeat IPC: 4.676 cumulative IPC: 4.268 (Simulation time: 00 hr 00 min 18 sec)
Heartbeat CPU 0 instructions: 9500058 cycles: 2215251 heartbeat IPC: 4.688 cumulative IPC: 4.288 (Simulation time: 00 hr 00 min 19 sec)
Warmup finished CPU 0 instructions: 10000004 cycles: 2321526 cumulative IPC: 4.308 (Simulation time: 00 hr 00 min 20 sec)
Warmup complete CPU 0 instructions: 10000004 cycles: 2321526 cumulative IPC: 4.308 (Simulation time: 00 hr 00 min 20 sec)
Heartbeat CPU 0 instructions: 10000065 cycles: 2321540 heartbeat IPC: 4.704 cumulative IPC: 4.357 (Simulation time: 00 hr 00 min 20 sec)
Heartbeat CPU 0 instructions: 10500065 cycles: 3458528 heartbeat IPC: 0.4398 cumulative IPC: 0.4398 (Simulation time: 00 hr 00 min 24 sec)
Heartbeat CPU 0 instructions: 11000071 cycles: 4644168 heartbeat IPC: 0.4217 cumulative IPC: 0.4306 (Simulation time: 00 hr 00 min 28 sec)
Heartbeat CPU 0 instructions: 11500078 cycles: 5805837 heartbeat IPC: 0.4304 cumulative IPC: 0.4305 (Simulation time: 00 hr 00 min 32 sec)
Heartbeat CPU 0 instructions: 12000082 cycles: 6964173 heartbeat IPC: 0.4317 cumulative IPC: 0.4308 (Simulation time: 00 hr 00 min 36 sec)
Heartbeat CPU 0 instructions: 12500082 cycles: 8162443 heartbeat IPC: 0.4173 cumulative IPC: 0.428 (Simulation time: 00 hr 00 min 40 sec)
Heartbeat CPU 0 instructions: 13000082 cycles: 9392602 heartbeat IPC: 0.4065 cumulative IPC: 0.4243 (Simulation time: 00 hr 00 min 44 sec)
Heartbeat CPU 0 instructions: 13500082 cycles: 10766513 heartbeat IPC: 0.3639 cumulative IPC: 0.4145 (Simulation time: 00 hr 00 min 49 sec)
Heartbeat CPU 0 instructions: 14000083 cycles: 11909560 heartbeat IPC: 0.4374 cumulative IPC: 0.4172 (Simulation time: 00 hr 00 min 53 sec)
Heartbeat CPU 0 instructions: 14500084 cycles: 13086316 heartbeat IPC: 0.4249 cumulative IPC: 0.418 (Simulation time: 00 hr 00 min 57 sec)
Heartbeat CPU 0 instructions: 15000085 cycles: 14216040 heartbeat IPC: 0.4426 cumulative IPC: 0.4204 (Simulation time: 00 hr 01 min 01 sec)
Heartbeat CPU 0 instructions: 15500089 cycles: 15366852 heartbeat IPC: 0.4345 cumulative IPC: 0.4216 (Simulation time: 00 hr 01 min 05 sec)
Heartbeat CPU 0 instructions: 16000096 cycles: 16514654 heartbeat IPC: 0.4356 cumulative IPC: 0.4227 (Simulation time: 00 hr 01 min 09 sec)
Heartbeat CPU 0 instructions: 16500097 cycles: 17670691 heartbeat IPC: 0.4325 cumulative IPC: 0.4235 (Simulation time: 00 hr 01 min 13 sec)
Heartbeat CPU 0 instructions: 17000100 cycles: 18842701 heartbeat IPC: 0.4266 cumulative IPC: 0.4237 (Simulation time: 00 hr 01 min 17 sec)
Heartbeat CPU 0 instructions: 17500101 cycles: 20068492 heartbeat IPC: 0.4079 cumulative IPC: 0.4226 (Simulation time: 00 hr 01 min 21 sec)
Heartbeat CPU 0 instructions: 18000106 cycles: 21445775 heartbeat IPC: 0.363 cumulative IPC: 0.4183 (Simulation time: 00 hr 01 min 26 sec)
Heartbeat CPU 0 instructions: 18500110 cycles: 22939662 heartbeat IPC: 0.3347 cumulative IPC: 0.4123 (Simulation time: 00 hr 01 min 31 sec)
Heartbeat CPU 0 instructions: 19000111 cycles: 24231025 heartbeat IPC: 0.3872 cumulative IPC: 0.4108 (Simulation time: 00 hr 01 min 35 sec)
Heartbeat CPU 0 instructions: 19500111 cycles: 25363384 heartbeat IPC: 0.4416 cumulative IPC: 0.4123 (Simulation time: 00 hr 01 min 39 sec)
Heartbeat CPU 0 instructions: 20000113 cycles: 26460254 heartbeat IPC: 0.4558 cumulative IPC: 0.4143 (Simulation time: 00 hr 01 min 43 sec)
Heartbeat CPU 0 instructions: 20500113 cycles: 27651444 heartbeat IPC: 0.4197 cumulative IPC: 0.4145 (Simulation time: 00 hr 01 min 48 sec)
Heartbeat CPU 0 instructions: 21000113 cycles: 28748471 heartbeat IPC: 0.4558 cumulative IPC: 0.4162 (Simulation time: 00 hr 01 min 52 sec)
Heartbeat CPU 0 instructions: 21500113 cycles: 29923100 heartbeat IPC: 0.4257 cumulative IPC: 0.4166 (Simulation time: 00 hr 01 min 56 sec)
Heartbeat CPU 0 instructions: 22000115 cycles: 31031016 heartbeat IPC: 0.4513 cumulative IPC: 0.418 (Simulation time: 00 hr 02 min 00 sec)
Heartbeat CPU 0 instructions: 22500116 cycles: 32125313 heartbeat IPC: 0.4569 cumulative IPC: 0.4194 (Simulation time: 00 hr 02 min 04 sec)
Heartbeat CPU 0 instructions: 23000121 cycles: 33280056 heartbeat IPC: 0.433 cumulative IPC: 0.4199 (Simulation time: 00 hr 02 min 08 sec)
Heartbeat CPU 0 instructions: 23500122 cycles: 34399121 heartbeat IPC: 0.4468 cumulative IPC: 0.4209 (Simulation time: 00 hr 02 min 12 sec)
Heartbeat CPU 0 instructions: 24000124 cycles: 35692231 heartbeat IPC: 0.3867 cumulative IPC: 0.4195 (Simulation time: 00 hr 02 min 16 sec)
Heartbeat CPU 0 instructions: 24500127 cycles: 36823493 heartbeat IPC: 0.442 cumulative IPC: 0.4203 (Simulation time: 00 hr 02 min 21 sec)
Heartbeat CPU 0 instructions: 25000129 cycles: 37887656 heartbeat IPC: 0.4699 cumulative IPC: 0.4218 (Simulation time: 00 hr 02 min 24 sec)
Heartbeat CPU 0 instructions: 25500133 cycles: 38960062 heartbeat IPC: 0.4662 cumulative IPC: 0.4231 (Simulation time: 00 hr 02 min 28 sec)
Heartbeat CPU 0 instructions: 26000138 cycles: 39987825 heartbeat IPC: 0.4865 cumulative IPC: 0.4248 (Simulation time: 00 hr 02 min 32 sec)
Heartbeat CPU 0 instructions: 26500140 cycles: 41047833 heartbeat IPC: 0.4717 cumulative IPC: 0.4261 (Simulation time: 00 hr 02 min 36 sec)
Heartbeat CPU 0 instructions: 27000142 cycles: 42127740 heartbeat IPC: 0.463 cumulative IPC: 0.4271 (Simulation time: 00 hr 02 min 40 sec)
Heartbeat CPU 0 instructions: 27500149 cycles: 43189940 heartbeat IPC: 0.4707 cumulative IPC: 0.4282 (Simulation time: 00 hr 02 min 44 sec)
Heartbeat CPU 0 instructions: 28000154 cycles: 44240520 heartbeat IPC: 0.4759 cumulative IPC: 0.4294 (Simulation time: 00 hr 02 min 48 sec)
Heartbeat CPU 0 instructions: 28500156 cycles: 45291029 heartbeat IPC: 0.476 cumulative IPC: 0.4305 (Simulation time: 00 hr 02 min 52 sec)
Heartbeat CPU 0 instructions: 29000163 cycles: 46355010 heartbeat IPC: 0.4699 cumulative IPC: 0.4315 (Simulation time: 00 hr 02 min 56 sec)
Heartbeat CPU 0 instructions: 29500170 cycles: 47454482 heartbeat IPC: 0.4548 cumulative IPC: 0.4321 (Simulation time: 00 hr 03 min 00 sec)
Heartbeat CPU 0 instructions: 30000176 cycles: 48496526 heartbeat IPC: 0.4798 cumulative IPC: 0.4331 (Simulation time: 00 hr 03 min 04 sec)
Heartbeat CPU 0 instructions: 30500180 cycles: 49530120 heartbeat IPC: 0.4838 cumulative IPC: 0.4342 (Simulation time: 00 hr 03 min 07 sec)
Heartbeat CPU 0 instructions: 31000183 cycles: 50573399 heartbeat IPC: 0.4793 cumulative IPC: 0.4352 (Simulation time: 00 hr 03 min 11 sec)
Heartbeat CPU 0 instructions: 31500184 cycles: 51558368 heartbeat IPC: 0.5076 cumulative IPC: 0.4367 (Simulation time: 00 hr 03 min 15 sec)
Heartbeat CPU 0 instructions: 32000186 cycles: 52600646 heartbeat IPC: 0.4797 cumulative IPC: 0.4376 (Simulation time: 00 hr 03 min 19 sec)
Heartbeat CPU 0 instructions: 32500192 cycles: 53637813 heartbeat IPC: 0.4821 cumulative IPC: 0.4385 (Simulation time: 00 hr 03 min 23 sec)
Heartbeat CPU 0 instructions: 33000197 cycles: 54848589 heartbeat IPC: 0.413 cumulative IPC: 0.4379 (Simulation time: 00 hr 03 min 27 sec)
Heartbeat CPU 0 instructions: 33500199 cycles: 55904261 heartbeat IPC: 0.4736 cumulative IPC: 0.4386 (Simulation time: 00 hr 03 min 31 sec)
Heartbeat CPU 0 instructions: 34000201 cycles: 56966114 heartbeat IPC: 0.4709 cumulative IPC: 0.4392 (Simulation time: 00 hr 03 min 35 sec)
Heartbeat CPU 0 instructions: 34500202 cycles: 57989111 heartbeat IPC: 0.4888 cumulative IPC: 0.4401 (Simulation time: 00 hr 03 min 39 sec)
Heartbeat CPU 0 instructions: 35000207 cycles: 58983344 heartbeat IPC: 0.5029 cumulative IPC: 0.4412 (Simulation time: 00 hr 03 min 43 sec)
Heartbeat CPU 0 instructions: 35500213 cycles: 60042221 heartbeat IPC: 0.4722 cumulative IPC: 0.4418 (Simulation time: 00 hr 03 min 47 sec)
Heartbeat CPU 0 instructions: 36000215 cycles: 61187466 heartbeat IPC: 0.4366 cumulative IPC: 0.4417 (Simulation time: 00 hr 03 min 51 sec)
Heartbeat CPU 0 instructions: 36500215 cycles: 62244167 heartbeat IPC: 0.4732 cumulative IPC: 0.4422 (Simulation time: 00 hr 03 min 55 sec)
Heartbeat CPU 0 instructions: 37000215 cycles: 63266125 heartbeat IPC: 0.4893 cumulative IPC: 0.443 (Simulation time: 00 hr 03 min 59 sec)
Heartbeat CPU 0 instructions: 37500215 cycles: 64246513 heartbeat IPC: 0.51 cumulative IPC: 0.4441 (Simulation time: 00 hr 04 min 02 sec)
Heartbeat CPU 0 instructions: 38000216 cycles: 65264466 heartbeat IPC: 0.4912 cumulative IPC: 0.4449 (Simulation time: 00 hr 04 min 06 sec)
Heartbeat CPU 0 instructions: 38500221 cycles: 66239184 heartbeat IPC: 0.513 cumulative IPC: 0.4459 (Simulation time: 00 hr 04 min 10 sec)
Heartbeat CPU 0 instructions: 39000222 cycles: 67282738 heartbeat IPC: 0.4791 cumulative IPC: 0.4464 (Simulation time: 00 hr 04 min 14 sec)
Heartbeat CPU 0 instructions: 39500229 cycles: 68294767 heartbeat IPC: 0.4941 cumulative IPC: 0.4472 (Simulation time: 00 hr 04 min 18 sec)
Heartbeat CPU 0 instructions: 40000229 cycles: 69266104 heartbeat IPC: 0.5148 cumulative IPC: 0.4481 (Simulation time: 00 hr 04 min 22 sec)
Heartbeat CPU 0 instructions: 40500230 cycles: 70228264 heartbeat IPC: 0.5197 cumulative IPC: 0.4491 (Simulation time: 00 hr 04 min 25 sec)
Heartbeat CPU 0 instructions: 41000231 cycles: 71212868 heartbeat IPC: 0.5078 cumulative IPC: 0.45 (Simulation time: 00 hr 04 min 29 sec)
Heartbeat CPU 0 instructions: 41500234 cycles: 72169965 heartbeat IPC: 0.5224 cumulative IPC: 0.451 (Simulation time: 00 hr 04 min 33 sec)
Heartbeat CPU 0 instructions: 42000238 cycles: 73197119 heartbeat IPC: 0.4868 cumulative IPC: 0.4515 (Simulation time: 00 hr 04 min 37 sec)
Heartbeat CPU 0 instructions: 42500242 cycles: 74223417 heartbeat IPC: 0.4872 cumulative IPC: 0.452 (Simulation time: 00 hr 04 min 41 sec)
Heartbeat CPU 0 instructions: 43000248 cycles: 75191243 heartbeat IPC: 0.5166 cumulative IPC: 0.4529 (Simulation time: 00 hr 04 min 45 sec)
Heartbeat CPU 0 instructions: 43500252 cycles: 76177811 heartbeat IPC: 0.5068 cumulative IPC: 0.4536 (Simulation time: 00 hr 04 min 48 sec)
Heartbeat CPU 0 instructions: 44000253 cycles: 77163231 heartbeat IPC: 0.5074 cumulative IPC: 0.4543 (Simulation time: 00 hr 04 min 52 sec)
Heartbeat CPU 0 instructions: 44500253 cycles: 78118307 heartbeat IPC: 0.5235 cumulative IPC: 0.4552 (Simulation time: 00 hr 04 min 56 sec)
Heartbeat CPU 0 instructions: 45000257 cycles: 79112254 heartbeat IPC: 0.503 cumulative IPC: 0.4558 (Simulation time: 00 hr 05 min 00 sec)
Heartbeat CPU 0 instructions: 45500261 cycles: 80097499 heartbeat IPC: 0.5075 cumulative IPC: 0.4564 (Simulation time: 00 hr 05 min 03 sec)
Heartbeat CPU 0 instructions: 46000267 cycles: 81075308 heartbeat IPC: 0.5114 cumulative IPC: 0.4571 (Simulation time: 00 hr 05 min 07 sec)
Heartbeat CPU 0 instructions: 46500268 cycles: 82101034 heartbeat IPC: 0.4875 cumulative IPC: 0.4575 (Simulation time: 00 hr 05 min 11 sec)
Heartbeat CPU 0 instructions: 47000269 cycles: 83072167 heartbeat IPC: 0.5149 cumulative IPC: 0.4582 (Simulation time: 00 hr 05 min 15 sec)
Heartbeat CPU 0 instructions: 47500275 cycles: 84017699 heartbeat IPC: 0.5288 cumulative IPC: 0.459 (Simulation time: 00 hr 05 min 19 sec)
Heartbeat CPU 0 instructions: 48000275 cycles: 84967171 heartbeat IPC: 0.5266 cumulative IPC: 0.4598 (Simulation time: 00 hr 05 min 22 sec)
Heartbeat CPU 0 instructions: 48500277 cycles: 85986026 heartbeat IPC: 0.4907 cumulative IPC: 0.4602 (Simulation time: 00 hr 05 min 26 sec)
Heartbeat CPU 0 instructions: 49000277 cycles: 86902553 heartbeat IPC: 0.5455 cumulative IPC: 0.4611 (Simulation time: 00 hr 05 min 30 sec)
Heartbeat CPU 0 instructions: 49500283 cycles: 87833879 heartbeat IPC: 0.5369 cumulative IPC: 0.4619 (Simulation time: 00 hr 05 min 34 sec)
Heartbeat CPU 0 instructions: 50000286 cycles: 88773097 heartbeat IPC: 0.5324 cumulative IPC: 0.4627 (Simulation time: 00 hr 05 min 37 sec)
Heartbeat CPU 0 instructions: 50500288 cycles: 89721055 heartbeat IPC: 0.5275 cumulative IPC: 0.4634 (Simulation time: 00 hr 05 min 41 sec)
Heartbeat CPU 0 instructions: 51000288 cycles: 90645638 heartbeat IPC: 0.5408 cumulative IPC: 0.4642 (Simulation time: 00 hr 05 min 45 sec)
Heartbeat CPU 0 instructions: 51500293 cycles: 91553811 heartbeat IPC: 0.5506 cumulative IPC: 0.4651 (Simulation time: 00 hr 05 min 48 sec)
Heartbeat CPU 0 instructions: 52000297 cycles: 92495814 heartbeat IPC: 0.5308 cumulative IPC: 0.4658 (Simulation time: 00 hr 05 min 52 sec)
Heartbeat CPU 0 instructions: 52500298 cycles: 93447879 heartbeat IPC: 0.5252 cumulative IPC: 0.4664 (Simulation time: 00 hr 05 min 56 sec)
Heartbeat CPU 0 instructions: 53000301 cycles: 94372970 heartbeat IPC: 0.5405 cumulative IPC: 0.4671 (Simulation time: 00 hr 06 min 00 sec)
Heartbeat CPU 0 instructions: 53500303 cycles: 95361756 heartbeat IPC: 0.5057 cumulative IPC: 0.4675 (Simulation time: 00 hr 06 min 03 sec)
Heartbeat CPU 0 instructions: 54000306 cycles: 96462606 heartbeat IPC: 0.4542 cumulative IPC: 0.4674 (Simulation time: 00 hr 06 min 08 sec)
Heartbeat CPU 0 instructions: 54500312 cycles: 97527546 heartbeat IPC: 0.4695 cumulative IPC: 0.4674 (Simulation time: 00 hr 06 min 12 sec)
Heartbeat CPU 0 instructions: 55000319 cycles: 98550035 heartbeat IPC: 0.489 cumulative IPC: 0.4676 (Simulation time: 00 hr 06 min 15 sec)
Heartbeat CPU 0 instructions: 55500326 cycles: 99450842 heartbeat IPC: 0.5551 cumulative IPC: 0.4685 (Simulation time: 00 hr 06 min 19 sec)
Heartbeat CPU 0 instructions: 56000328 cycles: 100396513 heartbeat IPC: 0.5287 cumulative IPC: 0.469 (Simulation time: 00 hr 06 min 23 sec)
Heartbeat CPU 0 instructions: 56500328 cycles: 101286148 heartbeat IPC: 0.562 cumulative IPC: 0.4699 (Simulation time: 00 hr 06 min 26 sec)
Heartbeat CPU 0 instructions: 57000328 cycles: 102222202 heartbeat IPC: 0.5342 cumulative IPC: 0.4705 (Simulation time: 00 hr 06 min 30 sec)
Heartbeat CPU 0 instructions: 57500329 cycles: 103192168 heartbeat IPC: 0.5155 cumulative IPC: 0.4709 (Simulation time: 00 hr 06 min 34 sec)
Heartbeat CPU 0 instructions: 58000334 cycles: 104264255 heartbeat IPC: 0.4664 cumulative IPC: 0.4709 (Simulation time: 00 hr 06 min 38 sec)
Heartbeat CPU 0 instructions: 58500337 cycles: 105257565 heartbeat IPC: 0.5034 cumulative IPC: 0.4712 (Simulation time: 00 hr 06 min 42 sec)
Heartbeat CPU 0 instructions: 59000338 cycles: 106175862 heartbeat IPC: 0.5445 cumulative IPC: 0.4718 (Simulation time: 00 hr 06 min 46 sec)
Heartbeat CPU 0 instructions: 59500338 cycles: 107126077 heartbeat IPC: 0.5262 cumulative IPC: 0.4723 (Simulation time: 00 hr 06 min 49 sec)
Simulation finished CPU 0 instructions: 50000002 cycles: 105836014 cumulative IPC: 0.4724 (Simulation time: 00 hr 06 min 53 sec)
Simulation complete CPU 0 instructions: 50000002 cycles: 105836014 cumulative IPC: 0.4724 (Simulation time: 00 hr 06 min 53 sec)

ChampSim completed all CPUs

=== Simulation ===
CPU 0 runs traces/sssp-14.trace.gz

Region of Interest Statistics

CPU 0 cumulative IPC: 0.4724 instructions: 50000002 cycles: 105836014
CPU 0 Branch Prediction Accuracy: 94.07% MPKI: 8.732 Average ROB Occupancy at Mispredict: 57.49
Branch type MPKI
BRANCH_DIRECT_JUMP: 6e-05
BRANCH_INDIRECT: 0
BRANCH_CONDITIONAL: 8.732
BRANCH_DIRECT_CALL: 0
BRANCH_INDIRECT_CALL: 0
BRANCH_RETURN: 0

cpu0->cpu0_STLB TOTAL        ACCESS:     928916 HIT:     918587 MISS:      10329 MSHR_MERGE:          0
cpu0->cpu0_STLB LOAD         ACCESS:     928916 HIT:     918587 MISS:      10329 MSHR_MERGE:          0
cpu0->cpu0_STLB RFO          ACCESS:          0 HIT:          0 MISS:          0 MSHR_MERGE:          0
cpu0->cpu0_STLB PREFETCH     ACCESS:          0 HIT:          0 MISS:          0 MSHR_MERGE:          0
cpu0->cpu0_STLB WRITE        ACCESS:          0 HIT:          0 MISS:          0 MSHR_MERGE:          0
cpu0->cpu0_STLB TRANSLATION  ACCESS:          0 HIT:          0 MISS:          0 MSHR_MERGE:          0
cpu0->cpu0_STLB PREFETCH REQUESTED:          0 ISSUED:          0 USEFUL:          0 USELESS:          0
cpu0->cpu0_STLB AVERAGE MISS LATENCY: 307.8 cycles
cpu0->cpu0_L2C TOTAL        ACCESS:    3747720 HIT:    2532022 MISS:    1215698 MSHR_MERGE:      74727
cpu0->cpu0_L2C LOAD         ACCESS:    2251152 HIT:    1450244 MISS:     800908 MSHR_MERGE:      11156
cpu0->cpu0_L2C RFO          ACCESS:     272141 HIT:     219911 MISS:      52230 MSHR_MERGE:          0
cpu0->cpu0_L2C PREFETCH     ACCESS:     454687 HIT:      97522 MISS:     357165 MSHR_MERGE:      63571
cpu0->cpu0_L2C WRITE        ACCESS:     761469 HIT:     761350 MISS:        119 MSHR_MERGE:          0
cpu0->cpu0_L2C TRANSLATION  ACCESS:       8271 HIT:       2995 MISS:       5276 MSHR_MERGE:          0
cpu0->cpu0_L2C PREFETCH REQUESTED:     454896 ISSUED:     454687 USEFUL:     248286 USELESS:      31730
cpu0->cpu0_L2C AVERAGE MISS LATENCY: 182.8 cycles
cpu0->cpu0_L1I TOTAL        ACCESS:    2017866 HIT:    2017865 MISS:          1 MSHR_MERGE:          0
cpu0->cpu0_L1I LOAD         ACCESS:    2017866 HIT:    2017865 MISS:          1 MSHR_MERGE:          0
cpu0->cpu0_L1I RFO          ACCESS:          0 HIT:          0 MISS:          0 MSHR_MERGE:          0
cpu0->cpu0_L1I PREFETCH     ACCESS:          0 HIT:          0 MISS:          0 MSHR_MERGE:          0
cpu0->cpu0_L1I WRITE        ACCESS:          0 HIT:          0 MISS:          0 MSHR_MERGE:          0
cpu0->cpu0_L1I TRANSLATION  ACCESS:          0 HIT:          0 MISS:          0 MSHR_MERGE:          0
cpu0->cpu0_L1I PREFETCH REQUESTED:          0 ISSUED:          0 USEFUL:          0 USELESS:          0
cpu0->cpu0_L1I AVERAGE MISS LATENCY: 209 cycles
cpu0->cpu0_L1D TOTAL        ACCESS:   14363385 HIT:   11327546 MISS:    3035839 MSHR_MERGE:     504270
cpu0->cpu0_L1D LOAD         ACCESS:   12880964 HIT:   10235967 MISS:    2644997 MSHR_MERGE:     393846
cpu0->cpu0_L1D RFO          ACCESS:          0 HIT:          0 MISS:          0 MSHR_MERGE:          0
cpu0->cpu0_L1D PREFETCH     ACCESS:          0 HIT:          0 MISS:          0 MSHR_MERGE:          0
cpu0->cpu0_L1D WRITE        ACCESS:    1460633 HIT:    1078121 MISS:     382512 MSHR_MERGE:     110365
cpu0->cpu0_L1D TRANSLATION  ACCESS:      21788 HIT:      13458 MISS:       8330 MSHR_MERGE:         59
cpu0->cpu0_L1D PREFETCH REQUESTED:          0 ISSUED:          0 USEFUL:          0 USELESS:          0
cpu0->cpu0_L1D AVERAGE MISS LATENCY: 70.53 cycles
cpu0->cpu0_ITLB TOTAL        ACCESS:    2015011 HIT:    2015011 MISS:          0 MSHR_MERGE:          0
cpu0->cpu0_ITLB LOAD         ACCESS:    2015011 HIT:    2015011 MISS:          0 MSHR_MERGE:          0
cpu0->cpu0_ITLB RFO          ACCESS:          0 HIT:          0 MISS:          0 MSHR_MERGE:          0
cpu0->cpu0_ITLB PREFETCH     ACCESS:          0 HIT:          0 MISS:          0 MSHR_MERGE:          0
cpu0->cpu0_ITLB WRITE        ACCESS:          0 HIT:          0 MISS:          0 MSHR_MERGE:          0
cpu0->cpu0_ITLB TRANSLATION  ACCESS:          0 HIT:          0 MISS:          0 MSHR_MERGE:          0
cpu0->cpu0_ITLB PREFETCH REQUESTED:          0 ISSUED:          0 USEFUL:          0 USELESS:          0
cpu0->cpu0_ITLB AVERAGE MISS LATENCY: - cycles
cpu0->cpu0_DTLB TOTAL        ACCESS:   14262038 HIT:   13061819 MISS:    1200219 MSHR_MERGE:     271303
cpu0->cpu0_DTLB LOAD         ACCESS:   14262038 HIT:   13061819 MISS:    1200219 MSHR_MERGE:     271303
cpu0->cpu0_DTLB RFO          ACCESS:          0 HIT:          0 MISS:          0 MSHR_MERGE:          0
cpu0->cpu0_DTLB PREFETCH     ACCESS:          0 HIT:          0 MISS:          0 MSHR_MERGE:          0
cpu0->cpu0_DTLB WRITE        ACCESS:          0 HIT:          0 MISS:          0 MSHR_MERGE:          0
cpu0->cpu0_DTLB TRANSLATION  ACCESS:          0 HIT:          0 MISS:          0 MSHR_MERGE:          0
cpu0->cpu0_DTLB PREFETCH REQUESTED:          0 ISSUED:          0 USEFUL:          0 USELESS:          0
cpu0->cpu0_DTLB AVERAGE MISS LATENCY: 8.441 cycles
cpu0->LLC TOTAL        ACCESS:    1555567 HIT:     752002 MISS:     803565 MSHR_MERGE:      13864
cpu0->LLC LOAD         ACCESS:     789752 HIT:     489485 MISS:     300267 MSHR_MERGE:      13624
cpu0->LLC RFO          ACCESS:      52230 HIT:       3057 MISS:      49173 MSHR_MERGE:          0
cpu0->LLC PREFETCH     ACCESS:     293594 HIT:      24848 MISS:     268746 MSHR_MERGE:        240
cpu0->LLC WRITE        ACCESS:     414715 HIT:     234467 MISS:     180248 MSHR_MERGE:          0
cpu0->LLC TRANSLATION  ACCESS:       5276 HIT:        145 MISS:       5131 MSHR_MERGE:          0
cpu0->LLC PREFETCH REQUESTED:          0 ISSUED:          0 USEFUL:          0 USELESS:          0
cpu0->LLC AVERAGE MISS LATENCY: 253.1 cycles

DRAM Statistics

Channel 0 RQ ROW_BUFFER_HIT:       4940
  ROW_BUFFER_MISS:     604063
  AVG DBUS CONGESTED CYCLE: 4.102
Channel 0 WQ ROW_BUFFER_HIT:      44599
  ROW_BUFFER_MISS:     166419
  FULL:          0
Channel 0 REFRESHES ISSUED:       8820
