[VMEM] WARNING: physical memory size is smaller than virtual memory size.

*** ChampSim Multicore Out-of-Order Simulator ***
Warmup Instructions: 10000000
Simulation Instructions: 50000000
Number of CPUs: 1
Page size: 4096
Core 0: traces/GAP/bfs-14.trace
 L1D Berti prefetcher
Off-chip DRAM Size: 64 GiB Channels: 1 Width: 64-bit Data Rate: 4807 MT/s
Heartbeat CPU 0 instructions: 500006 cycles: 117022 heartbeat IPC: 4.273 cumulative IPC: 4.273 (Simulation time: 00 hr 00 min 01 sec)
Heartbeat CPU 0 instructions: 1000006 cycles: 229606 heartbeat IPC: 4.441 cumulative IPC: 4.355 (Simulation time: 00 hr 00 min 02 sec)
Heartbeat CPU 0 instructions: 1500006 cycles: 342025 heartbeat IPC: 4.448 cumulative IPC: 4.386 (Simulation time: 00 hr 00 min 03 sec)
Heartbeat CPU 0 instructions: 2000007 cycles: 454396 heartbeat IPC: 4.45 cumulative IPC: 4.401 (Simulation time: 00 hr 00 min 04 sec)
Heartbeat CPU 0 instructions: 2500009 cycles: 566763 heartbeat IPC: 4.45 cumulative IPC: 4.411 (Simulation time: 00 hr 00 min 05 sec)
Heartbeat CPU 0 instructions: 3000012 cycles: 679252 heartbeat IPC: 4.445 cumulative IPC: 4.417 (Simulation time: 00 hr 00 min 07 sec)
Heartbeat CPU 0 instructions: 3500013 cycles: 791427 heartbeat IPC: 4.457 cumulative IPC: 4.422 (Simulation time: 00 hr 00 min 08 sec)
Heartbeat CPU 0 instructions: 4000015 cycles: 904063 heartbeat IPC: 4.439 cumulative IPC: 4.424 (Simulation time: 00 hr 00 min 09 sec)
Heartbeat CPU 0 instructions: 4500021 cycles: 1016452 heartbeat IPC: 4.449 cumulative IPC: 4.427 (Simulation time: 00 hr 00 min 10 sec)
Heartbeat CPU 0 instructions: 5000026 cycles: 1128739 heartbeat IPC: 4.453 cumulative IPC: 4.43 (Simulation time: 00 hr 00 min 11 sec)
Heartbeat CPU 0 instructions: 5500031 cycles: 1241194 heartbeat IPC: 4.446 cumulative IPC: 4.431 (Simulation time: 00 hr 00 min 12 sec)
Heartbeat CPU 0 instructions: 6000035 cycles: 1353666 heartbeat IPC: 4.446 cumulative IPC: 4.432 (Simulation time: 00 hr 00 min 13 sec)
Heartbeat CPU 0 instructions: 6500038 cycles: 1465985 heartbeat IPC: 4.452 cumulative IPC: 4.434 (Simulation time: 00 hr 00 min 14 sec)
Heartbeat CPU 0 instructions: 7000041 cycles: 1578474 heartbeat IPC: 4.445 cumulative IPC: 4.435 (Simulation time: 00 hr 00 min 15 sec)
Heartbeat CPU 0 instructions: 7500043 cycles: 1690828 heartbeat IPC: 4.45 cumulative IPC: 4.436 (Simulation time: 00 hr 00 min 16 sec)
Heartbeat CPU 0 instructions: 8000047 cycles: 1803292 heartbeat IPC: 4.446 cumulative IPC: 4.436 (Simulation time: 00 hr 00 min 17 sec)
Heartbeat CPU 0 instructions: 8500049 cycles: 1915642 heartbeat IPC: 4.45 cumulative IPC: 4.437 (Simulation time: 00 hr 00 min 18 sec)
Heartbeat CPU 0 instructions: 9000049 cycles: 2028001 heartbeat IPC: 4.45 cumulative IPC: 4.438 (Simulation time: 00 hr 00 min 19 sec)
Heartbeat CPU 0 instructions: 9500056 cycles: 2140608 heartbeat IPC: 4.44 cumulative IPC: 4.438 (Simulation time: 00 hr 00 min 20 sec)
Warmup finished CPU 0 instructions: 10000005 cycles: 2252649 cumulative IPC: 4.439 (Simulation time: 00 hr 00 min 21 sec)
Warmup complete CPU 0 instructions: 10000005 cycles: 2252649 cumulative IPC: 4.439 (Simulation time: 00 hr 00 min 21 sec)
Heartbeat CPU 0 instructions: 10000061 cycles: 2252656 heartbeat IPC: 4.462 cumulative IPC: 8 (Simulation time: 00 hr 00 min 21 sec)
Heartbeat CPU 0 instructions: 10500068 cycles: 2937737 heartbeat IPC: 0.7299 cumulative IPC: 0.7299 (Simulation time: 00 hr 00 min 25 sec)
Heartbeat CPU 0 instructions: 11000069 cycles: 3730405 heartbeat IPC: 0.6308 cumulative IPC: 0.6767 (Simulation time: 00 hr 00 min 28 sec)
Heartbeat CPU 0 instructions: 11500070 cycles: 5360437 heartbeat IPC: 0.3067 cumulative IPC: 0.4827 (Simulation time: 00 hr 00 min 33 sec)
Heartbeat CPU 0 instructions: 12000071 cycles: 7018471 heartbeat IPC: 0.3016 cumulative IPC: 0.4197 (Simulation time: 00 hr 00 min 38 sec)
Heartbeat CPU 0 instructions: 12500071 cycles: 8663469 heartbeat IPC: 0.304 cumulative IPC: 0.39 (Simulation time: 00 hr 00 min 43 sec)
Heartbeat CPU 0 instructions: 13000072 cycles: 10311141 heartbeat IPC: 0.3035 cumulative IPC: 0.3723 (Simulation time: 00 hr 00 min 48 sec)
Heartbeat CPU 0 instructions: 13500072 cycles: 11936519 heartbeat IPC: 0.3076 cumulative IPC: 0.3614 (Simulation time: 00 hr 00 min 53 sec)
Heartbeat CPU 0 instructions: 14000072 cycles: 13546847 heartbeat IPC: 0.3105 cumulative IPC: 0.3542 (Simulation time: 00 hr 00 min 58 sec)
Heartbeat CPU 0 instructions: 14500072 cycles: 15194734 heartbeat IPC: 0.3034 cumulative IPC: 0.3477 (Simulation time: 00 hr 01 min 03 sec)
Heartbeat CPU 0 instructions: 15000072 cycles: 16794021 heartbeat IPC: 0.3126 cumulative IPC: 0.3439 (Simulation time: 00 hr 01 min 08 sec)
Heartbeat CPU 0 instructions: 15500073 cycles: 18393426 heartbeat IPC: 0.3126 cumulative IPC: 0.3408 (Simulation time: 00 hr 01 min 12 sec)
Heartbeat CPU 0 instructions: 16000073 cycles: 20000772 heartbeat IPC: 0.3111 cumulative IPC: 0.3381 (Simulation time: 00 hr 01 min 17 sec)
Heartbeat CPU 0 instructions: 16500074 cycles: 21612195 heartbeat IPC: 0.3103 cumulative IPC: 0.3358 (Simulation time: 00 hr 01 min 22 sec)
Heartbeat CPU 0 instructions: 17000075 cycles: 23238294 heartbeat IPC: 0.3075 cumulative IPC: 0.3336 (Simulation time: 00 hr 01 min 27 sec)
Heartbeat CPU 0 instructions: 17500076 cycles: 24840361 heartbeat IPC: 0.3121 cumulative IPC: 0.332 (Simulation time: 00 hr 01 min 32 sec)
Heartbeat CPU 0 instructions: 18000076 cycles: 26442350 heartbeat IPC: 0.3121 cumulative IPC: 0.3307 (Simulation time: 00 hr 01 min 37 sec)
Heartbeat CPU 0 instructions: 18500082 cycles: 28051392 heartbeat IPC: 0.3107 cumulative IPC: 0.3295 (Simulation time: 00 hr 01 min 42 sec)
Heartbeat CPU 0 instructions: 19000083 cycles: 29673240 heartbeat IPC: 0.3083 cumulative IPC: 0.3282 (Simulation time: 00 hr 01 min 47 sec)
Heartbeat CPU 0 instructions: 19500089 cycles: 31274042 heartbeat IPC: 0.3123 cumulative IPC: 0.3273 (Simulation time: 00 hr 01 min 52 sec)
Heartbeat CPU 0 instructions: 20000089 cycles: 32889105 heartbeat IPC: 0.3096 cumulative IPC: 0.3264 (Simulation time: 00 hr 01 min 57 sec)
Heartbeat CPU 0 instructions: 20500089 cycles: 34521015 heartbeat IPC: 0.3064 cumulative IPC: 0.3254 (Simulation time: 00 hr 02 min 01 sec)
Heartbeat CPU 0 instructions: 21000094 cycles: 36156459 heartbeat IPC: 0.3057 cumulative IPC: 0.3244 (Simulation time: 00 hr 02 min 06 sec)
Heartbeat CPU 0 instructions: 21500098 cycles: 37782358 heartbeat IPC: 0.3075 cumulative IPC: 0.3237 (Simulation time: 00 hr 02 min 11 sec)
Heartbeat CPU 0 instructions: 22000099 cycles: 39405651 heartbeat IPC: 0.308 cumulative IPC: 0.323 (Simulation time: 00 hr 02 min 16 sec)
Heartbeat CPU 0 instructions: 22500100 cycles: 41040500 heartbeat IPC: 0.3058 cumulative IPC: 0.3223 (Simulation time: 00 hr 02 min 21 sec)
Heartbeat CPU 0 instructions: 23000105 cycles: 42662767 heartbeat IPC: 0.3082 cumulative IPC: 0.3217 (Simulation time: 00 hr 02 min 26 sec)
Heartbeat CPU 0 instructions: 23500110 cycles: 44281582 heartbeat IPC: 0.3089 cumulative IPC: 0.3212 (Simulation time: 00 hr 02 min 31 sec)
Heartbeat CPU 0 instructions: 24000113 cycles: 45888058 heartbeat IPC: 0.3112 cumulative IPC: 0.3208 (Simulation time: 00 hr 02 min 35 sec)
Heartbeat CPU 0 instructions: 24500114 cycles: 47539003 heartbeat IPC: 0.3029 cumulative IPC: 0.3202 (Simulation time: 00 hr 02 min 40 sec)
Heartbeat CPU 0 instructions: 25000116 cycles: 49147360 heartbeat IPC: 0.3109 cumulative IPC: 0.3199 (Simulation time: 00 hr 02 min 45 sec)
Heartbeat CPU 0 instructions: 25500117 cycles: 50784274 heartbeat IPC: 0.3055 cumulative IPC: 0.3194 (Simulation time: 00 hr 02 min 50 sec)
Heartbeat CPU 0 instructions: 26000121 cycles: 52369055 heartbeat IPC: 0.3155 cumulative IPC: 0.3193 (Simulation time: 00 hr 02 min 55 sec)
Heartbeat CPU 0 instructions: 26500121 cycles: 53973091 heartbeat IPC: 0.3117 cumulative IPC: 0.319 (Simulation time: 00 hr 02 min 59 sec)
Heartbeat CPU 0 instructions: 27000122 cycles: 55578668 heartbeat IPC: 0.3114 cumulative IPC: 0.3188 (Simulation time: 00 hr 03 min 04 sec)
Heartbeat CPU 0 instructions: 27500122 cycles: 57215474 heartbeat IPC: 0.3055 cumulative IPC: 0.3184 (Simulation time: 00 hr 03 min 09 sec)
Heartbeat CPU 0 instructions: 28000122 cycles: 58831561 heartbeat IPC: 0.3094 cumulative IPC: 0.3181 (Simulation time: 00 hr 03 min 14 sec)
Heartbeat CPU 0 instructions: 28500122 cycles: 60440697 heartbeat IPC: 0.3107 cumulative IPC: 0.3179 (Simulation time: 00 hr 03 min 19 sec)
Heartbeat CPU 0 instructions: 29000129 cycles: 62063463 heartbeat IPC: 0.3081 cumulative IPC: 0.3177 (Simulation time: 00 hr 03 min 24 sec)
Heartbeat CPU 0 instructions: 29500130 cycles: 63699999 heartbeat IPC: 0.3055 cumulative IPC: 0.3173 (Simulation time: 00 hr 03 min 28 sec)
Heartbeat CPU 0 instructions: 30000130 cycles: 65320414 heartbeat IPC: 0.3086 cumulative IPC: 0.3171 (Simulation time: 00 hr 03 min 33 sec)
Heartbeat CPU 0 instructions: 30500130 cycles: 66948043 heartbeat IPC: 0.3072 cumulative IPC: 0.3169 (Simulation time: 00 hr 03 min 38 sec)
Heartbeat CPU 0 instructions: 31000133 cycles: 68571553 heartbeat IPC: 0.308 cumulative IPC: 0.3167 (Simulation time: 00 hr 03 min 43 sec)
Heartbeat CPU 0 instructions: 31500133 cycles: 70180369 heartbeat IPC: 0.3108 cumulative IPC: 0.3165 (Simulation time: 00 hr 03 min 48 sec)
Heartbeat CPU 0 instructions: 32000133 cycles: 71768649 heartbeat IPC: 0.3148 cumulative IPC: 0.3165 (Simulation time: 00 hr 03 min 53 sec)
Heartbeat CPU 0 instructions: 32500133 cycles: 73399284 heartbeat IPC: 0.3066 cumulative IPC: 0.3163 (Simulation time: 00 hr 03 min 57 sec)
Heartbeat CPU 0 instructions: 33000133 cycles: 75019555 heartbeat IPC: 0.3086 cumulative IPC: 0.3161 (Simulation time: 00 hr 04 min 02 sec)
Heartbeat CPU 0 instructions: 33500133 cycles: 76642576 heartbeat IPC: 0.3081 cumulative IPC: 0.3159 (Simulation time: 00 hr 04 min 07 sec)
Heartbeat CPU 0 instructions: 34000133 cycles: 78279677 heartbeat IPC: 0.3054 cumulative IPC: 0.3157 (Simulation time: 00 hr 04 min 12 sec)
Heartbeat CPU 0 instructions: 34500133 cycles: 79909760 heartbeat IPC: 0.3067 cumulative IPC: 0.3155 (Simulation time: 00 hr 04 min 17 sec)
Heartbeat CPU 0 instructions: 35000133 cycles: 81504716 heartbeat IPC: 0.3135 cumulative IPC: 0.3155 (Simulation time: 00 hr 04 min 21 sec)
Heartbeat CPU 0 instructions: 35500134 cycles: 83121526 heartbeat IPC: 0.3093 cumulative IPC: 0.3153 (Simulation time: 00 hr 04 min 26 sec)
Heartbeat CPU 0 instructions: 36000135 cycles: 84732527 heartbeat IPC: 0.3104 cumulative IPC: 0.3152 (Simulation time: 00 hr 04 min 31 sec)
Heartbeat CPU 0 instructions: 36500140 cycles: 86352856 heartbeat IPC: 0.3086 cumulative IPC: 0.3151 (Simulation time: 00 hr 04 min 36 sec)
Heartbeat CPU 0 instructions: 37000140 cycles: 87979277 heartbeat IPC: 0.3074 cumulative IPC: 0.315 (Simulation time: 00 hr 04 min 41 sec)
Heartbeat CPU 0 instructions: 37500140 cycles: 89588924 heartbeat IPC: 0.3106 cumulative IPC: 0.3149 (Simulation time: 00 hr 04 min 46 sec)
Heartbeat CPU 0 instructions: 38000140 cycles: 91212629 heartbeat IPC: 0.3079 cumulative IPC: 0.3147 (Simulation time: 00 hr 04 min 50 sec)
Heartbeat CPU 0 instructions: 38500142 cycles: 92887428 heartbeat IPC: 0.2985 cumulative IPC: 0.3145 (Simulation time: 00 hr 04 min 55 sec)
Heartbeat CPU 0 instructions: 39000144 cycles: 94444409 heartbeat IPC: 0.3211 cumulative IPC: 0.3146 (Simulation time: 00 hr 05 min 00 sec)
Heartbeat CPU 0 instructions: 39500144 cycles: 95997867 heartbeat IPC: 0.3219 cumulative IPC: 0.3147 (Simulation time: 00 hr 05 min 05 sec)
Heartbeat CPU 0 instructions: 40000147 cycles: 97544629 heartbeat IPC: 0.3233 cumulative IPC: 0.3148 (Simulation time: 00 hr 05 min 10 sec)
Heartbeat CPU 0 instructions: 40500147 cycles: 99084804 heartbeat IPC: 0.3246 cumulative IPC: 0.315 (Simulation time: 00 hr 05 min 14 sec)
Heartbeat CPU 0 instructions: 41000147 cycles: 100626233 heartbeat IPC: 0.3244 cumulative IPC: 0.3151 (Simulation time: 00 hr 05 min 19 sec)
Heartbeat CPU 0 instructions: 41500147 cycles: 102168565 heartbeat IPC: 0.3242 cumulative IPC: 0.3153 (Simulation time: 00 hr 05 min 24 sec)
Heartbeat CPU 0 instructions: 42000149 cycles: 103713800 heartbeat IPC: 0.3236 cumulative IPC: 0.3154 (Simulation time: 00 hr 05 min 29 sec)
Heartbeat CPU 0 instructions: 42500149 cycles: 105270753 heartbeat IPC: 0.3211 cumulative IPC: 0.3155 (Simulation time: 00 hr 05 min 34 sec)
Heartbeat CPU 0 instructions: 43000149 cycles: 106825432 heartbeat IPC: 0.3216 cumulative IPC: 0.3156 (Simulation time: 00 hr 05 min 38 sec)
Heartbeat CPU 0 instructions: 43500150 cycles: 108357349 heartbeat IPC: 0.3264 cumulative IPC: 0.3157 (Simulation time: 00 hr 05 min 43 sec)
Heartbeat CPU 0 instructions: 44000150 cycles: 109889160 heartbeat IPC: 0.3264 cumulative IPC: 0.3159 (Simulation time: 00 hr 05 min 48 sec)
Heartbeat CPU 0 instructions: 44500150 cycles: 111433411 heartbeat IPC: 0.3238 cumulative IPC: 0.316 (Simulation time: 00 hr 05 min 52 sec)
Heartbeat CPU 0 instructions: 45000155 cycles: 112983748 heartbeat IPC: 0.3225 cumulative IPC: 0.3161 (Simulation time: 00 hr 05 min 57 sec)
Heartbeat CPU 0 instructions: 45500155 cycles: 114511315 heartbeat IPC: 0.3273 cumulative IPC: 0.3162 (Simulation time: 00 hr 06 min 02 sec)
Heartbeat CPU 0 instructions: 46000156 cycles: 116079036 heartbeat IPC: 0.3189 cumulative IPC: 0.3163 (Simulation time: 00 hr 06 min 07 sec)
Heartbeat CPU 0 instructions: 46500159 cycles: 117632741 heartbeat IPC: 0.3218 cumulative IPC: 0.3163 (Simulation time: 00 hr 06 min 12 sec)
Heartbeat CPU 0 instructions: 47000163 cycles: 119170462 heartbeat IPC: 0.3252 cumulative IPC: 0.3165 (Simulation time: 00 hr 06 min 16 sec)
Heartbeat CPU 0 instructions: 47500163 cycles: 120709740 heartbeat IPC: 0.3248 cumulative IPC: 0.3166 (Simulation time: 00 hr 06 min 21 sec)
Heartbeat CPU 0 instructions: 48000164 cycles: 122250217 heartbeat IPC: 0.3246 cumulative IPC: 0.3167 (Simulation time: 00 hr 06 min 26 sec)
Heartbeat CPU 0 instructions: 48500167 cycles: 123802830 heartbeat IPC: 0.322 cumulative IPC: 0.3167 (Simulation time: 00 hr 06 min 30 sec)
Heartbeat CPU 0 instructions: 49000167 cycles: 125342294 heartbeat IPC: 0.3248 cumulative IPC: 0.3168 (Simulation time: 00 hr 06 min 35 sec)
Heartbeat CPU 0 instructions: 49500167 cycles: 126883404 heartbeat IPC: 0.3244 cumulative IPC: 0.3169 (Simulation time: 00 hr 06 min 40 sec)
Heartbeat CPU 0 instructions: 50000167 cycles: 128028768 heartbeat IPC: 0.4365 cumulative IPC: 0.318 (Simulation time: 00 hr 06 min 44 sec)
Heartbeat CPU 0 instructions: 50500168 cycles: 128741102 heartbeat IPC: 0.7019 cumulative IPC: 0.3202 (Simulation time: 00 hr 06 min 46 sec)
Heartbeat CPU 0 instructions: 51000169 cycles: 129451178 heartbeat IPC: 0.7042 cumulative IPC: 0.3223 (Simulation time: 00 hr 06 min 49 sec)
Heartbeat CPU 0 instructions: 51500169 cycles: 130167271 heartbeat IPC: 0.6982 cumulative IPC: 0.3244 (Simulation time: 00 hr 06 min 52 sec)
Heartbeat CPU 0 instructions: 52000171 cycles: 130878095 heartbeat IPC: 0.7034 cumulative IPC: 0.3265 (Simulation time: 00 hr 06 min 54 sec)
Heartbeat CPU 0 instructions: 52500172 cycles: 131576898 heartbeat IPC: 0.7155 cumulative IPC: 0.3286 (Simulation time: 00 hr 06 min 56 sec)
Heartbeat CPU 0 instructions: 53000172 cycles: 132284243 heartbeat IPC: 0.7069 cumulative IPC: 0.3307 (Simulation time: 00 hr 06 min 59 sec)
Heartbeat CPU 0 instructions: 53500175 cycles: 132971114 heartbeat IPC: 0.7279 cumulative IPC: 0.3328 (Simulation time: 00 hr 07 min 01 sec)
Heartbeat CPU 0 instructions: 54000175 cycles: 133661700 heartbeat IPC: 0.724 cumulative IPC: 0.3348 (Simulation time: 00 hr 07 min 04 sec)
Heartbeat CPU 0 instructions: 54500178 cycles: 134343325 heartbeat IPC: 0.7335 cumulative IPC: 0.3369 (Simulation time: 00 hr 07 min 06 sec)
Heartbeat CPU 0 instructions: 55000179 cycles: 135022311 heartbeat IPC: 0.7364 cumulative IPC: 0.3389 (Simulation time: 00 hr 07 min 08 sec)
Heartbeat CPU 0 instructions: 55500182 cycles: 135709002 heartbeat IPC: 0.7281 cumulative IPC: 0.3409 (Simulation time: 00 hr 07 min 10 sec)
Heartbeat CPU 0 instructions: 56000183 cycles: 136387800 heartbeat IPC: 0.7366 cumulative IPC: 0.3429 (Simulation time: 00 hr 07 min 13 sec)
Heartbeat CPU 0 instructions: 56500183 cycles: 137067897 heartbeat IPC: 0.7352 cumulative IPC: 0.3449 (Simulation time: 00 hr 07 min 15 sec)
Heartbeat CPU 0 instructions: 57000183 cycles: 137755522 heartbeat IPC: 0.7271 cumulative IPC: 0.3469 (Simulation time: 00 hr 07 min 17 sec)
Heartbeat CPU 0 instructions: 57500185 cycles: 138432306 heartbeat IPC: 0.7388 cumulative IPC: 0.3488 (Simulation time: 00 hr 07 min 20 sec)
Heartbeat CPU 0 instructions: 58000186 cycles: 139111281 heartbeat IPC: 0.7364 cumulative IPC: 0.3507 (Simulation time: 00 hr 07 min 22 sec)
Heartbeat CPU 0 instructions: 58500189 cycles: 139791279 heartbeat IPC: 0.7353 cumulative IPC: 0.3526 (Simulation time: 00 hr 07 min 24 sec)
Heartbeat CPU 0 instructions: 59000189 cycles: 140472611 heartbeat IPC: 0.7339 cumulative IPC: 0.3545 (Simulation time: 00 hr 07 min 27 sec)
Heartbeat CPU 0 instructions: 59500196 cycles: 140751781 heartbeat IPC: 1.791 cumulative IPC: 0.3574 (Simulation time: 00 hr 07 min 28 sec)
Simulation finished CPU 0 instructions: 50000006 cycles: 138599610 cumulative IPC: 0.3608 (Simulation time: 00 hr 07 min 29 sec)
Simulation complete CPU 0 instructions: 50000006 cycles: 138599610 cumulative IPC: 0.3608 (Simulation time: 00 hr 07 min 29 sec)

ChampSim completed all CPUs

=== Simulation ===
CPU 0 runs traces/GAP/bfs-14.trace

Region of Interest Statistics

CPU 0 cumulative IPC: 0.3608 instructions: 50000006 cycles: 138599610
CPU 0 Branch Prediction Accuracy: 78.82% MPKI: 43.94 Average ROB Occupancy at Mispredict: 3.567
Branch type MPKI
BRANCH_DIRECT_JUMP: 0.00018
BRANCH_INDIRECT: 0
BRANCH_CONDITIONAL: 43.94
BRANCH_DIRECT_CALL: 0.0004
BRANCH_INDIRECT_CALL: 0
BRANCH_RETURN: 0.00044

cpu0->cpu0_STLB TOTAL        ACCESS:      70225 HIT:      12766 MISS:      57459 MSHR_MERGE:          0
cpu0->cpu0_STLB LOAD         ACCESS:      70225 HIT:      12766 MISS:      57459 MSHR_MERGE:          0
cpu0->cpu0_STLB RFO          ACCESS:          0 HIT:          0 MISS:          0 MSHR_MERGE:          0
cpu0->cpu0_STLB PREFETCH     ACCESS:          0 HIT:          0 MISS:          0 MSHR_MERGE:          0
cpu0->cpu0_STLB WRITE        ACCESS:          0 HIT:          0 MISS:          0 MSHR_MERGE:          0
cpu0->cpu0_STLB TRANSLATION  ACCESS:          0 HIT:          0 MISS:          0 MSHR_MERGE:          0
cpu0->cpu0_STLB PREFETCH REQUESTED:          0 ISSUED:          0 USEFUL:          0 USELESS:          0
cpu0->cpu0_STLB AVERAGE MISS LATENCY: 140 cycles
cpu0->cpu0_L2C TOTAL        ACCESS:    2496388 HIT:    1206509 MISS:    1289879 MSHR_MERGE:      18291
cpu0->cpu0_L2C LOAD         ACCESS:    1003316 HIT:     690846 MISS:     312470 MSHR_MERGE:         90
cpu0->cpu0_L2C RFO          ACCESS:      14037 HIT:       5311 MISS:       8726 MSHR_MERGE:          0
cpu0->cpu0_L2C PREFETCH     ACCESS:    1306296 HIT:     347295 MISS:     959001 MSHR_MERGE:      18201
cpu0->cpu0_L2C WRITE        ACCESS:     160417 HIT:     160415 MISS:          2 MSHR_MERGE:          0
cpu0->cpu0_L2C TRANSLATION  ACCESS:      12322 HIT:       2642 MISS:       9680 MSHR_MERGE:          0
cpu0->cpu0_L2C PREFETCH REQUESTED:     100882 ISSUED:     100882 USEFUL:      59847 USELESS:      11874
cpu0->cpu0_L2C AVERAGE MISS LATENCY: 227.6 cycles
cpu0->cpu0_L1I TOTAL        ACCESS:     241721 HIT:     241675 MISS:         46 MSHR_MERGE:          4
cpu0->cpu0_L1I LOAD         ACCESS:     241721 HIT:     241675 MISS:         46 MSHR_MERGE:          4
cpu0->cpu0_L1I RFO          ACCESS:          0 HIT:          0 MISS:          0 MSHR_MERGE:          0
cpu0->cpu0_L1I PREFETCH     ACCESS:          0 HIT:          0 MISS:          0 MSHR_MERGE:          0
cpu0->cpu0_L1I WRITE        ACCESS:          0 HIT:          0 MISS:          0 MSHR_MERGE:          0
cpu0->cpu0_L1I TRANSLATION  ACCESS:          0 HIT:          0 MISS:          0 MSHR_MERGE:          0
cpu0->cpu0_L1I PREFETCH REQUESTED:          0 ISSUED:          0 USEFUL:          0 USELESS:          0
cpu0->cpu0_L1I AVERAGE MISS LATENCY: 268.5 cycles
cpu0->cpu0_L1D TOTAL        ACCESS:   14818273 HIT:   12358479 MISS:    2459794 MSHR_MERGE:     224753
cpu0->cpu0_L1D LOAD         ACCESS:   11731017 HIT:   10583446 MISS:    1147571 MSHR_MERGE:     144297
cpu0->cpu0_L1D RFO          ACCESS:          0 HIT:          0 MISS:          0 MSHR_MERGE:          0
cpu0->cpu0_L1D PREFETCH     ACCESS:    1577118 HIT:     361996 MISS:    1215122 MSHR_MERGE:       9714
cpu0->cpu0_L1D WRITE        ACCESS:    1395183 HIT:    1310576 MISS:      84607 MSHR_MERGE:      70570
cpu0->cpu0_L1D TRANSLATION  ACCESS:     114955 HIT:     102461 MISS:      12494 MSHR_MERGE:        172
cpu0->cpu0_L1D PREFETCH REQUESTED:    1578971 ISSUED:    1577110 USEFUL:     751511 USELESS:     453872
cpu0->cpu0_L1D AVERAGE MISS LATENCY: 83.49 cycles
cpu0->cpu0_ITLB TOTAL        ACCESS:     236209 HIT:     236207 MISS:          2 MSHR_MERGE:          1
cpu0->cpu0_ITLB LOAD         ACCESS:     236209 HIT:     236207 MISS:          2 MSHR_MERGE:          1
cpu0->cpu0_ITLB RFO          ACCESS:          0 HIT:          0 MISS:          0 MSHR_MERGE:          0
cpu0->cpu0_ITLB PREFETCH     ACCESS:          0 HIT:          0 MISS:          0 MSHR_MERGE:          0
cpu0->cpu0_ITLB WRITE        ACCESS:          0 HIT:          0 MISS:          0 MSHR_MERGE:          0
cpu0->cpu0_ITLB TRANSLATION  ACCESS:          0 HIT:          0 MISS:          0 MSHR_MERGE:          0
cpu0->cpu0_ITLB PREFETCH REQUESTED:          0 ISSUED:          0 USEFUL:          0 USELESS:          0
cpu0->cpu0_ITLB AVERAGE MISS LATENCY: 454 cycles
cpu0->cpu0_DTLB TOTAL        ACCESS:   14537853 HIT:   14446346 MISS:      91507 MSHR_MERGE:      21283
cpu0->cpu0_DTLB LOAD         ACCESS:   14537853 HIT:   14446346 MISS:      91507 MSHR_MERGE:      21283
cpu0->cpu0_DTLB RFO          ACCESS:          0 HIT:          0 MISS:          0 MSHR_MERGE:          0
cpu0->cpu0_DTLB PREFETCH     ACCESS:          0 HIT:          0 MISS:          0 MSHR_MERGE:          0
cpu0->cpu0_DTLB WRITE        ACCESS:          0 HIT:          0 MISS:          0 MSHR_MERGE:          0
cpu0->cpu0_DTLB TRANSLATION  ACCESS:          0 HIT:          0 MISS:          0 MSHR_MERGE:          0
cpu0->cpu0_DTLB PREFETCH REQUESTED:          0 ISSUED:          0 USEFUL:          0 USELESS:          0
cpu0->cpu0_DTLB AVERAGE MISS LATENCY: 120.4 cycles
cpu0->LLC TOTAL        ACCESS:    1430405 HIT:     110541 MISS:    1319864 MSHR_MERGE:         44
cpu0->LLC LOAD         ACCESS:     312380 HIT:      14050 MISS:     298330 MSHR_MERGE:          0
cpu0->LLC RFO          ACCESS:       8726 HIT:        542 MISS:       8184 MSHR_MERGE:          0
cpu0->LLC PREFETCH     ACCESS:     940800 HIT:      49640 MISS:     891160 MSHR_MERGE:         44
cpu0->LLC WRITE        ACCESS:     158819 HIT:      46276 MISS:     112543 MSHR_MERGE:          0
cpu0->LLC TRANSLATION  ACCESS:       9680 HIT:         33 MISS:       9647 MSHR_MERGE:          0
cpu0->LLC PREFETCH REQUESTED:          0 ISSUED:          0 USEFUL:          0 USELESS:          0
cpu0->LLC AVERAGE MISS LATENCY: 162.4 cycles

DRAM Statistics

Channel 0 RQ ROW_BUFFER_HIT:      88143
  ROW_BUFFER_MISS:    1119102
  AVG DBUS CONGESTED CYCLE: 30.79
Channel 0 WQ ROW_BUFFER_HIT:      39593
  ROW_BUFFER_MISS:      98621
  FULL:          0
Channel 0 REFRESHES ISSUED:      11549
