[VMEM] WARNING: physical memory size is smaller than virtual memory size.

*** ChampSim Multicore Out-of-Order Simulator ***
Warmup Instructions: 10000000
Simulation Instructions: 50000000
Number of CPUs: 1
Page size: 4096
Core 0: traces/GAP/bfs-10.trace
 L1D Berti prefetcher
Off-chip DRAM Size: 64 GiB Channels: 1 Width: 64-bit Data Rate: 4807 MT/s
Heartbeat CPU 0 instructions: 500001 cycles: 116810 heartbeat IPC: 4.28 cumulative IPC: 4.28 (Simulation time: 00 hr 00 min 01 sec)
Heartbeat CPU 0 instructions: 1000002 cycles: 229323 heartbeat IPC: 4.444 cumulative IPC: 4.361 (Simulation time: 00 hr 00 min 02 sec)
Heartbeat CPU 0 instructions: 1500006 cycles: 341554 heartbeat IPC: 4.455 cumulative IPC: 4.392 (Simulation time: 00 hr 00 min 03 sec)
Heartbeat CPU 0 instructions: 2000013 cycles: 453955 heartbeat IPC: 4.448 cumulative IPC: 4.406 (Simulation time: 00 hr 00 min 04 sec)
Heartbeat CPU 0 instructions: 2500013 cycles: 566252 heartbeat IPC: 4.452 cumulative IPC: 4.415 (Simulation time: 00 hr 00 min 05 sec)
Heartbeat CPU 0 instructions: 3000016 cycles: 678694 heartbeat IPC: 4.447 cumulative IPC: 4.42 (Simulation time: 00 hr 00 min 07 sec)
Heartbeat CPU 0 instructions: 3500020 cycles: 790912 heartbeat IPC: 4.456 cumulative IPC: 4.425 (Simulation time: 00 hr 00 min 08 sec)
Heartbeat CPU 0 instructions: 4000025 cycles: 903552 heartbeat IPC: 4.439 cumulative IPC: 4.427 (Simulation time: 00 hr 00 min 09 sec)
Heartbeat CPU 0 instructions: 4500027 cycles: 1015936 heartbeat IPC: 4.449 cumulative IPC: 4.429 (Simulation time: 00 hr 00 min 10 sec)
Heartbeat CPU 0 instructions: 5000027 cycles: 1128573 heartbeat IPC: 4.439 cumulative IPC: 4.43 (Simulation time: 00 hr 00 min 11 sec)
Heartbeat CPU 0 instructions: 5500034 cycles: 1240846 heartbeat IPC: 4.453 cumulative IPC: 4.432 (Simulation time: 00 hr 00 min 12 sec)
Heartbeat CPU 0 instructions: 6000034 cycles: 1353129 heartbeat IPC: 4.453 cumulative IPC: 4.434 (Simulation time: 00 hr 00 min 13 sec)
Heartbeat CPU 0 instructions: 6500038 cycles: 1465460 heartbeat IPC: 4.451 cumulative IPC: 4.435 (Simulation time: 00 hr 00 min 14 sec)
Heartbeat CPU 0 instructions: 7000044 cycles: 1577988 heartbeat IPC: 4.443 cumulative IPC: 4.436 (Simulation time: 00 hr 00 min 15 sec)
Heartbeat CPU 0 instructions: 7500044 cycles: 1690604 heartbeat IPC: 4.44 cumulative IPC: 4.436 (Simulation time: 00 hr 00 min 16 sec)
Heartbeat CPU 0 instructions: 8000047 cycles: 1802940 heartbeat IPC: 4.451 cumulative IPC: 4.437 (Simulation time: 00 hr 00 min 17 sec)
Heartbeat CPU 0 instructions: 8500049 cycles: 1915321 heartbeat IPC: 4.449 cumulative IPC: 4.438 (Simulation time: 00 hr 00 min 18 sec)
Heartbeat CPU 0 instructions: 9000056 cycles: 2027836 heartbeat IPC: 4.444 cumulative IPC: 4.438 (Simulation time: 00 hr 00 min 19 sec)
Heartbeat CPU 0 instructions: 9500058 cycles: 2140130 heartbeat IPC: 4.453 cumulative IPC: 4.439 (Simulation time: 00 hr 00 min 20 sec)
Warmup finished CPU 0 instructions: 10000004 cycles: 2252518 cumulative IPC: 4.439 (Simulation time: 00 hr 00 min 21 sec)
Warmup complete CPU 0 instructions: 10000004 cycles: 2252518 cumulative IPC: 4.439 (Simulation time: 00 hr 00 min 21 sec)
Heartbeat CPU 0 instructions: 10000058 cycles: 2252528 heartbeat IPC: 4.448 cumulative IPC: 5.4 (Simulation time: 00 hr 00 min 21 sec)
Heartbeat CPU 0 instructions: 10500061 cycles: 2924645 heartbeat IPC: 0.7439 cumulative IPC: 0.744 (Simulation time: 00 hr 00 min 24 sec)
Heartbeat CPU 0 instructions: 11000061 cycles: 4036963 heartbeat IPC: 0.4495 cumulative IPC: 0.5604 (Simulation time: 00 hr 00 min 28 sec)
Heartbeat CPU 0 instructions: 11500064 cycles: 5181037 heartbeat IPC: 0.437 cumulative IPC: 0.5122 (Simulation time: 00 hr 00 min 32 sec)
Heartbeat CPU 0 instructions: 12000065 cycles: 6300554 heartbeat IPC: 0.4466 cumulative IPC: 0.4941 (Simulation time: 00 hr 00 min 36 sec)
Heartbeat CPU 0 instructions: 12500067 cycles: 7412487 heartbeat IPC: 0.4497 cumulative IPC: 0.4845 (Simulation time: 00 hr 00 min 39 sec)
Heartbeat CPU 0 instructions: 13000067 cycles: 8543363 heartbeat IPC: 0.4421 cumulative IPC: 0.4769 (Simulation time: 00 hr 00 min 43 sec)
Heartbeat CPU 0 instructions: 13500071 cycles: 9670931 heartbeat IPC: 0.4434 cumulative IPC: 0.4718 (Simulation time: 00 hr 00 min 47 sec)
Heartbeat CPU 0 instructions: 14000072 cycles: 10780144 heartbeat IPC: 0.4508 cumulative IPC: 0.4691 (Simulation time: 00 hr 00 min 51 sec)
Heartbeat CPU 0 instructions: 14500077 cycles: 11891461 heartbeat IPC: 0.4499 cumulative IPC: 0.4669 (Simulation time: 00 hr 00 min 55 sec)
Heartbeat CPU 0 instructions: 15000077 cycles: 13001207 heartbeat IPC: 0.4506 cumulative IPC: 0.4652 (Simulation time: 00 hr 00 min 58 sec)
Heartbeat CPU 0 instructions: 15500077 cycles: 14088089 heartbeat IPC: 0.46 cumulative IPC: 0.4647 (Simulation time: 00 hr 01 min 02 sec)
Heartbeat CPU 0 instructions: 16000077 cycles: 15184696 heartbeat IPC: 0.456 cumulative IPC: 0.464 (Simulation time: 00 hr 01 min 06 sec)
Heartbeat CPU 0 instructions: 16500077 cycles: 16290638 heartbeat IPC: 0.4521 cumulative IPC: 0.463 (Simulation time: 00 hr 01 min 10 sec)
Heartbeat CPU 0 instructions: 17000079 cycles: 17384179 heartbeat IPC: 0.4572 cumulative IPC: 0.4626 (Simulation time: 00 hr 01 min 13 sec)
Heartbeat CPU 0 instructions: 17500085 cycles: 18488084 heartbeat IPC: 0.4529 cumulative IPC: 0.462 (Simulation time: 00 hr 01 min 17 sec)
Heartbeat CPU 0 instructions: 18000086 cycles: 19572148 heartbeat IPC: 0.4612 cumulative IPC: 0.4619 (Simulation time: 00 hr 01 min 21 sec)
Heartbeat CPU 0 instructions: 18500089 cycles: 20693087 heartbeat IPC: 0.4461 cumulative IPC: 0.4609 (Simulation time: 00 hr 01 min 25 sec)
Heartbeat CPU 0 instructions: 19000089 cycles: 21806709 heartbeat IPC: 0.449 cumulative IPC: 0.4603 (Simulation time: 00 hr 01 min 28 sec)
Heartbeat CPU 0 instructions: 19500091 cycles: 22898877 heartbeat IPC: 0.4578 cumulative IPC: 0.4601 (Simulation time: 00 hr 01 min 32 sec)
Heartbeat CPU 0 instructions: 20000091 cycles: 23994499 heartbeat IPC: 0.4564 cumulative IPC: 0.4599 (Simulation time: 00 hr 01 min 36 sec)
Heartbeat CPU 0 instructions: 20500091 cycles: 25067909 heartbeat IPC: 0.4658 cumulative IPC: 0.4602 (Simulation time: 00 hr 01 min 39 sec)
Heartbeat CPU 0 instructions: 21000093 cycles: 26170809 heartbeat IPC: 0.4534 cumulative IPC: 0.4599 (Simulation time: 00 hr 01 min 43 sec)
Heartbeat CPU 0 instructions: 21500094 cycles: 27274775 heartbeat IPC: 0.4529 cumulative IPC: 0.4596 (Simulation time: 00 hr 01 min 47 sec)
Heartbeat CPU 0 instructions: 22000095 cycles: 28376957 heartbeat IPC: 0.4536 cumulative IPC: 0.4593 (Simulation time: 00 hr 01 min 51 sec)
Heartbeat CPU 0 instructions: 22500095 cycles: 29479004 heartbeat IPC: 0.4537 cumulative IPC: 0.4591 (Simulation time: 00 hr 01 min 54 sec)
Heartbeat CPU 0 instructions: 23000095 cycles: 30585842 heartbeat IPC: 0.4517 cumulative IPC: 0.4588 (Simulation time: 00 hr 01 min 58 sec)
Heartbeat CPU 0 instructions: 23500095 cycles: 31693301 heartbeat IPC: 0.4515 cumulative IPC: 0.4586 (Simulation time: 00 hr 02 min 02 sec)
Heartbeat CPU 0 instructions: 24000096 cycles: 32804246 heartbeat IPC: 0.4501 cumulative IPC: 0.4582 (Simulation time: 00 hr 02 min 06 sec)
Heartbeat CPU 0 instructions: 24500097 cycles: 33901272 heartbeat IPC: 0.4558 cumulative IPC: 0.4582 (Simulation time: 00 hr 02 min 10 sec)
Heartbeat CPU 0 instructions: 25000102 cycles: 34989279 heartbeat IPC: 0.4596 cumulative IPC: 0.4582 (Simulation time: 00 hr 02 min 14 sec)
Heartbeat CPU 0 instructions: 25500103 cycles: 36108012 heartbeat IPC: 0.4469 cumulative IPC: 0.4578 (Simulation time: 00 hr 02 min 17 sec)
Heartbeat CPU 0 instructions: 26000103 cycles: 37209557 heartbeat IPC: 0.4539 cumulative IPC: 0.4577 (Simulation time: 00 hr 02 min 21 sec)
Heartbeat CPU 0 instructions: 26500109 cycles: 38313224 heartbeat IPC: 0.453 cumulative IPC: 0.4576 (Simulation time: 00 hr 02 min 25 sec)
Heartbeat CPU 0 instructions: 27000109 cycles: 39415770 heartbeat IPC: 0.4535 cumulative IPC: 0.4574 (Simulation time: 00 hr 02 min 29 sec)
Heartbeat CPU 0 instructions: 27500110 cycles: 40518679 heartbeat IPC: 0.4533 cumulative IPC: 0.4573 (Simulation time: 00 hr 02 min 32 sec)
Heartbeat CPU 0 instructions: 28000110 cycles: 41616634 heartbeat IPC: 0.4554 cumulative IPC: 0.4573 (Simulation time: 00 hr 02 min 36 sec)
Heartbeat CPU 0 instructions: 28500116 cycles: 42679792 heartbeat IPC: 0.4703 cumulative IPC: 0.4576 (Simulation time: 00 hr 02 min 40 sec)
Heartbeat CPU 0 instructions: 29000118 cycles: 43752160 heartbeat IPC: 0.4663 cumulative IPC: 0.4578 (Simulation time: 00 hr 02 min 43 sec)
Heartbeat CPU 0 instructions: 29500119 cycles: 44806679 heartbeat IPC: 0.4742 cumulative IPC: 0.4582 (Simulation time: 00 hr 02 min 47 sec)
Heartbeat CPU 0 instructions: 30000123 cycles: 45858974 heartbeat IPC: 0.4752 cumulative IPC: 0.4587 (Simulation time: 00 hr 02 min 51 sec)
Heartbeat CPU 0 instructions: 30500125 cycles: 46926344 heartbeat IPC: 0.4684 cumulative IPC: 0.4589 (Simulation time: 00 hr 02 min 54 sec)
Heartbeat CPU 0 instructions: 31000125 cycles: 48009033 heartbeat IPC: 0.4618 cumulative IPC: 0.459 (Simulation time: 00 hr 02 min 58 sec)
Heartbeat CPU 0 instructions: 31500126 cycles: 49080466 heartbeat IPC: 0.4667 cumulative IPC: 0.4591 (Simulation time: 00 hr 03 min 02 sec)
Heartbeat CPU 0 instructions: 32000132 cycles: 50163082 heartbeat IPC: 0.4618 cumulative IPC: 0.4592 (Simulation time: 00 hr 03 min 06 sec)
Heartbeat CPU 0 instructions: 32500132 cycles: 51232930 heartbeat IPC: 0.4674 cumulative IPC: 0.4594 (Simulation time: 00 hr 03 min 09 sec)
Heartbeat CPU 0 instructions: 33000133 cycles: 52309359 heartbeat IPC: 0.4645 cumulative IPC: 0.4595 (Simulation time: 00 hr 03 min 13 sec)
Heartbeat CPU 0 instructions: 33500134 cycles: 53361796 heartbeat IPC: 0.4751 cumulative IPC: 0.4598 (Simulation time: 00 hr 03 min 17 sec)
Heartbeat CPU 0 instructions: 34000135 cycles: 54425437 heartbeat IPC: 0.4701 cumulative IPC: 0.46 (Simulation time: 00 hr 03 min 21 sec)
Heartbeat CPU 0 instructions: 34500135 cycles: 55475518 heartbeat IPC: 0.4762 cumulative IPC: 0.4603 (Simulation time: 00 hr 03 min 24 sec)
Heartbeat CPU 0 instructions: 35000137 cycles: 56547312 heartbeat IPC: 0.4665 cumulative IPC: 0.4605 (Simulation time: 00 hr 03 min 28 sec)
Heartbeat CPU 0 instructions: 35500138 cycles: 57625178 heartbeat IPC: 0.4639 cumulative IPC: 0.4605 (Simulation time: 00 hr 03 min 31 sec)
Heartbeat CPU 0 instructions: 36000143 cycles: 58710470 heartbeat IPC: 0.4607 cumulative IPC: 0.4605 (Simulation time: 00 hr 03 min 35 sec)
Heartbeat CPU 0 instructions: 36500143 cycles: 59769230 heartbeat IPC: 0.4723 cumulative IPC: 0.4607 (Simulation time: 00 hr 03 min 39 sec)
Heartbeat CPU 0 instructions: 37000143 cycles: 60836290 heartbeat IPC: 0.4686 cumulative IPC: 0.4609 (Simulation time: 00 hr 03 min 42 sec)
Heartbeat CPU 0 instructions: 37500143 cycles: 61914016 heartbeat IPC: 0.4639 cumulative IPC: 0.4609 (Simulation time: 00 hr 03 min 46 sec)
Heartbeat CPU 0 instructions: 38000150 cycles: 62985015 heartbeat IPC: 0.4669 cumulative IPC: 0.461 (Simulation time: 00 hr 03 min 50 sec)
Heartbeat CPU 0 instructions: 38500150 cycles: 64058884 heartbeat IPC: 0.4656 cumulative IPC: 0.4611 (Simulation time: 00 hr 03 min 53 sec)
Heartbeat CPU 0 instructions: 39000151 cycles: 65113362 heartbeat IPC: 0.4742 cumulative IPC: 0.4613 (Simulation time: 00 hr 03 min 57 sec)
Heartbeat CPU 0 instructions: 39500151 cycles: 66164004 heartbeat IPC: 0.4759 cumulative IPC: 0.4616 (Simulation time: 00 hr 04 min 01 sec)
Heartbeat CPU 0 instructions: 40000154 cycles: 67226682 heartbeat IPC: 0.4705 cumulative IPC: 0.4617 (Simulation time: 00 hr 04 min 04 sec)
Heartbeat CPU 0 instructions: 40500154 cycles: 68300045 heartbeat IPC: 0.4658 cumulative IPC: 0.4618 (Simulation time: 00 hr 04 min 08 sec)
Heartbeat CPU 0 instructions: 41000156 cycles: 69362101 heartbeat IPC: 0.4708 cumulative IPC: 0.4619 (Simulation time: 00 hr 04 min 12 sec)
Heartbeat CPU 0 instructions: 41500156 cycles: 70423182 heartbeat IPC: 0.4712 cumulative IPC: 0.4621 (Simulation time: 00 hr 04 min 15 sec)
Heartbeat CPU 0 instructions: 42000156 cycles: 71504471 heartbeat IPC: 0.4624 cumulative IPC: 0.4621 (Simulation time: 00 hr 04 min 19 sec)
Heartbeat CPU 0 instructions: 42500157 cycles: 72550585 heartbeat IPC: 0.478 cumulative IPC: 0.4623 (Simulation time: 00 hr 04 min 22 sec)
Heartbeat CPU 0 instructions: 43000161 cycles: 73636798 heartbeat IPC: 0.4603 cumulative IPC: 0.4623 (Simulation time: 00 hr 04 min 26 sec)
Heartbeat CPU 0 instructions: 43500167 cycles: 74688278 heartbeat IPC: 0.4755 cumulative IPC: 0.4625 (Simulation time: 00 hr 04 min 30 sec)
Heartbeat CPU 0 instructions: 44000168 cycles: 75760182 heartbeat IPC: 0.4665 cumulative IPC: 0.4625 (Simulation time: 00 hr 04 min 33 sec)
Heartbeat CPU 0 instructions: 44500171 cycles: 76834742 heartbeat IPC: 0.4653 cumulative IPC: 0.4626 (Simulation time: 00 hr 04 min 37 sec)
Heartbeat CPU 0 instructions: 45000172 cycles: 77905892 heartbeat IPC: 0.4668 cumulative IPC: 0.4626 (Simulation time: 00 hr 04 min 41 sec)
Heartbeat CPU 0 instructions: 45500172 cycles: 78974401 heartbeat IPC: 0.4679 cumulative IPC: 0.4627 (Simulation time: 00 hr 04 min 45 sec)
Heartbeat CPU 0 instructions: 46000175 cycles: 80046357 heartbeat IPC: 0.4664 cumulative IPC: 0.4628 (Simulation time: 00 hr 04 min 48 sec)
Heartbeat CPU 0 instructions: 46500175 cycles: 81114414 heartbeat IPC: 0.4681 cumulative IPC: 0.4628 (Simulation time: 00 hr 04 min 52 sec)
Heartbeat CPU 0 instructions: 47000178 cycles: 82181564 heartbeat IPC: 0.4685 cumulative IPC: 0.4629 (Simulation time: 00 hr 04 min 56 sec)
Heartbeat CPU 0 instructions: 47500178 cycles: 83253983 heartbeat IPC: 0.4662 cumulative IPC: 0.463 (Simulation time: 00 hr 04 min 59 sec)
Heartbeat CPU 0 instructions: 48000178 cycles: 84321327 heartbeat IPC: 0.4685 cumulative IPC: 0.463 (Simulation time: 00 hr 05 min 03 sec)
Heartbeat CPU 0 instructions: 48500179 cycles: 85390040 heartbeat IPC: 0.4679 cumulative IPC: 0.4631 (Simulation time: 00 hr 05 min 07 sec)
Heartbeat CPU 0 instructions: 49000179 cycles: 86463857 heartbeat IPC: 0.4656 cumulative IPC: 0.4631 (Simulation time: 00 hr 05 min 10 sec)
Heartbeat CPU 0 instructions: 49500179 cycles: 87529573 heartbeat IPC: 0.4692 cumulative IPC: 0.4632 (Simulation time: 00 hr 05 min 14 sec)
Heartbeat CPU 0 instructions: 50000179 cycles: 88585554 heartbeat IPC: 0.4735 cumulative IPC: 0.4633 (Simulation time: 00 hr 05 min 18 sec)
Heartbeat CPU 0 instructions: 50500182 cycles: 89654189 heartbeat IPC: 0.4679 cumulative IPC: 0.4634 (Simulation time: 00 hr 05 min 21 sec)
Heartbeat CPU 0 instructions: 51000182 cycles: 90733957 heartbeat IPC: 0.4631 cumulative IPC: 0.4634 (Simulation time: 00 hr 05 min 25 sec)
Heartbeat CPU 0 instructions: 51500182 cycles: 91796760 heartbeat IPC: 0.4705 cumulative IPC: 0.4635 (Simulation time: 00 hr 05 min 29 sec)
Heartbeat CPU 0 instructions: 52000185 cycles: 92875836 heartbeat IPC: 0.4634 cumulative IPC: 0.4635 (Simulation time: 00 hr 05 min 33 sec)
Heartbeat CPU 0 instructions: 52500185 cycles: 93962252 heartbeat IPC: 0.4602 cumulative IPC: 0.4634 (Simulation time: 00 hr 05 min 36 sec)
Heartbeat CPU 0 instructions: 53000185 cycles: 95035978 heartbeat IPC: 0.4657 cumulative IPC: 0.4634 (Simulation time: 00 hr 05 min 40 sec)
Heartbeat CPU 0 instructions: 53500187 cycles: 96111783 heartbeat IPC: 0.4648 cumulative IPC: 0.4635 (Simulation time: 00 hr 05 min 44 sec)
Heartbeat CPU 0 instructions: 54000187 cycles: 97185528 heartbeat IPC: 0.4657 cumulative IPC: 0.4635 (Simulation time: 00 hr 05 min 48 sec)
Heartbeat CPU 0 instructions: 54500192 cycles: 98272396 heartbeat IPC: 0.46 cumulative IPC: 0.4634 (Simulation time: 00 hr 05 min 51 sec)
Heartbeat CPU 0 instructions: 55000192 cycles: 99677863 heartbeat IPC: 0.3558 cumulative IPC: 0.4619 (Simulation time: 00 hr 05 min 56 sec)
Heartbeat CPU 0 instructions: 55500192 cycles: 101330392 heartbeat IPC: 0.3026 cumulative IPC: 0.4592 (Simulation time: 00 hr 06 min 01 sec)
Heartbeat CPU 0 instructions: 56000197 cycles: 102955838 heartbeat IPC: 0.3076 cumulative IPC: 0.4568 (Simulation time: 00 hr 06 min 06 sec)
Heartbeat CPU 0 instructions: 56500197 cycles: 104586487 heartbeat IPC: 0.3066 cumulative IPC: 0.4544 (Simulation time: 00 hr 06 min 11 sec)
Heartbeat CPU 0 instructions: 57000197 cycles: 106223138 heartbeat IPC: 0.3055 cumulative IPC: 0.4521 (Simulation time: 00 hr 06 min 16 sec)
Heartbeat CPU 0 instructions: 57500201 cycles: 107878366 heartbeat IPC: 0.3021 cumulative IPC: 0.4497 (Simulation time: 00 hr 06 min 22 sec)
Heartbeat CPU 0 instructions: 58000202 cycles: 109512769 heartbeat IPC: 0.3059 cumulative IPC: 0.4475 (Simulation time: 00 hr 06 min 27 sec)
Heartbeat CPU 0 instructions: 58500206 cycles: 111113917 heartbeat IPC: 0.3123 cumulative IPC: 0.4455 (Simulation time: 00 hr 06 min 32 sec)
Heartbeat CPU 0 instructions: 59000209 cycles: 112763515 heartbeat IPC: 0.3031 cumulative IPC: 0.4434 (Simulation time: 00 hr 06 min 37 sec)
Heartbeat CPU 0 instructions: 59500213 cycles: 114387052 heartbeat IPC: 0.308 cumulative IPC: 0.4414 (Simulation time: 00 hr 06 min 42 sec)
Simulation finished CPU 0 instructions: 50000004 cycles: 113764307 cumulative IPC: 0.4395 (Simulation time: 00 hr 06 min 47 sec)
Simulation complete CPU 0 instructions: 50000004 cycles: 113764307 cumulative IPC: 0.4395 (Simulation time: 00 hr 06 min 47 sec)

ChampSim completed all CPUs

=== Simulation ===
CPU 0 runs traces/GAP/bfs-10.trace

Region of Interest Statistics

CPU 0 cumulative IPC: 0.4395 instructions: 50000004 cycles: 113764307
CPU 0 Branch Prediction Accuracy: 87.15% MPKI: 26.33 Average ROB Occupancy at Mispredict: 15.68
Branch type MPKI
BRANCH_DIRECT_JUMP: 0.00016
BRANCH_INDIRECT: 0
BRANCH_CONDITIONAL: 26.33
BRANCH_DIRECT_CALL: 0.00034
BRANCH_INDIRECT_CALL: 0
BRANCH_RETURN: 0.00038

cpu0->cpu0_STLB TOTAL        ACCESS:      45070 HIT:       8416 MISS:      36654 MSHR_MERGE:          0
cpu0->cpu0_STLB LOAD         ACCESS:      45070 HIT:       8416 MISS:      36654 MSHR_MERGE:          0
cpu0->cpu0_STLB RFO          ACCESS:          0 HIT:          0 MISS:          0 MSHR_MERGE:          0
cpu0->cpu0_STLB PREFETCH     ACCESS:          0 HIT:          0 MISS:          0 MSHR_MERGE:          0
cpu0->cpu0_STLB WRITE        ACCESS:          0 HIT:          0 MISS:          0 MSHR_MERGE:          0
cpu0->cpu0_STLB TRANSLATION  ACCESS:          0 HIT:          0 MISS:          0 MSHR_MERGE:          0
cpu0->cpu0_STLB PREFETCH REQUESTED:          0 ISSUED:          0 USEFUL:          0 USELESS:          0
cpu0->cpu0_STLB AVERAGE MISS LATENCY: 185.7 cycles
cpu0->cpu0_L2C TOTAL        ACCESS:    3605509 HIT:    2628688 MISS:     976821 MSHR_MERGE:      12843
cpu0->cpu0_L2C LOAD         ACCESS:    2019260 HIT:    1747677 MISS:     271583 MSHR_MERGE:        255
cpu0->cpu0_L2C RFO          ACCESS:      10188 HIT:       3833 MISS:       6355 MSHR_MERGE:          0
cpu0->cpu0_L2C PREFETCH     ACCESS:    1465558 HIT:     772320 MISS:     693238 MSHR_MERGE:      12588
cpu0->cpu0_L2C WRITE        ACCESS:     101764 HIT:     101763 MISS:          1 MSHR_MERGE:          0
cpu0->cpu0_L2C TRANSLATION  ACCESS:       8739 HIT:       3095 MISS:       5644 MSHR_MERGE:          0
cpu0->cpu0_L2C PREFETCH REQUESTED:     196274 ISSUED:     196270 USEFUL:      71629 USELESS:      32472
cpu0->cpu0_L2C AVERAGE MISS LATENCY: 229.6 cycles
cpu0->cpu0_L1I TOTAL        ACCESS:      26950 HIT:      26909 MISS:         41 MSHR_MERGE:          3
cpu0->cpu0_L1I LOAD         ACCESS:      26950 HIT:      26909 MISS:         41 MSHR_MERGE:          3
cpu0->cpu0_L1I RFO          ACCESS:          0 HIT:          0 MISS:          0 MSHR_MERGE:          0
cpu0->cpu0_L1I PREFETCH     ACCESS:          0 HIT:          0 MISS:          0 MSHR_MERGE:          0
cpu0->cpu0_L1I WRITE        ACCESS:          0 HIT:          0 MISS:          0 MSHR_MERGE:          0
cpu0->cpu0_L1I TRANSLATION  ACCESS:          0 HIT:          0 MISS:          0 MSHR_MERGE:          0
cpu0->cpu0_L1I PREFETCH REQUESTED:          0 ISSUED:          0 USEFUL:          0 USELESS:          0
cpu0->cpu0_L1I AVERAGE MISS LATENCY: 298.4 cycles
cpu0->cpu0_L1D TOTAL        ACCESS:   14665703 HIT:   10451499 MISS:    4214204 MSHR_MERGE:     906767
cpu0->cpu0_L1D LOAD         ACCESS:   11539772 HIT:    8692056 MISS:    2847716 MSHR_MERGE:     828494
cpu0->cpu0_L1D RFO          ACCESS:          0 HIT:          0 MISS:          0 MSHR_MERGE:          0
cpu0->cpu0_L1D PREFETCH     ACCESS:    2121013 HIT:     828956 MISS:    1292057 MSHR_MERGE:      22769
cpu0->cpu0_L1D WRITE        ACCESS:     931737 HIT:     866298 MISS:      65439 MSHR_MERGE:      55251
cpu0->cpu0_L1D TRANSLATION  ACCESS:      73181 HIT:      64189 MISS:       8992 MSHR_MERGE:        253
cpu0->cpu0_L1D PREFETCH REQUESTED:    2128666 ISSUED:    2121005 USEFUL:     572230 USELESS:     696874
cpu0->cpu0_L1D AVERAGE MISS LATENCY: 42.56 cycles
cpu0->cpu0_ITLB TOTAL        ACCESS:      26176 HIT:      26174 MISS:          2 MSHR_MERGE:          1
cpu0->cpu0_ITLB LOAD         ACCESS:      26176 HIT:      26174 MISS:          2 MSHR_MERGE:          1
cpu0->cpu0_ITLB RFO          ACCESS:          0 HIT:          0 MISS:          0 MSHR_MERGE:          0
cpu0->cpu0_ITLB PREFETCH     ACCESS:          0 HIT:          0 MISS:          0 MSHR_MERGE:          0
cpu0->cpu0_ITLB WRITE        ACCESS:          0 HIT:          0 MISS:          0 MSHR_MERGE:          0
cpu0->cpu0_ITLB TRANSLATION  ACCESS:          0 HIT:          0 MISS:          0 MSHR_MERGE:          0
cpu0->cpu0_ITLB PREFETCH REQUESTED:          0 ISSUED:          0 USEFUL:          0 USELESS:          0
cpu0->cpu0_ITLB AVERAGE MISS LATENCY: 518 cycles
cpu0->cpu0_DTLB TOTAL        ACCESS:   14167056 HIT:   14047655 MISS:     119401 MSHR_MERGE:      74332
cpu0->cpu0_DTLB LOAD         ACCESS:   14167056 HIT:   14047655 MISS:     119401 MSHR_MERGE:      74332
cpu0->cpu0_DTLB RFO          ACCESS:          0 HIT:          0 MISS:          0 MSHR_MERGE:          0
cpu0->cpu0_DTLB PREFETCH     ACCESS:          0 HIT:          0 MISS:          0 MSHR_MERGE:          0
cpu0->cpu0_DTLB WRITE        ACCESS:          0 HIT:          0 MISS:          0 MSHR_MERGE:          0
cpu0->cpu0_DTLB TRANSLATION  ACCESS:          0 HIT:          0 MISS:          0 MSHR_MERGE:          0
cpu0->cpu0_DTLB PREFETCH REQUESTED:          0 ISSUED:          0 USEFUL:          0 USELESS:          0
cpu0->cpu0_DTLB AVERAGE MISS LATENCY: 156.8 cycles
cpu0->LLC TOTAL        ACCESS:    1067373 HIT:      32473 MISS:    1034900 MSHR_MERGE:         27
cpu0->LLC LOAD         ACCESS:     271328 HIT:       2796 MISS:     268532 MSHR_MERGE:          0
cpu0->LLC RFO          ACCESS:       6355 HIT:          1 MISS:       6354 MSHR_MERGE:          0
cpu0->LLC PREFETCH     ACCESS:     680650 HIT:       8068 MISS:     672582 MSHR_MERGE:         27
cpu0->LLC WRITE        ACCESS:     103396 HIT:      21594 MISS:      81802 MSHR_MERGE:          0
cpu0->LLC TRANSLATION  ACCESS:       5644 HIT:         14 MISS:       5630 MSHR_MERGE:          0
cpu0->LLC PREFETCH REQUESTED:          0 ISSUED:          0 USEFUL:          0 USELESS:          0
cpu0->LLC AVERAGE MISS LATENCY: 165.5 cycles

DRAM Statistics

Channel 0 RQ ROW_BUFFER_HIT:      78438
  ROW_BUFFER_MISS:     874632
  AVG DBUS CONGESTED CYCLE: 30.34
Channel 0 WQ ROW_BUFFER_HIT:      27743
  ROW_BUFFER_MISS:      72234
  FULL:        197
Channel 0 REFRESHES ISSUED:       9480
