[VMEM] WARNING: physical memory size is smaller than virtual memory size.

*** ChampSim Multicore Out-of-Order Simulator ***
Warmup Instructions: 10000000
Simulation Instructions: 50000000
Number of CPUs: 1
Page size: 4096
Core 0: traces/cc-14.trace.gz
 L1D Berti prefetcher
Off-chip DRAM Size: 64 GiB Channels: 1 Width: 64-bit Data Rate: 4807 MT/s
Heartbeat CPU 0 instructions: 500004 cycles: 151570 heartbeat IPC: 3.299 cumulative IPC: 3.299 (Simulation time: 00 hr 00 min 01 sec)
Heartbeat CPU 0 instructions: 1000005 cycles: 299495 heartbeat IPC: 3.38 cumulative IPC: 3.339 (Simulation time: 00 hr 00 min 02 sec)
Heartbeat CPU 0 instructions: 1500005 cycles: 447062 heartbeat IPC: 3.388 cumulative IPC: 3.355 (Simulation time: 00 hr 00 min 03 sec)
Heartbeat CPU 0 instructions: 2000012 cycles: 556459 heartbeat IPC: 4.571 cumulative IPC: 3.594 (Simulation time: 00 hr 00 min 04 sec)
Heartbeat CPU 0 instructions: 2500013 cycles: 658535 heartbeat IPC: 4.898 cumulative IPC: 3.796 (Simulation time: 00 hr 00 min 05 sec)
Heartbeat CPU 0 instructions: 3000017 cycles: 760716 heartbeat IPC: 4.893 cumulative IPC: 3.944 (Simulation time: 00 hr 00 min 06 sec)
Heartbeat CPU 0 instructions: 3500022 cycles: 863499 heartbeat IPC: 4.865 cumulative IPC: 4.053 (Simulation time: 00 hr 00 min 07 sec)
Heartbeat CPU 0 instructions: 4000027 cycles: 965952 heartbeat IPC: 4.88 cumulative IPC: 4.141 (Simulation time: 00 hr 00 min 08 sec)
Heartbeat CPU 0 instructions: 4500032 cycles: 1068458 heartbeat IPC: 4.878 cumulative IPC: 4.212 (Simulation time: 00 hr 00 min 10 sec)
Heartbeat CPU 0 instructions: 5000038 cycles: 1171168 heartbeat IPC: 4.868 cumulative IPC: 4.269 (Simulation time: 00 hr 00 min 11 sec)
Heartbeat CPU 0 instructions: 5500045 cycles: 1273853 heartbeat IPC: 4.869 cumulative IPC: 4.318 (Simulation time: 00 hr 00 min 12 sec)
Heartbeat CPU 0 instructions: 6000050 cycles: 1376386 heartbeat IPC: 4.877 cumulative IPC: 4.359 (Simulation time: 00 hr 00 min 13 sec)
Heartbeat CPU 0 instructions: 6500056 cycles: 1478619 heartbeat IPC: 4.891 cumulative IPC: 4.396 (Simulation time: 00 hr 00 min 14 sec)
Heartbeat CPU 0 instructions: 7000061 cycles: 1580898 heartbeat IPC: 4.889 cumulative IPC: 4.428 (Simulation time: 00 hr 00 min 15 sec)
Heartbeat CPU 0 instructions: 7500064 cycles: 1683774 heartbeat IPC: 4.86 cumulative IPC: 4.454 (Simulation time: 00 hr 00 min 16 sec)
Heartbeat CPU 0 instructions: 8000070 cycles: 1786400 heartbeat IPC: 4.872 cumulative IPC: 4.478 (Simulation time: 00 hr 00 min 17 sec)
Heartbeat CPU 0 instructions: 8500076 cycles: 1889163 heartbeat IPC: 4.866 cumulative IPC: 4.499 (Simulation time: 00 hr 00 min 19 sec)
Heartbeat CPU 0 instructions: 9000079 cycles: 1991805 heartbeat IPC: 4.871 cumulative IPC: 4.519 (Simulation time: 00 hr 00 min 20 sec)
Heartbeat CPU 0 instructions: 9500084 cycles: 2094615 heartbeat IPC: 4.863 cumulative IPC: 4.535 (Simulation time: 00 hr 00 min 21 sec)
Warmup finished CPU 0 instructions: 10000005 cycles: 2197403 cumulative IPC: 4.551 (Simulation time: 00 hr 00 min 22 sec)
Warmup complete CPU 0 instructions: 10000005 cycles: 2197403 cumulative IPC: 4.551 (Simulation time: 00 hr 00 min 22 sec)
Heartbeat CPU 0 instructions: 10000091 cycles: 2197606 heartbeat IPC: 4.855 cumulative IPC: 0.4236 (Simulation time: 00 hr 00 min 22 sec)
Heartbeat CPU 0 instructions: 10500091 cycles: 3392073 heartbeat IPC: 0.4186 cumulative IPC: 0.4186 (Simulation time: 00 hr 00 min 26 sec)
Heartbeat CPU 0 instructions: 11000097 cycles: 4522071 heartbeat IPC: 0.4425 cumulative IPC: 0.4302 (Simulation time: 00 hr 00 min 30 sec)
Heartbeat CPU 0 instructions: 11500102 cycles: 5681445 heartbeat IPC: 0.4313 cumulative IPC: 0.4306 (Simulation time: 00 hr 00 min 35 sec)
Heartbeat CPU 0 instructions: 12000102 cycles: 6846890 heartbeat IPC: 0.429 cumulative IPC: 0.4302 (Simulation time: 00 hr 00 min 39 sec)
Heartbeat CPU 0 instructions: 12500102 cycles: 7872199 heartbeat IPC: 0.4877 cumulative IPC: 0.4406 (Simulation time: 00 hr 00 min 43 sec)
Heartbeat CPU 0 instructions: 13000102 cycles: 8990279 heartbeat IPC: 0.4472 cumulative IPC: 0.4417 (Simulation time: 00 hr 00 min 47 sec)
Heartbeat CPU 0 instructions: 13500102 cycles: 10067090 heartbeat IPC: 0.4643 cumulative IPC: 0.4448 (Simulation time: 00 hr 00 min 51 sec)
Heartbeat CPU 0 instructions: 14000102 cycles: 11214501 heartbeat IPC: 0.4358 cumulative IPC: 0.4436 (Simulation time: 00 hr 00 min 55 sec)
Heartbeat CPU 0 instructions: 14500103 cycles: 12351064 heartbeat IPC: 0.4399 cumulative IPC: 0.4432 (Simulation time: 00 hr 00 min 59 sec)
Heartbeat CPU 0 instructions: 15000109 cycles: 13599900 heartbeat IPC: 0.4004 cumulative IPC: 0.4385 (Simulation time: 00 hr 01 min 04 sec)
Heartbeat CPU 0 instructions: 15500109 cycles: 14768635 heartbeat IPC: 0.4278 cumulative IPC: 0.4375 (Simulation time: 00 hr 01 min 08 sec)
Heartbeat CPU 0 instructions: 16000110 cycles: 15890502 heartbeat IPC: 0.4457 cumulative IPC: 0.4382 (Simulation time: 00 hr 01 min 12 sec)
Heartbeat CPU 0 instructions: 16500110 cycles: 17049306 heartbeat IPC: 0.4315 cumulative IPC: 0.4377 (Simulation time: 00 hr 01 min 16 sec)
Heartbeat CPU 0 instructions: 17000112 cycles: 18204933 heartbeat IPC: 0.4327 cumulative IPC: 0.4373 (Simulation time: 00 hr 01 min 20 sec)
Heartbeat CPU 0 instructions: 17500112 cycles: 19319073 heartbeat IPC: 0.4488 cumulative IPC: 0.438 (Simulation time: 00 hr 01 min 25 sec)
Heartbeat CPU 0 instructions: 18000112 cycles: 20460535 heartbeat IPC: 0.438 cumulative IPC: 0.438 (Simulation time: 00 hr 01 min 29 sec)
Heartbeat CPU 0 instructions: 18500116 cycles: 21551869 heartbeat IPC: 0.4582 cumulative IPC: 0.4392 (Simulation time: 00 hr 01 min 33 sec)
Heartbeat CPU 0 instructions: 19000118 cycles: 22657861 heartbeat IPC: 0.4521 cumulative IPC: 0.4399 (Simulation time: 00 hr 01 min 37 sec)
Heartbeat CPU 0 instructions: 19500121 cycles: 23644300 heartbeat IPC: 0.5069 cumulative IPC: 0.443 (Simulation time: 00 hr 01 min 41 sec)
Heartbeat CPU 0 instructions: 20000126 cycles: 24696689 heartbeat IPC: 0.4751 cumulative IPC: 0.4445 (Simulation time: 00 hr 01 min 45 sec)
Heartbeat CPU 0 instructions: 20500127 cycles: 25708094 heartbeat IPC: 0.4944 cumulative IPC: 0.4466 (Simulation time: 00 hr 01 min 49 sec)
Heartbeat CPU 0 instructions: 21000128 cycles: 26865148 heartbeat IPC: 0.4321 cumulative IPC: 0.4459 (Simulation time: 00 hr 01 min 53 sec)
Heartbeat CPU 0 instructions: 21500128 cycles: 28025659 heartbeat IPC: 0.4308 cumulative IPC: 0.4453 (Simulation time: 00 hr 01 min 58 sec)
Heartbeat CPU 0 instructions: 22000129 cycles: 29096226 heartbeat IPC: 0.467 cumulative IPC: 0.4461 (Simulation time: 00 hr 02 min 02 sec)
Heartbeat CPU 0 instructions: 22500130 cycles: 30166358 heartbeat IPC: 0.4672 cumulative IPC: 0.4469 (Simulation time: 00 hr 02 min 06 sec)
Heartbeat CPU 0 instructions: 23000133 cycles: 31205050 heartbeat IPC: 0.4814 cumulative IPC: 0.4482 (Simulation time: 00 hr 02 min 10 sec)
Heartbeat CPU 0 instructions: 23500135 cycles: 32225623 heartbeat IPC: 0.4899 cumulative IPC: 0.4496 (Simulation time: 00 hr 02 min 14 sec)
Heartbeat CPU 0 instructions: 24000136 cycles: 33227393 heartbeat IPC: 0.4991 cumulative IPC: 0.4512 (Simulation time: 00 hr 02 min 18 sec)
Heartbeat CPU 0 instructions: 24500138 cycles: 34223573 heartbeat IPC: 0.5019 cumulative IPC: 0.4528 (Simulation time: 00 hr 02 min 22 sec)
Heartbeat CPU 0 instructions: 25000139 cycles: 35176902 heartbeat IPC: 0.5245 cumulative IPC: 0.4548 (Simulation time: 00 hr 02 min 26 sec)
Heartbeat CPU 0 instructions: 25500143 cycles: 36184697 heartbeat IPC: 0.4961 cumulative IPC: 0.4561 (Simulation time: 00 hr 02 min 30 sec)
Heartbeat CPU 0 instructions: 26000147 cycles: 37314896 heartbeat IPC: 0.4424 cumulative IPC: 0.4556 (Simulation time: 00 hr 02 min 34 sec)
Heartbeat CPU 0 instructions: 26500147 cycles: 38490724 heartbeat IPC: 0.4252 cumulative IPC: 0.4546 (Simulation time: 00 hr 02 min 38 sec)
Heartbeat CPU 0 instructions: 27000148 cycles: 39499332 heartbeat IPC: 0.4957 cumulative IPC: 0.4557 (Simulation time: 00 hr 02 min 42 sec)
Heartbeat CPU 0 instructions: 27500148 cycles: 40694847 heartbeat IPC: 0.4182 cumulative IPC: 0.4546 (Simulation time: 00 hr 02 min 47 sec)
Heartbeat CPU 0 instructions: 28000153 cycles: 41648849 heartbeat IPC: 0.5241 cumulative IPC: 0.4563 (Simulation time: 00 hr 02 min 51 sec)
Heartbeat CPU 0 instructions: 28500155 cycles: 42570871 heartbeat IPC: 0.5423 cumulative IPC: 0.4582 (Simulation time: 00 hr 02 min 54 sec)
Heartbeat CPU 0 instructions: 29000156 cycles: 43526398 heartbeat IPC: 0.5233 cumulative IPC: 0.4597 (Simulation time: 00 hr 02 min 58 sec)
Heartbeat CPU 0 instructions: 29500157 cycles: 44517343 heartbeat IPC: 0.5046 cumulative IPC: 0.4608 (Simulation time: 00 hr 03 min 02 sec)
Heartbeat CPU 0 instructions: 30000157 cycles: 45499292 heartbeat IPC: 0.5092 cumulative IPC: 0.4619 (Simulation time: 00 hr 03 min 06 sec)
Heartbeat CPU 0 instructions: 30500158 cycles: 46639043 heartbeat IPC: 0.4387 cumulative IPC: 0.4613 (Simulation time: 00 hr 03 min 10 sec)
Heartbeat CPU 0 instructions: 31000160 cycles: 47690170 heartbeat IPC: 0.4757 cumulative IPC: 0.4616 (Simulation time: 00 hr 03 min 14 sec)
Heartbeat CPU 0 instructions: 31500164 cycles: 48727406 heartbeat IPC: 0.4821 cumulative IPC: 0.4621 (Simulation time: 00 hr 03 min 19 sec)
Heartbeat CPU 0 instructions: 32000165 cycles: 49672641 heartbeat IPC: 0.529 cumulative IPC: 0.4634 (Simulation time: 00 hr 03 min 22 sec)
Heartbeat CPU 0 instructions: 32500167 cycles: 50721613 heartbeat IPC: 0.4767 cumulative IPC: 0.4637 (Simulation time: 00 hr 03 min 26 sec)
Heartbeat CPU 0 instructions: 33000167 cycles: 51660731 heartbeat IPC: 0.5324 cumulative IPC: 0.465 (Simulation time: 00 hr 03 min 30 sec)
Heartbeat CPU 0 instructions: 33500168 cycles: 52681996 heartbeat IPC: 0.4896 cumulative IPC: 0.4655 (Simulation time: 00 hr 03 min 34 sec)
Heartbeat CPU 0 instructions: 34000174 cycles: 53773101 heartbeat IPC: 0.4583 cumulative IPC: 0.4653 (Simulation time: 00 hr 03 min 38 sec)
Heartbeat CPU 0 instructions: 34500176 cycles: 54718985 heartbeat IPC: 0.5286 cumulative IPC: 0.4665 (Simulation time: 00 hr 03 min 42 sec)
Heartbeat CPU 0 instructions: 35000178 cycles: 55661479 heartbeat IPC: 0.5305 cumulative IPC: 0.4676 (Simulation time: 00 hr 03 min 46 sec)
Heartbeat CPU 0 instructions: 35500179 cycles: 56663251 heartbeat IPC: 0.4991 cumulative IPC: 0.4682 (Simulation time: 00 hr 03 min 50 sec)
Heartbeat CPU 0 instructions: 36000182 cycles: 57743186 heartbeat IPC: 0.463 cumulative IPC: 0.4681 (Simulation time: 00 hr 03 min 54 sec)
Heartbeat CPU 0 instructions: 36500182 cycles: 58826390 heartbeat IPC: 0.4616 cumulative IPC: 0.468 (Simulation time: 00 hr 03 min 58 sec)
Heartbeat CPU 0 instructions: 37000183 cycles: 59789738 heartbeat IPC: 0.519 cumulative IPC: 0.4688 (Simulation time: 00 hr 04 min 02 sec)
Heartbeat CPU 0 instructions: 37500183 cycles: 60787813 heartbeat IPC: 0.501 cumulative IPC: 0.4694 (Simulation time: 00 hr 04 min 06 sec)
Heartbeat CPU 0 instructions: 38000183 cycles: 61827440 heartbeat IPC: 0.4809 cumulative IPC: 0.4696 (Simulation time: 00 hr 04 min 10 sec)
Heartbeat CPU 0 instructions: 38500186 cycles: 62946043 heartbeat IPC: 0.447 cumulative IPC: 0.4691 (Simulation time: 00 hr 04 min 15 sec)
Heartbeat CPU 0 instructions: 39000187 cycles: 64017417 heartbeat IPC: 0.4667 cumulative IPC: 0.4691 (Simulation time: 00 hr 04 min 19 sec)
Heartbeat CPU 0 instructions: 39500188 cycles: 65074365 heartbeat IPC: 0.4731 cumulative IPC: 0.4692 (Simulation time: 00 hr 04 min 23 sec)
Heartbeat CPU 0 instructions: 40000190 cycles: 66006167 heartbeat IPC: 0.5366 cumulative IPC: 0.4702 (Simulation time: 00 hr 04 min 27 sec)
Heartbeat CPU 0 instructions: 40500190 cycles: 67013786 heartbeat IPC: 0.4962 cumulative IPC: 0.4706 (Simulation time: 00 hr 04 min 31 sec)
Heartbeat CPU 0 instructions: 41000191 cycles: 68091067 heartbeat IPC: 0.4641 cumulative IPC: 0.4705 (Simulation time: 00 hr 04 min 35 sec)
Heartbeat CPU 0 instructions: 41500191 cycles: 69176204 heartbeat IPC: 0.4608 cumulative IPC: 0.4703 (Simulation time: 00 hr 04 min 39 sec)
Heartbeat CPU 0 instructions: 42000195 cycles: 70258363 heartbeat IPC: 0.462 cumulative IPC: 0.4702 (Simulation time: 00 hr 04 min 43 sec)
Heartbeat CPU 0 instructions: 42500199 cycles: 71351020 heartbeat IPC: 0.4576 cumulative IPC: 0.47 (Simulation time: 00 hr 04 min 47 sec)
Heartbeat CPU 0 instructions: 43000200 cycles: 72494750 heartbeat IPC: 0.4372 cumulative IPC: 0.4694 (Simulation time: 00 hr 04 min 51 sec)
Heartbeat CPU 0 instructions: 43500206 cycles: 73536363 heartbeat IPC: 0.48 cumulative IPC: 0.4696 (Simulation time: 00 hr 04 min 55 sec)
Heartbeat CPU 0 instructions: 44000207 cycles: 74627169 heartbeat IPC: 0.4584 cumulative IPC: 0.4694 (Simulation time: 00 hr 04 min 59 sec)
Heartbeat CPU 0 instructions: 44500207 cycles: 75670928 heartbeat IPC: 0.479 cumulative IPC: 0.4696 (Simulation time: 00 hr 05 min 03 sec)
Heartbeat CPU 0 instructions: 45000213 cycles: 76654765 heartbeat IPC: 0.5082 cumulative IPC: 0.4701 (Simulation time: 00 hr 05 min 07 sec)
Heartbeat CPU 0 instructions: 45500216 cycles: 77654692 heartbeat IPC: 0.5 cumulative IPC: 0.4705 (Simulation time: 00 hr 05 min 11 sec)
Heartbeat CPU 0 instructions: 46000216 cycles: 78645907 heartbeat IPC: 0.5044 cumulative IPC: 0.4709 (Simulation time: 00 hr 05 min 15 sec)
Heartbeat CPU 0 instructions: 46500221 cycles: 79531417 heartbeat IPC: 0.5647 cumulative IPC: 0.472 (Simulation time: 00 hr 05 min 19 sec)
Heartbeat CPU 0 instructions: 47000223 cycles: 80492537 heartbeat IPC: 0.5202 cumulative IPC: 0.4726 (Simulation time: 00 hr 05 min 23 sec)
Heartbeat CPU 0 instructions: 47500226 cycles: 81408034 heartbeat IPC: 0.5462 cumulative IPC: 0.4734 (Simulation time: 00 hr 05 min 27 sec)
Heartbeat CPU 0 instructions: 48000226 cycles: 82284410 heartbeat IPC: 0.5705 cumulative IPC: 0.4745 (Simulation time: 00 hr 05 min 31 sec)
Heartbeat CPU 0 instructions: 48500226 cycles: 83220769 heartbeat IPC: 0.534 cumulative IPC: 0.4752 (Simulation time: 00 hr 05 min 34 sec)
Heartbeat CPU 0 instructions: 49000230 cycles: 84213394 heartbeat IPC: 0.5037 cumulative IPC: 0.4755 (Simulation time: 00 hr 05 min 38 sec)
Heartbeat CPU 0 instructions: 49500231 cycles: 85177582 heartbeat IPC: 0.5186 cumulative IPC: 0.476 (Simulation time: 00 hr 05 min 42 sec)
Heartbeat CPU 0 instructions: 50000232 cycles: 86217400 heartbeat IPC: 0.4809 cumulative IPC: 0.4761 (Simulation time: 00 hr 05 min 46 sec)
Heartbeat CPU 0 instructions: 50500237 cycles: 87241969 heartbeat IPC: 0.488 cumulative IPC: 0.4762 (Simulation time: 00 hr 05 min 50 sec)
Heartbeat CPU 0 instructions: 51000237 cycles: 88195979 heartbeat IPC: 0.5241 cumulative IPC: 0.4768 (Simulation time: 00 hr 05 min 54 sec)
Heartbeat CPU 0 instructions: 51500239 cycles: 89197584 heartbeat IPC: 0.4992 cumulative IPC: 0.477 (Simulation time: 00 hr 05 min 58 sec)
Heartbeat CPU 0 instructions: 52000240 cycles: 90095430 heartbeat IPC: 0.5569 cumulative IPC: 0.4778 (Simulation time: 00 hr 06 min 02 sec)
Heartbeat CPU 0 instructions: 52500240 cycles: 91073748 heartbeat IPC: 0.5111 cumulative IPC: 0.4782 (Simulation time: 00 hr 06 min 06 sec)
Heartbeat CPU 0 instructions: 53000242 cycles: 92065806 heartbeat IPC: 0.504 cumulative IPC: 0.4785 (Simulation time: 00 hr 06 min 10 sec)
Heartbeat CPU 0 instructions: 53500242 cycles: 93004044 heartbeat IPC: 0.5329 cumulative IPC: 0.479 (Simulation time: 00 hr 06 min 14 sec)
Heartbeat CPU 0 instructions: 54000246 cycles: 94052220 heartbeat IPC: 0.477 cumulative IPC: 0.479 (Simulation time: 00 hr 06 min 18 sec)
Heartbeat CPU 0 instructions: 54500246 cycles: 94969003 heartbeat IPC: 0.5454 cumulative IPC: 0.4797 (Simulation time: 00 hr 06 min 22 sec)
Heartbeat CPU 0 instructions: 55000249 cycles: 95939612 heartbeat IPC: 0.5151 cumulative IPC: 0.48 (Simulation time: 00 hr 06 min 26 sec)
Heartbeat CPU 0 instructions: 55500250 cycles: 96931732 heartbeat IPC: 0.504 cumulative IPC: 0.4803 (Simulation time: 00 hr 06 min 30 sec)
Heartbeat CPU 0 instructions: 56000250 cycles: 98033540 heartbeat IPC: 0.4538 cumulative IPC: 0.48 (Simulation time: 00 hr 06 min 34 sec)
Heartbeat CPU 0 instructions: 56500250 cycles: 99082942 heartbeat IPC: 0.4765 cumulative IPC: 0.48 (Simulation time: 00 hr 06 min 38 sec)
Heartbeat CPU 0 instructions: 57000250 cycles: 100065797 heartbeat IPC: 0.5087 cumulative IPC: 0.4802 (Simulation time: 00 hr 06 min 42 sec)
Heartbeat CPU 0 instructions: 57500256 cycles: 101019960 heartbeat IPC: 0.524 cumulative IPC: 0.4807 (Simulation time: 00 hr 06 min 46 sec)
Heartbeat CPU 0 instructions: 58000256 cycles: 102130360 heartbeat IPC: 0.4503 cumulative IPC: 0.4803 (Simulation time: 00 hr 06 min 50 sec)
Heartbeat CPU 0 instructions: 58500256 cycles: 103198459 heartbeat IPC: 0.4681 cumulative IPC: 0.4802 (Simulation time: 00 hr 06 min 54 sec)
Heartbeat CPU 0 instructions: 59000258 cycles: 104177716 heartbeat IPC: 0.5106 cumulative IPC: 0.4805 (Simulation time: 00 hr 06 min 58 sec)
Heartbeat CPU 0 instructions: 59500261 cycles: 105392550 heartbeat IPC: 0.4116 cumulative IPC: 0.4797 (Simulation time: 00 hr 07 min 03 sec)
Simulation finished CPU 0 instructions: 50000006 cycles: 104168748 cumulative IPC: 0.48 (Simulation time: 00 hr 07 min 06 sec)
Simulation complete CPU 0 instructions: 50000006 cycles: 104168748 cumulative IPC: 0.48 (Simulation time: 00 hr 07 min 06 sec)

ChampSim completed all CPUs

=== Simulation ===
CPU 0 runs traces/cc-14.trace.gz

Region of Interest Statistics

CPU 0 cumulative IPC: 0.48 instructions: 50000006 cycles: 104168748
CPU 0 Branch Prediction Accuracy: 91.01% MPKI: 17.9 Average ROB Occupancy at Mispredict: 33.24
Branch type MPKI
BRANCH_DIRECT_JUMP: 0
BRANCH_INDIRECT: 0
BRANCH_CONDITIONAL: 17.9
BRANCH_DIRECT_CALL: 0
BRANCH_INDIRECT_CALL: 0
BRANCH_RETURN: 0

cpu0->cpu0_STLB TOTAL        ACCESS:    2421456 HIT:    2417890 MISS:       3566 MSHR_MERGE:          0
cpu0->cpu0_STLB LOAD         ACCESS:    2421456 HIT:    2417890 MISS:       3566 MSHR_MERGE:          0
cpu0->cpu0_STLB RFO          ACCESS:          0 HIT:          0 MISS:          0 MSHR_MERGE:          0
cpu0->cpu0_STLB PREFETCH     ACCESS:          0 HIT:          0 MISS:          0 MSHR_MERGE:          0
cpu0->cpu0_STLB WRITE        ACCESS:          0 HIT:          0 MISS:          0 MSHR_MERGE:          0
cpu0->cpu0_STLB TRANSLATION  ACCESS:          0 HIT:          0 MISS:          0 MSHR_MERGE:          0
cpu0->cpu0_STLB PREFETCH REQUESTED:          0 ISSUED:          0 USEFUL:          0 USELESS:          0
cpu0->cpu0_STLB AVERAGE MISS LATENCY: 250.2 cycles
cpu0->cpu0_L2C TOTAL        ACCESS:    4680828 HIT:    3176237 MISS:    1504591 MSHR_MERGE:      19032
cpu0->cpu0_L2C LOAD         ACCESS:    3415799 HIT:    2461487 MISS:     954312 MSHR_MERGE:       1097
cpu0->cpu0_L2C RFO          ACCESS:          0 HIT:          0 MISS:          0 MSHR_MERGE:          0
cpu0->cpu0_L2C PREFETCH     ACCESS:    1056982 HIT:     507170 MISS:     549812 MSHR_MERGE:      17935
cpu0->cpu0_L2C WRITE        ACCESS:     204540 HIT:     204539 MISS:          1 MSHR_MERGE:          0
cpu0->cpu0_L2C TRANSLATION  ACCESS:       3507 HIT:       3041 MISS:        466 MSHR_MERGE:          0
cpu0->cpu0_L2C PREFETCH REQUESTED:     284521 ISSUED:     283217 USEFUL:     111080 USELESS:      28541
cpu0->cpu0_L2C AVERAGE MISS LATENCY: 86 cycles
cpu0->cpu0_L1I TOTAL        ACCESS:      88175 HIT:      88175 MISS:          0 MSHR_MERGE:          0
cpu0->cpu0_L1I LOAD         ACCESS:      88175 HIT:      88175 MISS:          0 MSHR_MERGE:          0
cpu0->cpu0_L1I RFO          ACCESS:          0 HIT:          0 MISS:          0 MSHR_MERGE:          0
cpu0->cpu0_L1I PREFETCH     ACCESS:          0 HIT:          0 MISS:          0 MSHR_MERGE:          0
cpu0->cpu0_L1I WRITE        ACCESS:          0 HIT:          0 MISS:          0 MSHR_MERGE:          0
cpu0->cpu0_L1I TRANSLATION  ACCESS:          0 HIT:          0 MISS:          0 MSHR_MERGE:          0
cpu0->cpu0_L1I PREFETCH REQUESTED:          0 ISSUED:          0 USEFUL:          0 USELESS:          0
cpu0->cpu0_L1I AVERAGE MISS LATENCY: - cycles
cpu0->cpu0_L1D TOTAL        ACCESS:   14112678 HIT:    9683549 MISS:    4429129 MSHR_MERGE:     236057
cpu0->cpu0_L1D LOAD         ACCESS:   12750236 HIT:    9122127 MISS:    3628109 MSHR_MERGE:     212309
cpu0->cpu0_L1D RFO          ACCESS:          0 HIT:          0 MISS:          0 MSHR_MERGE:          0
cpu0->cpu0_L1D PREFETCH     ACCESS:    1117800 HIT:     320287 MISS:     797513 MSHR_MERGE:      23748
cpu0->cpu0_L1D WRITE        ACCESS:     237503 HIT:     237503 MISS:          0 MSHR_MERGE:          0
cpu0->cpu0_L1D TRANSLATION  ACCESS:       7139 HIT:       3632 MISS:       3507 MSHR_MERGE:          0
cpu0->cpu0_L1D PREFETCH REQUESTED:    1123196 ISSUED:    1117792 USEFUL:     219741 USELESS:     554076
cpu0->cpu0_L1D AVERAGE MISS LATENCY: 32.87 cycles
cpu0->cpu0_ITLB TOTAL        ACCESS:      84316 HIT:      84316 MISS:          0 MSHR_MERGE:          0
cpu0->cpu0_ITLB LOAD         ACCESS:      84316 HIT:      84316 MISS:          0 MSHR_MERGE:          0
cpu0->cpu0_ITLB RFO          ACCESS:          0 HIT:          0 MISS:          0 MSHR_MERGE:          0
cpu0->cpu0_ITLB PREFETCH     ACCESS:          0 HIT:          0 MISS:          0 MSHR_MERGE:          0
cpu0->cpu0_ITLB WRITE        ACCESS:          0 HIT:          0 MISS:          0 MSHR_MERGE:          0
cpu0->cpu0_ITLB TRANSLATION  ACCESS:          0 HIT:          0 MISS:          0 MSHR_MERGE:          0
cpu0->cpu0_ITLB PREFETCH REQUESTED:          0 ISSUED:          0 USEFUL:          0 USELESS:          0
cpu0->cpu0_ITLB AVERAGE MISS LATENCY: - cycles
cpu0->cpu0_DTLB TOTAL        ACCESS:   13773857 HIT:   10962422 MISS:    2811435 MSHR_MERGE:     389977
cpu0->cpu0_DTLB LOAD         ACCESS:   13773857 HIT:   10962422 MISS:    2811435 MSHR_MERGE:     389977
cpu0->cpu0_DTLB RFO          ACCESS:          0 HIT:          0 MISS:          0 MSHR_MERGE:          0
cpu0->cpu0_DTLB PREFETCH     ACCESS:          0 HIT:          0 MISS:          0 MSHR_MERGE:          0
cpu0->cpu0_DTLB WRITE        ACCESS:          0 HIT:          0 MISS:          0 MSHR_MERGE:          0
cpu0->cpu0_DTLB TRANSLATION  ACCESS:          0 HIT:          0 MISS:          0 MSHR_MERGE:          0
cpu0->cpu0_DTLB PREFETCH REQUESTED:          0 ISSUED:          0 USEFUL:          0 USELESS:          0
cpu0->cpu0_DTLB AVERAGE MISS LATENCY: 5.379 cycles
cpu0->LLC TOTAL        ACCESS:    1679499 HIT:    1011189 MISS:     668310 MSHR_MERGE:         80
cpu0->LLC LOAD         ACCESS:     953213 HIT:     672486 MISS:     280727 MSHR_MERGE:         15
cpu0->LLC RFO          ACCESS:          0 HIT:          0 MISS:          0 MSHR_MERGE:          0
cpu0->LLC PREFETCH     ACCESS:     531876 HIT:     204208 MISS:     327668 MSHR_MERGE:         65
cpu0->LLC WRITE        ACCESS:     193944 HIT:     134495 MISS:      59449 MSHR_MERGE:          0
cpu0->LLC TRANSLATION  ACCESS:        466 HIT:          0 MISS:        466 MSHR_MERGE:          0
cpu0->LLC PREFETCH REQUESTED:          0 ISSUED:          0 USEFUL:          0 USELESS:          0
cpu0->LLC AVERAGE MISS LATENCY: 181.3 cycles

DRAM Statistics

Channel 0 RQ ROW_BUFFER_HIT:       4358
  ROW_BUFFER_MISS:     604316
  AVG DBUS CONGESTED CYCLE: 28
Channel 0 WQ ROW_BUFFER_HIT:      18395
  ROW_BUFFER_MISS:      62614
  FULL:          0
Channel 0 REFRESHES ISSUED:       8680
