[VMEM] WARNING: physical memory size is smaller than virtual memory size.

*** ChampSim Multicore Out-of-Order Simulator ***
Warmup Instructions: 10000000
Simulation Instructions: 50000000
Number of CPUs: 1
Page size: 4096
Core 0: traces/cc-13.trace.gz
 L1D Berti prefetcher
Off-chip DRAM Size: 64 GiB Channels: 1 Width: 64-bit Data Rate: 4807 MT/s
Heartbeat CPU 0 instructions: 500004 cycles: 151542 heartbeat IPC: 3.299 cumulative IPC: 3.299 (Simulation time: 00 hr 00 min 01 sec)
Heartbeat CPU 0 instructions: 1000005 cycles: 299254 heartbeat IPC: 3.385 cumulative IPC: 3.342 (Simulation time: 00 hr 00 min 02 sec)
Heartbeat CPU 0 instructions: 1500005 cycles: 446818 heartbeat IPC: 3.388 cumulative IPC: 3.357 (Simulation time: 00 hr 00 min 03 sec)
Heartbeat CPU 0 instructions: 2000005 cycles: 556582 heartbeat IPC: 4.555 cumulative IPC: 3.593 (Simulation time: 00 hr 00 min 04 sec)
Heartbeat CPU 0 instructions: 2500012 cycles: 658999 heartbeat IPC: 4.882 cumulative IPC: 3.794 (Simulation time: 00 hr 00 min 05 sec)
Heartbeat CPU 0 instructions: 3000019 cycles: 761530 heartbeat IPC: 4.877 cumulative IPC: 3.939 (Simulation time: 00 hr 00 min 06 sec)
Heartbeat CPU 0 instructions: 3500026 cycles: 864262 heartbeat IPC: 4.867 cumulative IPC: 4.05 (Simulation time: 00 hr 00 min 07 sec)
Heartbeat CPU 0 instructions: 4000028 cycles: 966430 heartbeat IPC: 4.894 cumulative IPC: 4.139 (Simulation time: 00 hr 00 min 08 sec)
Heartbeat CPU 0 instructions: 4500032 cycles: 1068705 heartbeat IPC: 4.889 cumulative IPC: 4.211 (Simulation time: 00 hr 00 min 10 sec)
Heartbeat CPU 0 instructions: 5000033 cycles: 1171193 heartbeat IPC: 4.879 cumulative IPC: 4.269 (Simulation time: 00 hr 00 min 11 sec)
Heartbeat CPU 0 instructions: 5500034 cycles: 1273726 heartbeat IPC: 4.876 cumulative IPC: 4.318 (Simulation time: 00 hr 00 min 12 sec)
Heartbeat CPU 0 instructions: 6000035 cycles: 1376250 heartbeat IPC: 4.877 cumulative IPC: 4.36 (Simulation time: 00 hr 00 min 13 sec)
Heartbeat CPU 0 instructions: 6500039 cycles: 1479096 heartbeat IPC: 4.862 cumulative IPC: 4.395 (Simulation time: 00 hr 00 min 14 sec)
Heartbeat CPU 0 instructions: 7000042 cycles: 1581870 heartbeat IPC: 4.865 cumulative IPC: 4.425 (Simulation time: 00 hr 00 min 15 sec)
Heartbeat CPU 0 instructions: 7500043 cycles: 1684877 heartbeat IPC: 4.854 cumulative IPC: 4.451 (Simulation time: 00 hr 00 min 16 sec)
Heartbeat CPU 0 instructions: 8000046 cycles: 1787513 heartbeat IPC: 4.872 cumulative IPC: 4.476 (Simulation time: 00 hr 00 min 17 sec)
Heartbeat CPU 0 instructions: 8500047 cycles: 1890186 heartbeat IPC: 4.87 cumulative IPC: 4.497 (Simulation time: 00 hr 00 min 19 sec)
Heartbeat CPU 0 instructions: 9000050 cycles: 1992878 heartbeat IPC: 4.869 cumulative IPC: 4.516 (Simulation time: 00 hr 00 min 20 sec)
Heartbeat CPU 0 instructions: 9500057 cycles: 2095649 heartbeat IPC: 4.865 cumulative IPC: 4.533 (Simulation time: 00 hr 00 min 21 sec)
Warmup finished CPU 0 instructions: 10000005 cycles: 2198666 cumulative IPC: 4.548 (Simulation time: 00 hr 00 min 22 sec)
Warmup complete CPU 0 instructions: 10000005 cycles: 2198666 cumulative IPC: 4.548 (Simulation time: 00 hr 00 min 22 sec)
Heartbeat CPU 0 instructions: 10000062 cycles: 2198692 heartbeat IPC: 4.852 cumulative IPC: 2.192 (Simulation time: 00 hr 00 min 22 sec)
Heartbeat CPU 0 instructions: 10500062 cycles: 3453901 heartbeat IPC: 0.3983 cumulative IPC: 0.3984 (Simulation time: 00 hr 00 min 26 sec)
Heartbeat CPU 0 instructions: 11000063 cycles: 4739913 heartbeat IPC: 0.3888 cumulative IPC: 0.3935 (Simulation time: 00 hr 00 min 31 sec)
Heartbeat CPU 0 instructions: 11500064 cycles: 5947613 heartbeat IPC: 0.414 cumulative IPC: 0.4001 (Simulation time: 00 hr 00 min 35 sec)
Heartbeat CPU 0 instructions: 12000070 cycles: 7118994 heartbeat IPC: 0.4269 cumulative IPC: 0.4065 (Simulation time: 00 hr 00 min 39 sec)
Heartbeat CPU 0 instructions: 12500070 cycles: 8327863 heartbeat IPC: 0.4136 cumulative IPC: 0.4079 (Simulation time: 00 hr 00 min 44 sec)
Heartbeat CPU 0 instructions: 13000070 cycles: 9587961 heartbeat IPC: 0.3968 cumulative IPC: 0.406 (Simulation time: 00 hr 00 min 48 sec)
Heartbeat CPU 0 instructions: 13500070 cycles: 10821961 heartbeat IPC: 0.4052 cumulative IPC: 0.4059 (Simulation time: 00 hr 00 min 52 sec)
Heartbeat CPU 0 instructions: 14000072 cycles: 12131816 heartbeat IPC: 0.3817 cumulative IPC: 0.4027 (Simulation time: 00 hr 00 min 57 sec)
Heartbeat CPU 0 instructions: 14500072 cycles: 13482667 heartbeat IPC: 0.3701 cumulative IPC: 0.3988 (Simulation time: 00 hr 01 min 01 sec)
Heartbeat CPU 0 instructions: 15000073 cycles: 14891852 heartbeat IPC: 0.3548 cumulative IPC: 0.3939 (Simulation time: 00 hr 01 min 06 sec)
Heartbeat CPU 0 instructions: 15500074 cycles: 16076343 heartbeat IPC: 0.4221 cumulative IPC: 0.3963 (Simulation time: 00 hr 01 min 10 sec)
Heartbeat CPU 0 instructions: 16000075 cycles: 17278556 heartbeat IPC: 0.4159 cumulative IPC: 0.3979 (Simulation time: 00 hr 01 min 15 sec)
Heartbeat CPU 0 instructions: 16500075 cycles: 18437920 heartbeat IPC: 0.4313 cumulative IPC: 0.4003 (Simulation time: 00 hr 01 min 19 sec)
Heartbeat CPU 0 instructions: 17000076 cycles: 19582988 heartbeat IPC: 0.4367 cumulative IPC: 0.4027 (Simulation time: 00 hr 01 min 23 sec)
Heartbeat CPU 0 instructions: 17500076 cycles: 20825115 heartbeat IPC: 0.4025 cumulative IPC: 0.4027 (Simulation time: 00 hr 01 min 28 sec)
Heartbeat CPU 0 instructions: 18000081 cycles: 22068238 heartbeat IPC: 0.4022 cumulative IPC: 0.4026 (Simulation time: 00 hr 01 min 32 sec)
Heartbeat CPU 0 instructions: 18500082 cycles: 23359655 heartbeat IPC: 0.3872 cumulative IPC: 0.4017 (Simulation time: 00 hr 01 min 36 sec)
Heartbeat CPU 0 instructions: 19000083 cycles: 24581505 heartbeat IPC: 0.4092 cumulative IPC: 0.4021 (Simulation time: 00 hr 01 min 41 sec)
Heartbeat CPU 0 instructions: 19500085 cycles: 25987865 heartbeat IPC: 0.3555 cumulative IPC: 0.3993 (Simulation time: 00 hr 01 min 46 sec)
Heartbeat CPU 0 instructions: 20000085 cycles: 27225255 heartbeat IPC: 0.4041 cumulative IPC: 0.3996 (Simulation time: 00 hr 01 min 50 sec)
Heartbeat CPU 0 instructions: 20500088 cycles: 28436253 heartbeat IPC: 0.4129 cumulative IPC: 0.4002 (Simulation time: 00 hr 01 min 54 sec)
Heartbeat CPU 0 instructions: 21000088 cycles: 29614913 heartbeat IPC: 0.4242 cumulative IPC: 0.4012 (Simulation time: 00 hr 01 min 58 sec)
Heartbeat CPU 0 instructions: 21500089 cycles: 30784970 heartbeat IPC: 0.4273 cumulative IPC: 0.4023 (Simulation time: 00 hr 02 min 03 sec)
Heartbeat CPU 0 instructions: 22000091 cycles: 32051711 heartbeat IPC: 0.3947 cumulative IPC: 0.402 (Simulation time: 00 hr 02 min 07 sec)
Heartbeat CPU 0 instructions: 22500091 cycles: 33287514 heartbeat IPC: 0.4046 cumulative IPC: 0.4021 (Simulation time: 00 hr 02 min 12 sec)
Heartbeat CPU 0 instructions: 23000091 cycles: 34505982 heartbeat IPC: 0.4104 cumulative IPC: 0.4024 (Simulation time: 00 hr 02 min 16 sec)
Heartbeat CPU 0 instructions: 23500091 cycles: 35685443 heartbeat IPC: 0.4239 cumulative IPC: 0.4031 (Simulation time: 00 hr 02 min 20 sec)
Heartbeat CPU 0 instructions: 24000092 cycles: 36725002 heartbeat IPC: 0.481 cumulative IPC: 0.4055 (Simulation time: 00 hr 02 min 24 sec)
Heartbeat CPU 0 instructions: 24500094 cycles: 37992299 heartbeat IPC: 0.3945 cumulative IPC: 0.4051 (Simulation time: 00 hr 02 min 29 sec)
Heartbeat CPU 0 instructions: 25000094 cycles: 39241121 heartbeat IPC: 0.4004 cumulative IPC: 0.4049 (Simulation time: 00 hr 02 min 33 sec)
Heartbeat CPU 0 instructions: 25500096 cycles: 40375640 heartbeat IPC: 0.4407 cumulative IPC: 0.406 (Simulation time: 00 hr 02 min 37 sec)
Heartbeat CPU 0 instructions: 26000100 cycles: 41586972 heartbeat IPC: 0.4128 cumulative IPC: 0.4062 (Simulation time: 00 hr 02 min 42 sec)
Heartbeat CPU 0 instructions: 26500100 cycles: 42810397 heartbeat IPC: 0.4087 cumulative IPC: 0.4063 (Simulation time: 00 hr 02 min 46 sec)
Heartbeat CPU 0 instructions: 27000100 cycles: 43813834 heartbeat IPC: 0.4983 cumulative IPC: 0.4085 (Simulation time: 00 hr 02 min 50 sec)
Heartbeat CPU 0 instructions: 27500100 cycles: 45022734 heartbeat IPC: 0.4136 cumulative IPC: 0.4087 (Simulation time: 00 hr 02 min 54 sec)
Heartbeat CPU 0 instructions: 28000105 cycles: 46137646 heartbeat IPC: 0.4485 cumulative IPC: 0.4097 (Simulation time: 00 hr 02 min 58 sec)
Heartbeat CPU 0 instructions: 28500106 cycles: 47269305 heartbeat IPC: 0.4418 cumulative IPC: 0.4105 (Simulation time: 00 hr 03 min 03 sec)
Heartbeat CPU 0 instructions: 29000106 cycles: 48364477 heartbeat IPC: 0.4565 cumulative IPC: 0.4116 (Simulation time: 00 hr 03 min 07 sec)
Heartbeat CPU 0 instructions: 29500108 cycles: 49539545 heartbeat IPC: 0.4255 cumulative IPC: 0.4119 (Simulation time: 00 hr 03 min 11 sec)
Heartbeat CPU 0 instructions: 30000108 cycles: 50728496 heartbeat IPC: 0.4205 cumulative IPC: 0.4121 (Simulation time: 00 hr 03 min 15 sec)
Heartbeat CPU 0 instructions: 30500108 cycles: 51978381 heartbeat IPC: 0.4 cumulative IPC: 0.4118 (Simulation time: 00 hr 03 min 20 sec)
Heartbeat CPU 0 instructions: 31000108 cycles: 53136626 heartbeat IPC: 0.4317 cumulative IPC: 0.4123 (Simulation time: 00 hr 03 min 24 sec)
Heartbeat CPU 0 instructions: 31500110 cycles: 54192135 heartbeat IPC: 0.4737 cumulative IPC: 0.4135 (Simulation time: 00 hr 03 min 28 sec)
Heartbeat CPU 0 instructions: 32000110 cycles: 55441265 heartbeat IPC: 0.4003 cumulative IPC: 0.4132 (Simulation time: 00 hr 03 min 32 sec)
Heartbeat CPU 0 instructions: 32500110 cycles: 56625738 heartbeat IPC: 0.4221 cumulative IPC: 0.4134 (Simulation time: 00 hr 03 min 37 sec)
Heartbeat CPU 0 instructions: 33000111 cycles: 57788979 heartbeat IPC: 0.4298 cumulative IPC: 0.4137 (Simulation time: 00 hr 03 min 41 sec)
Heartbeat CPU 0 instructions: 33500111 cycles: 58910938 heartbeat IPC: 0.4456 cumulative IPC: 0.4144 (Simulation time: 00 hr 03 min 45 sec)
Heartbeat CPU 0 instructions: 34000114 cycles: 60111054 heartbeat IPC: 0.4166 cumulative IPC: 0.4144 (Simulation time: 00 hr 03 min 49 sec)
Heartbeat CPU 0 instructions: 34500114 cycles: 61350477 heartbeat IPC: 0.4034 cumulative IPC: 0.4142 (Simulation time: 00 hr 03 min 54 sec)
Heartbeat CPU 0 instructions: 35000114 cycles: 62288091 heartbeat IPC: 0.5333 cumulative IPC: 0.416 (Simulation time: 00 hr 03 min 58 sec)
Heartbeat CPU 0 instructions: 35500120 cycles: 63566305 heartbeat IPC: 0.3912 cumulative IPC: 0.4155 (Simulation time: 00 hr 04 min 02 sec)
Heartbeat CPU 0 instructions: 36000123 cycles: 64831856 heartbeat IPC: 0.3951 cumulative IPC: 0.4151 (Simulation time: 00 hr 04 min 07 sec)
Heartbeat CPU 0 instructions: 36500124 cycles: 66007468 heartbeat IPC: 0.4253 cumulative IPC: 0.4153 (Simulation time: 00 hr 04 min 11 sec)
Heartbeat CPU 0 instructions: 37000125 cycles: 67107919 heartbeat IPC: 0.4544 cumulative IPC: 0.416 (Simulation time: 00 hr 04 min 15 sec)
Heartbeat CPU 0 instructions: 37500127 cycles: 68197162 heartbeat IPC: 0.459 cumulative IPC: 0.4167 (Simulation time: 00 hr 04 min 19 sec)
Heartbeat CPU 0 instructions: 38000127 cycles: 69338162 heartbeat IPC: 0.4382 cumulative IPC: 0.417 (Simulation time: 00 hr 04 min 24 sec)
Heartbeat CPU 0 instructions: 38500130 cycles: 70458368 heartbeat IPC: 0.4463 cumulative IPC: 0.4175 (Simulation time: 00 hr 04 min 28 sec)
Heartbeat CPU 0 instructions: 39000130 cycles: 71643725 heartbeat IPC: 0.4218 cumulative IPC: 0.4176 (Simulation time: 00 hr 04 min 32 sec)
Heartbeat CPU 0 instructions: 39500130 cycles: 72834867 heartbeat IPC: 0.4198 cumulative IPC: 0.4176 (Simulation time: 00 hr 04 min 37 sec)
Heartbeat CPU 0 instructions: 40000134 cycles: 74101209 heartbeat IPC: 0.3948 cumulative IPC: 0.4172 (Simulation time: 00 hr 04 min 41 sec)
Heartbeat CPU 0 instructions: 40500138 cycles: 75202350 heartbeat IPC: 0.4541 cumulative IPC: 0.4178 (Simulation time: 00 hr 04 min 45 sec)
Heartbeat CPU 0 instructions: 41000140 cycles: 76510702 heartbeat IPC: 0.3822 cumulative IPC: 0.4172 (Simulation time: 00 hr 04 min 50 sec)
Heartbeat CPU 0 instructions: 41500140 cycles: 77724733 heartbeat IPC: 0.4119 cumulative IPC: 0.4171 (Simulation time: 00 hr 04 min 54 sec)
Heartbeat CPU 0 instructions: 42000141 cycles: 78827431 heartbeat IPC: 0.4534 cumulative IPC: 0.4176 (Simulation time: 00 hr 04 min 58 sec)
Heartbeat CPU 0 instructions: 42500141 cycles: 79988905 heartbeat IPC: 0.4305 cumulative IPC: 0.4178 (Simulation time: 00 hr 05 min 02 sec)
Heartbeat CPU 0 instructions: 43000143 cycles: 81239109 heartbeat IPC: 0.3999 cumulative IPC: 0.4175 (Simulation time: 00 hr 05 min 07 sec)
Heartbeat CPU 0 instructions: 43500143 cycles: 82354900 heartbeat IPC: 0.4481 cumulative IPC: 0.4179 (Simulation time: 00 hr 05 min 11 sec)
Heartbeat CPU 0 instructions: 44000145 cycles: 83624763 heartbeat IPC: 0.3937 cumulative IPC: 0.4176 (Simulation time: 00 hr 05 min 16 sec)
Heartbeat CPU 0 instructions: 44500145 cycles: 84806841 heartbeat IPC: 0.423 cumulative IPC: 0.4176 (Simulation time: 00 hr 05 min 20 sec)
Heartbeat CPU 0 instructions: 45000147 cycles: 86042995 heartbeat IPC: 0.4045 cumulative IPC: 0.4174 (Simulation time: 00 hr 05 min 24 sec)
Heartbeat CPU 0 instructions: 45500147 cycles: 87086165 heartbeat IPC: 0.4793 cumulative IPC: 0.4182 (Simulation time: 00 hr 05 min 28 sec)
Heartbeat CPU 0 instructions: 46000148 cycles: 88331830 heartbeat IPC: 0.4014 cumulative IPC: 0.418 (Simulation time: 00 hr 05 min 33 sec)
Heartbeat CPU 0 instructions: 46500149 cycles: 89405213 heartbeat IPC: 0.4658 cumulative IPC: 0.4185 (Simulation time: 00 hr 05 min 37 sec)
Heartbeat CPU 0 instructions: 47000149 cycles: 90529202 heartbeat IPC: 0.4448 cumulative IPC: 0.4189 (Simulation time: 00 hr 05 min 41 sec)
Heartbeat CPU 0 instructions: 47500149 cycles: 91753769 heartbeat IPC: 0.4083 cumulative IPC: 0.4187 (Simulation time: 00 hr 10 min 10 sec)
Heartbeat CPU 0 instructions: 48000155 cycles: 92991042 heartbeat IPC: 0.4041 cumulative IPC: 0.4185 (Simulation time: 00 hr 10 min 15 sec)
Heartbeat CPU 0 instructions: 48500158 cycles: 94187307 heartbeat IPC: 0.418 cumulative IPC: 0.4185 (Simulation time: 00 hr 10 min 19 sec)
Heartbeat CPU 0 instructions: 49000160 cycles: 95224410 heartbeat IPC: 0.4821 cumulative IPC: 0.4192 (Simulation time: 00 hr 10 min 23 sec)
Heartbeat CPU 0 instructions: 49500160 cycles: 96403451 heartbeat IPC: 0.4241 cumulative IPC: 0.4193 (Simulation time: 00 hr 10 min 27 sec)
Heartbeat CPU 0 instructions: 50000160 cycles: 97482113 heartbeat IPC: 0.4635 cumulative IPC: 0.4198 (Simulation time: 00 hr 10 min 32 sec)
Heartbeat CPU 0 instructions: 50500160 cycles: 98708156 heartbeat IPC: 0.4078 cumulative IPC: 0.4196 (Simulation time: 00 hr 10 min 36 sec)
Heartbeat CPU 0 instructions: 51000164 cycles: 99928446 heartbeat IPC: 0.4097 cumulative IPC: 0.4195 (Simulation time: 00 hr 10 min 40 sec)
Heartbeat CPU 0 instructions: 51500164 cycles: 101115845 heartbeat IPC: 0.4211 cumulative IPC: 0.4195 (Simulation time: 00 hr 10 min 45 sec)
Heartbeat CPU 0 instructions: 52000167 cycles: 102238620 heartbeat IPC: 0.4453 cumulative IPC: 0.4198 (Simulation time: 00 hr 10 min 49 sec)
Heartbeat CPU 0 instructions: 52500167 cycles: 103360705 heartbeat IPC: 0.4456 cumulative IPC: 0.4201 (Simulation time: 00 hr 10 min 53 sec)
Heartbeat CPU 0 instructions: 53000168 cycles: 104484721 heartbeat IPC: 0.4448 cumulative IPC: 0.4204 (Simulation time: 00 hr 10 min 57 sec)
Heartbeat CPU 0 instructions: 53500172 cycles: 105655996 heartbeat IPC: 0.4269 cumulative IPC: 0.4205 (Simulation time: 00 hr 11 min 01 sec)
Heartbeat CPU 0 instructions: 54000172 cycles: 106926479 heartbeat IPC: 0.3936 cumulative IPC: 0.4201 (Simulation time: 00 hr 11 min 06 sec)
Heartbeat CPU 0 instructions: 54500172 cycles: 108018820 heartbeat IPC: 0.4577 cumulative IPC: 0.4205 (Simulation time: 00 hr 11 min 10 sec)
Heartbeat CPU 0 instructions: 55000173 cycles: 109232257 heartbeat IPC: 0.4121 cumulative IPC: 0.4204 (Simulation time: 00 hr 11 min 14 sec)
Heartbeat CPU 0 instructions: 55500175 cycles: 110394283 heartbeat IPC: 0.4303 cumulative IPC: 0.4205 (Simulation time: 00 hr 11 min 19 sec)
Heartbeat CPU 0 instructions: 56000178 cycles: 111659919 heartbeat IPC: 0.3951 cumulative IPC: 0.4202 (Simulation time: 00 hr 11 min 23 sec)
Heartbeat CPU 0 instructions: 56500178 cycles: 112797017 heartbeat IPC: 0.4397 cumulative IPC: 0.4204 (Simulation time: 00 hr 11 min 27 sec)
Heartbeat CPU 0 instructions: 57000178 cycles: 113983395 heartbeat IPC: 0.4215 cumulative IPC: 0.4205 (Simulation time: 00 hr 11 min 31 sec)
Heartbeat CPU 0 instructions: 57500182 cycles: 115218520 heartbeat IPC: 0.4048 cumulative IPC: 0.4203 (Simulation time: 00 hr 11 min 36 sec)
Heartbeat CPU 0 instructions: 58000182 cycles: 116480697 heartbeat IPC: 0.3961 cumulative IPC: 0.42 (Simulation time: 00 hr 11 min 40 sec)
Heartbeat CPU 0 instructions: 58500182 cycles: 117734307 heartbeat IPC: 0.3988 cumulative IPC: 0.4198 (Simulation time: 00 hr 11 min 45 sec)
Heartbeat CPU 0 instructions: 59000184 cycles: 118902801 heartbeat IPC: 0.4279 cumulative IPC: 0.4199 (Simulation time: 00 hr 11 min 49 sec)
Heartbeat CPU 0 instructions: 59500190 cycles: 120088188 heartbeat IPC: 0.4218 cumulative IPC: 0.4199 (Simulation time: 00 hr 11 min 53 sec)
Simulation finished CPU 0 instructions: 50000000 cycles: 119244974 cumulative IPC: 0.4193 (Simulation time: 00 hr 11 min 58 sec)
Simulation complete CPU 0 instructions: 50000000 cycles: 119244974 cumulative IPC: 0.4193 (Simulation time: 00 hr 11 min 58 sec)

ChampSim completed all CPUs

=== Simulation ===
CPU 0 runs traces/cc-13.trace.gz

Region of Interest Statistics

CPU 0 cumulative IPC: 0.4193 instructions: 50000000 cycles: 119244974
CPU 0 Branch Prediction Accuracy: 88.82% MPKI: 22.44 Average ROB Occupancy at Mispredict: 24.26
Branch type MPKI
BRANCH_DIRECT_JUMP: 0
BRANCH_INDIRECT: 0
BRANCH_CONDITIONAL: 22.44
BRANCH_DIRECT_CALL: 0
BRANCH_INDIRECT_CALL: 0
BRANCH_RETURN: 0

cpu0->cpu0_STLB TOTAL        ACCESS:    2489372 HIT:    2485705 MISS:       3667 MSHR_MERGE:          0
cpu0->cpu0_STLB LOAD         ACCESS:    2489372 HIT:    2485705 MISS:       3667 MSHR_MERGE:          0
cpu0->cpu0_STLB RFO          ACCESS:          0 HIT:          0 MISS:          0 MSHR_MERGE:          0
cpu0->cpu0_STLB PREFETCH     ACCESS:          0 HIT:          0 MISS:          0 MSHR_MERGE:          0
cpu0->cpu0_STLB WRITE        ACCESS:          0 HIT:          0 MISS:          0 MSHR_MERGE:          0
cpu0->cpu0_STLB TRANSLATION  ACCESS:          0 HIT:          0 MISS:          0 MSHR_MERGE:          0
cpu0->cpu0_STLB PREFETCH REQUESTED:          0 ISSUED:          0 USEFUL:          0 USELESS:          0
cpu0->cpu0_STLB AVERAGE MISS LATENCY: 249.9 cycles
cpu0->cpu0_L2C TOTAL        ACCESS:    4895258 HIT:    3263271 MISS:    1631987 MSHR_MERGE:      25525
cpu0->cpu0_L2C LOAD         ACCESS:    3493319 HIT:    2502605 MISS:     990714 MSHR_MERGE:       1569
cpu0->cpu0_L2C RFO          ACCESS:          0 HIT:          0 MISS:          0 MSHR_MERGE:          0
cpu0->cpu0_L2C PREFETCH     ACCESS:    1188891 HIT:     548101 MISS:     640790 MSHR_MERGE:      23956
cpu0->cpu0_L2C WRITE        ACCESS:     209448 HIT:     209443 MISS:          5 MSHR_MERGE:          0
cpu0->cpu0_L2C TRANSLATION  ACCESS:       3600 HIT:       3122 MISS:        478 MSHR_MERGE:          0
cpu0->cpu0_L2C PREFETCH REQUESTED:     321185 ISSUED:     318092 USEFUL:     117520 USELESS:      37948
cpu0->cpu0_L2C AVERAGE MISS LATENCY: 86.26 cycles
cpu0->cpu0_L1I TOTAL        ACCESS:      69805 HIT:      69805 MISS:          0 MSHR_MERGE:          0
cpu0->cpu0_L1I LOAD         ACCESS:      69805 HIT:      69805 MISS:          0 MSHR_MERGE:          0
cpu0->cpu0_L1I RFO          ACCESS:          0 HIT:          0 MISS:          0 MSHR_MERGE:          0
cpu0->cpu0_L1I PREFETCH     ACCESS:          0 HIT:          0 MISS:          0 MSHR_MERGE:          0
cpu0->cpu0_L1I WRITE        ACCESS:          0 HIT:          0 MISS:          0 MSHR_MERGE:          0
cpu0->cpu0_L1I TRANSLATION  ACCESS:          0 HIT:          0 MISS:          0 MSHR_MERGE:          0
cpu0->cpu0_L1I PREFETCH REQUESTED:          0 ISSUED:          0 USEFUL:          0 USELESS:          0
cpu0->cpu0_L1I AVERAGE MISS LATENCY: - cycles
cpu0->cpu0_L1D TOTAL        ACCESS:   14525167 HIT:    9946782 MISS:    4578385 MSHR_MERGE:     210667
cpu0->cpu0_L1D LOAD         ACCESS:   13104014 HIT:    9426014 MISS:    3678000 MSHR_MERGE:     184681
cpu0->cpu0_L1D RFO          ACCESS:          0 HIT:          0 MISS:          0 MSHR_MERGE:          0
cpu0->cpu0_L1D PREFETCH     ACCESS:    1170528 HIT:     273743 MISS:     896785 MSHR_MERGE:      25986
cpu0->cpu0_L1D WRITE        ACCESS:     243284 HIT:     243284 MISS:          0 MSHR_MERGE:          0
cpu0->cpu0_L1D TRANSLATION  ACCESS:       7341 HIT:       3741 MISS:       3600 MSHR_MERGE:          0
cpu0->cpu0_L1D PREFETCH REQUESTED:    1172119 ISSUED:    1170528 USEFUL:     244089 USELESS:     626709
cpu0->cpu0_L1D AVERAGE MISS LATENCY: 33.28 cycles
cpu0->cpu0_ITLB TOTAL        ACCESS:      66820 HIT:      66820 MISS:          0 MSHR_MERGE:          0
cpu0->cpu0_ITLB LOAD         ACCESS:      66820 HIT:      66820 MISS:          0 MSHR_MERGE:          0
cpu0->cpu0_ITLB RFO          ACCESS:          0 HIT:          0 MISS:          0 MSHR_MERGE:          0
cpu0->cpu0_ITLB PREFETCH     ACCESS:          0 HIT:          0 MISS:          0 MSHR_MERGE:          0
cpu0->cpu0_ITLB WRITE        ACCESS:          0 HIT:          0 MISS:          0 MSHR_MERGE:          0
cpu0->cpu0_ITLB TRANSLATION  ACCESS:          0 HIT:          0 MISS:          0 MSHR_MERGE:          0
cpu0->cpu0_ITLB PREFETCH REQUESTED:          0 ISSUED:          0 USEFUL:          0 USELESS:          0
cpu0->cpu0_ITLB AVERAGE MISS LATENCY: - cycles
cpu0->cpu0_DTLB TOTAL        ACCESS:   14168392 HIT:   11321523 MISS:    2846869 MSHR_MERGE:     357498
cpu0->cpu0_DTLB LOAD         ACCESS:   14168392 HIT:   11321523 MISS:    2846869 MSHR_MERGE:     357498
cpu0->cpu0_DTLB RFO          ACCESS:          0 HIT:          0 MISS:          0 MSHR_MERGE:          0
cpu0->cpu0_DTLB PREFETCH     ACCESS:          0 HIT:          0 MISS:          0 MSHR_MERGE:          0
cpu0->cpu0_DTLB WRITE        ACCESS:          0 HIT:          0 MISS:          0 MSHR_MERGE:          0
cpu0->cpu0_DTLB TRANSLATION  ACCESS:          0 HIT:          0 MISS:          0 MSHR_MERGE:          0
cpu0->cpu0_DTLB PREFETCH REQUESTED:          0 ISSUED:          0 USEFUL:          0 USELESS:          0
cpu0->cpu0_DTLB AVERAGE MISS LATENCY: 5.377 cycles
cpu0->LLC TOTAL        ACCESS:    1806711 HIT:    1088183 MISS:     718528 MSHR_MERGE:         53
cpu0->LLC LOAD         ACCESS:     989145 HIT:     694363 MISS:     294782 MSHR_MERGE:          9
cpu0->LLC RFO          ACCESS:          0 HIT:          0 MISS:          0 MSHR_MERGE:          0
cpu0->LLC PREFETCH     ACCESS:     616834 HIT:     255476 MISS:     361358 MSHR_MERGE:         44
cpu0->LLC WRITE        ACCESS:     200254 HIT:     138341 MISS:      61913 MSHR_MERGE:          0
cpu0->LLC TRANSLATION  ACCESS:        478 HIT:          3 MISS:        475 MSHR_MERGE:          0
cpu0->LLC PREFETCH REQUESTED:          0 ISSUED:          0 USEFUL:          0 USELESS:          0
cpu0->LLC AVERAGE MISS LATENCY: 180.1 cycles

DRAM Statistics

Channel 0 RQ ROW_BUFFER_HIT:       5985
  ROW_BUFFER_MISS:     650496
  AVG DBUS CONGESTED CYCLE: 27.93
Channel 0 WQ ROW_BUFFER_HIT:      18626
  ROW_BUFFER_MISS:      65484
  FULL:          0
Channel 0 REFRESHES ISSUED:       9936
