[VMEM] WARNING: physical memory size is smaller than virtual memory size.

*** ChampSim Multicore Out-of-Order Simulator ***
Warmup Instructions: 10000000
Simulation Instructions: 50000000
Number of CPUs: 1
Page size: 4096
Core 0: traces/charlie_0002.champsim.gz
 L1D Berti prefetcher
Off-chip DRAM Size: 64 GiB Channels: 1 Width: 64-bit Data Rate: 4807 MT/s
[BTB] WARNING: target of return is a lower address than the corresponding call. This is usually a problem with your trace.
[BTB] WARNING: target of return is a lower address than the corresponding call. This is usually a problem with your trace.
[BTB] WARNING: target of return is a lower address than the corresponding call. This is usually a problem with your trace.
[BTB] WARNING: target of return is a lower address than the corresponding call. This is usually a problem with your trace.
[BTB] WARNING: target of return is a lower address than the corresponding call. This is usually a problem with your trace.
Heartbeat CPU 0 instructions: 500003 cycles: 259791 heartbeat IPC: 1.925 cumulative IPC: 1.925 (Simulation time: 00 hr 00 min 02 sec)
[BTB] WARNING: target of return is a lower address than the corresponding call. This is usually a problem with your trace.
Heartbeat CPU 0 instructions: 1000004 cycles: 468319 heartbeat IPC: 2.398 cumulative IPC: 2.135 (Simulation time: 00 hr 00 min 04 sec)
Heartbeat CPU 0 instructions: 1500010 cycles: 652745 heartbeat IPC: 2.711 cumulative IPC: 2.298 (Simulation time: 00 hr 00 min 06 sec)
[BTB] WARNING: target of return is a lower address than the corresponding call. This is usually a problem with your trace.
[BTB] WARNING: target of return is a lower address than the corresponding call. This is usually a problem with your trace.
Heartbeat CPU 0 instructions: 2000014 cycles: 828274 heartbeat IPC: 2.849 cumulative IPC: 2.415 (Simulation time: 00 hr 00 min 08 sec)
[BTB] WARNING: target of return is a lower address than the corresponding call. This is usually a problem with your trace.
[BTB] WARNING: target of return is a lower address than the corresponding call. This is usually a problem with your trace.
Heartbeat CPU 0 instructions: 2500019 cycles: 1010106 heartbeat IPC: 2.75 cumulative IPC: 2.475 (Simulation time: 00 hr 00 min 09 sec)
Heartbeat CPU 0 instructions: 3000025 cycles: 1160773 heartbeat IPC: 3.319 cumulative IPC: 2.585 (Simulation time: 00 hr 00 min 11 sec)
Heartbeat CPU 0 instructions: 3500031 cycles: 1305885 heartbeat IPC: 3.446 cumulative IPC: 2.68 (Simulation time: 00 hr 00 min 12 sec)
Heartbeat CPU 0 instructions: 4000038 cycles: 1441231 heartbeat IPC: 3.694 cumulative IPC: 2.775 (Simulation time: 00 hr 00 min 13 sec)
Heartbeat CPU 0 instructions: 4500042 cycles: 1593415 heartbeat IPC: 3.286 cumulative IPC: 2.824 (Simulation time: 00 hr 00 min 15 sec)
Heartbeat CPU 0 instructions: 5000047 cycles: 1738319 heartbeat IPC: 3.451 cumulative IPC: 2.876 (Simulation time: 00 hr 00 min 16 sec)
Heartbeat CPU 0 instructions: 5500050 cycles: 1905994 heartbeat IPC: 2.982 cumulative IPC: 2.886 (Simulation time: 00 hr 00 min 18 sec)
Heartbeat CPU 0 instructions: 6000052 cycles: 2068083 heartbeat IPC: 3.085 cumulative IPC: 2.901 (Simulation time: 00 hr 00 min 20 sec)
Heartbeat CPU 0 instructions: 6500053 cycles: 2242823 heartbeat IPC: 2.861 cumulative IPC: 2.898 (Simulation time: 00 hr 00 min 21 sec)
Heartbeat CPU 0 instructions: 7000058 cycles: 2388982 heartbeat IPC: 3.421 cumulative IPC: 2.93 (Simulation time: 00 hr 00 min 23 sec)
Heartbeat CPU 0 instructions: 7500058 cycles: 2540868 heartbeat IPC: 3.292 cumulative IPC: 2.952 (Simulation time: 00 hr 00 min 24 sec)
Heartbeat CPU 0 instructions: 8000063 cycles: 2693460 heartbeat IPC: 3.277 cumulative IPC: 2.97 (Simulation time: 00 hr 00 min 26 sec)
Heartbeat CPU 0 instructions: 8500070 cycles: 2803869 heartbeat IPC: 4.529 cumulative IPC: 3.032 (Simulation time: 00 hr 00 min 27 sec)
Heartbeat CPU 0 instructions: 9000077 cycles: 2910260 heartbeat IPC: 4.7 cumulative IPC: 3.093 (Simulation time: 00 hr 00 min 28 sec)
Heartbeat CPU 0 instructions: 9500084 cycles: 3018214 heartbeat IPC: 4.632 cumulative IPC: 3.148 (Simulation time: 00 hr 00 min 29 sec)
Warmup finished CPU 0 instructions: 10000000 cycles: 3145124 cumulative IPC: 3.18 (Simulation time: 00 hr 00 min 30 sec)
Warmup complete CPU 0 instructions: 10000000 cycles: 3145124 cumulative IPC: 3.18 (Simulation time: 00 hr 00 min 30 sec)
Heartbeat CPU 0 instructions: 10000089 cycles: 3148128 heartbeat IPC: 3.849 cumulative IPC: 0.02963 (Simulation time: 00 hr 00 min 30 sec)
Heartbeat CPU 0 instructions: 10500089 cycles: 5307202 heartbeat IPC: 0.2316 cumulative IPC: 0.2313 (Simulation time: 00 hr 00 min 37 sec)
Heartbeat CPU 0 instructions: 11000093 cycles: 6232071 heartbeat IPC: 0.5406 cumulative IPC: 0.324 (Simulation time: 00 hr 00 min 41 sec)
Heartbeat CPU 0 instructions: 11500094 cycles: 8243741 heartbeat IPC: 0.2486 cumulative IPC: 0.2942 (Simulation time: 00 hr 00 min 48 sec)
Heartbeat CPU 0 instructions: 12000096 cycles: 9871712 heartbeat IPC: 0.3071 cumulative IPC: 0.2973 (Simulation time: 00 hr 00 min 53 sec)
Heartbeat CPU 0 instructions: 12500096 cycles: 10697555 heartbeat IPC: 0.6054 cumulative IPC: 0.331 (Simulation time: 00 hr 00 min 56 sec)
Heartbeat CPU 0 instructions: 13000099 cycles: 11167031 heartbeat IPC: 1.065 cumulative IPC: 0.374 (Simulation time: 00 hr 00 min 58 sec)
Heartbeat CPU 0 instructions: 13500099 cycles: 12930682 heartbeat IPC: 0.2835 cumulative IPC: 0.3577 (Simulation time: 00 hr 01 min 04 sec)
Heartbeat CPU 0 instructions: 14000103 cycles: 14697919 heartbeat IPC: 0.2829 cumulative IPC: 0.3462 (Simulation time: 00 hr 01 min 10 sec)
Heartbeat CPU 0 instructions: 14500110 cycles: 15710278 heartbeat IPC: 0.4939 cumulative IPC: 0.3581 (Simulation time: 00 hr 01 min 14 sec)
Heartbeat CPU 0 instructions: 15000113 cycles: 16116779 heartbeat IPC: 1.23 cumulative IPC: 0.3855 (Simulation time: 00 hr 01 min 16 sec)
Heartbeat CPU 0 instructions: 15500113 cycles: 16514604 heartbeat IPC: 1.257 cumulative IPC: 0.4114 (Simulation time: 00 hr 01 min 17 sec)
Heartbeat CPU 0 instructions: 16000113 cycles: 16890146 heartbeat IPC: 1.331 cumulative IPC: 0.4365 (Simulation time: 00 hr 01 min 19 sec)
Heartbeat CPU 0 instructions: 16500113 cycles: 17276631 heartbeat IPC: 1.294 cumulative IPC: 0.46 (Simulation time: 00 hr 01 min 21 sec)
Heartbeat CPU 0 instructions: 17000113 cycles: 17667295 heartbeat IPC: 1.28 cumulative IPC: 0.482 (Simulation time: 00 hr 01 min 23 sec)
Heartbeat CPU 0 instructions: 17500115 cycles: 18114348 heartbeat IPC: 1.118 cumulative IPC: 0.501 (Simulation time: 00 hr 01 min 25 sec)
Heartbeat CPU 0 instructions: 18000115 cycles: 18448592 heartbeat IPC: 1.496 cumulative IPC: 0.5228 (Simulation time: 00 hr 01 min 27 sec)
Heartbeat CPU 0 instructions: 18500116 cycles: 18792615 heartbeat IPC: 1.453 cumulative IPC: 0.5432 (Simulation time: 00 hr 01 min 29 sec)
Heartbeat CPU 0 instructions: 19000118 cycles: 19160603 heartbeat IPC: 1.359 cumulative IPC: 0.562 (Simulation time: 00 hr 01 min 30 sec)
Heartbeat CPU 0 instructions: 19500120 cycles: 19553645 heartbeat IPC: 1.272 cumulative IPC: 0.579 (Simulation time: 00 hr 01 min 32 sec)
Heartbeat CPU 0 instructions: 20000121 cycles: 19932366 heartbeat IPC: 1.32 cumulative IPC: 0.5957 (Simulation time: 00 hr 01 min 34 sec)
Heartbeat CPU 0 instructions: 20500121 cycles: 20369520 heartbeat IPC: 1.144 cumulative IPC: 0.6096 (Simulation time: 00 hr 01 min 36 sec)
Heartbeat CPU 0 instructions: 21000121 cycles: 20716927 heartbeat IPC: 1.439 cumulative IPC: 0.626 (Simulation time: 00 hr 01 min 38 sec)
Heartbeat CPU 0 instructions: 21500123 cycles: 21080561 heartbeat IPC: 1.375 cumulative IPC: 0.6412 (Simulation time: 00 hr 01 min 40 sec)
Heartbeat CPU 0 instructions: 22000125 cycles: 21468956 heartbeat IPC: 1.287 cumulative IPC: 0.6549 (Simulation time: 00 hr 01 min 42 sec)
Heartbeat CPU 0 instructions: 22500130 cycles: 21827194 heartbeat IPC: 1.396 cumulative IPC: 0.6691 (Simulation time: 00 hr 01 min 43 sec)
Heartbeat CPU 0 instructions: 23000131 cycles: 22195296 heartbeat IPC: 1.358 cumulative IPC: 0.6824 (Simulation time: 00 hr 01 min 45 sec)
Heartbeat CPU 0 instructions: 23500138 cycles: 22576554 heartbeat IPC: 1.311 cumulative IPC: 0.6948 (Simulation time: 00 hr 01 min 47 sec)
Heartbeat CPU 0 instructions: 24000138 cycles: 23021209 heartbeat IPC: 1.124 cumulative IPC: 0.7044 (Simulation time: 00 hr 01 min 49 sec)
Heartbeat CPU 0 instructions: 24500139 cycles: 24383787 heartbeat IPC: 0.367 cumulative IPC: 0.6827 (Simulation time: 00 hr 01 min 54 sec)
Heartbeat CPU 0 instructions: 25000142 cycles: 24900209 heartbeat IPC: 0.9682 cumulative IPC: 0.6895 (Simulation time: 00 hr 01 min 57 sec)
Heartbeat CPU 0 instructions: 25500142 cycles: 25430002 heartbeat IPC: 0.9438 cumulative IPC: 0.6955 (Simulation time: 00 hr 02 min 00 sec)
Heartbeat CPU 0 instructions: 26000142 cycles: 25984108 heartbeat IPC: 0.9024 cumulative IPC: 0.7006 (Simulation time: 00 hr 02 min 03 sec)
Heartbeat CPU 0 instructions: 26500149 cycles: 27168957 heartbeat IPC: 0.422 cumulative IPC: 0.6868 (Simulation time: 00 hr 02 min 08 sec)
Heartbeat CPU 0 instructions: 27000149 cycles: 28045894 heartbeat IPC: 0.5702 cumulative IPC: 0.6827 (Simulation time: 00 hr 02 min 12 sec)
Heartbeat CPU 0 instructions: 27500149 cycles: 28631702 heartbeat IPC: 0.8535 cumulative IPC: 0.6866 (Simulation time: 00 hr 02 min 14 sec)
Heartbeat CPU 0 instructions: 28000149 cycles: 29682645 heartbeat IPC: 0.4758 cumulative IPC: 0.6783 (Simulation time: 00 hr 02 min 18 sec)
Heartbeat CPU 0 instructions: 28500154 cycles: 31043883 heartbeat IPC: 0.3673 cumulative IPC: 0.6631 (Simulation time: 00 hr 02 min 23 sec)
Heartbeat CPU 0 instructions: 29000155 cycles: 31446095 heartbeat IPC: 1.243 cumulative IPC: 0.6714 (Simulation time: 00 hr 17 min 25 sec)
Heartbeat CPU 0 instructions: 29500162 cycles: 31780191 heartbeat IPC: 1.497 cumulative IPC: 0.681 (Simulation time: 00 hr 17 min 27 sec)
Heartbeat CPU 0 instructions: 30000162 cycles: 32248445 heartbeat IPC: 1.068 cumulative IPC: 0.6872 (Simulation time: 00 hr 17 min 29 sec)
Heartbeat CPU 0 instructions: 30500162 cycles: 33427162 heartbeat IPC: 0.4242 cumulative IPC: 0.677 (Simulation time: 00 hr 17 min 33 sec)
Heartbeat CPU 0 instructions: 31000166 cycles: 34913288 heartbeat IPC: 0.3364 cumulative IPC: 0.661 (Simulation time: 00 hr 17 min 39 sec)
Heartbeat CPU 0 instructions: 31500167 cycles: 36141618 heartbeat IPC: 0.4071 cumulative IPC: 0.6516 (Simulation time: 00 hr 17 min 44 sec)
Heartbeat CPU 0 instructions: 32000173 cycles: 37353846 heartbeat IPC: 0.4125 cumulative IPC: 0.6431 (Simulation time: 00 hr 17 min 48 sec)
Heartbeat CPU 0 instructions: 32500173 cycles: 37501699 heartbeat IPC: 3.382 cumulative IPC: 0.6549 (Simulation time: 00 hr 17 min 50 sec)
Heartbeat CPU 0 instructions: 33000175 cycles: 37669973 heartbeat IPC: 2.971 cumulative IPC: 0.6662 (Simulation time: 00 hr 17 min 51 sec)
Heartbeat CPU 0 instructions: 33500176 cycles: 38050778 heartbeat IPC: 1.313 cumulative IPC: 0.6732 (Simulation time: 00 hr 17 min 54 sec)
Heartbeat CPU 0 instructions: 34000179 cycles: 39474004 heartbeat IPC: 0.3513 cumulative IPC: 0.6606 (Simulation time: 00 hr 17 min 59 sec)
Heartbeat CPU 0 instructions: 34500185 cycles: 41010313 heartbeat IPC: 0.3255 cumulative IPC: 0.647 (Simulation time: 00 hr 18 min 04 sec)
Heartbeat CPU 0 instructions: 35000185 cycles: 43272575 heartbeat IPC: 0.221 cumulative IPC: 0.623 (Simulation time: 00 hr 33 min 12 sec)
Heartbeat CPU 0 instructions: 35500191 cycles: 45058722 heartbeat IPC: 0.2799 cumulative IPC: 0.6084 (Simulation time: 00 hr 33 min 18 sec)
Heartbeat CPU 0 instructions: 36000192 cycles: 46340719 heartbeat IPC: 0.39 cumulative IPC: 0.6019 (Simulation time: 00 hr 33 min 22 sec)
Heartbeat CPU 0 instructions: 36500192 cycles: 47709162 heartbeat IPC: 0.3654 cumulative IPC: 0.5947 (Simulation time: 00 hr 33 min 27 sec)
Heartbeat CPU 0 instructions: 37000193 cycles: 48194343 heartbeat IPC: 1.031 cumulative IPC: 0.5993 (Simulation time: 00 hr 33 min 29 sec)
Heartbeat CPU 0 instructions: 37500193 cycles: 48593180 heartbeat IPC: 1.254 cumulative IPC: 0.6051 (Simulation time: 00 hr 33 min 31 sec)
Heartbeat CPU 0 instructions: 38000193 cycles: 48957546 heartbeat IPC: 1.372 cumulative IPC: 0.6112 (Simulation time: 00 hr 33 min 33 sec)
Heartbeat CPU 0 instructions: 38500194 cycles: 49306332 heartbeat IPC: 1.434 cumulative IPC: 0.6174 (Simulation time: 00 hr 33 min 34 sec)
Heartbeat CPU 0 instructions: 39000198 cycles: 49715728 heartbeat IPC: 1.221 cumulative IPC: 0.6227 (Simulation time: 00 hr 33 min 36 sec)
Heartbeat CPU 0 instructions: 39500200 cycles: 50086352 heartbeat IPC: 1.349 cumulative IPC: 0.6284 (Simulation time: 00 hr 33 min 38 sec)
Heartbeat CPU 0 instructions: 40000200 cycles: 50471899 heartbeat IPC: 1.297 cumulative IPC: 0.6339 (Simulation time: 00 hr 33 min 40 sec)
Heartbeat CPU 0 instructions: 40500202 cycles: 50880975 heartbeat IPC: 1.222 cumulative IPC: 0.6389 (Simulation time: 00 hr 33 min 42 sec)
Heartbeat CPU 0 instructions: 41000205 cycles: 51200270 heartbeat IPC: 1.566 cumulative IPC: 0.6451 (Simulation time: 00 hr 33 min 43 sec)
Heartbeat CPU 0 instructions: 41500205 cycles: 51929931 heartbeat IPC: 0.6852 cumulative IPC: 0.6457 (Simulation time: 00 hr 33 min 47 sec)
Heartbeat CPU 0 instructions: 42000210 cycles: 52463395 heartbeat IPC: 0.9373 cumulative IPC: 0.6489 (Simulation time: 00 hr 33 min 50 sec)
Heartbeat CPU 0 instructions: 42500211 cycles: 52958683 heartbeat IPC: 1.01 cumulative IPC: 0.6524 (Simulation time: 00 hr 33 min 52 sec)
Heartbeat CPU 0 instructions: 43000212 cycles: 53475627 heartbeat IPC: 0.9672 cumulative IPC: 0.6557 (Simulation time: 00 hr 33 min 55 sec)
Heartbeat CPU 0 instructions: 43500217 cycles: 53958301 heartbeat IPC: 1.036 cumulative IPC: 0.6593 (Simulation time: 00 hr 48 min 57 sec)
Heartbeat CPU 0 instructions: 44000221 cycles: 54487298 heartbeat IPC: 0.9452 cumulative IPC: 0.6622 (Simulation time: 00 hr 49 min 00 sec)
Heartbeat CPU 0 instructions: 44500226 cycles: 54969375 heartbeat IPC: 1.037 cumulative IPC: 0.6657 (Simulation time: 00 hr 49 min 03 sec)
Heartbeat CPU 0 instructions: 45000231 cycles: 55474115 heartbeat IPC: 0.9906 cumulative IPC: 0.6688 (Simulation time: 00 hr 49 min 06 sec)
Heartbeat CPU 0 instructions: 45500237 cycles: 55991129 heartbeat IPC: 0.9671 cumulative IPC: 0.6718 (Simulation time: 00 hr 49 min 09 sec)
Heartbeat CPU 0 instructions: 46000237 cycles: 56466385 heartbeat IPC: 1.052 cumulative IPC: 0.6752 (Simulation time: 00 hr 49 min 11 sec)
Heartbeat CPU 0 instructions: 46500237 cycles: 56974528 heartbeat IPC: 0.984 cumulative IPC: 0.6781 (Simulation time: 00 hr 49 min 14 sec)
Heartbeat CPU 0 instructions: 47000239 cycles: 57505494 heartbeat IPC: 0.9417 cumulative IPC: 0.6806 (Simulation time: 00 hr 49 min 17 sec)
Heartbeat CPU 0 instructions: 47500245 cycles: 58002260 heartbeat IPC: 1.007 cumulative IPC: 0.6836 (Simulation time: 00 hr 49 min 20 sec)
Heartbeat CPU 0 instructions: 48000250 cycles: 59907502 heartbeat IPC: 0.2624 cumulative IPC: 0.6695 (Simulation time: 00 hr 49 min 27 sec)
Heartbeat CPU 0 instructions: 48500250 cycles: 61410060 heartbeat IPC: 0.3328 cumulative IPC: 0.6608 (Simulation time: 00 hr 49 min 34 sec)
Heartbeat CPU 0 instructions: 49000251 cycles: 63525873 heartbeat IPC: 0.2363 cumulative IPC: 0.6459 (Simulation time: 00 hr 49 min 41 sec)
Heartbeat CPU 0 instructions: 49500252 cycles: 64291718 heartbeat IPC: 0.6529 cumulative IPC: 0.646 (Simulation time: 00 hr 49 min 44 sec)
Heartbeat CPU 0 instructions: 50000252 cycles: 64701481 heartbeat IPC: 1.22 cumulative IPC: 0.6498 (Simulation time: 00 hr 49 min 46 sec)
Heartbeat CPU 0 instructions: 50500255 cycles: 64941614 heartbeat IPC: 2.082 cumulative IPC: 0.6554 (Simulation time: 00 hr 49 min 48 sec)
Heartbeat CPU 0 instructions: 51000255 cycles: 65416978 heartbeat IPC: 1.052 cumulative IPC: 0.6584 (Simulation time: 00 hr 49 min 50 sec)
Heartbeat CPU 0 instructions: 51500258 cycles: 65694144 heartbeat IPC: 1.804 cumulative IPC: 0.6635 (Simulation time: 00 hr 49 min 52 sec)
Heartbeat CPU 0 instructions: 52000258 cycles: 65959650 heartbeat IPC: 1.883 cumulative IPC: 0.6686 (Simulation time: 00 hr 49 min 53 sec)
Heartbeat CPU 0 instructions: 52500259 cycles: 66214910 heartbeat IPC: 1.959 cumulative IPC: 0.6739 (Simulation time: 00 hr 49 min 55 sec)
Heartbeat CPU 0 instructions: 53000259 cycles: 66530803 heartbeat IPC: 1.583 cumulative IPC: 0.6784 (Simulation time: 00 hr 56 min 04 sec)
Heartbeat CPU 0 instructions: 53500259 cycles: 66810461 heartbeat IPC: 1.788 cumulative IPC: 0.6833 (Simulation time: 00 hr 56 min 06 sec)
Heartbeat CPU 0 instructions: 54000261 cycles: 68299942 heartbeat IPC: 0.3357 cumulative IPC: 0.6753 (Simulation time: 00 hr 56 min 11 sec)
Heartbeat CPU 0 instructions: 54500264 cycles: 70013689 heartbeat IPC: 0.2918 cumulative IPC: 0.6655 (Simulation time: 00 hr 56 min 18 sec)
Heartbeat CPU 0 instructions: 55000266 cycles: 70918197 heartbeat IPC: 0.5528 cumulative IPC: 0.664 (Simulation time: 00 hr 56 min 22 sec)
Heartbeat CPU 0 instructions: 55500270 cycles: 72649121 heartbeat IPC: 0.2889 cumulative IPC: 0.6546 (Simulation time: 00 hr 56 min 29 sec)
Heartbeat CPU 0 instructions: 56000270 cycles: 73442185 heartbeat IPC: 0.6305 cumulative IPC: 0.6544 (Simulation time: 00 hr 56 min 32 sec)
Heartbeat CPU 0 instructions: 56500273 cycles: 75085299 heartbeat IPC: 0.3043 cumulative IPC: 0.6464 (Simulation time: 00 hr 56 min 38 sec)
Heartbeat CPU 0 instructions: 57000273 cycles: 76816983 heartbeat IPC: 0.2887 cumulative IPC: 0.638 (Simulation time: 00 hr 56 min 44 sec)
Heartbeat CPU 0 instructions: 57500277 cycles: 77762336 heartbeat IPC: 0.5289 cumulative IPC: 0.6366 (Simulation time: 00 hr 56 min 47 sec)
Heartbeat CPU 0 instructions: 58000277 cycles: 78982492 heartbeat IPC: 0.4098 cumulative IPC: 0.6329 (Simulation time: 00 hr 59 min 20 sec)
Heartbeat CPU 0 instructions: 58500281 cycles: 79694157 heartbeat IPC: 0.7026 cumulative IPC: 0.6336 (Simulation time: 00 hr 59 min 22 sec)
Heartbeat CPU 0 instructions: 59000283 cycles: 80071103 heartbeat IPC: 1.326 cumulative IPC: 0.637 (Simulation time: 00 hr 59 min 24 sec)
Heartbeat CPU 0 instructions: 59500283 cycles: 80425987 heartbeat IPC: 1.409 cumulative IPC: 0.6405 (Simulation time: 00 hr 59 min 26 sec)
Simulation finished CPU 0 instructions: 50000005 cycles: 78606721 cumulative IPC: 0.6361 (Simulation time: 00 hr 59 min 31 sec)
Simulation complete CPU 0 instructions: 50000005 cycles: 78606721 cumulative IPC: 0.6361 (Simulation time: 00 hr 59 min 31 sec)

ChampSim completed all CPUs

=== Simulation ===
CPU 0 runs traces/charlie_0002.champsim.gz

Region of Interest Statistics

CPU 0 cumulative IPC: 0.6361 instructions: 50000005 cycles: 78606721
CPU 0 Branch Prediction Accuracy: 90.7% MPKI: 17.39 Average ROB Occupancy at Mispredict: 29.37
Branch type MPKI
BRANCH_DIRECT_JUMP: 0.5393
BRANCH_INDIRECT: 0.5511
BRANCH_CONDITIONAL: 14.67
BRANCH_DIRECT_CALL: 0.5491
BRANCH_INDIRECT_CALL: 0.6154
BRANCH_RETURN: 0.4658

cpu0->cpu0_STLB TOTAL        ACCESS:     246386 HIT:     179969 MISS:      66417 MSHR_MERGE:          0
cpu0->cpu0_STLB LOAD         ACCESS:     246386 HIT:     179969 MISS:      66417 MSHR_MERGE:          0
cpu0->cpu0_STLB RFO          ACCESS:          0 HIT:          0 MISS:          0 MSHR_MERGE:          0
cpu0->cpu0_STLB PREFETCH     ACCESS:          0 HIT:          0 MISS:          0 MSHR_MERGE:          0
cpu0->cpu0_STLB WRITE        ACCESS:          0 HIT:          0 MISS:          0 MSHR_MERGE:          0
cpu0->cpu0_STLB TRANSLATION  ACCESS:          0 HIT:          0 MISS:          0 MSHR_MERGE:          0
cpu0->cpu0_STLB PREFETCH REQUESTED:          0 ISSUED:          0 USEFUL:          0 USELESS:          0
cpu0->cpu0_STLB AVERAGE MISS LATENCY: 260.6 cycles
cpu0->cpu0_L2C TOTAL        ACCESS:    1569285 HIT:     918607 MISS:     650678 MSHR_MERGE:      28376
cpu0->cpu0_L2C LOAD         ACCESS:     603724 HIT:     360820 MISS:     242904 MSHR_MERGE:       4842
cpu0->cpu0_L2C RFO          ACCESS:     164504 HIT:      27563 MISS:     136941 MSHR_MERGE:         86
cpu0->cpu0_L2C PREFETCH     ACCESS:     436843 HIT:     201113 MISS:     235730 MSHR_MERGE:      23448
cpu0->cpu0_L2C WRITE        ACCESS:     289089 HIT:     289083 MISS:          6 MSHR_MERGE:          0
cpu0->cpu0_L2C TRANSLATION  ACCESS:      75125 HIT:      40028 MISS:      35097 MSHR_MERGE:          0
cpu0->cpu0_L2C PREFETCH REQUESTED:     160911 ISSUED:     154783 USEFUL:      49778 USELESS:       9820
cpu0->cpu0_L2C AVERAGE MISS LATENCY: 269.2 cycles
cpu0->cpu0_L1I TOTAL        ACCESS:    3077172 HIT:    2711531 MISS:     365641 MSHR_MERGE:      84077
cpu0->cpu0_L1I LOAD         ACCESS:    3077172 HIT:    2711531 MISS:     365641 MSHR_MERGE:      84077
cpu0->cpu0_L1I RFO          ACCESS:          0 HIT:          0 MISS:          0 MSHR_MERGE:          0
cpu0->cpu0_L1I PREFETCH     ACCESS:          0 HIT:          0 MISS:          0 MSHR_MERGE:          0
cpu0->cpu0_L1I WRITE        ACCESS:          0 HIT:          0 MISS:          0 MSHR_MERGE:          0
cpu0->cpu0_L1I TRANSLATION  ACCESS:          0 HIT:          0 MISS:          0 MSHR_MERGE:          0
cpu0->cpu0_L1I PREFETCH REQUESTED:          0 ISSUED:          0 USEFUL:          0 USELESS:          0
cpu0->cpu0_L1I AVERAGE MISS LATENCY: 100 cycles
cpu0->cpu0_L1D TOTAL        ACCESS:   14716115 HIT:   13320285 MISS:    1395830 MSHR_MERGE:     551976
cpu0->cpu0_L1D LOAD         ACCESS:    8640025 HIT:    8191180 MISS:     448845 MSHR_MERGE:     126682
cpu0->cpu0_L1D RFO          ACCESS:          0 HIT:          0 MISS:          0 MSHR_MERGE:          0
cpu0->cpu0_L1D PREFETCH     ACCESS:     446521 HIT:     146331 MISS:     300190 MSHR_MERGE:      18130
cpu0->cpu0_L1D WRITE        ACCESS:    5445917 HIT:    4875182 MISS:     570735 MSHR_MERGE:     406228
cpu0->cpu0_L1D TRANSLATION  ACCESS:     183652 HIT:     107592 MISS:      76060 MSHR_MERGE:        936
cpu0->cpu0_L1D PREFETCH REQUESTED:     483964 ISSUED:     446513 USEFUL:     190104 USELESS:      91933
cpu0->cpu0_L1D AVERAGE MISS LATENCY: 160.4 cycles
cpu0->cpu0_ITLB TOTAL        ACCESS:    2546813 HIT:    2512493 MISS:      34320 MSHR_MERGE:      14005
cpu0->cpu0_ITLB LOAD         ACCESS:    2546813 HIT:    2512493 MISS:      34320 MSHR_MERGE:      14005
cpu0->cpu0_ITLB RFO          ACCESS:          0 HIT:          0 MISS:          0 MSHR_MERGE:          0
cpu0->cpu0_ITLB PREFETCH     ACCESS:          0 HIT:          0 MISS:          0 MSHR_MERGE:          0
cpu0->cpu0_ITLB WRITE        ACCESS:          0 HIT:          0 MISS:          0 MSHR_MERGE:          0
cpu0->cpu0_ITLB TRANSLATION  ACCESS:          0 HIT:          0 MISS:          0 MSHR_MERGE:          0
cpu0->cpu0_ITLB PREFETCH REQUESTED:          0 ISSUED:          0 USEFUL:          0 USELESS:          0
cpu0->cpu0_ITLB AVERAGE MISS LATENCY: 72.48 cycles
cpu0->cpu0_DTLB TOTAL        ACCESS:   13801323 HIT:   13414263 MISS:     387060 MSHR_MERGE:     160989
cpu0->cpu0_DTLB LOAD         ACCESS:   13801323 HIT:   13414263 MISS:     387060 MSHR_MERGE:     160989
cpu0->cpu0_DTLB RFO          ACCESS:          0 HIT:          0 MISS:          0 MSHR_MERGE:          0
cpu0->cpu0_DTLB PREFETCH     ACCESS:          0 HIT:          0 MISS:          0 MSHR_MERGE:          0
cpu0->cpu0_DTLB WRITE        ACCESS:          0 HIT:          0 MISS:          0 MSHR_MERGE:          0
cpu0->cpu0_DTLB TRANSLATION  ACCESS:          0 HIT:          0 MISS:          0 MSHR_MERGE:          0
cpu0->cpu0_DTLB PREFETCH REQUESTED:          0 ISSUED:          0 USEFUL:          0 USELESS:          0
cpu0->cpu0_DTLB AVERAGE MISS LATENCY: 75.8 cycles
cpu0->LLC TOTAL        ACCESS:     856869 HIT:      55002 MISS:     801867 MSHR_MERGE:      11832
cpu0->LLC LOAD         ACCESS:     238062 HIT:      15366 MISS:     222696 MSHR_MERGE:       4849
cpu0->LLC RFO          ACCESS:     136855 HIT:       1021 MISS:     135834 MSHR_MERGE:          5
cpu0->LLC PREFETCH     ACCESS:     212282 HIT:       2994 MISS:     209288 MSHR_MERGE:       6978
cpu0->LLC WRITE        ACCESS:     234573 HIT:      34095 MISS:     200478 MSHR_MERGE:          0
cpu0->LLC TRANSLATION  ACCESS:      35097 HIT:       1526 MISS:      33571 MSHR_MERGE:          0
cpu0->LLC PREFETCH REQUESTED:          0 ISSUED:          0 USEFUL:          0 USELESS:          0
cpu0->LLC AVERAGE MISS LATENCY: 176.4 cycles

DRAM Statistics

Channel 0 RQ ROW_BUFFER_HIT:      28059
  ROW_BUFFER_MISS:     561495
  AVG DBUS CONGESTED CYCLE: 23.48
Channel 0 WQ ROW_BUFFER_HIT:      54986
  ROW_BUFFER_MISS:     198947
  FULL:       3228
Channel 0 REFRESHES ISSUED:       6550
